Step 0 (rcnot l1_l4_i1) (rcnot l0_l4_i3) (rcnot l1_l4_i5) (rcnot l0_l4_i7) (rcnot l4_l5_i11) (rcnot l2_l5_i13) (rcnot l4_l5_i15) (rcnot l2_l5_i17) (rcnot l5_l6_i21) (rcnot l3_l6_i23) (rcnot l5_l6_i25) (rcnot l3_l6_i27) (rcnot l3_l5_i28) (rcnot l3_l5_i30) (rcnot l4_l5_i34) (rcnot l2_l5_i36) (rcnot l4_l5_i38) (rcnot l1_l4_i40) (rcnot l0_l4_i42) (rcnot l1_l4_i44) (rcnot l0_l4_i46) (rcnot l2_l5_i50) (NOT-occupied_pqubit p0) (NOT-occupied_pqubit p1) (NOT-occupied_pqubit p2) (NOT-occupied_pqubit p3) (NOT-occupied_pqubit p4) (NOT-occupied_pqubit p6) (NOT-occupied_pqubit p8) (NOT-occupied_pqubit p9) (NOT-occupied_pqubit p10) (NOT-occupied_pqubit p12) (NOT-initialized p0) (NOT-initialized p1) (NOT-initialized p2) (NOT-initialized p3) (NOT-initialized p4) (NOT-initialized p5) (NOT-initialized p6) (NOT-initialized p7) (NOT-initialized p8) (NOT-initialized p9) (NOT-initialized p10) (NOT-initialized p11) (NOT-initialized p12) (NOT-initialized p13)
size: 18
apply_cnot_l1_l4_i1 p1 p0 :: cost: 1
    add: (mapped l1 p1) (mapped l4 p0) (NOT-rcnot l1_l4_i1)
    del: (rcnot l1_l4_i1) (NOT-occupied_pqubit p0) (NOT-occupied_pqubit p1) (NOT-initialized p0) (NOT-initialized p1)
apply_cnot_l1_l4_i1 p1 p2 :: cost: 1
    add: (mapped l1 p1) (NOT-rcnot l1_l4_i1) (mapped l4 p2)
    del: (rcnot l1_l4_i1) (NOT-occupied_pqubit p1) (NOT-occupied_pqubit p2) (NOT-initialized p1) (NOT-initialized p2)
apply_cnot_l1_l4_i1 p2 p3 :: cost: 1
    add: (NOT-rcnot l1_l4_i1) (mapped l1 p2) (mapped l4 p3)
    del: (rcnot l1_l4_i1) (NOT-occupied_pqubit p2) (NOT-occupied_pqubit p3) (NOT-initialized p2) (NOT-initialized p3)
apply_cnot_l1_l4_i1 p4 p3 :: cost: 1
    add: (NOT-rcnot l1_l4_i1) (mapped l4 p3) (mapped l1 p4)
    del: (rcnot l1_l4_i1) (NOT-occupied_pqubit p3) (NOT-occupied_pqubit p4) (NOT-initialized p3) (NOT-initialized p4)
apply_cnot_l1_l4_i1 p4 p10 :: cost: 1
    add: (NOT-rcnot l1_l4_i1) (mapped l1 p4) (mapped l4 p10)
    del: (rcnot l1_l4_i1) (NOT-occupied_pqubit p4) (NOT-occupied_pqubit p10) (NOT-initialized p4) (NOT-initialized p10)
apply_cnot_l1_l4_i1 p5 p4 :: cost: 1
    add: (NOT-rcnot l1_l4_i1) (mapped l1 p5) (mapped l4 p4)
    del: (rcnot l1_l4_i1) (NOT-occupied_pqubit p4) (NOT-initialized p4) (NOT-initialized p5)
apply_cnot_l1_l4_i1 p5 p6 :: cost: 1
    add: (NOT-rcnot l1_l4_i1) (mapped l1 p5) (mapped l4 p6)
    del: (rcnot l1_l4_i1) (NOT-occupied_pqubit p6) (NOT-initialized p5) (NOT-initialized p6)
apply_cnot_l1_l4_i1 p5 p9 :: cost: 1
    add: (NOT-rcnot l1_l4_i1) (mapped l1 p5) (mapped l4 p9)
    del: (rcnot l1_l4_i1) (NOT-occupied_pqubit p9) (NOT-initialized p5) (NOT-initialized p9)
apply_cnot_l1_l4_i1 p6 p8 :: cost: 1
    add: (NOT-rcnot l1_l4_i1) (mapped l1 p6) (mapped l4 p8)
    del: (rcnot l1_l4_i1) (NOT-occupied_pqubit p6) (NOT-occupied_pqubit p8) (NOT-initialized p6) (NOT-initialized p8)
apply_cnot_l1_l4_i1 p7 p8 :: cost: 1
    add: (NOT-rcnot l1_l4_i1) (mapped l4 p8) (mapped l1 p7)
    del: (rcnot l1_l4_i1) (NOT-occupied_pqubit p8) (NOT-initialized p7) (NOT-initialized p8)
apply_cnot_l1_l4_i1 p9 p8 :: cost: 1
    add: (NOT-rcnot l1_l4_i1) (mapped l4 p8) (mapped l1 p9)
    del: (rcnot l1_l4_i1) (NOT-occupied_pqubit p8) (NOT-occupied_pqubit p9) (NOT-initialized p8) (NOT-initialized p9)
apply_cnot_l1_l4_i1 p9 p10 :: cost: 1
    add: (NOT-rcnot l1_l4_i1) (mapped l4 p10) (mapped l1 p9)
    del: (rcnot l1_l4_i1) (NOT-occupied_pqubit p9) (NOT-occupied_pqubit p10) (NOT-initialized p9) (NOT-initialized p10)
apply_cnot_l1_l4_i1 p11 p3 :: cost: 1
    add: (NOT-rcnot l1_l4_i1) (mapped l4 p3) (mapped l1 p11)
    del: (rcnot l1_l4_i1) (NOT-occupied_pqubit p3) (NOT-initialized p3) (NOT-initialized p11)
apply_cnot_l1_l4_i1 p11 p10 :: cost: 1
    add: (NOT-rcnot l1_l4_i1) (mapped l4 p10) (mapped l1 p11)
    del: (rcnot l1_l4_i1) (NOT-occupied_pqubit p10) (NOT-initialized p10) (NOT-initialized p11)
apply_cnot_l1_l4_i1 p11 p12 :: cost: 1
    add: (NOT-rcnot l1_l4_i1) (mapped l1 p11) (mapped l4 p12)
    del: (rcnot l1_l4_i1) (NOT-occupied_pqubit p12) (NOT-initialized p11) (NOT-initialized p12)
apply_cnot_l1_l4_i1 p12 p2 :: cost: 1
    add: (NOT-rcnot l1_l4_i1) (mapped l4 p2) (mapped l1 p12)
    del: (rcnot l1_l4_i1) (NOT-occupied_pqubit p2) (NOT-occupied_pqubit p12) (NOT-initialized p2) (NOT-initialized p12)
apply_cnot_l1_l4_i1 p13 p1 :: cost: 1
    add: (NOT-rcnot l1_l4_i1) (mapped l1 p13) (mapped l4 p1)
    del: (rcnot l1_l4_i1) (NOT-occupied_pqubit p1) (NOT-initialized p1) (NOT-initialized p13)
apply_cnot_l1_l4_i1 p13 p12 :: cost: 1
    add: (NOT-rcnot l1_l4_i1) (mapped l4 p12) (mapped l1 p13)
    del: (rcnot l1_l4_i1) (NOT-occupied_pqubit p12) (NOT-initialized p12) (NOT-initialized p13)
Step 1 (rcnot l0_l4_i3) (rcnot l1_l4_i5) (rcnot l0_l4_i7) (rcnot l4_l5_i11) (rcnot l2_l5_i13) (rcnot l4_l5_i15) (rcnot l2_l5_i17) (rcnot l5_l6_i21) (rcnot l3_l6_i23) (rcnot l5_l6_i25) (rcnot l3_l6_i27) (rcnot l3_l5_i28) (rcnot l3_l5_i30) (rcnot l4_l5_i34) (rcnot l2_l5_i36) (rcnot l4_l5_i38) (rcnot l1_l4_i40) (rcnot l0_l4_i42) (rcnot l1_l4_i44) (rcnot l0_l4_i46) (rcnot l2_l5_i50) (NOT-occupied_pqubit p2) (NOT-occupied_pqubit p3) (NOT-occupied_pqubit p4) (NOT-occupied_pqubit p6) (NOT-occupied_pqubit p8) (NOT-occupied_pqubit p9) (NOT-occupied_pqubit p10) (NOT-occupied_pqubit p12) (NOT-initialized p2) (NOT-initialized p3) (NOT-initialized p4) (NOT-initialized p5) (NOT-initialized p6) (NOT-initialized p7) (NOT-initialized p8) (NOT-initialized p9) (NOT-initialized p10) (NOT-initialized p11) (NOT-initialized p12) (NOT-initialized p13) (mapped l1 p1) (mapped l4 p0) (NOT-rcnot l1_l4_i1)
size: 2
swap l1 l4 p1 p0 :: cost: 1
    add: (mapped l4 p1) (mapped l1 p0)
    del: (mapped l1 p1) (mapped l4 p0)
swap-ancilary l1 p1 p2 :: cost: 1
    add: (NOT-occupied_pqubit p1) (mapped l1 p2)
    del: (NOT-occupied_pqubit p2) (NOT-initialized p2) (mapped l1 p1)
Step 2 (rcnot l0_l4_i3) (rcnot l1_l4_i5) (rcnot l0_l4_i7) (rcnot l4_l5_i11) (rcnot l2_l5_i13) (rcnot l4_l5_i15) (rcnot l2_l5_i17) (rcnot l5_l6_i21) (rcnot l3_l6_i23) (rcnot l5_l6_i25) (rcnot l3_l6_i27) (rcnot l3_l5_i28) (rcnot l3_l5_i30) (rcnot l4_l5_i34) (rcnot l2_l5_i36) (rcnot l4_l5_i38) (rcnot l1_l4_i40) (rcnot l0_l4_i42) (rcnot l1_l4_i44) (rcnot l0_l4_i46) (rcnot l2_l5_i50) (NOT-occupied_pqubit p1) (NOT-occupied_pqubit p3) (NOT-occupied_pqubit p4) (NOT-occupied_pqubit p6) (NOT-occupied_pqubit p8) (NOT-occupied_pqubit p9) (NOT-occupied_pqubit p10) (NOT-occupied_pqubit p12) (NOT-initialized p3) (NOT-initialized p4) (NOT-initialized p5) (NOT-initialized p6) (NOT-initialized p7) (NOT-initialized p8) (NOT-initialized p9) (NOT-initialized p10) (NOT-initialized p11) (NOT-initialized p12) (NOT-initialized p13) (mapped l4 p0) (NOT-rcnot l1_l4_i1) (mapped l1 p2)
size: 1
swap-ancilary l1 p2 p3 :: cost: 1
    add: (NOT-occupied_pqubit p2) (mapped l1 p3)
    del: (NOT-occupied_pqubit p3) (NOT-initialized p3) (mapped l1 p2)
Step 3 (rcnot l0_l4_i3) (rcnot l1_l4_i5) (rcnot l0_l4_i7) (rcnot l4_l5_i11) (rcnot l2_l5_i13) (rcnot l4_l5_i15) (rcnot l2_l5_i17) (rcnot l5_l6_i21) (rcnot l3_l6_i23) (rcnot l5_l6_i25) (rcnot l3_l6_i27) (rcnot l3_l5_i28) (rcnot l3_l5_i30) (rcnot l4_l5_i34) (rcnot l2_l5_i36) (rcnot l4_l5_i38) (rcnot l1_l4_i40) (rcnot l0_l4_i42) (rcnot l1_l4_i44) (rcnot l0_l4_i46) (rcnot l2_l5_i50) (NOT-occupied_pqubit p1) (NOT-occupied_pqubit p2) (NOT-occupied_pqubit p4) (NOT-occupied_pqubit p6) (NOT-occupied_pqubit p8) (NOT-occupied_pqubit p9) (NOT-occupied_pqubit p10) (NOT-occupied_pqubit p12) (NOT-initialized p4) (NOT-initialized p5) (NOT-initialized p6) (NOT-initialized p7) (NOT-initialized p8) (NOT-initialized p9) (NOT-initialized p10) (NOT-initialized p11) (NOT-initialized p12) (NOT-initialized p13) (mapped l4 p0) (NOT-rcnot l1_l4_i1) (mapped l1 p3)
size: 0
