Monotonicity invariants:
< {rcnot V0:gateid}
, {rcnot C0:gateid}
, {NOT-initialized V0:pqubit}
, {NOT-initialized C0:pqubit}
, {mapped V0:lqubit C1:pqubit, rcnot C2:gateid}
, {mapped V0:lqubit C1:pqubit, NOT-initialized C2:pqubit}
, {rcnot V0:gateid, NOT-rcnot V0:gateid}
, {rcnot C0:gateid, NOT-rcnot C1:gateid}
, {rcnot C1:gateid, NOT-rcnot V0:gateid}
, {rcnot V0:gateid, NOT-initialized C1:pqubit, NOT-rcnot V0:gateid}
, {rcnot C0:gateid, NOT-initialized C1:pqubit, NOT-rcnot C2:gateid}
, {rcnot C1:gateid, NOT-initialized C2:pqubit, NOT-rcnot V0:gateid}
>
FD Mutex Groups:
< {rcnot V0:gateid}
, {NOT-initialized V0:pqubit}
, {rcnot V0:gateid, NOT-rcnot V0:gateid}:=1
>
FD Goal aware:
< {rcnot l1_l4_i1, NOT-rcnot l1_l4_i1}:=1
, {rcnot l0_l4_i3, NOT-rcnot l0_l4_i3}:=1
, {rcnot l1_l4_i5, NOT-rcnot l1_l4_i5}:=1
, {rcnot l0_l4_i7, NOT-rcnot l0_l4_i7}:=1
, {rcnot l4_l5_i11, NOT-rcnot l4_l5_i11}:=1
, {rcnot l2_l5_i13, NOT-rcnot l2_l5_i13}:=1
, {rcnot l4_l5_i15, NOT-rcnot l4_l5_i15}:=1
, {rcnot l2_l5_i17, NOT-rcnot l2_l5_i17}:=1
, {rcnot l5_l6_i21, NOT-rcnot l5_l6_i21}:=1
, {rcnot l3_l6_i23, NOT-rcnot l3_l6_i23}:=1
, {rcnot l5_l6_i25, NOT-rcnot l5_l6_i25}:=1
, {rcnot l3_l6_i27, NOT-rcnot l3_l6_i27}:=1
, {rcnot l3_l5_i28, NOT-rcnot l3_l5_i28}:=1
, {rcnot l3_l5_i30, NOT-rcnot l3_l5_i30}:=1
, {rcnot l4_l5_i34, NOT-rcnot l4_l5_i34}:=1
, {rcnot l2_l5_i36, NOT-rcnot l2_l5_i36}:=1
, {rcnot l4_l5_i38, NOT-rcnot l4_l5_i38}:=1
, {rcnot l1_l4_i40, NOT-rcnot l1_l4_i40}:=1
, {rcnot l0_l4_i42, NOT-rcnot l0_l4_i42}:=1
, {rcnot l1_l4_i44, NOT-rcnot l1_l4_i44}:=1
, {rcnot l0_l4_i46, NOT-rcnot l0_l4_i46}:=1
, {rcnot l2_l5_i50, NOT-rcnot l2_l5_i50}:=1
>
