h2fwbw: facts: 166, ops: 1266, goal-unreachable: 0
removed facts [4]:
  (NOT-occupied_pqubit p11)
  (NOT-occupied_pqubit p13)
  (NOT-occupied_pqubit p5)
  (NOT-occupied_pqubit p7)
removed ops [12]:
  (apply_cnot_l0_l4_i3 p1 p0)
  (apply_cnot_l2_l5_i13 p1 p0)
  (apply_cnot_l3_l6_i23 p1 p0)
  (apply_cnot_l4_l5_i11 p7 p8)
  (apply_cnot_l5_l6_i21 p7 p8)
  (swap-ancilary l0 p7 p8)
  (swap-ancilary l1 p7 p8)
  (swap-ancilary l2 p7 p8)
  (swap-ancilary l3 p7 p8)
  (swap-ancilary l4 p7 p8)
  (swap-ancilary l5 p7 p8)
  (swap-ancilary l6 p7 p8)
num mutex pairs: 1845
