Domain: pipesworld_strips
Problem: p10-net1-b14-g8_rt0_instance
Require:
  :strips
  :typing
Type:
  area - object
  batch-atom - object
  object
  pipe - object
  product - object
  tank-slot - object
Obj:
  a1 - area
  a2 - area
  a3 - area
  b0 - batch-atom
  b1 - batch-atom
  b10 - batch-atom
  b11 - batch-atom
  b12 - batch-atom
  b13 - batch-atom
  b2 - batch-atom
  b3 - batch-atom
  b4 - batch-atom
  b5 - batch-atom
  b6 - batch-atom
  b7 - batch-atom
  b8 - batch-atom
  b9 - batch-atom
  gasoleo - product :constant
  lco - product :constant
  oc1b - product :constant
  oca1 - product :constant
  rat-a - product :constant
  s12 - pipe
  s13 - pipe
  ta1-1-gasoleo - tank-slot
  ta1-1-lco - tank-slot
  ta1-1-oca1 - tank-slot
  ta1-1-rat-a - tank-slot
  ta1-2-lco - tank-slot
  ta1-2-oca1 - tank-slot
  ta1-2-rat-a - tank-slot
  ta1-3-lco - tank-slot
  ta2-1-gasoleo - tank-slot
  ta2-1-lco - tank-slot
  ta2-1-oca1 - tank-slot
  ta2-1-rat-a - tank-slot
  ta2-2-lco - tank-slot
  ta2-2-oca1 - tank-slot
  ta2-2-rat-a - tank-slot
  ta2-3-lco - tank-slot
  ta3-1-gasoleo - tank-slot
  ta3-1-lco - tank-slot
  ta3-1-oca1 - tank-slot
  ta3-1-rat-a - tank-slot
  ta3-2-lco - tank-slot
  ta3-2-oca1 - tank-slot
  ta3-2-rat-a - tank-slot
  ta3-3-lco - tank-slot
Predicate:
  (= object object) :eq
  (connect area area pipe)
  (first batch-atom pipe)
  (is-product batch-atom product)
  (may-interface product product)
  (not-occupied tank-slot)
  (occupied tank-slot)
  (on batch-atom area)
  (tank-slot-product-location tank-slot product area)
  (unitary pipe)
Function:
Action:
  pop-unitarypipe: ?pipe - pipe ?batch-atom-in - batch-atom ?from-area - area ?to-area - area ?first-batch-atom - batch-atom ?product-batch-atom-in - product ?product-first-batch - product ?from-tank-slot - tank-slot ?to-tank-slot - tank-slot
      pre: (and (connect ?from-area ?to-area ?pipe) (first ?first-batch-atom ?pipe) (is-product ?batch-atom-in ?product-batch-atom-in) (is-product ?first-batch-atom ?product-first-batch) (may-interface ?product-batch-atom-in ?product-first-batch) (not-occupied ?from-tank-slot) (occupied ?to-tank-slot) (on ?batch-atom-in ?to-area) (tank-slot-product-location ?from-tank-slot ?product-first-batch ?from-area) (tank-slot-product-location ?to-tank-slot ?product-batch-atom-in ?to-area) (unitary ?pipe))
      eff: (and (first ?batch-atom-in ?pipe) (not (first ?first-batch-atom ?pipe)) (not (not-occupied ?from-tank-slot)) (not (occupied ?to-tank-slot)) (not (on ?batch-atom-in ?to-area)) (not-occupied ?to-tank-slot) (occupied ?from-tank-slot) (on ?first-batch-atom ?from-area))
  push-unitarypipe: ?pipe - pipe ?batch-atom-in - batch-atom ?from-area - area ?to-area - area ?first-batch-atom - batch-atom ?product-batch-atom-in - product ?product-first-batch - product ?from-tank-slot - tank-slot ?to-tank-slot - tank-slot
      pre: (and (connect ?from-area ?to-area ?pipe) (first ?first-batch-atom ?pipe) (is-product ?batch-atom-in ?product-batch-atom-in) (is-product ?first-batch-atom ?product-first-batch) (may-interface ?product-batch-atom-in ?product-first-batch) (not-occupied ?to-tank-slot) (occupied ?from-tank-slot) (on ?batch-atom-in ?from-area) (tank-slot-product-location ?from-tank-slot ?product-batch-atom-in ?from-area) (tank-slot-product-location ?to-tank-slot ?product-first-batch ?to-area) (unitary ?pipe))
      eff: (and (first ?batch-atom-in ?pipe) (not (first ?first-batch-atom ?pipe)) (not (not-occupied ?to-tank-slot)) (not (occupied ?from-tank-slot)) (not (on ?batch-atom-in ?from-area)) (not-occupied ?from-tank-slot) (occupied ?to-tank-slot) (on ?first-batch-atom ?to-area))
Init:
  (connect a1 a2 s12)
  (connect a1 a3 s13)
  (first b2 s12)
  (first b7 s13)
  (is-product b0 lco)
  (is-product b1 lco)
  (is-product b10 oca1)
  (is-product b11 gasoleo)
  (is-product b12 rat-a)
  (is-product b13 rat-a)
  (is-product b2 gasoleo)
  (is-product b3 lco)
  (is-product b4 lco)
  (is-product b5 oca1)
  (is-product b6 lco)
  (is-product b7 oca1)
  (is-product b8 rat-a)
  (is-product b9 rat-a)
  (may-interface gasoleo gasoleo)
  (may-interface gasoleo lco)
  (may-interface gasoleo oc1b)
  (may-interface gasoleo oca1)
  (may-interface gasoleo rat-a)
  (may-interface lco gasoleo)
  (may-interface lco lco)
  (may-interface lco oc1b)
  (may-interface lco oca1)
  (may-interface lco rat-a)
  (may-interface oc1b gasoleo)
  (may-interface oc1b lco)
  (may-interface oc1b oc1b)
  (may-interface oc1b oca1)
  (may-interface oca1 gasoleo)
  (may-interface oca1 lco)
  (may-interface oca1 oc1b)
  (may-interface oca1 oca1)
  (may-interface rat-a gasoleo)
  (may-interface rat-a lco)
  (may-interface rat-a rat-a)
  (not-occupied ta1-1-gasoleo)
  (not-occupied ta1-1-oca1)
  (not-occupied ta1-1-rat-a)
  (not-occupied ta1-2-lco)
  (not-occupied ta1-2-oca1)
  (not-occupied ta1-2-rat-a)
  (not-occupied ta1-3-lco)
  (not-occupied ta3-1-gasoleo)
  (not-occupied ta3-1-oca1)
  (not-occupied ta3-2-lco)
  (not-occupied ta3-2-oca1)
  (not-occupied ta3-3-lco)
  (occupied ta1-1-lco)
  (occupied ta2-1-gasoleo)
  (occupied ta2-1-lco)
  (occupied ta2-1-oca1)
  (occupied ta2-1-rat-a)
  (occupied ta2-2-lco)
  (occupied ta2-2-oca1)
  (occupied ta2-2-rat-a)
  (occupied ta2-3-lco)
  (occupied ta3-1-lco)
  (occupied ta3-1-rat-a)
  (occupied ta3-2-rat-a)
  (on b0 a1)
  (on b1 a2)
  (on b10 a2)
  (on b11 a2)
  (on b12 a3)
  (on b13 a2)
  (on b3 a3)
  (on b4 a2)
  (on b5 a2)
  (on b6 a2)
  (on b8 a3)
  (on b9 a2)
  (tank-slot-product-location ta1-1-gasoleo gasoleo a1)
  (tank-slot-product-location ta1-1-lco lco a1)
  (tank-slot-product-location ta1-1-oca1 oca1 a1)
  (tank-slot-product-location ta1-1-rat-a rat-a a1)
  (tank-slot-product-location ta1-2-lco lco a1)
  (tank-slot-product-location ta1-2-oca1 oca1 a1)
  (tank-slot-product-location ta1-2-rat-a rat-a a1)
  (tank-slot-product-location ta1-3-lco lco a1)
  (tank-slot-product-location ta2-1-gasoleo gasoleo a2)
  (tank-slot-product-location ta2-1-lco lco a2)
  (tank-slot-product-location ta2-1-oca1 oca1 a2)
  (tank-slot-product-location ta2-1-rat-a rat-a a2)
  (tank-slot-product-location ta2-2-lco lco a2)
  (tank-slot-product-location ta2-2-oca1 oca1 a2)
  (tank-slot-product-location ta2-2-rat-a rat-a a2)
  (tank-slot-product-location ta2-3-lco lco a2)
  (tank-slot-product-location ta3-1-gasoleo gasoleo a3)
  (tank-slot-product-location ta3-1-lco lco a3)
  (tank-slot-product-location ta3-1-oca1 oca1 a3)
  (tank-slot-product-location ta3-1-rat-a rat-a a3)
  (tank-slot-product-location ta3-2-lco lco a3)
  (tank-slot-product-location ta3-2-oca1 oca1 a3)
  (tank-slot-product-location ta3-2-rat-a rat-a a3)
  (tank-slot-product-location ta3-3-lco lco a3)
  (unitary s12)
  (unitary s13)
Goal:
  (and (on b0 a2) (on b10 a3) (on b12 a2) (on b4 a1) (on b5 a1) (on b6 a1) (on b8 a2) (on b9 a3))
Metric:
Pred prop:
  (connect area area pipe): in_init in_pre
  (first batch-atom pipe): in_init in_pre in_eff
  (is-product batch-atom product): in_init in_pre
  (may-interface product product): in_init in_pre
  (not-occupied tank-slot): in_init in_pre in_eff
  (occupied tank-slot): in_init in_pre in_eff
  (on batch-atom area): in_init in_pre in_goal in_eff
  (tank-slot-product-location tank-slot product area): in_init in_pre
  (unitary pipe): in_init in_pre
Func prop:
Global prop:
  is_unit_cost
