Require:
  - :equality
Predicate:
  + (equal object object)
Action:
  - pop-unitarypipe: ?pipe - pipe ?batch-atom-in - batch-atom ?from-area - area ?to-area - area ?first-batch-atom - batch-atom ?product-batch-atom-in - product ?product-first-batch - product ?from-tank-slot - tank-slot ?to-tank-slot - tank-slot
      pre: (and (connect ?from-area ?to-area ?pipe) (first ?first-batch-atom ?pipe) (is-product ?batch-atom-in ?product-batch-atom-in) (is-product ?first-batch-atom ?product-first-batch) (may-interface ?product-batch-atom-in ?product-first-batch) (not (= ?batch-atom-in ?first-batch-atom)) (not (= ?from-tank-slot ?to-tank-slot)) (not-occupied ?from-tank-slot) (occupied ?to-tank-slot) (on ?batch-atom-in ?to-area) (tank-slot-product-location ?from-tank-slot ?product-first-batch ?from-area) (tank-slot-product-location ?to-tank-slot ?product-batch-atom-in ?to-area) (unitary ?pipe))
      eff: (and (first ?batch-atom-in ?pipe) (not (first ?first-batch-atom ?pipe)) (not (not-occupied ?from-tank-slot)) (not (occupied ?to-tank-slot)) (not (on ?batch-atom-in ?to-area)) (not-occupied ?to-tank-slot) (occupied ?from-tank-slot) (on ?first-batch-atom ?from-area))
  + pop-unitarypipe: ?pipe - pipe ?batch-atom-in - batch-atom ?from-area - area ?to-area - area ?first-batch-atom - batch-atom ?product-batch-atom-in - product ?product-first-batch - product ?from-tank-slot - tank-slot ?to-tank-slot - tank-slot
      pre: (and (connect ?from-area ?to-area ?pipe) (first ?first-batch-atom ?pipe) (is-product ?batch-atom-in ?product-batch-atom-in) (is-product ?first-batch-atom ?product-first-batch) (may-interface ?product-batch-atom-in ?product-first-batch) (not (equal ?batch-atom-in ?first-batch-atom)) (not (equal ?from-tank-slot ?to-tank-slot)) (not-occupied ?from-tank-slot) (occupied ?to-tank-slot) (on ?batch-atom-in ?to-area) (tank-slot-product-location ?from-tank-slot ?product-first-batch ?from-area) (tank-slot-product-location ?to-tank-slot ?product-batch-atom-in ?to-area) (unitary ?pipe))
      eff: (and (first ?batch-atom-in ?pipe) (not (first ?first-batch-atom ?pipe)) (not (not-occupied ?from-tank-slot)) (not (occupied ?to-tank-slot)) (not (on ?batch-atom-in ?to-area)) (not-occupied ?to-tank-slot) (occupied ?from-tank-slot) (on ?first-batch-atom ?from-area))
  - push-unitarypipe: ?pipe - pipe ?batch-atom-in - batch-atom ?from-area - area ?to-area - area ?first-batch-atom - batch-atom ?product-batch-atom-in - product ?product-first-batch - product ?from-tank-slot - tank-slot ?to-tank-slot - tank-slot
      pre: (and (connect ?from-area ?to-area ?pipe) (first ?first-batch-atom ?pipe) (is-product ?batch-atom-in ?product-batch-atom-in) (is-product ?first-batch-atom ?product-first-batch) (may-interface ?product-batch-atom-in ?product-first-batch) (not (= ?batch-atom-in ?first-batch-atom)) (not (= ?from-tank-slot ?to-tank-slot)) (not-occupied ?to-tank-slot) (occupied ?from-tank-slot) (on ?batch-atom-in ?from-area) (tank-slot-product-location ?from-tank-slot ?product-batch-atom-in ?from-area) (tank-slot-product-location ?to-tank-slot ?product-first-batch ?to-area) (unitary ?pipe))
      eff: (and (first ?batch-atom-in ?pipe) (not (first ?first-batch-atom ?pipe)) (not (not-occupied ?to-tank-slot)) (not (occupied ?from-tank-slot)) (not (on ?batch-atom-in ?from-area)) (not-occupied ?from-tank-slot) (occupied ?to-tank-slot) (on ?first-batch-atom ?to-area))
  + push-unitarypipe: ?pipe - pipe ?batch-atom-in - batch-atom ?from-area - area ?to-area - area ?first-batch-atom - batch-atom ?product-batch-atom-in - product ?product-first-batch - product ?from-tank-slot - tank-slot ?to-tank-slot - tank-slot
      pre: (and (connect ?from-area ?to-area ?pipe) (first ?first-batch-atom ?pipe) (is-product ?batch-atom-in ?product-batch-atom-in) (is-product ?first-batch-atom ?product-first-batch) (may-interface ?product-batch-atom-in ?product-first-batch) (not (equal ?batch-atom-in ?first-batch-atom)) (not (equal ?from-tank-slot ?to-tank-slot)) (not-occupied ?to-tank-slot) (occupied ?from-tank-slot) (on ?batch-atom-in ?from-area) (tank-slot-product-location ?from-tank-slot ?product-batch-atom-in ?from-area) (tank-slot-product-location ?to-tank-slot ?product-first-batch ?to-area) (unitary ?pipe))
      eff: (and (first ?batch-atom-in ?pipe) (not (first ?first-batch-atom ?pipe)) (not (not-occupied ?to-tank-slot)) (not (occupied ?from-tank-slot)) (not (on ?batch-atom-in ?from-area)) (not-occupied ?from-tank-slot) (occupied ?to-tank-slot) (on ?first-batch-atom ?to-area))
Init:
  + (equal b0 b0)
  + (equal b1 b1)
  + (equal b10 b10)
  + (equal b11 b11)
  + (equal b12 b12)
  + (equal b13 b13)
  + (equal b2 b2)
  + (equal b3 b3)
  + (equal b4 b4)
  + (equal b5 b5)
  + (equal b6 b6)
  + (equal b7 b7)
  + (equal b8 b8)
  + (equal b9 b9)
  + (equal ta1-1-gasoleo ta1-1-gasoleo)
  + (equal ta1-1-lco ta1-1-lco)
  + (equal ta1-1-oca1 ta1-1-oca1)
  + (equal ta1-1-rat-a ta1-1-rat-a)
  + (equal ta1-2-lco ta1-2-lco)
  + (equal ta1-2-oca1 ta1-2-oca1)
  + (equal ta1-2-rat-a ta1-2-rat-a)
  + (equal ta1-3-lco ta1-3-lco)
  + (equal ta2-1-gasoleo ta2-1-gasoleo)
  + (equal ta2-1-lco ta2-1-lco)
  + (equal ta2-1-oca1 ta2-1-oca1)
  + (equal ta2-1-rat-a ta2-1-rat-a)
  + (equal ta2-2-lco ta2-2-lco)
  + (equal ta2-2-oca1 ta2-2-oca1)
  + (equal ta2-2-rat-a ta2-2-rat-a)
  + (equal ta2-3-lco ta2-3-lco)
  + (equal ta3-1-gasoleo ta3-1-gasoleo)
  + (equal ta3-1-lco ta3-1-lco)
  + (equal ta3-1-oca1 ta3-1-oca1)
  + (equal ta3-1-rat-a ta3-1-rat-a)
  + (equal ta3-2-lco ta3-2-lco)
  + (equal ta3-2-oca1 ta3-2-oca1)
  + (equal ta3-2-rat-a ta3-2-rat-a)
  + (equal ta3-3-lco ta3-3-lco)
Pred prop:
  - (= object object): in_pre in_pre_neg
  + (equal object object): in_init in_pre in_pre_neg
