Domain: farmland
Problem: instance_2_600_1229_ladder
Require: 117
Type[2]:
    [0]: object, parent: -1
    [1]: farm, parent: 0
Obj-by-Type:
    [0]: 0 1
    [1]: 0 1
Obj[2]:
    [0]: farm0, type: 1, is-constant: 0, is-private: 0, owner: -1, is-agent: 0
    [1]: farm1, type: 1, is-constant: 0, is-private: 0, owner: -1, is-agent: 0
Predicate[2]:
    =: 0 0 :: read: 1, write: 0, in-init: 0
    adj: 1 1 :: read: 1, write: 0, in-init: 1
Function[1]:
    x: 1 :: read: 1, write: 1, in-init: 1
Action[2]:
    move-fast: ?f1:1 ?f2:1
        pre: (and (N:R:= ?f1 ?f2) (R:adj ?f1 ?f2) (>= (x ?f1) 4))
        eff: (and (decrease (x ?f1) 4) (increase (x ?f2) 2))
    move-slow: ?f1:1 ?f2:1
        pre: (and (N:R:= ?f1 ?f2) (R:adj ?f1 ?f2) (>= (x ?f1) 1))
        eff: (and (decrease (x ?f1) 1) (increase (x ?f2) 1))
Init[2]:
  S:(adj farm0 farm1)
  S:(adj farm1 farm0)
Init[2]:
  (= (x farm0) 600)
  (= (x farm1) 1)
Goal: (and (>= (x farm0) 1) (>= (x farm1) 1) (>= (+ (x farm0) (* 1.700000 (x farm1))) 840))
Metric: no-metric
