Step 0 (at player-01 pos-2-2) (at stone-01 pos-4-3) (at stone-02 pos-5-3) (at stone-03 pos-3-4) (at stone-04 pos-6-4) (at stone-05 pos-3-5) (at stone-06 pos-6-5) (at stone-07 pos-4-6) (at stone-08 pos-5-6) (clear pos-2-3) (clear pos-2-4) (clear pos-2-5) (clear pos-2-6) (clear pos-2-7) (clear pos-3-2) (clear pos-3-3) (clear pos-3-6) (clear pos-3-7) (clear pos-4-2) (clear pos-4-4) (clear pos-4-5) (clear pos-4-7) (clear pos-5-2) (clear pos-5-4) (clear pos-5-5) (clear pos-5-7) (clear pos-6-2) (clear pos-6-3) (clear pos-6-6) (clear pos-6-7) (clear pos-7-2) (clear pos-7-3) (clear pos-7-4) (clear pos-7-5) (clear pos-7-6) (clear pos-7-7)
size: 2
move player-01 pos-2-2 pos-2-3 dir-down :: cost: 0
    add: (at player-01 pos-2-3) (clear pos-2-2)
    del: (at player-01 pos-2-2) (clear pos-2-3)
move player-01 pos-2-2 pos-3-2 dir-right :: cost: 0
    add: (clear pos-2-2) (at player-01 pos-3-2)
    del: (at player-01 pos-2-2) (clear pos-3-2)
Step 1 (at stone-01 pos-4-3) (at stone-02 pos-5-3) (at stone-03 pos-3-4) (at stone-04 pos-6-4) (at stone-05 pos-3-5) (at stone-06 pos-6-5) (at stone-07 pos-4-6) (at stone-08 pos-5-6) (clear pos-2-4) (clear pos-2-5) (clear pos-2-6) (clear pos-2-7) (clear pos-3-2) (clear pos-3-3) (clear pos-3-6) (clear pos-3-7) (clear pos-4-2) (clear pos-4-4) (clear pos-4-5) (clear pos-4-7) (clear pos-5-2) (clear pos-5-4) (clear pos-5-5) (clear pos-5-7) (clear pos-6-2) (clear pos-6-3) (clear pos-6-6) (clear pos-6-7) (clear pos-7-2) (clear pos-7-3) (clear pos-7-4) (clear pos-7-5) (clear pos-7-6) (clear pos-7-7) (at player-01 pos-2-3) (clear pos-2-2)
size: 3
move player-01 pos-2-3 pos-2-2 dir-up :: cost: 0
    add: (at player-01 pos-2-2) (clear pos-2-3)
    del: (at player-01 pos-2-3) (clear pos-2-2)
move player-01 pos-2-3 pos-2-4 dir-down :: cost: 0
    add: (clear pos-2-3) (at player-01 pos-2-4)
    del: (clear pos-2-4) (at player-01 pos-2-3)
move player-01 pos-2-3 pos-3-3 dir-right :: cost: 0
    add: (clear pos-2-3) (at player-01 pos-3-3)
    del: (clear pos-3-3) (at player-01 pos-2-3)
Step 2 (at stone-01 pos-4-3) (at stone-02 pos-5-3) (at stone-03 pos-3-4) (at stone-04 pos-6-4) (at stone-05 pos-3-5) (at stone-06 pos-6-5) (at stone-07 pos-4-6) (at stone-08 pos-5-6) (clear pos-2-3) (clear pos-2-5) (clear pos-2-6) (clear pos-2-7) (clear pos-3-2) (clear pos-3-3) (clear pos-3-6) (clear pos-3-7) (clear pos-4-2) (clear pos-4-4) (clear pos-4-5) (clear pos-4-7) (clear pos-5-2) (clear pos-5-4) (clear pos-5-5) (clear pos-5-7) (clear pos-6-2) (clear pos-6-3) (clear pos-6-6) (clear pos-6-7) (clear pos-7-2) (clear pos-7-3) (clear pos-7-4) (clear pos-7-5) (clear pos-7-6) (clear pos-7-7) (clear pos-2-2) (at player-01 pos-2-4)
size: 3
move player-01 pos-2-4 pos-2-3 dir-up :: cost: 0
    add: (clear pos-2-4) (at player-01 pos-2-3)
    del: (clear pos-2-3) (at player-01 pos-2-4)
move player-01 pos-2-4 pos-2-5 dir-down :: cost: 0
    add: (clear pos-2-4) (at player-01 pos-2-5)
    del: (clear pos-2-5) (at player-01 pos-2-4)
push-to-goal player-01 stone-03 pos-2-4 pos-3-4 pos-4-4 dir-right :: cost: 1
    add: (clear pos-2-4) (at player-01 pos-3-4) (at stone-03 pos-4-4) (at-goal stone-03)
    del: (at stone-03 pos-3-4) (clear pos-4-4) (at player-01 pos-2-4)
Step 3 (at stone-01 pos-4-3) (at stone-02 pos-5-3) (at stone-04 pos-6-4) (at stone-05 pos-3-5) (at stone-06 pos-6-5) (at stone-07 pos-4-6) (at stone-08 pos-5-6) (clear pos-2-3) (clear pos-2-4) (clear pos-2-5) (clear pos-2-6) (clear pos-2-7) (clear pos-3-2) (clear pos-3-3) (clear pos-3-6) (clear pos-3-7) (clear pos-4-2) (clear pos-4-5) (clear pos-4-7) (clear pos-5-2) (clear pos-5-4) (clear pos-5-5) (clear pos-5-7) (clear pos-6-2) (clear pos-6-3) (clear pos-6-6) (clear pos-6-7) (clear pos-7-2) (clear pos-7-3) (clear pos-7-4) (clear pos-7-5) (clear pos-7-6) (clear pos-7-7) (clear pos-2-2) (at player-01 pos-3-4) (at stone-03 pos-4-4) (at-goal stone-03)
size: 4
move player-01 pos-3-4 pos-2-4 dir-left :: cost: 0
    add: (at player-01 pos-2-4) (clear pos-3-4)
    del: (clear pos-2-4) (at player-01 pos-3-4)
move player-01 pos-3-4 pos-3-3 dir-up :: cost: 0
    add: (at player-01 pos-3-3) (clear pos-3-4)
    del: (clear pos-3-3) (at player-01 pos-3-4)
push-to-goal player-01 stone-03 pos-3-4 pos-4-4 pos-5-4 dir-right :: cost: 1
    add: (clear pos-3-4) (at player-01 pos-4-4) (at stone-03 pos-5-4)
    del: (clear pos-5-4) (at player-01 pos-3-4) (at stone-03 pos-4-4)
push-to-goal player-01 stone-05 pos-3-4 pos-3-5 pos-3-6 dir-down :: cost: 1
    add: (clear pos-3-4) (at player-01 pos-3-5) (at stone-05 pos-3-6) (at-goal stone-05)
    del: (at stone-05 pos-3-5) (clear pos-3-6) (at player-01 pos-3-4)
Step 4 (at stone-01 pos-4-3) (at stone-02 pos-5-3) (at stone-04 pos-6-4) (at stone-06 pos-6-5) (at stone-07 pos-4-6) (at stone-08 pos-5-6) (clear pos-2-3) (clear pos-2-4) (clear pos-2-5) (clear pos-2-6) (clear pos-2-7) (clear pos-3-2) (clear pos-3-3) (clear pos-3-7) (clear pos-4-2) (clear pos-4-5) (clear pos-4-7) (clear pos-5-2) (clear pos-5-4) (clear pos-5-5) (clear pos-5-7) (clear pos-6-2) (clear pos-6-3) (clear pos-6-6) (clear pos-6-7) (clear pos-7-2) (clear pos-7-3) (clear pos-7-4) (clear pos-7-5) (clear pos-7-6) (clear pos-7-7) (clear pos-2-2) (at stone-03 pos-4-4) (at-goal stone-03) (clear pos-3-4) (at player-01 pos-3-5) (at stone-05 pos-3-6) (at-goal stone-05)
size: 4
move player-01 pos-3-5 pos-2-5 dir-left :: cost: 0
    add: (at player-01 pos-2-5) (clear pos-3-5)
    del: (clear pos-2-5) (at player-01 pos-3-5)
move player-01 pos-3-5 pos-3-4 dir-up :: cost: 0
    add: (at player-01 pos-3-4) (clear pos-3-5)
    del: (clear pos-3-4) (at player-01 pos-3-5)
move player-01 pos-3-5 pos-4-5 dir-right :: cost: 0
    add: (clear pos-3-5) (at player-01 pos-4-5)
    del: (clear pos-4-5) (at player-01 pos-3-5)
push-to-nongoal player-01 stone-05 pos-3-5 pos-3-6 pos-3-7 dir-down :: cost: 1
    add: (clear pos-3-5) (at player-01 pos-3-6) (at stone-05 pos-3-7)
    del: (clear pos-3-7) (at player-01 pos-3-5) (at stone-05 pos-3-6) (at-goal stone-05)
Step 5 (at stone-01 pos-4-3) (at stone-02 pos-5-3) (at stone-04 pos-6-4) (at stone-06 pos-6-5) (at stone-07 pos-4-6) (at stone-08 pos-5-6) (clear pos-2-3) (clear pos-2-4) (clear pos-2-6) (clear pos-2-7) (clear pos-3-2) (clear pos-3-3) (clear pos-3-7) (clear pos-4-2) (clear pos-4-5) (clear pos-4-7) (clear pos-5-2) (clear pos-5-4) (clear pos-5-5) (clear pos-5-7) (clear pos-6-2) (clear pos-6-3) (clear pos-6-6) (clear pos-6-7) (clear pos-7-2) (clear pos-7-3) (clear pos-7-4) (clear pos-7-5) (clear pos-7-6) (clear pos-7-7) (clear pos-2-2) (at player-01 pos-2-5) (at stone-03 pos-4-4) (at-goal stone-03) (clear pos-3-4) (at stone-05 pos-3-6) (at-goal stone-05) (clear pos-3-5)
size: 3
move player-01 pos-2-5 pos-2-4 dir-up :: cost: 0
    add: (clear pos-2-5) (at player-01 pos-2-4)
    del: (clear pos-2-4) (at player-01 pos-2-5)
move player-01 pos-2-5 pos-2-6 dir-down :: cost: 0
    add: (clear pos-2-5) (at player-01 pos-2-6)
    del: (clear pos-2-6) (at player-01 pos-2-5)
move player-01 pos-2-5 pos-3-5 dir-right :: cost: 0
    add: (clear pos-2-5) (at player-01 pos-3-5)
    del: (at player-01 pos-2-5) (clear pos-3-5)
Step 6 (at stone-01 pos-4-3) (at stone-02 pos-5-3) (at stone-04 pos-6-4) (at stone-06 pos-6-5) (at stone-07 pos-4-6) (at stone-08 pos-5-6) (clear pos-2-3) (clear pos-2-4) (clear pos-2-5) (clear pos-2-6) (clear pos-2-7) (clear pos-3-2) (clear pos-3-3) (clear pos-3-7) (clear pos-4-2) (clear pos-4-5) (clear pos-4-7) (clear pos-5-2) (clear pos-5-4) (clear pos-5-5) (clear pos-5-7) (clear pos-6-2) (clear pos-6-3) (clear pos-6-6) (clear pos-6-7) (clear pos-7-2) (clear pos-7-3) (clear pos-7-4) (clear pos-7-5) (clear pos-7-6) (clear pos-7-7) (clear pos-2-2) (at stone-03 pos-4-4) (at-goal stone-03) (clear pos-3-4) (at player-01 pos-3-5) (at stone-05 pos-3-6) (at-goal stone-05)
size: 4
move player-01 pos-3-5 pos-2-5 dir-left :: cost: 0
    add: (at player-01 pos-2-5) (clear pos-3-5)
    del: (clear pos-2-5) (at player-01 pos-3-5)
move player-01 pos-3-5 pos-3-4 dir-up :: cost: 0
    add: (at player-01 pos-3-4) (clear pos-3-5)
    del: (clear pos-3-4) (at player-01 pos-3-5)
move player-01 pos-3-5 pos-4-5 dir-right :: cost: 0
    add: (clear pos-3-5) (at player-01 pos-4-5)
    del: (clear pos-4-5) (at player-01 pos-3-5)
push-to-nongoal player-01 stone-05 pos-3-5 pos-3-6 pos-3-7 dir-down :: cost: 1
    add: (clear pos-3-5) (at player-01 pos-3-6) (at stone-05 pos-3-7)
    del: (clear pos-3-7) (at player-01 pos-3-5) (at stone-05 pos-3-6) (at-goal stone-05)
Step 7 (at stone-01 pos-4-3) (at stone-02 pos-5-3) (at stone-04 pos-6-4) (at stone-06 pos-6-5) (at stone-07 pos-4-6) (at stone-08 pos-5-6) (clear pos-2-3) (clear pos-2-4) (clear pos-2-5) (clear pos-2-6) (clear pos-2-7) (clear pos-3-2) (clear pos-3-3) (clear pos-3-7) (clear pos-4-2) (clear pos-4-7) (clear pos-5-2) (clear pos-5-4) (clear pos-5-5) (clear pos-5-7) (clear pos-6-2) (clear pos-6-3) (clear pos-6-6) (clear pos-6-7) (clear pos-7-2) (clear pos-7-3) (clear pos-7-4) (clear pos-7-5) (clear pos-7-6) (clear pos-7-7) (clear pos-2-2) (at stone-03 pos-4-4) (at-goal stone-03) (clear pos-3-4) (at stone-05 pos-3-6) (at-goal stone-05) (clear pos-3-5) (at player-01 pos-4-5)
size: 3
move player-01 pos-4-5 pos-3-5 dir-left :: cost: 0
    add: (clear pos-4-5) (at player-01 pos-3-5)
    del: (clear pos-3-5) (at player-01 pos-4-5)
move player-01 pos-4-5 pos-5-5 dir-right :: cost: 0
    add: (clear pos-4-5) (at player-01 pos-5-5)
    del: (clear pos-5-5) (at player-01 pos-4-5)
push-to-nongoal player-01 stone-07 pos-4-5 pos-4-6 pos-4-7 dir-down :: cost: 1
    add: (clear pos-4-5) (at player-01 pos-4-6) (at stone-07 pos-4-7)
    del: (at stone-07 pos-4-6) (clear pos-4-7) (at player-01 pos-4-5)
Step 8 (at stone-01 pos-4-3) (at stone-02 pos-5-3) (at stone-04 pos-6-4) (at stone-06 pos-6-5) (at stone-07 pos-4-6) (at stone-08 pos-5-6) (clear pos-2-3) (clear pos-2-4) (clear pos-2-5) (clear pos-2-6) (clear pos-2-7) (clear pos-3-2) (clear pos-3-3) (clear pos-3-7) (clear pos-4-2) (clear pos-4-5) (clear pos-4-7) (clear pos-5-2) (clear pos-5-4) (clear pos-5-7) (clear pos-6-2) (clear pos-6-3) (clear pos-6-6) (clear pos-6-7) (clear pos-7-2) (clear pos-7-3) (clear pos-7-4) (clear pos-7-5) (clear pos-7-6) (clear pos-7-7) (clear pos-2-2) (at stone-03 pos-4-4) (at-goal stone-03) (clear pos-3-4) (at stone-05 pos-3-6) (at-goal stone-05) (clear pos-3-5) (at player-01 pos-5-5)
size: 4
move player-01 pos-5-5 pos-4-5 dir-left :: cost: 0
    add: (clear pos-5-5) (at player-01 pos-4-5)
    del: (clear pos-4-5) (at player-01 pos-5-5)
move player-01 pos-5-5 pos-5-4 dir-up :: cost: 0
    add: (clear pos-5-5) (at player-01 pos-5-4)
    del: (clear pos-5-4) (at player-01 pos-5-5)
push-to-nongoal player-01 stone-06 pos-5-5 pos-6-5 pos-7-5 dir-right :: cost: 1
    add: (clear pos-5-5) (at player-01 pos-6-5) (at stone-06 pos-7-5)
    del: (at stone-06 pos-6-5) (clear pos-7-5) (at player-01 pos-5-5)
push-to-nongoal player-01 stone-08 pos-5-5 pos-5-6 pos-5-7 dir-down :: cost: 1
    add: (clear pos-5-5) (at player-01 pos-5-6) (at stone-08 pos-5-7)
    del: (at stone-08 pos-5-6) (clear pos-5-7) (at player-01 pos-5-5)
Step 9 (at stone-01 pos-4-3) (at stone-02 pos-5-3) (at stone-04 pos-6-4) (at stone-06 pos-6-5) (at stone-07 pos-4-6) (at stone-08 pos-5-6) (clear pos-2-3) (clear pos-2-4) (clear pos-2-5) (clear pos-2-6) (clear pos-2-7) (clear pos-3-2) (clear pos-3-3) (clear pos-3-7) (clear pos-4-2) (clear pos-4-7) (clear pos-5-2) (clear pos-5-4) (clear pos-5-5) (clear pos-5-7) (clear pos-6-2) (clear pos-6-3) (clear pos-6-6) (clear pos-6-7) (clear pos-7-2) (clear pos-7-3) (clear pos-7-4) (clear pos-7-5) (clear pos-7-6) (clear pos-7-7) (clear pos-2-2) (at stone-03 pos-4-4) (at-goal stone-03) (clear pos-3-4) (at stone-05 pos-3-6) (at-goal stone-05) (clear pos-3-5) (at player-01 pos-4-5)
size: 3
move player-01 pos-4-5 pos-3-5 dir-left :: cost: 0
    add: (clear pos-4-5) (at player-01 pos-3-5)
    del: (clear pos-3-5) (at player-01 pos-4-5)
move player-01 pos-4-5 pos-5-5 dir-right :: cost: 0
    add: (clear pos-4-5) (at player-01 pos-5-5)
    del: (clear pos-5-5) (at player-01 pos-4-5)
push-to-nongoal player-01 stone-07 pos-4-5 pos-4-6 pos-4-7 dir-down :: cost: 1
    add: (clear pos-4-5) (at player-01 pos-4-6) (at stone-07 pos-4-7)
    del: (at stone-07 pos-4-6) (clear pos-4-7) (at player-01 pos-4-5)
