Step 0 (empty highspeed-saw0) (unused p0) (unused p1) (unused p2) (unused p3) (unused p4) (unused p5) (available p6) (colour p6 natural) (wood p6 walnut) (surface-condition p6 verysmooth) (treatment p6 varnished) (unused p7) (unused p8) (unused p9) (unused p10) (boardsize b0 s9) (wood b0 teak) (surface-condition b0 rough) (available b0) (boardsize b1 s0) (wood b1 teak) (surface-condition b1 rough) (available b1) (boardsize b2 s8) (wood b2 pine) (surface-condition b2 rough) (available b2) (boardsize b3 s4) (wood b3 walnut) (surface-condition b3 rough) (available b3)
size: 36
do-grind p6 grinder0 verysmooth natural varnished colourfragments :: cost: 45
    add: (treatment p6 colourfragments)
    del: (treatment p6 varnished)
do-plane p6 planer0 verysmooth natural varnished :: cost: 30
    add: (surface-condition p6 smooth) (treatment p6 untreated)
    del: (surface-condition p6 verysmooth) (treatment p6 varnished)
load-highspeed-saw b0 highspeed-saw0 :: cost: 30
    add: (in-highspeed-saw b0 highspeed-saw0)
    del: (empty highspeed-saw0) (available b0)
load-highspeed-saw b1 highspeed-saw0 :: cost: 30
    add: (in-highspeed-saw b1 highspeed-saw0)
    del: (empty highspeed-saw0) (available b1)
load-highspeed-saw b2 highspeed-saw0 :: cost: 30
    add: (in-highspeed-saw b2 highspeed-saw0)
    del: (empty highspeed-saw0) (available b2)
load-highspeed-saw b3 highspeed-saw0 :: cost: 30
    add: (in-highspeed-saw b3 highspeed-saw0)
    del: (empty highspeed-saw0) (available b3)
do-saw-small b0 p2 saw0 teak rough s9 s8 :: cost: 30
    add: (available p2) (wood p2 teak) (surface-condition p2 rough) (colour p2 natural) (treatment p2 untreated) (boardsize b0 s8)
    del: (unused p2)
do-saw-small b0 p10 saw0 teak rough s9 s8 :: cost: 30
    add: (boardsize b0 s8) (available p10) (wood p10 teak) (surface-condition p10 rough) (colour p10 natural) (treatment p10 untreated)
    del: (unused p10)
do-saw-small b2 p2 saw0 pine rough s8 s7 :: cost: 30
    add: (available p2) (surface-condition p2 rough) (colour p2 natural) (treatment p2 untreated) (wood p2 pine) (boardsize b2 s7)
    del: (unused p2)
do-saw-small b2 p10 saw0 pine rough s8 s7 :: cost: 30
    add: (available p10) (surface-condition p10 rough) (colour p10 natural) (treatment p10 untreated) (boardsize b2 s7) (wood p10 pine)
    del: (unused p10)
do-saw-small b3 p2 saw0 walnut rough s4 s3 :: cost: 30
    add: (available p2) (surface-condition p2 rough) (colour p2 natural) (treatment p2 untreated) (wood p2 walnut) (boardsize b3 s3)
    del: (unused p2)
do-saw-small b3 p10 saw0 walnut rough s4 s3 :: cost: 30
    add: (available p10) (surface-condition p10 rough) (colour p10 natural) (treatment p10 untreated) (boardsize b3 s3) (wood p10 walnut)
    del: (unused p10)
do-saw-medium b0 p0 saw0 teak rough s9 s8 s7 :: cost: 30
    add: (available p0) (wood p0 teak) (surface-condition p0 rough) (colour p0 natural) (treatment p0 untreated) (boardsize b0 s7)
    del: (unused p0)
do-saw-medium b0 p1 saw0 teak rough s9 s8 s7 :: cost: 30
    add: (boardsize b0 s7) (available p1) (wood p1 teak) (surface-condition p1 rough) (colour p1 natural) (treatment p1 untreated)
    del: (unused p1)
do-saw-medium b0 p7 saw0 teak rough s9 s8 s7 :: cost: 30
    add: (boardsize b0 s7) (available p7) (wood p7 teak) (surface-condition p7 rough) (colour p7 natural) (treatment p7 untreated)
    del: (unused p7)
do-saw-medium b0 p8 saw0 teak rough s9 s8 s7 :: cost: 30
    add: (boardsize b0 s7) (available p8) (wood p8 teak) (surface-condition p8 rough) (colour p8 natural) (treatment p8 untreated)
    del: (unused p8)
do-saw-medium b0 p9 saw0 teak rough s9 s8 s7 :: cost: 30
    add: (boardsize b0 s7) (available p9) (wood p9 teak) (surface-condition p9 rough) (colour p9 natural) (treatment p9 untreated)
    del: (unused p9)
do-saw-medium b2 p0 saw0 pine rough s8 s7 s6 :: cost: 30
    add: (available p0) (surface-condition p0 rough) (colour p0 natural) (treatment p0 untreated) (wood p0 pine) (boardsize b2 s6)
    del: (unused p0)
do-saw-medium b2 p1 saw0 pine rough s8 s7 s6 :: cost: 30
    add: (available p1) (surface-condition p1 rough) (colour p1 natural) (treatment p1 untreated) (boardsize b2 s6) (wood p1 pine)
    del: (unused p1)
do-saw-medium b2 p7 saw0 pine rough s8 s7 s6 :: cost: 30
    add: (available p7) (surface-condition p7 rough) (colour p7 natural) (treatment p7 untreated) (boardsize b2 s6) (wood p7 pine)
    del: (unused p7)
do-saw-medium b2 p8 saw0 pine rough s8 s7 s6 :: cost: 30
    add: (available p8) (surface-condition p8 rough) (colour p8 natural) (treatment p8 untreated) (boardsize b2 s6) (wood p8 pine)
    del: (unused p8)
do-saw-medium b2 p9 saw0 pine rough s8 s7 s6 :: cost: 30
    add: (available p9) (surface-condition p9 rough) (colour p9 natural) (treatment p9 untreated) (boardsize b2 s6) (wood p9 pine)
    del: (unused p9)
do-saw-medium b3 p0 saw0 walnut rough s4 s3 s2 :: cost: 30
    add: (available p0) (surface-condition p0 rough) (colour p0 natural) (treatment p0 untreated) (wood p0 walnut) (boardsize b3 s2)
    del: (unused p0)
do-saw-medium b3 p1 saw0 walnut rough s4 s3 s2 :: cost: 30
    add: (available p1) (surface-condition p1 rough) (colour p1 natural) (treatment p1 untreated) (boardsize b3 s2) (wood p1 walnut)
    del: (unused p1)
do-saw-medium b3 p7 saw0 walnut rough s4 s3 s2 :: cost: 30
    add: (available p7) (surface-condition p7 rough) (colour p7 natural) (treatment p7 untreated) (boardsize b3 s2) (wood p7 walnut)
    del: (unused p7)
do-saw-medium b3 p8 saw0 walnut rough s4 s3 s2 :: cost: 30
    add: (available p8) (surface-condition p8 rough) (colour p8 natural) (treatment p8 untreated) (boardsize b3 s2) (wood p8 walnut)
    del: (unused p8)
do-saw-medium b3 p9 saw0 walnut rough s4 s3 s2 :: cost: 30
    add: (available p9) (surface-condition p9 rough) (colour p9 natural) (treatment p9 untreated) (boardsize b3 s2) (wood p9 walnut)
    del: (unused p9)
do-saw-large b0 p3 saw0 teak rough s9 s7 s8 s6 :: cost: 30
    add: (available p3) (wood p3 teak) (surface-condition p3 rough) (colour p3 natural) (treatment p3 untreated) (boardsize b0 s6)
    del: (unused p3)
do-saw-large b0 p4 saw0 teak rough s9 s7 s8 s6 :: cost: 30
    add: (boardsize b0 s6) (available p4) (wood p4 teak) (surface-condition p4 rough) (colour p4 natural) (treatment p4 untreated)
    del: (unused p4)
do-saw-large b0 p5 saw0 teak rough s9 s7 s8 s6 :: cost: 30
    add: (boardsize b0 s6) (available p5) (wood p5 teak) (surface-condition p5 rough) (colour p5 natural) (treatment p5 untreated)
    del: (unused p5)
do-saw-large b2 p3 saw0 pine rough s8 s6 s7 s5 :: cost: 30
    add: (available p3) (surface-condition p3 rough) (colour p3 natural) (treatment p3 untreated) (wood p3 pine) (boardsize b2 s5)
    del: (unused p3)
do-saw-large b2 p4 saw0 pine rough s8 s6 s7 s5 :: cost: 30
    add: (available p4) (surface-condition p4 rough) (colour p4 natural) (treatment p4 untreated) (boardsize b2 s5) (wood p4 pine)
    del: (unused p4)
do-saw-large b2 p5 saw0 pine rough s8 s6 s7 s5 :: cost: 30
    add: (available p5) (surface-condition p5 rough) (colour p5 natural) (treatment p5 untreated) (boardsize b2 s5) (wood p5 pine)
    del: (unused p5)
do-saw-large b3 p3 saw0 walnut rough s4 s2 s3 s1 :: cost: 30
    add: (available p3) (surface-condition p3 rough) (colour p3 natural) (treatment p3 untreated) (wood p3 walnut) (boardsize b3 s1)
    del: (unused p3)
do-saw-large b3 p4 saw0 walnut rough s4 s2 s3 s1 :: cost: 30
    add: (available p4) (surface-condition p4 rough) (colour p4 natural) (treatment p4 untreated) (boardsize b3 s1) (wood p4 walnut)
    del: (unused p4)
do-saw-large b3 p5 saw0 walnut rough s4 s2 s3 s1 :: cost: 30
    add: (available p5) (surface-condition p5 rough) (colour p5 natural) (treatment p5 untreated) (boardsize b3 s1) (wood p5 walnut)
    del: (unused p5)
Step 1 (empty highspeed-saw0) (unused p0) (unused p1) (unused p2) (unused p3) (unused p4) (unused p5) (available p6) (colour p6 natural) (wood p6 walnut) (surface-condition p6 verysmooth) (unused p7) (unused p8) (unused p9) (unused p10) (boardsize b0 s9) (wood b0 teak) (surface-condition b0 rough) (available b0) (boardsize b1 s0) (wood b1 teak) (surface-condition b1 rough) (available b1) (boardsize b2 s8) (wood b2 pine) (surface-condition b2 rough) (available b2) (boardsize b3 s4) (wood b3 walnut) (surface-condition b3 rough) (available b3) (treatment p6 colourfragments)
size: 36
do-grind p6 grinder0 verysmooth natural colourfragments untreated :: cost: 45
    add: (treatment p6 untreated)
    del: (treatment p6 colourfragments)
do-plane p6 planer0 verysmooth natural colourfragments :: cost: 30
    add: (surface-condition p6 smooth) (treatment p6 untreated)
    del: (surface-condition p6 verysmooth) (treatment p6 colourfragments)
load-highspeed-saw b0 highspeed-saw0 :: cost: 30
    add: (in-highspeed-saw b0 highspeed-saw0)
    del: (empty highspeed-saw0) (available b0)
load-highspeed-saw b1 highspeed-saw0 :: cost: 30
    add: (in-highspeed-saw b1 highspeed-saw0)
    del: (empty highspeed-saw0) (available b1)
load-highspeed-saw b2 highspeed-saw0 :: cost: 30
    add: (in-highspeed-saw b2 highspeed-saw0)
    del: (empty highspeed-saw0) (available b2)
load-highspeed-saw b3 highspeed-saw0 :: cost: 30
    add: (in-highspeed-saw b3 highspeed-saw0)
    del: (empty highspeed-saw0) (available b3)
do-saw-small b0 p2 saw0 teak rough s9 s8 :: cost: 30
    add: (available p2) (wood p2 teak) (surface-condition p2 rough) (colour p2 natural) (treatment p2 untreated) (boardsize b0 s8)
    del: (unused p2)
do-saw-small b0 p10 saw0 teak rough s9 s8 :: cost: 30
    add: (boardsize b0 s8) (available p10) (wood p10 teak) (surface-condition p10 rough) (colour p10 natural) (treatment p10 untreated)
    del: (unused p10)
do-saw-small b2 p2 saw0 pine rough s8 s7 :: cost: 30
    add: (available p2) (surface-condition p2 rough) (colour p2 natural) (treatment p2 untreated) (wood p2 pine) (boardsize b2 s7)
    del: (unused p2)
do-saw-small b2 p10 saw0 pine rough s8 s7 :: cost: 30
    add: (available p10) (surface-condition p10 rough) (colour p10 natural) (treatment p10 untreated) (boardsize b2 s7) (wood p10 pine)
    del: (unused p10)
do-saw-small b3 p2 saw0 walnut rough s4 s3 :: cost: 30
    add: (available p2) (surface-condition p2 rough) (colour p2 natural) (treatment p2 untreated) (wood p2 walnut) (boardsize b3 s3)
    del: (unused p2)
do-saw-small b3 p10 saw0 walnut rough s4 s3 :: cost: 30
    add: (available p10) (surface-condition p10 rough) (colour p10 natural) (treatment p10 untreated) (boardsize b3 s3) (wood p10 walnut)
    del: (unused p10)
do-saw-medium b0 p0 saw0 teak rough s9 s8 s7 :: cost: 30
    add: (available p0) (wood p0 teak) (surface-condition p0 rough) (colour p0 natural) (treatment p0 untreated) (boardsize b0 s7)
    del: (unused p0)
do-saw-medium b0 p1 saw0 teak rough s9 s8 s7 :: cost: 30
    add: (boardsize b0 s7) (available p1) (wood p1 teak) (surface-condition p1 rough) (colour p1 natural) (treatment p1 untreated)
    del: (unused p1)
do-saw-medium b0 p7 saw0 teak rough s9 s8 s7 :: cost: 30
    add: (boardsize b0 s7) (available p7) (wood p7 teak) (surface-condition p7 rough) (colour p7 natural) (treatment p7 untreated)
    del: (unused p7)
do-saw-medium b0 p8 saw0 teak rough s9 s8 s7 :: cost: 30
    add: (boardsize b0 s7) (available p8) (wood p8 teak) (surface-condition p8 rough) (colour p8 natural) (treatment p8 untreated)
    del: (unused p8)
do-saw-medium b0 p9 saw0 teak rough s9 s8 s7 :: cost: 30
    add: (boardsize b0 s7) (available p9) (wood p9 teak) (surface-condition p9 rough) (colour p9 natural) (treatment p9 untreated)
    del: (unused p9)
do-saw-medium b2 p0 saw0 pine rough s8 s7 s6 :: cost: 30
    add: (available p0) (surface-condition p0 rough) (colour p0 natural) (treatment p0 untreated) (wood p0 pine) (boardsize b2 s6)
    del: (unused p0)
do-saw-medium b2 p1 saw0 pine rough s8 s7 s6 :: cost: 30
    add: (available p1) (surface-condition p1 rough) (colour p1 natural) (treatment p1 untreated) (boardsize b2 s6) (wood p1 pine)
    del: (unused p1)
do-saw-medium b2 p7 saw0 pine rough s8 s7 s6 :: cost: 30
    add: (available p7) (surface-condition p7 rough) (colour p7 natural) (treatment p7 untreated) (boardsize b2 s6) (wood p7 pine)
    del: (unused p7)
do-saw-medium b2 p8 saw0 pine rough s8 s7 s6 :: cost: 30
    add: (available p8) (surface-condition p8 rough) (colour p8 natural) (treatment p8 untreated) (boardsize b2 s6) (wood p8 pine)
    del: (unused p8)
do-saw-medium b2 p9 saw0 pine rough s8 s7 s6 :: cost: 30
    add: (available p9) (surface-condition p9 rough) (colour p9 natural) (treatment p9 untreated) (boardsize b2 s6) (wood p9 pine)
    del: (unused p9)
do-saw-medium b3 p0 saw0 walnut rough s4 s3 s2 :: cost: 30
    add: (available p0) (surface-condition p0 rough) (colour p0 natural) (treatment p0 untreated) (wood p0 walnut) (boardsize b3 s2)
    del: (unused p0)
do-saw-medium b3 p1 saw0 walnut rough s4 s3 s2 :: cost: 30
    add: (available p1) (surface-condition p1 rough) (colour p1 natural) (treatment p1 untreated) (boardsize b3 s2) (wood p1 walnut)
    del: (unused p1)
do-saw-medium b3 p7 saw0 walnut rough s4 s3 s2 :: cost: 30
    add: (available p7) (surface-condition p7 rough) (colour p7 natural) (treatment p7 untreated) (boardsize b3 s2) (wood p7 walnut)
    del: (unused p7)
do-saw-medium b3 p8 saw0 walnut rough s4 s3 s2 :: cost: 30
    add: (available p8) (surface-condition p8 rough) (colour p8 natural) (treatment p8 untreated) (boardsize b3 s2) (wood p8 walnut)
    del: (unused p8)
do-saw-medium b3 p9 saw0 walnut rough s4 s3 s2 :: cost: 30
    add: (available p9) (surface-condition p9 rough) (colour p9 natural) (treatment p9 untreated) (boardsize b3 s2) (wood p9 walnut)
    del: (unused p9)
do-saw-large b0 p3 saw0 teak rough s9 s7 s8 s6 :: cost: 30
    add: (available p3) (wood p3 teak) (surface-condition p3 rough) (colour p3 natural) (treatment p3 untreated) (boardsize b0 s6)
    del: (unused p3)
do-saw-large b0 p4 saw0 teak rough s9 s7 s8 s6 :: cost: 30
    add: (boardsize b0 s6) (available p4) (wood p4 teak) (surface-condition p4 rough) (colour p4 natural) (treatment p4 untreated)
    del: (unused p4)
do-saw-large b0 p5 saw0 teak rough s9 s7 s8 s6 :: cost: 30
    add: (boardsize b0 s6) (available p5) (wood p5 teak) (surface-condition p5 rough) (colour p5 natural) (treatment p5 untreated)
    del: (unused p5)
do-saw-large b2 p3 saw0 pine rough s8 s6 s7 s5 :: cost: 30
    add: (available p3) (surface-condition p3 rough) (colour p3 natural) (treatment p3 untreated) (wood p3 pine) (boardsize b2 s5)
    del: (unused p3)
do-saw-large b2 p4 saw0 pine rough s8 s6 s7 s5 :: cost: 30
    add: (available p4) (surface-condition p4 rough) (colour p4 natural) (treatment p4 untreated) (boardsize b2 s5) (wood p4 pine)
    del: (unused p4)
do-saw-large b2 p5 saw0 pine rough s8 s6 s7 s5 :: cost: 30
    add: (available p5) (surface-condition p5 rough) (colour p5 natural) (treatment p5 untreated) (boardsize b2 s5) (wood p5 pine)
    del: (unused p5)
do-saw-large b3 p3 saw0 walnut rough s4 s2 s3 s1 :: cost: 30
    add: (available p3) (surface-condition p3 rough) (colour p3 natural) (treatment p3 untreated) (wood p3 walnut) (boardsize b3 s1)
    del: (unused p3)
do-saw-large b3 p4 saw0 walnut rough s4 s2 s3 s1 :: cost: 30
    add: (available p4) (surface-condition p4 rough) (colour p4 natural) (treatment p4 untreated) (boardsize b3 s1) (wood p4 walnut)
    del: (unused p4)
do-saw-large b3 p5 saw0 walnut rough s4 s2 s3 s1 :: cost: 30
    add: (available p5) (surface-condition p5 rough) (colour p5 natural) (treatment p5 untreated) (boardsize b3 s1) (wood p5 walnut)
    del: (unused p5)
Step 2 (empty highspeed-saw0) (unused p0) (unused p1) (unused p2) (unused p3) (unused p4) (unused p5) (available p6) (colour p6 natural) (wood p6 walnut) (unused p7) (unused p8) (unused p9) (unused p10) (boardsize b0 s9) (wood b0 teak) (surface-condition b0 rough) (available b0) (boardsize b1 s0) (wood b1 teak) (surface-condition b1 rough) (available b1) (boardsize b2 s8) (wood b2 pine) (surface-condition b2 rough) (available b2) (boardsize b3 s4) (wood b3 walnut) (surface-condition b3 rough) (available b3) (surface-condition p6 smooth) (treatment p6 untreated)
size: 47
do-immersion-varnish p6 immersion-varnisher0 natural smooth :: cost: 10
    add: (treatment p6 varnished)
    del: (treatment p6 untreated)
do-immersion-varnish p6 immersion-varnisher0 mauve smooth :: cost: 10
    add: (treatment p6 varnished) (colour p6 mauve)
    del: (colour p6 natural) (treatment p6 untreated)
do-immersion-varnish p6 immersion-varnisher0 white smooth :: cost: 10
    add: (treatment p6 varnished) (colour p6 white)
    del: (colour p6 natural) (treatment p6 untreated)
do-spray-varnish p6 spray-varnisher0 natural smooth :: cost: 15
    add: (treatment p6 varnished)
    del: (treatment p6 untreated)
do-spray-varnish p6 spray-varnisher0 mauve smooth :: cost: 15
    add: (treatment p6 varnished) (colour p6 mauve)
    del: (colour p6 natural) (treatment p6 untreated)
do-spray-varnish p6 spray-varnisher0 white smooth :: cost: 15
    add: (treatment p6 varnished) (colour p6 white)
    del: (colour p6 natural) (treatment p6 untreated)
do-glaze p6 glazer0 natural :: cost: 20
    add: (treatment p6 glazed)
    del: (treatment p6 untreated)
do-glaze p6 glazer0 red :: cost: 20
    add: (treatment p6 glazed) (colour p6 red)
    del: (colour p6 natural) (treatment p6 untreated)
do-glaze p6 glazer0 green :: cost: 20
    add: (treatment p6 glazed) (colour p6 green)
    del: (colour p6 natural) (treatment p6 untreated)
do-glaze p6 glazer0 black :: cost: 20
    add: (treatment p6 glazed) (colour p6 black)
    del: (colour p6 natural) (treatment p6 untreated)
do-glaze p6 glazer0 mauve :: cost: 20
    add: (colour p6 mauve) (treatment p6 glazed)
    del: (colour p6 natural) (treatment p6 untreated)
do-grind p6 grinder0 smooth natural untreated untreated :: cost: 45
    add: (surface-condition p6 verysmooth)
    del: (surface-condition p6 smooth)
do-plane p6 planer0 smooth natural untreated :: cost: 30
    add:
    del:
load-highspeed-saw b0 highspeed-saw0 :: cost: 30
    add: (in-highspeed-saw b0 highspeed-saw0)
    del: (empty highspeed-saw0) (available b0)
load-highspeed-saw b1 highspeed-saw0 :: cost: 30
    add: (in-highspeed-saw b1 highspeed-saw0)
    del: (empty highspeed-saw0) (available b1)
load-highspeed-saw b2 highspeed-saw0 :: cost: 30
    add: (in-highspeed-saw b2 highspeed-saw0)
    del: (empty highspeed-saw0) (available b2)
load-highspeed-saw b3 highspeed-saw0 :: cost: 30
    add: (in-highspeed-saw b3 highspeed-saw0)
    del: (empty highspeed-saw0) (available b3)
do-saw-small b0 p2 saw0 teak rough s9 s8 :: cost: 30
    add: (available p2) (wood p2 teak) (surface-condition p2 rough) (colour p2 natural) (treatment p2 untreated) (boardsize b0 s8)
    del: (unused p2)
do-saw-small b0 p10 saw0 teak rough s9 s8 :: cost: 30
    add: (boardsize b0 s8) (available p10) (wood p10 teak) (surface-condition p10 rough) (colour p10 natural) (treatment p10 untreated)
    del: (unused p10)
do-saw-small b2 p2 saw0 pine rough s8 s7 :: cost: 30
    add: (available p2) (surface-condition p2 rough) (colour p2 natural) (treatment p2 untreated) (wood p2 pine) (boardsize b2 s7)
    del: (unused p2)
do-saw-small b2 p10 saw0 pine rough s8 s7 :: cost: 30
    add: (available p10) (surface-condition p10 rough) (colour p10 natural) (treatment p10 untreated) (boardsize b2 s7) (wood p10 pine)
    del: (unused p10)
do-saw-small b3 p2 saw0 walnut rough s4 s3 :: cost: 30
    add: (available p2) (surface-condition p2 rough) (colour p2 natural) (treatment p2 untreated) (wood p2 walnut) (boardsize b3 s3)
    del: (unused p2)
do-saw-small b3 p10 saw0 walnut rough s4 s3 :: cost: 30
    add: (available p10) (surface-condition p10 rough) (colour p10 natural) (treatment p10 untreated) (boardsize b3 s3) (wood p10 walnut)
    del: (unused p10)
do-saw-medium b0 p0 saw0 teak rough s9 s8 s7 :: cost: 30
    add: (available p0) (wood p0 teak) (surface-condition p0 rough) (colour p0 natural) (treatment p0 untreated) (boardsize b0 s7)
    del: (unused p0)
do-saw-medium b0 p1 saw0 teak rough s9 s8 s7 :: cost: 30
    add: (boardsize b0 s7) (available p1) (wood p1 teak) (surface-condition p1 rough) (colour p1 natural) (treatment p1 untreated)
    del: (unused p1)
do-saw-medium b0 p7 saw0 teak rough s9 s8 s7 :: cost: 30
    add: (boardsize b0 s7) (available p7) (wood p7 teak) (surface-condition p7 rough) (colour p7 natural) (treatment p7 untreated)
    del: (unused p7)
do-saw-medium b0 p8 saw0 teak rough s9 s8 s7 :: cost: 30
    add: (boardsize b0 s7) (available p8) (wood p8 teak) (surface-condition p8 rough) (colour p8 natural) (treatment p8 untreated)
    del: (unused p8)
do-saw-medium b0 p9 saw0 teak rough s9 s8 s7 :: cost: 30
    add: (boardsize b0 s7) (available p9) (wood p9 teak) (surface-condition p9 rough) (colour p9 natural) (treatment p9 untreated)
    del: (unused p9)
do-saw-medium b2 p0 saw0 pine rough s8 s7 s6 :: cost: 30
    add: (available p0) (surface-condition p0 rough) (colour p0 natural) (treatment p0 untreated) (wood p0 pine) (boardsize b2 s6)
    del: (unused p0)
do-saw-medium b2 p1 saw0 pine rough s8 s7 s6 :: cost: 30
    add: (available p1) (surface-condition p1 rough) (colour p1 natural) (treatment p1 untreated) (boardsize b2 s6) (wood p1 pine)
    del: (unused p1)
do-saw-medium b2 p7 saw0 pine rough s8 s7 s6 :: cost: 30
    add: (available p7) (surface-condition p7 rough) (colour p7 natural) (treatment p7 untreated) (boardsize b2 s6) (wood p7 pine)
    del: (unused p7)
do-saw-medium b2 p8 saw0 pine rough s8 s7 s6 :: cost: 30
    add: (available p8) (surface-condition p8 rough) (colour p8 natural) (treatment p8 untreated) (boardsize b2 s6) (wood p8 pine)
    del: (unused p8)
do-saw-medium b2 p9 saw0 pine rough s8 s7 s6 :: cost: 30
    add: (available p9) (surface-condition p9 rough) (colour p9 natural) (treatment p9 untreated) (boardsize b2 s6) (wood p9 pine)
    del: (unused p9)
do-saw-medium b3 p0 saw0 walnut rough s4 s3 s2 :: cost: 30
    add: (available p0) (surface-condition p0 rough) (colour p0 natural) (treatment p0 untreated) (wood p0 walnut) (boardsize b3 s2)
    del: (unused p0)
do-saw-medium b3 p1 saw0 walnut rough s4 s3 s2 :: cost: 30
    add: (available p1) (surface-condition p1 rough) (colour p1 natural) (treatment p1 untreated) (boardsize b3 s2) (wood p1 walnut)
    del: (unused p1)
do-saw-medium b3 p7 saw0 walnut rough s4 s3 s2 :: cost: 30
    add: (available p7) (surface-condition p7 rough) (colour p7 natural) (treatment p7 untreated) (boardsize b3 s2) (wood p7 walnut)
    del: (unused p7)
do-saw-medium b3 p8 saw0 walnut rough s4 s3 s2 :: cost: 30
    add: (available p8) (surface-condition p8 rough) (colour p8 natural) (treatment p8 untreated) (boardsize b3 s2) (wood p8 walnut)
    del: (unused p8)
do-saw-medium b3 p9 saw0 walnut rough s4 s3 s2 :: cost: 30
    add: (available p9) (surface-condition p9 rough) (colour p9 natural) (treatment p9 untreated) (boardsize b3 s2) (wood p9 walnut)
    del: (unused p9)
do-saw-large b0 p3 saw0 teak rough s9 s7 s8 s6 :: cost: 30
    add: (available p3) (wood p3 teak) (surface-condition p3 rough) (colour p3 natural) (treatment p3 untreated) (boardsize b0 s6)
    del: (unused p3)
do-saw-large b0 p4 saw0 teak rough s9 s7 s8 s6 :: cost: 30
    add: (boardsize b0 s6) (available p4) (wood p4 teak) (surface-condition p4 rough) (colour p4 natural) (treatment p4 untreated)
    del: (unused p4)
do-saw-large b0 p5 saw0 teak rough s9 s7 s8 s6 :: cost: 30
    add: (boardsize b0 s6) (available p5) (wood p5 teak) (surface-condition p5 rough) (colour p5 natural) (treatment p5 untreated)
    del: (unused p5)
do-saw-large b2 p3 saw0 pine rough s8 s6 s7 s5 :: cost: 30
    add: (available p3) (surface-condition p3 rough) (colour p3 natural) (treatment p3 untreated) (wood p3 pine) (boardsize b2 s5)
    del: (unused p3)
do-saw-large b2 p4 saw0 pine rough s8 s6 s7 s5 :: cost: 30
    add: (available p4) (surface-condition p4 rough) (colour p4 natural) (treatment p4 untreated) (boardsize b2 s5) (wood p4 pine)
    del: (unused p4)
do-saw-large b2 p5 saw0 pine rough s8 s6 s7 s5 :: cost: 30
    add: (available p5) (surface-condition p5 rough) (colour p5 natural) (treatment p5 untreated) (boardsize b2 s5) (wood p5 pine)
    del: (unused p5)
do-saw-large b3 p3 saw0 walnut rough s4 s2 s3 s1 :: cost: 30
    add: (available p3) (surface-condition p3 rough) (colour p3 natural) (treatment p3 untreated) (wood p3 walnut) (boardsize b3 s1)
    del: (unused p3)
do-saw-large b3 p4 saw0 walnut rough s4 s2 s3 s1 :: cost: 30
    add: (available p4) (surface-condition p4 rough) (colour p4 natural) (treatment p4 untreated) (boardsize b3 s1) (wood p4 walnut)
    del: (unused p4)
do-saw-large b3 p5 saw0 walnut rough s4 s2 s3 s1 :: cost: 30
    add: (available p5) (surface-condition p5 rough) (colour p5 natural) (treatment p5 untreated) (boardsize b3 s1) (wood p5 walnut)
    del: (unused p5)
Step 3 (empty highspeed-saw0) (unused p0) (unused p1) (unused p2) (unused p3) (unused p4) (unused p5) (available p6) (wood p6 walnut) (treatment p6 varnished) (unused p7) (unused p8) (unused p9) (unused p10) (boardsize b0 s9) (wood b0 teak) (surface-condition b0 rough) (available b0) (boardsize b1 s0) (wood b1 teak) (surface-condition b1 rough) (available b1) (boardsize b2 s8) (wood b2 pine) (surface-condition b2 rough) (available b2) (boardsize b3 s4) (wood b3 walnut) (surface-condition b3 rough) (available b3) (surface-condition p6 smooth) (colour p6 white)
size: 36
do-grind p6 grinder0 smooth white varnished colourfragments :: cost: 45
    add: (colour p6 natural) (surface-condition p6 verysmooth) (treatment p6 colourfragments)
    del: (treatment p6 varnished) (surface-condition p6 smooth) (colour p6 white)
do-plane p6 planer0 smooth white varnished :: cost: 30
    add: (colour p6 natural) (treatment p6 untreated)
    del: (treatment p6 varnished) (colour p6 white)
load-highspeed-saw b0 highspeed-saw0 :: cost: 30
    add: (in-highspeed-saw b0 highspeed-saw0)
    del: (empty highspeed-saw0) (available b0)
load-highspeed-saw b1 highspeed-saw0 :: cost: 30
    add: (in-highspeed-saw b1 highspeed-saw0)
    del: (empty highspeed-saw0) (available b1)
load-highspeed-saw b2 highspeed-saw0 :: cost: 30
    add: (in-highspeed-saw b2 highspeed-saw0)
    del: (empty highspeed-saw0) (available b2)
load-highspeed-saw b3 highspeed-saw0 :: cost: 30
    add: (in-highspeed-saw b3 highspeed-saw0)
    del: (empty highspeed-saw0) (available b3)
do-saw-small b0 p2 saw0 teak rough s9 s8 :: cost: 30
    add: (available p2) (wood p2 teak) (surface-condition p2 rough) (colour p2 natural) (treatment p2 untreated) (boardsize b0 s8)
    del: (unused p2)
do-saw-small b0 p10 saw0 teak rough s9 s8 :: cost: 30
    add: (boardsize b0 s8) (available p10) (wood p10 teak) (surface-condition p10 rough) (colour p10 natural) (treatment p10 untreated)
    del: (unused p10)
do-saw-small b2 p2 saw0 pine rough s8 s7 :: cost: 30
    add: (available p2) (surface-condition p2 rough) (colour p2 natural) (treatment p2 untreated) (wood p2 pine) (boardsize b2 s7)
    del: (unused p2)
do-saw-small b2 p10 saw0 pine rough s8 s7 :: cost: 30
    add: (available p10) (surface-condition p10 rough) (colour p10 natural) (treatment p10 untreated) (boardsize b2 s7) (wood p10 pine)
    del: (unused p10)
do-saw-small b3 p2 saw0 walnut rough s4 s3 :: cost: 30
    add: (available p2) (surface-condition p2 rough) (colour p2 natural) (treatment p2 untreated) (wood p2 walnut) (boardsize b3 s3)
    del: (unused p2)
do-saw-small b3 p10 saw0 walnut rough s4 s3 :: cost: 30
    add: (available p10) (surface-condition p10 rough) (colour p10 natural) (treatment p10 untreated) (boardsize b3 s3) (wood p10 walnut)
    del: (unused p10)
do-saw-medium b0 p0 saw0 teak rough s9 s8 s7 :: cost: 30
    add: (available p0) (wood p0 teak) (surface-condition p0 rough) (colour p0 natural) (treatment p0 untreated) (boardsize b0 s7)
    del: (unused p0)
do-saw-medium b0 p1 saw0 teak rough s9 s8 s7 :: cost: 30
    add: (boardsize b0 s7) (available p1) (wood p1 teak) (surface-condition p1 rough) (colour p1 natural) (treatment p1 untreated)
    del: (unused p1)
do-saw-medium b0 p7 saw0 teak rough s9 s8 s7 :: cost: 30
    add: (boardsize b0 s7) (available p7) (wood p7 teak) (surface-condition p7 rough) (colour p7 natural) (treatment p7 untreated)
    del: (unused p7)
do-saw-medium b0 p8 saw0 teak rough s9 s8 s7 :: cost: 30
    add: (boardsize b0 s7) (available p8) (wood p8 teak) (surface-condition p8 rough) (colour p8 natural) (treatment p8 untreated)
    del: (unused p8)
do-saw-medium b0 p9 saw0 teak rough s9 s8 s7 :: cost: 30
    add: (boardsize b0 s7) (available p9) (wood p9 teak) (surface-condition p9 rough) (colour p9 natural) (treatment p9 untreated)
    del: (unused p9)
do-saw-medium b2 p0 saw0 pine rough s8 s7 s6 :: cost: 30
    add: (available p0) (surface-condition p0 rough) (colour p0 natural) (treatment p0 untreated) (wood p0 pine) (boardsize b2 s6)
    del: (unused p0)
do-saw-medium b2 p1 saw0 pine rough s8 s7 s6 :: cost: 30
    add: (available p1) (surface-condition p1 rough) (colour p1 natural) (treatment p1 untreated) (boardsize b2 s6) (wood p1 pine)
    del: (unused p1)
do-saw-medium b2 p7 saw0 pine rough s8 s7 s6 :: cost: 30
    add: (available p7) (surface-condition p7 rough) (colour p7 natural) (treatment p7 untreated) (boardsize b2 s6) (wood p7 pine)
    del: (unused p7)
do-saw-medium b2 p8 saw0 pine rough s8 s7 s6 :: cost: 30
    add: (available p8) (surface-condition p8 rough) (colour p8 natural) (treatment p8 untreated) (boardsize b2 s6) (wood p8 pine)
    del: (unused p8)
do-saw-medium b2 p9 saw0 pine rough s8 s7 s6 :: cost: 30
    add: (available p9) (surface-condition p9 rough) (colour p9 natural) (treatment p9 untreated) (boardsize b2 s6) (wood p9 pine)
    del: (unused p9)
do-saw-medium b3 p0 saw0 walnut rough s4 s3 s2 :: cost: 30
    add: (available p0) (surface-condition p0 rough) (colour p0 natural) (treatment p0 untreated) (wood p0 walnut) (boardsize b3 s2)
    del: (unused p0)
do-saw-medium b3 p1 saw0 walnut rough s4 s3 s2 :: cost: 30
    add: (available p1) (surface-condition p1 rough) (colour p1 natural) (treatment p1 untreated) (boardsize b3 s2) (wood p1 walnut)
    del: (unused p1)
do-saw-medium b3 p7 saw0 walnut rough s4 s3 s2 :: cost: 30
    add: (available p7) (surface-condition p7 rough) (colour p7 natural) (treatment p7 untreated) (boardsize b3 s2) (wood p7 walnut)
    del: (unused p7)
do-saw-medium b3 p8 saw0 walnut rough s4 s3 s2 :: cost: 30
    add: (available p8) (surface-condition p8 rough) (colour p8 natural) (treatment p8 untreated) (boardsize b3 s2) (wood p8 walnut)
    del: (unused p8)
do-saw-medium b3 p9 saw0 walnut rough s4 s3 s2 :: cost: 30
    add: (available p9) (surface-condition p9 rough) (colour p9 natural) (treatment p9 untreated) (boardsize b3 s2) (wood p9 walnut)
    del: (unused p9)
do-saw-large b0 p3 saw0 teak rough s9 s7 s8 s6 :: cost: 30
    add: (available p3) (wood p3 teak) (surface-condition p3 rough) (colour p3 natural) (treatment p3 untreated) (boardsize b0 s6)
    del: (unused p3)
do-saw-large b0 p4 saw0 teak rough s9 s7 s8 s6 :: cost: 30
    add: (boardsize b0 s6) (available p4) (wood p4 teak) (surface-condition p4 rough) (colour p4 natural) (treatment p4 untreated)
    del: (unused p4)
do-saw-large b0 p5 saw0 teak rough s9 s7 s8 s6 :: cost: 30
    add: (boardsize b0 s6) (available p5) (wood p5 teak) (surface-condition p5 rough) (colour p5 natural) (treatment p5 untreated)
    del: (unused p5)
do-saw-large b2 p3 saw0 pine rough s8 s6 s7 s5 :: cost: 30
    add: (available p3) (surface-condition p3 rough) (colour p3 natural) (treatment p3 untreated) (wood p3 pine) (boardsize b2 s5)
    del: (unused p3)
do-saw-large b2 p4 saw0 pine rough s8 s6 s7 s5 :: cost: 30
    add: (available p4) (surface-condition p4 rough) (colour p4 natural) (treatment p4 untreated) (boardsize b2 s5) (wood p4 pine)
    del: (unused p4)
do-saw-large b2 p5 saw0 pine rough s8 s6 s7 s5 :: cost: 30
    add: (available p5) (surface-condition p5 rough) (colour p5 natural) (treatment p5 untreated) (boardsize b2 s5) (wood p5 pine)
    del: (unused p5)
do-saw-large b3 p3 saw0 walnut rough s4 s2 s3 s1 :: cost: 30
    add: (available p3) (surface-condition p3 rough) (colour p3 natural) (treatment p3 untreated) (wood p3 walnut) (boardsize b3 s1)
    del: (unused p3)
do-saw-large b3 p4 saw0 walnut rough s4 s2 s3 s1 :: cost: 30
    add: (available p4) (surface-condition p4 rough) (colour p4 natural) (treatment p4 untreated) (boardsize b3 s1) (wood p4 walnut)
    del: (unused p4)
do-saw-large b3 p5 saw0 walnut rough s4 s2 s3 s1 :: cost: 30
    add: (available p5) (surface-condition p5 rough) (colour p5 natural) (treatment p5 untreated) (boardsize b3 s1) (wood p5 walnut)
    del: (unused p5)
Step 4 (unused p0) (unused p1) (unused p2) (unused p3) (unused p4) (unused p5) (available p6) (wood p6 walnut) (treatment p6 varnished) (unused p7) (unused p8) (unused p9) (unused p10) (boardsize b0 s9) (wood b0 teak) (surface-condition b0 rough) (available b0) (boardsize b1 s0) (wood b1 teak) (surface-condition b1 rough) (boardsize b2 s8) (wood b2 pine) (surface-condition b2 rough) (available b2) (boardsize b3 s4) (wood b3 walnut) (surface-condition b3 rough) (available b3) (surface-condition p6 smooth) (in-highspeed-saw b1 highspeed-saw0) (colour p6 white)
size: 33
do-grind p6 grinder0 smooth white varnished colourfragments :: cost: 45
    add: (colour p6 natural) (surface-condition p6 verysmooth) (treatment p6 colourfragments)
    del: (treatment p6 varnished) (surface-condition p6 smooth) (colour p6 white)
do-plane p6 planer0 smooth white varnished :: cost: 30
    add: (colour p6 natural) (treatment p6 untreated)
    del: (treatment p6 varnished) (colour p6 white)
unload-highspeed-saw b1 highspeed-saw0 :: cost: 10
    add: (empty highspeed-saw0) (available b1)
    del: (in-highspeed-saw b1 highspeed-saw0)
do-saw-small b0 p2 saw0 teak rough s9 s8 :: cost: 30
    add: (available p2) (wood p2 teak) (surface-condition p2 rough) (colour p2 natural) (treatment p2 untreated) (boardsize b0 s8)
    del: (unused p2)
do-saw-small b0 p10 saw0 teak rough s9 s8 :: cost: 30
    add: (boardsize b0 s8) (available p10) (wood p10 teak) (surface-condition p10 rough) (colour p10 natural) (treatment p10 untreated)
    del: (unused p10)
do-saw-small b2 p2 saw0 pine rough s8 s7 :: cost: 30
    add: (available p2) (surface-condition p2 rough) (colour p2 natural) (treatment p2 untreated) (wood p2 pine) (boardsize b2 s7)
    del: (unused p2)
do-saw-small b2 p10 saw0 pine rough s8 s7 :: cost: 30
    add: (available p10) (surface-condition p10 rough) (colour p10 natural) (treatment p10 untreated) (boardsize b2 s7) (wood p10 pine)
    del: (unused p10)
do-saw-small b3 p2 saw0 walnut rough s4 s3 :: cost: 30
    add: (available p2) (surface-condition p2 rough) (colour p2 natural) (treatment p2 untreated) (wood p2 walnut) (boardsize b3 s3)
    del: (unused p2)
do-saw-small b3 p10 saw0 walnut rough s4 s3 :: cost: 30
    add: (available p10) (surface-condition p10 rough) (colour p10 natural) (treatment p10 untreated) (boardsize b3 s3) (wood p10 walnut)
    del: (unused p10)
do-saw-medium b0 p0 saw0 teak rough s9 s8 s7 :: cost: 30
    add: (available p0) (wood p0 teak) (surface-condition p0 rough) (colour p0 natural) (treatment p0 untreated) (boardsize b0 s7)
    del: (unused p0)
do-saw-medium b0 p1 saw0 teak rough s9 s8 s7 :: cost: 30
    add: (boardsize b0 s7) (available p1) (wood p1 teak) (surface-condition p1 rough) (colour p1 natural) (treatment p1 untreated)
    del: (unused p1)
do-saw-medium b0 p7 saw0 teak rough s9 s8 s7 :: cost: 30
    add: (boardsize b0 s7) (available p7) (wood p7 teak) (surface-condition p7 rough) (colour p7 natural) (treatment p7 untreated)
    del: (unused p7)
do-saw-medium b0 p8 saw0 teak rough s9 s8 s7 :: cost: 30
    add: (boardsize b0 s7) (available p8) (wood p8 teak) (surface-condition p8 rough) (colour p8 natural) (treatment p8 untreated)
    del: (unused p8)
do-saw-medium b0 p9 saw0 teak rough s9 s8 s7 :: cost: 30
    add: (boardsize b0 s7) (available p9) (wood p9 teak) (surface-condition p9 rough) (colour p9 natural) (treatment p9 untreated)
    del: (unused p9)
do-saw-medium b2 p0 saw0 pine rough s8 s7 s6 :: cost: 30
    add: (available p0) (surface-condition p0 rough) (colour p0 natural) (treatment p0 untreated) (wood p0 pine) (boardsize b2 s6)
    del: (unused p0)
do-saw-medium b2 p1 saw0 pine rough s8 s7 s6 :: cost: 30
    add: (available p1) (surface-condition p1 rough) (colour p1 natural) (treatment p1 untreated) (boardsize b2 s6) (wood p1 pine)
    del: (unused p1)
do-saw-medium b2 p7 saw0 pine rough s8 s7 s6 :: cost: 30
    add: (available p7) (surface-condition p7 rough) (colour p7 natural) (treatment p7 untreated) (boardsize b2 s6) (wood p7 pine)
    del: (unused p7)
do-saw-medium b2 p8 saw0 pine rough s8 s7 s6 :: cost: 30
    add: (available p8) (surface-condition p8 rough) (colour p8 natural) (treatment p8 untreated) (boardsize b2 s6) (wood p8 pine)
    del: (unused p8)
do-saw-medium b2 p9 saw0 pine rough s8 s7 s6 :: cost: 30
    add: (available p9) (surface-condition p9 rough) (colour p9 natural) (treatment p9 untreated) (boardsize b2 s6) (wood p9 pine)
    del: (unused p9)
do-saw-medium b3 p0 saw0 walnut rough s4 s3 s2 :: cost: 30
    add: (available p0) (surface-condition p0 rough) (colour p0 natural) (treatment p0 untreated) (wood p0 walnut) (boardsize b3 s2)
    del: (unused p0)
do-saw-medium b3 p1 saw0 walnut rough s4 s3 s2 :: cost: 30
    add: (available p1) (surface-condition p1 rough) (colour p1 natural) (treatment p1 untreated) (boardsize b3 s2) (wood p1 walnut)
    del: (unused p1)
do-saw-medium b3 p7 saw0 walnut rough s4 s3 s2 :: cost: 30
    add: (available p7) (surface-condition p7 rough) (colour p7 natural) (treatment p7 untreated) (boardsize b3 s2) (wood p7 walnut)
    del: (unused p7)
do-saw-medium b3 p8 saw0 walnut rough s4 s3 s2 :: cost: 30
    add: (available p8) (surface-condition p8 rough) (colour p8 natural) (treatment p8 untreated) (boardsize b3 s2) (wood p8 walnut)
    del: (unused p8)
do-saw-medium b3 p9 saw0 walnut rough s4 s3 s2 :: cost: 30
    add: (available p9) (surface-condition p9 rough) (colour p9 natural) (treatment p9 untreated) (boardsize b3 s2) (wood p9 walnut)
    del: (unused p9)
do-saw-large b0 p3 saw0 teak rough s9 s7 s8 s6 :: cost: 30
    add: (available p3) (wood p3 teak) (surface-condition p3 rough) (colour p3 natural) (treatment p3 untreated) (boardsize b0 s6)
    del: (unused p3)
do-saw-large b0 p4 saw0 teak rough s9 s7 s8 s6 :: cost: 30
    add: (boardsize b0 s6) (available p4) (wood p4 teak) (surface-condition p4 rough) (colour p4 natural) (treatment p4 untreated)
    del: (unused p4)
do-saw-large b0 p5 saw0 teak rough s9 s7 s8 s6 :: cost: 30
    add: (boardsize b0 s6) (available p5) (wood p5 teak) (surface-condition p5 rough) (colour p5 natural) (treatment p5 untreated)
    del: (unused p5)
do-saw-large b2 p3 saw0 pine rough s8 s6 s7 s5 :: cost: 30
    add: (available p3) (surface-condition p3 rough) (colour p3 natural) (treatment p3 untreated) (wood p3 pine) (boardsize b2 s5)
    del: (unused p3)
do-saw-large b2 p4 saw0 pine rough s8 s6 s7 s5 :: cost: 30
    add: (available p4) (surface-condition p4 rough) (colour p4 natural) (treatment p4 untreated) (boardsize b2 s5) (wood p4 pine)
    del: (unused p4)
do-saw-large b2 p5 saw0 pine rough s8 s6 s7 s5 :: cost: 30
    add: (available p5) (surface-condition p5 rough) (colour p5 natural) (treatment p5 untreated) (boardsize b2 s5) (wood p5 pine)
    del: (unused p5)
do-saw-large b3 p3 saw0 walnut rough s4 s2 s3 s1 :: cost: 30
    add: (available p3) (surface-condition p3 rough) (colour p3 natural) (treatment p3 untreated) (wood p3 walnut) (boardsize b3 s1)
    del: (unused p3)
do-saw-large b3 p4 saw0 walnut rough s4 s2 s3 s1 :: cost: 30
    add: (available p4) (surface-condition p4 rough) (colour p4 natural) (treatment p4 untreated) (boardsize b3 s1) (wood p4 walnut)
    del: (unused p4)
do-saw-large b3 p5 saw0 walnut rough s4 s2 s3 s1 :: cost: 30
    add: (available p5) (surface-condition p5 rough) (colour p5 natural) (treatment p5 untreated) (boardsize b3 s1) (wood p5 walnut)
    del: (unused p5)
Step 5 (unused p0) (unused p1) (unused p2) (unused p3) (unused p4) (unused p5) (available p6) (wood p6 walnut) (treatment p6 varnished) (unused p7) (unused p8) (unused p9) (boardsize b0 s9) (wood b0 teak) (surface-condition b0 rough) (available b0) (boardsize b1 s0) (wood b1 teak) (surface-condition b1 rough) (boardsize b2 s8) (wood b2 pine) (surface-condition b2 rough) (available b2) (boardsize b3 s4) (wood b3 walnut) (surface-condition b3 rough) (available b3) (surface-condition p6 smooth) (in-highspeed-saw b1 highspeed-saw0) (boardsize b0 s8) (available p10) (wood p10 teak) (surface-condition p10 rough) (colour p10 natural) (treatment p10 untreated) (colour p6 white)
size: 45
do-glaze p10 glazer0 natural :: cost: 10
    add: (treatment p10 glazed)
    del: (treatment p10 untreated)
do-glaze p10 glazer0 red :: cost: 10
    add: (treatment p10 glazed) (colour p10 red)
    del: (colour p10 natural) (treatment p10 untreated)
do-glaze p10 glazer0 green :: cost: 10
    add: (treatment p10 glazed) (colour p10 green)
    del: (colour p10 natural) (treatment p10 untreated)
do-glaze p10 glazer0 black :: cost: 10
    add: (treatment p10 glazed) (colour p10 black)
    del: (colour p10 natural) (treatment p10 untreated)
do-glaze p10 glazer0 mauve :: cost: 10
    add: (treatment p10 glazed) (colour p10 mauve)
    del: (colour p10 natural) (treatment p10 untreated)
do-grind p6 grinder0 smooth white varnished colourfragments :: cost: 45
    add: (colour p6 natural) (surface-condition p6 verysmooth) (treatment p6 colourfragments)
    del: (treatment p6 varnished) (surface-condition p6 smooth) (colour p6 white)
do-plane p6 planer0 smooth white varnished :: cost: 30
    add: (colour p6 natural) (treatment p6 untreated)
    del: (treatment p6 varnished) (colour p6 white)
do-plane p10 planer0 rough natural untreated :: cost: 10
    add: (surface-condition p10 smooth)
    del: (surface-condition p10 rough)
unload-highspeed-saw b1 highspeed-saw0 :: cost: 10
    add: (empty highspeed-saw0) (available b1)
    del: (in-highspeed-saw b1 highspeed-saw0)
do-saw-small b0 p2 saw0 teak rough s8 s7 :: cost: 30
    add: (available p2) (wood p2 teak) (surface-condition p2 rough) (colour p2 natural) (treatment p2 untreated) (boardsize b0 s7)
    del: (unused p2)
do-saw-small b0 p2 saw0 teak rough s9 s8 :: cost: 30
    add: (available p2) (wood p2 teak) (surface-condition p2 rough) (colour p2 natural) (treatment p2 untreated)
    del: (unused p2)
do-saw-small b2 p2 saw0 pine rough s8 s7 :: cost: 30
    add: (available p2) (surface-condition p2 rough) (colour p2 natural) (treatment p2 untreated) (wood p2 pine) (boardsize b2 s7)
    del: (unused p2)
do-saw-small b3 p2 saw0 walnut rough s4 s3 :: cost: 30
    add: (available p2) (surface-condition p2 rough) (colour p2 natural) (treatment p2 untreated) (wood p2 walnut) (boardsize b3 s3)
    del: (unused p2)
do-saw-medium b0 p0 saw0 teak rough s8 s7 s6 :: cost: 30
    add: (available p0) (wood p0 teak) (surface-condition p0 rough) (colour p0 natural) (treatment p0 untreated) (boardsize b0 s6)
    del: (unused p0)
do-saw-medium b0 p0 saw0 teak rough s9 s8 s7 :: cost: 30
    add: (available p0) (wood p0 teak) (surface-condition p0 rough) (colour p0 natural) (treatment p0 untreated) (boardsize b0 s7)
    del: (unused p0)
do-saw-medium b0 p1 saw0 teak rough s8 s7 s6 :: cost: 30
    add: (available p1) (wood p1 teak) (surface-condition p1 rough) (colour p1 natural) (treatment p1 untreated) (boardsize b0 s6)
    del: (unused p1)
do-saw-medium b0 p1 saw0 teak rough s9 s8 s7 :: cost: 30
    add: (boardsize b0 s7) (available p1) (wood p1 teak) (surface-condition p1 rough) (colour p1 natural) (treatment p1 untreated)
    del: (unused p1)
do-saw-medium b0 p7 saw0 teak rough s8 s7 s6 :: cost: 30
    add: (available p7) (wood p7 teak) (surface-condition p7 rough) (colour p7 natural) (treatment p7 untreated) (boardsize b0 s6)
    del: (unused p7)
do-saw-medium b0 p7 saw0 teak rough s9 s8 s7 :: cost: 30
    add: (boardsize b0 s7) (available p7) (wood p7 teak) (surface-condition p7 rough) (colour p7 natural) (treatment p7 untreated)
    del: (unused p7)
do-saw-medium b0 p8 saw0 teak rough s8 s7 s6 :: cost: 30
    add: (available p8) (wood p8 teak) (surface-condition p8 rough) (colour p8 natural) (treatment p8 untreated) (boardsize b0 s6)
    del: (unused p8)
do-saw-medium b0 p8 saw0 teak rough s9 s8 s7 :: cost: 30
    add: (boardsize b0 s7) (available p8) (wood p8 teak) (surface-condition p8 rough) (colour p8 natural) (treatment p8 untreated)
    del: (unused p8)
do-saw-medium b0 p9 saw0 teak rough s8 s7 s6 :: cost: 30
    add: (available p9) (wood p9 teak) (surface-condition p9 rough) (colour p9 natural) (treatment p9 untreated) (boardsize b0 s6)
    del: (unused p9)
do-saw-medium b0 p9 saw0 teak rough s9 s8 s7 :: cost: 30
    add: (boardsize b0 s7) (available p9) (wood p9 teak) (surface-condition p9 rough) (colour p9 natural) (treatment p9 untreated)
    del: (unused p9)
do-saw-medium b2 p0 saw0 pine rough s8 s7 s6 :: cost: 30
    add: (available p0) (surface-condition p0 rough) (colour p0 natural) (treatment p0 untreated) (wood p0 pine) (boardsize b2 s6)
    del: (unused p0)
do-saw-medium b2 p1 saw0 pine rough s8 s7 s6 :: cost: 30
    add: (available p1) (surface-condition p1 rough) (colour p1 natural) (treatment p1 untreated) (boardsize b2 s6) (wood p1 pine)
    del: (unused p1)
do-saw-medium b2 p7 saw0 pine rough s8 s7 s6 :: cost: 30
    add: (available p7) (surface-condition p7 rough) (colour p7 natural) (treatment p7 untreated) (boardsize b2 s6) (wood p7 pine)
    del: (unused p7)
do-saw-medium b2 p8 saw0 pine rough s8 s7 s6 :: cost: 30
    add: (available p8) (surface-condition p8 rough) (colour p8 natural) (treatment p8 untreated) (boardsize b2 s6) (wood p8 pine)
    del: (unused p8)
do-saw-medium b2 p9 saw0 pine rough s8 s7 s6 :: cost: 30
    add: (available p9) (surface-condition p9 rough) (colour p9 natural) (treatment p9 untreated) (boardsize b2 s6) (wood p9 pine)
    del: (unused p9)
do-saw-medium b3 p0 saw0 walnut rough s4 s3 s2 :: cost: 30
    add: (available p0) (surface-condition p0 rough) (colour p0 natural) (treatment p0 untreated) (wood p0 walnut) (boardsize b3 s2)
    del: (unused p0)
do-saw-medium b3 p1 saw0 walnut rough s4 s3 s2 :: cost: 30
    add: (available p1) (surface-condition p1 rough) (colour p1 natural) (treatment p1 untreated) (boardsize b3 s2) (wood p1 walnut)
    del: (unused p1)
do-saw-medium b3 p7 saw0 walnut rough s4 s3 s2 :: cost: 30
    add: (available p7) (surface-condition p7 rough) (colour p7 natural) (treatment p7 untreated) (boardsize b3 s2) (wood p7 walnut)
    del: (unused p7)
do-saw-medium b3 p8 saw0 walnut rough s4 s3 s2 :: cost: 30
    add: (available p8) (surface-condition p8 rough) (colour p8 natural) (treatment p8 untreated) (boardsize b3 s2) (wood p8 walnut)
    del: (unused p8)
do-saw-medium b3 p9 saw0 walnut rough s4 s3 s2 :: cost: 30
    add: (available p9) (surface-condition p9 rough) (colour p9 natural) (treatment p9 untreated) (boardsize b3 s2) (wood p9 walnut)
    del: (unused p9)
do-saw-large b0 p3 saw0 teak rough s8 s6 s7 s5 :: cost: 30
    add: (available p3) (wood p3 teak) (surface-condition p3 rough) (colour p3 natural) (treatment p3 untreated) (boardsize b0 s5)
    del: (unused p3)
do-saw-large b0 p3 saw0 teak rough s9 s7 s8 s6 :: cost: 30
    add: (available p3) (wood p3 teak) (surface-condition p3 rough) (colour p3 natural) (treatment p3 untreated) (boardsize b0 s6)
    del: (unused p3)
do-saw-large b0 p4 saw0 teak rough s8 s6 s7 s5 :: cost: 30
    add: (available p4) (wood p4 teak) (surface-condition p4 rough) (colour p4 natural) (treatment p4 untreated) (boardsize b0 s5)
    del: (unused p4)
do-saw-large b0 p4 saw0 teak rough s9 s7 s8 s6 :: cost: 30
    add: (boardsize b0 s6) (available p4) (wood p4 teak) (surface-condition p4 rough) (colour p4 natural) (treatment p4 untreated)
    del: (unused p4)
do-saw-large b0 p5 saw0 teak rough s8 s6 s7 s5 :: cost: 30
    add: (available p5) (wood p5 teak) (surface-condition p5 rough) (colour p5 natural) (treatment p5 untreated) (boardsize b0 s5)
    del: (unused p5)
do-saw-large b0 p5 saw0 teak rough s9 s7 s8 s6 :: cost: 30
    add: (boardsize b0 s6) (available p5) (wood p5 teak) (surface-condition p5 rough) (colour p5 natural) (treatment p5 untreated)
    del: (unused p5)
do-saw-large b2 p3 saw0 pine rough s8 s6 s7 s5 :: cost: 30
    add: (available p3) (surface-condition p3 rough) (colour p3 natural) (treatment p3 untreated) (wood p3 pine) (boardsize b2 s5)
    del: (unused p3)
do-saw-large b2 p4 saw0 pine rough s8 s6 s7 s5 :: cost: 30
    add: (available p4) (surface-condition p4 rough) (colour p4 natural) (treatment p4 untreated) (boardsize b2 s5) (wood p4 pine)
    del: (unused p4)
do-saw-large b2 p5 saw0 pine rough s8 s6 s7 s5 :: cost: 30
    add: (available p5) (surface-condition p5 rough) (colour p5 natural) (treatment p5 untreated) (boardsize b2 s5) (wood p5 pine)
    del: (unused p5)
do-saw-large b3 p3 saw0 walnut rough s4 s2 s3 s1 :: cost: 30
    add: (available p3) (surface-condition p3 rough) (colour p3 natural) (treatment p3 untreated) (wood p3 walnut) (boardsize b3 s1)
    del: (unused p3)
do-saw-large b3 p4 saw0 walnut rough s4 s2 s3 s1 :: cost: 30
    add: (available p4) (surface-condition p4 rough) (colour p4 natural) (treatment p4 untreated) (boardsize b3 s1) (wood p4 walnut)
    del: (unused p4)
do-saw-large b3 p5 saw0 walnut rough s4 s2 s3 s1 :: cost: 30
    add: (available p5) (surface-condition p5 rough) (colour p5 natural) (treatment p5 untreated) (boardsize b3 s1) (wood p5 walnut)
    del: (unused p5)
Step 6 (unused p0) (unused p1) (unused p2) (unused p3) (unused p4) (unused p5) (available p6) (colour p6 natural) (wood p6 walnut) (surface-condition p6 verysmooth) (unused p7) (unused p8) (unused p9) (boardsize b0 s9) (wood b0 teak) (surface-condition b0 rough) (available b0) (boardsize b1 s0) (wood b1 teak) (surface-condition b1 rough) (boardsize b2 s8) (wood b2 pine) (surface-condition b2 rough) (available b2) (boardsize b3 s4) (wood b3 walnut) (surface-condition b3 rough) (available b3) (treatment p6 colourfragments) (in-highspeed-saw b1 highspeed-saw0) (boardsize b0 s8) (available p10) (wood p10 teak) (surface-condition p10 rough) (colour p10 natural) (treatment p10 untreated)
size: 45
do-glaze p10 glazer0 natural :: cost: 10
    add: (treatment p10 glazed)
    del: (treatment p10 untreated)
do-glaze p10 glazer0 red :: cost: 10
    add: (treatment p10 glazed) (colour p10 red)
    del: (colour p10 natural) (treatment p10 untreated)
do-glaze p10 glazer0 green :: cost: 10
    add: (treatment p10 glazed) (colour p10 green)
    del: (colour p10 natural) (treatment p10 untreated)
do-glaze p10 glazer0 black :: cost: 10
    add: (treatment p10 glazed) (colour p10 black)
    del: (colour p10 natural) (treatment p10 untreated)
do-glaze p10 glazer0 mauve :: cost: 10
    add: (treatment p10 glazed) (colour p10 mauve)
    del: (colour p10 natural) (treatment p10 untreated)
do-grind p6 grinder0 verysmooth natural colourfragments untreated :: cost: 45
    add: (treatment p6 untreated)
    del: (treatment p6 colourfragments)
do-plane p6 planer0 verysmooth natural colourfragments :: cost: 30
    add: (surface-condition p6 smooth) (treatment p6 untreated)
    del: (surface-condition p6 verysmooth) (treatment p6 colourfragments)
do-plane p10 planer0 rough natural untreated :: cost: 10
    add: (surface-condition p10 smooth)
    del: (surface-condition p10 rough)
unload-highspeed-saw b1 highspeed-saw0 :: cost: 10
    add: (empty highspeed-saw0) (available b1)
    del: (in-highspeed-saw b1 highspeed-saw0)
do-saw-small b0 p2 saw0 teak rough s8 s7 :: cost: 30
    add: (available p2) (wood p2 teak) (surface-condition p2 rough) (colour p2 natural) (treatment p2 untreated) (boardsize b0 s7)
    del: (unused p2)
do-saw-small b0 p2 saw0 teak rough s9 s8 :: cost: 30
    add: (available p2) (wood p2 teak) (surface-condition p2 rough) (colour p2 natural) (treatment p2 untreated)
    del: (unused p2)
do-saw-small b2 p2 saw0 pine rough s8 s7 :: cost: 30
    add: (available p2) (surface-condition p2 rough) (colour p2 natural) (treatment p2 untreated) (wood p2 pine) (boardsize b2 s7)
    del: (unused p2)
do-saw-small b3 p2 saw0 walnut rough s4 s3 :: cost: 30
    add: (available p2) (surface-condition p2 rough) (colour p2 natural) (treatment p2 untreated) (wood p2 walnut) (boardsize b3 s3)
    del: (unused p2)
do-saw-medium b0 p0 saw0 teak rough s8 s7 s6 :: cost: 30
    add: (available p0) (wood p0 teak) (surface-condition p0 rough) (colour p0 natural) (treatment p0 untreated) (boardsize b0 s6)
    del: (unused p0)
do-saw-medium b0 p0 saw0 teak rough s9 s8 s7 :: cost: 30
    add: (available p0) (wood p0 teak) (surface-condition p0 rough) (colour p0 natural) (treatment p0 untreated) (boardsize b0 s7)
    del: (unused p0)
do-saw-medium b0 p1 saw0 teak rough s8 s7 s6 :: cost: 30
    add: (available p1) (wood p1 teak) (surface-condition p1 rough) (colour p1 natural) (treatment p1 untreated) (boardsize b0 s6)
    del: (unused p1)
do-saw-medium b0 p1 saw0 teak rough s9 s8 s7 :: cost: 30
    add: (boardsize b0 s7) (available p1) (wood p1 teak) (surface-condition p1 rough) (colour p1 natural) (treatment p1 untreated)
    del: (unused p1)
do-saw-medium b0 p7 saw0 teak rough s8 s7 s6 :: cost: 30
    add: (available p7) (wood p7 teak) (surface-condition p7 rough) (colour p7 natural) (treatment p7 untreated) (boardsize b0 s6)
    del: (unused p7)
do-saw-medium b0 p7 saw0 teak rough s9 s8 s7 :: cost: 30
    add: (boardsize b0 s7) (available p7) (wood p7 teak) (surface-condition p7 rough) (colour p7 natural) (treatment p7 untreated)
    del: (unused p7)
do-saw-medium b0 p8 saw0 teak rough s8 s7 s6 :: cost: 30
    add: (available p8) (wood p8 teak) (surface-condition p8 rough) (colour p8 natural) (treatment p8 untreated) (boardsize b0 s6)
    del: (unused p8)
do-saw-medium b0 p8 saw0 teak rough s9 s8 s7 :: cost: 30
    add: (boardsize b0 s7) (available p8) (wood p8 teak) (surface-condition p8 rough) (colour p8 natural) (treatment p8 untreated)
    del: (unused p8)
do-saw-medium b0 p9 saw0 teak rough s8 s7 s6 :: cost: 30
    add: (available p9) (wood p9 teak) (surface-condition p9 rough) (colour p9 natural) (treatment p9 untreated) (boardsize b0 s6)
    del: (unused p9)
do-saw-medium b0 p9 saw0 teak rough s9 s8 s7 :: cost: 30
    add: (boardsize b0 s7) (available p9) (wood p9 teak) (surface-condition p9 rough) (colour p9 natural) (treatment p9 untreated)
    del: (unused p9)
do-saw-medium b2 p0 saw0 pine rough s8 s7 s6 :: cost: 30
    add: (available p0) (surface-condition p0 rough) (colour p0 natural) (treatment p0 untreated) (wood p0 pine) (boardsize b2 s6)
    del: (unused p0)
do-saw-medium b2 p1 saw0 pine rough s8 s7 s6 :: cost: 30
    add: (available p1) (surface-condition p1 rough) (colour p1 natural) (treatment p1 untreated) (boardsize b2 s6) (wood p1 pine)
    del: (unused p1)
do-saw-medium b2 p7 saw0 pine rough s8 s7 s6 :: cost: 30
    add: (available p7) (surface-condition p7 rough) (colour p7 natural) (treatment p7 untreated) (boardsize b2 s6) (wood p7 pine)
    del: (unused p7)
do-saw-medium b2 p8 saw0 pine rough s8 s7 s6 :: cost: 30
    add: (available p8) (surface-condition p8 rough) (colour p8 natural) (treatment p8 untreated) (boardsize b2 s6) (wood p8 pine)
    del: (unused p8)
do-saw-medium b2 p9 saw0 pine rough s8 s7 s6 :: cost: 30
    add: (available p9) (surface-condition p9 rough) (colour p9 natural) (treatment p9 untreated) (boardsize b2 s6) (wood p9 pine)
    del: (unused p9)
do-saw-medium b3 p0 saw0 walnut rough s4 s3 s2 :: cost: 30
    add: (available p0) (surface-condition p0 rough) (colour p0 natural) (treatment p0 untreated) (wood p0 walnut) (boardsize b3 s2)
    del: (unused p0)
do-saw-medium b3 p1 saw0 walnut rough s4 s3 s2 :: cost: 30
    add: (available p1) (surface-condition p1 rough) (colour p1 natural) (treatment p1 untreated) (boardsize b3 s2) (wood p1 walnut)
    del: (unused p1)
do-saw-medium b3 p7 saw0 walnut rough s4 s3 s2 :: cost: 30
    add: (available p7) (surface-condition p7 rough) (colour p7 natural) (treatment p7 untreated) (boardsize b3 s2) (wood p7 walnut)
    del: (unused p7)
do-saw-medium b3 p8 saw0 walnut rough s4 s3 s2 :: cost: 30
    add: (available p8) (surface-condition p8 rough) (colour p8 natural) (treatment p8 untreated) (boardsize b3 s2) (wood p8 walnut)
    del: (unused p8)
do-saw-medium b3 p9 saw0 walnut rough s4 s3 s2 :: cost: 30
    add: (available p9) (surface-condition p9 rough) (colour p9 natural) (treatment p9 untreated) (boardsize b3 s2) (wood p9 walnut)
    del: (unused p9)
do-saw-large b0 p3 saw0 teak rough s8 s6 s7 s5 :: cost: 30
    add: (available p3) (wood p3 teak) (surface-condition p3 rough) (colour p3 natural) (treatment p3 untreated) (boardsize b0 s5)
    del: (unused p3)
do-saw-large b0 p3 saw0 teak rough s9 s7 s8 s6 :: cost: 30
    add: (available p3) (wood p3 teak) (surface-condition p3 rough) (colour p3 natural) (treatment p3 untreated) (boardsize b0 s6)
    del: (unused p3)
do-saw-large b0 p4 saw0 teak rough s8 s6 s7 s5 :: cost: 30
    add: (available p4) (wood p4 teak) (surface-condition p4 rough) (colour p4 natural) (treatment p4 untreated) (boardsize b0 s5)
    del: (unused p4)
do-saw-large b0 p4 saw0 teak rough s9 s7 s8 s6 :: cost: 30
    add: (boardsize b0 s6) (available p4) (wood p4 teak) (surface-condition p4 rough) (colour p4 natural) (treatment p4 untreated)
    del: (unused p4)
do-saw-large b0 p5 saw0 teak rough s8 s6 s7 s5 :: cost: 30
    add: (available p5) (wood p5 teak) (surface-condition p5 rough) (colour p5 natural) (treatment p5 untreated) (boardsize b0 s5)
    del: (unused p5)
do-saw-large b0 p5 saw0 teak rough s9 s7 s8 s6 :: cost: 30
    add: (boardsize b0 s6) (available p5) (wood p5 teak) (surface-condition p5 rough) (colour p5 natural) (treatment p5 untreated)
    del: (unused p5)
do-saw-large b2 p3 saw0 pine rough s8 s6 s7 s5 :: cost: 30
    add: (available p3) (surface-condition p3 rough) (colour p3 natural) (treatment p3 untreated) (wood p3 pine) (boardsize b2 s5)
    del: (unused p3)
do-saw-large b2 p4 saw0 pine rough s8 s6 s7 s5 :: cost: 30
    add: (available p4) (surface-condition p4 rough) (colour p4 natural) (treatment p4 untreated) (boardsize b2 s5) (wood p4 pine)
    del: (unused p4)
do-saw-large b2 p5 saw0 pine rough s8 s6 s7 s5 :: cost: 30
    add: (available p5) (surface-condition p5 rough) (colour p5 natural) (treatment p5 untreated) (boardsize b2 s5) (wood p5 pine)
    del: (unused p5)
do-saw-large b3 p3 saw0 walnut rough s4 s2 s3 s1 :: cost: 30
    add: (available p3) (surface-condition p3 rough) (colour p3 natural) (treatment p3 untreated) (wood p3 walnut) (boardsize b3 s1)
    del: (unused p3)
do-saw-large b3 p4 saw0 walnut rough s4 s2 s3 s1 :: cost: 30
    add: (available p4) (surface-condition p4 rough) (colour p4 natural) (treatment p4 untreated) (boardsize b3 s1) (wood p4 walnut)
    del: (unused p4)
do-saw-large b3 p5 saw0 walnut rough s4 s2 s3 s1 :: cost: 30
    add: (available p5) (surface-condition p5 rough) (colour p5 natural) (treatment p5 untreated) (boardsize b3 s1) (wood p5 walnut)
    del: (unused p5)
Step 7 (unused p0) (unused p1) (unused p2) (unused p3) (unused p4) (unused p5) (available p6) (colour p6 natural) (wood p6 walnut) (unused p7) (unused p8) (unused p9) (boardsize b0 s9) (wood b0 teak) (surface-condition b0 rough) (available b0) (boardsize b1 s0) (wood b1 teak) (surface-condition b1 rough) (boardsize b2 s8) (wood b2 pine) (surface-condition b2 rough) (available b2) (boardsize b3 s4) (wood b3 walnut) (surface-condition b3 rough) (available b3) (surface-condition p6 smooth) (treatment p6 untreated) (in-highspeed-saw b1 highspeed-saw0) (boardsize b0 s8) (available p10) (wood p10 teak) (surface-condition p10 rough) (colour p10 natural) (treatment p10 untreated)
size: 56
do-immersion-varnish p6 immersion-varnisher0 natural smooth :: cost: 10
    add: (treatment p6 varnished)
    del: (treatment p6 untreated)
do-immersion-varnish p6 immersion-varnisher0 mauve smooth :: cost: 10
    add: (treatment p6 varnished) (colour p6 mauve)
    del: (colour p6 natural) (treatment p6 untreated)
do-immersion-varnish p6 immersion-varnisher0 white smooth :: cost: 10
    add: (treatment p6 varnished) (colour p6 white)
    del: (colour p6 natural) (treatment p6 untreated)
do-spray-varnish p6 spray-varnisher0 natural smooth :: cost: 15
    add: (treatment p6 varnished)
    del: (treatment p6 untreated)
do-spray-varnish p6 spray-varnisher0 mauve smooth :: cost: 15
    add: (treatment p6 varnished) (colour p6 mauve)
    del: (colour p6 natural) (treatment p6 untreated)
do-spray-varnish p6 spray-varnisher0 white smooth :: cost: 15
    add: (treatment p6 varnished) (colour p6 white)
    del: (colour p6 natural) (treatment p6 untreated)
do-glaze p6 glazer0 natural :: cost: 20
    add: (treatment p6 glazed)
    del: (treatment p6 untreated)
do-glaze p6 glazer0 red :: cost: 20
    add: (treatment p6 glazed) (colour p6 red)
    del: (colour p6 natural) (treatment p6 untreated)
do-glaze p6 glazer0 green :: cost: 20
    add: (treatment p6 glazed) (colour p6 green)
    del: (colour p6 natural) (treatment p6 untreated)
do-glaze p6 glazer0 black :: cost: 20
    add: (treatment p6 glazed) (colour p6 black)
    del: (colour p6 natural) (treatment p6 untreated)
do-glaze p6 glazer0 mauve :: cost: 20
    add: (colour p6 mauve) (treatment p6 glazed)
    del: (colour p6 natural) (treatment p6 untreated)
do-glaze p10 glazer0 natural :: cost: 10
    add: (treatment p10 glazed)
    del: (treatment p10 untreated)
do-glaze p10 glazer0 red :: cost: 10
    add: (treatment p10 glazed) (colour p10 red)
    del: (colour p10 natural) (treatment p10 untreated)
do-glaze p10 glazer0 green :: cost: 10
    add: (treatment p10 glazed) (colour p10 green)
    del: (colour p10 natural) (treatment p10 untreated)
do-glaze p10 glazer0 black :: cost: 10
    add: (treatment p10 glazed) (colour p10 black)
    del: (colour p10 natural) (treatment p10 untreated)
do-glaze p10 glazer0 mauve :: cost: 10
    add: (treatment p10 glazed) (colour p10 mauve)
    del: (colour p10 natural) (treatment p10 untreated)
do-grind p6 grinder0 smooth natural untreated untreated :: cost: 45
    add: (surface-condition p6 verysmooth)
    del: (surface-condition p6 smooth)
do-plane p6 planer0 smooth natural untreated :: cost: 30
    add:
    del:
do-plane p10 planer0 rough natural untreated :: cost: 10
    add: (surface-condition p10 smooth)
    del: (surface-condition p10 rough)
unload-highspeed-saw b1 highspeed-saw0 :: cost: 10
    add: (empty highspeed-saw0) (available b1)
    del: (in-highspeed-saw b1 highspeed-saw0)
do-saw-small b0 p2 saw0 teak rough s8 s7 :: cost: 30
    add: (available p2) (wood p2 teak) (surface-condition p2 rough) (colour p2 natural) (treatment p2 untreated) (boardsize b0 s7)
    del: (unused p2)
do-saw-small b0 p2 saw0 teak rough s9 s8 :: cost: 30
    add: (available p2) (wood p2 teak) (surface-condition p2 rough) (colour p2 natural) (treatment p2 untreated)
    del: (unused p2)
do-saw-small b2 p2 saw0 pine rough s8 s7 :: cost: 30
    add: (available p2) (surface-condition p2 rough) (colour p2 natural) (treatment p2 untreated) (wood p2 pine) (boardsize b2 s7)
    del: (unused p2)
do-saw-small b3 p2 saw0 walnut rough s4 s3 :: cost: 30
    add: (available p2) (surface-condition p2 rough) (colour p2 natural) (treatment p2 untreated) (wood p2 walnut) (boardsize b3 s3)
    del: (unused p2)
do-saw-medium b0 p0 saw0 teak rough s8 s7 s6 :: cost: 30
    add: (available p0) (wood p0 teak) (surface-condition p0 rough) (colour p0 natural) (treatment p0 untreated) (boardsize b0 s6)
    del: (unused p0)
do-saw-medium b0 p0 saw0 teak rough s9 s8 s7 :: cost: 30
    add: (available p0) (wood p0 teak) (surface-condition p0 rough) (colour p0 natural) (treatment p0 untreated) (boardsize b0 s7)
    del: (unused p0)
do-saw-medium b0 p1 saw0 teak rough s8 s7 s6 :: cost: 30
    add: (available p1) (wood p1 teak) (surface-condition p1 rough) (colour p1 natural) (treatment p1 untreated) (boardsize b0 s6)
    del: (unused p1)
do-saw-medium b0 p1 saw0 teak rough s9 s8 s7 :: cost: 30
    add: (boardsize b0 s7) (available p1) (wood p1 teak) (surface-condition p1 rough) (colour p1 natural) (treatment p1 untreated)
    del: (unused p1)
do-saw-medium b0 p7 saw0 teak rough s8 s7 s6 :: cost: 30
    add: (available p7) (wood p7 teak) (surface-condition p7 rough) (colour p7 natural) (treatment p7 untreated) (boardsize b0 s6)
    del: (unused p7)
do-saw-medium b0 p7 saw0 teak rough s9 s8 s7 :: cost: 30
    add: (boardsize b0 s7) (available p7) (wood p7 teak) (surface-condition p7 rough) (colour p7 natural) (treatment p7 untreated)
    del: (unused p7)
do-saw-medium b0 p8 saw0 teak rough s8 s7 s6 :: cost: 30
    add: (available p8) (wood p8 teak) (surface-condition p8 rough) (colour p8 natural) (treatment p8 untreated) (boardsize b0 s6)
    del: (unused p8)
do-saw-medium b0 p8 saw0 teak rough s9 s8 s7 :: cost: 30
    add: (boardsize b0 s7) (available p8) (wood p8 teak) (surface-condition p8 rough) (colour p8 natural) (treatment p8 untreated)
    del: (unused p8)
do-saw-medium b0 p9 saw0 teak rough s8 s7 s6 :: cost: 30
    add: (available p9) (wood p9 teak) (surface-condition p9 rough) (colour p9 natural) (treatment p9 untreated) (boardsize b0 s6)
    del: (unused p9)
do-saw-medium b0 p9 saw0 teak rough s9 s8 s7 :: cost: 30
    add: (boardsize b0 s7) (available p9) (wood p9 teak) (surface-condition p9 rough) (colour p9 natural) (treatment p9 untreated)
    del: (unused p9)
do-saw-medium b2 p0 saw0 pine rough s8 s7 s6 :: cost: 30
    add: (available p0) (surface-condition p0 rough) (colour p0 natural) (treatment p0 untreated) (wood p0 pine) (boardsize b2 s6)
    del: (unused p0)
do-saw-medium b2 p1 saw0 pine rough s8 s7 s6 :: cost: 30
    add: (available p1) (surface-condition p1 rough) (colour p1 natural) (treatment p1 untreated) (boardsize b2 s6) (wood p1 pine)
    del: (unused p1)
do-saw-medium b2 p7 saw0 pine rough s8 s7 s6 :: cost: 30
    add: (available p7) (surface-condition p7 rough) (colour p7 natural) (treatment p7 untreated) (boardsize b2 s6) (wood p7 pine)
    del: (unused p7)
do-saw-medium b2 p8 saw0 pine rough s8 s7 s6 :: cost: 30
    add: (available p8) (surface-condition p8 rough) (colour p8 natural) (treatment p8 untreated) (boardsize b2 s6) (wood p8 pine)
    del: (unused p8)
do-saw-medium b2 p9 saw0 pine rough s8 s7 s6 :: cost: 30
    add: (available p9) (surface-condition p9 rough) (colour p9 natural) (treatment p9 untreated) (boardsize b2 s6) (wood p9 pine)
    del: (unused p9)
do-saw-medium b3 p0 saw0 walnut rough s4 s3 s2 :: cost: 30
    add: (available p0) (surface-condition p0 rough) (colour p0 natural) (treatment p0 untreated) (wood p0 walnut) (boardsize b3 s2)
    del: (unused p0)
do-saw-medium b3 p1 saw0 walnut rough s4 s3 s2 :: cost: 30
    add: (available p1) (surface-condition p1 rough) (colour p1 natural) (treatment p1 untreated) (boardsize b3 s2) (wood p1 walnut)
    del: (unused p1)
do-saw-medium b3 p7 saw0 walnut rough s4 s3 s2 :: cost: 30
    add: (available p7) (surface-condition p7 rough) (colour p7 natural) (treatment p7 untreated) (boardsize b3 s2) (wood p7 walnut)
    del: (unused p7)
do-saw-medium b3 p8 saw0 walnut rough s4 s3 s2 :: cost: 30
    add: (available p8) (surface-condition p8 rough) (colour p8 natural) (treatment p8 untreated) (boardsize b3 s2) (wood p8 walnut)
    del: (unused p8)
do-saw-medium b3 p9 saw0 walnut rough s4 s3 s2 :: cost: 30
    add: (available p9) (surface-condition p9 rough) (colour p9 natural) (treatment p9 untreated) (boardsize b3 s2) (wood p9 walnut)
    del: (unused p9)
do-saw-large b0 p3 saw0 teak rough s8 s6 s7 s5 :: cost: 30
    add: (available p3) (wood p3 teak) (surface-condition p3 rough) (colour p3 natural) (treatment p3 untreated) (boardsize b0 s5)
    del: (unused p3)
do-saw-large b0 p3 saw0 teak rough s9 s7 s8 s6 :: cost: 30
    add: (available p3) (wood p3 teak) (surface-condition p3 rough) (colour p3 natural) (treatment p3 untreated) (boardsize b0 s6)
    del: (unused p3)
do-saw-large b0 p4 saw0 teak rough s8 s6 s7 s5 :: cost: 30
    add: (available p4) (wood p4 teak) (surface-condition p4 rough) (colour p4 natural) (treatment p4 untreated) (boardsize b0 s5)
    del: (unused p4)
do-saw-large b0 p4 saw0 teak rough s9 s7 s8 s6 :: cost: 30
    add: (boardsize b0 s6) (available p4) (wood p4 teak) (surface-condition p4 rough) (colour p4 natural) (treatment p4 untreated)
    del: (unused p4)
do-saw-large b0 p5 saw0 teak rough s8 s6 s7 s5 :: cost: 30
    add: (available p5) (wood p5 teak) (surface-condition p5 rough) (colour p5 natural) (treatment p5 untreated) (boardsize b0 s5)
    del: (unused p5)
do-saw-large b0 p5 saw0 teak rough s9 s7 s8 s6 :: cost: 30
    add: (boardsize b0 s6) (available p5) (wood p5 teak) (surface-condition p5 rough) (colour p5 natural) (treatment p5 untreated)
    del: (unused p5)
do-saw-large b2 p3 saw0 pine rough s8 s6 s7 s5 :: cost: 30
    add: (available p3) (surface-condition p3 rough) (colour p3 natural) (treatment p3 untreated) (wood p3 pine) (boardsize b2 s5)
    del: (unused p3)
do-saw-large b2 p4 saw0 pine rough s8 s6 s7 s5 :: cost: 30
    add: (available p4) (surface-condition p4 rough) (colour p4 natural) (treatment p4 untreated) (boardsize b2 s5) (wood p4 pine)
    del: (unused p4)
do-saw-large b2 p5 saw0 pine rough s8 s6 s7 s5 :: cost: 30
    add: (available p5) (surface-condition p5 rough) (colour p5 natural) (treatment p5 untreated) (boardsize b2 s5) (wood p5 pine)
    del: (unused p5)
do-saw-large b3 p3 saw0 walnut rough s4 s2 s3 s1 :: cost: 30
    add: (available p3) (surface-condition p3 rough) (colour p3 natural) (treatment p3 untreated) (wood p3 walnut) (boardsize b3 s1)
    del: (unused p3)
do-saw-large b3 p4 saw0 walnut rough s4 s2 s3 s1 :: cost: 30
    add: (available p4) (surface-condition p4 rough) (colour p4 natural) (treatment p4 untreated) (boardsize b3 s1) (wood p4 walnut)
    del: (unused p4)
do-saw-large b3 p5 saw0 walnut rough s4 s2 s3 s1 :: cost: 30
    add: (available p5) (surface-condition p5 rough) (colour p5 natural) (treatment p5 untreated) (boardsize b3 s1) (wood p5 walnut)
    del: (unused p5)
Step 8 (unused p0) (unused p1) (unused p2) (unused p3) (unused p4) (unused p5) (available p6) (wood p6 walnut) (unused p7) (unused p8) (unused p9) (boardsize b0 s9) (wood b0 teak) (surface-condition b0 rough) (available b0) (boardsize b1 s0) (wood b1 teak) (surface-condition b1 rough) (boardsize b2 s8) (wood b2 pine) (surface-condition b2 rough) (available b2) (boardsize b3 s4) (wood b3 walnut) (surface-condition b3 rough) (available b3) (surface-condition p6 smooth) (in-highspeed-saw b1 highspeed-saw0) (boardsize b0 s8) (available p10) (wood p10 teak) (surface-condition p10 rough) (colour p10 natural) (treatment p10 untreated) (treatment p6 glazed) (colour p6 red)
size: 45
do-glaze p10 glazer0 natural :: cost: 10
    add: (treatment p10 glazed)
    del: (treatment p10 untreated)
do-glaze p10 glazer0 red :: cost: 10
    add: (treatment p10 glazed) (colour p10 red)
    del: (colour p10 natural) (treatment p10 untreated)
do-glaze p10 glazer0 green :: cost: 10
    add: (treatment p10 glazed) (colour p10 green)
    del: (colour p10 natural) (treatment p10 untreated)
do-glaze p10 glazer0 black :: cost: 10
    add: (treatment p10 glazed) (colour p10 black)
    del: (colour p10 natural) (treatment p10 untreated)
do-glaze p10 glazer0 mauve :: cost: 10
    add: (treatment p10 glazed) (colour p10 mauve)
    del: (colour p10 natural) (treatment p10 untreated)
do-grind p6 grinder0 smooth red glazed untreated :: cost: 45
    add: (colour p6 natural) (surface-condition p6 verysmooth) (treatment p6 untreated)
    del: (surface-condition p6 smooth) (treatment p6 glazed) (colour p6 red)
do-plane p6 planer0 smooth red glazed :: cost: 30
    add: (colour p6 natural) (treatment p6 untreated)
    del: (treatment p6 glazed) (colour p6 red)
do-plane p10 planer0 rough natural untreated :: cost: 10
    add: (surface-condition p10 smooth)
    del: (surface-condition p10 rough)
unload-highspeed-saw b1 highspeed-saw0 :: cost: 10
    add: (empty highspeed-saw0) (available b1)
    del: (in-highspeed-saw b1 highspeed-saw0)
do-saw-small b0 p2 saw0 teak rough s8 s7 :: cost: 30
    add: (available p2) (wood p2 teak) (surface-condition p2 rough) (colour p2 natural) (treatment p2 untreated) (boardsize b0 s7)
    del: (unused p2)
do-saw-small b0 p2 saw0 teak rough s9 s8 :: cost: 30
    add: (available p2) (wood p2 teak) (surface-condition p2 rough) (colour p2 natural) (treatment p2 untreated)
    del: (unused p2)
do-saw-small b2 p2 saw0 pine rough s8 s7 :: cost: 30
    add: (available p2) (surface-condition p2 rough) (colour p2 natural) (treatment p2 untreated) (wood p2 pine) (boardsize b2 s7)
    del: (unused p2)
do-saw-small b3 p2 saw0 walnut rough s4 s3 :: cost: 30
    add: (available p2) (surface-condition p2 rough) (colour p2 natural) (treatment p2 untreated) (wood p2 walnut) (boardsize b3 s3)
    del: (unused p2)
do-saw-medium b0 p0 saw0 teak rough s8 s7 s6 :: cost: 30
    add: (available p0) (wood p0 teak) (surface-condition p0 rough) (colour p0 natural) (treatment p0 untreated) (boardsize b0 s6)
    del: (unused p0)
do-saw-medium b0 p0 saw0 teak rough s9 s8 s7 :: cost: 30
    add: (available p0) (wood p0 teak) (surface-condition p0 rough) (colour p0 natural) (treatment p0 untreated) (boardsize b0 s7)
    del: (unused p0)
do-saw-medium b0 p1 saw0 teak rough s8 s7 s6 :: cost: 30
    add: (available p1) (wood p1 teak) (surface-condition p1 rough) (colour p1 natural) (treatment p1 untreated) (boardsize b0 s6)
    del: (unused p1)
do-saw-medium b0 p1 saw0 teak rough s9 s8 s7 :: cost: 30
    add: (boardsize b0 s7) (available p1) (wood p1 teak) (surface-condition p1 rough) (colour p1 natural) (treatment p1 untreated)
    del: (unused p1)
do-saw-medium b0 p7 saw0 teak rough s8 s7 s6 :: cost: 30
    add: (available p7) (wood p7 teak) (surface-condition p7 rough) (colour p7 natural) (treatment p7 untreated) (boardsize b0 s6)
    del: (unused p7)
do-saw-medium b0 p7 saw0 teak rough s9 s8 s7 :: cost: 30
    add: (boardsize b0 s7) (available p7) (wood p7 teak) (surface-condition p7 rough) (colour p7 natural) (treatment p7 untreated)
    del: (unused p7)
do-saw-medium b0 p8 saw0 teak rough s8 s7 s6 :: cost: 30
    add: (available p8) (wood p8 teak) (surface-condition p8 rough) (colour p8 natural) (treatment p8 untreated) (boardsize b0 s6)
    del: (unused p8)
do-saw-medium b0 p8 saw0 teak rough s9 s8 s7 :: cost: 30
    add: (boardsize b0 s7) (available p8) (wood p8 teak) (surface-condition p8 rough) (colour p8 natural) (treatment p8 untreated)
    del: (unused p8)
do-saw-medium b0 p9 saw0 teak rough s8 s7 s6 :: cost: 30
    add: (available p9) (wood p9 teak) (surface-condition p9 rough) (colour p9 natural) (treatment p9 untreated) (boardsize b0 s6)
    del: (unused p9)
do-saw-medium b0 p9 saw0 teak rough s9 s8 s7 :: cost: 30
    add: (boardsize b0 s7) (available p9) (wood p9 teak) (surface-condition p9 rough) (colour p9 natural) (treatment p9 untreated)
    del: (unused p9)
do-saw-medium b2 p0 saw0 pine rough s8 s7 s6 :: cost: 30
    add: (available p0) (surface-condition p0 rough) (colour p0 natural) (treatment p0 untreated) (wood p0 pine) (boardsize b2 s6)
    del: (unused p0)
do-saw-medium b2 p1 saw0 pine rough s8 s7 s6 :: cost: 30
    add: (available p1) (surface-condition p1 rough) (colour p1 natural) (treatment p1 untreated) (boardsize b2 s6) (wood p1 pine)
    del: (unused p1)
do-saw-medium b2 p7 saw0 pine rough s8 s7 s6 :: cost: 30
    add: (available p7) (surface-condition p7 rough) (colour p7 natural) (treatment p7 untreated) (boardsize b2 s6) (wood p7 pine)
    del: (unused p7)
do-saw-medium b2 p8 saw0 pine rough s8 s7 s6 :: cost: 30
    add: (available p8) (surface-condition p8 rough) (colour p8 natural) (treatment p8 untreated) (boardsize b2 s6) (wood p8 pine)
    del: (unused p8)
do-saw-medium b2 p9 saw0 pine rough s8 s7 s6 :: cost: 30
    add: (available p9) (surface-condition p9 rough) (colour p9 natural) (treatment p9 untreated) (boardsize b2 s6) (wood p9 pine)
    del: (unused p9)
do-saw-medium b3 p0 saw0 walnut rough s4 s3 s2 :: cost: 30
    add: (available p0) (surface-condition p0 rough) (colour p0 natural) (treatment p0 untreated) (wood p0 walnut) (boardsize b3 s2)
    del: (unused p0)
do-saw-medium b3 p1 saw0 walnut rough s4 s3 s2 :: cost: 30
    add: (available p1) (surface-condition p1 rough) (colour p1 natural) (treatment p1 untreated) (boardsize b3 s2) (wood p1 walnut)
    del: (unused p1)
do-saw-medium b3 p7 saw0 walnut rough s4 s3 s2 :: cost: 30
    add: (available p7) (surface-condition p7 rough) (colour p7 natural) (treatment p7 untreated) (boardsize b3 s2) (wood p7 walnut)
    del: (unused p7)
do-saw-medium b3 p8 saw0 walnut rough s4 s3 s2 :: cost: 30
    add: (available p8) (surface-condition p8 rough) (colour p8 natural) (treatment p8 untreated) (boardsize b3 s2) (wood p8 walnut)
    del: (unused p8)
do-saw-medium b3 p9 saw0 walnut rough s4 s3 s2 :: cost: 30
    add: (available p9) (surface-condition p9 rough) (colour p9 natural) (treatment p9 untreated) (boardsize b3 s2) (wood p9 walnut)
    del: (unused p9)
do-saw-large b0 p3 saw0 teak rough s8 s6 s7 s5 :: cost: 30
    add: (available p3) (wood p3 teak) (surface-condition p3 rough) (colour p3 natural) (treatment p3 untreated) (boardsize b0 s5)
    del: (unused p3)
do-saw-large b0 p3 saw0 teak rough s9 s7 s8 s6 :: cost: 30
    add: (available p3) (wood p3 teak) (surface-condition p3 rough) (colour p3 natural) (treatment p3 untreated) (boardsize b0 s6)
    del: (unused p3)
do-saw-large b0 p4 saw0 teak rough s8 s6 s7 s5 :: cost: 30
    add: (available p4) (wood p4 teak) (surface-condition p4 rough) (colour p4 natural) (treatment p4 untreated) (boardsize b0 s5)
    del: (unused p4)
do-saw-large b0 p4 saw0 teak rough s9 s7 s8 s6 :: cost: 30
    add: (boardsize b0 s6) (available p4) (wood p4 teak) (surface-condition p4 rough) (colour p4 natural) (treatment p4 untreated)
    del: (unused p4)
do-saw-large b0 p5 saw0 teak rough s8 s6 s7 s5 :: cost: 30
    add: (available p5) (wood p5 teak) (surface-condition p5 rough) (colour p5 natural) (treatment p5 untreated) (boardsize b0 s5)
    del: (unused p5)
do-saw-large b0 p5 saw0 teak rough s9 s7 s8 s6 :: cost: 30
    add: (boardsize b0 s6) (available p5) (wood p5 teak) (surface-condition p5 rough) (colour p5 natural) (treatment p5 untreated)
    del: (unused p5)
do-saw-large b2 p3 saw0 pine rough s8 s6 s7 s5 :: cost: 30
    add: (available p3) (surface-condition p3 rough) (colour p3 natural) (treatment p3 untreated) (wood p3 pine) (boardsize b2 s5)
    del: (unused p3)
do-saw-large b2 p4 saw0 pine rough s8 s6 s7 s5 :: cost: 30
    add: (available p4) (surface-condition p4 rough) (colour p4 natural) (treatment p4 untreated) (boardsize b2 s5) (wood p4 pine)
    del: (unused p4)
do-saw-large b2 p5 saw0 pine rough s8 s6 s7 s5 :: cost: 30
    add: (available p5) (surface-condition p5 rough) (colour p5 natural) (treatment p5 untreated) (boardsize b2 s5) (wood p5 pine)
    del: (unused p5)
do-saw-large b3 p3 saw0 walnut rough s4 s2 s3 s1 :: cost: 30
    add: (available p3) (surface-condition p3 rough) (colour p3 natural) (treatment p3 untreated) (wood p3 walnut) (boardsize b3 s1)
    del: (unused p3)
do-saw-large b3 p4 saw0 walnut rough s4 s2 s3 s1 :: cost: 30
    add: (available p4) (surface-condition p4 rough) (colour p4 natural) (treatment p4 untreated) (boardsize b3 s1) (wood p4 walnut)
    del: (unused p4)
do-saw-large b3 p5 saw0 walnut rough s4 s2 s3 s1 :: cost: 30
    add: (available p5) (surface-condition p5 rough) (colour p5 natural) (treatment p5 untreated) (boardsize b3 s1) (wood p5 walnut)
    del: (unused p5)
Step 9 (empty highspeed-saw0) (unused p0) (unused p1) (unused p2) (unused p3) (unused p4) (unused p5) (available p6) (wood p6 walnut) (unused p7) (unused p8) (unused p9) (boardsize b0 s9) (wood b0 teak) (surface-condition b0 rough) (available b0) (boardsize b1 s0) (wood b1 teak) (surface-condition b1 rough) (available b1) (boardsize b2 s8) (wood b2 pine) (surface-condition b2 rough) (available b2) (boardsize b3 s4) (wood b3 walnut) (surface-condition b3 rough) (available b3) (surface-condition p6 smooth) (boardsize b0 s8) (available p10) (wood p10 teak) (surface-condition p10 rough) (colour p10 natural) (treatment p10 untreated) (treatment p6 glazed) (colour p6 red)
size: 48
do-glaze p10 glazer0 natural :: cost: 10
    add: (treatment p10 glazed)
    del: (treatment p10 untreated)
do-glaze p10 glazer0 red :: cost: 10
    add: (treatment p10 glazed) (colour p10 red)
    del: (colour p10 natural) (treatment p10 untreated)
do-glaze p10 glazer0 green :: cost: 10
    add: (treatment p10 glazed) (colour p10 green)
    del: (colour p10 natural) (treatment p10 untreated)
do-glaze p10 glazer0 black :: cost: 10
    add: (treatment p10 glazed) (colour p10 black)
    del: (colour p10 natural) (treatment p10 untreated)
do-glaze p10 glazer0 mauve :: cost: 10
    add: (treatment p10 glazed) (colour p10 mauve)
    del: (colour p10 natural) (treatment p10 untreated)
do-grind p6 grinder0 smooth red glazed untreated :: cost: 45
    add: (colour p6 natural) (surface-condition p6 verysmooth) (treatment p6 untreated)
    del: (surface-condition p6 smooth) (treatment p6 glazed) (colour p6 red)
do-plane p6 planer0 smooth red glazed :: cost: 30
    add: (colour p6 natural) (treatment p6 untreated)
    del: (treatment p6 glazed) (colour p6 red)
do-plane p10 planer0 rough natural untreated :: cost: 10
    add: (surface-condition p10 smooth)
    del: (surface-condition p10 rough)
load-highspeed-saw b0 highspeed-saw0 :: cost: 30
    add: (in-highspeed-saw b0 highspeed-saw0)
    del: (empty highspeed-saw0) (available b0)
load-highspeed-saw b1 highspeed-saw0 :: cost: 30
    add: (in-highspeed-saw b1 highspeed-saw0)
    del: (empty highspeed-saw0) (available b1)
load-highspeed-saw b2 highspeed-saw0 :: cost: 30
    add: (in-highspeed-saw b2 highspeed-saw0)
    del: (empty highspeed-saw0) (available b2)
load-highspeed-saw b3 highspeed-saw0 :: cost: 30
    add: (in-highspeed-saw b3 highspeed-saw0)
    del: (empty highspeed-saw0) (available b3)
do-saw-small b0 p2 saw0 teak rough s8 s7 :: cost: 30
    add: (available p2) (wood p2 teak) (surface-condition p2 rough) (colour p2 natural) (treatment p2 untreated) (boardsize b0 s7)
    del: (unused p2)
do-saw-small b0 p2 saw0 teak rough s9 s8 :: cost: 30
    add: (available p2) (wood p2 teak) (surface-condition p2 rough) (colour p2 natural) (treatment p2 untreated)
    del: (unused p2)
do-saw-small b2 p2 saw0 pine rough s8 s7 :: cost: 30
    add: (available p2) (surface-condition p2 rough) (colour p2 natural) (treatment p2 untreated) (wood p2 pine) (boardsize b2 s7)
    del: (unused p2)
do-saw-small b3 p2 saw0 walnut rough s4 s3 :: cost: 30
    add: (available p2) (surface-condition p2 rough) (colour p2 natural) (treatment p2 untreated) (wood p2 walnut) (boardsize b3 s3)
    del: (unused p2)
do-saw-medium b0 p0 saw0 teak rough s8 s7 s6 :: cost: 30
    add: (available p0) (wood p0 teak) (surface-condition p0 rough) (colour p0 natural) (treatment p0 untreated) (boardsize b0 s6)
    del: (unused p0)
do-saw-medium b0 p0 saw0 teak rough s9 s8 s7 :: cost: 30
    add: (available p0) (wood p0 teak) (surface-condition p0 rough) (colour p0 natural) (treatment p0 untreated) (boardsize b0 s7)
    del: (unused p0)
do-saw-medium b0 p1 saw0 teak rough s8 s7 s6 :: cost: 30
    add: (available p1) (wood p1 teak) (surface-condition p1 rough) (colour p1 natural) (treatment p1 untreated) (boardsize b0 s6)
    del: (unused p1)
do-saw-medium b0 p1 saw0 teak rough s9 s8 s7 :: cost: 30
    add: (boardsize b0 s7) (available p1) (wood p1 teak) (surface-condition p1 rough) (colour p1 natural) (treatment p1 untreated)
    del: (unused p1)
do-saw-medium b0 p7 saw0 teak rough s8 s7 s6 :: cost: 30
    add: (available p7) (wood p7 teak) (surface-condition p7 rough) (colour p7 natural) (treatment p7 untreated) (boardsize b0 s6)
    del: (unused p7)
do-saw-medium b0 p7 saw0 teak rough s9 s8 s7 :: cost: 30
    add: (boardsize b0 s7) (available p7) (wood p7 teak) (surface-condition p7 rough) (colour p7 natural) (treatment p7 untreated)
    del: (unused p7)
do-saw-medium b0 p8 saw0 teak rough s8 s7 s6 :: cost: 30
    add: (available p8) (wood p8 teak) (surface-condition p8 rough) (colour p8 natural) (treatment p8 untreated) (boardsize b0 s6)
    del: (unused p8)
do-saw-medium b0 p8 saw0 teak rough s9 s8 s7 :: cost: 30
    add: (boardsize b0 s7) (available p8) (wood p8 teak) (surface-condition p8 rough) (colour p8 natural) (treatment p8 untreated)
    del: (unused p8)
do-saw-medium b0 p9 saw0 teak rough s8 s7 s6 :: cost: 30
    add: (available p9) (wood p9 teak) (surface-condition p9 rough) (colour p9 natural) (treatment p9 untreated) (boardsize b0 s6)
    del: (unused p9)
do-saw-medium b0 p9 saw0 teak rough s9 s8 s7 :: cost: 30
    add: (boardsize b0 s7) (available p9) (wood p9 teak) (surface-condition p9 rough) (colour p9 natural) (treatment p9 untreated)
    del: (unused p9)
do-saw-medium b2 p0 saw0 pine rough s8 s7 s6 :: cost: 30
    add: (available p0) (surface-condition p0 rough) (colour p0 natural) (treatment p0 untreated) (wood p0 pine) (boardsize b2 s6)
    del: (unused p0)
do-saw-medium b2 p1 saw0 pine rough s8 s7 s6 :: cost: 30
    add: (available p1) (surface-condition p1 rough) (colour p1 natural) (treatment p1 untreated) (boardsize b2 s6) (wood p1 pine)
    del: (unused p1)
do-saw-medium b2 p7 saw0 pine rough s8 s7 s6 :: cost: 30
    add: (available p7) (surface-condition p7 rough) (colour p7 natural) (treatment p7 untreated) (boardsize b2 s6) (wood p7 pine)
    del: (unused p7)
do-saw-medium b2 p8 saw0 pine rough s8 s7 s6 :: cost: 30
    add: (available p8) (surface-condition p8 rough) (colour p8 natural) (treatment p8 untreated) (boardsize b2 s6) (wood p8 pine)
    del: (unused p8)
do-saw-medium b2 p9 saw0 pine rough s8 s7 s6 :: cost: 30
    add: (available p9) (surface-condition p9 rough) (colour p9 natural) (treatment p9 untreated) (boardsize b2 s6) (wood p9 pine)
    del: (unused p9)
do-saw-medium b3 p0 saw0 walnut rough s4 s3 s2 :: cost: 30
    add: (available p0) (surface-condition p0 rough) (colour p0 natural) (treatment p0 untreated) (wood p0 walnut) (boardsize b3 s2)
    del: (unused p0)
do-saw-medium b3 p1 saw0 walnut rough s4 s3 s2 :: cost: 30
    add: (available p1) (surface-condition p1 rough) (colour p1 natural) (treatment p1 untreated) (boardsize b3 s2) (wood p1 walnut)
    del: (unused p1)
do-saw-medium b3 p7 saw0 walnut rough s4 s3 s2 :: cost: 30
    add: (available p7) (surface-condition p7 rough) (colour p7 natural) (treatment p7 untreated) (boardsize b3 s2) (wood p7 walnut)
    del: (unused p7)
do-saw-medium b3 p8 saw0 walnut rough s4 s3 s2 :: cost: 30
    add: (available p8) (surface-condition p8 rough) (colour p8 natural) (treatment p8 untreated) (boardsize b3 s2) (wood p8 walnut)
    del: (unused p8)
do-saw-medium b3 p9 saw0 walnut rough s4 s3 s2 :: cost: 30
    add: (available p9) (surface-condition p9 rough) (colour p9 natural) (treatment p9 untreated) (boardsize b3 s2) (wood p9 walnut)
    del: (unused p9)
do-saw-large b0 p3 saw0 teak rough s8 s6 s7 s5 :: cost: 30
    add: (available p3) (wood p3 teak) (surface-condition p3 rough) (colour p3 natural) (treatment p3 untreated) (boardsize b0 s5)
    del: (unused p3)
do-saw-large b0 p3 saw0 teak rough s9 s7 s8 s6 :: cost: 30
    add: (available p3) (wood p3 teak) (surface-condition p3 rough) (colour p3 natural) (treatment p3 untreated) (boardsize b0 s6)
    del: (unused p3)
do-saw-large b0 p4 saw0 teak rough s8 s6 s7 s5 :: cost: 30
    add: (available p4) (wood p4 teak) (surface-condition p4 rough) (colour p4 natural) (treatment p4 untreated) (boardsize b0 s5)
    del: (unused p4)
do-saw-large b0 p4 saw0 teak rough s9 s7 s8 s6 :: cost: 30
    add: (boardsize b0 s6) (available p4) (wood p4 teak) (surface-condition p4 rough) (colour p4 natural) (treatment p4 untreated)
    del: (unused p4)
do-saw-large b0 p5 saw0 teak rough s8 s6 s7 s5 :: cost: 30
    add: (available p5) (wood p5 teak) (surface-condition p5 rough) (colour p5 natural) (treatment p5 untreated) (boardsize b0 s5)
    del: (unused p5)
do-saw-large b0 p5 saw0 teak rough s9 s7 s8 s6 :: cost: 30
    add: (boardsize b0 s6) (available p5) (wood p5 teak) (surface-condition p5 rough) (colour p5 natural) (treatment p5 untreated)
    del: (unused p5)
do-saw-large b2 p3 saw0 pine rough s8 s6 s7 s5 :: cost: 30
    add: (available p3) (surface-condition p3 rough) (colour p3 natural) (treatment p3 untreated) (wood p3 pine) (boardsize b2 s5)
    del: (unused p3)
do-saw-large b2 p4 saw0 pine rough s8 s6 s7 s5 :: cost: 30
    add: (available p4) (surface-condition p4 rough) (colour p4 natural) (treatment p4 untreated) (boardsize b2 s5) (wood p4 pine)
    del: (unused p4)
do-saw-large b2 p5 saw0 pine rough s8 s6 s7 s5 :: cost: 30
    add: (available p5) (surface-condition p5 rough) (colour p5 natural) (treatment p5 untreated) (boardsize b2 s5) (wood p5 pine)
    del: (unused p5)
do-saw-large b3 p3 saw0 walnut rough s4 s2 s3 s1 :: cost: 30
    add: (available p3) (surface-condition p3 rough) (colour p3 natural) (treatment p3 untreated) (wood p3 walnut) (boardsize b3 s1)
    del: (unused p3)
do-saw-large b3 p4 saw0 walnut rough s4 s2 s3 s1 :: cost: 30
    add: (available p4) (surface-condition p4 rough) (colour p4 natural) (treatment p4 untreated) (boardsize b3 s1) (wood p4 walnut)
    del: (unused p4)
do-saw-large b3 p5 saw0 walnut rough s4 s2 s3 s1 :: cost: 30
    add: (available p5) (surface-condition p5 rough) (colour p5 natural) (treatment p5 untreated) (boardsize b3 s1) (wood p5 walnut)
    del: (unused p5)
