h2fwbw: facts: 193, ops: 831, goal-unreachable: 0
removed facts [29]:
  (boardsize b0 s0)
  (boardsize b2 s0)
  (boardsize b3 s0)
  (wood p0 pine)
  (wood p0 teak)
  (wood p1 pine)
  (wood p1 teak)
  (wood p1 walnut)
  (wood p10 pine)
  (wood p10 teak)
  (wood p2 pine)
  (wood p2 teak)
  (wood p2 walnut)
  (wood p3 pine)
  (wood p3 teak)
  (wood p3 walnut)
  (wood p4 pine)
  (wood p4 teak)
  (wood p4 walnut)
  (wood p5 teak)
  (wood p5 walnut)
  (wood p7 pine)
  (wood p7 teak)
  (wood p7 walnut)
  (wood p8 teak)
  (wood p8 walnut)
  (wood p9 pine)
  (wood p9 teak)
  (wood p9 walnut)
removed ops [926]:
  (cut-board-large b0 p5 highspeed-saw0 teak rough s3 s1 s2 s0)
  (cut-board-large b0 p5 highspeed-saw0 teak rough s4 s2 s3 s1)
  (cut-board-large b0 p5 highspeed-saw0 teak rough s5 s3 s4 s2)
  (cut-board-large b0 p5 highspeed-saw0 teak rough s6 s4 s5 s3)
  (cut-board-large b0 p5 highspeed-saw0 teak rough s7 s5 s6 s4)
  (cut-board-large b0 p5 highspeed-saw0 teak rough s8 s6 s7 s5)
  (cut-board-large b0 p5 highspeed-saw0 teak rough s9 s7 s8 s6)
  (cut-board-large b3 p5 highspeed-saw0 walnut rough s3 s1 s2 s0)
  (cut-board-large b3 p5 highspeed-saw0 walnut rough s4 s2 s3 s1)
  (cut-board-medium b0 p0 highspeed-saw0 teak rough s2 s1 s0)
  (cut-board-medium b0 p0 highspeed-saw0 teak rough s3 s2 s1)
  (cut-board-medium b0 p0 highspeed-saw0 teak rough s4 s3 s2)
  (cut-board-medium b0 p0 highspeed-saw0 teak rough s5 s4 s3)
  (cut-board-medium b0 p0 highspeed-saw0 teak rough s6 s5 s4)
  (cut-board-medium b0 p0 highspeed-saw0 teak rough s7 s6 s5)
  (cut-board-medium b0 p0 highspeed-saw0 teak rough s8 s7 s6)
  (cut-board-medium b0 p0 highspeed-saw0 teak rough s9 s8 s7)
  (cut-board-medium b0 p8 highspeed-saw0 teak rough s2 s1 s0)
  (cut-board-medium b0 p8 highspeed-saw0 teak rough s3 s2 s1)
  (cut-board-medium b0 p8 highspeed-saw0 teak rough s4 s3 s2)
  (cut-board-medium b0 p8 highspeed-saw0 teak rough s5 s4 s3)
  (cut-board-medium b0 p8 highspeed-saw0 teak rough s6 s5 s4)
  (cut-board-medium b0 p8 highspeed-saw0 teak rough s7 s6 s5)
  (cut-board-medium b0 p8 highspeed-saw0 teak rough s8 s7 s6)
  (cut-board-medium b0 p8 highspeed-saw0 teak rough s9 s8 s7)
  (cut-board-medium b2 p0 highspeed-saw0 pine rough s2 s1 s0)
  (cut-board-medium b2 p0 highspeed-saw0 pine rough s3 s2 s1)
  (cut-board-medium b2 p0 highspeed-saw0 pine rough s4 s3 s2)
  (cut-board-medium b2 p0 highspeed-saw0 pine rough s5 s4 s3)
  (cut-board-medium b2 p0 highspeed-saw0 pine rough s6 s5 s4)
  (cut-board-medium b2 p0 highspeed-saw0 pine rough s7 s6 s5)
  (cut-board-medium b2 p0 highspeed-saw0 pine rough s8 s7 s6)
  (cut-board-medium b3 p8 highspeed-saw0 walnut rough s2 s1 s0)
  (cut-board-medium b3 p8 highspeed-saw0 walnut rough s3 s2 s1)
  (cut-board-medium b3 p8 highspeed-saw0 walnut rough s4 s3 s2)
  (cut-board-small b0 p10 highspeed-saw0 teak rough s1 s0)
  (cut-board-small b0 p10 highspeed-saw0 teak rough s2 s1)
  (cut-board-small b0 p10 highspeed-saw0 teak rough s3 s2)
  (cut-board-small b0 p10 highspeed-saw0 teak rough s4 s3)
  (cut-board-small b0 p10 highspeed-saw0 teak rough s5 s4)
  (cut-board-small b0 p10 highspeed-saw0 teak rough s6 s5)
  (cut-board-small b0 p10 highspeed-saw0 teak rough s7 s6)
  (cut-board-small b0 p10 highspeed-saw0 teak rough s8 s7)
  (cut-board-small b0 p10 highspeed-saw0 teak rough s9 s8)
  (cut-board-small b0 p2 highspeed-saw0 teak rough s8 s7)
  (cut-board-small b2 p10 highspeed-saw0 pine rough s1 s0)
  (cut-board-small b2 p10 highspeed-saw0 pine rough s2 s1)
  (cut-board-small b2 p10 highspeed-saw0 pine rough s3 s2)
  (cut-board-small b2 p10 highspeed-saw0 pine rough s4 s3)
  (cut-board-small b2 p10 highspeed-saw0 pine rough s5 s4)
  (cut-board-small b2 p10 highspeed-saw0 pine rough s6 s5)
  (cut-board-small b2 p10 highspeed-saw0 pine rough s7 s6)
  (cut-board-small b2 p10 highspeed-saw0 pine rough s8 s7)
  (cut-board-small b2 p2 highspeed-saw0 pine rough s7 s6)
  (do-grind p0 grinder0 smooth black colourfragments untreated)
  (do-grind p0 grinder0 smooth black untreated untreated)
  (do-grind p0 grinder0 smooth black varnished colourfragments)
  (do-grind p0 grinder0 smooth green colourfragments untreated)
  (do-grind p0 grinder0 smooth green untreated untreated)
  (do-grind p0 grinder0 smooth green varnished colourfragments)
  (do-grind p0 grinder0 smooth mauve colourfragments untreated)
  (do-grind p0 grinder0 smooth mauve untreated untreated)
  (do-grind p0 grinder0 smooth natural colourfragments untreated)
  (do-grind p0 grinder0 smooth red colourfragments untreated)
  (do-grind p0 grinder0 smooth red untreated untreated)
  (do-grind p0 grinder0 smooth red varnished colourfragments)
  (do-grind p0 grinder0 smooth white colourfragments untreated)
  (do-grind p0 grinder0 smooth white glazed untreated)
  (do-grind p0 grinder0 smooth white untreated untreated)
  (do-grind p0 grinder0 verysmooth black colourfragments untreated)
  (do-grind p0 grinder0 verysmooth black untreated untreated)
  (do-grind p0 grinder0 verysmooth black varnished colourfragments)
  (do-grind p0 grinder0 verysmooth green colourfragments untreated)
  (do-grind p0 grinder0 verysmooth green untreated untreated)
  (do-grind p0 grinder0 verysmooth green varnished colourfragments)
  (do-grind p0 grinder0 verysmooth mauve colourfragments untreated)
  (do-grind p0 grinder0 verysmooth mauve untreated untreated)
  (do-grind p0 grinder0 verysmooth red colourfragments untreated)
  (do-grind p0 grinder0 verysmooth red untreated untreated)
  (do-grind p0 grinder0 verysmooth red varnished colourfragments)
  (do-grind p0 grinder0 verysmooth white colourfragments untreated)
  (do-grind p0 grinder0 verysmooth white glazed untreated)
  (do-grind p0 grinder0 verysmooth white untreated untreated)
  (do-grind p1 grinder0 smooth black colourfragments untreated)
  (do-grind p1 grinder0 smooth black untreated untreated)
  (do-grind p1 grinder0 smooth black varnished colourfragments)
  (do-grind p1 grinder0 smooth green colourfragments untreated)
  (do-grind p1 grinder0 smooth green untreated untreated)
  (do-grind p1 grinder0 smooth green varnished colourfragments)
  (do-grind p1 grinder0 smooth mauve colourfragments untreated)
  (do-grind p1 grinder0 smooth mauve untreated untreated)
  (do-grind p1 grinder0 smooth natural colourfragments untreated)
  (do-grind p1 grinder0 smooth red colourfragments untreated)
  (do-grind p1 grinder0 smooth red untreated untreated)
  (do-grind p1 grinder0 smooth red varnished colourfragments)
  (do-grind p1 grinder0 smooth white colourfragments untreated)
  (do-grind p1 grinder0 smooth white glazed untreated)
  (do-grind p1 grinder0 smooth white untreated untreated)
  (do-grind p1 grinder0 verysmooth black colourfragments untreated)
  (do-grind p1 grinder0 verysmooth black untreated untreated)
  (do-grind p1 grinder0 verysmooth black varnished colourfragments)
  (do-grind p1 grinder0 verysmooth green colourfragments untreated)
  (do-grind p1 grinder0 verysmooth green untreated untreated)
  (do-grind p1 grinder0 verysmooth green varnished colourfragments)
  (do-grind p1 grinder0 verysmooth mauve colourfragments untreated)
  (do-grind p1 grinder0 verysmooth mauve untreated untreated)
  (do-grind p1 grinder0 verysmooth red colourfragments untreated)
  (do-grind p1 grinder0 verysmooth red untreated untreated)
  (do-grind p1 grinder0 verysmooth red varnished colourfragments)
  (do-grind p1 grinder0 verysmooth white colourfragments untreated)
  (do-grind p1 grinder0 verysmooth white glazed untreated)
  (do-grind p1 grinder0 verysmooth white untreated untreated)
  (do-grind p10 grinder0 smooth black colourfragments untreated)
  (do-grind p10 grinder0 smooth black untreated untreated)
  (do-grind p10 grinder0 smooth black varnished colourfragments)
  (do-grind p10 grinder0 smooth green colourfragments untreated)
  (do-grind p10 grinder0 smooth green untreated untreated)
  (do-grind p10 grinder0 smooth green varnished colourfragments)
  (do-grind p10 grinder0 smooth mauve colourfragments untreated)
  (do-grind p10 grinder0 smooth mauve untreated untreated)
  (do-grind p10 grinder0 smooth natural colourfragments untreated)
  (do-grind p10 grinder0 smooth red colourfragments untreated)
  (do-grind p10 grinder0 smooth red untreated untreated)
  (do-grind p10 grinder0 smooth red varnished colourfragments)
  (do-grind p10 grinder0 smooth white colourfragments untreated)
  (do-grind p10 grinder0 smooth white glazed untreated)
  (do-grind p10 grinder0 smooth white untreated untreated)
  (do-grind p10 grinder0 verysmooth black colourfragments untreated)
  (do-grind p10 grinder0 verysmooth black untreated untreated)
  (do-grind p10 grinder0 verysmooth black varnished colourfragments)
  (do-grind p10 grinder0 verysmooth green colourfragments untreated)
  (do-grind p10 grinder0 verysmooth green untreated untreated)
  (do-grind p10 grinder0 verysmooth green varnished colourfragments)
  (do-grind p10 grinder0 verysmooth mauve colourfragments untreated)
  (do-grind p10 grinder0 verysmooth mauve untreated untreated)
  (do-grind p10 grinder0 verysmooth red colourfragments untreated)
  (do-grind p10 grinder0 verysmooth red untreated untreated)
  (do-grind p10 grinder0 verysmooth red varnished colourfragments)
  (do-grind p10 grinder0 verysmooth white colourfragments untreated)
  (do-grind p10 grinder0 verysmooth white glazed untreated)
  (do-grind p10 grinder0 verysmooth white untreated untreated)
  (do-grind p2 grinder0 smooth black colourfragments untreated)
  (do-grind p2 grinder0 smooth black untreated untreated)
  (do-grind p2 grinder0 smooth black varnished colourfragments)
  (do-grind p2 grinder0 smooth green colourfragments untreated)
  (do-grind p2 grinder0 smooth green untreated untreated)
  (do-grind p2 grinder0 smooth green varnished colourfragments)
  (do-grind p2 grinder0 smooth mauve colourfragments untreated)
  (do-grind p2 grinder0 smooth mauve untreated untreated)
  (do-grind p2 grinder0 smooth natural colourfragments untreated)
  (do-grind p2 grinder0 smooth red colourfragments untreated)
  (do-grind p2 grinder0 smooth red untreated untreated)
  (do-grind p2 grinder0 smooth red varnished colourfragments)
  (do-grind p2 grinder0 smooth white colourfragments untreated)
  (do-grind p2 grinder0 smooth white glazed untreated)
  (do-grind p2 grinder0 smooth white untreated untreated)
  (do-grind p2 grinder0 verysmooth black colourfragments untreated)
  (do-grind p2 grinder0 verysmooth black untreated untreated)
  (do-grind p2 grinder0 verysmooth black varnished colourfragments)
  (do-grind p2 grinder0 verysmooth green colourfragments untreated)
  (do-grind p2 grinder0 verysmooth green untreated untreated)
  (do-grind p2 grinder0 verysmooth green varnished colourfragments)
  (do-grind p2 grinder0 verysmooth mauve colourfragments untreated)
  (do-grind p2 grinder0 verysmooth mauve untreated untreated)
  (do-grind p2 grinder0 verysmooth red colourfragments untreated)
  (do-grind p2 grinder0 verysmooth red untreated untreated)
  (do-grind p2 grinder0 verysmooth red varnished colourfragments)
  (do-grind p2 grinder0 verysmooth white colourfragments untreated)
  (do-grind p2 grinder0 verysmooth white glazed untreated)
  (do-grind p2 grinder0 verysmooth white untreated untreated)
  (do-grind p3 grinder0 smooth black colourfragments untreated)
  (do-grind p3 grinder0 smooth black untreated untreated)
  (do-grind p3 grinder0 smooth black varnished colourfragments)
  (do-grind p3 grinder0 smooth green colourfragments untreated)
  (do-grind p3 grinder0 smooth green untreated untreated)
  (do-grind p3 grinder0 smooth green varnished colourfragments)
  (do-grind p3 grinder0 smooth mauve colourfragments untreated)
  (do-grind p3 grinder0 smooth mauve untreated untreated)
  (do-grind p3 grinder0 smooth natural colourfragments untreated)
  (do-grind p3 grinder0 smooth red colourfragments untreated)
  (do-grind p3 grinder0 smooth red untreated untreated)
  (do-grind p3 grinder0 smooth red varnished colourfragments)
  (do-grind p3 grinder0 smooth white colourfragments untreated)
  (do-grind p3 grinder0 smooth white glazed untreated)
  (do-grind p3 grinder0 smooth white untreated untreated)
  (do-grind p3 grinder0 verysmooth black colourfragments untreated)
  (do-grind p3 grinder0 verysmooth black untreated untreated)
  (do-grind p3 grinder0 verysmooth black varnished colourfragments)
  (do-grind p3 grinder0 verysmooth green colourfragments untreated)
  (do-grind p3 grinder0 verysmooth green untreated untreated)
  (do-grind p3 grinder0 verysmooth green varnished colourfragments)
  (do-grind p3 grinder0 verysmooth mauve colourfragments untreated)
  (do-grind p3 grinder0 verysmooth mauve untreated untreated)
  (do-grind p3 grinder0 verysmooth red colourfragments untreated)
  (do-grind p3 grinder0 verysmooth red untreated untreated)
  (do-grind p3 grinder0 verysmooth red varnished colourfragments)
  (do-grind p3 grinder0 verysmooth white colourfragments untreated)
  (do-grind p3 grinder0 verysmooth white glazed untreated)
  (do-grind p3 grinder0 verysmooth white untreated untreated)
  (do-grind p4 grinder0 smooth black colourfragments untreated)
  (do-grind p4 grinder0 smooth black untreated untreated)
  (do-grind p4 grinder0 smooth black varnished colourfragments)
  (do-grind p4 grinder0 smooth green colourfragments untreated)
  (do-grind p4 grinder0 smooth green untreated untreated)
  (do-grind p4 grinder0 smooth green varnished colourfragments)
  (do-grind p4 grinder0 smooth mauve colourfragments untreated)
  (do-grind p4 grinder0 smooth mauve untreated untreated)
  (do-grind p4 grinder0 smooth natural colourfragments untreated)
  (do-grind p4 grinder0 smooth red colourfragments untreated)
  (do-grind p4 grinder0 smooth red untreated untreated)
  (do-grind p4 grinder0 smooth red varnished colourfragments)
  (do-grind p4 grinder0 smooth white colourfragments untreated)
  (do-grind p4 grinder0 smooth white glazed untreated)
  (do-grind p4 grinder0 smooth white untreated untreated)
  (do-grind p4 grinder0 verysmooth black colourfragments untreated)
  (do-grind p4 grinder0 verysmooth black untreated untreated)
  (do-grind p4 grinder0 verysmooth black varnished colourfragments)
  (do-grind p4 grinder0 verysmooth green colourfragments untreated)
  (do-grind p4 grinder0 verysmooth green untreated untreated)
  (do-grind p4 grinder0 verysmooth green varnished colourfragments)
  (do-grind p4 grinder0 verysmooth mauve colourfragments untreated)
  (do-grind p4 grinder0 verysmooth mauve untreated untreated)
  (do-grind p4 grinder0 verysmooth red colourfragments untreated)
  (do-grind p4 grinder0 verysmooth red untreated untreated)
  (do-grind p4 grinder0 verysmooth red varnished colourfragments)
  (do-grind p4 grinder0 verysmooth white colourfragments untreated)
  (do-grind p4 grinder0 verysmooth white glazed untreated)
  (do-grind p4 grinder0 verysmooth white untreated untreated)
  (do-grind p5 grinder0 smooth black colourfragments untreated)
  (do-grind p5 grinder0 smooth black untreated untreated)
  (do-grind p5 grinder0 smooth black varnished colourfragments)
  (do-grind p5 grinder0 smooth green colourfragments untreated)
  (do-grind p5 grinder0 smooth green untreated untreated)
  (do-grind p5 grinder0 smooth green varnished colourfragments)
  (do-grind p5 grinder0 smooth mauve colourfragments untreated)
  (do-grind p5 grinder0 smooth mauve untreated untreated)
  (do-grind p5 grinder0 smooth natural colourfragments untreated)
  (do-grind p5 grinder0 smooth red colourfragments untreated)
  (do-grind p5 grinder0 smooth red untreated untreated)
  (do-grind p5 grinder0 smooth red varnished colourfragments)
  (do-grind p5 grinder0 smooth white colourfragments untreated)
  (do-grind p5 grinder0 smooth white glazed untreated)
  (do-grind p5 grinder0 smooth white untreated untreated)
  (do-grind p5 grinder0 verysmooth black colourfragments untreated)
  (do-grind p5 grinder0 verysmooth black untreated untreated)
  (do-grind p5 grinder0 verysmooth black varnished colourfragments)
  (do-grind p5 grinder0 verysmooth green colourfragments untreated)
  (do-grind p5 grinder0 verysmooth green untreated untreated)
  (do-grind p5 grinder0 verysmooth green varnished colourfragments)
  (do-grind p5 grinder0 verysmooth mauve colourfragments untreated)
  (do-grind p5 grinder0 verysmooth mauve untreated untreated)
  (do-grind p5 grinder0 verysmooth red colourfragments untreated)
  (do-grind p5 grinder0 verysmooth red untreated untreated)
  (do-grind p5 grinder0 verysmooth red varnished colourfragments)
  (do-grind p5 grinder0 verysmooth white colourfragments untreated)
  (do-grind p5 grinder0 verysmooth white glazed untreated)
  (do-grind p5 grinder0 verysmooth white untreated untreated)
  (do-grind p6 grinder0 smooth black colourfragments untreated)
  (do-grind p6 grinder0 smooth black untreated untreated)
  (do-grind p6 grinder0 smooth black varnished colourfragments)
  (do-grind p6 grinder0 smooth green colourfragments untreated)
  (do-grind p6 grinder0 smooth green untreated untreated)
  (do-grind p6 grinder0 smooth green varnished colourfragments)
  (do-grind p6 grinder0 smooth mauve colourfragments untreated)
  (do-grind p6 grinder0 smooth mauve untreated untreated)
  (do-grind p6 grinder0 smooth natural colourfragments untreated)
  (do-grind p6 grinder0 smooth red colourfragments untreated)
  (do-grind p6 grinder0 smooth red untreated untreated)
  (do-grind p6 grinder0 smooth red varnished colourfragments)
  (do-grind p6 grinder0 smooth white colourfragments untreated)
  (do-grind p6 grinder0 smooth white glazed untreated)
  (do-grind p6 grinder0 smooth white untreated untreated)
  (do-grind p6 grinder0 verysmooth black colourfragments untreated)
  (do-grind p6 grinder0 verysmooth black untreated untreated)
  (do-grind p6 grinder0 verysmooth black varnished colourfragments)
  (do-grind p6 grinder0 verysmooth green colourfragments untreated)
  (do-grind p6 grinder0 verysmooth green untreated untreated)
  (do-grind p6 grinder0 verysmooth green varnished colourfragments)
  (do-grind p6 grinder0 verysmooth mauve colourfragments untreated)
  (do-grind p6 grinder0 verysmooth mauve untreated untreated)
  (do-grind p6 grinder0 verysmooth red colourfragments untreated)
  (do-grind p6 grinder0 verysmooth red untreated untreated)
  (do-grind p6 grinder0 verysmooth red varnished colourfragments)
  (do-grind p6 grinder0 verysmooth white colourfragments untreated)
  (do-grind p6 grinder0 verysmooth white glazed untreated)
  (do-grind p6 grinder0 verysmooth white untreated untreated)
  (do-grind p7 grinder0 smooth black colourfragments untreated)
  (do-grind p7 grinder0 smooth black untreated untreated)
  (do-grind p7 grinder0 smooth black varnished colourfragments)
  (do-grind p7 grinder0 smooth green colourfragments untreated)
  (do-grind p7 grinder0 smooth green untreated untreated)
  (do-grind p7 grinder0 smooth green varnished colourfragments)
  (do-grind p7 grinder0 smooth mauve colourfragments untreated)
  (do-grind p7 grinder0 smooth mauve untreated untreated)
  (do-grind p7 grinder0 smooth natural colourfragments untreated)
  (do-grind p7 grinder0 smooth red colourfragments untreated)
  (do-grind p7 grinder0 smooth red untreated untreated)
  (do-grind p7 grinder0 smooth red varnished colourfragments)
  (do-grind p7 grinder0 smooth white colourfragments untreated)
  (do-grind p7 grinder0 smooth white glazed untreated)
  (do-grind p7 grinder0 smooth white untreated untreated)
  (do-grind p7 grinder0 verysmooth black colourfragments untreated)
  (do-grind p7 grinder0 verysmooth black untreated untreated)
  (do-grind p7 grinder0 verysmooth black varnished colourfragments)
  (do-grind p7 grinder0 verysmooth green colourfragments untreated)
  (do-grind p7 grinder0 verysmooth green untreated untreated)
  (do-grind p7 grinder0 verysmooth green varnished colourfragments)
  (do-grind p7 grinder0 verysmooth mauve colourfragments untreated)
  (do-grind p7 grinder0 verysmooth mauve untreated untreated)
  (do-grind p7 grinder0 verysmooth red colourfragments untreated)
  (do-grind p7 grinder0 verysmooth red untreated untreated)
  (do-grind p7 grinder0 verysmooth red varnished colourfragments)
  (do-grind p7 grinder0 verysmooth white colourfragments untreated)
  (do-grind p7 grinder0 verysmooth white glazed untreated)
  (do-grind p7 grinder0 verysmooth white untreated untreated)
  (do-grind p8 grinder0 smooth black colourfragments untreated)
  (do-grind p8 grinder0 smooth black untreated untreated)
  (do-grind p8 grinder0 smooth black varnished colourfragments)
  (do-grind p8 grinder0 smooth green colourfragments untreated)
  (do-grind p8 grinder0 smooth green untreated untreated)
  (do-grind p8 grinder0 smooth green varnished colourfragments)
  (do-grind p8 grinder0 smooth mauve colourfragments untreated)
  (do-grind p8 grinder0 smooth mauve untreated untreated)
  (do-grind p8 grinder0 smooth natural colourfragments untreated)
  (do-grind p8 grinder0 smooth red colourfragments untreated)
  (do-grind p8 grinder0 smooth red untreated untreated)
  (do-grind p8 grinder0 smooth red varnished colourfragments)
  (do-grind p8 grinder0 smooth white colourfragments untreated)
  (do-grind p8 grinder0 smooth white glazed untreated)
  (do-grind p8 grinder0 smooth white untreated untreated)
  (do-grind p8 grinder0 verysmooth black colourfragments untreated)
  (do-grind p8 grinder0 verysmooth black untreated untreated)
  (do-grind p8 grinder0 verysmooth black varnished colourfragments)
  (do-grind p8 grinder0 verysmooth green colourfragments untreated)
  (do-grind p8 grinder0 verysmooth green untreated untreated)
  (do-grind p8 grinder0 verysmooth green varnished colourfragments)
  (do-grind p8 grinder0 verysmooth mauve colourfragments untreated)
  (do-grind p8 grinder0 verysmooth mauve untreated untreated)
  (do-grind p8 grinder0 verysmooth red colourfragments untreated)
  (do-grind p8 grinder0 verysmooth red untreated untreated)
  (do-grind p8 grinder0 verysmooth red varnished colourfragments)
  (do-grind p8 grinder0 verysmooth white colourfragments untreated)
  (do-grind p8 grinder0 verysmooth white glazed untreated)
  (do-grind p8 grinder0 verysmooth white untreated untreated)
  (do-grind p9 grinder0 smooth black colourfragments untreated)
  (do-grind p9 grinder0 smooth black untreated untreated)
  (do-grind p9 grinder0 smooth black varnished colourfragments)
  (do-grind p9 grinder0 smooth green colourfragments untreated)
  (do-grind p9 grinder0 smooth green untreated untreated)
  (do-grind p9 grinder0 smooth green varnished colourfragments)
  (do-grind p9 grinder0 smooth mauve colourfragments untreated)
  (do-grind p9 grinder0 smooth mauve untreated untreated)
  (do-grind p9 grinder0 smooth natural colourfragments untreated)
  (do-grind p9 grinder0 smooth red colourfragments untreated)
  (do-grind p9 grinder0 smooth red untreated untreated)
  (do-grind p9 grinder0 smooth red varnished colourfragments)
  (do-grind p9 grinder0 smooth white colourfragments untreated)
  (do-grind p9 grinder0 smooth white glazed untreated)
  (do-grind p9 grinder0 smooth white untreated untreated)
  (do-grind p9 grinder0 verysmooth black colourfragments untreated)
  (do-grind p9 grinder0 verysmooth black untreated untreated)
  (do-grind p9 grinder0 verysmooth black varnished colourfragments)
  (do-grind p9 grinder0 verysmooth green colourfragments untreated)
  (do-grind p9 grinder0 verysmooth green untreated untreated)
  (do-grind p9 grinder0 verysmooth green varnished colourfragments)
  (do-grind p9 grinder0 verysmooth mauve colourfragments untreated)
  (do-grind p9 grinder0 verysmooth mauve untreated untreated)
  (do-grind p9 grinder0 verysmooth red colourfragments untreated)
  (do-grind p9 grinder0 verysmooth red untreated untreated)
  (do-grind p9 grinder0 verysmooth red varnished colourfragments)
  (do-grind p9 grinder0 verysmooth white colourfragments untreated)
  (do-grind p9 grinder0 verysmooth white glazed untreated)
  (do-grind p9 grinder0 verysmooth white untreated untreated)
  (do-plane p0 planer0 rough black colourfragments)
  (do-plane p0 planer0 rough black untreated)
  (do-plane p0 planer0 rough black varnished)
  (do-plane p0 planer0 rough green colourfragments)
  (do-plane p0 planer0 rough green untreated)
  (do-plane p0 planer0 rough green varnished)
  (do-plane p0 planer0 rough mauve colourfragments)
  (do-plane p0 planer0 rough mauve untreated)
  (do-plane p0 planer0 rough mauve varnished)
  (do-plane p0 planer0 rough natural colourfragments)
  (do-plane p0 planer0 rough natural varnished)
  (do-plane p0 planer0 rough red colourfragments)
  (do-plane p0 planer0 rough red untreated)
  (do-plane p0 planer0 rough red varnished)
  (do-plane p0 planer0 rough white colourfragments)
  (do-plane p0 planer0 rough white glazed)
  (do-plane p0 planer0 rough white untreated)
  (do-plane p0 planer0 rough white varnished)
  (do-plane p0 planer0 smooth black colourfragments)
  (do-plane p0 planer0 smooth black untreated)
  (do-plane p0 planer0 smooth black varnished)
  (do-plane p0 planer0 smooth green colourfragments)
  (do-plane p0 planer0 smooth green untreated)
  (do-plane p0 planer0 smooth green varnished)
  (do-plane p0 planer0 smooth mauve colourfragments)
  (do-plane p0 planer0 smooth mauve untreated)
  (do-plane p0 planer0 smooth natural colourfragments)
  (do-plane p0 planer0 smooth red colourfragments)
  (do-plane p0 planer0 smooth red untreated)
  (do-plane p0 planer0 smooth red varnished)
  (do-plane p0 planer0 smooth white colourfragments)
  (do-plane p0 planer0 smooth white glazed)
  (do-plane p0 planer0 smooth white untreated)
  (do-plane p0 planer0 verysmooth black colourfragments)
  (do-plane p0 planer0 verysmooth black untreated)
  (do-plane p0 planer0 verysmooth black varnished)
  (do-plane p0 planer0 verysmooth green colourfragments)
  (do-plane p0 planer0 verysmooth green untreated)
  (do-plane p0 planer0 verysmooth green varnished)
  (do-plane p0 planer0 verysmooth mauve colourfragments)
  (do-plane p0 planer0 verysmooth mauve untreated)
  (do-plane p0 planer0 verysmooth red colourfragments)
  (do-plane p0 planer0 verysmooth red untreated)
  (do-plane p0 planer0 verysmooth red varnished)
  (do-plane p0 planer0 verysmooth white colourfragments)
  (do-plane p0 planer0 verysmooth white glazed)
  (do-plane p0 planer0 verysmooth white untreated)
  (do-plane p1 planer0 rough black colourfragments)
  (do-plane p1 planer0 rough black untreated)
  (do-plane p1 planer0 rough black varnished)
  (do-plane p1 planer0 rough green colourfragments)
  (do-plane p1 planer0 rough green untreated)
  (do-plane p1 planer0 rough green varnished)
  (do-plane p1 planer0 rough mauve colourfragments)
  (do-plane p1 planer0 rough mauve untreated)
  (do-plane p1 planer0 rough mauve varnished)
  (do-plane p1 planer0 rough natural colourfragments)
  (do-plane p1 planer0 rough natural varnished)
  (do-plane p1 planer0 rough red colourfragments)
  (do-plane p1 planer0 rough red untreated)
  (do-plane p1 planer0 rough red varnished)
  (do-plane p1 planer0 rough white colourfragments)
  (do-plane p1 planer0 rough white glazed)
  (do-plane p1 planer0 rough white untreated)
  (do-plane p1 planer0 rough white varnished)
  (do-plane p1 planer0 smooth black colourfragments)
  (do-plane p1 planer0 smooth black untreated)
  (do-plane p1 planer0 smooth black varnished)
  (do-plane p1 planer0 smooth green colourfragments)
  (do-plane p1 planer0 smooth green untreated)
  (do-plane p1 planer0 smooth green varnished)
  (do-plane p1 planer0 smooth mauve colourfragments)
  (do-plane p1 planer0 smooth mauve untreated)
  (do-plane p1 planer0 smooth natural colourfragments)
  (do-plane p1 planer0 smooth red colourfragments)
  (do-plane p1 planer0 smooth red untreated)
  (do-plane p1 planer0 smooth red varnished)
  (do-plane p1 planer0 smooth white colourfragments)
  (do-plane p1 planer0 smooth white glazed)
  (do-plane p1 planer0 smooth white untreated)
  (do-plane p1 planer0 verysmooth black colourfragments)
  (do-plane p1 planer0 verysmooth black untreated)
  (do-plane p1 planer0 verysmooth black varnished)
  (do-plane p1 planer0 verysmooth green colourfragments)
  (do-plane p1 planer0 verysmooth green untreated)
  (do-plane p1 planer0 verysmooth green varnished)
  (do-plane p1 planer0 verysmooth mauve colourfragments)
  (do-plane p1 planer0 verysmooth mauve untreated)
  (do-plane p1 planer0 verysmooth red colourfragments)
  (do-plane p1 planer0 verysmooth red untreated)
  (do-plane p1 planer0 verysmooth red varnished)
  (do-plane p1 planer0 verysmooth white colourfragments)
  (do-plane p1 planer0 verysmooth white glazed)
  (do-plane p1 planer0 verysmooth white untreated)
  (do-plane p10 planer0 rough black colourfragments)
  (do-plane p10 planer0 rough black untreated)
  (do-plane p10 planer0 rough black varnished)
  (do-plane p10 planer0 rough green colourfragments)
  (do-plane p10 planer0 rough green untreated)
  (do-plane p10 planer0 rough green varnished)
  (do-plane p10 planer0 rough mauve colourfragments)
  (do-plane p10 planer0 rough mauve untreated)
  (do-plane p10 planer0 rough mauve varnished)
  (do-plane p10 planer0 rough natural colourfragments)
  (do-plane p10 planer0 rough natural varnished)
  (do-plane p10 planer0 rough red colourfragments)
  (do-plane p10 planer0 rough red untreated)
  (do-plane p10 planer0 rough red varnished)
  (do-plane p10 planer0 rough white colourfragments)
  (do-plane p10 planer0 rough white glazed)
  (do-plane p10 planer0 rough white untreated)
  (do-plane p10 planer0 rough white varnished)
  (do-plane p10 planer0 smooth black colourfragments)
  (do-plane p10 planer0 smooth black untreated)
  (do-plane p10 planer0 smooth black varnished)
  (do-plane p10 planer0 smooth green colourfragments)
  (do-plane p10 planer0 smooth green untreated)
  (do-plane p10 planer0 smooth green varnished)
  (do-plane p10 planer0 smooth mauve colourfragments)
  (do-plane p10 planer0 smooth mauve untreated)
  (do-plane p10 planer0 smooth natural colourfragments)
  (do-plane p10 planer0 smooth red colourfragments)
  (do-plane p10 planer0 smooth red untreated)
  (do-plane p10 planer0 smooth red varnished)
  (do-plane p10 planer0 smooth white colourfragments)
  (do-plane p10 planer0 smooth white glazed)
  (do-plane p10 planer0 smooth white untreated)
  (do-plane p10 planer0 verysmooth black colourfragments)
  (do-plane p10 planer0 verysmooth black untreated)
  (do-plane p10 planer0 verysmooth black varnished)
  (do-plane p10 planer0 verysmooth green colourfragments)
  (do-plane p10 planer0 verysmooth green untreated)
  (do-plane p10 planer0 verysmooth green varnished)
  (do-plane p10 planer0 verysmooth mauve colourfragments)
  (do-plane p10 planer0 verysmooth mauve untreated)
  (do-plane p10 planer0 verysmooth red colourfragments)
  (do-plane p10 planer0 verysmooth red untreated)
  (do-plane p10 planer0 verysmooth red varnished)
  (do-plane p10 planer0 verysmooth white colourfragments)
  (do-plane p10 planer0 verysmooth white glazed)
  (do-plane p10 planer0 verysmooth white untreated)
  (do-plane p2 planer0 rough black colourfragments)
  (do-plane p2 planer0 rough black untreated)
  (do-plane p2 planer0 rough black varnished)
  (do-plane p2 planer0 rough green colourfragments)
  (do-plane p2 planer0 rough green untreated)
  (do-plane p2 planer0 rough green varnished)
  (do-plane p2 planer0 rough mauve colourfragments)
  (do-plane p2 planer0 rough mauve untreated)
  (do-plane p2 planer0 rough mauve varnished)
  (do-plane p2 planer0 rough natural colourfragments)
  (do-plane p2 planer0 rough natural varnished)
  (do-plane p2 planer0 rough red colourfragments)
  (do-plane p2 planer0 rough red untreated)
  (do-plane p2 planer0 rough red varnished)
  (do-plane p2 planer0 rough white colourfragments)
  (do-plane p2 planer0 rough white glazed)
  (do-plane p2 planer0 rough white untreated)
  (do-plane p2 planer0 rough white varnished)
  (do-plane p2 planer0 smooth black colourfragments)
  (do-plane p2 planer0 smooth black untreated)
  (do-plane p2 planer0 smooth black varnished)
  (do-plane p2 planer0 smooth green colourfragments)
  (do-plane p2 planer0 smooth green untreated)
  (do-plane p2 planer0 smooth green varnished)
  (do-plane p2 planer0 smooth mauve colourfragments)
  (do-plane p2 planer0 smooth mauve untreated)
  (do-plane p2 planer0 smooth natural colourfragments)
  (do-plane p2 planer0 smooth red colourfragments)
  (do-plane p2 planer0 smooth red untreated)
  (do-plane p2 planer0 smooth red varnished)
  (do-plane p2 planer0 smooth white colourfragments)
  (do-plane p2 planer0 smooth white glazed)
  (do-plane p2 planer0 smooth white untreated)
  (do-plane p2 planer0 verysmooth black colourfragments)
  (do-plane p2 planer0 verysmooth black untreated)
  (do-plane p2 planer0 verysmooth black varnished)
  (do-plane p2 planer0 verysmooth green colourfragments)
  (do-plane p2 planer0 verysmooth green untreated)
  (do-plane p2 planer0 verysmooth green varnished)
  (do-plane p2 planer0 verysmooth mauve colourfragments)
  (do-plane p2 planer0 verysmooth mauve untreated)
  (do-plane p2 planer0 verysmooth red colourfragments)
  (do-plane p2 planer0 verysmooth red untreated)
  (do-plane p2 planer0 verysmooth red varnished)
  (do-plane p2 planer0 verysmooth white colourfragments)
  (do-plane p2 planer0 verysmooth white glazed)
  (do-plane p2 planer0 verysmooth white untreated)
  (do-plane p3 planer0 rough black colourfragments)
  (do-plane p3 planer0 rough black untreated)
  (do-plane p3 planer0 rough black varnished)
  (do-plane p3 planer0 rough green colourfragments)
  (do-plane p3 planer0 rough green untreated)
  (do-plane p3 planer0 rough green varnished)
  (do-plane p3 planer0 rough mauve colourfragments)
  (do-plane p3 planer0 rough mauve untreated)
  (do-plane p3 planer0 rough mauve varnished)
  (do-plane p3 planer0 rough natural colourfragments)
  (do-plane p3 planer0 rough natural varnished)
  (do-plane p3 planer0 rough red colourfragments)
  (do-plane p3 planer0 rough red untreated)
  (do-plane p3 planer0 rough red varnished)
  (do-plane p3 planer0 rough white colourfragments)
  (do-plane p3 planer0 rough white glazed)
  (do-plane p3 planer0 rough white untreated)
  (do-plane p3 planer0 rough white varnished)
  (do-plane p3 planer0 smooth black colourfragments)
  (do-plane p3 planer0 smooth black untreated)
  (do-plane p3 planer0 smooth black varnished)
  (do-plane p3 planer0 smooth green colourfragments)
  (do-plane p3 planer0 smooth green untreated)
  (do-plane p3 planer0 smooth green varnished)
  (do-plane p3 planer0 smooth mauve colourfragments)
  (do-plane p3 planer0 smooth mauve untreated)
  (do-plane p3 planer0 smooth natural colourfragments)
  (do-plane p3 planer0 smooth red colourfragments)
  (do-plane p3 planer0 smooth red untreated)
  (do-plane p3 planer0 smooth red varnished)
  (do-plane p3 planer0 smooth white colourfragments)
  (do-plane p3 planer0 smooth white glazed)
  (do-plane p3 planer0 smooth white untreated)
  (do-plane p3 planer0 verysmooth black colourfragments)
  (do-plane p3 planer0 verysmooth black untreated)
  (do-plane p3 planer0 verysmooth black varnished)
  (do-plane p3 planer0 verysmooth green colourfragments)
  (do-plane p3 planer0 verysmooth green untreated)
  (do-plane p3 planer0 verysmooth green varnished)
  (do-plane p3 planer0 verysmooth mauve colourfragments)
  (do-plane p3 planer0 verysmooth mauve untreated)
  (do-plane p3 planer0 verysmooth red colourfragments)
  (do-plane p3 planer0 verysmooth red untreated)
  (do-plane p3 planer0 verysmooth red varnished)
  (do-plane p3 planer0 verysmooth white colourfragments)
  (do-plane p3 planer0 verysmooth white glazed)
  (do-plane p3 planer0 verysmooth white untreated)
  (do-plane p4 planer0 rough black colourfragments)
  (do-plane p4 planer0 rough black untreated)
  (do-plane p4 planer0 rough black varnished)
  (do-plane p4 planer0 rough green colourfragments)
  (do-plane p4 planer0 rough green untreated)
  (do-plane p4 planer0 rough green varnished)
  (do-plane p4 planer0 rough mauve colourfragments)
  (do-plane p4 planer0 rough mauve untreated)
  (do-plane p4 planer0 rough mauve varnished)
  (do-plane p4 planer0 rough natural colourfragments)
  (do-plane p4 planer0 rough natural varnished)
  (do-plane p4 planer0 rough red colourfragments)
  (do-plane p4 planer0 rough red untreated)
  (do-plane p4 planer0 rough red varnished)
  (do-plane p4 planer0 rough white colourfragments)
  (do-plane p4 planer0 rough white glazed)
  (do-plane p4 planer0 rough white untreated)
  (do-plane p4 planer0 rough white varnished)
  (do-plane p4 planer0 smooth black colourfragments)
  (do-plane p4 planer0 smooth black untreated)
  (do-plane p4 planer0 smooth black varnished)
  (do-plane p4 planer0 smooth green colourfragments)
  (do-plane p4 planer0 smooth green untreated)
  (do-plane p4 planer0 smooth green varnished)
  (do-plane p4 planer0 smooth mauve colourfragments)
  (do-plane p4 planer0 smooth mauve untreated)
  (do-plane p4 planer0 smooth natural colourfragments)
  (do-plane p4 planer0 smooth red colourfragments)
  (do-plane p4 planer0 smooth red untreated)
  (do-plane p4 planer0 smooth red varnished)
  (do-plane p4 planer0 smooth white colourfragments)
  (do-plane p4 planer0 smooth white glazed)
  (do-plane p4 planer0 smooth white untreated)
  (do-plane p4 planer0 verysmooth black colourfragments)
  (do-plane p4 planer0 verysmooth black untreated)
  (do-plane p4 planer0 verysmooth black varnished)
  (do-plane p4 planer0 verysmooth green colourfragments)
  (do-plane p4 planer0 verysmooth green untreated)
  (do-plane p4 planer0 verysmooth green varnished)
  (do-plane p4 planer0 verysmooth mauve colourfragments)
  (do-plane p4 planer0 verysmooth mauve untreated)
  (do-plane p4 planer0 verysmooth red colourfragments)
  (do-plane p4 planer0 verysmooth red untreated)
  (do-plane p4 planer0 verysmooth red varnished)
  (do-plane p4 planer0 verysmooth white colourfragments)
  (do-plane p4 planer0 verysmooth white glazed)
  (do-plane p4 planer0 verysmooth white untreated)
  (do-plane p5 planer0 rough black colourfragments)
  (do-plane p5 planer0 rough black untreated)
  (do-plane p5 planer0 rough black varnished)
  (do-plane p5 planer0 rough green colourfragments)
  (do-plane p5 planer0 rough green untreated)
  (do-plane p5 planer0 rough green varnished)
  (do-plane p5 planer0 rough mauve colourfragments)
  (do-plane p5 planer0 rough mauve untreated)
  (do-plane p5 planer0 rough mauve varnished)
  (do-plane p5 planer0 rough natural colourfragments)
  (do-plane p5 planer0 rough natural varnished)
  (do-plane p5 planer0 rough red colourfragments)
  (do-plane p5 planer0 rough red untreated)
  (do-plane p5 planer0 rough red varnished)
  (do-plane p5 planer0 rough white colourfragments)
  (do-plane p5 planer0 rough white glazed)
  (do-plane p5 planer0 rough white untreated)
  (do-plane p5 planer0 rough white varnished)
  (do-plane p5 planer0 smooth black colourfragments)
  (do-plane p5 planer0 smooth black untreated)
  (do-plane p5 planer0 smooth black varnished)
  (do-plane p5 planer0 smooth green colourfragments)
  (do-plane p5 planer0 smooth green untreated)
  (do-plane p5 planer0 smooth green varnished)
  (do-plane p5 planer0 smooth mauve colourfragments)
  (do-plane p5 planer0 smooth mauve untreated)
  (do-plane p5 planer0 smooth natural colourfragments)
  (do-plane p5 planer0 smooth red colourfragments)
  (do-plane p5 planer0 smooth red untreated)
  (do-plane p5 planer0 smooth red varnished)
  (do-plane p5 planer0 smooth white colourfragments)
  (do-plane p5 planer0 smooth white glazed)
  (do-plane p5 planer0 smooth white untreated)
  (do-plane p5 planer0 verysmooth black colourfragments)
  (do-plane p5 planer0 verysmooth black untreated)
  (do-plane p5 planer0 verysmooth black varnished)
  (do-plane p5 planer0 verysmooth green colourfragments)
  (do-plane p5 planer0 verysmooth green untreated)
  (do-plane p5 planer0 verysmooth green varnished)
  (do-plane p5 planer0 verysmooth mauve colourfragments)
  (do-plane p5 planer0 verysmooth mauve untreated)
  (do-plane p5 planer0 verysmooth red colourfragments)
  (do-plane p5 planer0 verysmooth red untreated)
  (do-plane p5 planer0 verysmooth red varnished)
  (do-plane p5 planer0 verysmooth white colourfragments)
  (do-plane p5 planer0 verysmooth white glazed)
  (do-plane p5 planer0 verysmooth white untreated)
  (do-plane p6 planer0 smooth black colourfragments)
  (do-plane p6 planer0 smooth black untreated)
  (do-plane p6 planer0 smooth black varnished)
  (do-plane p6 planer0 smooth green colourfragments)
  (do-plane p6 planer0 smooth green untreated)
  (do-plane p6 planer0 smooth green varnished)
  (do-plane p6 planer0 smooth mauve colourfragments)
  (do-plane p6 planer0 smooth mauve untreated)
  (do-plane p6 planer0 smooth natural colourfragments)
  (do-plane p6 planer0 smooth red colourfragments)
  (do-plane p6 planer0 smooth red untreated)
  (do-plane p6 planer0 smooth red varnished)
  (do-plane p6 planer0 smooth white colourfragments)
  (do-plane p6 planer0 smooth white glazed)
  (do-plane p6 planer0 smooth white untreated)
  (do-plane p6 planer0 verysmooth black colourfragments)
  (do-plane p6 planer0 verysmooth black untreated)
  (do-plane p6 planer0 verysmooth black varnished)
  (do-plane p6 planer0 verysmooth green colourfragments)
  (do-plane p6 planer0 verysmooth green untreated)
  (do-plane p6 planer0 verysmooth green varnished)
  (do-plane p6 planer0 verysmooth mauve colourfragments)
  (do-plane p6 planer0 verysmooth mauve untreated)
  (do-plane p6 planer0 verysmooth red colourfragments)
  (do-plane p6 planer0 verysmooth red untreated)
  (do-plane p6 planer0 verysmooth red varnished)
  (do-plane p6 planer0 verysmooth white colourfragments)
  (do-plane p6 planer0 verysmooth white glazed)
  (do-plane p6 planer0 verysmooth white untreated)
  (do-plane p7 planer0 rough black colourfragments)
  (do-plane p7 planer0 rough black untreated)
  (do-plane p7 planer0 rough black varnished)
  (do-plane p7 planer0 rough green colourfragments)
  (do-plane p7 planer0 rough green untreated)
  (do-plane p7 planer0 rough green varnished)
  (do-plane p7 planer0 rough mauve colourfragments)
  (do-plane p7 planer0 rough mauve untreated)
  (do-plane p7 planer0 rough mauve varnished)
  (do-plane p7 planer0 rough natural colourfragments)
  (do-plane p7 planer0 rough natural varnished)
  (do-plane p7 planer0 rough red colourfragments)
  (do-plane p7 planer0 rough red untreated)
  (do-plane p7 planer0 rough red varnished)
  (do-plane p7 planer0 rough white colourfragments)
  (do-plane p7 planer0 rough white glazed)
  (do-plane p7 planer0 rough white untreated)
  (do-plane p7 planer0 rough white varnished)
  (do-plane p7 planer0 smooth black colourfragments)
  (do-plane p7 planer0 smooth black untreated)
  (do-plane p7 planer0 smooth black varnished)
  (do-plane p7 planer0 smooth green colourfragments)
  (do-plane p7 planer0 smooth green untreated)
  (do-plane p7 planer0 smooth green varnished)
  (do-plane p7 planer0 smooth mauve colourfragments)
  (do-plane p7 planer0 smooth mauve untreated)
  (do-plane p7 planer0 smooth natural colourfragments)
  (do-plane p7 planer0 smooth red colourfragments)
  (do-plane p7 planer0 smooth red untreated)
  (do-plane p7 planer0 smooth red varnished)
  (do-plane p7 planer0 smooth white colourfragments)
  (do-plane p7 planer0 smooth white glazed)
  (do-plane p7 planer0 smooth white untreated)
  (do-plane p7 planer0 verysmooth black colourfragments)
  (do-plane p7 planer0 verysmooth black untreated)
  (do-plane p7 planer0 verysmooth black varnished)
  (do-plane p7 planer0 verysmooth green colourfragments)
  (do-plane p7 planer0 verysmooth green untreated)
  (do-plane p7 planer0 verysmooth green varnished)
  (do-plane p7 planer0 verysmooth mauve colourfragments)
  (do-plane p7 planer0 verysmooth mauve untreated)
  (do-plane p7 planer0 verysmooth red colourfragments)
  (do-plane p7 planer0 verysmooth red untreated)
  (do-plane p7 planer0 verysmooth red varnished)
  (do-plane p7 planer0 verysmooth white colourfragments)
  (do-plane p7 planer0 verysmooth white glazed)
  (do-plane p7 planer0 verysmooth white untreated)
  (do-plane p8 planer0 rough black colourfragments)
  (do-plane p8 planer0 rough black untreated)
  (do-plane p8 planer0 rough black varnished)
  (do-plane p8 planer0 rough green colourfragments)
  (do-plane p8 planer0 rough green untreated)
  (do-plane p8 planer0 rough green varnished)
  (do-plane p8 planer0 rough mauve colourfragments)
  (do-plane p8 planer0 rough mauve untreated)
  (do-plane p8 planer0 rough mauve varnished)
  (do-plane p8 planer0 rough natural colourfragments)
  (do-plane p8 planer0 rough natural varnished)
  (do-plane p8 planer0 rough red colourfragments)
  (do-plane p8 planer0 rough red untreated)
  (do-plane p8 planer0 rough red varnished)
  (do-plane p8 planer0 rough white colourfragments)
  (do-plane p8 planer0 rough white glazed)
  (do-plane p8 planer0 rough white untreated)
  (do-plane p8 planer0 rough white varnished)
  (do-plane p8 planer0 smooth black colourfragments)
  (do-plane p8 planer0 smooth black untreated)
  (do-plane p8 planer0 smooth black varnished)
  (do-plane p8 planer0 smooth green colourfragments)
  (do-plane p8 planer0 smooth green untreated)
  (do-plane p8 planer0 smooth green varnished)
  (do-plane p8 planer0 smooth mauve colourfragments)
  (do-plane p8 planer0 smooth mauve untreated)
  (do-plane p8 planer0 smooth natural colourfragments)
  (do-plane p8 planer0 smooth red colourfragments)
  (do-plane p8 planer0 smooth red untreated)
  (do-plane p8 planer0 smooth red varnished)
  (do-plane p8 planer0 smooth white colourfragments)
  (do-plane p8 planer0 smooth white glazed)
  (do-plane p8 planer0 smooth white untreated)
  (do-plane p8 planer0 verysmooth black colourfragments)
  (do-plane p8 planer0 verysmooth black untreated)
  (do-plane p8 planer0 verysmooth black varnished)
  (do-plane p8 planer0 verysmooth green colourfragments)
  (do-plane p8 planer0 verysmooth green untreated)
  (do-plane p8 planer0 verysmooth green varnished)
  (do-plane p8 planer0 verysmooth mauve colourfragments)
  (do-plane p8 planer0 verysmooth mauve untreated)
  (do-plane p8 planer0 verysmooth red colourfragments)
  (do-plane p8 planer0 verysmooth red untreated)
  (do-plane p8 planer0 verysmooth red varnished)
  (do-plane p8 planer0 verysmooth white colourfragments)
  (do-plane p8 planer0 verysmooth white glazed)
  (do-plane p8 planer0 verysmooth white untreated)
  (do-plane p9 planer0 rough black colourfragments)
  (do-plane p9 planer0 rough black untreated)
  (do-plane p9 planer0 rough black varnished)
  (do-plane p9 planer0 rough green colourfragments)
  (do-plane p9 planer0 rough green untreated)
  (do-plane p9 planer0 rough green varnished)
  (do-plane p9 planer0 rough mauve colourfragments)
  (do-plane p9 planer0 rough mauve untreated)
  (do-plane p9 planer0 rough mauve varnished)
  (do-plane p9 planer0 rough natural colourfragments)
  (do-plane p9 planer0 rough natural varnished)
  (do-plane p9 planer0 rough red colourfragments)
  (do-plane p9 planer0 rough red untreated)
  (do-plane p9 planer0 rough red varnished)
  (do-plane p9 planer0 rough white colourfragments)
  (do-plane p9 planer0 rough white glazed)
  (do-plane p9 planer0 rough white untreated)
  (do-plane p9 planer0 rough white varnished)
  (do-plane p9 planer0 smooth black colourfragments)
  (do-plane p9 planer0 smooth black untreated)
  (do-plane p9 planer0 smooth black varnished)
  (do-plane p9 planer0 smooth green colourfragments)
  (do-plane p9 planer0 smooth green untreated)
  (do-plane p9 planer0 smooth green varnished)
  (do-plane p9 planer0 smooth mauve colourfragments)
  (do-plane p9 planer0 smooth mauve untreated)
  (do-plane p9 planer0 smooth natural colourfragments)
  (do-plane p9 planer0 smooth red colourfragments)
  (do-plane p9 planer0 smooth red untreated)
  (do-plane p9 planer0 smooth red varnished)
  (do-plane p9 planer0 smooth white colourfragments)
  (do-plane p9 planer0 smooth white glazed)
  (do-plane p9 planer0 smooth white untreated)
  (do-plane p9 planer0 verysmooth black colourfragments)
  (do-plane p9 planer0 verysmooth black untreated)
  (do-plane p9 planer0 verysmooth black varnished)
  (do-plane p9 planer0 verysmooth green colourfragments)
  (do-plane p9 planer0 verysmooth green untreated)
  (do-plane p9 planer0 verysmooth green varnished)
  (do-plane p9 planer0 verysmooth mauve colourfragments)
  (do-plane p9 planer0 verysmooth mauve untreated)
  (do-plane p9 planer0 verysmooth red colourfragments)
  (do-plane p9 planer0 verysmooth red untreated)
  (do-plane p9 planer0 verysmooth red varnished)
  (do-plane p9 planer0 verysmooth white colourfragments)
  (do-plane p9 planer0 verysmooth white glazed)
  (do-plane p9 planer0 verysmooth white untreated)
  (do-saw-large b0 p5 saw0 teak rough s3 s1 s2 s0)
  (do-saw-large b0 p5 saw0 teak rough s4 s2 s3 s1)
  (do-saw-large b0 p5 saw0 teak rough s5 s3 s4 s2)
  (do-saw-large b0 p5 saw0 teak rough s6 s4 s5 s3)
  (do-saw-large b0 p5 saw0 teak rough s7 s5 s6 s4)
  (do-saw-large b0 p5 saw0 teak rough s8 s6 s7 s5)
  (do-saw-large b0 p5 saw0 teak rough s9 s7 s8 s6)
  (do-saw-large b3 p5 saw0 walnut rough s3 s1 s2 s0)
  (do-saw-large b3 p5 saw0 walnut rough s4 s2 s3 s1)
  (do-saw-medium b0 p0 saw0 teak rough s2 s1 s0)
  (do-saw-medium b0 p0 saw0 teak rough s3 s2 s1)
  (do-saw-medium b0 p0 saw0 teak rough s4 s3 s2)
  (do-saw-medium b0 p0 saw0 teak rough s5 s4 s3)
  (do-saw-medium b0 p0 saw0 teak rough s6 s5 s4)
  (do-saw-medium b0 p0 saw0 teak rough s7 s6 s5)
  (do-saw-medium b0 p0 saw0 teak rough s8 s7 s6)
  (do-saw-medium b0 p0 saw0 teak rough s9 s8 s7)
  (do-saw-medium b0 p8 saw0 teak rough s2 s1 s0)
  (do-saw-medium b0 p8 saw0 teak rough s3 s2 s1)
  (do-saw-medium b0 p8 saw0 teak rough s4 s3 s2)
  (do-saw-medium b0 p8 saw0 teak rough s5 s4 s3)
  (do-saw-medium b0 p8 saw0 teak rough s6 s5 s4)
  (do-saw-medium b0 p8 saw0 teak rough s7 s6 s5)
  (do-saw-medium b0 p8 saw0 teak rough s8 s7 s6)
  (do-saw-medium b0 p8 saw0 teak rough s9 s8 s7)
  (do-saw-medium b2 p0 saw0 pine rough s2 s1 s0)
  (do-saw-medium b2 p0 saw0 pine rough s3 s2 s1)
  (do-saw-medium b2 p0 saw0 pine rough s4 s3 s2)
  (do-saw-medium b2 p0 saw0 pine rough s5 s4 s3)
  (do-saw-medium b2 p0 saw0 pine rough s6 s5 s4)
  (do-saw-medium b2 p0 saw0 pine rough s7 s6 s5)
  (do-saw-medium b2 p0 saw0 pine rough s8 s7 s6)
  (do-saw-medium b3 p8 saw0 walnut rough s2 s1 s0)
  (do-saw-medium b3 p8 saw0 walnut rough s3 s2 s1)
  (do-saw-medium b3 p8 saw0 walnut rough s4 s3 s2)
  (do-saw-small b0 p10 saw0 teak rough s1 s0)
  (do-saw-small b0 p10 saw0 teak rough s2 s1)
  (do-saw-small b0 p10 saw0 teak rough s3 s2)
  (do-saw-small b0 p10 saw0 teak rough s4 s3)
  (do-saw-small b0 p10 saw0 teak rough s5 s4)
  (do-saw-small b0 p10 saw0 teak rough s6 s5)
  (do-saw-small b0 p10 saw0 teak rough s7 s6)
  (do-saw-small b0 p10 saw0 teak rough s8 s7)
  (do-saw-small b0 p10 saw0 teak rough s9 s8)
  (do-saw-small b0 p2 saw0 teak rough s8 s7)
  (do-saw-small b2 p10 saw0 pine rough s1 s0)
  (do-saw-small b2 p10 saw0 pine rough s2 s1)
  (do-saw-small b2 p10 saw0 pine rough s3 s2)
  (do-saw-small b2 p10 saw0 pine rough s4 s3)
  (do-saw-small b2 p10 saw0 pine rough s5 s4)
  (do-saw-small b2 p10 saw0 pine rough s6 s5)
  (do-saw-small b2 p10 saw0 pine rough s7 s6)
  (do-saw-small b2 p10 saw0 pine rough s8 s7)
  (do-saw-small b2 p2 saw0 pine rough s7 s6)
num mutex pairs: 618
