step 0: state 26 applicable 14
    state: (at-curb car_00) (at-curb car_01) (at-curb car_03) (at-curb car_06) (at-curb car_08) (at-curb car_09) (at-curb car_11) (at-curb-num car_00 curb_2) (at-curb-num car_01 curb_0) (at-curb-num car_03 curb_3) (at-curb-num car_06 curb_6) (at-curb-num car_08 curb_1) (at-curb-num car_09 curb_4) (at-curb-num car_11 curb_5) (behind-car car_02 car_09) (behind-car car_04 car_08) (behind-car car_05 car_01) (behind-car car_07 car_00) (behind-car car_10 car_03) (car-clear car_02) (car-clear car_04) (car-clear car_05) (car-clear car_06) (car-clear car_07) (car-clear car_10) (car-clear car_11)
move-car-to-car car_02 car_09 car_06 :: cost: 1
    add: (behind-car car_02 car_06) (car-clear car_09)
    del: (behind-car car_02 car_09) (car-clear car_06)
move-car-to-car car_02 car_09 car_11 :: cost: 1
    add: (behind-car car_02 car_11) (car-clear car_09)
    del: (behind-car car_02 car_09) (car-clear car_11)
move-car-to-car car_04 car_08 car_06 :: cost: 1
    add: (behind-car car_04 car_06) (car-clear car_08)
    del: (behind-car car_04 car_08) (car-clear car_06)
    successor: move-curb-to-car car_06 curb_6 car_06
step 1: state 25 applicable 12
    state: (at-curb car_00) (at-curb car_01) (at-curb car_03) (at-curb car_08) (at-curb car_09) (at-curb car_11) (at-curb-num car_00 curb_2) (at-curb-num car_01 curb_0) (at-curb-num car_03 curb_3) (at-curb-num car_08 curb_1) (at-curb-num car_09 curb_4) (at-curb-num car_11 curb_5) (behind-car car_02 car_09) (behind-car car_04 car_08) (behind-car car_05 car_01) (behind-car car_06 car_06) (behind-car car_07 car_00) (behind-car car_10 car_03) (car-clear car_02) (car-clear car_04) (car-clear car_05) (car-clear car_07) (car-clear car_10) (car-clear car_11) (curb-clear curb_6)
move-car-to-car car_02 car_09 car_11 :: cost: 1
    add: (behind-car car_02 car_11) (car-clear car_09)
    del: (behind-car car_02 car_09) (car-clear car_11)
move-car-to-car car_04 car_08 car_11 :: cost: 1
    add: (behind-car car_04 car_11) (car-clear car_08)
    del: (behind-car car_04 car_08) (car-clear car_11)
move-car-to-car car_05 car_01 car_11 :: cost: 1
    add: (behind-car car_05 car_11) (car-clear car_01)
    del: (behind-car car_05 car_01) (car-clear car_11)
    successor: move-curb-to-car car_11 curb_5 car_11
step 2: state 24 applicable 10
    state: (at-curb car_00) (at-curb car_01) (at-curb car_03) (at-curb car_08) (at-curb car_09) (at-curb-num car_00 curb_2) (at-curb-num car_01 curb_0) (at-curb-num car_03 curb_3) (at-curb-num car_08 curb_1) (at-curb-num car_09 curb_4) (behind-car car_02 car_09) (behind-car car_04 car_08) (behind-car car_05 car_01) (behind-car car_06 car_06) (behind-car car_07 car_00) (behind-car car_10 car_03) (behind-car car_11 car_11) (car-clear car_02) (car-clear car_04) (car-clear car_05) (car-clear car_07) (car-clear car_10) (curb-clear curb_5) (curb-clear curb_6)
move-car-to-curb car_02 car_09 curb_5 :: cost: 1
    add: (at-curb car_02) (at-curb-num car_02 curb_5) (car-clear car_09)
    del: (behind-car car_02 car_09) (curb-clear curb_5)
move-car-to-curb car_02 car_09 curb_6 :: cost: 1
    add: (at-curb car_02) (at-curb-num car_02 curb_6) (car-clear car_09)
    del: (behind-car car_02 car_09) (curb-clear curb_6)
move-car-to-curb car_04 car_08 curb_5 :: cost: 1 [successor]
    add: (at-curb car_04) (at-curb-num car_04 curb_5) (car-clear car_08)
    del: (behind-car car_04 car_08) (curb-clear curb_5)
step 3: state 25 applicable 18
    state: (at-curb car_00) (at-curb car_01) (at-curb car_03) (at-curb car_04) (at-curb car_08) (at-curb car_09) (at-curb-num car_00 curb_2) (at-curb-num car_01 curb_0) (at-curb-num car_03 curb_3) (at-curb-num car_04 curb_5) (at-curb-num car_08 curb_1) (at-curb-num car_09 curb_4) (behind-car car_02 car_09) (behind-car car_05 car_01) (behind-car car_06 car_06) (behind-car car_07 car_00) (behind-car car_10 car_03) (behind-car car_11 car_11) (car-clear car_02) (car-clear car_04) (car-clear car_05) (car-clear car_07) (car-clear car_08) (car-clear car_10) (curb-clear curb_6)
move-car-to-car car_02 car_09 car_04 :: cost: 1
    add: (behind-car car_02 car_04) (car-clear car_09)
    del: (behind-car car_02 car_09) (car-clear car_04)
move-car-to-car car_02 car_09 car_08 :: cost: 1
    add: (behind-car car_02 car_08) (car-clear car_09)
    del: (behind-car car_02 car_09) (car-clear car_08)
move-car-to-car car_05 car_01 car_04 :: cost: 1
    add: (behind-car car_05 car_04) (car-clear car_01)
    del: (behind-car car_05 car_01) (car-clear car_04)
    successor: move-curb-to-car car_04 curb_5 car_08
step 4: state 24 applicable 10
    state: (at-curb car_00) (at-curb car_01) (at-curb car_03) (at-curb car_08) (at-curb car_09) (at-curb-num car_00 curb_2) (at-curb-num car_01 curb_0) (at-curb-num car_03 curb_3) (at-curb-num car_08 curb_1) (at-curb-num car_09 curb_4) (behind-car car_02 car_09) (behind-car car_04 car_08) (behind-car car_05 car_01) (behind-car car_06 car_06) (behind-car car_07 car_00) (behind-car car_10 car_03) (behind-car car_11 car_11) (car-clear car_02) (car-clear car_04) (car-clear car_05) (car-clear car_07) (car-clear car_10) (curb-clear curb_5) (curb-clear curb_6)
move-car-to-curb car_02 car_09 curb_5 :: cost: 1
    add: (at-curb car_02) (at-curb-num car_02 curb_5) (car-clear car_09)
    del: (behind-car car_02 car_09) (curb-clear curb_5)
move-car-to-curb car_02 car_09 curb_6 :: cost: 1
    add: (at-curb car_02) (at-curb-num car_02 curb_6) (car-clear car_09)
    del: (behind-car car_02 car_09) (curb-clear curb_6)
move-car-to-curb car_04 car_08 curb_5 :: cost: 1
    add: (at-curb car_04) (at-curb-num car_04 curb_5) (car-clear car_08)
    del: (behind-car car_04 car_08) (curb-clear curb_5)
    successor: move-car-to-curb car_05 car_01 curb_5
ground atoms: 76 groundings: 39
