(feast aesthetics arugula beef surrey moravia)
   (craves aesthetics arugula) (locale arugula moravia)
   + (NOT:locale flounder moravia)
(feast aesthetics arugula cantelope surrey moravia)
   (craves aesthetics arugula) (locale arugula moravia)
   + (NOT:locale flounder moravia)
(feast aesthetics arugula hamburger surrey moravia)
   (craves aesthetics arugula) (locale arugula moravia)
   + (NOT:locale flounder moravia)
(feast aesthetics arugula kale surrey moravia)
   (craves aesthetics arugula) (locale arugula moravia)
   + (NOT:locale flounder moravia)
(feast aesthetics bacon orange moravia quebec)
   (craves aesthetics bacon) (locale bacon quebec)
   + (craves expectation beef) (NOT:locale arugula moravia) (NOT:locale beef moravia) (NOT:locale flounder moravia)
(feast aesthetics bacon orange oregon alsace)
   (craves aesthetics bacon) (locale bacon alsace)
   + (craves expectation beef) (NOT:locale arugula moravia) (NOT:locale beef moravia) (NOT:locale flounder moravia)
(feast aesthetics bacon orange quebec oregon)
   (craves aesthetics bacon) (locale bacon oregon)
   + (craves expectation beef) (NOT:locale arugula moravia) (NOT:locale beef moravia) (NOT:locale flounder moravia)
(feast aesthetics bacon orange surrey moravia)
   (craves aesthetics bacon) (locale bacon moravia)
   + (craves expectation beef) (NOT:locale arugula moravia) (NOT:locale beef moravia) (NOT:locale flounder moravia)
(feast aesthetics bacon pork moravia quebec)
   (craves aesthetics bacon) (locale bacon quebec)
   + (craves expectation beef) (NOT:locale arugula moravia) (NOT:locale beef moravia) (NOT:locale flounder moravia)
(feast aesthetics bacon pork oregon alsace)
   (craves aesthetics bacon) (locale bacon alsace)
   + (craves expectation beef) (NOT:locale arugula moravia) (NOT:locale beef moravia) (NOT:locale flounder moravia)
(feast aesthetics bacon pork quebec oregon)
   (craves aesthetics bacon) (locale bacon oregon)
   + (craves expectation beef) (NOT:locale arugula moravia) (NOT:locale beef moravia) (NOT:locale flounder moravia)
(feast aesthetics bacon pork surrey moravia)
   (craves aesthetics bacon) (locale bacon moravia)
   + (craves expectation beef) (NOT:locale arugula moravia) (NOT:locale beef moravia) (NOT:locale flounder moravia)
(feast aesthetics beef arugula surrey moravia)
   (craves aesthetics beef) (locale beef moravia)
   + (craves expectation beef) (NOT:locale arugula moravia) (NOT:locale flounder moravia)
(feast aesthetics beef ham surrey moravia)
   (craves aesthetics beef) (locale beef moravia)
   + (craves expectation beef) (NOT:locale arugula moravia) (NOT:locale flounder moravia)
(feast aesthetics beef orange surrey moravia)
   (craves aesthetics beef) (locale beef moravia)
   + (craves expectation beef) (NOT:locale arugula moravia) (NOT:locale flounder moravia)
(feast aesthetics beef snickers surrey moravia)
   (craves aesthetics beef) (locale beef moravia)
   + (craves expectation beef) (NOT:locale arugula moravia) (NOT:locale flounder moravia)
(feast aesthetics cantelope arugula moravia quebec)
   (craves aesthetics cantelope) (locale cantelope quebec)
   + (NOT:locale flounder moravia)
(feast aesthetics cantelope arugula surrey moravia)
   (craves aesthetics cantelope) (locale cantelope moravia)
   + (NOT:locale flounder moravia)
(feast aesthetics cantelope flounder moravia quebec)
   (craves aesthetics cantelope) (locale cantelope quebec)
   + (NOT:locale flounder moravia)
(feast aesthetics cantelope flounder surrey moravia)
   (craves aesthetics cantelope) (locale cantelope moravia)
   + (NOT:locale flounder moravia)
(feast aesthetics cantelope hamburger moravia quebec)
   (craves aesthetics cantelope) (locale cantelope quebec)
   + (NOT:locale flounder moravia)
(feast aesthetics cantelope hamburger surrey moravia)
   (craves aesthetics cantelope) (locale cantelope moravia)
   + (NOT:locale flounder moravia)
(feast aesthetics cantelope pepper moravia quebec)
   (craves aesthetics cantelope) (locale cantelope quebec)
   + (NOT:locale flounder moravia)
(feast aesthetics cantelope pepper surrey moravia)
   (craves aesthetics cantelope) (locale cantelope moravia)
   + (NOT:locale flounder moravia)
(feast aesthetics grapefruit pepper moravia quebec)
   (craves aesthetics grapefruit) (locale grapefruit quebec)
   + (NOT:locale flounder moravia)
(feast aesthetics grapefruit pepper quebec oregon)
   (craves aesthetics grapefruit) (locale grapefruit oregon)
   + (craves intoxication grapefruit) (NOT:locale flounder moravia)
(feast aesthetics grapefruit pepper surrey moravia)
   (craves aesthetics grapefruit) (locale grapefruit moravia)
   + (NOT:locale flounder moravia)
(feast aesthetics grapefruit wurst moravia quebec)
   (craves aesthetics grapefruit) (locale grapefruit quebec)
   + (NOT:locale flounder moravia)
(feast aesthetics grapefruit wurst quebec oregon)
   (craves aesthetics grapefruit) (locale grapefruit oregon)
   + (craves intoxication grapefruit) (NOT:locale flounder moravia)
(feast aesthetics grapefruit wurst surrey moravia)
   (craves aesthetics grapefruit) (locale grapefruit moravia)
   + (NOT:locale flounder moravia)
(feast aesthetics ham beef moravia quebec)
   (craves aesthetics ham) (locale ham quebec)
   + (craves expectation beef) (NOT:locale arugula moravia) (NOT:locale beef moravia) (NOT:locale flounder moravia)
(feast aesthetics ham beef oregon alsace)
   (craves aesthetics ham) (locale ham alsace)
   + (craves expectation beef) (craves satisfaction ham) (NOT:locale arugula moravia) (NOT:locale beef moravia) (NOT:locale flounder moravia)
(feast aesthetics ham beef quebec oregon)
   (craves aesthetics ham) (locale ham oregon)
   + (craves expectation beef) (NOT:locale arugula moravia) (NOT:locale beef moravia) (NOT:locale flounder moravia)
(feast aesthetics ham beef surrey moravia)
   (craves aesthetics ham) (locale ham moravia)
   + (craves expectation beef) (NOT:locale arugula moravia) (NOT:locale beef moravia) (NOT:locale flounder moravia)
(feast aesthetics ham pork moravia quebec)
   (craves aesthetics ham) (locale ham quebec)
   + (craves expectation beef) (NOT:locale arugula moravia) (NOT:locale beef moravia) (NOT:locale flounder moravia)
(feast aesthetics ham pork oregon alsace)
   (craves aesthetics ham) (locale ham alsace)
   + (craves expectation beef) (craves satisfaction ham) (NOT:locale arugula moravia) (NOT:locale beef moravia) (NOT:locale flounder moravia)
(feast aesthetics ham pork quebec oregon)
   (craves aesthetics ham) (locale ham oregon)
   + (craves expectation beef) (NOT:locale arugula moravia) (NOT:locale beef moravia) (NOT:locale flounder moravia)
(feast aesthetics ham pork surrey moravia)
   (craves aesthetics ham) (locale ham moravia)
   + (craves expectation beef) (NOT:locale arugula moravia) (NOT:locale beef moravia) (NOT:locale flounder moravia)
(feast aesthetics hamburger arugula moravia quebec)
   (craves aesthetics hamburger) (locale hamburger quebec)
   + (NOT:locale flounder moravia)
(feast aesthetics hamburger arugula surrey moravia)
   (craves aesthetics hamburger) (locale hamburger moravia)
   + (NOT:locale flounder moravia)
(feast aesthetics hamburger cantelope moravia quebec)
   (craves aesthetics hamburger) (locale hamburger quebec)
   + (NOT:locale flounder moravia)
(feast aesthetics hamburger cantelope surrey moravia)
   (craves aesthetics hamburger) (locale hamburger moravia)
   + (NOT:locale flounder moravia)
(feast aesthetics hamburger wurst moravia quebec)
   (craves aesthetics hamburger) (locale hamburger quebec)
   + (NOT:locale flounder moravia)
(feast aesthetics hamburger wurst surrey moravia)
   (craves aesthetics hamburger) (locale hamburger moravia)
   + (NOT:locale flounder moravia)
(feast aesthetics kale arugula moravia quebec)
   (craves aesthetics kale) (locale kale quebec)
   + (NOT:locale flounder moravia)
(feast aesthetics kale arugula surrey moravia)
   (craves aesthetics kale) (locale kale moravia)
   + (NOT:locale flounder moravia)
(feast aesthetics kale flounder moravia quebec)
   (craves aesthetics kale) (locale kale quebec)
   + (NOT:locale flounder moravia)
(feast aesthetics kale flounder surrey moravia)
   (craves aesthetics kale) (locale kale moravia)
   + (NOT:locale flounder moravia)
(feast aesthetics lamb snickers surrey moravia)
   (craves aesthetics lamb) (locale lamb moravia)
   + (craves expectation beef) (NOT:locale arugula moravia) (NOT:locale beef moravia) (NOT:locale flounder moravia)
(feast aesthetics lamb tofu surrey moravia)
   (craves aesthetics lamb) (locale lamb moravia)
   + (craves expectation beef) (NOT:locale arugula moravia) (NOT:locale beef moravia) (NOT:locale flounder moravia)
(feast aesthetics melon popover moravia quebec)
   (craves aesthetics melon) (locale melon quebec)
   + (craves expectation beef) (NOT:locale arugula moravia) (NOT:locale beef moravia) (NOT:locale flounder moravia)
(feast aesthetics melon popover oregon alsace)
   (craves aesthetics melon) (locale melon alsace)
   + (craves anger popover) (craves angina popover) (craves expectation beef) (craves hangover popover) (craves prostatitis popover) (craves stimulation melon) (locale popover oregon) (NOT:locale arugula moravia) (NOT:locale beef moravia) (NOT:locale flounder moravia)
(feast aesthetics melon popover quebec oregon)
   (craves aesthetics melon) (locale melon oregon)
   + (craves expectation beef) (NOT:locale arugula moravia) (NOT:locale beef moravia) (NOT:locale flounder moravia)
(feast aesthetics melon popover surrey moravia)
   (craves aesthetics melon) (locale melon moravia)
   + (craves expectation beef) (NOT:locale arugula moravia) (NOT:locale beef moravia) (NOT:locale flounder moravia)
(feast aesthetics melon potato moravia quebec)
   (craves aesthetics melon) (locale melon quebec)
   + (craves expectation beef) (NOT:locale arugula moravia) (NOT:locale beef moravia) (NOT:locale flounder moravia)
(feast aesthetics melon potato oregon alsace)
   (craves aesthetics melon) (locale melon alsace)
   + (craves anger popover) (craves angina popover) (craves expectation beef) (craves hangover popover) (craves prostatitis popover) (craves stimulation melon) (locale popover oregon) (NOT:locale arugula moravia) (NOT:locale beef moravia) (NOT:locale flounder moravia)
(feast aesthetics melon potato quebec oregon)
   (craves aesthetics melon) (locale melon oregon)
   + (craves expectation beef) (NOT:locale arugula moravia) (NOT:locale beef moravia) (NOT:locale flounder moravia)
(feast aesthetics melon potato surrey moravia)
   (craves aesthetics melon) (locale melon moravia)
   + (craves expectation beef) (NOT:locale arugula moravia) (NOT:locale beef moravia) (NOT:locale flounder moravia)
(feast aesthetics orange bacon moravia quebec)
   (craves aesthetics orange) (locale orange quebec)
   + (craves expectation beef) (craves love orange) (NOT:locale arugula moravia) (NOT:locale beef moravia) (NOT:locale flounder moravia)
(feast aesthetics orange bacon surrey moravia)
   (craves aesthetics orange) (locale orange moravia)
   + (craves expectation beef) (NOT:locale arugula moravia) (NOT:locale beef moravia) (NOT:locale flounder moravia)
(feast aesthetics orange beef moravia quebec)
   (craves aesthetics orange) (locale orange quebec)
   + (craves expectation beef) (craves love orange) (NOT:locale arugula moravia) (NOT:locale beef moravia) (NOT:locale flounder moravia)
(feast aesthetics orange beef surrey moravia)
   (craves aesthetics orange) (locale orange moravia)
   + (craves expectation beef) (NOT:locale arugula moravia) (NOT:locale beef moravia) (NOT:locale flounder moravia)
(feast aesthetics orange pork moravia quebec)
   (craves aesthetics orange) (locale orange quebec)
   + (craves expectation beef) (craves love orange) (NOT:locale arugula moravia) (NOT:locale beef moravia) (NOT:locale flounder moravia)
(feast aesthetics orange pork surrey moravia)
   (craves aesthetics orange) (locale orange moravia)
   + (craves expectation beef) (NOT:locale arugula moravia) (NOT:locale beef moravia) (NOT:locale flounder moravia)
(feast aesthetics pepper cantelope moravia quebec)
   (craves aesthetics pepper) (locale pepper quebec)
   + (NOT:locale flounder moravia)
(feast aesthetics pepper cantelope quebec oregon)
   (craves aesthetics pepper) (locale pepper oregon)
   + (craves learning pepper) (NOT:locale flounder moravia)
(feast aesthetics pepper cantelope surrey moravia)
   (craves aesthetics pepper) (locale pepper moravia)
   + (NOT:locale flounder moravia)
(feast aesthetics pepper grapefruit moravia quebec)
   (craves aesthetics pepper) (locale pepper quebec)
   + (NOT:locale flounder moravia)
(feast aesthetics pepper grapefruit quebec oregon)
   (craves aesthetics pepper) (locale pepper oregon)
   + (craves learning pepper) (NOT:locale flounder moravia)
(feast aesthetics pepper grapefruit surrey moravia)
   (craves aesthetics pepper) (locale pepper moravia)
   + (NOT:locale flounder moravia)
(feast aesthetics popover melon moravia quebec)
   (craves aesthetics popover) (locale popover quebec)
   + (craves expectation beef) (NOT:locale arugula moravia) (NOT:locale beef moravia) (NOT:locale flounder moravia)
(feast aesthetics popover melon quebec oregon)
   (craves aesthetics popover) (locale popover oregon)
   + (craves expectation beef) (NOT:locale arugula moravia) (NOT:locale beef moravia) (NOT:locale flounder moravia)
(feast aesthetics popover melon surrey moravia)
   (craves aesthetics popover) (locale popover moravia)
   + (craves expectation beef) (NOT:locale arugula moravia) (NOT:locale beef moravia) (NOT:locale flounder moravia)
(feast aesthetics popover tofu moravia quebec)
   (craves aesthetics popover) (locale popover quebec)
   + (craves expectation beef) (NOT:locale arugula moravia) (NOT:locale beef moravia) (NOT:locale flounder moravia)
(feast aesthetics popover tofu quebec oregon)
   (craves aesthetics popover) (locale popover oregon)
   + (craves expectation beef) (NOT:locale arugula moravia) (NOT:locale beef moravia) (NOT:locale flounder moravia)
(feast aesthetics popover tofu surrey moravia)
   (craves aesthetics popover) (locale popover moravia)
   + (craves expectation beef) (NOT:locale arugula moravia) (NOT:locale beef moravia) (NOT:locale flounder moravia)
(feast aesthetics pork bacon alsace kentucky)
   (craves aesthetics pork) (locale pork kentucky)
   + (craves expectation beef) (craves rest pork) (NOT:locale arugula moravia) (NOT:locale beef moravia) (NOT:locale flounder moravia)
(feast aesthetics pork bacon moravia quebec)
   (craves aesthetics pork) (locale pork quebec)
   + (craves expectation beef) (NOT:locale arugula moravia) (NOT:locale beef moravia) (NOT:locale flounder moravia)
(feast aesthetics pork bacon oregon alsace)
   (craves aesthetics pork) (locale pork alsace)
   + (craves expectation beef) (NOT:locale arugula moravia) (NOT:locale beef moravia) (NOT:locale flounder moravia)
(feast aesthetics pork bacon quebec oregon)
   (craves aesthetics pork) (locale pork oregon)
   + (craves expectation beef) (NOT:locale arugula moravia) (NOT:locale beef moravia) (NOT:locale flounder moravia)
(feast aesthetics pork bacon surrey moravia)
   (craves aesthetics pork) (locale pork moravia)
   + (craves expectation beef) (NOT:locale arugula moravia) (NOT:locale beef moravia) (NOT:locale flounder moravia)
(feast aesthetics pork ham alsace kentucky)
   (craves aesthetics pork) (locale pork kentucky)
   + (craves expectation beef) (craves rest pork) (NOT:locale arugula moravia) (NOT:locale beef moravia) (NOT:locale flounder moravia)
(feast aesthetics pork ham moravia quebec)
   (craves aesthetics pork) (locale pork quebec)
   + (craves expectation beef) (NOT:locale arugula moravia) (NOT:locale beef moravia) (NOT:locale flounder moravia)
(feast aesthetics pork ham oregon alsace)
   (craves aesthetics pork) (locale pork alsace)
   + (craves expectation beef) (NOT:locale arugula moravia) (NOT:locale beef moravia) (NOT:locale flounder moravia)
(feast aesthetics pork ham quebec oregon)
   (craves aesthetics pork) (locale pork oregon)
   + (craves expectation beef) (NOT:locale arugula moravia) (NOT:locale beef moravia) (NOT:locale flounder moravia)
(feast aesthetics pork ham surrey moravia)
   (craves aesthetics pork) (locale pork moravia)
   + (craves expectation beef) (NOT:locale arugula moravia) (NOT:locale beef moravia) (NOT:locale flounder moravia)
(feast aesthetics pork orange alsace kentucky)
   (craves aesthetics pork) (locale pork kentucky)
   + (craves expectation beef) (craves rest pork) (NOT:locale arugula moravia) (NOT:locale beef moravia) (NOT:locale flounder moravia)
(feast aesthetics pork orange moravia quebec)
   (craves aesthetics pork) (locale pork quebec)
   + (craves expectation beef) (NOT:locale arugula moravia) (NOT:locale beef moravia) (NOT:locale flounder moravia)
(feast aesthetics pork orange oregon alsace)
   (craves aesthetics pork) (locale pork alsace)
   + (craves expectation beef) (NOT:locale arugula moravia) (NOT:locale beef moravia) (NOT:locale flounder moravia)
(feast aesthetics pork orange quebec oregon)
   (craves aesthetics pork) (locale pork oregon)
   + (craves expectation beef) (NOT:locale arugula moravia) (NOT:locale beef moravia) (NOT:locale flounder moravia)
(feast aesthetics pork orange surrey moravia)
   (craves aesthetics pork) (locale pork moravia)
   + (craves expectation beef) (NOT:locale arugula moravia) (NOT:locale beef moravia) (NOT:locale flounder moravia)
(feast aesthetics potato melon moravia quebec)
   (craves aesthetics potato) (locale potato quebec)
   + (craves expectation beef) (NOT:locale arugula moravia) (NOT:locale beef moravia) (NOT:locale flounder moravia)
(feast aesthetics potato melon surrey moravia)
   (craves aesthetics potato) (locale potato moravia)
   + (craves expectation beef) (NOT:locale arugula moravia) (NOT:locale beef moravia) (NOT:locale flounder moravia)
(feast aesthetics potato snickers moravia quebec)
   (craves aesthetics potato) (locale potato quebec)
   + (craves expectation beef) (NOT:locale arugula moravia) (NOT:locale beef moravia) (NOT:locale flounder moravia)
(feast aesthetics potato snickers surrey moravia)
   (craves aesthetics potato) (locale potato moravia)
   + (craves expectation beef) (NOT:locale arugula moravia) (NOT:locale beef moravia) (NOT:locale flounder moravia)
(feast aesthetics snickers beef moravia quebec)
   (craves aesthetics snickers) (locale snickers quebec)
   + (craves expectation beef) (NOT:locale arugula moravia) (NOT:locale beef moravia) (NOT:locale flounder moravia)
(feast aesthetics snickers beef oregon alsace)
   (craves aesthetics snickers) (locale snickers alsace)
   + (craves expectation beef) (craves grief lamb) (locale lamb moravia) (NOT:locale arugula moravia) (NOT:locale beef moravia) (NOT:locale flounder moravia)
(feast aesthetics snickers beef quebec oregon)
   (craves aesthetics snickers) (locale snickers oregon)
   + (craves expectation beef) (NOT:locale arugula moravia) (NOT:locale beef moravia) (NOT:locale flounder moravia)
(feast aesthetics snickers beef surrey moravia)
   (craves aesthetics snickers) (locale snickers moravia)
   + (craves expectation beef) (NOT:locale arugula moravia) (NOT:locale beef moravia) (NOT:locale flounder moravia)
(feast aesthetics snickers lamb moravia quebec)
   (craves aesthetics snickers) (locale snickers quebec)
   + (craves expectation beef) (NOT:locale arugula moravia) (NOT:locale beef moravia) (NOT:locale flounder moravia)
(feast aesthetics snickers lamb oregon alsace)
   (craves aesthetics snickers) (locale snickers alsace)
   + (craves expectation beef) (craves grief lamb) (locale lamb moravia) (NOT:locale arugula moravia) (NOT:locale beef moravia) (NOT:locale flounder moravia)
(feast aesthetics snickers lamb quebec oregon)
   (craves aesthetics snickers) (locale snickers oregon)
   + (craves expectation beef) (NOT:locale arugula moravia) (NOT:locale beef moravia) (NOT:locale flounder moravia)
(feast aesthetics snickers lamb surrey moravia)
   (craves aesthetics snickers) (locale snickers moravia)
   + (craves expectation beef) (NOT:locale arugula moravia) (NOT:locale beef moravia) (NOT:locale flounder moravia)
(feast aesthetics snickers potato moravia quebec)
   (craves aesthetics snickers) (locale snickers quebec)
   + (craves expectation beef) (NOT:locale arugula moravia) (NOT:locale beef moravia) (NOT:locale flounder moravia)
(feast aesthetics snickers potato oregon alsace)
   (craves aesthetics snickers) (locale snickers alsace)
   + (craves expectation beef) (craves grief lamb) (locale lamb moravia) (NOT:locale arugula moravia) (NOT:locale beef moravia) (NOT:locale flounder moravia)
(feast aesthetics snickers potato quebec oregon)
   (craves aesthetics snickers) (locale snickers oregon)
   + (craves expectation beef) (NOT:locale arugula moravia) (NOT:locale beef moravia) (NOT:locale flounder moravia)
(feast aesthetics snickers potato surrey moravia)
   (craves aesthetics snickers) (locale snickers moravia)
   + (craves expectation beef) (NOT:locale arugula moravia) (NOT:locale beef moravia) (NOT:locale flounder moravia)
(feast aesthetics wurst grapefruit moravia quebec)
   (craves aesthetics wurst) (locale wurst quebec)
   + (NOT:locale flounder moravia)
(feast aesthetics wurst grapefruit oregon alsace)
   (craves aesthetics wurst) (locale wurst alsace)
   + (NOT:locale flounder moravia)
(feast aesthetics wurst grapefruit quebec oregon)
   (craves aesthetics wurst) (locale wurst oregon)
   + (NOT:locale flounder moravia)
(feast aesthetics wurst grapefruit surrey moravia)
   (craves aesthetics wurst) (locale wurst moravia)
   + (NOT:locale flounder moravia)
(feast aesthetics wurst hamburger moravia quebec)
   (craves aesthetics wurst) (locale wurst quebec)
   + (NOT:locale flounder moravia)
(feast aesthetics wurst hamburger oregon alsace)
   (craves aesthetics wurst) (locale wurst alsace)
   + (NOT:locale flounder moravia)
(feast aesthetics wurst hamburger quebec oregon)
   (craves aesthetics wurst) (locale wurst oregon)
   + (NOT:locale flounder moravia)
(feast aesthetics wurst hamburger surrey moravia)
   (craves aesthetics wurst) (locale wurst moravia)
   + (NOT:locale flounder moravia)
(feast expectation arugula beef surrey moravia)
   (craves expectation arugula) (locale arugula moravia)
   + (NOT:locale beef moravia)
(feast expectation arugula cantelope surrey moravia)
   (craves expectation arugula) (locale arugula moravia)
   + (NOT:locale beef moravia)
(feast expectation arugula hamburger surrey moravia)
   (craves expectation arugula) (locale arugula moravia)
   + (NOT:locale beef moravia)
(feast expectation arugula kale surrey moravia)
   (craves expectation arugula) (locale arugula moravia)
   + (NOT:locale beef moravia)
(feast expectation bacon orange moravia quebec)
   (craves expectation bacon) (locale bacon quebec)
   + (NOT:locale beef moravia)
(feast expectation bacon orange oregon alsace)
   (craves expectation bacon) (locale bacon alsace)
   + (NOT:locale beef moravia)
(feast expectation bacon orange quebec oregon)
   (craves expectation bacon) (locale bacon oregon)
   + (NOT:locale beef moravia)
(feast expectation bacon orange surrey moravia)
   (craves expectation bacon) (locale bacon moravia)
   + (NOT:locale beef moravia)
(feast expectation bacon pork moravia quebec)
   (craves expectation bacon) (locale bacon quebec)
   + (NOT:locale beef moravia)
(feast expectation bacon pork oregon alsace)
   (craves expectation bacon) (locale bacon alsace)
   + (NOT:locale beef moravia)
(feast expectation bacon pork quebec oregon)
   (craves expectation bacon) (locale bacon oregon)
   + (NOT:locale beef moravia)
(feast expectation bacon pork surrey moravia)
   (craves expectation bacon) (locale bacon moravia)
   + (NOT:locale beef moravia)
(feast expectation cantelope arugula moravia quebec)
   (craves expectation cantelope) (locale cantelope quebec)
   + (NOT:locale arugula moravia) (NOT:locale beef moravia)
(feast expectation cantelope arugula surrey moravia)
   (craves expectation cantelope) (locale cantelope moravia)
   + (NOT:locale arugula moravia) (NOT:locale beef moravia)
(feast expectation cantelope flounder moravia quebec)
   (craves expectation cantelope) (locale cantelope quebec)
   + (NOT:locale arugula moravia) (NOT:locale beef moravia)
(feast expectation cantelope flounder surrey moravia)
   (craves expectation cantelope) (locale cantelope moravia)
   + (NOT:locale arugula moravia) (NOT:locale beef moravia)
(feast expectation cantelope hamburger moravia quebec)
   (craves expectation cantelope) (locale cantelope quebec)
   + (NOT:locale arugula moravia) (NOT:locale beef moravia)
(feast expectation cantelope hamburger surrey moravia)
   (craves expectation cantelope) (locale cantelope moravia)
   + (NOT:locale arugula moravia) (NOT:locale beef moravia)
(feast expectation cantelope pepper moravia quebec)
   (craves expectation cantelope) (locale cantelope quebec)
   + (NOT:locale arugula moravia) (NOT:locale beef moravia)
(feast expectation cantelope pepper surrey moravia)
   (craves expectation cantelope) (locale cantelope moravia)
   + (NOT:locale arugula moravia) (NOT:locale beef moravia)
(feast expectation flounder cantelope surrey moravia)
   (craves expectation flounder) (locale flounder moravia)
   + (craves aesthetics flounder) (NOT:locale arugula moravia) (NOT:locale beef moravia)
(feast expectation flounder kale surrey moravia)
   (craves expectation flounder) (locale flounder moravia)
   + (craves aesthetics flounder) (NOT:locale arugula moravia) (NOT:locale beef moravia)
(feast expectation grapefruit pepper moravia quebec)
   (craves expectation grapefruit) (locale grapefruit quebec)
   + (NOT:locale arugula moravia) (NOT:locale beef moravia)
(feast expectation grapefruit pepper quebec oregon)
   (craves expectation grapefruit) (locale grapefruit oregon)
   + (craves intoxication grapefruit) (NOT:locale arugula moravia) (NOT:locale beef moravia)
(feast expectation grapefruit pepper surrey moravia)
   (craves expectation grapefruit) (locale grapefruit moravia)
   + (NOT:locale arugula moravia) (NOT:locale beef moravia)
(feast expectation grapefruit wurst moravia quebec)
   (craves expectation grapefruit) (locale grapefruit quebec)
   + (NOT:locale arugula moravia) (NOT:locale beef moravia)
(feast expectation grapefruit wurst quebec oregon)
   (craves expectation grapefruit) (locale grapefruit oregon)
   + (craves intoxication grapefruit) (NOT:locale arugula moravia) (NOT:locale beef moravia)
(feast expectation grapefruit wurst surrey moravia)
   (craves expectation grapefruit) (locale grapefruit moravia)
   + (NOT:locale arugula moravia) (NOT:locale beef moravia)
(feast expectation ham beef moravia quebec)
   (craves expectation ham) (locale ham quebec)
   + (NOT:locale beef moravia)
(feast expectation ham beef oregon alsace)
   (craves expectation ham) (locale ham alsace)
   + (craves satisfaction ham) (NOT:locale beef moravia)
(feast expectation ham beef quebec oregon)
   (craves expectation ham) (locale ham oregon)
   + (NOT:locale beef moravia)
(feast expectation ham beef surrey moravia)
   (craves expectation ham) (locale ham moravia)
   + (NOT:locale beef moravia)
(feast expectation ham pork moravia quebec)
   (craves expectation ham) (locale ham quebec)
   + (NOT:locale beef moravia)
(feast expectation ham pork oregon alsace)
   (craves expectation ham) (locale ham alsace)
   + (craves satisfaction ham) (NOT:locale beef moravia)
(feast expectation ham pork quebec oregon)
   (craves expectation ham) (locale ham oregon)
   + (NOT:locale beef moravia)
(feast expectation ham pork surrey moravia)
   (craves expectation ham) (locale ham moravia)
   + (NOT:locale beef moravia)
(feast expectation hamburger arugula moravia quebec)
   (craves expectation hamburger) (locale hamburger quebec)
   + (NOT:locale arugula moravia) (NOT:locale beef moravia)
(feast expectation hamburger arugula surrey moravia)
   (craves expectation hamburger) (locale hamburger moravia)
   + (NOT:locale arugula moravia) (NOT:locale beef moravia)
(feast expectation hamburger cantelope moravia quebec)
   (craves expectation hamburger) (locale hamburger quebec)
   + (NOT:locale arugula moravia) (NOT:locale beef moravia)
(feast expectation hamburger cantelope surrey moravia)
   (craves expectation hamburger) (locale hamburger moravia)
   + (NOT:locale arugula moravia) (NOT:locale beef moravia)
(feast expectation hamburger wurst moravia quebec)
   (craves expectation hamburger) (locale hamburger quebec)
   + (NOT:locale arugula moravia) (NOT:locale beef moravia)
(feast expectation hamburger wurst surrey moravia)
   (craves expectation hamburger) (locale hamburger moravia)
   + (NOT:locale arugula moravia) (NOT:locale beef moravia)
(feast expectation kale arugula moravia quebec)
   (craves expectation kale) (locale kale quebec)
   + (NOT:locale arugula moravia) (NOT:locale beef moravia)
(feast expectation kale arugula surrey moravia)
   (craves expectation kale) (locale kale moravia)
   + (NOT:locale arugula moravia) (NOT:locale beef moravia)
(feast expectation kale flounder moravia quebec)
   (craves expectation kale) (locale kale quebec)
   + (NOT:locale arugula moravia) (NOT:locale beef moravia)
(feast expectation kale flounder surrey moravia)
   (craves expectation kale) (locale kale moravia)
   + (NOT:locale arugula moravia) (NOT:locale beef moravia)
(feast expectation lamb snickers surrey moravia)
   (craves expectation lamb) (locale lamb moravia)
   + (NOT:locale beef moravia)
(feast expectation lamb tofu surrey moravia)
   (craves expectation lamb) (locale lamb moravia)
   + (NOT:locale beef moravia)
(feast expectation melon popover moravia quebec)
   (craves expectation melon) (locale melon quebec)
   + (NOT:locale beef moravia)
(feast expectation melon popover oregon alsace)
   (craves expectation melon) (locale melon alsace)
   + (craves anger popover) (craves angina popover) (craves hangover popover) (craves prostatitis popover) (craves stimulation melon) (locale popover oregon) (NOT:locale beef moravia)
(feast expectation melon popover quebec oregon)
   (craves expectation melon) (locale melon oregon)
   + (NOT:locale beef moravia)
(feast expectation melon popover surrey moravia)
   (craves expectation melon) (locale melon moravia)
   + (NOT:locale beef moravia)
(feast expectation melon potato moravia quebec)
   (craves expectation melon) (locale melon quebec)
   + (NOT:locale beef moravia)
(feast expectation melon potato oregon alsace)
   (craves expectation melon) (locale melon alsace)
   + (craves anger popover) (craves angina popover) (craves hangover popover) (craves prostatitis popover) (craves stimulation melon) (locale popover oregon) (NOT:locale beef moravia)
(feast expectation melon potato quebec oregon)
   (craves expectation melon) (locale melon oregon)
   + (NOT:locale beef moravia)
(feast expectation melon potato surrey moravia)
   (craves expectation melon) (locale melon moravia)
   + (NOT:locale beef moravia)
(feast expectation orange bacon moravia quebec)
   (craves expectation orange) (locale orange quebec)
   + (craves love orange) (NOT:locale beef moravia)
(feast expectation orange bacon surrey moravia)
   (craves expectation orange) (locale orange moravia)
   + (NOT:locale beef moravia)
(feast expectation orange beef moravia quebec)
   (craves expectation orange) (locale orange quebec)
   + (craves love orange) (NOT:locale beef moravia)
(feast expectation orange beef surrey moravia)
   (craves expectation orange) (locale orange moravia)
   + (NOT:locale beef moravia)
(feast expectation orange pork moravia quebec)
   (craves expectation orange) (locale orange quebec)
   + (craves love orange) (NOT:locale beef moravia)
(feast expectation orange pork surrey moravia)
   (craves expectation orange) (locale orange moravia)
   + (NOT:locale beef moravia)
(feast expectation pepper cantelope moravia quebec)
   (craves expectation pepper) (locale pepper quebec)
   + (NOT:locale arugula moravia) (NOT:locale beef moravia)
(feast expectation pepper cantelope quebec oregon)
   (craves expectation pepper) (locale pepper oregon)
   + (craves learning pepper) (NOT:locale arugula moravia) (NOT:locale beef moravia)
(feast expectation pepper cantelope surrey moravia)
   (craves expectation pepper) (locale pepper moravia)
   + (NOT:locale arugula moravia) (NOT:locale beef moravia)
(feast expectation pepper grapefruit moravia quebec)
   (craves expectation pepper) (locale pepper quebec)
   + (NOT:locale arugula moravia) (NOT:locale beef moravia)
(feast expectation pepper grapefruit quebec oregon)
   (craves expectation pepper) (locale pepper oregon)
   + (craves learning pepper) (NOT:locale arugula moravia) (NOT:locale beef moravia)
(feast expectation pepper grapefruit surrey moravia)
   (craves expectation pepper) (locale pepper moravia)
   + (NOT:locale arugula moravia) (NOT:locale beef moravia)
(feast expectation popover melon moravia quebec)
   (craves expectation popover) (locale popover quebec)
   + (NOT:locale beef moravia)
(feast expectation popover melon quebec oregon)
   (craves expectation popover) (locale popover oregon)
   + (NOT:locale beef moravia)
(feast expectation popover melon surrey moravia)
   (craves expectation popover) (locale popover moravia)
   + (NOT:locale beef moravia)
(feast expectation popover tofu moravia quebec)
   (craves expectation popover) (locale popover quebec)
   + (NOT:locale beef moravia)
(feast expectation popover tofu quebec oregon)
   (craves expectation popover) (locale popover oregon)
   + (NOT:locale beef moravia)
(feast expectation popover tofu surrey moravia)
   (craves expectation popover) (locale popover moravia)
   + (NOT:locale beef moravia)
(feast expectation pork bacon alsace kentucky)
   (craves expectation pork) (locale pork kentucky)
   + (craves rest pork) (NOT:locale beef moravia)
(feast expectation pork bacon moravia quebec)
   (craves expectation pork) (locale pork quebec)
   + (NOT:locale beef moravia)
(feast expectation pork bacon oregon alsace)
   (craves expectation pork) (locale pork alsace)
   + (NOT:locale beef moravia)
(feast expectation pork bacon quebec oregon)
   (craves expectation pork) (locale pork oregon)
   + (NOT:locale beef moravia)
(feast expectation pork bacon surrey moravia)
   (craves expectation pork) (locale pork moravia)
   + (NOT:locale beef moravia)
(feast expectation pork ham alsace kentucky)
   (craves expectation pork) (locale pork kentucky)
   + (craves rest pork) (NOT:locale beef moravia)
(feast expectation pork ham moravia quebec)
   (craves expectation pork) (locale pork quebec)
   + (NOT:locale beef moravia)
(feast expectation pork ham oregon alsace)
   (craves expectation pork) (locale pork alsace)
   + (NOT:locale beef moravia)
(feast expectation pork ham quebec oregon)
   (craves expectation pork) (locale pork oregon)
   + (NOT:locale beef moravia)
(feast expectation pork ham surrey moravia)
   (craves expectation pork) (locale pork moravia)
   + (NOT:locale beef moravia)
(feast expectation pork orange alsace kentucky)
   (craves expectation pork) (locale pork kentucky)
   + (craves rest pork) (NOT:locale beef moravia)
(feast expectation pork orange moravia quebec)
   (craves expectation pork) (locale pork quebec)
   + (NOT:locale beef moravia)
(feast expectation pork orange oregon alsace)
   (craves expectation pork) (locale pork alsace)
   + (NOT:locale beef moravia)
(feast expectation pork orange quebec oregon)
   (craves expectation pork) (locale pork oregon)
   + (NOT:locale beef moravia)
(feast expectation pork orange surrey moravia)
   (craves expectation pork) (locale pork moravia)
   + (NOT:locale beef moravia)
(feast expectation potato melon moravia quebec)
   (craves expectation potato) (locale potato quebec)
   + (NOT:locale beef moravia)
(feast expectation potato melon surrey moravia)
   (craves expectation potato) (locale potato moravia)
   + (NOT:locale beef moravia)
(feast expectation potato snickers moravia quebec)
   (craves expectation potato) (locale potato quebec)
   + (NOT:locale beef moravia)
(feast expectation potato snickers surrey moravia)
   (craves expectation potato) (locale potato moravia)
   + (NOT:locale beef moravia)
(feast expectation snickers beef moravia quebec)
   (craves expectation snickers) (locale snickers quebec)
   + (NOT:locale beef moravia)
(feast expectation snickers beef oregon alsace)
   (craves expectation snickers) (locale snickers alsace)
   + (craves grief lamb) (locale lamb moravia) (NOT:locale beef moravia)
(feast expectation snickers beef quebec oregon)
   (craves expectation snickers) (locale snickers oregon)
   + (NOT:locale beef moravia)
(feast expectation snickers beef surrey moravia)
   (craves expectation snickers) (locale snickers moravia)
   + (NOT:locale beef moravia)
(feast expectation snickers lamb moravia quebec)
   (craves expectation snickers) (locale snickers quebec)
   + (NOT:locale beef moravia)
(feast expectation snickers lamb oregon alsace)
   (craves expectation snickers) (locale snickers alsace)
   + (craves grief lamb) (locale lamb moravia) (NOT:locale beef moravia)
(feast expectation snickers lamb quebec oregon)
   (craves expectation snickers) (locale snickers oregon)
   + (NOT:locale beef moravia)
(feast expectation snickers lamb surrey moravia)
   (craves expectation snickers) (locale snickers moravia)
   + (NOT:locale beef moravia)
(feast expectation snickers potato moravia quebec)
   (craves expectation snickers) (locale snickers quebec)
   + (NOT:locale beef moravia)
(feast expectation snickers potato oregon alsace)
   (craves expectation snickers) (locale snickers alsace)
   + (craves grief lamb) (locale lamb moravia) (NOT:locale beef moravia)
(feast expectation snickers potato quebec oregon)
   (craves expectation snickers) (locale snickers oregon)
   + (NOT:locale beef moravia)
(feast expectation snickers potato surrey moravia)
   (craves expectation snickers) (locale snickers moravia)
   + (NOT:locale beef moravia)
(feast expectation wurst grapefruit moravia quebec)
   (craves expectation wurst) (locale wurst quebec)
   + (NOT:locale arugula moravia) (NOT:locale beef moravia)
(feast expectation wurst grapefruit oregon alsace)
   (craves expectation wurst) (locale wurst alsace)
   + (NOT:locale arugula moravia) (NOT:locale beef moravia)
(feast expectation wurst grapefruit quebec oregon)
   (craves expectation wurst) (locale wurst oregon)
   + (NOT:locale arugula moravia) (NOT:locale beef moravia)
(feast expectation wurst grapefruit surrey moravia)
   (craves expectation wurst) (locale wurst moravia)
   + (NOT:locale arugula moravia) (NOT:locale beef moravia)
(feast expectation wurst hamburger moravia quebec)
   (craves expectation wurst) (locale wurst quebec)
   + (NOT:locale arugula moravia) (NOT:locale beef moravia)
(feast expectation wurst hamburger oregon alsace)
   (craves expectation wurst) (locale wurst alsace)
   + (NOT:locale arugula moravia) (NOT:locale beef moravia)
(feast expectation wurst hamburger quebec oregon)
   (craves expectation wurst) (locale wurst oregon)
   + (NOT:locale arugula moravia) (NOT:locale beef moravia)
(feast expectation wurst hamburger surrey moravia)
   (craves expectation wurst) (locale wurst moravia)
   + (NOT:locale arugula moravia) (NOT:locale beef moravia)
(feast intoxication bacon orange moravia quebec)
   (craves intoxication bacon) (locale bacon quebec)
   + (craves expectation beef) (NOT:locale arugula moravia) (NOT:locale beef moravia)
(feast intoxication bacon orange oregon alsace)
   (craves intoxication bacon) (locale bacon alsace)
   + (craves expectation beef) (NOT:locale arugula moravia) (NOT:locale beef moravia)
(feast intoxication bacon orange quebec oregon)
   (craves intoxication bacon) (locale bacon oregon)
   + (craves expectation beef) (NOT:locale arugula moravia) (NOT:locale beef moravia)
(feast intoxication bacon orange surrey moravia)
   (craves intoxication bacon) (locale bacon moravia)
   + (craves expectation beef) (NOT:locale arugula moravia) (NOT:locale beef moravia)
(feast intoxication bacon pork moravia quebec)
   (craves intoxication bacon) (locale bacon quebec)
   + (craves expectation beef) (NOT:locale arugula moravia) (NOT:locale beef moravia)
(feast intoxication bacon pork oregon alsace)
   (craves intoxication bacon) (locale bacon alsace)
   + (craves expectation beef) (NOT:locale arugula moravia) (NOT:locale beef moravia)
(feast intoxication bacon pork quebec oregon)
   (craves intoxication bacon) (locale bacon oregon)
   + (craves expectation beef) (NOT:locale arugula moravia) (NOT:locale beef moravia)
(feast intoxication bacon pork surrey moravia)
   (craves intoxication bacon) (locale bacon moravia)
   + (craves expectation beef) (NOT:locale arugula moravia) (NOT:locale beef moravia)
(feast intoxication beef arugula surrey moravia)
   (craves intoxication beef) (locale beef moravia)
   + (craves expectation beef) (NOT:locale arugula moravia)
(feast intoxication beef ham surrey moravia)
   (craves intoxication beef) (locale beef moravia)
   + (craves expectation beef) (NOT:locale arugula moravia)
(feast intoxication beef orange surrey moravia)
   (craves intoxication beef) (locale beef moravia)
   + (craves expectation beef) (NOT:locale arugula moravia)
(feast intoxication beef snickers surrey moravia)
   (craves intoxication beef) (locale beef moravia)
   + (craves expectation beef) (NOT:locale arugula moravia)
(feast intoxication flounder cantelope surrey moravia)
   (craves intoxication flounder) (locale flounder moravia)
   + (craves aesthetics flounder)
(feast intoxication flounder kale surrey moravia)
   (craves intoxication flounder) (locale flounder moravia)
   + (craves aesthetics flounder)
(feast intoxication ham beef moravia quebec)
   (craves intoxication ham) (locale ham quebec)
   + (craves expectation beef) (NOT:locale arugula moravia) (NOT:locale beef moravia)
(feast intoxication ham beef oregon alsace)
   (craves intoxication ham) (locale ham alsace)
   + (craves expectation beef) (craves satisfaction ham) (NOT:locale arugula moravia) (NOT:locale beef moravia)
(feast intoxication ham beef quebec oregon)
   (craves intoxication ham) (locale ham oregon)
   + (craves expectation beef) (NOT:locale arugula moravia) (NOT:locale beef moravia)
(feast intoxication ham beef surrey moravia)
   (craves intoxication ham) (locale ham moravia)
   + (craves expectation beef) (NOT:locale arugula moravia) (NOT:locale beef moravia)
(feast intoxication ham pork moravia quebec)
   (craves intoxication ham) (locale ham quebec)
   + (craves expectation beef) (NOT:locale arugula moravia) (NOT:locale beef moravia)
(feast intoxication ham pork oregon alsace)
   (craves intoxication ham) (locale ham alsace)
   + (craves expectation beef) (craves satisfaction ham) (NOT:locale arugula moravia) (NOT:locale beef moravia)
(feast intoxication ham pork quebec oregon)
   (craves intoxication ham) (locale ham oregon)
   + (craves expectation beef) (NOT:locale arugula moravia) (NOT:locale beef moravia)
(feast intoxication ham pork surrey moravia)
   (craves intoxication ham) (locale ham moravia)
   + (craves expectation beef) (NOT:locale arugula moravia) (NOT:locale beef moravia)
(feast intoxication lamb snickers surrey moravia)
   (craves intoxication lamb) (locale lamb moravia)
   + (craves expectation beef) (NOT:locale arugula moravia) (NOT:locale beef moravia)
(feast intoxication lamb tofu surrey moravia)
   (craves intoxication lamb) (locale lamb moravia)
   + (craves expectation beef) (NOT:locale arugula moravia) (NOT:locale beef moravia)
(feast intoxication melon popover moravia quebec)
   (craves intoxication melon) (locale melon quebec)
   + (craves expectation beef) (NOT:locale arugula moravia) (NOT:locale beef moravia)
(feast intoxication melon popover oregon alsace)
   (craves intoxication melon) (locale melon alsace)
   + (craves anger popover) (craves angina popover) (craves expectation beef) (craves hangover popover) (craves prostatitis popover) (craves stimulation melon) (locale popover oregon) (NOT:locale arugula moravia) (NOT:locale beef moravia)
(feast intoxication melon popover quebec oregon)
   (craves intoxication melon) (locale melon oregon)
   + (craves expectation beef) (NOT:locale arugula moravia) (NOT:locale beef moravia)
(feast intoxication melon popover surrey moravia)
   (craves intoxication melon) (locale melon moravia)
   + (craves expectation beef) (NOT:locale arugula moravia) (NOT:locale beef moravia)
(feast intoxication melon potato moravia quebec)
   (craves intoxication melon) (locale melon quebec)
   + (craves expectation beef) (NOT:locale arugula moravia) (NOT:locale beef moravia)
(feast intoxication melon potato oregon alsace)
   (craves intoxication melon) (locale melon alsace)
   + (craves anger popover) (craves angina popover) (craves expectation beef) (craves hangover popover) (craves prostatitis popover) (craves stimulation melon) (locale popover oregon) (NOT:locale arugula moravia) (NOT:locale beef moravia)
(feast intoxication melon potato quebec oregon)
   (craves intoxication melon) (locale melon oregon)
   + (craves expectation beef) (NOT:locale arugula moravia) (NOT:locale beef moravia)
(feast intoxication melon potato surrey moravia)
   (craves intoxication melon) (locale melon moravia)
   + (craves expectation beef) (NOT:locale arugula moravia) (NOT:locale beef moravia)
(feast intoxication orange bacon moravia quebec)
   (craves intoxication orange) (locale orange quebec)
   + (craves expectation beef) (craves love orange) (NOT:locale arugula moravia) (NOT:locale beef moravia)
(feast intoxication orange bacon surrey moravia)
   (craves intoxication orange) (locale orange moravia)
   + (craves expectation beef) (NOT:locale arugula moravia) (NOT:locale beef moravia)
(feast intoxication orange beef moravia quebec)
   (craves intoxication orange) (locale orange quebec)
   + (craves expectation beef) (craves love orange) (NOT:locale arugula moravia) (NOT:locale beef moravia)
(feast intoxication orange beef surrey moravia)
   (craves intoxication orange) (locale orange moravia)
   + (craves expectation beef) (NOT:locale arugula moravia) (NOT:locale beef moravia)
(feast intoxication orange pork moravia quebec)
   (craves intoxication orange) (locale orange quebec)
   + (craves expectation beef) (craves love orange) (NOT:locale arugula moravia) (NOT:locale beef moravia)
(feast intoxication orange pork surrey moravia)
   (craves intoxication orange) (locale orange moravia)
   + (craves expectation beef) (NOT:locale arugula moravia) (NOT:locale beef moravia)
(feast intoxication pepper cantelope quebec oregon)
   (craves intoxication pepper) (locale pepper oregon)
   + (craves learning pepper)
(feast intoxication pepper grapefruit quebec oregon)
   (craves intoxication pepper) (locale pepper oregon)
   + (craves learning pepper)
(feast intoxication popover melon moravia quebec)
   (craves intoxication popover) (locale popover quebec)
   + (craves expectation beef) (NOT:locale arugula moravia) (NOT:locale beef moravia)
(feast intoxication popover melon quebec oregon)
   (craves intoxication popover) (locale popover oregon)
   + (craves expectation beef) (NOT:locale arugula moravia) (NOT:locale beef moravia)
(feast intoxication popover melon surrey moravia)
   (craves intoxication popover) (locale popover moravia)
   + (craves expectation beef) (NOT:locale arugula moravia) (NOT:locale beef moravia)
(feast intoxication popover tofu moravia quebec)
   (craves intoxication popover) (locale popover quebec)
   + (craves expectation beef) (NOT:locale arugula moravia) (NOT:locale beef moravia)
(feast intoxication popover tofu quebec oregon)
   (craves intoxication popover) (locale popover oregon)
   + (craves expectation beef) (NOT:locale arugula moravia) (NOT:locale beef moravia)
(feast intoxication popover tofu surrey moravia)
   (craves intoxication popover) (locale popover moravia)
   + (craves expectation beef) (NOT:locale arugula moravia) (NOT:locale beef moravia)
(feast intoxication pork bacon alsace kentucky)
   (craves intoxication pork) (locale pork kentucky)
   + (craves expectation beef) (craves rest pork) (NOT:locale arugula moravia) (NOT:locale beef moravia)
(feast intoxication pork bacon moravia quebec)
   (craves intoxication pork) (locale pork quebec)
   + (craves expectation beef) (NOT:locale arugula moravia) (NOT:locale beef moravia)
(feast intoxication pork bacon oregon alsace)
   (craves intoxication pork) (locale pork alsace)
   + (craves expectation beef) (NOT:locale arugula moravia) (NOT:locale beef moravia)
(feast intoxication pork bacon quebec oregon)
   (craves intoxication pork) (locale pork oregon)
   + (craves expectation beef) (NOT:locale arugula moravia) (NOT:locale beef moravia)
(feast intoxication pork bacon surrey moravia)
   (craves intoxication pork) (locale pork moravia)
   + (craves expectation beef) (NOT:locale arugula moravia) (NOT:locale beef moravia)
(feast intoxication pork ham alsace kentucky)
   (craves intoxication pork) (locale pork kentucky)
   + (craves expectation beef) (craves rest pork) (NOT:locale arugula moravia) (NOT:locale beef moravia)
(feast intoxication pork ham moravia quebec)
   (craves intoxication pork) (locale pork quebec)
   + (craves expectation beef) (NOT:locale arugula moravia) (NOT:locale beef moravia)
(feast intoxication pork ham oregon alsace)
   (craves intoxication pork) (locale pork alsace)
   + (craves expectation beef) (NOT:locale arugula moravia) (NOT:locale beef moravia)
(feast intoxication pork ham quebec oregon)
   (craves intoxication pork) (locale pork oregon)
   + (craves expectation beef) (NOT:locale arugula moravia) (NOT:locale beef moravia)
(feast intoxication pork ham surrey moravia)
   (craves intoxication pork) (locale pork moravia)
   + (craves expectation beef) (NOT:locale arugula moravia) (NOT:locale beef moravia)
(feast intoxication pork orange alsace kentucky)
   (craves intoxication pork) (locale pork kentucky)
   + (craves expectation beef) (craves rest pork) (NOT:locale arugula moravia) (NOT:locale beef moravia)
(feast intoxication pork orange moravia quebec)
   (craves intoxication pork) (locale pork quebec)
   + (craves expectation beef) (NOT:locale arugula moravia) (NOT:locale beef moravia)
(feast intoxication pork orange oregon alsace)
   (craves intoxication pork) (locale pork alsace)
   + (craves expectation beef) (NOT:locale arugula moravia) (NOT:locale beef moravia)
(feast intoxication pork orange quebec oregon)
   (craves intoxication pork) (locale pork oregon)
   + (craves expectation beef) (NOT:locale arugula moravia) (NOT:locale beef moravia)
(feast intoxication pork orange surrey moravia)
   (craves intoxication pork) (locale pork moravia)
   + (craves expectation beef) (NOT:locale arugula moravia) (NOT:locale beef moravia)
(feast intoxication potato melon moravia quebec)
   (craves intoxication potato) (locale potato quebec)
   + (craves expectation beef) (NOT:locale arugula moravia) (NOT:locale beef moravia)
(feast intoxication potato melon surrey moravia)
   (craves intoxication potato) (locale potato moravia)
   + (craves expectation beef) (NOT:locale arugula moravia) (NOT:locale beef moravia)
(feast intoxication potato snickers moravia quebec)
   (craves intoxication potato) (locale potato quebec)
   + (craves expectation beef) (NOT:locale arugula moravia) (NOT:locale beef moravia)
(feast intoxication potato snickers surrey moravia)
   (craves intoxication potato) (locale potato moravia)
   + (craves expectation beef) (NOT:locale arugula moravia) (NOT:locale beef moravia)
(feast intoxication snickers beef moravia quebec)
   (craves intoxication snickers) (locale snickers quebec)
   + (craves expectation beef) (NOT:locale arugula moravia) (NOT:locale beef moravia)
(feast intoxication snickers beef oregon alsace)
   (craves intoxication snickers) (locale snickers alsace)
   + (craves expectation beef) (craves grief lamb) (locale lamb moravia) (NOT:locale arugula moravia) (NOT:locale beef moravia)
(feast intoxication snickers beef quebec oregon)
   (craves intoxication snickers) (locale snickers oregon)
   + (craves expectation beef) (NOT:locale arugula moravia) (NOT:locale beef moravia)
(feast intoxication snickers beef surrey moravia)
   (craves intoxication snickers) (locale snickers moravia)
   + (craves expectation beef) (NOT:locale arugula moravia) (NOT:locale beef moravia)
(feast intoxication snickers lamb moravia quebec)
   (craves intoxication snickers) (locale snickers quebec)
   + (craves expectation beef) (NOT:locale arugula moravia) (NOT:locale beef moravia)
(feast intoxication snickers lamb oregon alsace)
   (craves intoxication snickers) (locale snickers alsace)
   + (craves expectation beef) (craves grief lamb) (locale lamb moravia) (NOT:locale arugula moravia) (NOT:locale beef moravia)
(feast intoxication snickers lamb quebec oregon)
   (craves intoxication snickers) (locale snickers oregon)
   + (craves expectation beef) (NOT:locale arugula moravia) (NOT:locale beef moravia)
(feast intoxication snickers lamb surrey moravia)
   (craves intoxication snickers) (locale snickers moravia)
   + (craves expectation beef) (NOT:locale arugula moravia) (NOT:locale beef moravia)
(feast intoxication snickers potato moravia quebec)
   (craves intoxication snickers) (locale snickers quebec)
   + (craves expectation beef) (NOT:locale arugula moravia) (NOT:locale beef moravia)
(feast intoxication snickers potato oregon alsace)
   (craves intoxication snickers) (locale snickers alsace)
   + (craves expectation beef) (craves grief lamb) (locale lamb moravia) (NOT:locale arugula moravia) (NOT:locale beef moravia)
(feast intoxication snickers potato quebec oregon)
   (craves intoxication snickers) (locale snickers oregon)
   + (craves expectation beef) (NOT:locale arugula moravia) (NOT:locale beef moravia)
(feast intoxication snickers potato surrey moravia)
   (craves intoxication snickers) (locale snickers moravia)
   + (craves expectation beef) (NOT:locale arugula moravia) (NOT:locale beef moravia)
(feast learning bacon orange moravia quebec)
   (craves learning bacon) (locale bacon quebec)
   + (craves expectation beef) (NOT:locale arugula moravia) (NOT:locale beef moravia)
(feast learning bacon orange oregon alsace)
   (craves learning bacon) (locale bacon alsace)
   + (craves expectation beef) (NOT:locale arugula moravia) (NOT:locale beef moravia)
(feast learning bacon orange quebec oregon)
   (craves learning bacon) (locale bacon oregon)
   + (craves expectation beef) (NOT:locale arugula moravia) (NOT:locale beef moravia)
(feast learning bacon orange surrey moravia)
   (craves learning bacon) (locale bacon moravia)
   + (craves expectation beef) (NOT:locale arugula moravia) (NOT:locale beef moravia)
(feast learning bacon pork moravia quebec)
   (craves learning bacon) (locale bacon quebec)
   + (craves expectation beef) (NOT:locale arugula moravia) (NOT:locale beef moravia)
(feast learning bacon pork oregon alsace)
   (craves learning bacon) (locale bacon alsace)
   + (craves expectation beef) (NOT:locale arugula moravia) (NOT:locale beef moravia)
(feast learning bacon pork quebec oregon)
   (craves learning bacon) (locale bacon oregon)
   + (craves expectation beef) (NOT:locale arugula moravia) (NOT:locale beef moravia)
(feast learning bacon pork surrey moravia)
   (craves learning bacon) (locale bacon moravia)
   + (craves expectation beef) (NOT:locale arugula moravia) (NOT:locale beef moravia)
(feast learning beef arugula surrey moravia)
   (craves learning beef) (locale beef moravia)
   + (craves expectation beef) (NOT:locale arugula moravia)
(feast learning beef ham surrey moravia)
   (craves learning beef) (locale beef moravia)
   + (craves expectation beef) (NOT:locale arugula moravia)
(feast learning beef orange surrey moravia)
   (craves learning beef) (locale beef moravia)
   + (craves expectation beef) (NOT:locale arugula moravia)
(feast learning beef snickers surrey moravia)
   (craves learning beef) (locale beef moravia)
   + (craves expectation beef) (NOT:locale arugula moravia)
(feast learning flounder cantelope surrey moravia)
   (craves learning flounder) (locale flounder moravia)
   + (craves aesthetics flounder)
(feast learning flounder kale surrey moravia)
   (craves learning flounder) (locale flounder moravia)
   + (craves aesthetics flounder)
(feast learning grapefruit pepper quebec oregon)
   (craves learning grapefruit) (locale grapefruit oregon)
   + (craves intoxication grapefruit)
(feast learning grapefruit wurst quebec oregon)
   (craves learning grapefruit) (locale grapefruit oregon)
   + (craves intoxication grapefruit)
(feast learning ham beef moravia quebec)
   (craves learning ham) (locale ham quebec)
   + (craves expectation beef) (NOT:locale arugula moravia) (NOT:locale beef moravia)
(feast learning ham beef oregon alsace)
   (craves learning ham) (locale ham alsace)
   + (craves expectation beef) (craves satisfaction ham) (NOT:locale arugula moravia) (NOT:locale beef moravia)
(feast learning ham beef quebec oregon)
   (craves learning ham) (locale ham oregon)
   + (craves expectation beef) (NOT:locale arugula moravia) (NOT:locale beef moravia)
(feast learning ham beef surrey moravia)
   (craves learning ham) (locale ham moravia)
   + (craves expectation beef) (NOT:locale arugula moravia) (NOT:locale beef moravia)
(feast learning ham pork moravia quebec)
   (craves learning ham) (locale ham quebec)
   + (craves expectation beef) (NOT:locale arugula moravia) (NOT:locale beef moravia)
(feast learning ham pork oregon alsace)
   (craves learning ham) (locale ham alsace)
   + (craves expectation beef) (craves satisfaction ham) (NOT:locale arugula moravia) (NOT:locale beef moravia)
(feast learning ham pork quebec oregon)
   (craves learning ham) (locale ham oregon)
   + (craves expectation beef) (NOT:locale arugula moravia) (NOT:locale beef moravia)
(feast learning ham pork surrey moravia)
   (craves learning ham) (locale ham moravia)
   + (craves expectation beef) (NOT:locale arugula moravia) (NOT:locale beef moravia)
(feast learning lamb snickers surrey moravia)
   (craves learning lamb) (locale lamb moravia)
   + (craves expectation beef) (NOT:locale arugula moravia) (NOT:locale beef moravia)
(feast learning lamb tofu surrey moravia)
   (craves learning lamb) (locale lamb moravia)
   + (craves expectation beef) (NOT:locale arugula moravia) (NOT:locale beef moravia)
(feast learning melon popover moravia quebec)
   (craves learning melon) (locale melon quebec)
   + (craves expectation beef) (NOT:locale arugula moravia) (NOT:locale beef moravia)
(feast learning melon popover oregon alsace)
   (craves learning melon) (locale melon alsace)
   + (craves anger popover) (craves angina popover) (craves expectation beef) (craves hangover popover) (craves prostatitis popover) (craves stimulation melon) (locale popover oregon) (NOT:locale arugula moravia) (NOT:locale beef moravia)
(feast learning melon popover quebec oregon)
   (craves learning melon) (locale melon oregon)
   + (craves expectation beef) (NOT:locale arugula moravia) (NOT:locale beef moravia)
(feast learning melon popover surrey moravia)
   (craves learning melon) (locale melon moravia)
   + (craves expectation beef) (NOT:locale arugula moravia) (NOT:locale beef moravia)
(feast learning melon potato moravia quebec)
   (craves learning melon) (locale melon quebec)
   + (craves expectation beef) (NOT:locale arugula moravia) (NOT:locale beef moravia)
(feast learning melon potato oregon alsace)
   (craves learning melon) (locale melon alsace)
   + (craves anger popover) (craves angina popover) (craves expectation beef) (craves hangover popover) (craves prostatitis popover) (craves stimulation melon) (locale popover oregon) (NOT:locale arugula moravia) (NOT:locale beef moravia)
(feast learning melon potato quebec oregon)
   (craves learning melon) (locale melon oregon)
   + (craves expectation beef) (NOT:locale arugula moravia) (NOT:locale beef moravia)
(feast learning melon potato surrey moravia)
   (craves learning melon) (locale melon moravia)
   + (craves expectation beef) (NOT:locale arugula moravia) (NOT:locale beef moravia)
(feast learning orange bacon moravia quebec)
   (craves learning orange) (locale orange quebec)
   + (craves expectation beef) (craves love orange) (NOT:locale arugula moravia) (NOT:locale beef moravia)
(feast learning orange bacon surrey moravia)
   (craves learning orange) (locale orange moravia)
   + (craves expectation beef) (NOT:locale arugula moravia) (NOT:locale beef moravia)
(feast learning orange beef moravia quebec)
   (craves learning orange) (locale orange quebec)
   + (craves expectation beef) (craves love orange) (NOT:locale arugula moravia) (NOT:locale beef moravia)
(feast learning orange beef surrey moravia)
   (craves learning orange) (locale orange moravia)
   + (craves expectation beef) (NOT:locale arugula moravia) (NOT:locale beef moravia)
(feast learning orange pork moravia quebec)
   (craves learning orange) (locale orange quebec)
   + (craves expectation beef) (craves love orange) (NOT:locale arugula moravia) (NOT:locale beef moravia)
(feast learning orange pork surrey moravia)
   (craves learning orange) (locale orange moravia)
   + (craves expectation beef) (NOT:locale arugula moravia) (NOT:locale beef moravia)
(feast learning popover melon moravia quebec)
   (craves learning popover) (locale popover quebec)
   + (craves expectation beef) (NOT:locale arugula moravia) (NOT:locale beef moravia)
(feast learning popover melon quebec oregon)
   (craves learning popover) (locale popover oregon)
   + (craves expectation beef) (NOT:locale arugula moravia) (NOT:locale beef moravia)
(feast learning popover melon surrey moravia)
   (craves learning popover) (locale popover moravia)
   + (craves expectation beef) (NOT:locale arugula moravia) (NOT:locale beef moravia)
(feast learning popover tofu moravia quebec)
   (craves learning popover) (locale popover quebec)
   + (craves expectation beef) (NOT:locale arugula moravia) (NOT:locale beef moravia)
(feast learning popover tofu quebec oregon)
   (craves learning popover) (locale popover oregon)
   + (craves expectation beef) (NOT:locale arugula moravia) (NOT:locale beef moravia)
(feast learning popover tofu surrey moravia)
   (craves learning popover) (locale popover moravia)
   + (craves expectation beef) (NOT:locale arugula moravia) (NOT:locale beef moravia)
(feast learning pork bacon alsace kentucky)
   (craves learning pork) (locale pork kentucky)
   + (craves expectation beef) (craves rest pork) (NOT:locale arugula moravia) (NOT:locale beef moravia)
(feast learning pork bacon moravia quebec)
   (craves learning pork) (locale pork quebec)
   + (craves expectation beef) (NOT:locale arugula moravia) (NOT:locale beef moravia)
(feast learning pork bacon oregon alsace)
   (craves learning pork) (locale pork alsace)
   + (craves expectation beef) (NOT:locale arugula moravia) (NOT:locale beef moravia)
(feast learning pork bacon quebec oregon)
   (craves learning pork) (locale pork oregon)
   + (craves expectation beef) (NOT:locale arugula moravia) (NOT:locale beef moravia)
(feast learning pork bacon surrey moravia)
   (craves learning pork) (locale pork moravia)
   + (craves expectation beef) (NOT:locale arugula moravia) (NOT:locale beef moravia)
(feast learning pork ham alsace kentucky)
   (craves learning pork) (locale pork kentucky)
   + (craves expectation beef) (craves rest pork) (NOT:locale arugula moravia) (NOT:locale beef moravia)
(feast learning pork ham moravia quebec)
   (craves learning pork) (locale pork quebec)
   + (craves expectation beef) (NOT:locale arugula moravia) (NOT:locale beef moravia)
(feast learning pork ham oregon alsace)
   (craves learning pork) (locale pork alsace)
   + (craves expectation beef) (NOT:locale arugula moravia) (NOT:locale beef moravia)
(feast learning pork ham quebec oregon)
   (craves learning pork) (locale pork oregon)
   + (craves expectation beef) (NOT:locale arugula moravia) (NOT:locale beef moravia)
(feast learning pork ham surrey moravia)
   (craves learning pork) (locale pork moravia)
   + (craves expectation beef) (NOT:locale arugula moravia) (NOT:locale beef moravia)
(feast learning pork orange alsace kentucky)
   (craves learning pork) (locale pork kentucky)
   + (craves expectation beef) (craves rest pork) (NOT:locale arugula moravia) (NOT:locale beef moravia)
(feast learning pork orange moravia quebec)
   (craves learning pork) (locale pork quebec)
   + (craves expectation beef) (NOT:locale arugula moravia) (NOT:locale beef moravia)
(feast learning pork orange oregon alsace)
   (craves learning pork) (locale pork alsace)
   + (craves expectation beef) (NOT:locale arugula moravia) (NOT:locale beef moravia)
(feast learning pork orange quebec oregon)
   (craves learning pork) (locale pork oregon)
   + (craves expectation beef) (NOT:locale arugula moravia) (NOT:locale beef moravia)
(feast learning pork orange surrey moravia)
   (craves learning pork) (locale pork moravia)
   + (craves expectation beef) (NOT:locale arugula moravia) (NOT:locale beef moravia)
(feast learning potato melon moravia quebec)
   (craves learning potato) (locale potato quebec)
   + (craves expectation beef) (NOT:locale arugula moravia) (NOT:locale beef moravia)
(feast learning potato melon surrey moravia)
   (craves learning potato) (locale potato moravia)
   + (craves expectation beef) (NOT:locale arugula moravia) (NOT:locale beef moravia)
(feast learning potato snickers moravia quebec)
   (craves learning potato) (locale potato quebec)
   + (craves expectation beef) (NOT:locale arugula moravia) (NOT:locale beef moravia)
(feast learning potato snickers surrey moravia)
   (craves learning potato) (locale potato moravia)
   + (craves expectation beef) (NOT:locale arugula moravia) (NOT:locale beef moravia)
(feast learning snickers beef moravia quebec)
   (craves learning snickers) (locale snickers quebec)
   + (craves expectation beef) (NOT:locale arugula moravia) (NOT:locale beef moravia)
(feast learning snickers beef oregon alsace)
   (craves learning snickers) (locale snickers alsace)
   + (craves expectation beef) (craves grief lamb) (locale lamb moravia) (NOT:locale arugula moravia) (NOT:locale beef moravia)
(feast learning snickers beef quebec oregon)
   (craves learning snickers) (locale snickers oregon)
   + (craves expectation beef) (NOT:locale arugula moravia) (NOT:locale beef moravia)
(feast learning snickers beef surrey moravia)
   (craves learning snickers) (locale snickers moravia)
   + (craves expectation beef) (NOT:locale arugula moravia) (NOT:locale beef moravia)
(feast learning snickers lamb moravia quebec)
   (craves learning snickers) (locale snickers quebec)
   + (craves expectation beef) (NOT:locale arugula moravia) (NOT:locale beef moravia)
(feast learning snickers lamb oregon alsace)
   (craves learning snickers) (locale snickers alsace)
   + (craves expectation beef) (craves grief lamb) (locale lamb moravia) (NOT:locale arugula moravia) (NOT:locale beef moravia)
(feast learning snickers lamb quebec oregon)
   (craves learning snickers) (locale snickers oregon)
   + (craves expectation beef) (NOT:locale arugula moravia) (NOT:locale beef moravia)
(feast learning snickers lamb surrey moravia)
   (craves learning snickers) (locale snickers moravia)
   + (craves expectation beef) (NOT:locale arugula moravia) (NOT:locale beef moravia)
(feast learning snickers potato moravia quebec)
   (craves learning snickers) (locale snickers quebec)
   + (craves expectation beef) (NOT:locale arugula moravia) (NOT:locale beef moravia)
(feast learning snickers potato oregon alsace)
   (craves learning snickers) (locale snickers alsace)
   + (craves expectation beef) (craves grief lamb) (locale lamb moravia) (NOT:locale arugula moravia) (NOT:locale beef moravia)
(feast learning snickers potato quebec oregon)
   (craves learning snickers) (locale snickers oregon)
   + (craves expectation beef) (NOT:locale arugula moravia) (NOT:locale beef moravia)
(feast learning snickers potato surrey moravia)
   (craves learning snickers) (locale snickers moravia)
   + (craves expectation beef) (NOT:locale arugula moravia) (NOT:locale beef moravia)
(feast love arugula beef surrey moravia)
   (craves love arugula) (locale arugula moravia)
   + (craves expectation beef) (NOT:locale beef moravia)
(feast love arugula cantelope surrey moravia)
   (craves love arugula) (locale arugula moravia)
   + (craves expectation beef) (NOT:locale beef moravia)
(feast love arugula hamburger surrey moravia)
   (craves love arugula) (locale arugula moravia)
   + (craves expectation beef) (NOT:locale beef moravia)
(feast love arugula kale surrey moravia)
   (craves love arugula) (locale arugula moravia)
   + (craves expectation beef) (NOT:locale beef moravia)
(feast love beef arugula surrey moravia)
   (craves love beef) (locale beef moravia)
   + (craves expectation beef)
(feast love beef ham surrey moravia)
   (craves love beef) (locale beef moravia)
   + (craves expectation beef)
(feast love beef orange surrey moravia)
   (craves love beef) (locale beef moravia)
   + (craves expectation beef)
(feast love beef snickers surrey moravia)
   (craves love beef) (locale beef moravia)
   + (craves expectation beef)
(feast love cantelope arugula moravia quebec)
   (craves love cantelope) (locale cantelope quebec)
   + (craves expectation beef) (NOT:locale arugula moravia) (NOT:locale beef moravia)
(feast love cantelope arugula surrey moravia)
   (craves love cantelope) (locale cantelope moravia)
   + (craves expectation beef) (NOT:locale arugula moravia) (NOT:locale beef moravia)
(feast love cantelope flounder moravia quebec)
   (craves love cantelope) (locale cantelope quebec)
   + (craves expectation beef) (NOT:locale arugula moravia) (NOT:locale beef moravia)
(feast love cantelope flounder surrey moravia)
   (craves love cantelope) (locale cantelope moravia)
   + (craves expectation beef) (NOT:locale arugula moravia) (NOT:locale beef moravia)
(feast love cantelope hamburger moravia quebec)
   (craves love cantelope) (locale cantelope quebec)
   + (craves expectation beef) (NOT:locale arugula moravia) (NOT:locale beef moravia)
(feast love cantelope hamburger surrey moravia)
   (craves love cantelope) (locale cantelope moravia)
   + (craves expectation beef) (NOT:locale arugula moravia) (NOT:locale beef moravia)
(feast love cantelope pepper moravia quebec)
   (craves love cantelope) (locale cantelope quebec)
   + (craves expectation beef) (NOT:locale arugula moravia) (NOT:locale beef moravia)
(feast love cantelope pepper surrey moravia)
   (craves love cantelope) (locale cantelope moravia)
   + (craves expectation beef) (NOT:locale arugula moravia) (NOT:locale beef moravia)
(feast love flounder cantelope surrey moravia)
   (craves love flounder) (locale flounder moravia)
   + (craves aesthetics flounder) (craves expectation beef) (NOT:locale arugula moravia) (NOT:locale beef moravia)
(feast love flounder kale surrey moravia)
   (craves love flounder) (locale flounder moravia)
   + (craves aesthetics flounder) (craves expectation beef) (NOT:locale arugula moravia) (NOT:locale beef moravia)
(feast love grapefruit pepper moravia quebec)
   (craves love grapefruit) (locale grapefruit quebec)
   + (craves expectation beef) (NOT:locale arugula moravia) (NOT:locale beef moravia)
(feast love grapefruit pepper quebec oregon)
   (craves love grapefruit) (locale grapefruit oregon)
   + (craves expectation beef) (craves intoxication grapefruit) (NOT:locale arugula moravia) (NOT:locale beef moravia)
(feast love grapefruit pepper surrey moravia)
   (craves love grapefruit) (locale grapefruit moravia)
   + (craves expectation beef) (NOT:locale arugula moravia) (NOT:locale beef moravia)
(feast love grapefruit wurst moravia quebec)
   (craves love grapefruit) (locale grapefruit quebec)
   + (craves expectation beef) (NOT:locale arugula moravia) (NOT:locale beef moravia)
(feast love grapefruit wurst quebec oregon)
   (craves love grapefruit) (locale grapefruit oregon)
   + (craves expectation beef) (craves intoxication grapefruit) (NOT:locale arugula moravia) (NOT:locale beef moravia)
(feast love grapefruit wurst surrey moravia)
   (craves love grapefruit) (locale grapefruit moravia)
   + (craves expectation beef) (NOT:locale arugula moravia) (NOT:locale beef moravia)
