Reduced 77 -> 38
Domain: mystery-strips
Problem: strips-mysty-x-10
Require: ff
Type[1]:
    [0]: object, parent: -1
Obj-by-Type:
    [0]: 0 1 2 3 4 5 6 7 8 9 10 11 12 13 14 15 16 17 18 19 20 21 22 23 24 25 26 27 28 29 30 31 32 33 34 35 36 37
Obj[38]:
    [0]: tofu, type: 0, is-constant: 0, is-private: 0, owner: -1, is-agent: 0
    [1]: snickers, type: 0, is-constant: 0, is-private: 0, owner: -1, is-agent: 0
    [2]: popover, type: 0, is-constant: 0, is-private: 0, owner: -1, is-agent: 0
    [3]: lamb, type: 0, is-constant: 0, is-private: 0, owner: -1, is-agent: 0
    [4]: potato, type: 0, is-constant: 0, is-private: 0, owner: -1, is-agent: 0
    [5]: melon, type: 0, is-constant: 0, is-private: 0, owner: -1, is-agent: 0
    [6]: beef, type: 0, is-constant: 0, is-private: 0, owner: -1, is-agent: 0
    [7]: pork, type: 0, is-constant: 0, is-private: 0, owner: -1, is-agent: 0
    [8]: bacon, type: 0, is-constant: 0, is-private: 0, owner: -1, is-agent: 0
    [9]: orange, type: 0, is-constant: 0, is-private: 0, owner: -1, is-agent: 0
    [10]: ham, type: 0, is-constant: 0, is-private: 0, owner: -1, is-agent: 0
    [11]: hamburger, type: 0, is-constant: 0, is-private: 0, owner: -1, is-agent: 0
    [12]: cantelope, type: 0, is-constant: 0, is-private: 0, owner: -1, is-agent: 0
    [13]: flounder, type: 0, is-constant: 0, is-private: 0, owner: -1, is-agent: 0
    [14]: grapefruit, type: 0, is-constant: 0, is-private: 0, owner: -1, is-agent: 0
    [15]: wurst, type: 0, is-constant: 0, is-private: 0, owner: -1, is-agent: 0
    [16]: arugula, type: 0, is-constant: 0, is-private: 0, owner: -1, is-agent: 0
    [17]: triumph, type: 0, is-constant: 0, is-private: 0, owner: -1, is-agent: 0
    [18]: stimulation, type: 0, is-constant: 0, is-private: 0, owner: -1, is-agent: 0
    [19]: expectation, type: 0, is-constant: 0, is-private: 0, owner: -1, is-agent: 0
    [20]: rest, type: 0, is-constant: 0, is-private: 0, owner: -1, is-agent: 0
    [21]: love, type: 0, is-constant: 0, is-private: 0, owner: -1, is-agent: 0
    [22]: satisfaction, type: 0, is-constant: 0, is-private: 0, owner: -1, is-agent: 0
    [23]: learning, type: 0, is-constant: 0, is-private: 0, owner: -1, is-agent: 0
    [24]: aesthetics, type: 0, is-constant: 0, is-private: 0, owner: -1, is-agent: 0
    [25]: intoxication, type: 0, is-constant: 0, is-private: 0, owner: -1, is-agent: 0
    [26]: laceration, type: 0, is-constant: 0, is-private: 0, owner: -1, is-agent: 0
    [27]: hangover, type: 0, is-constant: 0, is-private: 0, owner: -1, is-agent: 0
    [28]: anxiety, type: 0, is-constant: 0, is-private: 0, owner: -1, is-agent: 0
    [29]: dread, type: 0, is-constant: 0, is-private: 0, owner: -1, is-agent: 0
    [30]: anger-7, type: 0, is-constant: 0, is-private: 0, owner: -1, is-agent: 0
    [31]: abrasion-5, type: 0, is-constant: 0, is-private: 0, owner: -1, is-agent: 0
    [32]: dread-8, type: 0, is-constant: 0, is-private: 0, owner: -1, is-agent: 0
    [33]: anxiety-12, type: 0, is-constant: 0, is-private: 0, owner: -1, is-agent: 0
    [34]: angina-30, type: 0, is-constant: 0, is-private: 0, owner: -1, is-agent: 0
    [35]: surrey, type: 0, is-constant: 0, is-private: 0, owner: -1, is-agent: 0
    [36]: mercury, type: 0, is-constant: 0, is-private: 0, owner: -1, is-agent: 0
    [37]: pluto, type: 0, is-constant: 0, is-private: 0, owner: -1, is-agent: 0
Predicate[13]:
    =: 0 0 :: is-private: 0, owner-param: -1, read: 0, write: 0
    province: 0 :: is-private: 0, owner-param: -1, read: 0, write: 0
    planet: 0 :: is-private: 0, owner-param: -1, read: 1, write: 0
    food: 0 :: is-private: 0, owner-param: -1, read: 1, write: 0
    pleasure: 0 :: is-private: 0, owner-param: -1, read: 1, write: 0
    pain: 0 :: is-private: 0, owner-param: -1, read: 1, write: 0
    eats: 0 0 :: is-private: 0, owner-param: -1, read: 1, write: 0
    craves: 0 0 :: is-private: 0, owner-param: -1, read: 1, write: 1
    fears: 0 0 :: is-private: 0, owner-param: -1, read: 1, write: 1
    locale: 0 0 :: is-private: 0, owner-param: -1, read: 1, write: 1
    harmony: 0 0 :: is-private: 0, owner-param: -1, read: 1, write: 1
    attacks: 0 0 :: is-private: 0, owner-param: -1, read: 1, write: 0
    orbits: 0 0 :: is-private: 0, owner-param: -1, read: 1, write: 0
Function[0]:
Action[3]:
    overcome: ?c:0 ?v:0 ?n:0 ?s1:0 ?s2:0
        pre: (and (R:pain ?c) (R:pleasure ?v) (RW:craves ?c ?n) (RW:craves ?v ?n) (R:food ?n) (RW:harmony ?v ?s2) (R:planet ?s2) (R:orbits ?s1 ?s2) (R:planet ?s1))
        eff: (and (RW:fears ?c ?v) (RW:harmony ?v ?s1))
    feast: ?v:0 ?n1:0 ?n2:0 ?l1:0 ?l2:0
        pre: (and (RW:craves ?v ?n1) (R:food ?n1) (R:pleasure ?v) (R:eats ?n1 ?n2) (R:food ?n2) (RW:locale ?n1 ?l2) (R:attacks ?l1 ?l2))
        eff: (and (RW:craves ?v ?n2) (RW:locale ?n1 ?l1))
    succumb: ?c:0 ?v:0 ?n:0 ?s1:0 ?s2:0
        pre: (and (RW:fears ?c ?v) (R:pain ?c) (R:pleasure ?v) (RW:craves ?v ?n) (R:food ?n) (RW:harmony ?v ?s1) (R:orbits ?s1 ?s2))
        eff: (and (RW:craves ?c ?n) (RW:harmony ?v ?s2))
Init[140]:
  S:(food tofu)
  S:(food snickers)
  S:(food popover)
  S:(food lamb)
  S:(food potato)
  S:(food melon)
  S:(food beef)
  S:(food pork)
  S:(food bacon)
  S:(food orange)
  S:(food ham)
  S:(food hamburger)
  S:(food cantelope)
  S:(food flounder)
  S:(food grapefruit)
  S:(food wurst)
  S:(food arugula)
  S:(pleasure triumph)
  S:(pleasure stimulation)
  S:(pleasure expectation)
  S:(pleasure rest)
  S:(pleasure love)
  S:(pleasure satisfaction)
  S:(pleasure learning)
  S:(pleasure aesthetics)
  S:(pleasure intoxication)
  S:(pain laceration)
  S:(pain hangover)
  S:(pain rest)
  S:(pain anxiety)
  S:(pain flounder)
  S:(pain dread)
  S:(pain dread-8)
  S:(pain anger-7)
  S:(pain abrasion-5)
  S:(pain anxiety-12)
  S:(pain angina-30)
  S:(province surrey)
  S:(planet mercury)
  S:(planet pluto)
  S:(eats snickers potato)
  S:(eats wurst grapefruit)
  S:(attacks surrey surrey)
  (craves anxiety-12 beef)
  S:(eats flounder bacon)
  S:(eats ham pork)
  (harmony triumph pluto)
  S:(eats arugula hamburger)
  S:(eats beef snickers)
  (craves expectation beef)
  (craves laceration snickers)
  (craves satisfaction ham)
  (locale bacon surrey)
  (locale ham surrey)
  S:(eats beef ham)
  (craves anxiety-12 hamburger)
  S:(eats arugula cantelope)
  (craves aesthetics flounder)
  (craves hangover popover)
  (craves dread arugula)
  S:(eats beef arugula)
  S:(eats beef cantelope)
  S:(eats orange beef)
  S:(eats hamburger cantelope)
  (harmony satisfaction mercury)
  (craves flounder melon)
  S:(eats hamburger wurst)
  S:(eats pork bacon)
  S:(eats bacon flounder)
  S:(eats tofu lamb)
  (locale potato surrey)
  S:(eats popover melon)
  (craves stimulation melon)
  (locale grapefruit surrey)
  (harmony expectation pluto)
  (craves angina-30 cantelope)
  (craves anger-7 orange)
  S:(eats bacon arugula)
  (craves dread beef)
  (craves abrasion-5 ham)
  (craves rest lamb)
  S:(eats ham beef)
  S:(eats cantelope hamburger)
  S:(eats arugula beef)
  (craves love orange)
  S:(eats pork ham)
  (locale tofu surrey)
  (craves dread-8 bacon)
  (craves anxiety potato)
  (craves learning beef)
  (locale orange surrey)
  (harmony aesthetics mercury)
  (harmony rest mercury)
  S:(eats wurst hamburger)
  S:(eats cantelope arugula)
  S:(eats lamb tofu)
  (craves intoxication grapefruit)
  (craves rest pork)
  S:(eats grapefruit beef)
  (locale hamburger surrey)
  (locale snickers surrey)
  (locale pork surrey)
  S:(eats cantelope flounder)
  S:(orbits mercury pluto)
  S:(eats beef orange)
  S:(eats orange pork)
  (harmony love mercury)
  S:(eats cantelope beef)
  S:(eats bacon orange)
  S:(eats orange bacon)
  S:(eats potato melon)
  (harmony stimulation pluto)
  S:(orbits mercury mercury)
  (craves abrasion-5 grapefruit)
  (harmony learning mercury)
  S:(eats flounder cantelope)
  S:(eats popover tofu)
  S:(eats bacon pork)
  (locale beef surrey)
  S:(eats melon potato)
  S:(eats snickers beef)
  S:(eats arugula bacon)
  (locale cantelope surrey)
  S:(eats hamburger arugula)
  (locale flounder surrey)
  S:(eats tofu popover)
  (locale arugula surrey)
  S:(eats melon popover)
  S:(eats lamb snickers)
  (locale wurst surrey)
  (craves triumph tofu)
  S:(eats potato snickers)
  S:(eats pork orange)
  S:(eats snickers lamb)
  S:(eats grapefruit wurst)
  (locale melon surrey)
  (locale popover surrey)
  (locale lamb surrey)
  (harmony intoxication mercury)
  S:(eats beef grapefruit)
Init[0]:
Goal: (RW:craves dread-8 tofu)
Metric: 0
