Step 0 (craves prostatitis-13 pepper) (harmony triumph pluto) (craves expectation beef) (craves loneliness snickers) (craves satisfaction ham) (locale kale quebec) (locale ham alsace) (craves laceration-11 hamburger) (craves aesthetics flounder) (craves anger popover) (craves anxiety-25 arugula) (craves boils-15 pepper) (harmony satisfaction neptune) (craves jealousy melon) (locale potato quebec) (craves stimulation melon) (locale grapefruit oregon) (harmony expectation pluto) (craves dread-31 cantelope) (craves anger-7 orange) (craves dread beef) (craves loneliness-9 hamburger) (craves hangover-6 ham) (craves grief lamb) (craves boils-32 cantelope) (craves love orange) (locale tofu surrey) (craves depression snickers) (craves angina-30 cantelope) (craves jealousy-16 kale) (craves anxiety potato) (craves learning pepper) (locale orange quebec) (harmony aesthetics neptune) (harmony rest mars) (craves prostatitis popover) (craves intoxication grapefruit) (craves abrasion pork) (locale hamburger quebec) (locale snickers alsace) (locale pork kentucky) (craves boils melon) (harmony love mars) (craves hangover popover) (craves grief-26 arugula) (craves angina-3 bacon) (harmony stimulation pluto) (craves laceration snickers) (craves sciatica melon) (craves jealousy-28 grapefruit) (harmony learning mars) (craves loneliness-1 pork) (craves laceration-27 grapefruit) (craves depression-14 pepper) (craves hangover-29 grapefruit) (locale beef moravia) (craves rest pork) (locale bacon alsace) (locale cantelope quebec) (locale flounder moravia) (craves dread-8 bacon) (craves prostatitis-24 arugula) (craves abrasion-5 ham) (locale arugula moravia) (craves angina popover) (locale wurst alsace) (craves triumph tofu) (locale pepper oregon) (craves anxiety-12 pepper) (locale melon alsace) (craves grief-2 pork) (craves anger-10 hamburger) (craves sciatica-4 bacon) (locale popover oregon) (locale lamb moravia) (harmony intoxication neptune)
size: 37
overcome sciatica stimulation melon neptune pluto :: cost: 1
    add: (fears sciatica stimulation) (harmony stimulation neptune)
    del: (harmony stimulation pluto) (craves sciatica melon)
overcome jealousy stimulation melon neptune pluto :: cost: 1
    add: (harmony stimulation neptune) (fears jealousy stimulation)
    del: (craves jealousy melon) (harmony stimulation pluto)
overcome boils stimulation melon neptune pluto :: cost: 1
    add: (harmony stimulation neptune) (fears boils stimulation)
    del: (craves boils melon) (harmony stimulation pluto)
overcome dread expectation beef neptune pluto :: cost: 1
    add: (fears dread expectation) (harmony expectation neptune)
    del: (harmony expectation pluto) (craves dread beef)
overcome loneliness-1 rest pork mercury mars :: cost: 1
    add: (fears loneliness-1 rest) (harmony rest mercury)
    del: (harmony rest mars) (craves loneliness-1 pork)
overcome grief-2 rest pork mercury mars :: cost: 1
    add: (harmony rest mercury) (fears grief-2 rest)
    del: (harmony rest mars) (craves grief-2 pork)
overcome abrasion rest pork mercury mars :: cost: 1
    add: (harmony rest mercury) (fears abrasion rest)
    del: (harmony rest mars) (craves abrasion pork)
overcome anger-7 love orange mercury mars :: cost: 1
    add: (fears anger-7 love) (harmony love mercury)
    del: (craves anger-7 orange) (harmony love mars)
overcome abrasion-5 satisfaction ham mars neptune :: cost: 1
    add: (fears abrasion-5 satisfaction) (harmony satisfaction mars)
    del: (harmony satisfaction neptune) (craves abrasion-5 ham)
overcome hangover-6 satisfaction ham mars neptune :: cost: 1
    add: (harmony satisfaction mars) (fears hangover-6 satisfaction)
    del: (harmony satisfaction neptune) (craves hangover-6 ham)
overcome anxiety-12 learning pepper mercury mars :: cost: 1
    add: (fears anxiety-12 learning) (harmony learning mercury)
    del: (harmony learning mars) (craves anxiety-12 pepper)
overcome prostatitis-13 learning pepper mercury mars :: cost: 1
    add: (harmony learning mercury) (fears prostatitis-13 learning)
    del: (craves prostatitis-13 pepper) (harmony learning mars)
overcome depression-14 learning pepper mercury mars :: cost: 1
    add: (harmony learning mercury) (fears depression-14 learning)
    del: (harmony learning mars) (craves depression-14 pepper)
overcome boils-15 learning pepper mercury mars :: cost: 1
    add: (harmony learning mercury) (fears boils-15 learning)
    del: (craves boils-15 pepper) (harmony learning mars)
overcome laceration-27 intoxication grapefruit mars neptune :: cost: 1
    add: (fears laceration-27 intoxication) (harmony intoxication mars)
    del: (craves laceration-27 grapefruit) (harmony intoxication neptune)
overcome jealousy-28 intoxication grapefruit mars neptune :: cost: 1
    add: (harmony intoxication mars) (fears jealousy-28 intoxication)
    del: (craves jealousy-28 grapefruit) (harmony intoxication neptune)
overcome hangover-29 intoxication grapefruit mars neptune :: cost: 1
    add: (harmony intoxication mars) (fears hangover-29 intoxication)
    del: (craves hangover-29 grapefruit) (harmony intoxication neptune)
feast stimulation melon popover oregon alsace :: cost: 1
    add: (craves stimulation popover) (locale melon oregon)
    del: (craves stimulation melon) (locale melon alsace)
feast stimulation melon potato oregon alsace :: cost: 1
    add: (locale melon oregon) (craves stimulation potato)
    del: (craves stimulation melon) (locale melon alsace)
feast expectation beef snickers surrey moravia :: cost: 1
    add: (craves expectation snickers) (locale beef surrey)
    del: (craves expectation beef) (locale beef moravia)
feast expectation beef orange surrey moravia :: cost: 1
    add: (locale beef surrey) (craves expectation orange)
    del: (craves expectation beef) (locale beef moravia)
feast expectation beef ham surrey moravia :: cost: 1
    add: (locale beef surrey) (craves expectation ham)
    del: (craves expectation beef) (locale beef moravia)
feast expectation beef arugula surrey moravia :: cost: 1
    add: (locale beef surrey) (craves expectation arugula)
    del: (craves expectation beef) (locale beef moravia)
feast rest pork bacon alsace kentucky :: cost: 1
    add: (craves rest bacon) (locale pork alsace)
    del: (locale pork kentucky) (craves rest pork)
feast rest pork orange alsace kentucky :: cost: 1
    add: (locale pork alsace) (craves rest orange)
    del: (locale pork kentucky) (craves rest pork)
feast rest pork ham alsace kentucky :: cost: 1
    add: (locale pork alsace) (craves rest ham)
    del: (locale pork kentucky) (craves rest pork)
feast love orange beef moravia quebec :: cost: 1
    add: (craves love beef) (locale orange moravia)
    del: (craves love orange) (locale orange quebec)
feast love orange pork moravia quebec :: cost: 1
    add: (locale orange moravia) (craves love pork)
    del: (craves love orange) (locale orange quebec)
feast love orange bacon moravia quebec :: cost: 1
    add: (locale orange moravia) (craves love bacon)
    del: (craves love orange) (locale orange quebec)
feast satisfaction ham beef oregon alsace :: cost: 1
    add: (craves satisfaction beef) (locale ham oregon)
    del: (craves satisfaction ham) (locale ham alsace)
feast satisfaction ham pork oregon alsace :: cost: 1
    add: (locale ham oregon) (craves satisfaction pork)
    del: (craves satisfaction ham) (locale ham alsace)
feast learning pepper cantelope quebec oregon :: cost: 1
    add: (craves learning cantelope) (locale pepper quebec)
    del: (craves learning pepper) (locale pepper oregon)
feast learning pepper grapefruit quebec oregon :: cost: 1
    add: (locale pepper quebec) (craves learning grapefruit)
    del: (craves learning pepper) (locale pepper oregon)
feast aesthetics flounder kale surrey moravia :: cost: 1
    add: (craves aesthetics kale) (locale flounder surrey)
    del: (craves aesthetics flounder) (locale flounder moravia)
feast aesthetics flounder cantelope surrey moravia :: cost: 1
    add: (locale flounder surrey) (craves aesthetics cantelope)
    del: (craves aesthetics flounder) (locale flounder moravia)
feast intoxication grapefruit pepper quebec oregon :: cost: 1
    add: (craves intoxication pepper) (locale grapefruit quebec)
    del: (locale grapefruit oregon) (craves intoxication grapefruit)
feast intoxication grapefruit wurst quebec oregon :: cost: 1
    add: (locale grapefruit quebec) (craves intoxication wurst)
    del: (locale grapefruit oregon) (craves intoxication grapefruit)
Step 1 (craves prostatitis-13 pepper) (harmony triumph pluto) (craves expectation beef) (craves loneliness snickers) (craves satisfaction ham) (locale kale quebec) (locale ham alsace) (craves laceration-11 hamburger) (craves aesthetics flounder) (craves anger popover) (craves anxiety-25 arugula) (craves boils-15 pepper) (harmony satisfaction neptune) (craves jealousy melon) (locale potato quebec) (craves stimulation melon) (locale grapefruit oregon) (harmony expectation pluto) (craves dread-31 cantelope) (craves anger-7 orange) (craves dread beef) (craves loneliness-9 hamburger) (craves hangover-6 ham) (craves grief lamb) (craves boils-32 cantelope) (craves love orange) (locale tofu surrey) (craves depression snickers) (craves angina-30 cantelope) (craves jealousy-16 kale) (craves anxiety potato) (craves learning pepper) (locale orange quebec) (harmony aesthetics neptune) (harmony rest mars) (craves prostatitis popover) (craves intoxication grapefruit) (craves abrasion pork) (locale hamburger quebec) (locale snickers alsace) (locale pork kentucky) (craves boils melon) (harmony love mars) (craves hangover popover) (craves grief-26 arugula) (craves angina-3 bacon) (craves laceration snickers) (craves jealousy-28 grapefruit) (harmony learning mars) (craves loneliness-1 pork) (craves laceration-27 grapefruit) (craves depression-14 pepper) (craves hangover-29 grapefruit) (locale beef moravia) (craves rest pork) (locale bacon alsace) (locale cantelope quebec) (locale flounder moravia) (craves dread-8 bacon) (craves prostatitis-24 arugula) (craves abrasion-5 ham) (locale arugula moravia) (craves angina popover) (locale wurst alsace) (craves triumph tofu) (locale pepper oregon) (craves anxiety-12 pepper) (locale melon alsace) (craves grief-2 pork) (craves anger-10 hamburger) (craves sciatica-4 bacon) (locale popover oregon) (locale lamb moravia) (harmony intoxication neptune) (fears sciatica stimulation) (harmony stimulation neptune)
size: 37
overcome jealousy stimulation melon mars neptune :: cost: 1
    add: (fears jealousy stimulation) (harmony stimulation mars)
    del: (craves jealousy melon) (harmony stimulation neptune)
overcome boils stimulation melon mars neptune :: cost: 1
    add: (fears boils stimulation) (harmony stimulation mars)
    del: (craves boils melon) (harmony stimulation neptune)
overcome dread expectation beef neptune pluto :: cost: 1
    add: (fears dread expectation) (harmony expectation neptune)
    del: (harmony expectation pluto) (craves dread beef)
overcome loneliness-1 rest pork mercury mars :: cost: 1
    add: (fears loneliness-1 rest) (harmony rest mercury)
    del: (harmony rest mars) (craves loneliness-1 pork)
overcome grief-2 rest pork mercury mars :: cost: 1
    add: (harmony rest mercury) (fears grief-2 rest)
    del: (harmony rest mars) (craves grief-2 pork)
overcome abrasion rest pork mercury mars :: cost: 1
    add: (harmony rest mercury) (fears abrasion rest)
    del: (harmony rest mars) (craves abrasion pork)
overcome anger-7 love orange mercury mars :: cost: 1
    add: (fears anger-7 love) (harmony love mercury)
    del: (craves anger-7 orange) (harmony love mars)
overcome abrasion-5 satisfaction ham mars neptune :: cost: 1
    add: (fears abrasion-5 satisfaction) (harmony satisfaction mars)
    del: (harmony satisfaction neptune) (craves abrasion-5 ham)
overcome hangover-6 satisfaction ham mars neptune :: cost: 1
    add: (harmony satisfaction mars) (fears hangover-6 satisfaction)
    del: (harmony satisfaction neptune) (craves hangover-6 ham)
overcome anxiety-12 learning pepper mercury mars :: cost: 1
    add: (fears anxiety-12 learning) (harmony learning mercury)
    del: (harmony learning mars) (craves anxiety-12 pepper)
overcome prostatitis-13 learning pepper mercury mars :: cost: 1
    add: (harmony learning mercury) (fears prostatitis-13 learning)
    del: (craves prostatitis-13 pepper) (harmony learning mars)
overcome depression-14 learning pepper mercury mars :: cost: 1
    add: (harmony learning mercury) (fears depression-14 learning)
    del: (harmony learning mars) (craves depression-14 pepper)
overcome boils-15 learning pepper mercury mars :: cost: 1
    add: (harmony learning mercury) (fears boils-15 learning)
    del: (craves boils-15 pepper) (harmony learning mars)
overcome laceration-27 intoxication grapefruit mars neptune :: cost: 1
    add: (fears laceration-27 intoxication) (harmony intoxication mars)
    del: (craves laceration-27 grapefruit) (harmony intoxication neptune)
overcome jealousy-28 intoxication grapefruit mars neptune :: cost: 1
    add: (harmony intoxication mars) (fears jealousy-28 intoxication)
    del: (craves jealousy-28 grapefruit) (harmony intoxication neptune)
overcome hangover-29 intoxication grapefruit mars neptune :: cost: 1
    add: (harmony intoxication mars) (fears hangover-29 intoxication)
    del: (craves hangover-29 grapefruit) (harmony intoxication neptune)
feast stimulation melon popover oregon alsace :: cost: 1
    add: (craves stimulation popover) (locale melon oregon)
    del: (craves stimulation melon) (locale melon alsace)
feast stimulation melon potato oregon alsace :: cost: 1
    add: (locale melon oregon) (craves stimulation potato)
    del: (craves stimulation melon) (locale melon alsace)
feast expectation beef snickers surrey moravia :: cost: 1
    add: (craves expectation snickers) (locale beef surrey)
    del: (craves expectation beef) (locale beef moravia)
feast expectation beef orange surrey moravia :: cost: 1
    add: (locale beef surrey) (craves expectation orange)
    del: (craves expectation beef) (locale beef moravia)
feast expectation beef ham surrey moravia :: cost: 1
    add: (locale beef surrey) (craves expectation ham)
    del: (craves expectation beef) (locale beef moravia)
feast expectation beef arugula surrey moravia :: cost: 1
    add: (locale beef surrey) (craves expectation arugula)
    del: (craves expectation beef) (locale beef moravia)
feast rest pork bacon alsace kentucky :: cost: 1
    add: (craves rest bacon) (locale pork alsace)
    del: (locale pork kentucky) (craves rest pork)
feast rest pork orange alsace kentucky :: cost: 1
    add: (locale pork alsace) (craves rest orange)
    del: (locale pork kentucky) (craves rest pork)
feast rest pork ham alsace kentucky :: cost: 1
    add: (locale pork alsace) (craves rest ham)
    del: (locale pork kentucky) (craves rest pork)
feast love orange beef moravia quebec :: cost: 1
    add: (craves love beef) (locale orange moravia)
    del: (craves love orange) (locale orange quebec)
feast love orange pork moravia quebec :: cost: 1
    add: (locale orange moravia) (craves love pork)
    del: (craves love orange) (locale orange quebec)
feast love orange bacon moravia quebec :: cost: 1
    add: (locale orange moravia) (craves love bacon)
    del: (craves love orange) (locale orange quebec)
feast satisfaction ham beef oregon alsace :: cost: 1
    add: (craves satisfaction beef) (locale ham oregon)
    del: (craves satisfaction ham) (locale ham alsace)
feast satisfaction ham pork oregon alsace :: cost: 1
    add: (locale ham oregon) (craves satisfaction pork)
    del: (craves satisfaction ham) (locale ham alsace)
feast learning pepper cantelope quebec oregon :: cost: 1
    add: (craves learning cantelope) (locale pepper quebec)
    del: (craves learning pepper) (locale pepper oregon)
feast learning pepper grapefruit quebec oregon :: cost: 1
    add: (locale pepper quebec) (craves learning grapefruit)
    del: (craves learning pepper) (locale pepper oregon)
feast aesthetics flounder kale surrey moravia :: cost: 1
    add: (craves aesthetics kale) (locale flounder surrey)
    del: (craves aesthetics flounder) (locale flounder moravia)
feast aesthetics flounder cantelope surrey moravia :: cost: 1
    add: (locale flounder surrey) (craves aesthetics cantelope)
    del: (craves aesthetics flounder) (locale flounder moravia)
feast intoxication grapefruit pepper quebec oregon :: cost: 1
    add: (craves intoxication pepper) (locale grapefruit quebec)
    del: (locale grapefruit oregon) (craves intoxication grapefruit)
feast intoxication grapefruit wurst quebec oregon :: cost: 1
    add: (locale grapefruit quebec) (craves intoxication wurst)
    del: (locale grapefruit oregon) (craves intoxication grapefruit)
succumb sciatica stimulation melon neptune pluto :: cost: 1
    add: (harmony stimulation pluto) (craves sciatica melon)
    del: (fears sciatica stimulation) (harmony stimulation neptune)
Step 2 (craves prostatitis-13 pepper) (harmony triumph pluto) (craves expectation beef) (craves loneliness snickers) (craves satisfaction ham) (locale kale quebec) (locale ham alsace) (craves laceration-11 hamburger) (craves aesthetics flounder) (craves anger popover) (craves anxiety-25 arugula) (craves boils-15 pepper) (harmony satisfaction neptune) (craves jealousy melon) (locale potato quebec) (craves stimulation melon) (locale grapefruit oregon) (harmony expectation pluto) (craves dread-31 cantelope) (craves anger-7 orange) (craves dread beef) (craves loneliness-9 hamburger) (craves hangover-6 ham) (craves grief lamb) (craves boils-32 cantelope) (craves love orange) (locale tofu surrey) (craves depression snickers) (craves angina-30 cantelope) (craves jealousy-16 kale) (craves anxiety potato) (craves learning pepper) (locale orange quebec) (harmony aesthetics neptune) (harmony rest mars) (craves prostatitis popover) (craves intoxication grapefruit) (craves abrasion pork) (locale hamburger quebec) (locale snickers alsace) (locale pork kentucky) (harmony love mars) (craves hangover popover) (craves grief-26 arugula) (craves angina-3 bacon) (craves laceration snickers) (craves jealousy-28 grapefruit) (harmony learning mars) (craves loneliness-1 pork) (craves laceration-27 grapefruit) (craves depression-14 pepper) (craves hangover-29 grapefruit) (locale beef moravia) (craves rest pork) (locale bacon alsace) (locale cantelope quebec) (locale flounder moravia) (craves dread-8 bacon) (craves prostatitis-24 arugula) (craves abrasion-5 ham) (locale arugula moravia) (craves angina popover) (locale wurst alsace) (craves triumph tofu) (locale pepper oregon) (craves anxiety-12 pepper) (locale melon alsace) (craves grief-2 pork) (craves anger-10 hamburger) (craves sciatica-4 bacon) (locale popover oregon) (locale lamb moravia) (harmony intoxication neptune) (fears sciatica stimulation) (fears boils stimulation) (harmony stimulation mars)
size: 37
overcome jealousy stimulation melon mercury mars :: cost: 1
    add: (fears jealousy stimulation) (harmony stimulation mercury)
    del: (craves jealousy melon) (harmony stimulation mars)
overcome dread expectation beef neptune pluto :: cost: 1
    add: (fears dread expectation) (harmony expectation neptune)
    del: (harmony expectation pluto) (craves dread beef)
overcome loneliness-1 rest pork mercury mars :: cost: 1
    add: (fears loneliness-1 rest) (harmony rest mercury)
    del: (harmony rest mars) (craves loneliness-1 pork)
overcome grief-2 rest pork mercury mars :: cost: 1
    add: (harmony rest mercury) (fears grief-2 rest)
    del: (harmony rest mars) (craves grief-2 pork)
overcome abrasion rest pork mercury mars :: cost: 1
    add: (harmony rest mercury) (fears abrasion rest)
    del: (harmony rest mars) (craves abrasion pork)
overcome anger-7 love orange mercury mars :: cost: 1
    add: (fears anger-7 love) (harmony love mercury)
    del: (craves anger-7 orange) (harmony love mars)
overcome abrasion-5 satisfaction ham mars neptune :: cost: 1
    add: (fears abrasion-5 satisfaction) (harmony satisfaction mars)
    del: (harmony satisfaction neptune) (craves abrasion-5 ham)
overcome hangover-6 satisfaction ham mars neptune :: cost: 1
    add: (harmony satisfaction mars) (fears hangover-6 satisfaction)
    del: (harmony satisfaction neptune) (craves hangover-6 ham)
overcome anxiety-12 learning pepper mercury mars :: cost: 1
    add: (fears anxiety-12 learning) (harmony learning mercury)
    del: (harmony learning mars) (craves anxiety-12 pepper)
overcome prostatitis-13 learning pepper mercury mars :: cost: 1
    add: (harmony learning mercury) (fears prostatitis-13 learning)
    del: (craves prostatitis-13 pepper) (harmony learning mars)
overcome depression-14 learning pepper mercury mars :: cost: 1
    add: (harmony learning mercury) (fears depression-14 learning)
    del: (harmony learning mars) (craves depression-14 pepper)
overcome boils-15 learning pepper mercury mars :: cost: 1
    add: (harmony learning mercury) (fears boils-15 learning)
    del: (craves boils-15 pepper) (harmony learning mars)
overcome laceration-27 intoxication grapefruit mars neptune :: cost: 1
    add: (fears laceration-27 intoxication) (harmony intoxication mars)
    del: (craves laceration-27 grapefruit) (harmony intoxication neptune)
overcome jealousy-28 intoxication grapefruit mars neptune :: cost: 1
    add: (harmony intoxication mars) (fears jealousy-28 intoxication)
    del: (craves jealousy-28 grapefruit) (harmony intoxication neptune)
overcome hangover-29 intoxication grapefruit mars neptune :: cost: 1
    add: (harmony intoxication mars) (fears hangover-29 intoxication)
    del: (craves hangover-29 grapefruit) (harmony intoxication neptune)
feast stimulation melon popover oregon alsace :: cost: 1
    add: (craves stimulation popover) (locale melon oregon)
    del: (craves stimulation melon) (locale melon alsace)
feast stimulation melon potato oregon alsace :: cost: 1
    add: (locale melon oregon) (craves stimulation potato)
    del: (craves stimulation melon) (locale melon alsace)
feast expectation beef snickers surrey moravia :: cost: 1
    add: (craves expectation snickers) (locale beef surrey)
    del: (craves expectation beef) (locale beef moravia)
feast expectation beef orange surrey moravia :: cost: 1
    add: (locale beef surrey) (craves expectation orange)
    del: (craves expectation beef) (locale beef moravia)
feast expectation beef ham surrey moravia :: cost: 1
    add: (locale beef surrey) (craves expectation ham)
    del: (craves expectation beef) (locale beef moravia)
feast expectation beef arugula surrey moravia :: cost: 1
    add: (locale beef surrey) (craves expectation arugula)
    del: (craves expectation beef) (locale beef moravia)
feast rest pork bacon alsace kentucky :: cost: 1
    add: (craves rest bacon) (locale pork alsace)
    del: (locale pork kentucky) (craves rest pork)
feast rest pork orange alsace kentucky :: cost: 1
    add: (locale pork alsace) (craves rest orange)
    del: (locale pork kentucky) (craves rest pork)
feast rest pork ham alsace kentucky :: cost: 1
    add: (locale pork alsace) (craves rest ham)
    del: (locale pork kentucky) (craves rest pork)
feast love orange beef moravia quebec :: cost: 1
    add: (craves love beef) (locale orange moravia)
    del: (craves love orange) (locale orange quebec)
feast love orange pork moravia quebec :: cost: 1
    add: (locale orange moravia) (craves love pork)
    del: (craves love orange) (locale orange quebec)
feast love orange bacon moravia quebec :: cost: 1
    add: (locale orange moravia) (craves love bacon)
    del: (craves love orange) (locale orange quebec)
feast satisfaction ham beef oregon alsace :: cost: 1
    add: (craves satisfaction beef) (locale ham oregon)
    del: (craves satisfaction ham) (locale ham alsace)
feast satisfaction ham pork oregon alsace :: cost: 1
    add: (locale ham oregon) (craves satisfaction pork)
    del: (craves satisfaction ham) (locale ham alsace)
feast learning pepper cantelope quebec oregon :: cost: 1
    add: (craves learning cantelope) (locale pepper quebec)
    del: (craves learning pepper) (locale pepper oregon)
feast learning pepper grapefruit quebec oregon :: cost: 1
    add: (locale pepper quebec) (craves learning grapefruit)
    del: (craves learning pepper) (locale pepper oregon)
feast aesthetics flounder kale surrey moravia :: cost: 1
    add: (craves aesthetics kale) (locale flounder surrey)
    del: (craves aesthetics flounder) (locale flounder moravia)
feast aesthetics flounder cantelope surrey moravia :: cost: 1
    add: (locale flounder surrey) (craves aesthetics cantelope)
    del: (craves aesthetics flounder) (locale flounder moravia)
feast intoxication grapefruit pepper quebec oregon :: cost: 1
    add: (craves intoxication pepper) (locale grapefruit quebec)
    del: (locale grapefruit oregon) (craves intoxication grapefruit)
feast intoxication grapefruit wurst quebec oregon :: cost: 1
    add: (locale grapefruit quebec) (craves intoxication wurst)
    del: (locale grapefruit oregon) (craves intoxication grapefruit)
succumb sciatica stimulation melon mars neptune :: cost: 1
    add: (craves sciatica melon) (harmony stimulation neptune)
    del: (fears sciatica stimulation) (harmony stimulation mars)
succumb boils stimulation melon mars neptune :: cost: 1
    add: (craves boils melon) (harmony stimulation neptune)
    del: (fears boils stimulation) (harmony stimulation mars)
Step 3 (craves prostatitis-13 pepper) (harmony triumph pluto) (craves expectation beef) (craves loneliness snickers) (craves satisfaction ham) (locale kale quebec) (locale ham alsace) (craves laceration-11 hamburger) (craves aesthetics flounder) (craves anger popover) (craves anxiety-25 arugula) (craves boils-15 pepper) (harmony satisfaction neptune) (craves jealousy melon) (locale potato quebec) (craves stimulation melon) (locale grapefruit oregon) (harmony expectation pluto) (craves dread-31 cantelope) (craves anger-7 orange) (craves dread beef) (craves loneliness-9 hamburger) (craves hangover-6 ham) (craves grief lamb) (craves boils-32 cantelope) (craves love orange) (locale tofu surrey) (craves depression snickers) (craves angina-30 cantelope) (craves jealousy-16 kale) (craves anxiety potato) (craves learning pepper) (locale orange quebec) (harmony aesthetics neptune) (craves prostatitis popover) (craves intoxication grapefruit) (craves abrasion pork) (locale hamburger quebec) (locale snickers alsace) (locale pork kentucky) (harmony love mars) (craves hangover popover) (craves grief-26 arugula) (craves angina-3 bacon) (craves laceration snickers) (craves jealousy-28 grapefruit) (harmony learning mars) (craves laceration-27 grapefruit) (craves depression-14 pepper) (craves hangover-29 grapefruit) (locale beef moravia) (craves rest pork) (locale bacon alsace) (locale cantelope quebec) (locale flounder moravia) (craves dread-8 bacon) (craves prostatitis-24 arugula) (craves abrasion-5 ham) (locale arugula moravia) (craves angina popover) (locale wurst alsace) (craves triumph tofu) (locale pepper oregon) (craves anxiety-12 pepper) (locale melon alsace) (craves grief-2 pork) (craves anger-10 hamburger) (craves sciatica-4 bacon) (locale popover oregon) (locale lamb moravia) (harmony intoxication neptune) (fears sciatica stimulation) (fears boils stimulation) (fears loneliness-1 rest) (harmony rest mercury) (harmony stimulation mars)
size: 35
overcome jealousy stimulation melon mercury mars :: cost: 1
    add: (fears jealousy stimulation) (harmony stimulation mercury)
    del: (craves jealousy melon) (harmony stimulation mars)
overcome dread expectation beef neptune pluto :: cost: 1
    add: (fears dread expectation) (harmony expectation neptune)
    del: (harmony expectation pluto) (craves dread beef)
overcome anger-7 love orange mercury mars :: cost: 1
    add: (fears anger-7 love) (harmony love mercury)
    del: (craves anger-7 orange) (harmony love mars)
overcome abrasion-5 satisfaction ham mars neptune :: cost: 1
    add: (fears abrasion-5 satisfaction) (harmony satisfaction mars)
    del: (harmony satisfaction neptune) (craves abrasion-5 ham)
overcome hangover-6 satisfaction ham mars neptune :: cost: 1
    add: (harmony satisfaction mars) (fears hangover-6 satisfaction)
    del: (harmony satisfaction neptune) (craves hangover-6 ham)
overcome anxiety-12 learning pepper mercury mars :: cost: 1
    add: (fears anxiety-12 learning) (harmony learning mercury)
    del: (harmony learning mars) (craves anxiety-12 pepper)
overcome prostatitis-13 learning pepper mercury mars :: cost: 1
    add: (harmony learning mercury) (fears prostatitis-13 learning)
    del: (craves prostatitis-13 pepper) (harmony learning mars)
overcome depression-14 learning pepper mercury mars :: cost: 1
    add: (harmony learning mercury) (fears depression-14 learning)
    del: (harmony learning mars) (craves depression-14 pepper)
overcome boils-15 learning pepper mercury mars :: cost: 1
    add: (harmony learning mercury) (fears boils-15 learning)
    del: (craves boils-15 pepper) (harmony learning mars)
overcome laceration-27 intoxication grapefruit mars neptune :: cost: 1
    add: (fears laceration-27 intoxication) (harmony intoxication mars)
    del: (craves laceration-27 grapefruit) (harmony intoxication neptune)
overcome jealousy-28 intoxication grapefruit mars neptune :: cost: 1
    add: (harmony intoxication mars) (fears jealousy-28 intoxication)
    del: (craves jealousy-28 grapefruit) (harmony intoxication neptune)
overcome hangover-29 intoxication grapefruit mars neptune :: cost: 1
    add: (harmony intoxication mars) (fears hangover-29 intoxication)
    del: (craves hangover-29 grapefruit) (harmony intoxication neptune)
feast stimulation melon popover oregon alsace :: cost: 1
    add: (craves stimulation popover) (locale melon oregon)
    del: (craves stimulation melon) (locale melon alsace)
feast stimulation melon potato oregon alsace :: cost: 1
    add: (locale melon oregon) (craves stimulation potato)
    del: (craves stimulation melon) (locale melon alsace)
feast expectation beef snickers surrey moravia :: cost: 1
    add: (craves expectation snickers) (locale beef surrey)
    del: (craves expectation beef) (locale beef moravia)
feast expectation beef orange surrey moravia :: cost: 1
    add: (locale beef surrey) (craves expectation orange)
    del: (craves expectation beef) (locale beef moravia)
feast expectation beef ham surrey moravia :: cost: 1
    add: (locale beef surrey) (craves expectation ham)
    del: (craves expectation beef) (locale beef moravia)
feast expectation beef arugula surrey moravia :: cost: 1
    add: (locale beef surrey) (craves expectation arugula)
    del: (craves expectation beef) (locale beef moravia)
feast rest pork bacon alsace kentucky :: cost: 1
    add: (craves rest bacon) (locale pork alsace)
    del: (locale pork kentucky) (craves rest pork)
feast rest pork orange alsace kentucky :: cost: 1
    add: (locale pork alsace) (craves rest orange)
    del: (locale pork kentucky) (craves rest pork)
feast rest pork ham alsace kentucky :: cost: 1
    add: (locale pork alsace) (craves rest ham)
    del: (locale pork kentucky) (craves rest pork)
feast love orange beef moravia quebec :: cost: 1
    add: (craves love beef) (locale orange moravia)
    del: (craves love orange) (locale orange quebec)
feast love orange pork moravia quebec :: cost: 1
    add: (locale orange moravia) (craves love pork)
    del: (craves love orange) (locale orange quebec)
feast love orange bacon moravia quebec :: cost: 1
    add: (locale orange moravia) (craves love bacon)
    del: (craves love orange) (locale orange quebec)
feast satisfaction ham beef oregon alsace :: cost: 1
    add: (craves satisfaction beef) (locale ham oregon)
    del: (craves satisfaction ham) (locale ham alsace)
feast satisfaction ham pork oregon alsace :: cost: 1
    add: (locale ham oregon) (craves satisfaction pork)
    del: (craves satisfaction ham) (locale ham alsace)
feast learning pepper cantelope quebec oregon :: cost: 1
    add: (craves learning cantelope) (locale pepper quebec)
    del: (craves learning pepper) (locale pepper oregon)
feast learning pepper grapefruit quebec oregon :: cost: 1
    add: (locale pepper quebec) (craves learning grapefruit)
    del: (craves learning pepper) (locale pepper oregon)
feast aesthetics flounder kale surrey moravia :: cost: 1
    add: (craves aesthetics kale) (locale flounder surrey)
    del: (craves aesthetics flounder) (locale flounder moravia)
feast aesthetics flounder cantelope surrey moravia :: cost: 1
    add: (locale flounder surrey) (craves aesthetics cantelope)
    del: (craves aesthetics flounder) (locale flounder moravia)
feast intoxication grapefruit pepper quebec oregon :: cost: 1
    add: (craves intoxication pepper) (locale grapefruit quebec)
    del: (locale grapefruit oregon) (craves intoxication grapefruit)
feast intoxication grapefruit wurst quebec oregon :: cost: 1
    add: (locale grapefruit quebec) (craves intoxication wurst)
    del: (locale grapefruit oregon) (craves intoxication grapefruit)
succumb sciatica stimulation melon mars neptune :: cost: 1
    add: (craves sciatica melon) (harmony stimulation neptune)
    del: (fears sciatica stimulation) (harmony stimulation mars)
succumb boils stimulation melon mars neptune :: cost: 1
    add: (craves boils melon) (harmony stimulation neptune)
    del: (fears boils stimulation) (harmony stimulation mars)
succumb loneliness-1 rest pork mercury mars :: cost: 1
    add: (harmony rest mars) (craves loneliness-1 pork)
    del: (fears loneliness-1 rest) (harmony rest mercury)
Step 4 (craves prostatitis-13 pepper) (harmony triumph pluto) (craves expectation beef) (craves loneliness snickers) (craves satisfaction ham) (locale kale quebec) (locale ham alsace) (craves laceration-11 hamburger) (craves aesthetics flounder) (craves anger popover) (craves anxiety-25 arugula) (craves boils-15 pepper) (craves jealousy melon) (locale potato quebec) (craves stimulation melon) (locale grapefruit oregon) (harmony expectation pluto) (craves dread-31 cantelope) (craves anger-7 orange) (craves dread beef) (craves loneliness-9 hamburger) (craves hangover-6 ham) (craves grief lamb) (craves boils-32 cantelope) (craves love orange) (locale tofu surrey) (craves depression snickers) (craves angina-30 cantelope) (craves jealousy-16 kale) (craves anxiety potato) (craves learning pepper) (locale orange quebec) (harmony aesthetics neptune) (craves prostatitis popover) (craves intoxication grapefruit) (craves abrasion pork) (locale hamburger quebec) (locale snickers alsace) (locale pork kentucky) (harmony love mars) (craves hangover popover) (craves grief-26 arugula) (craves angina-3 bacon) (craves laceration snickers) (craves jealousy-28 grapefruit) (harmony learning mars) (craves laceration-27 grapefruit) (craves depression-14 pepper) (craves hangover-29 grapefruit) (locale beef moravia) (craves rest pork) (locale bacon alsace) (locale cantelope quebec) (locale flounder moravia) (craves dread-8 bacon) (craves prostatitis-24 arugula) (locale arugula moravia) (craves angina popover) (locale wurst alsace) (craves triumph tofu) (locale pepper oregon) (craves anxiety-12 pepper) (locale melon alsace) (craves grief-2 pork) (craves anger-10 hamburger) (craves sciatica-4 bacon) (locale popover oregon) (locale lamb moravia) (harmony intoxication neptune) (fears sciatica stimulation) (fears boils stimulation) (fears loneliness-1 rest) (harmony rest mercury) (fears abrasion-5 satisfaction) (harmony satisfaction mars) (harmony stimulation mars)
size: 35
overcome jealousy stimulation melon mercury mars :: cost: 1
    add: (fears jealousy stimulation) (harmony stimulation mercury)
    del: (craves jealousy melon) (harmony stimulation mars)
overcome dread expectation beef neptune pluto :: cost: 1
    add: (fears dread expectation) (harmony expectation neptune)
    del: (harmony expectation pluto) (craves dread beef)
overcome anger-7 love orange mercury mars :: cost: 1
    add: (fears anger-7 love) (harmony love mercury)
    del: (craves anger-7 orange) (harmony love mars)
overcome hangover-6 satisfaction ham mercury mars :: cost: 1
    add: (fears hangover-6 satisfaction) (harmony satisfaction mercury)
    del: (craves hangover-6 ham) (harmony satisfaction mars)
overcome anxiety-12 learning pepper mercury mars :: cost: 1
    add: (fears anxiety-12 learning) (harmony learning mercury)
    del: (harmony learning mars) (craves anxiety-12 pepper)
overcome prostatitis-13 learning pepper mercury mars :: cost: 1
    add: (harmony learning mercury) (fears prostatitis-13 learning)
    del: (craves prostatitis-13 pepper) (harmony learning mars)
overcome depression-14 learning pepper mercury mars :: cost: 1
    add: (harmony learning mercury) (fears depression-14 learning)
    del: (harmony learning mars) (craves depression-14 pepper)
overcome boils-15 learning pepper mercury mars :: cost: 1
    add: (harmony learning mercury) (fears boils-15 learning)
    del: (craves boils-15 pepper) (harmony learning mars)
overcome laceration-27 intoxication grapefruit mars neptune :: cost: 1
    add: (fears laceration-27 intoxication) (harmony intoxication mars)
    del: (craves laceration-27 grapefruit) (harmony intoxication neptune)
overcome jealousy-28 intoxication grapefruit mars neptune :: cost: 1
    add: (harmony intoxication mars) (fears jealousy-28 intoxication)
    del: (craves jealousy-28 grapefruit) (harmony intoxication neptune)
overcome hangover-29 intoxication grapefruit mars neptune :: cost: 1
    add: (harmony intoxication mars) (fears hangover-29 intoxication)
    del: (craves hangover-29 grapefruit) (harmony intoxication neptune)
feast stimulation melon popover oregon alsace :: cost: 1
    add: (craves stimulation popover) (locale melon oregon)
    del: (craves stimulation melon) (locale melon alsace)
feast stimulation melon potato oregon alsace :: cost: 1
    add: (locale melon oregon) (craves stimulation potato)
    del: (craves stimulation melon) (locale melon alsace)
feast expectation beef snickers surrey moravia :: cost: 1
    add: (craves expectation snickers) (locale beef surrey)
    del: (craves expectation beef) (locale beef moravia)
feast expectation beef orange surrey moravia :: cost: 1
    add: (locale beef surrey) (craves expectation orange)
    del: (craves expectation beef) (locale beef moravia)
feast expectation beef ham surrey moravia :: cost: 1
    add: (locale beef surrey) (craves expectation ham)
    del: (craves expectation beef) (locale beef moravia)
feast expectation beef arugula surrey moravia :: cost: 1
    add: (locale beef surrey) (craves expectation arugula)
    del: (craves expectation beef) (locale beef moravia)
feast rest pork bacon alsace kentucky :: cost: 1
    add: (craves rest bacon) (locale pork alsace)
    del: (locale pork kentucky) (craves rest pork)
feast rest pork orange alsace kentucky :: cost: 1
    add: (locale pork alsace) (craves rest orange)
    del: (locale pork kentucky) (craves rest pork)
feast rest pork ham alsace kentucky :: cost: 1
    add: (locale pork alsace) (craves rest ham)
    del: (locale pork kentucky) (craves rest pork)
feast love orange beef moravia quebec :: cost: 1
    add: (craves love beef) (locale orange moravia)
    del: (craves love orange) (locale orange quebec)
feast love orange pork moravia quebec :: cost: 1
    add: (locale orange moravia) (craves love pork)
    del: (craves love orange) (locale orange quebec)
feast love orange bacon moravia quebec :: cost: 1
    add: (locale orange moravia) (craves love bacon)
    del: (craves love orange) (locale orange quebec)
feast satisfaction ham beef oregon alsace :: cost: 1
    add: (craves satisfaction beef) (locale ham oregon)
    del: (craves satisfaction ham) (locale ham alsace)
feast satisfaction ham pork oregon alsace :: cost: 1
    add: (locale ham oregon) (craves satisfaction pork)
    del: (craves satisfaction ham) (locale ham alsace)
feast learning pepper cantelope quebec oregon :: cost: 1
    add: (craves learning cantelope) (locale pepper quebec)
    del: (craves learning pepper) (locale pepper oregon)
feast learning pepper grapefruit quebec oregon :: cost: 1
    add: (locale pepper quebec) (craves learning grapefruit)
    del: (craves learning pepper) (locale pepper oregon)
feast aesthetics flounder kale surrey moravia :: cost: 1
    add: (craves aesthetics kale) (locale flounder surrey)
    del: (craves aesthetics flounder) (locale flounder moravia)
feast aesthetics flounder cantelope surrey moravia :: cost: 1
    add: (locale flounder surrey) (craves aesthetics cantelope)
    del: (craves aesthetics flounder) (locale flounder moravia)
feast intoxication grapefruit pepper quebec oregon :: cost: 1
    add: (craves intoxication pepper) (locale grapefruit quebec)
    del: (locale grapefruit oregon) (craves intoxication grapefruit)
feast intoxication grapefruit wurst quebec oregon :: cost: 1
    add: (locale grapefruit quebec) (craves intoxication wurst)
    del: (locale grapefruit oregon) (craves intoxication grapefruit)
succumb sciatica stimulation melon mars neptune :: cost: 1
    add: (craves sciatica melon) (harmony stimulation neptune)
    del: (fears sciatica stimulation) (harmony stimulation mars)
succumb boils stimulation melon mars neptune :: cost: 1
    add: (craves boils melon) (harmony stimulation neptune)
    del: (fears boils stimulation) (harmony stimulation mars)
succumb loneliness-1 rest pork mercury mars :: cost: 1
    add: (harmony rest mars) (craves loneliness-1 pork)
    del: (fears loneliness-1 rest) (harmony rest mercury)
succumb abrasion-5 satisfaction ham mars neptune :: cost: 1
    add: (harmony satisfaction neptune) (craves abrasion-5 ham)
    del: (fears abrasion-5 satisfaction) (harmony satisfaction mars)
Step 5 (craves prostatitis-13 pepper) (harmony triumph pluto) (craves expectation beef) (craves loneliness snickers) (craves satisfaction ham) (locale kale quebec) (locale ham alsace) (craves laceration-11 hamburger) (craves aesthetics flounder) (craves anger popover) (craves anxiety-25 arugula) (craves boils-15 pepper) (craves jealousy melon) (locale potato quebec) (craves stimulation melon) (locale grapefruit oregon) (harmony expectation pluto) (craves dread-31 cantelope) (craves anger-7 orange) (craves dread beef) (craves loneliness-9 hamburger) (craves hangover-6 ham) (craves grief lamb) (craves boils-32 cantelope) (craves love orange) (locale tofu surrey) (craves depression snickers) (craves angina-30 cantelope) (craves jealousy-16 kale) (craves anxiety potato) (craves learning pepper) (locale orange quebec) (harmony aesthetics neptune) (craves prostatitis popover) (craves intoxication grapefruit) (craves abrasion pork) (locale hamburger quebec) (locale snickers alsace) (locale pork kentucky) (harmony love mars) (craves hangover popover) (craves grief-26 arugula) (craves angina-3 bacon) (craves laceration snickers) (craves jealousy-28 grapefruit) (craves laceration-27 grapefruit) (craves depression-14 pepper) (craves hangover-29 grapefruit) (locale beef moravia) (craves rest pork) (locale bacon alsace) (locale cantelope quebec) (locale flounder moravia) (craves dread-8 bacon) (craves prostatitis-24 arugula) (locale arugula moravia) (craves angina popover) (locale wurst alsace) (craves triumph tofu) (locale pepper oregon) (locale melon alsace) (craves grief-2 pork) (craves anger-10 hamburger) (craves sciatica-4 bacon) (locale popover oregon) (locale lamb moravia) (harmony intoxication neptune) (fears sciatica stimulation) (fears boils stimulation) (fears loneliness-1 rest) (harmony rest mercury) (fears abrasion-5 satisfaction) (harmony satisfaction mars) (fears anxiety-12 learning) (harmony learning mercury) (harmony stimulation mars)
size: 32
overcome jealousy stimulation melon mercury mars :: cost: 1
    add: (fears jealousy stimulation) (harmony stimulation mercury)
    del: (craves jealousy melon) (harmony stimulation mars)
overcome dread expectation beef neptune pluto :: cost: 1
    add: (fears dread expectation) (harmony expectation neptune)
    del: (harmony expectation pluto) (craves dread beef)
overcome anger-7 love orange mercury mars :: cost: 1
    add: (fears anger-7 love) (harmony love mercury)
    del: (craves anger-7 orange) (harmony love mars)
overcome hangover-6 satisfaction ham mercury mars :: cost: 1
    add: (fears hangover-6 satisfaction) (harmony satisfaction mercury)
    del: (craves hangover-6 ham) (harmony satisfaction mars)
overcome laceration-27 intoxication grapefruit mars neptune :: cost: 1
    add: (fears laceration-27 intoxication) (harmony intoxication mars)
    del: (craves laceration-27 grapefruit) (harmony intoxication neptune)
overcome jealousy-28 intoxication grapefruit mars neptune :: cost: 1
    add: (harmony intoxication mars) (fears jealousy-28 intoxication)
    del: (craves jealousy-28 grapefruit) (harmony intoxication neptune)
overcome hangover-29 intoxication grapefruit mars neptune :: cost: 1
    add: (harmony intoxication mars) (fears hangover-29 intoxication)
    del: (craves hangover-29 grapefruit) (harmony intoxication neptune)
feast stimulation melon popover oregon alsace :: cost: 1
    add: (craves stimulation popover) (locale melon oregon)
    del: (craves stimulation melon) (locale melon alsace)
feast stimulation melon potato oregon alsace :: cost: 1
    add: (locale melon oregon) (craves stimulation potato)
    del: (craves stimulation melon) (locale melon alsace)
feast expectation beef snickers surrey moravia :: cost: 1
    add: (craves expectation snickers) (locale beef surrey)
    del: (craves expectation beef) (locale beef moravia)
feast expectation beef orange surrey moravia :: cost: 1
    add: (locale beef surrey) (craves expectation orange)
    del: (craves expectation beef) (locale beef moravia)
feast expectation beef ham surrey moravia :: cost: 1
    add: (locale beef surrey) (craves expectation ham)
    del: (craves expectation beef) (locale beef moravia)
feast expectation beef arugula surrey moravia :: cost: 1
    add: (locale beef surrey) (craves expectation arugula)
    del: (craves expectation beef) (locale beef moravia)
feast rest pork bacon alsace kentucky :: cost: 1
    add: (craves rest bacon) (locale pork alsace)
    del: (locale pork kentucky) (craves rest pork)
feast rest pork orange alsace kentucky :: cost: 1
    add: (locale pork alsace) (craves rest orange)
    del: (locale pork kentucky) (craves rest pork)
feast rest pork ham alsace kentucky :: cost: 1
    add: (locale pork alsace) (craves rest ham)
    del: (locale pork kentucky) (craves rest pork)
feast love orange beef moravia quebec :: cost: 1
    add: (craves love beef) (locale orange moravia)
    del: (craves love orange) (locale orange quebec)
feast love orange pork moravia quebec :: cost: 1
    add: (locale orange moravia) (craves love pork)
    del: (craves love orange) (locale orange quebec)
feast love orange bacon moravia quebec :: cost: 1
    add: (locale orange moravia) (craves love bacon)
    del: (craves love orange) (locale orange quebec)
feast satisfaction ham beef oregon alsace :: cost: 1
    add: (craves satisfaction beef) (locale ham oregon)
    del: (craves satisfaction ham) (locale ham alsace)
feast satisfaction ham pork oregon alsace :: cost: 1
    add: (locale ham oregon) (craves satisfaction pork)
    del: (craves satisfaction ham) (locale ham alsace)
feast learning pepper cantelope quebec oregon :: cost: 1
    add: (craves learning cantelope) (locale pepper quebec)
    del: (craves learning pepper) (locale pepper oregon)
feast learning pepper grapefruit quebec oregon :: cost: 1
    add: (locale pepper quebec) (craves learning grapefruit)
    del: (craves learning pepper) (locale pepper oregon)
feast aesthetics flounder kale surrey moravia :: cost: 1
    add: (craves aesthetics kale) (locale flounder surrey)
    del: (craves aesthetics flounder) (locale flounder moravia)
feast aesthetics flounder cantelope surrey moravia :: cost: 1
    add: (locale flounder surrey) (craves aesthetics cantelope)
    del: (craves aesthetics flounder) (locale flounder moravia)
feast intoxication grapefruit pepper quebec oregon :: cost: 1
    add: (craves intoxication pepper) (locale grapefruit quebec)
    del: (locale grapefruit oregon) (craves intoxication grapefruit)
feast intoxication grapefruit wurst quebec oregon :: cost: 1
    add: (locale grapefruit quebec) (craves intoxication wurst)
    del: (locale grapefruit oregon) (craves intoxication grapefruit)
succumb sciatica stimulation melon mars neptune :: cost: 1
    add: (craves sciatica melon) (harmony stimulation neptune)
    del: (fears sciatica stimulation) (harmony stimulation mars)
succumb boils stimulation melon mars neptune :: cost: 1
    add: (craves boils melon) (harmony stimulation neptune)
    del: (fears boils stimulation) (harmony stimulation mars)
succumb loneliness-1 rest pork mercury mars :: cost: 1
    add: (harmony rest mars) (craves loneliness-1 pork)
    del: (fears loneliness-1 rest) (harmony rest mercury)
succumb abrasion-5 satisfaction ham mars neptune :: cost: 1
    add: (harmony satisfaction neptune) (craves abrasion-5 ham)
    del: (fears abrasion-5 satisfaction) (harmony satisfaction mars)
succumb anxiety-12 learning pepper mercury mars :: cost: 1
    add: (harmony learning mars) (craves anxiety-12 pepper)
    del: (fears anxiety-12 learning) (harmony learning mercury)
Step 6 (craves prostatitis-13 pepper) (harmony triumph pluto) (craves expectation beef) (craves loneliness snickers) (craves satisfaction ham) (locale kale quebec) (locale ham alsace) (craves laceration-11 hamburger) (craves aesthetics flounder) (craves anger popover) (craves anxiety-25 arugula) (craves boils-15 pepper) (craves jealousy melon) (locale potato quebec) (craves stimulation melon) (locale grapefruit oregon) (harmony expectation pluto) (craves dread-31 cantelope) (craves anger-7 orange) (craves dread beef) (craves loneliness-9 hamburger) (craves hangover-6 ham) (craves grief lamb) (craves boils-32 cantelope) (craves love orange) (locale tofu surrey) (craves depression snickers) (craves angina-30 cantelope) (craves jealousy-16 kale) (craves anxiety potato) (craves learning pepper) (locale orange quebec) (harmony aesthetics neptune) (craves prostatitis popover) (craves intoxication grapefruit) (craves abrasion pork) (locale hamburger quebec) (locale snickers alsace) (locale pork kentucky) (harmony love mars) (craves hangover popover) (craves grief-26 arugula) (craves angina-3 bacon) (craves laceration snickers) (craves laceration-27 grapefruit) (craves depression-14 pepper) (craves hangover-29 grapefruit) (locale beef moravia) (craves rest pork) (locale bacon alsace) (locale cantelope quebec) (locale flounder moravia) (craves dread-8 bacon) (craves prostatitis-24 arugula) (locale arugula moravia) (craves angina popover) (locale wurst alsace) (craves triumph tofu) (locale pepper oregon) (locale melon alsace) (craves grief-2 pork) (craves anger-10 hamburger) (craves sciatica-4 bacon) (locale popover oregon) (locale lamb moravia) (fears sciatica stimulation) (fears boils stimulation) (fears loneliness-1 rest) (harmony rest mercury) (fears abrasion-5 satisfaction) (harmony satisfaction mars) (fears anxiety-12 learning) (harmony learning mercury) (harmony intoxication mars) (fears jealousy-28 intoxication) (harmony stimulation mars)
size: 32
overcome jealousy stimulation melon mercury mars :: cost: 1
    add: (fears jealousy stimulation) (harmony stimulation mercury)
    del: (craves jealousy melon) (harmony stimulation mars)
overcome dread expectation beef neptune pluto :: cost: 1
    add: (fears dread expectation) (harmony expectation neptune)
    del: (harmony expectation pluto) (craves dread beef)
overcome anger-7 love orange mercury mars :: cost: 1
    add: (fears anger-7 love) (harmony love mercury)
    del: (craves anger-7 orange) (harmony love mars)
overcome hangover-6 satisfaction ham mercury mars :: cost: 1
    add: (fears hangover-6 satisfaction) (harmony satisfaction mercury)
    del: (craves hangover-6 ham) (harmony satisfaction mars)
overcome laceration-27 intoxication grapefruit mercury mars :: cost: 1
    add: (fears laceration-27 intoxication) (harmony intoxication mercury)
    del: (craves laceration-27 grapefruit) (harmony intoxication mars)
overcome hangover-29 intoxication grapefruit mercury mars :: cost: 1
    add: (fears hangover-29 intoxication) (harmony intoxication mercury)
    del: (craves hangover-29 grapefruit) (harmony intoxication mars)
feast stimulation melon popover oregon alsace :: cost: 1
    add: (craves stimulation popover) (locale melon oregon)
    del: (craves stimulation melon) (locale melon alsace)
feast stimulation melon potato oregon alsace :: cost: 1
    add: (locale melon oregon) (craves stimulation potato)
    del: (craves stimulation melon) (locale melon alsace)
feast expectation beef snickers surrey moravia :: cost: 1
    add: (craves expectation snickers) (locale beef surrey)
    del: (craves expectation beef) (locale beef moravia)
feast expectation beef orange surrey moravia :: cost: 1
    add: (locale beef surrey) (craves expectation orange)
    del: (craves expectation beef) (locale beef moravia)
feast expectation beef ham surrey moravia :: cost: 1
    add: (locale beef surrey) (craves expectation ham)
    del: (craves expectation beef) (locale beef moravia)
feast expectation beef arugula surrey moravia :: cost: 1
    add: (locale beef surrey) (craves expectation arugula)
    del: (craves expectation beef) (locale beef moravia)
feast rest pork bacon alsace kentucky :: cost: 1
    add: (craves rest bacon) (locale pork alsace)
    del: (locale pork kentucky) (craves rest pork)
feast rest pork orange alsace kentucky :: cost: 1
    add: (locale pork alsace) (craves rest orange)
    del: (locale pork kentucky) (craves rest pork)
feast rest pork ham alsace kentucky :: cost: 1
    add: (locale pork alsace) (craves rest ham)
    del: (locale pork kentucky) (craves rest pork)
feast love orange beef moravia quebec :: cost: 1
    add: (craves love beef) (locale orange moravia)
    del: (craves love orange) (locale orange quebec)
feast love orange pork moravia quebec :: cost: 1
    add: (locale orange moravia) (craves love pork)
    del: (craves love orange) (locale orange quebec)
feast love orange bacon moravia quebec :: cost: 1
    add: (locale orange moravia) (craves love bacon)
    del: (craves love orange) (locale orange quebec)
feast satisfaction ham beef oregon alsace :: cost: 1
    add: (craves satisfaction beef) (locale ham oregon)
    del: (craves satisfaction ham) (locale ham alsace)
feast satisfaction ham pork oregon alsace :: cost: 1
    add: (locale ham oregon) (craves satisfaction pork)
    del: (craves satisfaction ham) (locale ham alsace)
feast learning pepper cantelope quebec oregon :: cost: 1
    add: (craves learning cantelope) (locale pepper quebec)
    del: (craves learning pepper) (locale pepper oregon)
feast learning pepper grapefruit quebec oregon :: cost: 1
    add: (locale pepper quebec) (craves learning grapefruit)
    del: (craves learning pepper) (locale pepper oregon)
feast aesthetics flounder kale surrey moravia :: cost: 1
    add: (craves aesthetics kale) (locale flounder surrey)
    del: (craves aesthetics flounder) (locale flounder moravia)
feast aesthetics flounder cantelope surrey moravia :: cost: 1
    add: (locale flounder surrey) (craves aesthetics cantelope)
    del: (craves aesthetics flounder) (locale flounder moravia)
feast intoxication grapefruit pepper quebec oregon :: cost: 1
    add: (craves intoxication pepper) (locale grapefruit quebec)
    del: (locale grapefruit oregon) (craves intoxication grapefruit)
feast intoxication grapefruit wurst quebec oregon :: cost: 1
    add: (locale grapefruit quebec) (craves intoxication wurst)
    del: (locale grapefruit oregon) (craves intoxication grapefruit)
succumb sciatica stimulation melon mars neptune :: cost: 1
    add: (craves sciatica melon) (harmony stimulation neptune)
    del: (fears sciatica stimulation) (harmony stimulation mars)
succumb boils stimulation melon mars neptune :: cost: 1
    add: (craves boils melon) (harmony stimulation neptune)
    del: (fears boils stimulation) (harmony stimulation mars)
succumb loneliness-1 rest pork mercury mars :: cost: 1
    add: (harmony rest mars) (craves loneliness-1 pork)
    del: (fears loneliness-1 rest) (harmony rest mercury)
succumb abrasion-5 satisfaction ham mars neptune :: cost: 1
    add: (harmony satisfaction neptune) (craves abrasion-5 ham)
    del: (fears abrasion-5 satisfaction) (harmony satisfaction mars)
succumb anxiety-12 learning pepper mercury mars :: cost: 1
    add: (harmony learning mars) (craves anxiety-12 pepper)
    del: (fears anxiety-12 learning) (harmony learning mercury)
succumb jealousy-28 intoxication grapefruit mars neptune :: cost: 1
    add: (craves jealousy-28 grapefruit) (harmony intoxication neptune)
    del: (harmony intoxication mars) (fears jealousy-28 intoxication)
Step 7 (craves prostatitis-13 pepper) (harmony triumph pluto) (craves expectation beef) (craves loneliness snickers) (craves satisfaction ham) (locale kale quebec) (locale ham alsace) (craves laceration-11 hamburger) (craves aesthetics flounder) (craves anger popover) (craves anxiety-25 arugula) (craves boils-15 pepper) (craves jealousy melon) (locale potato quebec) (locale grapefruit oregon) (harmony expectation pluto) (craves dread-31 cantelope) (craves anger-7 orange) (craves dread beef) (craves loneliness-9 hamburger) (craves hangover-6 ham) (craves grief lamb) (craves boils-32 cantelope) (craves love orange) (locale tofu surrey) (craves depression snickers) (craves angina-30 cantelope) (craves jealousy-16 kale) (craves anxiety potato) (craves learning pepper) (locale orange quebec) (harmony aesthetics neptune) (craves prostatitis popover) (craves intoxication grapefruit) (craves abrasion pork) (locale hamburger quebec) (locale snickers alsace) (locale pork kentucky) (harmony love mars) (craves hangover popover) (craves grief-26 arugula) (craves angina-3 bacon) (craves laceration snickers) (craves laceration-27 grapefruit) (craves depression-14 pepper) (craves hangover-29 grapefruit) (locale beef moravia) (craves rest pork) (locale bacon alsace) (locale cantelope quebec) (locale flounder moravia) (craves dread-8 bacon) (craves prostatitis-24 arugula) (locale arugula moravia) (craves angina popover) (locale wurst alsace) (craves triumph tofu) (locale pepper oregon) (craves grief-2 pork) (craves anger-10 hamburger) (craves sciatica-4 bacon) (locale popover oregon) (locale lamb moravia) (fears sciatica stimulation) (fears boils stimulation) (fears loneliness-1 rest) (harmony rest mercury) (fears abrasion-5 satisfaction) (harmony satisfaction mars) (fears anxiety-12 learning) (harmony learning mercury) (harmony intoxication mars) (fears jealousy-28 intoxication) (craves stimulation popover) (locale melon oregon) (harmony stimulation mars)
size: 35
overcome hangover stimulation popover mercury mars :: cost: 1
    add: (harmony stimulation mercury) (fears hangover stimulation)
    del: (craves hangover popover) (harmony stimulation mars)
overcome prostatitis stimulation popover mercury mars :: cost: 1
    add: (harmony stimulation mercury) (fears prostatitis stimulation)
    del: (craves prostatitis popover) (harmony stimulation mars)
overcome angina stimulation popover mercury mars :: cost: 1
    add: (harmony stimulation mercury) (fears angina stimulation)
    del: (craves angina popover) (harmony stimulation mars)
overcome anger stimulation popover mercury mars :: cost: 1
    add: (harmony stimulation mercury) (fears anger stimulation)
    del: (craves anger popover) (harmony stimulation mars)
overcome dread expectation beef neptune pluto :: cost: 1
    add: (fears dread expectation) (harmony expectation neptune)
    del: (harmony expectation pluto) (craves dread beef)
overcome anger-7 love orange mercury mars :: cost: 1
    add: (fears anger-7 love) (harmony love mercury)
    del: (craves anger-7 orange) (harmony love mars)
overcome hangover-6 satisfaction ham mercury mars :: cost: 1
    add: (fears hangover-6 satisfaction) (harmony satisfaction mercury)
    del: (craves hangover-6 ham) (harmony satisfaction mars)
overcome laceration-27 intoxication grapefruit mercury mars :: cost: 1
    add: (fears laceration-27 intoxication) (harmony intoxication mercury)
    del: (craves laceration-27 grapefruit) (harmony intoxication mars)
overcome hangover-29 intoxication grapefruit mercury mars :: cost: 1
    add: (fears hangover-29 intoxication) (harmony intoxication mercury)
    del: (craves hangover-29 grapefruit) (harmony intoxication mars)
feast stimulation popover tofu quebec oregon :: cost: 1
    add: (craves stimulation tofu) (locale popover quebec)
    del: (locale popover oregon) (craves stimulation popover)
feast stimulation popover melon quebec oregon :: cost: 1
    add: (craves stimulation melon) (locale popover quebec)
    del: (locale popover oregon) (craves stimulation popover)
feast expectation beef snickers surrey moravia :: cost: 1
    add: (craves expectation snickers) (locale beef surrey)
    del: (craves expectation beef) (locale beef moravia)
feast expectation beef orange surrey moravia :: cost: 1
    add: (locale beef surrey) (craves expectation orange)
    del: (craves expectation beef) (locale beef moravia)
feast expectation beef ham surrey moravia :: cost: 1
    add: (locale beef surrey) (craves expectation ham)
    del: (craves expectation beef) (locale beef moravia)
feast expectation beef arugula surrey moravia :: cost: 1
    add: (locale beef surrey) (craves expectation arugula)
    del: (craves expectation beef) (locale beef moravia)
feast rest pork bacon alsace kentucky :: cost: 1
    add: (craves rest bacon) (locale pork alsace)
    del: (locale pork kentucky) (craves rest pork)
feast rest pork orange alsace kentucky :: cost: 1
    add: (locale pork alsace) (craves rest orange)
    del: (locale pork kentucky) (craves rest pork)
feast rest pork ham alsace kentucky :: cost: 1
    add: (locale pork alsace) (craves rest ham)
    del: (locale pork kentucky) (craves rest pork)
feast love orange beef moravia quebec :: cost: 1
    add: (craves love beef) (locale orange moravia)
    del: (craves love orange) (locale orange quebec)
feast love orange pork moravia quebec :: cost: 1
    add: (locale orange moravia) (craves love pork)
    del: (craves love orange) (locale orange quebec)
feast love orange bacon moravia quebec :: cost: 1
    add: (locale orange moravia) (craves love bacon)
    del: (craves love orange) (locale orange quebec)
feast satisfaction ham beef oregon alsace :: cost: 1
    add: (craves satisfaction beef) (locale ham oregon)
    del: (craves satisfaction ham) (locale ham alsace)
feast satisfaction ham pork oregon alsace :: cost: 1
    add: (locale ham oregon) (craves satisfaction pork)
    del: (craves satisfaction ham) (locale ham alsace)
feast learning pepper cantelope quebec oregon :: cost: 1
    add: (craves learning cantelope) (locale pepper quebec)
    del: (craves learning pepper) (locale pepper oregon)
feast learning pepper grapefruit quebec oregon :: cost: 1
    add: (locale pepper quebec) (craves learning grapefruit)
    del: (craves learning pepper) (locale pepper oregon)
feast aesthetics flounder kale surrey moravia :: cost: 1
    add: (craves aesthetics kale) (locale flounder surrey)
    del: (craves aesthetics flounder) (locale flounder moravia)
feast aesthetics flounder cantelope surrey moravia :: cost: 1
    add: (locale flounder surrey) (craves aesthetics cantelope)
    del: (craves aesthetics flounder) (locale flounder moravia)
feast intoxication grapefruit pepper quebec oregon :: cost: 1
    add: (craves intoxication pepper) (locale grapefruit quebec)
    del: (locale grapefruit oregon) (craves intoxication grapefruit)
feast intoxication grapefruit wurst quebec oregon :: cost: 1
    add: (locale grapefruit quebec) (craves intoxication wurst)
    del: (locale grapefruit oregon) (craves intoxication grapefruit)
succumb sciatica stimulation popover mars neptune :: cost: 1
    add: (harmony stimulation neptune) (craves sciatica popover)
    del: (fears sciatica stimulation) (harmony stimulation mars)
succumb boils stimulation popover mars neptune :: cost: 1
    add: (harmony stimulation neptune) (craves boils popover)
    del: (fears boils stimulation) (harmony stimulation mars)
succumb loneliness-1 rest pork mercury mars :: cost: 1
    add: (harmony rest mars) (craves loneliness-1 pork)
    del: (fears loneliness-1 rest) (harmony rest mercury)
succumb abrasion-5 satisfaction ham mars neptune :: cost: 1
    add: (harmony satisfaction neptune) (craves abrasion-5 ham)
    del: (fears abrasion-5 satisfaction) (harmony satisfaction mars)
succumb anxiety-12 learning pepper mercury mars :: cost: 1
    add: (harmony learning mars) (craves anxiety-12 pepper)
    del: (fears anxiety-12 learning) (harmony learning mercury)
succumb jealousy-28 intoxication grapefruit mars neptune :: cost: 1
    add: (craves jealousy-28 grapefruit) (harmony intoxication neptune)
    del: (harmony intoxication mars) (fears jealousy-28 intoxication)
Step 8 (craves prostatitis-13 pepper) (harmony triumph pluto) (craves expectation beef) (craves loneliness snickers) (craves satisfaction ham) (locale kale quebec) (locale ham alsace) (craves laceration-11 hamburger) (craves aesthetics flounder) (craves anger popover) (craves anxiety-25 arugula) (craves boils-15 pepper) (craves jealousy melon) (locale potato quebec) (locale grapefruit oregon) (harmony expectation pluto) (craves dread-31 cantelope) (craves anger-7 orange) (craves dread beef) (craves loneliness-9 hamburger) (craves hangover-6 ham) (craves grief lamb) (craves boils-32 cantelope) (craves love orange) (locale tofu surrey) (craves depression snickers) (craves angina-30 cantelope) (craves jealousy-16 kale) (craves anxiety potato) (craves learning pepper) (locale orange quebec) (harmony aesthetics neptune) (craves prostatitis popover) (craves intoxication grapefruit) (craves abrasion pork) (locale hamburger quebec) (locale snickers alsace) (locale pork kentucky) (harmony love mars) (craves hangover popover) (craves grief-26 arugula) (craves angina-3 bacon) (craves laceration snickers) (craves depression-14 pepper) (craves hangover-29 grapefruit) (locale beef moravia) (craves rest pork) (locale bacon alsace) (locale cantelope quebec) (locale flounder moravia) (craves dread-8 bacon) (craves prostatitis-24 arugula) (locale arugula moravia) (craves angina popover) (locale wurst alsace) (craves triumph tofu) (locale pepper oregon) (craves grief-2 pork) (craves anger-10 hamburger) (craves sciatica-4 bacon) (locale popover oregon) (locale lamb moravia) (fears sciatica stimulation) (fears boils stimulation) (fears loneliness-1 rest) (harmony rest mercury) (fears abrasion-5 satisfaction) (harmony satisfaction mars) (fears anxiety-12 learning) (harmony learning mercury) (fears laceration-27 intoxication) (fears jealousy-28 intoxication) (craves stimulation popover) (locale melon oregon) (harmony stimulation mars) (harmony intoxication mercury)
size: 34
overcome hangover stimulation popover mercury mars :: cost: 1
    add: (harmony stimulation mercury) (fears hangover stimulation)
    del: (craves hangover popover) (harmony stimulation mars)
overcome prostatitis stimulation popover mercury mars :: cost: 1
    add: (harmony stimulation mercury) (fears prostatitis stimulation)
    del: (craves prostatitis popover) (harmony stimulation mars)
overcome angina stimulation popover mercury mars :: cost: 1
    add: (harmony stimulation mercury) (fears angina stimulation)
    del: (craves angina popover) (harmony stimulation mars)
overcome anger stimulation popover mercury mars :: cost: 1
    add: (harmony stimulation mercury) (fears anger stimulation)
    del: (craves anger popover) (harmony stimulation mars)
overcome dread expectation beef neptune pluto :: cost: 1
    add: (fears dread expectation) (harmony expectation neptune)
    del: (harmony expectation pluto) (craves dread beef)
overcome anger-7 love orange mercury mars :: cost: 1
    add: (fears anger-7 love) (harmony love mercury)
    del: (craves anger-7 orange) (harmony love mars)
overcome hangover-6 satisfaction ham mercury mars :: cost: 1
    add: (fears hangover-6 satisfaction) (harmony satisfaction mercury)
    del: (craves hangover-6 ham) (harmony satisfaction mars)
feast stimulation popover tofu quebec oregon :: cost: 1
    add: (craves stimulation tofu) (locale popover quebec)
    del: (locale popover oregon) (craves stimulation popover)
feast stimulation popover melon quebec oregon :: cost: 1
    add: (craves stimulation melon) (locale popover quebec)
    del: (locale popover oregon) (craves stimulation popover)
feast expectation beef snickers surrey moravia :: cost: 1
    add: (craves expectation snickers) (locale beef surrey)
    del: (craves expectation beef) (locale beef moravia)
feast expectation beef orange surrey moravia :: cost: 1
    add: (locale beef surrey) (craves expectation orange)
    del: (craves expectation beef) (locale beef moravia)
feast expectation beef ham surrey moravia :: cost: 1
    add: (locale beef surrey) (craves expectation ham)
    del: (craves expectation beef) (locale beef moravia)
feast expectation beef arugula surrey moravia :: cost: 1
    add: (locale beef surrey) (craves expectation arugula)
    del: (craves expectation beef) (locale beef moravia)
feast rest pork bacon alsace kentucky :: cost: 1
    add: (craves rest bacon) (locale pork alsace)
    del: (locale pork kentucky) (craves rest pork)
feast rest pork orange alsace kentucky :: cost: 1
    add: (locale pork alsace) (craves rest orange)
    del: (locale pork kentucky) (craves rest pork)
feast rest pork ham alsace kentucky :: cost: 1
    add: (locale pork alsace) (craves rest ham)
    del: (locale pork kentucky) (craves rest pork)
feast love orange beef moravia quebec :: cost: 1
    add: (craves love beef) (locale orange moravia)
    del: (craves love orange) (locale orange quebec)
feast love orange pork moravia quebec :: cost: 1
    add: (locale orange moravia) (craves love pork)
    del: (craves love orange) (locale orange quebec)
feast love orange bacon moravia quebec :: cost: 1
    add: (locale orange moravia) (craves love bacon)
    del: (craves love orange) (locale orange quebec)
feast satisfaction ham beef oregon alsace :: cost: 1
    add: (craves satisfaction beef) (locale ham oregon)
    del: (craves satisfaction ham) (locale ham alsace)
feast satisfaction ham pork oregon alsace :: cost: 1
    add: (locale ham oregon) (craves satisfaction pork)
    del: (craves satisfaction ham) (locale ham alsace)
feast learning pepper cantelope quebec oregon :: cost: 1
    add: (craves learning cantelope) (locale pepper quebec)
    del: (craves learning pepper) (locale pepper oregon)
feast learning pepper grapefruit quebec oregon :: cost: 1
    add: (locale pepper quebec) (craves learning grapefruit)
    del: (craves learning pepper) (locale pepper oregon)
feast aesthetics flounder kale surrey moravia :: cost: 1
    add: (craves aesthetics kale) (locale flounder surrey)
    del: (craves aesthetics flounder) (locale flounder moravia)
feast aesthetics flounder cantelope surrey moravia :: cost: 1
    add: (locale flounder surrey) (craves aesthetics cantelope)
    del: (craves aesthetics flounder) (locale flounder moravia)
feast intoxication grapefruit pepper quebec oregon :: cost: 1
    add: (craves intoxication pepper) (locale grapefruit quebec)
    del: (locale grapefruit oregon) (craves intoxication grapefruit)
feast intoxication grapefruit wurst quebec oregon :: cost: 1
    add: (locale grapefruit quebec) (craves intoxication wurst)
    del: (locale grapefruit oregon) (craves intoxication grapefruit)
succumb sciatica stimulation popover mars neptune :: cost: 1
    add: (harmony stimulation neptune) (craves sciatica popover)
    del: (fears sciatica stimulation) (harmony stimulation mars)
succumb boils stimulation popover mars neptune :: cost: 1
    add: (harmony stimulation neptune) (craves boils popover)
    del: (fears boils stimulation) (harmony stimulation mars)
succumb loneliness-1 rest pork mercury mars :: cost: 1
    add: (harmony rest mars) (craves loneliness-1 pork)
    del: (fears loneliness-1 rest) (harmony rest mercury)
succumb abrasion-5 satisfaction ham mars neptune :: cost: 1
    add: (harmony satisfaction neptune) (craves abrasion-5 ham)
    del: (fears abrasion-5 satisfaction) (harmony satisfaction mars)
succumb anxiety-12 learning pepper mercury mars :: cost: 1
    add: (harmony learning mars) (craves anxiety-12 pepper)
    del: (fears anxiety-12 learning) (harmony learning mercury)
succumb laceration-27 intoxication grapefruit mercury mars :: cost: 1
    add: (craves laceration-27 grapefruit) (harmony intoxication mars)
    del: (fears laceration-27 intoxication) (harmony intoxication mercury)
succumb jealousy-28 intoxication grapefruit mercury mars :: cost: 1
    add: (craves jealousy-28 grapefruit) (harmony intoxication mars)
    del: (fears jealousy-28 intoxication) (harmony intoxication mercury)
Step 9 (craves prostatitis-13 pepper) (harmony triumph pluto) (craves expectation beef) (craves loneliness snickers) (craves satisfaction ham) (locale kale quebec) (locale ham alsace) (craves laceration-11 hamburger) (craves aesthetics flounder) (craves anger popover) (craves anxiety-25 arugula) (craves boils-15 pepper) (craves jealousy melon) (locale potato quebec) (craves stimulation melon) (locale grapefruit oregon) (harmony expectation pluto) (craves dread-31 cantelope) (craves anger-7 orange) (craves dread beef) (craves loneliness-9 hamburger) (craves hangover-6 ham) (craves grief lamb) (craves boils-32 cantelope) (craves love orange) (locale tofu surrey) (craves depression snickers) (craves angina-30 cantelope) (craves jealousy-16 kale) (craves anxiety potato) (craves learning pepper) (locale orange quebec) (harmony aesthetics neptune) (craves prostatitis popover) (craves intoxication grapefruit) (craves abrasion pork) (locale hamburger quebec) (locale snickers alsace) (locale pork kentucky) (harmony love mars) (craves hangover popover) (craves grief-26 arugula) (craves angina-3 bacon) (craves laceration snickers) (craves depression-14 pepper) (craves hangover-29 grapefruit) (locale beef moravia) (craves rest pork) (locale bacon alsace) (locale cantelope quebec) (locale flounder moravia) (craves dread-8 bacon) (craves prostatitis-24 arugula) (locale arugula moravia) (craves angina popover) (locale wurst alsace) (craves triumph tofu) (locale pepper oregon) (craves grief-2 pork) (craves anger-10 hamburger) (craves sciatica-4 bacon) (locale lamb moravia) (fears sciatica stimulation) (fears boils stimulation) (fears loneliness-1 rest) (harmony rest mercury) (fears abrasion-5 satisfaction) (harmony satisfaction mars) (fears anxiety-12 learning) (harmony learning mercury) (fears laceration-27 intoxication) (fears jealousy-28 intoxication) (locale melon oregon) (harmony stimulation mars) (harmony intoxication mercury) (locale popover quebec)
size: 31
overcome jealousy stimulation melon mercury mars :: cost: 1
    add: (fears jealousy stimulation) (harmony stimulation mercury)
    del: (craves jealousy melon) (harmony stimulation mars)
overcome dread expectation beef neptune pluto :: cost: 1
    add: (fears dread expectation) (harmony expectation neptune)
    del: (harmony expectation pluto) (craves dread beef)
overcome anger-7 love orange mercury mars :: cost: 1
    add: (fears anger-7 love) (harmony love mercury)
    del: (craves anger-7 orange) (harmony love mars)
overcome hangover-6 satisfaction ham mercury mars :: cost: 1
    add: (fears hangover-6 satisfaction) (harmony satisfaction mercury)
    del: (craves hangover-6 ham) (harmony satisfaction mars)
feast stimulation melon popover quebec oregon :: cost: 1
    add: (craves stimulation popover) (locale melon quebec)
    del: (craves stimulation melon) (locale melon oregon)
feast stimulation melon potato quebec oregon :: cost: 1
    add: (craves stimulation potato) (locale melon quebec)
    del: (craves stimulation melon) (locale melon oregon)
feast expectation beef snickers surrey moravia :: cost: 1
    add: (craves expectation snickers) (locale beef surrey)
    del: (craves expectation beef) (locale beef moravia)
feast expectation beef orange surrey moravia :: cost: 1
    add: (locale beef surrey) (craves expectation orange)
    del: (craves expectation beef) (locale beef moravia)
feast expectation beef ham surrey moravia :: cost: 1
    add: (locale beef surrey) (craves expectation ham)
    del: (craves expectation beef) (locale beef moravia)
feast expectation beef arugula surrey moravia :: cost: 1
    add: (locale beef surrey) (craves expectation arugula)
    del: (craves expectation beef) (locale beef moravia)
feast rest pork bacon alsace kentucky :: cost: 1
    add: (craves rest bacon) (locale pork alsace)
    del: (locale pork kentucky) (craves rest pork)
feast rest pork orange alsace kentucky :: cost: 1
    add: (locale pork alsace) (craves rest orange)
    del: (locale pork kentucky) (craves rest pork)
feast rest pork ham alsace kentucky :: cost: 1
    add: (locale pork alsace) (craves rest ham)
    del: (locale pork kentucky) (craves rest pork)
feast love orange beef moravia quebec :: cost: 1
    add: (craves love beef) (locale orange moravia)
    del: (craves love orange) (locale orange quebec)
feast love orange pork moravia quebec :: cost: 1
    add: (locale orange moravia) (craves love pork)
    del: (craves love orange) (locale orange quebec)
feast love orange bacon moravia quebec :: cost: 1
    add: (locale orange moravia) (craves love bacon)
    del: (craves love orange) (locale orange quebec)
feast satisfaction ham beef oregon alsace :: cost: 1
    add: (craves satisfaction beef) (locale ham oregon)
    del: (craves satisfaction ham) (locale ham alsace)
feast satisfaction ham pork oregon alsace :: cost: 1
    add: (locale ham oregon) (craves satisfaction pork)
    del: (craves satisfaction ham) (locale ham alsace)
feast learning pepper cantelope quebec oregon :: cost: 1
    add: (craves learning cantelope) (locale pepper quebec)
    del: (craves learning pepper) (locale pepper oregon)
feast learning pepper grapefruit quebec oregon :: cost: 1
    add: (locale pepper quebec) (craves learning grapefruit)
    del: (craves learning pepper) (locale pepper oregon)
feast aesthetics flounder kale surrey moravia :: cost: 1
    add: (craves aesthetics kale) (locale flounder surrey)
    del: (craves aesthetics flounder) (locale flounder moravia)
feast aesthetics flounder cantelope surrey moravia :: cost: 1
    add: (locale flounder surrey) (craves aesthetics cantelope)
    del: (craves aesthetics flounder) (locale flounder moravia)
feast intoxication grapefruit pepper quebec oregon :: cost: 1
    add: (craves intoxication pepper) (locale grapefruit quebec)
    del: (locale grapefruit oregon) (craves intoxication grapefruit)
feast intoxication grapefruit wurst quebec oregon :: cost: 1
    add: (locale grapefruit quebec) (craves intoxication wurst)
    del: (locale grapefruit oregon) (craves intoxication grapefruit)
succumb sciatica stimulation melon mars neptune :: cost: 1
    add: (craves sciatica melon) (harmony stimulation neptune)
    del: (fears sciatica stimulation) (harmony stimulation mars)
succumb boils stimulation melon mars neptune :: cost: 1
    add: (craves boils melon) (harmony stimulation neptune)
    del: (fears boils stimulation) (harmony stimulation mars)
succumb loneliness-1 rest pork mercury mars :: cost: 1
    add: (harmony rest mars) (craves loneliness-1 pork)
    del: (fears loneliness-1 rest) (harmony rest mercury)
succumb abrasion-5 satisfaction ham mars neptune :: cost: 1
    add: (harmony satisfaction neptune) (craves abrasion-5 ham)
    del: (fears abrasion-5 satisfaction) (harmony satisfaction mars)
succumb anxiety-12 learning pepper mercury mars :: cost: 1
    add: (harmony learning mars) (craves anxiety-12 pepper)
    del: (fears anxiety-12 learning) (harmony learning mercury)
succumb laceration-27 intoxication grapefruit mercury mars :: cost: 1
    add: (craves laceration-27 grapefruit) (harmony intoxication mars)
    del: (fears laceration-27 intoxication) (harmony intoxication mercury)
succumb jealousy-28 intoxication grapefruit mercury mars :: cost: 1
    add: (craves jealousy-28 grapefruit) (harmony intoxication mars)
    del: (fears jealousy-28 intoxication) (harmony intoxication mercury)
