Domain: rover
Problem: roverprob1234
Require:
  :conditional-effects
  :disjunctive-preconditions
  :equality
  :existential-preconditions
  :negative-preconditions
  :strips
  :typing
  :universal-preconditions
Type:
  object
Obj:
  camera0 - object
  colour - object
  general - object
  high_res - object
  low_res - object
  objective0 - object
  objective1 - object
  rover0 - object
  rover0store - object
  waypoint0 - object
  waypoint1 - object
  waypoint2 - object
  waypoint3 - object
Predicate:
  (= object object) :eq
  (at object object)
  (at_lander object object)
  (at_rock_sample object)
  (at_soil_sample object)
  (available object)
  (calibrated object object)
  (calibration_target object object)
  (camera object)
  (can_traverse object object object)
  (channel_free object)
  (communicated_image_data object object)
  (communicated_rock_data object)
  (communicated_soil_data object)
  (empty object)
  (equipped_for_imaging object)
  (equipped_for_rock_analysis object)
  (equipped_for_soil_analysis object)
  (full object)
  (have_image object object object)
  (have_rock_analysis object object)
  (have_soil_analysis object object)
  (lander object)
  (mode object)
  (objective object)
  (on_board object object)
  (rover object)
  (store object)
  (store_of object object)
  (supports object object)
  (visible object object)
  (visible_from object object)
  (waypoint object)
Function:
Action:
  calibrate: ?r - object ?i - object ?t - object ?w - object
      pre: (and (at ?r ?w) (calibration_target ?i ?t) (camera ?i) (equipped_for_imaging ?r) (objective ?t) (on_board ?i ?r) (rover ?r) (visible_from ?t ?w) (waypoint ?w))
      eff: (calibrated ?i ?r)
  communicate_image_data: ?r - object ?l - object ?o - object ?m - object ?x - object ?y - object
      pre: (and (at ?r ?x) (at_lander ?l ?y) (available ?r) (channel_free ?l) (have_image ?r ?o ?m) (lander ?l) (mode ?m) (objective ?o) (rover ?r) (visible ?x ?y) (waypoint ?x) (waypoint ?y))
      eff: (and (available ?r) (channel_free ?l) (communicated_image_data ?o ?m) (not (available ?r)) (not (channel_free ?l)))
  communicate_rock_data: ?r - object ?l - object ?p - object ?x - object ?y - object
      pre: (and (at ?r ?x) (at_lander ?l ?y) (available ?r) (channel_free ?l) (have_rock_analysis ?r ?p) (lander ?l) (rover ?r) (visible ?x ?y) (waypoint ?p) (waypoint ?x) (waypoint ?y))
      eff: (and (available ?r) (channel_free ?l) (communicated_rock_data ?p) (not (available ?r)) (not (channel_free ?l)))
  communicate_soil_data: ?r - object ?l - object ?p - object ?x - object ?y - object
      pre: (and (at ?r ?x) (at_lander ?l ?y) (available ?r) (channel_free ?l) (have_soil_analysis ?r ?p) (lander ?l) (rover ?r) (visible ?x ?y) (waypoint ?p) (waypoint ?x) (waypoint ?y))
      eff: (and (available ?r) (channel_free ?l) (communicated_soil_data ?p) (not (available ?r)) (not (channel_free ?l)))
  drop: ?x - object ?y - object
      pre: (and (full ?y) (rover ?x) (store ?y) (store_of ?y ?x))
      eff: (and (empty ?y) (not (full ?y)))
  navigate: ?x - object ?y - object ?z - object
      pre: (and (at ?x ?y) (available ?x) (can_traverse ?x ?y ?z) (rover ?x) (visible ?y ?z) (waypoint ?y) (waypoint ?z))
      eff: (and (at ?x ?z) (not (at ?x ?y)))
  sample_rock: ?x - object ?s - object ?p - object
      pre: (and (at ?x ?p) (at_rock_sample ?p) (empty ?s) (equipped_for_rock_analysis ?x) (rover ?x) (store ?s) (store_of ?s ?x) (waypoint ?p))
      eff: (and (full ?s) (have_rock_analysis ?x ?p) (not (at_rock_sample ?p)) (not (empty ?s)))
  sample_soil: ?x - object ?s - object ?p - object
      pre: (and (at ?x ?p) (at_soil_sample ?p) (empty ?s) (equipped_for_soil_analysis ?x) (rover ?x) (store ?s) (store_of ?s ?x) (waypoint ?p))
      eff: (and (full ?s) (have_soil_analysis ?x ?p) (not (at_soil_sample ?p)) (not (empty ?s)))
  take_image: ?r - object ?p - object ?o - object ?i - object ?m - object
      pre: (and (at ?r ?p) (calibrated ?i ?r) (camera ?i) (equipped_for_imaging ?r) (mode ?m) (objective ?o) (on_board ?i ?r) (rover ?r) (supports ?i ?m) (visible_from ?o ?p) (waypoint ?p))
      eff: (and (have_image ?r ?o ?m) (not (calibrated ?i ?r)))
Init:
  (at rover0 waypoint3)
  (at_lander general waypoint0)
  (at_rock_sample waypoint1)
  (at_rock_sample waypoint2)
  (at_rock_sample waypoint3)
  (at_soil_sample waypoint0)
  (at_soil_sample waypoint2)
  (at_soil_sample waypoint3)
  (available rover0)
  (calibration_target camera0 objective1)
  (camera camera0)
  (can_traverse rover0 waypoint0 waypoint3)
  (can_traverse rover0 waypoint1 waypoint2)
  (can_traverse rover0 waypoint1 waypoint3)
  (can_traverse rover0 waypoint2 waypoint1)
  (can_traverse rover0 waypoint3 waypoint0)
  (can_traverse rover0 waypoint3 waypoint1)
  (channel_free general)
  (empty rover0store)
  (equipped_for_imaging rover0)
  (equipped_for_rock_analysis rover0)
  (equipped_for_soil_analysis rover0)
  (lander general)
  (mode colour)
  (mode high_res)
  (mode low_res)
  (objective objective0)
  (objective objective1)
  (on_board camera0 rover0)
  (rover rover0)
  (store rover0store)
  (store_of rover0store rover0)
  (supports camera0 colour)
  (supports camera0 high_res)
  (visible waypoint0 waypoint1)
  (visible waypoint0 waypoint2)
  (visible waypoint0 waypoint3)
  (visible waypoint1 waypoint0)
  (visible waypoint1 waypoint2)
  (visible waypoint1 waypoint3)
  (visible waypoint2 waypoint0)
  (visible waypoint2 waypoint1)
  (visible waypoint2 waypoint3)
  (visible waypoint3 waypoint0)
  (visible waypoint3 waypoint1)
  (visible waypoint3 waypoint2)
  (visible_from objective0 waypoint0)
  (visible_from objective0 waypoint1)
  (visible_from objective0 waypoint2)
  (visible_from objective0 waypoint3)
  (visible_from objective1 waypoint0)
  (visible_from objective1 waypoint1)
  (visible_from objective1 waypoint2)
  (visible_from objective1 waypoint3)
  (waypoint waypoint0)
  (waypoint waypoint1)
  (waypoint waypoint2)
  (waypoint waypoint3)
Goal:
  (and (communicated_image_data objective1 high_res) (communicated_rock_data waypoint3) (communicated_soil_data waypoint2))
Metric:
Pred prop:
  (at object object): in_init in_pre in_eff
  (at_lander object object): in_init in_pre
  (at_rock_sample object): in_init in_pre in_eff
  (at_soil_sample object): in_init in_pre in_eff
  (available object): in_init in_pre in_eff
  (calibrated object object): in_pre in_eff
  (calibration_target object object): in_init in_pre
  (camera object): in_init in_pre
  (can_traverse object object object): in_init in_pre
  (channel_free object): in_init in_pre in_eff
  (communicated_image_data object object): in_goal in_eff
  (communicated_rock_data object): in_goal in_eff
  (communicated_soil_data object): in_goal in_eff
  (empty object): in_init in_pre in_eff
  (equipped_for_imaging object): in_init in_pre
  (equipped_for_rock_analysis object): in_init in_pre
  (equipped_for_soil_analysis object): in_init in_pre
  (full object): in_pre in_eff
  (have_image object object object): in_pre in_eff
  (have_rock_analysis object object): in_pre in_eff
  (have_soil_analysis object object): in_pre in_eff
  (lander object): in_init in_pre
  (mode object): in_init in_pre
  (objective object): in_init in_pre
  (on_board object object): in_init in_pre
  (rover object): in_init in_pre
  (store object): in_init in_pre
  (store_of object object): in_init in_pre
  (supports object object): in_init in_pre
  (visible object object): in_init in_pre
  (visible_from object object): in_init in_pre
  (waypoint object): in_init in_pre
Func prop:
Global prop:
  is_unit_cost
