(=)
  in-init: 0
  in-pre: 0
  in-pre-neg: 0
  in-goal: 0
  in-goal-neg: 0
  in-eff: 0
(at)
  in-init: 1
  in-pre: 1
  in-pre-neg: 0
  in-goal: 0
  in-goal-neg: 0
  in-eff: 1
(at_lander)
  in-init: 1
  in-pre: 1
  in-pre-neg: 0
  in-goal: 0
  in-goal-neg: 0
  in-eff: 0
(can_traverse)
  in-init: 1
  in-pre: 1
  in-pre-neg: 0
  in-goal: 0
  in-goal-neg: 0
  in-eff: 0
(equipped_for_soil_analysis)
  in-init: 1
  in-pre: 1
  in-pre-neg: 0
  in-goal: 0
  in-goal-neg: 0
  in-eff: 0
(equipped_for_rock_analysis)
  in-init: 1
  in-pre: 1
  in-pre-neg: 0
  in-goal: 0
  in-goal-neg: 0
  in-eff: 0
(equipped_for_imaging)
  in-init: 1
  in-pre: 1
  in-pre-neg: 0
  in-goal: 0
  in-goal-neg: 0
  in-eff: 0
(empty)
  in-init: 1
  in-pre: 1
  in-pre-neg: 0
  in-goal: 0
  in-goal-neg: 0
  in-eff: 1
(have_rock_analysis)
  in-init: 0
  in-pre: 1
  in-pre-neg: 0
  in-goal: 0
  in-goal-neg: 0
  in-eff: 1
(have_soil_analysis)
  in-init: 0
  in-pre: 1
  in-pre-neg: 0
  in-goal: 0
  in-goal-neg: 0
  in-eff: 1
(full)
  in-init: 0
  in-pre: 1
  in-pre-neg: 0
  in-goal: 0
  in-goal-neg: 0
  in-eff: 1
(calibrated)
  in-init: 0
  in-pre: 1
  in-pre-neg: 0
  in-goal: 0
  in-goal-neg: 0
  in-eff: 1
(supports)
  in-init: 1
  in-pre: 1
  in-pre-neg: 0
  in-goal: 0
  in-goal-neg: 0
  in-eff: 0
(available)
  in-init: 1
  in-pre: 1
  in-pre-neg: 0
  in-goal: 0
  in-goal-neg: 0
  in-eff: 1
(visible)
  in-init: 1
  in-pre: 1
  in-pre-neg: 0
  in-goal: 0
  in-goal-neg: 0
  in-eff: 0
(have_image)
  in-init: 0
  in-pre: 1
  in-pre-neg: 0
  in-goal: 0
  in-goal-neg: 0
  in-eff: 1
(communicated_soil_data)
  in-init: 0
  in-pre: 0
  in-pre-neg: 0
  in-goal: 1
  in-goal-neg: 0
  in-eff: 1
(communicated_rock_data)
  in-init: 0
  in-pre: 0
  in-pre-neg: 0
  in-goal: 1
  in-goal-neg: 0
  in-eff: 1
(communicated_image_data)
  in-init: 0
  in-pre: 0
  in-pre-neg: 0
  in-goal: 1
  in-goal-neg: 0
  in-eff: 1
(at_soil_sample)
  in-init: 1
  in-pre: 1
  in-pre-neg: 0
  in-goal: 0
  in-goal-neg: 0
  in-eff: 1
(at_rock_sample)
  in-init: 1
  in-pre: 1
  in-pre-neg: 0
  in-goal: 0
  in-goal-neg: 0
  in-eff: 1
(visible_from)
  in-init: 1
  in-pre: 1
  in-pre-neg: 0
  in-goal: 0
  in-goal-neg: 0
  in-eff: 0
(store_of)
  in-init: 1
  in-pre: 1
  in-pre-neg: 0
  in-goal: 0
  in-goal-neg: 0
  in-eff: 0
(calibration_target)
  in-init: 1
  in-pre: 1
  in-pre-neg: 0
  in-goal: 0
  in-goal-neg: 0
  in-eff: 0
(on_board)
  in-init: 1
  in-pre: 1
  in-pre-neg: 0
  in-goal: 0
  in-goal-neg: 0
  in-eff: 0
(channel_free)
  in-init: 1
  in-pre: 1
  in-pre-neg: 0
  in-goal: 0
  in-goal-neg: 0
  in-eff: 1
(rover)
  in-init: 1
  in-pre: 1
  in-pre-neg: 0
  in-goal: 0
  in-goal-neg: 0
  in-eff: 0
(waypoint)
  in-init: 1
  in-pre: 1
  in-pre-neg: 0
  in-goal: 0
  in-goal-neg: 0
  in-eff: 0
(store)
  in-init: 1
  in-pre: 1
  in-pre-neg: 0
  in-goal: 0
  in-goal-neg: 0
  in-eff: 0
(camera)
  in-init: 1
  in-pre: 1
  in-pre-neg: 0
  in-goal: 0
  in-goal-neg: 0
  in-eff: 0
(mode)
  in-init: 1
  in-pre: 1
  in-pre-neg: 0
  in-goal: 0
  in-goal-neg: 0
  in-eff: 0
(lander)
  in-init: 1
  in-pre: 1
  in-pre-neg: 0
  in-goal: 0
  in-goal-neg: 0
  in-eff: 0
(objective)
  in-init: 1
  in-pre: 1
  in-pre-neg: 0
  in-goal: 0
  in-goal-neg: 0
  in-eff: 0
