Init: (lift-at fast0 n10) (lift-at fast1 n2) (lift-at slow0-0 n4) (lift-at slow1-0 n6) (lift-at slow2-0 n11) (passenger-at p0 n2) (passenger-at p1 n6) (passenger-at p2 n9) (passenger-at p3 n9) (passengers fast0 n0) (passengers fast1 n0) (passengers slow0-0 n0) (passengers slow1-0 n0)
Unreachable facts [43/118]:
  (boarded p0 slow2-0)
  (boarded p1 slow2-0)
  (boarded p2 fast0)
  (boarded p2 fast1)
  (boarded p2 slow0-0)
  (boarded p2 slow1-0)
  (boarded p2 slow2-0)
  (boarded p3 fast0)
  (boarded p3 fast1)
  (boarded p3 slow0-0)
  (boarded p3 slow1-0)
  (boarded p3 slow2-0)
  (passenger-at p0 n11)
  (passenger-at p0 n9)
  (passenger-at p1 n11)
  (passenger-at p1 n9)
  (passenger-at p2 n0)
  (passenger-at p2 n1)
  (passenger-at p2 n10)
  (passenger-at p2 n11)
  (passenger-at p2 n12)
  (passenger-at p2 n2)
  (passenger-at p2 n3)
  (passenger-at p2 n4)
  (passenger-at p2 n5)
  (passenger-at p2 n6)
  (passenger-at p2 n7)
  (passenger-at p2 n8)
  (passenger-at p3 n0)
  (passenger-at p3 n1)
  (passenger-at p3 n10)
  (passenger-at p3 n11)
  (passenger-at p3 n12)
  (passenger-at p3 n2)
  (passenger-at p3 n3)
  (passenger-at p3 n4)
  (passenger-at p3 n5)
  (passenger-at p3 n6)
  (passenger-at p3 n7)
  (passenger-at p3 n8)
  (passengers slow2-0 n0)
  (passengers slow2-0 n1)
  (passengers slow2-0 n2)
Unreachable ops [328/720]:
  (board p0 slow2-0 n10 n0 n1)
  (board p0 slow2-0 n10 n1 n2)
  (board p0 slow2-0 n11 n0 n1)
  (board p0 slow2-0 n11 n1 n2)
  (board p0 slow2-0 n12 n0 n1)
  (board p0 slow2-0 n12 n1 n2)
  (board p0 slow2-0 n8 n0 n1)
  (board p0 slow2-0 n8 n1 n2)
  (board p0 slow2-0 n9 n0 n1)
  (board p0 slow2-0 n9 n1 n2)
  (board p1 slow2-0 n10 n0 n1)
  (board p1 slow2-0 n10 n1 n2)
  (board p1 slow2-0 n11 n0 n1)
  (board p1 slow2-0 n11 n1 n2)
  (board p1 slow2-0 n12 n0 n1)
  (board p1 slow2-0 n12 n1 n2)
  (board p1 slow2-0 n8 n0 n1)
  (board p1 slow2-0 n8 n1 n2)
  (board p1 slow2-0 n9 n0 n1)
  (board p1 slow2-0 n9 n1 n2)
  (board p2 fast0 n0 n0 n1)
  (board p2 fast0 n0 n1 n2)
  (board p2 fast0 n0 n2 n3)
  (board p2 fast0 n10 n0 n1)
  (board p2 fast0 n10 n1 n2)
  (board p2 fast0 n10 n2 n3)
  (board p2 fast0 n12 n0 n1)
  (board p2 fast0 n12 n1 n2)
  (board p2 fast0 n12 n2 n3)
  (board p2 fast0 n2 n0 n1)
  (board p2 fast0 n2 n1 n2)
  (board p2 fast0 n2 n2 n3)
  (board p2 fast0 n4 n0 n1)
  (board p2 fast0 n4 n1 n2)
  (board p2 fast0 n4 n2 n3)
  (board p2 fast0 n6 n0 n1)
  (board p2 fast0 n6 n1 n2)
  (board p2 fast0 n6 n2 n3)
  (board p2 fast0 n8 n0 n1)
  (board p2 fast0 n8 n1 n2)
  (board p2 fast0 n8 n2 n3)
  (board p2 fast1 n0 n0 n1)
  (board p2 fast1 n0 n1 n2)
  (board p2 fast1 n0 n2 n3)
  (board p2 fast1 n10 n0 n1)
  (board p2 fast1 n10 n1 n2)
  (board p2 fast1 n10 n2 n3)
  (board p2 fast1 n12 n0 n1)
  (board p2 fast1 n12 n1 n2)
  (board p2 fast1 n12 n2 n3)
  (board p2 fast1 n2 n0 n1)
  (board p2 fast1 n2 n1 n2)
  (board p2 fast1 n2 n2 n3)
  (board p2 fast1 n4 n0 n1)
  (board p2 fast1 n4 n1 n2)
  (board p2 fast1 n4 n2 n3)
  (board p2 fast1 n6 n0 n1)
  (board p2 fast1 n6 n1 n2)
  (board p2 fast1 n6 n2 n3)
  (board p2 fast1 n8 n0 n1)
  (board p2 fast1 n8 n1 n2)
  (board p2 fast1 n8 n2 n3)
  (board p2 slow0-0 n0 n0 n1)
  (board p2 slow0-0 n0 n1 n2)
  (board p2 slow0-0 n1 n0 n1)
  (board p2 slow0-0 n1 n1 n2)
  (board p2 slow0-0 n2 n0 n1)
  (board p2 slow0-0 n2 n1 n2)
  (board p2 slow0-0 n3 n0 n1)
  (board p2 slow0-0 n3 n1 n2)
  (board p2 slow0-0 n4 n0 n1)
  (board p2 slow0-0 n4 n1 n2)
  (board p2 slow1-0 n4 n0 n1)
  (board p2 slow1-0 n4 n1 n2)
  (board p2 slow1-0 n5 n0 n1)
  (board p2 slow1-0 n5 n1 n2)
  (board p2 slow1-0 n6 n0 n1)
  (board p2 slow1-0 n6 n1 n2)
  (board p2 slow1-0 n7 n0 n1)
  (board p2 slow1-0 n7 n1 n2)
  (board p2 slow1-0 n8 n0 n1)
  (board p2 slow1-0 n8 n1 n2)
  (board p2 slow2-0 n10 n0 n1)
  (board p2 slow2-0 n10 n1 n2)
  (board p2 slow2-0 n11 n0 n1)
  (board p2 slow2-0 n11 n1 n2)
  (board p2 slow2-0 n12 n0 n1)
  (board p2 slow2-0 n12 n1 n2)
  (board p2 slow2-0 n8 n0 n1)
  (board p2 slow2-0 n8 n1 n2)
  (board p2 slow2-0 n9 n0 n1)
  (board p2 slow2-0 n9 n1 n2)
  (board p3 fast0 n0 n0 n1)
  (board p3 fast0 n0 n1 n2)
  (board p3 fast0 n0 n2 n3)
  (board p3 fast0 n10 n0 n1)
  (board p3 fast0 n10 n1 n2)
  (board p3 fast0 n10 n2 n3)
  (board p3 fast0 n12 n0 n1)
  (board p3 fast0 n12 n1 n2)
  (board p3 fast0 n12 n2 n3)
  (board p3 fast0 n2 n0 n1)
  (board p3 fast0 n2 n1 n2)
  (board p3 fast0 n2 n2 n3)
  (board p3 fast0 n4 n0 n1)
  (board p3 fast0 n4 n1 n2)
  (board p3 fast0 n4 n2 n3)
  (board p3 fast0 n6 n0 n1)
  (board p3 fast0 n6 n1 n2)
  (board p3 fast0 n6 n2 n3)
  (board p3 fast0 n8 n0 n1)
  (board p3 fast0 n8 n1 n2)
  (board p3 fast0 n8 n2 n3)
  (board p3 fast1 n0 n0 n1)
  (board p3 fast1 n0 n1 n2)
  (board p3 fast1 n0 n2 n3)
  (board p3 fast1 n10 n0 n1)
  (board p3 fast1 n10 n1 n2)
  (board p3 fast1 n10 n2 n3)
  (board p3 fast1 n12 n0 n1)
  (board p3 fast1 n12 n1 n2)
  (board p3 fast1 n12 n2 n3)
  (board p3 fast1 n2 n0 n1)
  (board p3 fast1 n2 n1 n2)
  (board p3 fast1 n2 n2 n3)
  (board p3 fast1 n4 n0 n1)
  (board p3 fast1 n4 n1 n2)
  (board p3 fast1 n4 n2 n3)
  (board p3 fast1 n6 n0 n1)
  (board p3 fast1 n6 n1 n2)
  (board p3 fast1 n6 n2 n3)
  (board p3 fast1 n8 n0 n1)
  (board p3 fast1 n8 n1 n2)
  (board p3 fast1 n8 n2 n3)
  (board p3 slow0-0 n0 n0 n1)
  (board p3 slow0-0 n0 n1 n2)
  (board p3 slow0-0 n1 n0 n1)
  (board p3 slow0-0 n1 n1 n2)
  (board p3 slow0-0 n2 n0 n1)
  (board p3 slow0-0 n2 n1 n2)
  (board p3 slow0-0 n3 n0 n1)
  (board p3 slow0-0 n3 n1 n2)
  (board p3 slow0-0 n4 n0 n1)
  (board p3 slow0-0 n4 n1 n2)
  (board p3 slow1-0 n4 n0 n1)
  (board p3 slow1-0 n4 n1 n2)
  (board p3 slow1-0 n5 n0 n1)
  (board p3 slow1-0 n5 n1 n2)
  (board p3 slow1-0 n6 n0 n1)
  (board p3 slow1-0 n6 n1 n2)
  (board p3 slow1-0 n7 n0 n1)
  (board p3 slow1-0 n7 n1 n2)
  (board p3 slow1-0 n8 n0 n1)
  (board p3 slow1-0 n8 n1 n2)
  (board p3 slow2-0 n10 n0 n1)
  (board p3 slow2-0 n10 n1 n2)
  (board p3 slow2-0 n11 n0 n1)
  (board p3 slow2-0 n11 n1 n2)
  (board p3 slow2-0 n12 n0 n1)
  (board p3 slow2-0 n12 n1 n2)
  (board p3 slow2-0 n8 n0 n1)
  (board p3 slow2-0 n8 n1 n2)
  (board p3 slow2-0 n9 n0 n1)
  (board p3 slow2-0 n9 n1 n2)
  (leave p0 slow2-0 n10 n1 n0)
  (leave p0 slow2-0 n10 n2 n1)
  (leave p0 slow2-0 n11 n1 n0)
  (leave p0 slow2-0 n11 n2 n1)
  (leave p0 slow2-0 n12 n1 n0)
  (leave p0 slow2-0 n12 n2 n1)
  (leave p0 slow2-0 n8 n1 n0)
  (leave p0 slow2-0 n8 n2 n1)
  (leave p0 slow2-0 n9 n1 n0)
  (leave p0 slow2-0 n9 n2 n1)
  (leave p1 slow2-0 n10 n1 n0)
  (leave p1 slow2-0 n10 n2 n1)
  (leave p1 slow2-0 n11 n1 n0)
  (leave p1 slow2-0 n11 n2 n1)
  (leave p1 slow2-0 n12 n1 n0)
  (leave p1 slow2-0 n12 n2 n1)
  (leave p1 slow2-0 n8 n1 n0)
  (leave p1 slow2-0 n8 n2 n1)
  (leave p1 slow2-0 n9 n1 n0)
  (leave p1 slow2-0 n9 n2 n1)
  (leave p2 fast0 n0 n1 n0)
  (leave p2 fast0 n0 n2 n1)
  (leave p2 fast0 n0 n3 n2)
  (leave p2 fast0 n10 n1 n0)
  (leave p2 fast0 n10 n2 n1)
  (leave p2 fast0 n10 n3 n2)
  (leave p2 fast0 n12 n1 n0)
  (leave p2 fast0 n12 n2 n1)
  (leave p2 fast0 n12 n3 n2)
  (leave p2 fast0 n2 n1 n0)
  (leave p2 fast0 n2 n2 n1)
  (leave p2 fast0 n2 n3 n2)
  (leave p2 fast0 n4 n1 n0)
  (leave p2 fast0 n4 n2 n1)
  (leave p2 fast0 n4 n3 n2)
  (leave p2 fast0 n6 n1 n0)
  (leave p2 fast0 n6 n2 n1)
  (leave p2 fast0 n6 n3 n2)
  (leave p2 fast0 n8 n1 n0)
  (leave p2 fast0 n8 n2 n1)
  (leave p2 fast0 n8 n3 n2)
  (leave p2 fast1 n0 n1 n0)
  (leave p2 fast1 n0 n2 n1)
  (leave p2 fast1 n0 n3 n2)
  (leave p2 fast1 n10 n1 n0)
  (leave p2 fast1 n10 n2 n1)
  (leave p2 fast1 n10 n3 n2)
  (leave p2 fast1 n12 n1 n0)
  (leave p2 fast1 n12 n2 n1)
  (leave p2 fast1 n12 n3 n2)
  (leave p2 fast1 n2 n1 n0)
  (leave p2 fast1 n2 n2 n1)
  (leave p2 fast1 n2 n3 n2)
  (leave p2 fast1 n4 n1 n0)
  (leave p2 fast1 n4 n2 n1)
  (leave p2 fast1 n4 n3 n2)
  (leave p2 fast1 n6 n1 n0)
  (leave p2 fast1 n6 n2 n1)
  (leave p2 fast1 n6 n3 n2)
  (leave p2 fast1 n8 n1 n0)
  (leave p2 fast1 n8 n2 n1)
  (leave p2 fast1 n8 n3 n2)
  (leave p2 slow0-0 n0 n1 n0)
  (leave p2 slow0-0 n0 n2 n1)
  (leave p2 slow0-0 n1 n1 n0)
  (leave p2 slow0-0 n1 n2 n1)
  (leave p2 slow0-0 n2 n1 n0)
  (leave p2 slow0-0 n2 n2 n1)
  (leave p2 slow0-0 n3 n1 n0)
  (leave p2 slow0-0 n3 n2 n1)
  (leave p2 slow0-0 n4 n1 n0)
  (leave p2 slow0-0 n4 n2 n1)
  (leave p2 slow1-0 n4 n1 n0)
  (leave p2 slow1-0 n4 n2 n1)
  (leave p2 slow1-0 n5 n1 n0)
  (leave p2 slow1-0 n5 n2 n1)
  (leave p2 slow1-0 n6 n1 n0)
  (leave p2 slow1-0 n6 n2 n1)
  (leave p2 slow1-0 n7 n1 n0)
  (leave p2 slow1-0 n7 n2 n1)
  (leave p2 slow1-0 n8 n1 n0)
  (leave p2 slow1-0 n8 n2 n1)
  (leave p2 slow2-0 n10 n1 n0)
  (leave p2 slow2-0 n10 n2 n1)
  (leave p2 slow2-0 n11 n1 n0)
  (leave p2 slow2-0 n11 n2 n1)
  (leave p2 slow2-0 n12 n1 n0)
  (leave p2 slow2-0 n12 n2 n1)
  (leave p2 slow2-0 n8 n1 n0)
  (leave p2 slow2-0 n8 n2 n1)
  (leave p2 slow2-0 n9 n1 n0)
  (leave p2 slow2-0 n9 n2 n1)
  (leave p3 fast0 n0 n1 n0)
  (leave p3 fast0 n0 n2 n1)
  (leave p3 fast0 n0 n3 n2)
  (leave p3 fast0 n10 n1 n0)
  (leave p3 fast0 n10 n2 n1)
  (leave p3 fast0 n10 n3 n2)
  (leave p3 fast0 n12 n1 n0)
  (leave p3 fast0 n12 n2 n1)
  (leave p3 fast0 n12 n3 n2)
  (leave p3 fast0 n2 n1 n0)
  (leave p3 fast0 n2 n2 n1)
  (leave p3 fast0 n2 n3 n2)
  (leave p3 fast0 n4 n1 n0)
  (leave p3 fast0 n4 n2 n1)
  (leave p3 fast0 n4 n3 n2)
  (leave p3 fast0 n6 n1 n0)
  (leave p3 fast0 n6 n2 n1)
  (leave p3 fast0 n6 n3 n2)
  (leave p3 fast0 n8 n1 n0)
  (leave p3 fast0 n8 n2 n1)
  (leave p3 fast0 n8 n3 n2)
  (leave p3 fast1 n0 n1 n0)
  (leave p3 fast1 n0 n2 n1)
  (leave p3 fast1 n0 n3 n2)
  (leave p3 fast1 n10 n1 n0)
  (leave p3 fast1 n10 n2 n1)
  (leave p3 fast1 n10 n3 n2)
  (leave p3 fast1 n12 n1 n0)
  (leave p3 fast1 n12 n2 n1)
  (leave p3 fast1 n12 n3 n2)
  (leave p3 fast1 n2 n1 n0)
  (leave p3 fast1 n2 n2 n1)
  (leave p3 fast1 n2 n3 n2)
  (leave p3 fast1 n4 n1 n0)
  (leave p3 fast1 n4 n2 n1)
  (leave p3 fast1 n4 n3 n2)
  (leave p3 fast1 n6 n1 n0)
  (leave p3 fast1 n6 n2 n1)
  (leave p3 fast1 n6 n3 n2)
  (leave p3 fast1 n8 n1 n0)
  (leave p3 fast1 n8 n2 n1)
  (leave p3 fast1 n8 n3 n2)
  (leave p3 slow0-0 n0 n1 n0)
  (leave p3 slow0-0 n0 n2 n1)
  (leave p3 slow0-0 n1 n1 n0)
  (leave p3 slow0-0 n1 n2 n1)
  (leave p3 slow0-0 n2 n1 n0)
  (leave p3 slow0-0 n2 n2 n1)
  (leave p3 slow0-0 n3 n1 n0)
  (leave p3 slow0-0 n3 n2 n1)
  (leave p3 slow0-0 n4 n1 n0)
  (leave p3 slow0-0 n4 n2 n1)
  (leave p3 slow1-0 n4 n1 n0)
  (leave p3 slow1-0 n4 n2 n1)
  (leave p3 slow1-0 n5 n1 n0)
  (leave p3 slow1-0 n5 n2 n1)
  (leave p3 slow1-0 n6 n1 n0)
  (leave p3 slow1-0 n6 n2 n1)
  (leave p3 slow1-0 n7 n1 n0)
  (leave p3 slow1-0 n7 n2 n1)
  (leave p3 slow1-0 n8 n1 n0)
  (leave p3 slow1-0 n8 n2 n1)
  (leave p3 slow2-0 n10 n1 n0)
  (leave p3 slow2-0 n10 n2 n1)
  (leave p3 slow2-0 n11 n1 n0)
  (leave p3 slow2-0 n11 n2 n1)
  (leave p3 slow2-0 n12 n1 n0)
  (leave p3 slow2-0 n12 n2 n1)
  (leave p3 slow2-0 n8 n1 n0)
  (leave p3 slow2-0 n8 n2 n1)
  (leave p3 slow2-0 n9 n1 n0)
  (leave p3 slow2-0 n9 n2 n1)
