begin_version
3
end_version
begin_metric
1
end_metric
39
begin_variable
var0
-1
32
last-visited pos-0-2
last-visited pos-0-3
last-visited pos-0-4
last-visited pos-1-2
last-visited pos-1-3
last-visited pos-1-4
last-visited pos-2-0
last-visited pos-2-1
last-visited pos-2-2
last-visited pos-2-3
last-visited pos-2-4
last-visited pos-2-5
last-visited pos-2-6
last-visited pos-3-1
last-visited pos-3-2
last-visited pos-3-3
last-visited pos-3-4
last-visited pos-3-5
last-visited pos-4-0
last-visited pos-4-1
last-visited pos-4-2
last-visited pos-4-3
last-visited pos-4-4
last-visited pos-4-5
last-visited pos-4-6
last-visited pos-5-2
last-visited pos-5-3
last-visited pos-5-4
last-visited pos-6-2
last-visited pos-6-3
last-visited pos-6-4
move-ended
end_variable
begin_variable
var1
-1
2
free pos-0-2
occupied pos-0-2
end_variable
begin_variable
var2
-1
2
free pos-0-3
occupied pos-0-3
end_variable
begin_variable
var3
-1
2
free pos-0-4
occupied pos-0-4
end_variable
begin_variable
var4
-1
2
free pos-1-2
occupied pos-1-2
end_variable
begin_variable
var5
-1
2
free pos-1-3
occupied pos-1-3
end_variable
begin_variable
var6
-1
2
free pos-1-4
occupied pos-1-4
end_variable
begin_variable
var7
-1
2
free pos-2-0
occupied pos-2-0
end_variable
begin_variable
var8
-1
2
free pos-2-1
occupied pos-2-1
end_variable
begin_variable
var9
-1
2
free pos-2-2
occupied pos-2-2
end_variable
begin_variable
var10
-1
2
free pos-2-3
occupied pos-2-3
end_variable
begin_variable
var11
-1
2
free pos-2-4
occupied pos-2-4
end_variable
begin_variable
var12
-1
2
free pos-2-5
occupied pos-2-5
end_variable
begin_variable
var13
-1
2
free pos-2-6
occupied pos-2-6
end_variable
begin_variable
var14
-1
2
free pos-3-0
occupied pos-3-0
end_variable
begin_variable
var15
-1
2
free pos-3-1
occupied pos-3-1
end_variable
begin_variable
var16
-1
2
free pos-3-2
occupied pos-3-2
end_variable
begin_variable
var17
-1
2
free pos-3-3
occupied pos-3-3
end_variable
begin_variable
var18
-1
2
free pos-3-4
occupied pos-3-4
end_variable
begin_variable
var19
-1
2
free pos-3-5
occupied pos-3-5
end_variable
begin_variable
var20
-1
2
free pos-3-6
occupied pos-3-6
end_variable
begin_variable
var21
-1
2
free pos-4-0
occupied pos-4-0
end_variable
begin_variable
var22
-1
2
free pos-4-1
occupied pos-4-1
end_variable
begin_variable
var23
-1
2
free pos-4-2
occupied pos-4-2
end_variable
begin_variable
var24
-1
2
free pos-4-3
occupied pos-4-3
end_variable
begin_variable
var25
-1
2
free pos-4-4
occupied pos-4-4
end_variable
begin_variable
var26
-1
2
free pos-4-5
occupied pos-4-5
end_variable
begin_variable
var27
-1
2
free pos-4-6
occupied pos-4-6
end_variable
begin_variable
var28
-1
2
free pos-5-2
occupied pos-5-2
end_variable
begin_variable
var29
-1
2
free pos-5-3
occupied pos-5-3
end_variable
begin_variable
var30
-1
2
free pos-5-4
occupied pos-5-4
end_variable
begin_variable
var31
-1
2
free pos-6-2
occupied pos-6-2
end_variable
begin_variable
var32
-1
2
free pos-6-3
occupied pos-6-3
end_variable
begin_variable
var33
-1
2
free pos-6-4
occupied pos-6-4
end_variable
begin_variable
var34
-1
2
NOT-last-visited pos-0-2-occupied pos-0-2
last-visited pos-0-2-occupied pos-0-2
end_variable
begin_variable
var35
-1
2
NOT-last-visited pos-0-2-free pos-6-4
last-visited pos-0-2-free pos-6-4
end_variable
begin_variable
var36
-1
2
NOT-last-visited pos-0-2-occupied pos-0-2-free pos-6-4
last-visited pos-0-2-occupied pos-0-2-free pos-6-4
end_variable
begin_variable
var37
-1
2
NOT-last-visited pos-0-3-occupied pos-0-2
last-visited pos-0-3-occupied pos-0-2
end_variable
begin_variable
var38
-1
2
NOT-last-visited pos-0-2-last-visited pos-0-3-occupied pos-0-2-free pos-6-4
last-visited pos-0-2-last-visited pos-0-3-occupied pos-0-2-free pos-6-4
end_variable
0
begin_state
31
0
1
0
1
1
1
0
1
0
0
0
1
0
1
0
0
1
0
0
1
1
1
0
0
0
1
0
1
0
1
0
1
0
0
0
0
0
0
end_state
begin_goal
33
1 0
2 0
3 0
4 0
5 0
6 0
7 0
8 0
9 0
10 0
11 0
12 0
13 0
14 0
15 0
16 0
17 1
18 0
19 0
20 0
21 0
22 0
23 0
24 0
25 0
26 0
27 0
28 0
29 0
30 0
31 0
32 0
33 0
end_goal
144
begin_operator
end-move pos-0-3
4
1 0
33 0
37 0
38 0
1
0 0 1 31
0
end_operator
begin_operator
end-move pos-0-3
4
1 0
33 1
37 0
38 0
1
0 0 1 31
0
end_operator
begin_operator
end-move pos-0-3
3
1 1
33 0
38 0
2
0 0 1 31
0 37 1 0
0
end_operator
begin_operator
end-move pos-0-4
0
1
0 0 2 31
0
end_operator
begin_operator
end-move pos-1-2
0
1
0 0 3 31
0
end_operator
begin_operator
end-move pos-1-3
0
1
0 0 4 31
0
end_operator
begin_operator
end-move pos-1-4
0
1
0 0 5 31
0
end_operator
begin_operator
end-move pos-2-0
0
1
0 0 6 31
0
end_operator
begin_operator
end-move pos-2-1
0
1
0 0 7 31
0
end_operator
begin_operator
end-move pos-2-2
0
1
0 0 8 31
0
end_operator
begin_operator
end-move pos-2-3
0
1
0 0 9 31
0
end_operator
begin_operator
end-move pos-2-4
0
1
0 0 10 31
0
end_operator
begin_operator
end-move pos-2-5
0
1
0 0 11 31
0
end_operator
begin_operator
end-move pos-2-6
0
1
0 0 12 31
0
end_operator
begin_operator
end-move pos-3-1
0
1
0 0 13 31
0
end_operator
begin_operator
end-move pos-3-2
0
1
0 0 14 31
0
end_operator
begin_operator
end-move pos-3-3
0
1
0 0 15 31
0
end_operator
begin_operator
end-move pos-3-4
0
1
0 0 16 31
0
end_operator
begin_operator
end-move pos-3-5
0
1
0 0 17 31
0
end_operator
begin_operator
end-move pos-4-0
0
1
0 0 18 31
0
end_operator
begin_operator
end-move pos-4-1
0
1
0 0 19 31
0
end_operator
begin_operator
end-move pos-4-2
0
1
0 0 20 31
0
end_operator
begin_operator
end-move pos-4-3
0
1
0 0 21 31
0
end_operator
begin_operator
end-move pos-4-4
0
1
0 0 22 31
0
end_operator
begin_operator
end-move pos-4-5
0
1
0 0 23 31
0
end_operator
begin_operator
end-move pos-4-6
0
1
0 0 24 31
0
end_operator
begin_operator
end-move pos-5-2
0
1
0 0 25 31
0
end_operator
begin_operator
end-move pos-5-3
0
1
0 0 26 31
0
end_operator
begin_operator
end-move pos-5-4
0
1
0 0 27 31
0
end_operator
begin_operator
end-move pos-6-2
0
1
0 0 28 31
0
end_operator
begin_operator
end-move pos-6-3
0
1
0 0 29 31
0
end_operator
begin_operator
end-move pos-6-4
0
1
0 0 30 31
0
end_operator
begin_operator
jump-continue-move pos-0-4 pos-0-3 pos-0-2
2
33 0
38 0
7
0 0 2 0
0 1 0 1
0 2 1 0
0 3 1 0
0 34 0 1
0 35 0 1
0 36 0 1
0
end_operator
begin_operator
jump-continue-move pos-0-4 pos-1-4 pos-2-4
0
4
0 0 2 10
0 3 1 0
0 6 1 0
0 11 0 1
0
end_operator
begin_operator
jump-continue-move pos-1-2 pos-2-2 pos-3-2
0
4
0 0 3 14
0 4 1 0
0 9 1 0
0 16 0 1
0
end_operator
begin_operator
jump-continue-move pos-1-4 pos-2-4 pos-3-4
0
4
0 0 5 16
0 6 1 0
0 11 1 0
0 18 0 1
0
end_operator
begin_operator
jump-continue-move pos-2-0 pos-2-1 pos-2-2
0
4
0 0 6 8
0 7 1 0
0 8 1 0
0 9 0 1
0
end_operator
begin_operator
jump-continue-move pos-2-0 pos-3-0 pos-4-0
0
4
0 0 6 18
0 7 1 0
0 14 1 0
0 21 0 1
0
end_operator
begin_operator
jump-continue-move pos-2-2 pos-1-2 pos-0-2
2
33 0
38 0
7
0 0 8 0
0 1 0 1
0 4 1 0
0 9 1 0
0 34 0 1
0 35 0 1
0 36 0 1
0
end_operator
begin_operator
jump-continue-move pos-2-2 pos-2-1 pos-2-0
0
4
0 0 8 6
0 7 0 1
0 8 1 0
0 9 1 0
0
end_operator
begin_operator
jump-continue-move pos-2-2 pos-2-3 pos-2-4
0
4
0 0 8 10
0 9 1 0
0 10 1 0
0 11 0 1
0
end_operator
begin_operator
jump-continue-move pos-2-3 pos-1-3 pos-0-3
4
1 0
33 0
37 0
38 0
4
0 0 9 1
0 2 0 1
0 5 1 0
0 10 1 0
0
end_operator
begin_operator
jump-continue-move pos-2-3 pos-1-3 pos-0-3
4
1 0
33 1
37 0
38 0
4
0 0 9 1
0 2 0 1
0 5 1 0
0 10 1 0
0
end_operator
begin_operator
jump-continue-move pos-2-3 pos-1-3 pos-0-3
3
1 1
33 0
38 0
5
0 0 9 1
0 2 0 1
0 5 1 0
0 10 1 0
0 37 0 1
0
end_operator
begin_operator
jump-continue-move pos-2-3 pos-2-2 pos-2-1
0
4
0 0 9 7
0 8 0 1
0 9 1 0
0 10 1 0
0
end_operator
begin_operator
jump-continue-move pos-2-3 pos-2-4 pos-2-5
0
4
0 0 9 11
0 10 1 0
0 11 1 0
0 12 0 1
0
end_operator
begin_operator
jump-continue-move pos-2-3 pos-3-3 pos-4-3
0
4
0 0 9 21
0 10 1 0
0 17 1 0
0 24 0 1
0
end_operator
begin_operator
jump-continue-move pos-2-4 pos-1-4 pos-0-4
0
4
0 0 10 2
0 3 0 1
0 6 1 0
0 11 1 0
0
end_operator
begin_operator
jump-continue-move pos-2-4 pos-2-3 pos-2-2
0
4
0 0 10 8
0 9 0 1
0 10 1 0
0 11 1 0
0
end_operator
begin_operator
jump-continue-move pos-2-4 pos-2-5 pos-2-6
0
4
0 0 10 12
0 11 1 0
0 12 1 0
0 13 0 1
0
end_operator
begin_operator
jump-continue-move pos-2-6 pos-2-5 pos-2-4
0
4
0 0 12 10
0 11 0 1
0 12 1 0
0 13 1 0
0
end_operator
begin_operator
jump-continue-move pos-2-6 pos-3-6 pos-4-6
0
4
0 0 12 24
0 13 1 0
0 20 1 0
0 27 0 1
0
end_operator
begin_operator
jump-continue-move pos-3-2 pos-3-3 pos-3-4
0
4
0 0 14 16
0 16 1 0
0 17 1 0
0 18 0 1
0
end_operator
begin_operator
jump-continue-move pos-3-3 pos-2-3 pos-1-3
0
4
0 0 15 4
0 5 0 1
0 10 1 0
0 17 1 0
0
end_operator
begin_operator
jump-continue-move pos-3-3 pos-3-2 pos-3-1
0
4
0 0 15 13
0 15 0 1
0 16 1 0
0 17 1 0
0
end_operator
begin_operator
jump-continue-move pos-3-3 pos-3-4 pos-3-5
0
4
0 0 15 17
0 17 1 0
0 18 1 0
0 19 0 1
0
end_operator
begin_operator
jump-continue-move pos-3-3 pos-4-3 pos-5-3
0
4
0 0 15 26
0 17 1 0
0 24 1 0
0 29 0 1
0
end_operator
begin_operator
jump-continue-move pos-3-4 pos-3-3 pos-3-2
0
4
0 0 16 14
0 16 0 1
0 17 1 0
0 18 1 0
0
end_operator
begin_operator
jump-continue-move pos-4-0 pos-3-0 pos-2-0
0
4
0 0 18 6
0 7 0 1
0 14 1 0
0 21 1 0
0
end_operator
begin_operator
jump-continue-move pos-4-0 pos-4-1 pos-4-2
0
4
0 0 18 20
0 21 1 0
0 22 1 0
0 23 0 1
0
end_operator
begin_operator
jump-continue-move pos-4-2 pos-4-1 pos-4-0
0
4
0 0 20 18
0 21 0 1
0 22 1 0
0 23 1 0
0
end_operator
begin_operator
jump-continue-move pos-4-2 pos-4-3 pos-4-4
0
4
0 0 20 22
0 23 1 0
0 24 1 0
0 25 0 1
0
end_operator
begin_operator
jump-continue-move pos-4-2 pos-5-2 pos-6-2
0
4
0 0 20 28
0 23 1 0
0 28 1 0
0 31 0 1
0
end_operator
begin_operator
jump-continue-move pos-4-3 pos-3-3 pos-2-3
0
4
0 0 21 9
0 10 0 1
0 17 1 0
0 24 1 0
0
end_operator
begin_operator
jump-continue-move pos-4-3 pos-4-2 pos-4-1
0
4
0 0 21 19
0 22 0 1
0 23 1 0
0 24 1 0
0
end_operator
begin_operator
jump-continue-move pos-4-3 pos-4-4 pos-4-5
0
4
0 0 21 23
0 24 1 0
0 25 1 0
0 26 0 1
0
end_operator
begin_operator
jump-continue-move pos-4-3 pos-5-3 pos-6-3
0
4
0 0 21 29
0 24 1 0
0 29 1 0
0 32 0 1
0
end_operator
begin_operator
jump-continue-move pos-4-4 pos-4-3 pos-4-2
0
4
0 0 22 20
0 23 0 1
0 24 1 0
0 25 1 0
0
end_operator
begin_operator
jump-continue-move pos-4-4 pos-4-5 pos-4-6
0
4
0 0 22 24
0 25 1 0
0 26 1 0
0 27 0 1
0
end_operator
begin_operator
jump-continue-move pos-4-4 pos-5-4 pos-6-4
0
4
0 0 22 30
0 25 1 0
0 30 1 0
0 33 0 1
0
end_operator
begin_operator
jump-continue-move pos-4-6 pos-3-6 pos-2-6
0
4
0 0 24 12
0 13 0 1
0 20 1 0
0 27 1 0
0
end_operator
begin_operator
jump-continue-move pos-4-6 pos-4-5 pos-4-4
0
4
0 0 24 22
0 25 0 1
0 26 1 0
0 27 1 0
0
end_operator
begin_operator
jump-continue-move pos-5-2 pos-4-2 pos-3-2
0
4
0 0 25 14
0 16 0 1
0 23 1 0
0 28 1 0
0
end_operator
begin_operator
jump-continue-move pos-5-4 pos-4-4 pos-3-4
0
4
0 0 27 16
0 18 0 1
0 25 1 0
0 30 1 0
0
end_operator
begin_operator
jump-continue-move pos-6-2 pos-5-2 pos-4-2
0
4
0 0 28 20
0 23 0 1
0 28 1 0
0 31 1 0
0
end_operator
begin_operator
jump-continue-move pos-6-2 pos-6-3 pos-6-4
0
4
0 0 28 30
0 31 1 0
0 32 1 0
0 33 0 1
0
end_operator
begin_operator
jump-continue-move pos-6-4 pos-5-4 pos-4-4
0
4
0 0 30 22
0 25 0 1
0 30 1 0
0 33 1 0
0
end_operator
begin_operator
jump-continue-move pos-6-4 pos-6-3 pos-6-2
0
4
0 0 30 28
0 31 0 1
0 32 1 0
0 33 1 0
0
end_operator
begin_operator
jump-new-move pos-0-2 pos-0-3 pos-0-4
0
4
0 0 31 2
0 1 1 0
0 2 1 0
0 3 0 1
1
end_operator
begin_operator
jump-new-move pos-0-2 pos-1-2 pos-2-2
0
4
0 0 31 8
0 1 1 0
0 4 1 0
0 9 0 1
1
end_operator
begin_operator
jump-new-move pos-0-3 pos-1-3 pos-2-3
0
4
0 0 31 9
0 2 1 0
0 5 1 0
0 10 0 1
1
end_operator
begin_operator
jump-new-move pos-0-4 pos-0-3 pos-0-2
2
33 0
38 0
7
0 0 31 0
0 1 0 1
0 2 1 0
0 3 1 0
0 34 0 1
0 35 0 1
0 36 0 1
1
end_operator
begin_operator
jump-new-move pos-0-4 pos-1-4 pos-2-4
0
4
0 0 31 10
0 3 1 0
0 6 1 0
0 11 0 1
1
end_operator
begin_operator
jump-new-move pos-1-2 pos-1-3 pos-1-4
0
4
0 0 31 5
0 4 1 0
0 5 1 0
0 6 0 1
1
end_operator
begin_operator
jump-new-move pos-1-2 pos-2-2 pos-3-2
0
4
0 0 31 14
0 4 1 0
0 9 1 0
0 16 0 1
1
end_operator
begin_operator
jump-new-move pos-1-3 pos-2-3 pos-3-3
0
4
0 0 31 15
0 5 1 0
0 10 1 0
0 17 0 1
1
end_operator
begin_operator
jump-new-move pos-1-4 pos-1-3 pos-1-2
0
4
0 0 31 3
0 4 0 1
0 5 1 0
0 6 1 0
1
end_operator
begin_operator
jump-new-move pos-1-4 pos-2-4 pos-3-4
0
4
0 0 31 16
0 6 1 0
0 11 1 0
0 18 0 1
1
end_operator
begin_operator
jump-new-move pos-2-0 pos-2-1 pos-2-2
0
4
0 0 31 8
0 7 1 0
0 8 1 0
0 9 0 1
1
end_operator
begin_operator
jump-new-move pos-2-0 pos-3-0 pos-4-0
0
4
0 0 31 18
0 7 1 0
0 14 1 0
0 21 0 1
1
end_operator
begin_operator
jump-new-move pos-2-1 pos-2-2 pos-2-3
0
4
0 0 31 9
0 8 1 0
0 9 1 0
0 10 0 1
1
end_operator
begin_operator
jump-new-move pos-2-1 pos-3-1 pos-4-1
0
4
0 0 31 19
0 8 1 0
0 15 1 0
0 22 0 1
1
end_operator
begin_operator
jump-new-move pos-2-2 pos-1-2 pos-0-2
2
33 0
38 0
7
0 0 31 0
0 1 0 1
0 4 1 0
0 9 1 0
0 34 0 1
0 35 0 1
0 36 0 1
1
end_operator
begin_operator
jump-new-move pos-2-2 pos-2-1 pos-2-0
0
4
0 0 31 6
0 7 0 1
0 8 1 0
0 9 1 0
1
end_operator
begin_operator
jump-new-move pos-2-2 pos-2-3 pos-2-4
0
4
0 0 31 10
0 9 1 0
0 10 1 0
0 11 0 1
1
end_operator
begin_operator
jump-new-move pos-2-3 pos-1-3 pos-0-3
4
1 0
33 0
37 0
38 0
4
0 0 31 1
0 2 0 1
0 5 1 0
0 10 1 0
1
end_operator
begin_operator
jump-new-move pos-2-3 pos-1-3 pos-0-3
4
1 0
33 1
37 0
38 0
4
0 0 31 1
0 2 0 1
0 5 1 0
0 10 1 0
1
end_operator
begin_operator
jump-new-move pos-2-3 pos-1-3 pos-0-3
3
1 1
33 0
38 0
5
0 0 31 1
0 2 0 1
0 5 1 0
0 10 1 0
0 37 0 1
1
end_operator
begin_operator
jump-new-move pos-2-3 pos-2-2 pos-2-1
0
4
0 0 31 7
0 8 0 1
0 9 1 0
0 10 1 0
1
end_operator
begin_operator
jump-new-move pos-2-3 pos-2-4 pos-2-5
0
4
0 0 31 11
0 10 1 0
0 11 1 0
0 12 0 1
1
end_operator
begin_operator
jump-new-move pos-2-3 pos-3-3 pos-4-3
0
4
0 0 31 21
0 10 1 0
0 17 1 0
0 24 0 1
1
end_operator
begin_operator
jump-new-move pos-2-4 pos-1-4 pos-0-4
0
4
0 0 31 2
0 3 0 1
0 6 1 0
0 11 1 0
1
end_operator
begin_operator
jump-new-move pos-2-4 pos-2-3 pos-2-2
0
4
0 0 31 8
0 9 0 1
0 10 1 0
0 11 1 0
1
end_operator
begin_operator
jump-new-move pos-2-4 pos-2-5 pos-2-6
0
4
0 0 31 12
0 11 1 0
0 12 1 0
0 13 0 1
1
end_operator
begin_operator
jump-new-move pos-2-5 pos-2-4 pos-2-3
0
4
0 0 31 9
0 10 0 1
0 11 1 0
0 12 1 0
1
end_operator
begin_operator
jump-new-move pos-2-5 pos-3-5 pos-4-5
0
4
0 0 31 23
0 12 1 0
0 19 1 0
0 26 0 1
1
end_operator
begin_operator
jump-new-move pos-2-6 pos-2-5 pos-2-4
0
4
0 0 31 10
0 11 0 1
0 12 1 0
0 13 1 0
1
end_operator
begin_operator
jump-new-move pos-2-6 pos-3-6 pos-4-6
0
4
0 0 31 24
0 13 1 0
0 20 1 0
0 27 0 1
1
end_operator
begin_operator
jump-new-move pos-3-0 pos-3-1 pos-3-2
0
4
0 0 31 14
0 14 1 0
0 15 1 0
0 16 0 1
1
end_operator
begin_operator
jump-new-move pos-3-2 pos-3-3 pos-3-4
0
4
0 0 31 16
0 16 1 0
0 17 1 0
0 18 0 1
1
end_operator
begin_operator
jump-new-move pos-3-3 pos-2-3 pos-1-3
0
4
0 0 31 4
0 5 0 1
0 10 1 0
0 17 1 0
1
end_operator
begin_operator
jump-new-move pos-3-3 pos-3-2 pos-3-1
0
4
0 0 31 13
0 15 0 1
0 16 1 0
0 17 1 0
1
end_operator
begin_operator
jump-new-move pos-3-3 pos-3-4 pos-3-5
0
4
0 0 31 17
0 17 1 0
0 18 1 0
0 19 0 1
1
end_operator
begin_operator
jump-new-move pos-3-3 pos-4-3 pos-5-3
0
4
0 0 31 26
0 17 1 0
0 24 1 0
0 29 0 1
1
end_operator
begin_operator
jump-new-move pos-3-4 pos-3-3 pos-3-2
0
4
0 0 31 14
0 16 0 1
0 17 1 0
0 18 1 0
1
end_operator
begin_operator
jump-new-move pos-3-6 pos-3-5 pos-3-4
0
4
0 0 31 16
0 18 0 1
0 19 1 0
0 20 1 0
1
end_operator
begin_operator
jump-new-move pos-4-0 pos-3-0 pos-2-0
0
4
0 0 31 6
0 7 0 1
0 14 1 0
0 21 1 0
1
end_operator
begin_operator
jump-new-move pos-4-0 pos-4-1 pos-4-2
0
4
0 0 31 20
0 21 1 0
0 22 1 0
0 23 0 1
1
end_operator
begin_operator
jump-new-move pos-4-1 pos-3-1 pos-2-1
0
4
0 0 31 7
0 8 0 1
0 15 1 0
0 22 1 0
1
end_operator
begin_operator
jump-new-move pos-4-1 pos-4-2 pos-4-3
0
4
0 0 31 21
0 22 1 0
0 23 1 0
0 24 0 1
1
end_operator
begin_operator
jump-new-move pos-4-2 pos-4-1 pos-4-0
0
4
0 0 31 18
0 21 0 1
0 22 1 0
0 23 1 0
1
end_operator
begin_operator
jump-new-move pos-4-2 pos-4-3 pos-4-4
0
4
0 0 31 22
0 23 1 0
0 24 1 0
0 25 0 1
1
end_operator
begin_operator
jump-new-move pos-4-2 pos-5-2 pos-6-2
0
4
0 0 31 28
0 23 1 0
0 28 1 0
0 31 0 1
1
end_operator
begin_operator
jump-new-move pos-4-3 pos-3-3 pos-2-3
0
4
0 0 31 9
0 10 0 1
0 17 1 0
0 24 1 0
1
end_operator
begin_operator
jump-new-move pos-4-3 pos-4-2 pos-4-1
0
4
0 0 31 19
0 22 0 1
0 23 1 0
0 24 1 0
1
end_operator
begin_operator
jump-new-move pos-4-3 pos-4-4 pos-4-5
0
4
0 0 31 23
0 24 1 0
0 25 1 0
0 26 0 1
1
end_operator
begin_operator
jump-new-move pos-4-3 pos-5-3 pos-6-3
0
4
0 0 31 29
0 24 1 0
0 29 1 0
0 32 0 1
1
end_operator
begin_operator
jump-new-move pos-4-4 pos-4-3 pos-4-2
0
4
0 0 31 20
0 23 0 1
0 24 1 0
0 25 1 0
1
end_operator
begin_operator
jump-new-move pos-4-4 pos-4-5 pos-4-6
0
4
0 0 31 24
0 25 1 0
0 26 1 0
0 27 0 1
1
end_operator
begin_operator
jump-new-move pos-4-4 pos-5-4 pos-6-4
0
4
0 0 31 30
0 25 1 0
0 30 1 0
0 33 0 1
1
end_operator
begin_operator
jump-new-move pos-4-5 pos-3-5 pos-2-5
0
4
0 0 31 11
0 12 0 1
0 19 1 0
0 26 1 0
1
end_operator
begin_operator
jump-new-move pos-4-5 pos-4-4 pos-4-3
0
4
0 0 31 21
0 24 0 1
0 25 1 0
0 26 1 0
1
end_operator
begin_operator
jump-new-move pos-4-6 pos-3-6 pos-2-6
0
4
0 0 31 12
0 13 0 1
0 20 1 0
0 27 1 0
1
end_operator
begin_operator
jump-new-move pos-4-6 pos-4-5 pos-4-4
0
4
0 0 31 22
0 25 0 1
0 26 1 0
0 27 1 0
1
end_operator
begin_operator
jump-new-move pos-5-2 pos-4-2 pos-3-2
0
4
0 0 31 14
0 16 0 1
0 23 1 0
0 28 1 0
1
end_operator
begin_operator
jump-new-move pos-5-2 pos-5-3 pos-5-4
0
4
0 0 31 27
0 28 1 0
0 29 1 0
0 30 0 1
1
end_operator
begin_operator
jump-new-move pos-5-3 pos-4-3 pos-3-3
0
4
0 0 31 15
0 17 0 1
0 24 1 0
0 29 1 0
1
end_operator
begin_operator
jump-new-move pos-5-4 pos-4-4 pos-3-4
0
4
0 0 31 16
0 18 0 1
0 25 1 0
0 30 1 0
1
end_operator
begin_operator
jump-new-move pos-5-4 pos-5-3 pos-5-2
0
4
0 0 31 25
0 28 0 1
0 29 1 0
0 30 1 0
1
end_operator
begin_operator
jump-new-move pos-6-2 pos-5-2 pos-4-2
0
4
0 0 31 20
0 23 0 1
0 28 1 0
0 31 1 0
1
end_operator
begin_operator
jump-new-move pos-6-2 pos-6-3 pos-6-4
0
4
0 0 31 30
0 31 1 0
0 32 1 0
0 33 0 1
1
end_operator
begin_operator
jump-new-move pos-6-3 pos-5-3 pos-4-3
0
4
0 0 31 21
0 24 0 1
0 29 1 0
0 32 1 0
1
end_operator
begin_operator
jump-new-move pos-6-4 pos-5-4 pos-4-4
0
4
0 0 31 22
0 25 0 1
0 30 1 0
0 33 1 0
1
end_operator
begin_operator
jump-new-move pos-6-4 pos-6-3 pos-6-2
0
4
0 0 31 28
0 31 0 1
0 32 1 0
0 33 1 0
1
end_operator
0
