(=)
  in-init: 0
  in-pre: 1
  in-pre-neg: 1
  in-goal: 0
  in-goal-neg: 0
  in-eff: 0
(p)
  in-init: 1
  in-pre: 1
  in-pre-neg: 0
  in-goal: 1
  in-goal-neg: 0
  in-eff: 1
(q)
  in-init: 0
  in-pre: 1
  in-pre-neg: 0
  in-goal: 0
  in-goal-neg: 0
  in-eff: 1
(r)
  in-init: 0
  in-pre: 1
  in-pre-neg: 0
  in-goal: 1
  in-goal-neg: 0
  in-eff: 1
(NOT-p)
  in-init: 0
  in-pre: 1
  in-pre-neg: 0
  in-goal: 0
  in-goal-neg: 0
  in-eff: 1
(NOT-q)
  in-init: 1
  in-pre: 1
  in-pre-neg: 0
  in-goal: 0
  in-goal-neg: 0
  in-eff: 1
global
  has-cond-eff: 1
  has-num-cmp: 0
  has-eq-pred: 1
  has-non-static-neg-cond: 0
  action-cost-func: -1
  has-int-action-cost-func: 0
  is-unit-cost: 1
  is-numeric: 0
