begin_version
3
end_version
begin_metric
1
end_metric
15
begin_variable
var0
-1
6
stacks-avail n0
stacks-avail n1
stacks-avail n2
stacks-avail n3
stacks-avail n4
stacks-avail n5
end_variable
begin_variable
var1
-1
3
shipped o1
started o1
waiting o1
end_variable
begin_variable
var2
-1
3
shipped o2
started o2
waiting o2
end_variable
begin_variable
var3
-1
3
shipped o3
started o3
waiting o3
end_variable
begin_variable
var4
-1
3
shipped o4
started o4
waiting o4
end_variable
begin_variable
var5
-1
3
shipped o5
started o5
waiting o5
end_variable
begin_variable
var6
-1
2
NOT-made p1
made p1
end_variable
begin_variable
var7
-1
2
NOT-made p2
made p2
end_variable
begin_variable
var8
-1
2
NOT-made p3
made p3
end_variable
begin_variable
var9
-1
2
NOT-made p4
made p4
end_variable
begin_variable
var10
-1
2
NOT-made p5
made p5
end_variable
begin_variable
var11
-1
2
NOT-0:0:0:stacks-avail n0-1:0:6:shipped o1
0:0:0:stacks-avail n0-1:0:6:shipped o1
end_variable
begin_variable
var12
-1
2
NOT-0:0:0:stacks-avail n0-10:1:30:made p5
0:0:0:stacks-avail n0-10:1:30:made p5
end_variable
begin_variable
var13
-1
2
NOT-0:0:0:stacks-avail n0-1:0:6:shipped o1-10:1:30:made p5
0:0:0:stacks-avail n0-1:0:6:shipped o1-10:1:30:made p5
end_variable
begin_variable
var14
-1
2
NOT-0:1:1:stacks-avail n1-1:0:6:shipped o1
0:1:1:stacks-avail n1-1:0:6:shipped o1
end_variable
0
begin_state
0
2
2
2
2
2
0
0
0
0
0
0
0
0
0
end_state
begin_goal
5
1 0
2 0
3 0
4 0
5 0
end_goal
130
begin_operator
make-product p1
1
2 1
1
0 6 0 1
0
end_operator
begin_operator
make-product p2
2
1 1
2 1
1
0 7 0 1
0
end_operator
begin_operator
make-product p3
2
3 1
4 1
1
0 8 0 1
0
end_operator
begin_operator
make-product p4
1
4 1
1
0 9 0 1
0
end_operator
begin_operator
make-product p5
3
0 0
1 0
5 1
3
0 10 0 1
0 12 0 1
0 13 0 1
0
end_operator
begin_operator
make-product p5
4
0 0
1 1
5 1
13 0
2
0 10 0 1
0 12 0 1
0
end_operator
begin_operator
make-product p5
4
0 0
1 2
5 1
13 0
2
0 10 0 1
0 12 0 1
0
end_operator
begin_operator
make-product p5
5
0 1
1 0
5 1
12 0
13 0
1
0 10 0 1
0
end_operator
begin_operator
make-product p5
5
0 1
1 1
5 1
12 0
13 0
1
0 10 0 1
0
end_operator
begin_operator
make-product p5
5
0 1
1 2
5 1
12 0
13 0
1
0 10 0 1
0
end_operator
begin_operator
make-product p5
5
0 2
1 0
5 1
12 0
13 0
1
0 10 0 1
0
end_operator
begin_operator
make-product p5
5
0 2
1 1
5 1
12 0
13 0
1
0 10 0 1
0
end_operator
begin_operator
make-product p5
5
0 2
1 2
5 1
12 0
13 0
1
0 10 0 1
0
end_operator
begin_operator
make-product p5
5
0 3
1 0
5 1
12 0
13 0
1
0 10 0 1
0
end_operator
begin_operator
make-product p5
5
0 3
1 1
5 1
12 0
13 0
1
0 10 0 1
0
end_operator
begin_operator
make-product p5
5
0 3
1 2
5 1
12 0
13 0
1
0 10 0 1
0
end_operator
begin_operator
make-product p5
5
0 4
1 0
5 1
12 0
13 0
1
0 10 0 1
0
end_operator
begin_operator
make-product p5
5
0 4
1 1
5 1
12 0
13 0
1
0 10 0 1
0
end_operator
begin_operator
make-product p5
5
0 4
1 2
5 1
12 0
13 0
1
0 10 0 1
0
end_operator
begin_operator
make-product p5
5
0 5
1 0
5 1
12 0
13 0
1
0 10 0 1
0
end_operator
begin_operator
make-product p5
5
0 5
1 1
5 1
12 0
13 0
1
0 10 0 1
0
end_operator
begin_operator
make-product p5
5
0 5
1 2
5 1
12 0
13 0
1
0 10 0 1
0
end_operator
begin_operator
open-new-stack n0 n1
6
1 1
10 0
11 0
12 0
13 0
14 0
1
0 0 0 1
1
end_operator
begin_operator
open-new-stack n0 n1
6
1 2
10 0
11 0
12 0
13 0
14 0
1
0 0 0 1
1
end_operator
begin_operator
open-new-stack n0 n1
5
1 1
10 1
11 0
13 0
14 0
2
0 0 0 1
0 12 1 0
1
end_operator
begin_operator
open-new-stack n0 n1
5
1 2
10 1
11 0
13 0
14 0
2
0 0 0 1
0 12 1 0
1
end_operator
begin_operator
open-new-stack n0 n1
4
1 0
10 0
12 0
13 0
3
0 0 0 1
0 11 1 0
0 14 0 1
1
end_operator
begin_operator
open-new-stack n0 n1
2
1 0
10 1
5
0 0 0 1
0 11 1 0
0 12 1 0
0 13 1 0
0 14 0 1
1
end_operator
begin_operator
open-new-stack n1 n2
2
1 1
14 0
1
0 0 1 2
1
end_operator
begin_operator
open-new-stack n1 n2
2
1 2
14 0
1
0 0 1 2
1
end_operator
begin_operator
open-new-stack n1 n2
1
1 0
2
0 0 1 2
0 14 1 0
1
end_operator
begin_operator
open-new-stack n2 n3
0
1
0 0 2 3
1
end_operator
begin_operator
open-new-stack n3 n4
0
1
0 0 3 4
1
end_operator
begin_operator
open-new-stack n4 n5
0
1
0 0 4 5
1
end_operator
begin_operator
ship-order o1 n0 n1
3
7 1
10 0
12 0
3
0 0 0 1
0 1 1 0
0 14 0 1
0
end_operator
begin_operator
ship-order o1 n0 n1
2
7 1
10 1
4
0 0 0 1
0 1 1 0
0 12 1 0
0 14 0 1
0
end_operator
begin_operator
ship-order o1 n1 n2
1
7 1
2
0 0 1 2
0 1 1 0
0
end_operator
begin_operator
ship-order o1 n2 n3
1
7 1
2
0 0 2 3
0 1 1 0
0
end_operator
begin_operator
ship-order o1 n3 n4
1
7 1
2
0 0 3 4
0 1 1 0
0
end_operator
begin_operator
ship-order o1 n4 n5
1
7 1
2
0 0 4 5
0 1 1 0
0
end_operator
begin_operator
ship-order o2 n0 n1
8
1 1
6 1
7 1
10 0
11 0
12 0
13 0
14 0
2
0 0 0 1
0 2 1 0
0
end_operator
begin_operator
ship-order o2 n0 n1
7
1 1
6 1
7 1
10 1
11 0
13 0
14 0
3
0 0 0 1
0 2 1 0
0 12 1 0
0
end_operator
begin_operator
ship-order o2 n0 n1
6
1 0
6 1
7 1
10 0
12 0
13 0
4
0 0 0 1
0 2 1 0
0 11 1 0
0 14 0 1
0
end_operator
begin_operator
ship-order o2 n0 n1
4
1 0
6 1
7 1
10 1
6
0 0 0 1
0 2 1 0
0 11 1 0
0 12 1 0
0 13 1 0
0 14 0 1
0
end_operator
begin_operator
ship-order o2 n1 n2
4
1 1
6 1
7 1
14 0
2
0 0 1 2
0 2 1 0
0
end_operator
begin_operator
ship-order o2 n1 n2
3
1 0
6 1
7 1
3
0 0 1 2
0 2 1 0
0 14 1 0
0
end_operator
begin_operator
ship-order o2 n2 n3
2
6 1
7 1
2
0 0 2 3
0 2 1 0
0
end_operator
begin_operator
ship-order o2 n3 n4
2
6 1
7 1
2
0 0 3 4
0 2 1 0
0
end_operator
begin_operator
ship-order o2 n4 n5
2
6 1
7 1
2
0 0 4 5
0 2 1 0
0
end_operator
begin_operator
ship-order o3 n0 n1
7
1 1
8 1
10 0
11 0
12 0
13 0
14 0
2
0 0 0 1
0 3 1 0
0
end_operator
begin_operator
ship-order o3 n0 n1
7
1 2
8 1
10 0
11 0
12 0
13 0
14 0
2
0 0 0 1
0 3 1 0
0
end_operator
begin_operator
ship-order o3 n0 n1
6
1 1
8 1
10 1
11 0
13 0
14 0
3
0 0 0 1
0 3 1 0
0 12 1 0
0
end_operator
begin_operator
ship-order o3 n0 n1
6
1 2
8 1
10 1
11 0
13 0
14 0
3
0 0 0 1
0 3 1 0
0 12 1 0
0
end_operator
begin_operator
ship-order o3 n0 n1
5
1 0
8 1
10 0
12 0
13 0
4
0 0 0 1
0 3 1 0
0 11 1 0
0 14 0 1
0
end_operator
begin_operator
ship-order o3 n0 n1
3
1 0
8 1
10 1
6
0 0 0 1
0 3 1 0
0 11 1 0
0 12 1 0
0 13 1 0
0 14 0 1
0
end_operator
begin_operator
ship-order o3 n1 n2
3
1 1
8 1
14 0
2
0 0 1 2
0 3 1 0
0
end_operator
begin_operator
ship-order o3 n1 n2
3
1 2
8 1
14 0
2
0 0 1 2
0 3 1 0
0
end_operator
begin_operator
ship-order o3 n1 n2
2
1 0
8 1
3
0 0 1 2
0 3 1 0
0 14 1 0
0
end_operator
begin_operator
ship-order o3 n2 n3
1
8 1
2
0 0 2 3
0 3 1 0
0
end_operator
begin_operator
ship-order o3 n3 n4
1
8 1
2
0 0 3 4
0 3 1 0
0
end_operator
begin_operator
ship-order o3 n4 n5
1
8 1
2
0 0 4 5
0 3 1 0
0
end_operator
begin_operator
ship-order o4 n0 n1
8
1 1
8 1
9 1
10 0
11 0
12 0
13 0
14 0
2
0 0 0 1
0 4 1 0
0
end_operator
begin_operator
ship-order o4 n0 n1
8
1 2
8 1
9 1
10 0
11 0
12 0
13 0
14 0
2
0 0 0 1
0 4 1 0
0
end_operator
begin_operator
ship-order o4 n0 n1
7
1 1
8 1
9 1
10 1
11 0
13 0
14 0
3
0 0 0 1
0 4 1 0
0 12 1 0
0
end_operator
begin_operator
ship-order o4 n0 n1
7
1 2
8 1
9 1
10 1
11 0
13 0
14 0
3
0 0 0 1
0 4 1 0
0 12 1 0
0
end_operator
begin_operator
ship-order o4 n0 n1
6
1 0
8 1
9 1
10 0
12 0
13 0
4
0 0 0 1
0 4 1 0
0 11 1 0
0 14 0 1
0
end_operator
begin_operator
ship-order o4 n0 n1
4
1 0
8 1
9 1
10 1
6
0 0 0 1
0 4 1 0
0 11 1 0
0 12 1 0
0 13 1 0
0 14 0 1
0
end_operator
begin_operator
ship-order o4 n1 n2
4
1 1
8 1
9 1
14 0
2
0 0 1 2
0 4 1 0
0
end_operator
begin_operator
ship-order o4 n1 n2
4
1 2
8 1
9 1
14 0
2
0 0 1 2
0 4 1 0
0
end_operator
begin_operator
ship-order o4 n1 n2
3
1 0
8 1
9 1
3
0 0 1 2
0 4 1 0
0 14 1 0
0
end_operator
begin_operator
ship-order o4 n2 n3
2
8 1
9 1
2
0 0 2 3
0 4 1 0
0
end_operator
begin_operator
ship-order o4 n3 n4
2
8 1
9 1
2
0 0 3 4
0 4 1 0
0
end_operator
begin_operator
ship-order o4 n4 n5
2
8 1
9 1
2
0 0 4 5
0 4 1 0
0
end_operator
begin_operator
ship-order o5 n0 n1
5
1 1
10 1
11 0
13 0
14 0
3
0 0 0 1
0 5 1 0
0 12 1 0
0
end_operator
begin_operator
ship-order o5 n0 n1
5
1 2
10 1
11 0
13 0
14 0
3
0 0 0 1
0 5 1 0
0 12 1 0
0
end_operator
begin_operator
ship-order o5 n0 n1
2
1 0
10 1
6
0 0 0 1
0 5 1 0
0 11 1 0
0 12 1 0
0 13 1 0
0 14 0 1
0
end_operator
begin_operator
ship-order o5 n1 n2
3
1 1
10 1
14 0
2
0 0 1 2
0 5 1 0
0
end_operator
begin_operator
ship-order o5 n1 n2
3
1 2
10 1
14 0
2
0 0 1 2
0 5 1 0
0
end_operator
begin_operator
ship-order o5 n1 n2
2
1 0
10 1
3
0 0 1 2
0 5 1 0
0 14 1 0
0
end_operator
begin_operator
ship-order o5 n2 n3
1
10 1
2
0 0 2 3
0 5 1 0
0
end_operator
begin_operator
ship-order o5 n3 n4
1
10 1
2
0 0 3 4
0 5 1 0
0
end_operator
begin_operator
ship-order o5 n4 n5
1
10 1
2
0 0 4 5
0 5 1 0
0
end_operator
begin_operator
start-order o1 n1 n0
2
10 0
12 0
2
0 0 1 0
0 1 2 1
0
end_operator
begin_operator
start-order o1 n1 n0
1
10 1
3
0 0 1 0
0 1 2 1
0 12 0 1
0
end_operator
begin_operator
start-order o1 n2 n1
0
2
0 0 2 1
0 1 2 1
0
end_operator
begin_operator
start-order o1 n3 n2
0
2
0 0 3 2
0 1 2 1
0
end_operator
begin_operator
start-order o1 n4 n3
0
2
0 0 4 3
0 1 2 1
0
end_operator
begin_operator
start-order o1 n5 n4
0
2
0 0 5 4
0 1 2 1
0
end_operator
begin_operator
start-order o2 n1 n0
6
1 1
10 0
11 0
12 0
13 0
14 0
2
0 0 1 0
0 2 2 1
0
end_operator
begin_operator
start-order o2 n1 n0
5
1 1
10 1
11 0
13 0
14 0
3
0 0 1 0
0 2 2 1
0 12 0 1
0
end_operator
begin_operator
start-order o2 n1 n0
6
1 2
10 0
11 0
12 0
13 0
14 0
2
0 0 1 0
0 2 2 1
0
end_operator
begin_operator
start-order o2 n1 n0
5
1 2
10 1
11 0
13 0
14 0
3
0 0 1 0
0 2 2 1
0 12 0 1
0
end_operator
begin_operator
start-order o2 n2 n1
2
1 1
14 0
2
0 0 2 1
0 2 2 1
0
end_operator
begin_operator
start-order o2 n2 n1
2
1 2
14 0
2
0 0 2 1
0 2 2 1
0
end_operator
begin_operator
start-order o2 n3 n2
0
2
0 0 3 2
0 2 2 1
0
end_operator
begin_operator
start-order o2 n4 n3
0
2
0 0 4 3
0 2 2 1
0
end_operator
begin_operator
start-order o2 n5 n4
0
2
0 0 5 4
0 2 2 1
0
end_operator
begin_operator
start-order o3 n1 n0
6
1 1
10 0
11 0
12 0
13 0
14 0
2
0 0 1 0
0 3 2 1
0
end_operator
begin_operator
start-order o3 n1 n0
5
1 1
10 1
11 0
13 0
14 0
3
0 0 1 0
0 3 2 1
0 12 0 1
0
end_operator
begin_operator
start-order o3 n1 n0
6
1 2
10 0
11 0
12 0
13 0
14 0
2
0 0 1 0
0 3 2 1
0
end_operator
begin_operator
start-order o3 n1 n0
5
1 2
10 1
11 0
13 0
14 0
3
0 0 1 0
0 3 2 1
0 12 0 1
0
end_operator
begin_operator
start-order o3 n1 n0
4
1 0
10 0
12 0
13 0
4
0 0 1 0
0 3 2 1
0 11 0 1
0 14 1 0
0
end_operator
begin_operator
start-order o3 n1 n0
2
1 0
10 1
6
0 0 1 0
0 3 2 1
0 11 0 1
0 12 0 1
0 13 0 1
0 14 1 0
0
end_operator
begin_operator
start-order o3 n2 n1
1
1 0
3
0 0 2 1
0 3 2 1
0 14 0 1
0
end_operator
begin_operator
start-order o3 n2 n1
2
1 1
14 0
2
0 0 2 1
0 3 2 1
0
end_operator
begin_operator
start-order o3 n2 n1
2
1 2
14 0
2
0 0 2 1
0 3 2 1
0
end_operator
begin_operator
start-order o3 n3 n2
0
2
0 0 3 2
0 3 2 1
0
end_operator
begin_operator
start-order o3 n4 n3
0
2
0 0 4 3
0 3 2 1
0
end_operator
begin_operator
start-order o3 n5 n4
0
2
0 0 5 4
0 3 2 1
0
end_operator
begin_operator
start-order o4 n1 n0
6
1 1
10 0
11 0
12 0
13 0
14 0
2
0 0 1 0
0 4 2 1
0
end_operator
begin_operator
start-order o4 n1 n0
5
1 1
10 1
11 0
13 0
14 0
3
0 0 1 0
0 4 2 1
0 12 0 1
0
end_operator
begin_operator
start-order o4 n1 n0
6
1 2
10 0
11 0
12 0
13 0
14 0
2
0 0 1 0
0 4 2 1
0
end_operator
begin_operator
start-order o4 n1 n0
5
1 2
10 1
11 0
13 0
14 0
3
0 0 1 0
0 4 2 1
0 12 0 1
0
end_operator
begin_operator
start-order o4 n1 n0
4
1 0
10 0
12 0
13 0
4
0 0 1 0
0 4 2 1
0 11 0 1
0 14 1 0
0
end_operator
begin_operator
start-order o4 n1 n0
2
1 0
10 1
6
0 0 1 0
0 4 2 1
0 11 0 1
0 12 0 1
0 13 0 1
0 14 1 0
0
end_operator
begin_operator
start-order o4 n2 n1
1
1 0
3
0 0 2 1
0 4 2 1
0 14 0 1
0
end_operator
begin_operator
start-order o4 n2 n1
2
1 1
14 0
2
0 0 2 1
0 4 2 1
0
end_operator
begin_operator
start-order o4 n2 n1
2
1 2
14 0
2
0 0 2 1
0 4 2 1
0
end_operator
begin_operator
start-order o4 n3 n2
0
2
0 0 3 2
0 4 2 1
0
end_operator
begin_operator
start-order o4 n4 n3
0
2
0 0 4 3
0 4 2 1
0
end_operator
begin_operator
start-order o4 n5 n4
0
2
0 0 5 4
0 4 2 1
0
end_operator
begin_operator
start-order o5 n1 n0
6
1 1
10 0
11 0
12 0
13 0
14 0
2
0 0 1 0
0 5 2 1
0
end_operator
begin_operator
start-order o5 n1 n0
6
1 2
10 0
11 0
12 0
13 0
14 0
2
0 0 1 0
0 5 2 1
0
end_operator
begin_operator
start-order o5 n1 n0
4
1 0
10 0
12 0
13 0
4
0 0 1 0
0 5 2 1
0 11 0 1
0 14 1 0
0
end_operator
begin_operator
start-order o5 n2 n1
1
1 0
3
0 0 2 1
0 5 2 1
0 14 0 1
0
end_operator
begin_operator
start-order o5 n2 n1
2
1 1
14 0
2
0 0 2 1
0 5 2 1
0
end_operator
begin_operator
start-order o5 n2 n1
2
1 2
14 0
2
0 0 2 1
0 5 2 1
0
end_operator
begin_operator
start-order o5 n3 n2
0
2
0 0 3 2
0 5 2 1
0
end_operator
begin_operator
start-order o5 n4 n3
0
2
0 0 4 3
0 5 2 1
0
end_operator
begin_operator
start-order o5 n5 n4
0
2
0 0 5 4
0 5 2 1
0
end_operator
0
