Require:
  - :negative-preconditions
Predicate:
  + (NOT-made product) neg-of (made)
  - (made product)
  + (made product) neg-of (NOT-made)
Action:
  - make-product: ?p - product
      pre: (and (= ?p p1) (not (made p1)) (started o2))
      eff: (and (made p1))
  - make-product: ?p - product
      pre: (and (= ?p p2) (not (made p2)) (started o1) (started o2))
      eff: (and (made p2))
  - make-product: ?p - product
      pre: (and (= ?p p3) (not (made p3)) (started o3) (started o4))
      eff: (and (made p3))
  - make-product: ?p - product
      pre: (and (= ?p p4) (not (made p4)) (started o4))
      eff: (and (made p4))
  - make-product: ?p - product
      pre: (and (= ?p p5) (not (made p5)) (started o5))
      eff: (and (made p5))
  + make-product: ?p - product
      pre: (and (= ?p p1) (NOT-made p1) (started o2))
      eff: (and (made p1) (not (NOT-made p1)))
  + make-product: ?p - product
      pre: (and (= ?p p2) (NOT-made p2) (started o1) (started o2))
      eff: (and (made p2) (not (NOT-made p2)))
  + make-product: ?p - product
      pre: (and (= ?p p3) (NOT-made p3) (started o3) (started o4))
      eff: (and (made p3) (not (NOT-made p3)))
  + make-product: ?p - product
      pre: (and (= ?p p4) (NOT-made p4) (started o4))
      eff: (and (made p4) (not (NOT-made p4)))
  + make-product: ?p - product
      pre: (and (= ?p p5) (NOT-made p5) (started o5))
      eff: (and (made p5) (not (NOT-made p5)))
Init:
  + (NOT-made p1)
  + (NOT-made p2)
  + (NOT-made p3)
  + (NOT-made p4)
  + (NOT-made p5)
Pred prop:
  + (NOT-made product): in_init in_pre in_eff
  - (made product): in_pre in_pre_neg in_eff
  + (made product): in_pre in_eff
Global prop:
  - has_non_static_neg_cond
