Domain: caldera
Problem: p2_hosts_trial_5
Require:
  :conditional-effects
  :equality
  :negative-preconditions
  :strips
  :typing
Type:
  boolean - value
  num - value
  object
  object_type - value
  observeddomain - object_type
  observeddomaincredential - object_type
  observeddomainuser - object_type
  observedfile - object_type
  observedhost - object_type
  observedrat - object_type
  observedschtask - object_type
  observedshare - object_type
  observedtimedelta - object_type
  property - object
  string - value
  value - object
Obj:
  c__dollar__ - string :constant
  id_adomain - observeddomain
  id_barat - observedrat
  id_bbrat - observedrat
  id_bcschtask - observedschtask
  id_bdschtask - observedschtask
  id_befile - observedfile
  id_bffile - observedfile
  id_bgshare - observedshare
  id_bhshare - observedshare
  id_cdomainuser - observeddomainuser
  id_ddomaincredential - observeddomaincredential
  id_gdomainuser - observeddomainuser
  id_hdomaincredential - observeddomaincredential
  id_khost - observedhost
  id_ltimedelta - observedtimedelta
  id_rhost - observedhost
  id_stimedelta - observedtimedelta
  id_yrat - observedrat
  no - boolean :constant
  num__12 - num
  num__13 - num
  num__19 - num
  num__20 - num
  parguments - property :constant
  pcached_domain_creds - property :constant
  pcached_local_creds - property :constant
  pcred - property :constant
  pdc - property :constant
  pdest - property :constant
  pdest_host - property :constant
  pdns_domain - property :constant
  pdns_domain_name - property :constant
  pdomain - property :constant
  pdomain_user_admins - property :constant
  pelevated - property :constant
  pexe_path - property :constant
  pexecutable - property :constant
  pfqdn - property :constant
  phost - property :constant
  phostname - property :constant
  phosts - property :constant
  pis_group - property :constant
  plocal_user_admins - property :constant
  pmicroseconds - property :constant
  pname - property :constant
  ppassword - property :constant
  ppath - property :constant
  premote_host - property :constant
  pseconds - property :constant
  pshare_name - property :constant
  pshare_path - property :constant
  psid - property :constant
  psrc - property :constant
  psrc_host - property :constant
  psrc_path - property :constant
  pstart_time - property :constant
  pstatus - property :constant
  ptimedelta - property :constant
  puser - property :constant
  pusername - property :constant
  pwindows_domain - property :constant
  somepath - string :constant
  str__alpha - string
  str__b - string
  str__e - string
  str__f - string
  str__i - string
  str__j - string
  str__james - string
  str__mary - string
  str__o - string
  str__p - string
  str__q - string
  str__v - string
  str__w - string
  str__x - string
  str__z - string
  whatever - string :constant
  yes - boolean :constant
Predicate:
  (= object object) :eq
  (NOT-created object_type)
  (knows object_type)
  (knows_property object_type property)
  (mem_cached_domain_creds observedhost observeddomaincredential)
  (mem_domain_user_admins observedhost observeddomainuser)
  (prop_cred observeddomainuser observeddomaincredential)
  (prop_dest_host observedshare observedhost)
  (prop_domain object_type object_type)
  (prop_elevated observedrat boolean)
  (prop_executable observedrat string)
  (prop_fqdn observedhost string)
  (prop_host object_type object_type)
  (prop_password observeddomaincredential string)
  (prop_path observedfile string)
  (prop_share_path observedshare string)
  (prop_src_host observedshare observedhost)
  (prop_user observeddomaincredential observeddomainuser)
  (prop_username observeddomainuser string)
  (prop_windows_domain observeddomain string)
Function:
Action:
  creds: ?v00 - observedrat ?v01 - observedhost ?v08 - observeddomain
      pre: (and (knows ?v00) (knows ?v01) (knows ?v08) (knows_property ?v00 phost) (prop_host ?v00 ?v01))
      eff: (and (when (and (mem_cached_domain_creds ?v01 id_ddomaincredential) (prop_cred id_cdomainuser id_ddomaincredential) (prop_elevated ?v00 yes)) (and (knows ?v08) (knows id_cdomainuser) (knows id_ddomaincredential) (knows_property ?v08 pwindows_domain) (knows_property id_cdomainuser pcred) (knows_property id_cdomainuser pdomain) (knows_property id_cdomainuser pis_group) (knows_property id_cdomainuser pusername) (knows_property id_ddomaincredential ppassword) (knows_property id_ddomaincredential puser) (prop_cred id_cdomainuser id_ddomaincredential))) (when (and (mem_cached_domain_creds ?v01 id_ddomaincredential) (prop_cred id_gdomainuser id_ddomaincredential) (prop_elevated ?v00 yes)) (and (knows ?v08) (knows id_ddomaincredential) (knows id_gdomainuser) (knows_property ?v08 pwindows_domain) (knows_property id_ddomaincredential ppassword) (knows_property id_ddomaincredential puser) (knows_property id_gdomainuser pcred) (knows_property id_gdomainuser pdomain) (knows_property id_gdomainuser pis_group) (knows_property id_gdomainuser pusername) (prop_cred id_gdomainuser id_ddomaincredential))) (when (and (mem_cached_domain_creds ?v01 id_hdomaincredential) (prop_cred id_cdomainuser id_hdomaincredential) (prop_elevated ?v00 yes)) (and (knows ?v08) (knows id_cdomainuser) (knows id_hdomaincredential) (knows_property ?v08 pwindows_domain) (knows_property id_cdomainuser pcred) (knows_property id_cdomainuser pdomain) (knows_property id_cdomainuser pis_group) (knows_property id_cdomainuser pusername) (knows_property id_hdomaincredential ppassword) (knows_property id_hdomaincredential puser) (prop_cred id_cdomainuser id_hdomaincredential))) (when (and (mem_cached_domain_creds ?v01 id_hdomaincredential) (prop_cred id_gdomainuser id_hdomaincredential) (prop_elevated ?v00 yes)) (and (knows ?v08) (knows id_gdomainuser) (knows id_hdomaincredential) (knows_property ?v08 pwindows_domain) (knows_property id_gdomainuser pcred) (knows_property id_gdomainuser pdomain) (knows_property id_gdomainuser pis_group) (knows_property id_gdomainuser pusername) (knows_property id_hdomaincredential ppassword) (knows_property id_hdomaincredential puser) (prop_cred id_gdomainuser id_hdomaincredential))))
  get_admin: ?v00 - observedrat ?v01 - observedhost ?v02 - observeddomain
      pre: (and (knows ?v00) (knows ?v01) (knows ?v02))
      eff: (and (knows_property ?v01 pdomain_user_admins) (when (mem_domain_user_admins ?v01 id_cdomainuser) (and (knows id_cdomainuser) (knows_property id_cdomainuser pdomain) (knows_property id_cdomainuser pis_group) (knows_property id_cdomainuser psid) (knows_property id_cdomainuser pusername))) (when (mem_domain_user_admins ?v01 id_gdomainuser) (and (knows id_gdomainuser) (knows_property id_gdomainuser pdomain) (knows_property id_gdomainuser pis_group) (knows_property id_gdomainuser psid) (knows_property id_gdomainuser pusername))))
  get_computers: ?v00 - observedrat ?v02 - observeddomain
      pre: (and (knows ?v00) (knows ?v02))
      eff: (and (knows_property ?v02 phosts) (when (prop_domain id_khost ?v02) (and (knows id_khost) (knows_property id_khost pdomain) (knows_property id_khost pfqdn))) (when (prop_domain id_rhost ?v02) (and (knows id_rhost) (knows_property id_rhost pdomain) (knows_property id_rhost pfqdn))))
  get_domain: ?v00 - observedrat ?v01 - observedhost ?v02 - string
      pre: (and (knows ?v00) (knows ?v01) (knows_property ?v00 phost) (knows_property ?v01 pfqdn) (prop_fqdn ?v01 ?v02) (prop_host ?v00 ?v01))
      eff: (and (when (prop_domain ?v01 id_adomain) (and (knows id_adomain) (knows_property ?v01 pdomain) (knows_property id_adomain pdns_domain) (knows_property id_adomain phosts) (knows_property id_adomain pwindows_domain))))
  net_time: ?v00 - observedrat ?v01 - observedhost ?v02 - observedtimedelta
      pre: (and (knows ?v00) (knows ?v01))
      eff: (and (knows ?v02) (knows_property ?v01 ptimedelta) (knows_property ?v02 phost) (knows_property ?v02 pmicroseconds) (knows_property ?v02 pseconds) (prop_host ?v02 ?v01))
  net_use: ?v00 - observedrat ?v01 - observedhost ?v02 - observedhost ?v03 - string ?v04 - observeddomaincredential ?v05 - string ?v06 - observeddomainuser ?v07 - string ?v08 - observeddomain ?v09 - string ?v10 - observedshare
      pre: (and (NOT-created ?v10) (knows ?v00) (knows ?v01) (knows ?v02) (knows ?v04) (knows ?v06) (knows ?v08) (knows_property ?v00 phost) (knows_property ?v02 pfqdn) (knows_property ?v04 ppassword) (knows_property ?v04 puser) (knows_property ?v06 pdomain) (knows_property ?v06 pusername) (knows_property ?v08 pwindows_domain) (not (= ?v01 ?v02)) (prop_domain ?v06 ?v08) (prop_fqdn ?v02 ?v03) (prop_host ?v00 ?v01) (prop_password ?v04 ?v05) (prop_user ?v04 ?v06) (prop_username ?v06 ?v07) (prop_windows_domain ?v08 ?v09))
      eff: (and (when (mem_domain_user_admins ?v02 ?v06) (and (knows ?v10) (knows_property ?v10 pdest_host) (knows_property ?v10 pshare_name) (knows_property ?v10 pshare_path) (knows_property ?v10 psrc_host) (not (NOT-created ?v10)) (prop_dest_host ?v10 ?v02) (prop_share_path ?v10 whatever) (prop_src_host ?v10 ?v01))))
  smb_copy: ?v00 - observedrat ?v01 - observedhost ?v02 - string ?v03 - observedshare ?v04 - observedhost ?v05 - observedhost ?v06 - string ?v07 - observedfile
      pre: (and (= ?v01 ?v04) (NOT-created ?v07) (knows ?v00) (knows ?v01) (knows ?v03) (knows ?v04) (knows ?v05) (knows_property ?v00 pexecutable) (knows_property ?v00 phost) (knows_property ?v03 pdest_host) (knows_property ?v03 pshare_path) (knows_property ?v03 psrc_host) (not (= ?v01 ?v05)) (prop_dest_host ?v03 ?v05) (prop_executable ?v00 ?v02) (prop_host ?v00 ?v01) (prop_share_path ?v03 ?v06) (prop_src_host ?v03 ?v04))
      eff: (and (when (prop_elevated ?v00 yes) (and (knows ?v07) (knows_property ?v07 phost) (knows_property ?v07 ppath) (not (NOT-created ?v07)) (prop_host ?v07 ?v05) (prop_path ?v07 somepath))))
  wmic: ?v00 - observedrat ?v01 - observedhost ?v02 - observedhost ?v03 - observedfile ?v04 - string ?v06 - observeddomaincredential ?v07 - observeddomainuser ?v08 - observeddomain ?v09 - string ?v10 - string ?v11 - observedrat
      pre: (and (NOT-created ?v11) (knows ?v00) (knows ?v01) (knows ?v02) (knows ?v03) (knows ?v06) (knows ?v07) (knows ?v08) (knows_property ?v00 phost) (knows_property ?v02 pdomain_user_admins) (knows_property ?v03 phost) (knows_property ?v03 ppath) (knows_property ?v06 ppassword) (knows_property ?v06 puser) (knows_property ?v07 pdomain) (knows_property ?v08 pwindows_domain) (not (= ?v01 ?v02)) (prop_domain ?v07 ?v08) (prop_host ?v00 ?v01) (prop_host ?v03 ?v02) (prop_password ?v06 ?v10) (prop_path ?v03 ?v04) (prop_user ?v06 ?v07) (prop_windows_domain ?v08 ?v09))
      eff: (and (when (mem_domain_user_admins ?v02 ?v07) (and (knows ?v11) (knows_property ?v11 pelevated) (knows_property ?v11 pexecutable) (knows_property ?v11 phost) (not (NOT-created ?v11)) (prop_elevated ?v11 yes) (prop_executable ?v11 ?v04) (prop_host ?v11 ?v02))))
Init:
  (NOT-created id_barat)
  (NOT-created id_bbrat)
  (NOT-created id_befile)
  (NOT-created id_bffile)
  (NOT-created id_bgshare)
  (NOT-created id_bhshare)
  (NOT-created id_yrat)
  (knows id_khost)
  (knows id_yrat)
  (knows_property id_khost pfqdn)
  (knows_property id_yrat pexecutable)
  (knows_property id_yrat phost)
  (mem_cached_domain_creds id_khost id_ddomaincredential)
  (mem_cached_domain_creds id_khost id_hdomaincredential)
  (mem_cached_domain_creds id_rhost id_ddomaincredential)
  (mem_cached_domain_creds id_rhost id_hdomaincredential)
  (mem_domain_user_admins id_khost id_cdomainuser)
  (mem_domain_user_admins id_khost id_gdomainuser)
  (mem_domain_user_admins id_rhost id_cdomainuser)
  (mem_domain_user_admins id_rhost id_gdomainuser)
  (prop_cred id_cdomainuser id_ddomaincredential)
  (prop_cred id_gdomainuser id_hdomaincredential)
  (prop_domain id_cdomainuser id_adomain)
  (prop_domain id_ddomaincredential id_adomain)
  (prop_domain id_gdomainuser id_adomain)
  (prop_domain id_hdomaincredential id_adomain)
  (prop_domain id_khost id_adomain)
  (prop_domain id_rhost id_adomain)
  (prop_elevated id_yrat yes)
  (prop_executable id_yrat str__z)
  (prop_fqdn id_khost str__o)
  (prop_fqdn id_rhost str__v)
  (prop_host id_ltimedelta id_khost)
  (prop_host id_stimedelta id_rhost)
  (prop_host id_yrat id_khost)
  (prop_password id_ddomaincredential str__e)
  (prop_password id_hdomaincredential str__i)
  (prop_user id_ddomaincredential id_cdomainuser)
  (prop_user id_hdomaincredential id_gdomainuser)
  (prop_username id_cdomainuser str__james)
  (prop_username id_gdomainuser str__mary)
  (prop_windows_domain id_adomain str__alpha)
Goal:
  (prop_host id_bbrat id_rhost)
Metric:
Pred prop:
  (= object object): in_pre in_pre_neg
  (NOT-created object_type): in_init in_pre in_eff
  (knows object_type): in_init in_pre in_eff
  (knows_property object_type property): in_init in_pre in_eff
  (mem_cached_domain_creds observedhost observeddomaincredential): in_init in_pre
  (mem_domain_user_admins observedhost observeddomainuser): in_init in_pre
  (prop_cred observeddomainuser observeddomaincredential): in_init in_pre in_eff
  (prop_dest_host observedshare observedhost): in_pre in_eff
  (prop_domain object_type object_type): in_init in_pre
  (prop_elevated observedrat boolean): in_init in_pre in_eff
  (prop_executable observedrat string): in_init in_pre in_eff
  (prop_fqdn observedhost string): in_init in_pre
  (prop_host object_type object_type): in_init in_pre in_goal in_eff
  (prop_password observeddomaincredential string): in_init in_pre
  (prop_path observedfile string): in_pre in_eff
  (prop_share_path observedshare string): in_pre in_eff
  (prop_src_host observedshare observedhost): in_pre in_eff
  (prop_user observeddomaincredential observeddomainuser): in_init in_pre
  (prop_username observeddomainuser string): in_init in_pre
  (prop_windows_domain observeddomain string): in_init in_pre
Func prop:
Global prop:
  has_cond_eff
  has_eq_pred
  is_unit_cost
