irr: facts: 71, ops: 149, goal-unreachable: 0
removed facts [27]:
  (knows id_ltimedelta)
  (knows id_stimedelta)
  (knows_property id_adomain pdns_domain)
  (knows_property id_adomain phosts)
  (knows_property id_barat pelevated)
  (knows_property id_bbrat pelevated)
  (knows_property id_bgshare pshare_name)
  (knows_property id_bhshare pshare_name)
  (knows_property id_cdomainuser pcred)
  (knows_property id_cdomainuser pis_group)
  (knows_property id_cdomainuser psid)
  (knows_property id_gdomainuser pcred)
  (knows_property id_gdomainuser pis_group)
  (knows_property id_gdomainuser psid)
  (knows_property id_khost pdomain)
  (knows_property id_khost ptimedelta)
  (knows_property id_ltimedelta phost)
  (knows_property id_ltimedelta pmicroseconds)
  (knows_property id_ltimedelta pseconds)
  (knows_property id_rhost pdomain)
  (knows_property id_rhost ptimedelta)
  (knows_property id_stimedelta phost)
  (knows_property id_stimedelta pmicroseconds)
  (knows_property id_stimedelta pseconds)
  (knows_property id_yrat pelevated)
  (prop_host id_ltimedelta id_rhost)
  (prop_host id_stimedelta id_khost)
removed ops [12]:
  (net_time id_barat id_khost id_ltimedelta)
  (net_time id_barat id_khost id_stimedelta)
  (net_time id_barat id_rhost id_ltimedelta)
  (net_time id_barat id_rhost id_stimedelta)
  (net_time id_bbrat id_khost id_ltimedelta)
  (net_time id_bbrat id_khost id_stimedelta)
  (net_time id_bbrat id_rhost id_ltimedelta)
  (net_time id_bbrat id_rhost id_stimedelta)
  (net_time id_yrat id_khost id_ltimedelta)
  (net_time id_yrat id_khost id_stimedelta)
  (net_time id_yrat id_rhost id_ltimedelta)
  (net_time id_yrat id_rhost id_stimedelta)
