op-mutex: facts: 98, ops: 105, goal-unreachable: 0
removed ops [56]:
  (net_use id_bbrat id_khost id_rhost str__v id_ddomaincredential str__e id_cdomainuser str__james id_adomain str__alpha id_bgshare)
  (net_use id_bbrat id_khost id_rhost str__v id_ddomaincredential str__e id_cdomainuser str__james id_adomain str__alpha id_bhshare)
  (net_use id_bbrat id_khost id_rhost str__v id_hdomaincredential str__i id_gdomainuser str__mary id_adomain str__alpha id_bgshare)
  (smb_copy id_barat id_khost somepath id_bgshare id_khost id_rhost whatever id_befile)
  (smb_copy id_barat id_rhost somepath id_bgshare id_rhost id_khost whatever id_befile)
  (smb_copy id_bbrat id_khost somepath id_bgshare id_khost id_rhost whatever id_befile)
  (smb_copy id_bbrat id_khost somepath id_bgshare id_khost id_rhost whatever id_bffile)
  (smb_copy id_bbrat id_khost somepath id_bhshare id_khost id_rhost whatever id_befile)
  (smb_copy id_bbrat id_rhost somepath id_bgshare id_rhost id_khost whatever id_befile)
  (smb_copy id_yrat id_khost somepath id_bgshare id_khost id_rhost whatever id_befile)
  (smb_copy id_yrat id_khost str__z id_bgshare id_khost id_rhost whatever id_befile)
  (smb_copy id_yrat id_rhost somepath id_bgshare id_rhost id_khost whatever id_befile)
  (smb_copy id_yrat id_rhost str__z id_bgshare id_rhost id_khost whatever id_befile)
  (wmic id_barat id_khost id_rhost id_befile somepath id_ddomaincredential id_cdomainuser id_adomain str__alpha str__e id_barat)
  (wmic id_barat id_khost id_rhost id_befile somepath id_ddomaincredential id_cdomainuser id_adomain str__alpha str__e id_yrat)
  (wmic id_barat id_khost id_rhost id_befile somepath id_hdomaincredential id_gdomainuser id_adomain str__alpha str__i id_barat)
  (wmic id_barat id_khost id_rhost id_bffile somepath id_ddomaincredential id_cdomainuser id_adomain str__alpha str__e id_barat)
  (wmic id_barat id_khost id_rhost id_bffile somepath id_ddomaincredential id_cdomainuser id_adomain str__alpha str__e id_bbrat)
  (wmic id_barat id_khost id_rhost id_bffile somepath id_ddomaincredential id_cdomainuser id_adomain str__alpha str__e id_yrat)
  (wmic id_barat id_khost id_rhost id_bffile somepath id_hdomaincredential id_gdomainuser id_adomain str__alpha str__i id_bbrat)
  (wmic id_barat id_rhost id_khost id_befile somepath id_ddomaincredential id_cdomainuser id_adomain str__alpha str__e id_barat)
  (wmic id_barat id_rhost id_khost id_befile somepath id_ddomaincredential id_cdomainuser id_adomain str__alpha str__e id_bbrat)
  (wmic id_barat id_rhost id_khost id_befile somepath id_ddomaincredential id_cdomainuser id_adomain str__alpha str__e id_yrat)
  (wmic id_barat id_rhost id_khost id_befile somepath id_hdomaincredential id_gdomainuser id_adomain str__alpha str__i id_barat)
  (wmic id_barat id_rhost id_khost id_befile somepath id_hdomaincredential id_gdomainuser id_adomain str__alpha str__i id_bbrat)
  (wmic id_barat id_rhost id_khost id_bffile somepath id_ddomaincredential id_cdomainuser id_adomain str__alpha str__e id_barat)
  (wmic id_barat id_rhost id_khost id_bffile somepath id_ddomaincredential id_cdomainuser id_adomain str__alpha str__e id_bbrat)
  (wmic id_barat id_rhost id_khost id_bffile somepath id_ddomaincredential id_cdomainuser id_adomain str__alpha str__e id_yrat)
  (wmic id_bbrat id_khost id_rhost id_befile somepath id_ddomaincredential id_cdomainuser id_adomain str__alpha str__e id_barat)
  (wmic id_bbrat id_khost id_rhost id_befile somepath id_ddomaincredential id_cdomainuser id_adomain str__alpha str__e id_bbrat)
  (wmic id_bbrat id_khost id_rhost id_befile somepath id_ddomaincredential id_cdomainuser id_adomain str__alpha str__e id_yrat)
  (wmic id_bbrat id_khost id_rhost id_befile somepath id_hdomaincredential id_gdomainuser id_adomain str__alpha str__i id_barat)
  (wmic id_bbrat id_khost id_rhost id_befile somepath id_hdomaincredential id_gdomainuser id_adomain str__alpha str__i id_bbrat)
  (wmic id_bbrat id_khost id_rhost id_befile somepath id_hdomaincredential id_gdomainuser id_adomain str__alpha str__i id_yrat)
  (wmic id_bbrat id_khost id_rhost id_bffile somepath id_ddomaincredential id_cdomainuser id_adomain str__alpha str__e id_barat)
  (wmic id_bbrat id_khost id_rhost id_bffile somepath id_ddomaincredential id_cdomainuser id_adomain str__alpha str__e id_bbrat)
  (wmic id_bbrat id_khost id_rhost id_bffile somepath id_ddomaincredential id_cdomainuser id_adomain str__alpha str__e id_yrat)
  (wmic id_bbrat id_rhost id_khost id_befile somepath id_ddomaincredential id_cdomainuser id_adomain str__alpha str__e id_barat)
  (wmic id_bbrat id_rhost id_khost id_befile somepath id_ddomaincredential id_cdomainuser id_adomain str__alpha str__e id_bbrat)
  (wmic id_bbrat id_rhost id_khost id_befile somepath id_ddomaincredential id_cdomainuser id_adomain str__alpha str__e id_yrat)
  (wmic id_bbrat id_rhost id_khost id_befile somepath id_hdomaincredential id_gdomainuser id_adomain str__alpha str__i id_barat)
  (wmic id_bbrat id_rhost id_khost id_befile somepath id_hdomaincredential id_gdomainuser id_adomain str__alpha str__i id_bbrat)
  (wmic id_bbrat id_rhost id_khost id_bffile somepath id_ddomaincredential id_cdomainuser id_adomain str__alpha str__e id_bbrat)
  (wmic id_bbrat id_rhost id_khost id_bffile somepath id_ddomaincredential id_cdomainuser id_adomain str__alpha str__e id_yrat)
  (wmic id_yrat id_khost id_rhost id_befile somepath id_ddomaincredential id_cdomainuser id_adomain str__alpha str__e id_yrat)
  (wmic id_yrat id_khost id_rhost id_bffile somepath id_ddomaincredential id_cdomainuser id_adomain str__alpha str__e id_bbrat)
  (wmic id_yrat id_khost id_rhost id_bffile somepath id_ddomaincredential id_cdomainuser id_adomain str__alpha str__e id_yrat)
  (wmic id_yrat id_khost id_rhost id_bffile somepath id_hdomaincredential id_gdomainuser id_adomain str__alpha str__i id_bbrat)
  (wmic id_yrat id_rhost id_khost id_befile somepath id_ddomaincredential id_cdomainuser id_adomain str__alpha str__e id_barat)
  (wmic id_yrat id_rhost id_khost id_befile somepath id_ddomaincredential id_cdomainuser id_adomain str__alpha str__e id_bbrat)
  (wmic id_yrat id_rhost id_khost id_befile somepath id_ddomaincredential id_cdomainuser id_adomain str__alpha str__e id_yrat)
  (wmic id_yrat id_rhost id_khost id_befile somepath id_hdomaincredential id_gdomainuser id_adomain str__alpha str__i id_barat)
  (wmic id_yrat id_rhost id_khost id_befile somepath id_hdomaincredential id_gdomainuser id_adomain str__alpha str__i id_bbrat)
  (wmic id_yrat id_rhost id_khost id_befile somepath id_hdomaincredential id_gdomainuser id_adomain str__alpha str__i id_yrat)
  (wmic id_yrat id_rhost id_khost id_bffile somepath id_ddomaincredential id_cdomainuser id_adomain str__alpha str__e id_bbrat)
  (wmic id_yrat id_rhost id_khost id_bffile somepath id_ddomaincredential id_cdomainuser id_adomain str__alpha str__e id_yrat)
