begin_version
3
end_version
begin_metric
1
end_metric
27
begin_variable
var0
-1
5
treatment p0 colourfragments
treatment p0 glazed
treatment p0 untreated
treatment p0 varnished
unused p0
end_variable
begin_variable
var1
-1
5
treatment p1 colourfragments
treatment p1 glazed
treatment p1 untreated
treatment p1 varnished
unused p1
end_variable
begin_variable
var2
-1
4
treatment p2 colourfragments
treatment p2 glazed
treatment p2 untreated
treatment p2 varnished
end_variable
begin_variable
var3
-1
3
empty highspeed-saw0
in-highspeed-saw b0 highspeed-saw0
in-highspeed-saw b1 highspeed-saw0
end_variable
begin_variable
var4
-1
4
surface-condition p0 rough
surface-condition p0 smooth
surface-condition p0 verysmooth
none-of-those
end_variable
begin_variable
var5
-1
4
surface-condition p1 rough
surface-condition p1 smooth
surface-condition p1 verysmooth
none-of-those
end_variable
begin_variable
var6
-1
2
surface-condition p2 smooth
surface-condition p2 verysmooth
end_variable
begin_variable
var7
-1
2
available b0
none-of-those
end_variable
begin_variable
var8
-1
2
available b1
none-of-those
end_variable
begin_variable
var9
-1
2
available p0
none-of-those
end_variable
begin_variable
var10
-1
2
available p1
none-of-those
end_variable
begin_variable
var11
-1
2
wood p0 beech
none-of-those
end_variable
begin_variable
var12
-1
2
wood p1 cherry
none-of-those
end_variable
begin_variable
var13
-1
2
colour p0 green
none-of-those
end_variable
begin_variable
var14
-1
2
colour p0 mauve
none-of-those
end_variable
begin_variable
var15
-1
2
colour p0 natural
none-of-those
end_variable
begin_variable
var16
-1
2
colour p1 green
none-of-those
end_variable
begin_variable
var17
-1
2
colour p1 mauve
none-of-those
end_variable
begin_variable
var18
-1
2
colour p1 natural
none-of-those
end_variable
begin_variable
var19
-1
2
colour p2 green
none-of-those
end_variable
begin_variable
var20
-1
2
colour p2 mauve
none-of-those
end_variable
begin_variable
var21
-1
2
colour p2 natural
none-of-those
end_variable
begin_variable
var22
-1
2
NOT-treatment p0 colourfragments-treatment p1 colourfragments
treatment p0 colourfragments-treatment p1 colourfragments
end_variable
begin_variable
var23
-1
2
NOT-treatment p0 colourfragments-none-of-those
treatment p0 colourfragments-none-of-those
end_variable
begin_variable
var24
-1
2
NOT-treatment p0 colourfragments-treatment p1 colourfragments-none-of-those
treatment p0 colourfragments-treatment p1 colourfragments-none-of-those
end_variable
begin_variable
var25
-1
2
NOT-treatment p0 glazed-treatment p1 colourfragments
treatment p0 glazed-treatment p1 colourfragments
end_variable
begin_variable
var26
-1
2
NOT-treatment p0 colourfragments-treatment p0 glazed-treatment p1 colourfragments-none-of-those
treatment p0 colourfragments-treatment p0 glazed-treatment p1 colourfragments-none-of-those
end_variable
0
begin_state
4
4
0
0
3
3
1
0
0
1
1
1
1
1
1
1
1
1
1
1
1
0
0
0
0
0
0
end_state
begin_goal
11
0 3
1 1
4 2
5 1
9 0
10 0
11 0
12 0
14 0
16 0
20 0
end_goal
686
begin_operator
cut-board-medium b0 p0 highspeed-saw0 beech rough s3 s2 s1
1
3 1
5
0 0 4 2
0 4 -1 0
0 9 -1 0
0 11 -1 0
0 15 -1 0
10
end_operator
begin_operator
cut-board-medium b0 p1 highspeed-saw0 beech rough s3 s2 s1
1
3 1
4
0 1 4 2
0 5 -1 0
0 10 -1 0
0 18 -1 0
10
end_operator
begin_operator
cut-board-medium b1 p0 highspeed-saw0 cherry rough s3 s2 s1
1
3 2
4
0 0 4 2
0 4 -1 0
0 9 -1 0
0 15 -1 0
10
end_operator
begin_operator
cut-board-medium b1 p1 highspeed-saw0 cherry rough s3 s2 s1
1
3 2
5
0 1 4 2
0 5 -1 0
0 10 -1 0
0 12 -1 0
0 18 -1 0
10
end_operator
begin_operator
do-glaze p0 glazer0 green
4
1 0
9 0
21 0
26 0
4
0 0 2 1
0 13 -1 0
0 15 -1 1
0 25 0 1
15
end_operator
begin_operator
do-glaze p0 glazer0 green
4
1 0
9 0
21 1
26 0
4
0 0 2 1
0 13 -1 0
0 15 -1 1
0 25 0 1
15
end_operator
begin_operator
do-glaze p0 glazer0 green
5
1 1
9 0
21 0
25 0
26 0
3
0 0 2 1
0 13 -1 0
0 15 -1 1
15
end_operator
begin_operator
do-glaze p0 glazer0 green
5
1 1
9 0
21 1
25 0
26 0
3
0 0 2 1
0 13 -1 0
0 15 -1 1
15
end_operator
begin_operator
do-glaze p0 glazer0 green
5
1 2
9 0
21 0
25 0
26 0
3
0 0 2 1
0 13 -1 0
0 15 -1 1
15
end_operator
begin_operator
do-glaze p0 glazer0 green
5
1 2
9 0
21 1
25 0
26 0
3
0 0 2 1
0 13 -1 0
0 15 -1 1
15
end_operator
begin_operator
do-glaze p0 glazer0 green
5
1 3
9 0
21 0
25 0
26 0
3
0 0 2 1
0 13 -1 0
0 15 -1 1
15
end_operator
begin_operator
do-glaze p0 glazer0 green
5
1 3
9 0
21 1
25 0
26 0
3
0 0 2 1
0 13 -1 0
0 15 -1 1
15
end_operator
begin_operator
do-glaze p0 glazer0 green
5
1 4
9 0
21 0
25 0
26 0
3
0 0 2 1
0 13 -1 0
0 15 -1 1
15
end_operator
begin_operator
do-glaze p0 glazer0 green
5
1 4
9 0
21 1
25 0
26 0
3
0 0 2 1
0 13 -1 0
0 15 -1 1
15
end_operator
begin_operator
do-glaze p0 glazer0 mauve
4
1 0
9 0
21 0
26 0
4
0 0 2 1
0 14 -1 0
0 15 -1 1
0 25 0 1
15
end_operator
begin_operator
do-glaze p0 glazer0 mauve
4
1 0
9 0
21 1
26 0
4
0 0 2 1
0 14 -1 0
0 15 -1 1
0 25 0 1
15
end_operator
begin_operator
do-glaze p0 glazer0 mauve
5
1 1
9 0
21 0
25 0
26 0
3
0 0 2 1
0 14 -1 0
0 15 -1 1
15
end_operator
begin_operator
do-glaze p0 glazer0 mauve
5
1 1
9 0
21 1
25 0
26 0
3
0 0 2 1
0 14 -1 0
0 15 -1 1
15
end_operator
begin_operator
do-glaze p0 glazer0 mauve
5
1 2
9 0
21 0
25 0
26 0
3
0 0 2 1
0 14 -1 0
0 15 -1 1
15
end_operator
begin_operator
do-glaze p0 glazer0 mauve
5
1 2
9 0
21 1
25 0
26 0
3
0 0 2 1
0 14 -1 0
0 15 -1 1
15
end_operator
begin_operator
do-glaze p0 glazer0 mauve
5
1 3
9 0
21 0
25 0
26 0
3
0 0 2 1
0 14 -1 0
0 15 -1 1
15
end_operator
begin_operator
do-glaze p0 glazer0 mauve
5
1 3
9 0
21 1
25 0
26 0
3
0 0 2 1
0 14 -1 0
0 15 -1 1
15
end_operator
begin_operator
do-glaze p0 glazer0 mauve
5
1 4
9 0
21 0
25 0
26 0
3
0 0 2 1
0 14 -1 0
0 15 -1 1
15
end_operator
begin_operator
do-glaze p0 glazer0 mauve
5
1 4
9 0
21 1
25 0
26 0
3
0 0 2 1
0 14 -1 0
0 15 -1 1
15
end_operator
begin_operator
do-glaze p1 glazer0 green
1
10 0
3
0 1 2 1
0 16 -1 0
0 18 -1 1
15
end_operator
begin_operator
do-glaze p1 glazer0 mauve
1
10 0
3
0 1 2 1
0 17 -1 0
0 18 -1 1
15
end_operator
begin_operator
do-glaze p2 glazer0 green
3
0 0
1 0
26 0
5
0 2 2 1
0 19 -1 0
0 21 -1 1
0 23 0 1
0 24 0 1
10
end_operator
begin_operator
do-glaze p2 glazer0 green
4
0 0
1 1
24 0
26 0
4
0 2 2 1
0 19 -1 0
0 21 -1 1
0 23 0 1
10
end_operator
begin_operator
do-glaze p2 glazer0 green
4
0 0
1 2
24 0
26 0
4
0 2 2 1
0 19 -1 0
0 21 -1 1
0 23 0 1
10
end_operator
begin_operator
do-glaze p2 glazer0 green
4
0 0
1 3
24 0
26 0
4
0 2 2 1
0 19 -1 0
0 21 -1 1
0 23 0 1
10
end_operator
begin_operator
do-glaze p2 glazer0 green
4
0 0
1 4
24 0
26 0
4
0 2 2 1
0 19 -1 0
0 21 -1 1
0 23 0 1
10
end_operator
begin_operator
do-glaze p2 glazer0 green
5
0 1
1 0
23 0
24 0
26 0
3
0 2 2 1
0 19 -1 0
0 21 -1 1
10
end_operator
begin_operator
do-glaze p2 glazer0 green
5
0 1
1 1
23 0
24 0
26 0
3
0 2 2 1
0 19 -1 0
0 21 -1 1
10
end_operator
begin_operator
do-glaze p2 glazer0 green
5
0 1
1 2
23 0
24 0
26 0
3
0 2 2 1
0 19 -1 0
0 21 -1 1
10
end_operator
begin_operator
do-glaze p2 glazer0 green
5
0 1
1 3
23 0
24 0
26 0
3
0 2 2 1
0 19 -1 0
0 21 -1 1
10
end_operator
begin_operator
do-glaze p2 glazer0 green
5
0 1
1 4
23 0
24 0
26 0
3
0 2 2 1
0 19 -1 0
0 21 -1 1
10
end_operator
begin_operator
do-glaze p2 glazer0 green
5
0 2
1 0
23 0
24 0
26 0
3
0 2 2 1
0 19 -1 0
0 21 -1 1
10
end_operator
begin_operator
do-glaze p2 glazer0 green
5
0 2
1 1
23 0
24 0
26 0
3
0 2 2 1
0 19 -1 0
0 21 -1 1
10
end_operator
begin_operator
do-glaze p2 glazer0 green
5
0 2
1 2
23 0
24 0
26 0
3
0 2 2 1
0 19 -1 0
0 21 -1 1
10
end_operator
begin_operator
do-glaze p2 glazer0 green
5
0 2
1 3
23 0
24 0
26 0
3
0 2 2 1
0 19 -1 0
0 21 -1 1
10
end_operator
begin_operator
do-glaze p2 glazer0 green
5
0 2
1 4
23 0
24 0
26 0
3
0 2 2 1
0 19 -1 0
0 21 -1 1
10
end_operator
begin_operator
do-glaze p2 glazer0 green
5
0 3
1 0
23 0
24 0
26 0
3
0 2 2 1
0 19 -1 0
0 21 -1 1
10
end_operator
begin_operator
do-glaze p2 glazer0 green
5
0 3
1 1
23 0
24 0
26 0
3
0 2 2 1
0 19 -1 0
0 21 -1 1
10
end_operator
begin_operator
do-glaze p2 glazer0 green
5
0 3
1 2
23 0
24 0
26 0
3
0 2 2 1
0 19 -1 0
0 21 -1 1
10
end_operator
begin_operator
do-glaze p2 glazer0 green
5
0 3
1 3
23 0
24 0
26 0
3
0 2 2 1
0 19 -1 0
0 21 -1 1
10
end_operator
begin_operator
do-glaze p2 glazer0 green
5
0 3
1 4
23 0
24 0
26 0
3
0 2 2 1
0 19 -1 0
0 21 -1 1
10
end_operator
begin_operator
do-glaze p2 glazer0 green
5
0 4
1 0
23 0
24 0
26 0
3
0 2 2 1
0 19 -1 0
0 21 -1 1
10
end_operator
begin_operator
do-glaze p2 glazer0 green
5
0 4
1 1
23 0
24 0
26 0
3
0 2 2 1
0 19 -1 0
0 21 -1 1
10
end_operator
begin_operator
do-glaze p2 glazer0 green
5
0 4
1 2
23 0
24 0
26 0
3
0 2 2 1
0 19 -1 0
0 21 -1 1
10
end_operator
begin_operator
do-glaze p2 glazer0 green
5
0 4
1 3
23 0
24 0
26 0
3
0 2 2 1
0 19 -1 0
0 21 -1 1
10
end_operator
begin_operator
do-glaze p2 glazer0 green
5
0 4
1 4
23 0
24 0
26 0
3
0 2 2 1
0 19 -1 0
0 21 -1 1
10
end_operator
begin_operator
do-glaze p2 glazer0 mauve
3
0 0
1 0
26 0
5
0 2 2 1
0 20 -1 0
0 21 -1 1
0 23 0 1
0 24 0 1
10
end_operator
begin_operator
do-glaze p2 glazer0 mauve
4
0 0
1 1
24 0
26 0
4
0 2 2 1
0 20 -1 0
0 21 -1 1
0 23 0 1
10
end_operator
begin_operator
do-glaze p2 glazer0 mauve
4
0 0
1 2
24 0
26 0
4
0 2 2 1
0 20 -1 0
0 21 -1 1
0 23 0 1
10
end_operator
begin_operator
do-glaze p2 glazer0 mauve
4
0 0
1 3
24 0
26 0
4
0 2 2 1
0 20 -1 0
0 21 -1 1
0 23 0 1
10
end_operator
begin_operator
do-glaze p2 glazer0 mauve
4
0 0
1 4
24 0
26 0
4
0 2 2 1
0 20 -1 0
0 21 -1 1
0 23 0 1
10
end_operator
begin_operator
do-glaze p2 glazer0 mauve
5
0 1
1 0
23 0
24 0
26 0
3
0 2 2 1
0 20 -1 0
0 21 -1 1
10
end_operator
begin_operator
do-glaze p2 glazer0 mauve
5
0 1
1 1
23 0
24 0
26 0
3
0 2 2 1
0 20 -1 0
0 21 -1 1
10
end_operator
begin_operator
do-glaze p2 glazer0 mauve
5
0 1
1 2
23 0
24 0
26 0
3
0 2 2 1
0 20 -1 0
0 21 -1 1
10
end_operator
begin_operator
do-glaze p2 glazer0 mauve
5
0 1
1 3
23 0
24 0
26 0
3
0 2 2 1
0 20 -1 0
0 21 -1 1
10
end_operator
begin_operator
do-glaze p2 glazer0 mauve
5
0 1
1 4
23 0
24 0
26 0
3
0 2 2 1
0 20 -1 0
0 21 -1 1
10
end_operator
begin_operator
do-glaze p2 glazer0 mauve
5
0 2
1 0
23 0
24 0
26 0
3
0 2 2 1
0 20 -1 0
0 21 -1 1
10
end_operator
begin_operator
do-glaze p2 glazer0 mauve
5
0 2
1 1
23 0
24 0
26 0
3
0 2 2 1
0 20 -1 0
0 21 -1 1
10
end_operator
begin_operator
do-glaze p2 glazer0 mauve
5
0 2
1 2
23 0
24 0
26 0
3
0 2 2 1
0 20 -1 0
0 21 -1 1
10
end_operator
begin_operator
do-glaze p2 glazer0 mauve
5
0 2
1 3
23 0
24 0
26 0
3
0 2 2 1
0 20 -1 0
0 21 -1 1
10
end_operator
begin_operator
do-glaze p2 glazer0 mauve
5
0 2
1 4
23 0
24 0
26 0
3
0 2 2 1
0 20 -1 0
0 21 -1 1
10
end_operator
begin_operator
do-glaze p2 glazer0 mauve
5
0 3
1 0
23 0
24 0
26 0
3
0 2 2 1
0 20 -1 0
0 21 -1 1
10
end_operator
begin_operator
do-glaze p2 glazer0 mauve
5
0 3
1 1
23 0
24 0
26 0
3
0 2 2 1
0 20 -1 0
0 21 -1 1
10
end_operator
begin_operator
do-glaze p2 glazer0 mauve
5
0 3
1 2
23 0
24 0
26 0
3
0 2 2 1
0 20 -1 0
0 21 -1 1
10
end_operator
begin_operator
do-glaze p2 glazer0 mauve
5
0 3
1 3
23 0
24 0
26 0
3
0 2 2 1
0 20 -1 0
0 21 -1 1
10
end_operator
begin_operator
do-glaze p2 glazer0 mauve
5
0 3
1 4
23 0
24 0
26 0
3
0 2 2 1
0 20 -1 0
0 21 -1 1
10
end_operator
begin_operator
do-glaze p2 glazer0 mauve
5
0 4
1 0
23 0
24 0
26 0
3
0 2 2 1
0 20 -1 0
0 21 -1 1
10
end_operator
begin_operator
do-glaze p2 glazer0 mauve
5
0 4
1 1
23 0
24 0
26 0
3
0 2 2 1
0 20 -1 0
0 21 -1 1
10
end_operator
begin_operator
do-glaze p2 glazer0 mauve
5
0 4
1 2
23 0
24 0
26 0
3
0 2 2 1
0 20 -1 0
0 21 -1 1
10
end_operator
begin_operator
do-glaze p2 glazer0 mauve
5
0 4
1 3
23 0
24 0
26 0
3
0 2 2 1
0 20 -1 0
0 21 -1 1
10
end_operator
begin_operator
do-glaze p2 glazer0 mauve
5
0 4
1 4
23 0
24 0
26 0
3
0 2 2 1
0 20 -1 0
0 21 -1 1
10
end_operator
begin_operator
do-grind p0 grinder0 smooth green glazed untreated
5
1 1
9 0
21 0
25 0
26 0
4
0 0 1 2
0 4 1 2
0 13 0 1
0 15 -1 0
30
end_operator
begin_operator
do-grind p0 grinder0 smooth green glazed untreated
5
1 1
9 0
21 1
25 0
26 0
4
0 0 1 2
0 4 1 2
0 13 0 1
0 15 -1 0
30
end_operator
begin_operator
do-grind p0 grinder0 smooth green glazed untreated
5
1 2
9 0
21 0
25 0
26 0
4
0 0 1 2
0 4 1 2
0 13 0 1
0 15 -1 0
30
end_operator
begin_operator
do-grind p0 grinder0 smooth green glazed untreated
5
1 2
9 0
21 1
25 0
26 0
4
0 0 1 2
0 4 1 2
0 13 0 1
0 15 -1 0
30
end_operator
begin_operator
do-grind p0 grinder0 smooth green glazed untreated
5
1 3
9 0
21 0
25 0
26 0
4
0 0 1 2
0 4 1 2
0 13 0 1
0 15 -1 0
30
end_operator
begin_operator
do-grind p0 grinder0 smooth green glazed untreated
5
1 3
9 0
21 1
25 0
26 0
4
0 0 1 2
0 4 1 2
0 13 0 1
0 15 -1 0
30
end_operator
begin_operator
do-grind p0 grinder0 smooth green glazed untreated
5
1 4
9 0
21 0
25 0
26 0
4
0 0 1 2
0 4 1 2
0 13 0 1
0 15 -1 0
30
end_operator
begin_operator
do-grind p0 grinder0 smooth green glazed untreated
5
1 4
9 0
21 1
25 0
26 0
4
0 0 1 2
0 4 1 2
0 13 0 1
0 15 -1 0
30
end_operator
begin_operator
do-grind p0 grinder0 smooth green glazed untreated
4
1 0
9 0
21 0
26 0
5
0 0 1 2
0 4 1 2
0 13 0 1
0 15 -1 0
0 25 1 0
30
end_operator
begin_operator
do-grind p0 grinder0 smooth green glazed untreated
4
1 0
9 0
21 1
26 0
5
0 0 1 2
0 4 1 2
0 13 0 1
0 15 -1 0
0 25 1 0
30
end_operator
begin_operator
do-grind p0 grinder0 smooth mauve glazed untreated
5
1 1
9 0
21 0
25 0
26 0
4
0 0 1 2
0 4 1 2
0 14 0 1
0 15 -1 0
30
end_operator
begin_operator
do-grind p0 grinder0 smooth mauve glazed untreated
5
1 1
9 0
21 1
25 0
26 0
4
0 0 1 2
0 4 1 2
0 14 0 1
0 15 -1 0
30
end_operator
begin_operator
do-grind p0 grinder0 smooth mauve glazed untreated
5
1 2
9 0
21 0
25 0
26 0
4
0 0 1 2
0 4 1 2
0 14 0 1
0 15 -1 0
30
end_operator
begin_operator
do-grind p0 grinder0 smooth mauve glazed untreated
5
1 2
9 0
21 1
25 0
26 0
4
0 0 1 2
0 4 1 2
0 14 0 1
0 15 -1 0
30
end_operator
begin_operator
do-grind p0 grinder0 smooth mauve glazed untreated
5
1 3
9 0
21 0
25 0
26 0
4
0 0 1 2
0 4 1 2
0 14 0 1
0 15 -1 0
30
end_operator
begin_operator
do-grind p0 grinder0 smooth mauve glazed untreated
5
1 3
9 0
21 1
25 0
26 0
4
0 0 1 2
0 4 1 2
0 14 0 1
0 15 -1 0
30
end_operator
begin_operator
do-grind p0 grinder0 smooth mauve glazed untreated
5
1 4
9 0
21 0
25 0
26 0
4
0 0 1 2
0 4 1 2
0 14 0 1
0 15 -1 0
30
end_operator
begin_operator
do-grind p0 grinder0 smooth mauve glazed untreated
5
1 4
9 0
21 1
25 0
26 0
4
0 0 1 2
0 4 1 2
0 14 0 1
0 15 -1 0
30
end_operator
begin_operator
do-grind p0 grinder0 smooth mauve glazed untreated
4
1 0
9 0
21 0
26 0
5
0 0 1 2
0 4 1 2
0 14 0 1
0 15 -1 0
0 25 1 0
30
end_operator
begin_operator
do-grind p0 grinder0 smooth mauve glazed untreated
4
1 0
9 0
21 1
26 0
5
0 0 1 2
0 4 1 2
0 14 0 1
0 15 -1 0
0 25 1 0
30
end_operator
begin_operator
do-grind p0 grinder0 smooth mauve varnished colourfragments
6
1 0
9 0
21 0
23 0
24 0
26 0
5
0 0 3 0
0 4 1 2
0 14 0 1
0 15 -1 0
0 22 0 1
30
end_operator
begin_operator
do-grind p0 grinder0 smooth mauve varnished colourfragments
4
1 0
9 0
21 1
26 0
7
0 0 3 0
0 4 1 2
0 14 0 1
0 15 -1 0
0 22 0 1
0 23 0 1
0 24 0 1
30
end_operator
begin_operator
do-grind p0 grinder0 smooth mauve varnished colourfragments
7
1 1
9 0
21 0
22 0
23 0
24 0
26 0
4
0 0 3 0
0 4 1 2
0 14 0 1
0 15 -1 0
30
end_operator
begin_operator
do-grind p0 grinder0 smooth mauve varnished colourfragments
6
1 1
9 0
21 1
22 0
24 0
26 0
5
0 0 3 0
0 4 1 2
0 14 0 1
0 15 -1 0
0 23 0 1
30
end_operator
begin_operator
do-grind p0 grinder0 smooth mauve varnished colourfragments
7
1 2
9 0
21 0
22 0
23 0
24 0
26 0
4
0 0 3 0
0 4 1 2
0 14 0 1
0 15 -1 0
30
end_operator
begin_operator
do-grind p0 grinder0 smooth mauve varnished colourfragments
6
1 2
9 0
21 1
22 0
24 0
26 0
5
0 0 3 0
0 4 1 2
0 14 0 1
0 15 -1 0
0 23 0 1
30
end_operator
begin_operator
do-grind p0 grinder0 smooth mauve varnished colourfragments
7
1 3
9 0
21 0
22 0
23 0
24 0
26 0
4
0 0 3 0
0 4 1 2
0 14 0 1
0 15 -1 0
30
end_operator
begin_operator
do-grind p0 grinder0 smooth mauve varnished colourfragments
6
1 3
9 0
21 1
22 0
24 0
26 0
5
0 0 3 0
0 4 1 2
0 14 0 1
0 15 -1 0
0 23 0 1
30
end_operator
begin_operator
do-grind p0 grinder0 smooth mauve varnished colourfragments
7
1 4
9 0
21 0
22 0
23 0
24 0
26 0
4
0 0 3 0
0 4 1 2
0 14 0 1
0 15 -1 0
30
end_operator
begin_operator
do-grind p0 grinder0 smooth mauve varnished colourfragments
6
1 4
9 0
21 1
22 0
24 0
26 0
5
0 0 3 0
0 4 1 2
0 14 0 1
0 15 -1 0
0 23 0 1
30
end_operator
begin_operator
do-grind p0 grinder0 smooth natural untreated untreated
3
0 2
9 0
15 0
1
0 4 1 2
30
end_operator
begin_operator
do-grind p0 grinder0 verysmooth green glazed untreated
6
1 1
4 2
9 0
21 0
25 0
26 0
3
0 0 1 2
0 13 0 1
0 15 -1 0
30
end_operator
begin_operator
do-grind p0 grinder0 verysmooth green glazed untreated
6
1 1
4 2
9 0
21 1
25 0
26 0
3
0 0 1 2
0 13 0 1
0 15 -1 0
30
end_operator
begin_operator
do-grind p0 grinder0 verysmooth green glazed untreated
6
1 2
4 2
9 0
21 0
25 0
26 0
3
0 0 1 2
0 13 0 1
0 15 -1 0
30
end_operator
begin_operator
do-grind p0 grinder0 verysmooth green glazed untreated
6
1 2
4 2
9 0
21 1
25 0
26 0
3
0 0 1 2
0 13 0 1
0 15 -1 0
30
end_operator
begin_operator
do-grind p0 grinder0 verysmooth green glazed untreated
6
1 3
4 2
9 0
21 0
25 0
26 0
3
0 0 1 2
0 13 0 1
0 15 -1 0
30
end_operator
begin_operator
do-grind p0 grinder0 verysmooth green glazed untreated
6
1 3
4 2
9 0
21 1
25 0
26 0
3
0 0 1 2
0 13 0 1
0 15 -1 0
30
end_operator
begin_operator
do-grind p0 grinder0 verysmooth green glazed untreated
6
1 4
4 2
9 0
21 0
25 0
26 0
3
0 0 1 2
0 13 0 1
0 15 -1 0
30
end_operator
begin_operator
do-grind p0 grinder0 verysmooth green glazed untreated
6
1 4
4 2
9 0
21 1
25 0
26 0
3
0 0 1 2
0 13 0 1
0 15 -1 0
30
end_operator
begin_operator
do-grind p0 grinder0 verysmooth green glazed untreated
5
1 0
4 2
9 0
21 0
26 0
4
0 0 1 2
0 13 0 1
0 15 -1 0
0 25 1 0
30
end_operator
begin_operator
do-grind p0 grinder0 verysmooth green glazed untreated
5
1 0
4 2
9 0
21 1
26 0
4
0 0 1 2
0 13 0 1
0 15 -1 0
0 25 1 0
30
end_operator
begin_operator
do-grind p0 grinder0 verysmooth mauve glazed untreated
6
1 1
4 2
9 0
21 0
25 0
26 0
3
0 0 1 2
0 14 0 1
0 15 -1 0
30
end_operator
begin_operator
do-grind p0 grinder0 verysmooth mauve glazed untreated
6
1 1
4 2
9 0
21 1
25 0
26 0
3
0 0 1 2
0 14 0 1
0 15 -1 0
30
end_operator
begin_operator
do-grind p0 grinder0 verysmooth mauve glazed untreated
6
1 2
4 2
9 0
21 0
25 0
26 0
3
0 0 1 2
0 14 0 1
0 15 -1 0
30
end_operator
begin_operator
do-grind p0 grinder0 verysmooth mauve glazed untreated
6
1 2
4 2
9 0
21 1
25 0
26 0
3
0 0 1 2
0 14 0 1
0 15 -1 0
30
end_operator
begin_operator
do-grind p0 grinder0 verysmooth mauve glazed untreated
6
1 3
4 2
9 0
21 0
25 0
26 0
3
0 0 1 2
0 14 0 1
0 15 -1 0
30
end_operator
begin_operator
do-grind p0 grinder0 verysmooth mauve glazed untreated
6
1 3
4 2
9 0
21 1
25 0
26 0
3
0 0 1 2
0 14 0 1
0 15 -1 0
30
end_operator
begin_operator
do-grind p0 grinder0 verysmooth mauve glazed untreated
6
1 4
4 2
9 0
21 0
25 0
26 0
3
0 0 1 2
0 14 0 1
0 15 -1 0
30
end_operator
begin_operator
do-grind p0 grinder0 verysmooth mauve glazed untreated
6
1 4
4 2
9 0
21 1
25 0
26 0
3
0 0 1 2
0 14 0 1
0 15 -1 0
30
end_operator
begin_operator
do-grind p0 grinder0 verysmooth mauve glazed untreated
5
1 0
4 2
9 0
21 0
26 0
4
0 0 1 2
0 14 0 1
0 15 -1 0
0 25 1 0
30
end_operator
begin_operator
do-grind p0 grinder0 verysmooth mauve glazed untreated
5
1 0
4 2
9 0
21 1
26 0
4
0 0 1 2
0 14 0 1
0 15 -1 0
0 25 1 0
30
end_operator
begin_operator
do-grind p0 grinder0 verysmooth mauve varnished colourfragments
7
1 0
4 2
9 0
21 0
23 0
24 0
26 0
4
0 0 3 0
0 14 0 1
0 15 -1 0
0 22 0 1
30
end_operator
begin_operator
do-grind p0 grinder0 verysmooth mauve varnished colourfragments
5
1 0
4 2
9 0
21 1
26 0
6
0 0 3 0
0 14 0 1
0 15 -1 0
0 22 0 1
0 23 0 1
0 24 0 1
30
end_operator
begin_operator
do-grind p0 grinder0 verysmooth mauve varnished colourfragments
8
1 1
4 2
9 0
21 0
22 0
23 0
24 0
26 0
3
0 0 3 0
0 14 0 1
0 15 -1 0
30
end_operator
begin_operator
do-grind p0 grinder0 verysmooth mauve varnished colourfragments
7
1 1
4 2
9 0
21 1
22 0
24 0
26 0
4
0 0 3 0
0 14 0 1
0 15 -1 0
0 23 0 1
30
end_operator
begin_operator
do-grind p0 grinder0 verysmooth mauve varnished colourfragments
8
1 2
4 2
9 0
21 0
22 0
23 0
24 0
26 0
3
0 0 3 0
0 14 0 1
0 15 -1 0
30
end_operator
begin_operator
do-grind p0 grinder0 verysmooth mauve varnished colourfragments
7
1 2
4 2
9 0
21 1
22 0
24 0
26 0
4
0 0 3 0
0 14 0 1
0 15 -1 0
0 23 0 1
30
end_operator
begin_operator
do-grind p0 grinder0 verysmooth mauve varnished colourfragments
8
1 3
4 2
9 0
21 0
22 0
23 0
24 0
26 0
3
0 0 3 0
0 14 0 1
0 15 -1 0
30
end_operator
begin_operator
do-grind p0 grinder0 verysmooth mauve varnished colourfragments
7
1 3
4 2
9 0
21 1
22 0
24 0
26 0
4
0 0 3 0
0 14 0 1
0 15 -1 0
0 23 0 1
30
end_operator
begin_operator
do-grind p0 grinder0 verysmooth mauve varnished colourfragments
8
1 4
4 2
9 0
21 0
22 0
23 0
24 0
26 0
3
0 0 3 0
0 14 0 1
0 15 -1 0
30
end_operator
begin_operator
do-grind p0 grinder0 verysmooth mauve varnished colourfragments
7
1 4
4 2
9 0
21 1
22 0
24 0
26 0
4
0 0 3 0
0 14 0 1
0 15 -1 0
0 23 0 1
30
end_operator
begin_operator
do-grind p0 grinder0 verysmooth natural colourfragments untreated
9
1 1
4 2
9 0
15 0
21 0
22 0
23 0
24 0
26 0
1
0 0 0 2
30
end_operator
begin_operator
do-grind p0 grinder0 verysmooth natural colourfragments untreated
9
1 2
4 2
9 0
15 0
21 0
22 0
23 0
24 0
26 0
1
0 0 0 2
30
end_operator
begin_operator
do-grind p0 grinder0 verysmooth natural colourfragments untreated
9
1 3
4 2
9 0
15 0
21 0
22 0
23 0
24 0
26 0
1
0 0 0 2
30
end_operator
begin_operator
do-grind p0 grinder0 verysmooth natural colourfragments untreated
9
1 4
4 2
9 0
15 0
21 0
22 0
23 0
24 0
26 0
1
0 0 0 2
30
end_operator
begin_operator
do-grind p0 grinder0 verysmooth natural colourfragments untreated
8
1 1
4 2
9 0
15 0
21 1
22 0
24 0
26 0
2
0 0 0 2
0 23 1 0
30
end_operator
begin_operator
do-grind p0 grinder0 verysmooth natural colourfragments untreated
8
1 2
4 2
9 0
15 0
21 1
22 0
24 0
26 0
2
0 0 0 2
0 23 1 0
30
end_operator
begin_operator
do-grind p0 grinder0 verysmooth natural colourfragments untreated
8
1 3
4 2
9 0
15 0
21 1
22 0
24 0
26 0
2
0 0 0 2
0 23 1 0
30
end_operator
begin_operator
do-grind p0 grinder0 verysmooth natural colourfragments untreated
8
1 4
4 2
9 0
15 0
21 1
22 0
24 0
26 0
2
0 0 0 2
0 23 1 0
30
end_operator
begin_operator
do-grind p0 grinder0 verysmooth natural colourfragments untreated
8
1 0
4 2
9 0
15 0
21 0
23 0
24 0
26 0
2
0 0 0 2
0 22 1 0
30
end_operator
begin_operator
do-grind p1 grinder0 smooth green glazed untreated
1
10 0
4
0 1 1 2
0 5 1 2
0 16 0 1
0 18 -1 0
30
end_operator
begin_operator
do-grind p1 grinder0 smooth mauve glazed untreated
1
10 0
4
0 1 1 2
0 5 1 2
0 17 0 1
0 18 -1 0
30
end_operator
begin_operator
do-grind p1 grinder0 smooth mauve varnished colourfragments
6
0 0
10 0
21 0
24 0
25 0
26 0
5
0 1 3 0
0 5 1 2
0 17 0 1
0 18 -1 0
0 22 0 1
30
end_operator
begin_operator
do-grind p1 grinder0 smooth mauve varnished colourfragments
5
0 0
10 0
21 1
25 0
26 0
6
0 1 3 0
0 5 1 2
0 17 0 1
0 18 -1 0
0 22 0 1
0 24 0 1
30
end_operator
begin_operator
do-grind p1 grinder0 smooth mauve varnished colourfragments
6
0 1
10 0
21 0
22 0
24 0
26 0
5
0 1 3 0
0 5 1 2
0 17 0 1
0 18 -1 0
0 25 0 1
30
end_operator
begin_operator
do-grind p1 grinder0 smooth mauve varnished colourfragments
6
0 1
10 0
21 1
22 0
24 0
26 0
5
0 1 3 0
0 5 1 2
0 17 0 1
0 18 -1 0
0 25 0 1
30
end_operator
begin_operator
do-grind p1 grinder0 smooth mauve varnished colourfragments
7
0 2
10 0
21 0
22 0
24 0
25 0
26 0
4
0 1 3 0
0 5 1 2
0 17 0 1
0 18 -1 0
30
end_operator
begin_operator
do-grind p1 grinder0 smooth mauve varnished colourfragments
7
0 2
10 0
21 1
22 0
24 0
25 0
26 0
4
0 1 3 0
0 5 1 2
0 17 0 1
0 18 -1 0
30
end_operator
begin_operator
do-grind p1 grinder0 smooth mauve varnished colourfragments
7
0 3
10 0
21 0
22 0
24 0
25 0
26 0
4
0 1 3 0
0 5 1 2
0 17 0 1
0 18 -1 0
30
end_operator
begin_operator
do-grind p1 grinder0 smooth mauve varnished colourfragments
7
0 3
10 0
21 1
22 0
24 0
25 0
26 0
4
0 1 3 0
0 5 1 2
0 17 0 1
0 18 -1 0
30
end_operator
begin_operator
do-grind p1 grinder0 smooth mauve varnished colourfragments
7
0 4
10 0
21 0
22 0
24 0
25 0
26 0
4
0 1 3 0
0 5 1 2
0 17 0 1
0 18 -1 0
30
end_operator
begin_operator
do-grind p1 grinder0 smooth mauve varnished colourfragments
7
0 4
10 0
21 1
22 0
24 0
25 0
26 0
4
0 1 3 0
0 5 1 2
0 17 0 1
0 18 -1 0
30
end_operator
begin_operator
do-grind p1 grinder0 smooth natural untreated untreated
3
1 2
10 0
18 0
1
0 5 1 2
30
end_operator
begin_operator
do-grind p1 grinder0 verysmooth green glazed untreated
2
5 2
10 0
3
0 1 1 2
0 16 0 1
0 18 -1 0
30
end_operator
begin_operator
do-grind p1 grinder0 verysmooth mauve glazed untreated
2
5 2
10 0
3
0 1 1 2
0 17 0 1
0 18 -1 0
30
end_operator
begin_operator
do-grind p1 grinder0 verysmooth mauve varnished colourfragments
7
0 0
5 2
10 0
21 0
24 0
25 0
26 0
4
0 1 3 0
0 17 0 1
0 18 -1 0
0 22 0 1
30
end_operator
begin_operator
do-grind p1 grinder0 verysmooth mauve varnished colourfragments
6
0 0
5 2
10 0
21 1
25 0
26 0
5
0 1 3 0
0 17 0 1
0 18 -1 0
0 22 0 1
0 24 0 1
30
end_operator
begin_operator
do-grind p1 grinder0 verysmooth mauve varnished colourfragments
7
0 1
5 2
10 0
21 0
22 0
24 0
26 0
4
0 1 3 0
0 17 0 1
0 18 -1 0
0 25 0 1
30
end_operator
begin_operator
do-grind p1 grinder0 verysmooth mauve varnished colourfragments
7
0 1
5 2
10 0
21 1
22 0
24 0
26 0
4
0 1 3 0
0 17 0 1
0 18 -1 0
0 25 0 1
30
end_operator
begin_operator
do-grind p1 grinder0 verysmooth mauve varnished colourfragments
8
0 2
5 2
10 0
21 0
22 0
24 0
25 0
26 0
3
0 1 3 0
0 17 0 1
0 18 -1 0
30
end_operator
begin_operator
do-grind p1 grinder0 verysmooth mauve varnished colourfragments
8
0 2
5 2
10 0
21 1
22 0
24 0
25 0
26 0
3
0 1 3 0
0 17 0 1
0 18 -1 0
30
end_operator
begin_operator
do-grind p1 grinder0 verysmooth mauve varnished colourfragments
8
0 3
5 2
10 0
21 0
22 0
24 0
25 0
26 0
3
0 1 3 0
0 17 0 1
0 18 -1 0
30
end_operator
begin_operator
do-grind p1 grinder0 verysmooth mauve varnished colourfragments
8
0 3
5 2
10 0
21 1
22 0
24 0
25 0
26 0
3
0 1 3 0
0 17 0 1
0 18 -1 0
30
end_operator
begin_operator
do-grind p1 grinder0 verysmooth mauve varnished colourfragments
8
0 4
5 2
10 0
21 0
22 0
24 0
25 0
26 0
3
0 1 3 0
0 17 0 1
0 18 -1 0
30
end_operator
begin_operator
do-grind p1 grinder0 verysmooth mauve varnished colourfragments
8
0 4
5 2
10 0
21 1
22 0
24 0
25 0
26 0
3
0 1 3 0
0 17 0 1
0 18 -1 0
30
end_operator
begin_operator
do-grind p1 grinder0 verysmooth natural colourfragments untreated
9
0 2
5 2
10 0
18 0
21 0
22 0
24 0
25 0
26 0
1
0 1 0 2
30
end_operator
begin_operator
do-grind p1 grinder0 verysmooth natural colourfragments untreated
9
0 2
5 2
10 0
18 0
21 1
22 0
24 0
25 0
26 0
1
0 1 0 2
30
end_operator
begin_operator
do-grind p1 grinder0 verysmooth natural colourfragments untreated
9
0 3
5 2
10 0
18 0
21 0
22 0
24 0
25 0
26 0
1
0 1 0 2
30
end_operator
begin_operator
do-grind p1 grinder0 verysmooth natural colourfragments untreated
9
0 3
5 2
10 0
18 0
21 1
22 0
24 0
25 0
26 0
1
0 1 0 2
30
end_operator
begin_operator
do-grind p1 grinder0 verysmooth natural colourfragments untreated
9
0 4
5 2
10 0
18 0
21 0
22 0
24 0
25 0
26 0
1
0 1 0 2
30
end_operator
begin_operator
do-grind p1 grinder0 verysmooth natural colourfragments untreated
9
0 4
5 2
10 0
18 0
21 1
22 0
24 0
25 0
26 0
1
0 1 0 2
30
end_operator
begin_operator
do-grind p1 grinder0 verysmooth natural colourfragments untreated
8
0 1
5 2
10 0
18 0
21 0
22 0
24 0
26 0
2
0 1 0 2
0 25 1 0
30
end_operator
begin_operator
do-grind p1 grinder0 verysmooth natural colourfragments untreated
8
0 1
5 2
10 0
18 0
21 1
22 0
24 0
26 0
2
0 1 0 2
0 25 1 0
30
end_operator
begin_operator
do-grind p1 grinder0 verysmooth natural colourfragments untreated
8
0 0
5 2
10 0
18 0
21 0
24 0
25 0
26 0
2
0 1 0 2
0 22 1 0
30
end_operator
begin_operator
do-grind p2 grinder0 smooth green glazed untreated
5
0 0
1 0
23 0
24 0
26 0
4
0 2 1 2
0 6 0 1
0 19 0 1
0 21 -1 0
15
end_operator
begin_operator
do-grind p2 grinder0 smooth green glazed untreated
5
0 0
1 1
23 0
24 0
26 0
4
0 2 1 2
0 6 0 1
0 19 0 1
0 21 -1 0
15
end_operator
begin_operator
do-grind p2 grinder0 smooth green glazed untreated
5
0 0
1 2
23 0
24 0
26 0
4
0 2 1 2
0 6 0 1
0 19 0 1
0 21 -1 0
15
end_operator
begin_operator
do-grind p2 grinder0 smooth green glazed untreated
5
0 0
1 3
23 0
24 0
26 0
4
0 2 1 2
0 6 0 1
0 19 0 1
0 21 -1 0
15
end_operator
begin_operator
do-grind p2 grinder0 smooth green glazed untreated
5
0 0
1 4
23 0
24 0
26 0
4
0 2 1 2
0 6 0 1
0 19 0 1
0 21 -1 0
15
end_operator
begin_operator
do-grind p2 grinder0 smooth green glazed untreated
5
0 1
1 0
23 0
24 0
26 0
4
0 2 1 2
0 6 0 1
0 19 0 1
0 21 -1 0
15
end_operator
begin_operator
do-grind p2 grinder0 smooth green glazed untreated
5
0 1
1 1
23 0
24 0
26 0
4
0 2 1 2
0 6 0 1
0 19 0 1
0 21 -1 0
15
end_operator
begin_operator
do-grind p2 grinder0 smooth green glazed untreated
5
0 1
1 2
23 0
24 0
26 0
4
0 2 1 2
0 6 0 1
0 19 0 1
0 21 -1 0
15
end_operator
begin_operator
do-grind p2 grinder0 smooth green glazed untreated
5
0 1
1 3
23 0
24 0
26 0
4
0 2 1 2
0 6 0 1
0 19 0 1
0 21 -1 0
15
end_operator
begin_operator
do-grind p2 grinder0 smooth green glazed untreated
5
0 1
1 4
23 0
24 0
26 0
4
0 2 1 2
0 6 0 1
0 19 0 1
0 21 -1 0
15
end_operator
begin_operator
do-grind p2 grinder0 smooth green glazed untreated
5
0 2
1 0
23 0
24 0
26 0
4
0 2 1 2
0 6 0 1
0 19 0 1
0 21 -1 0
15
end_operator
begin_operator
do-grind p2 grinder0 smooth green glazed untreated
5
0 2
1 1
23 0
24 0
26 0
4
0 2 1 2
0 6 0 1
0 19 0 1
0 21 -1 0
15
end_operator
begin_operator
do-grind p2 grinder0 smooth green glazed untreated
5
0 2
1 2
23 0
24 0
26 0
4
0 2 1 2
0 6 0 1
0 19 0 1
0 21 -1 0
15
end_operator
begin_operator
do-grind p2 grinder0 smooth green glazed untreated
5
0 2
1 3
23 0
24 0
26 0
4
0 2 1 2
0 6 0 1
0 19 0 1
0 21 -1 0
15
end_operator
begin_operator
do-grind p2 grinder0 smooth green glazed untreated
5
0 2
1 4
23 0
24 0
26 0
4
0 2 1 2
0 6 0 1
0 19 0 1
0 21 -1 0
15
end_operator
begin_operator
do-grind p2 grinder0 smooth green glazed untreated
5
0 3
1 0
23 0
24 0
26 0
4
0 2 1 2
0 6 0 1
0 19 0 1
0 21 -1 0
15
end_operator
begin_operator
do-grind p2 grinder0 smooth green glazed untreated
5
0 3
1 1
23 0
24 0
26 0
4
0 2 1 2
0 6 0 1
0 19 0 1
0 21 -1 0
15
end_operator
begin_operator
do-grind p2 grinder0 smooth green glazed untreated
5
0 3
1 2
23 0
24 0
26 0
4
0 2 1 2
0 6 0 1
0 19 0 1
0 21 -1 0
15
end_operator
begin_operator
do-grind p2 grinder0 smooth green glazed untreated
5
0 3
1 3
23 0
24 0
26 0
4
0 2 1 2
0 6 0 1
0 19 0 1
0 21 -1 0
15
end_operator
begin_operator
do-grind p2 grinder0 smooth green glazed untreated
5
0 3
1 4
23 0
24 0
26 0
4
0 2 1 2
0 6 0 1
0 19 0 1
0 21 -1 0
15
end_operator
begin_operator
do-grind p2 grinder0 smooth green glazed untreated
5
0 4
1 0
23 0
24 0
26 0
4
0 2 1 2
0 6 0 1
0 19 0 1
0 21 -1 0
15
end_operator
begin_operator
do-grind p2 grinder0 smooth green glazed untreated
5
0 4
1 1
23 0
24 0
26 0
4
0 2 1 2
0 6 0 1
0 19 0 1
0 21 -1 0
15
end_operator
begin_operator
do-grind p2 grinder0 smooth green glazed untreated
5
0 4
1 2
23 0
24 0
26 0
4
0 2 1 2
0 6 0 1
0 19 0 1
0 21 -1 0
15
end_operator
begin_operator
do-grind p2 grinder0 smooth green glazed untreated
5
0 4
1 3
23 0
24 0
26 0
4
0 2 1 2
0 6 0 1
0 19 0 1
0 21 -1 0
15
end_operator
begin_operator
do-grind p2 grinder0 smooth green glazed untreated
5
0 4
1 4
23 0
24 0
26 0
4
0 2 1 2
0 6 0 1
0 19 0 1
0 21 -1 0
15
end_operator
begin_operator
do-grind p2 grinder0 smooth green glazed untreated
4
0 0
1 1
24 0
26 0
5
0 2 1 2
0 6 0 1
0 19 0 1
0 21 1 0
0 23 1 0
15
end_operator
begin_operator
do-grind p2 grinder0 smooth green glazed untreated
4
0 0
1 2
24 0
26 0
5
0 2 1 2
0 6 0 1
0 19 0 1
0 21 1 0
0 23 1 0
15
end_operator
begin_operator
do-grind p2 grinder0 smooth green glazed untreated
4
0 0
1 3
24 0
26 0
5
0 2 1 2
0 6 0 1
0 19 0 1
0 21 1 0
0 23 1 0
15
end_operator
begin_operator
do-grind p2 grinder0 smooth green glazed untreated
4
0 0
1 4
24 0
26 0
5
0 2 1 2
0 6 0 1
0 19 0 1
0 21 1 0
0 23 1 0
15
end_operator
begin_operator
do-grind p2 grinder0 smooth mauve glazed untreated
5
0 0
1 0
23 0
24 0
26 0
4
0 2 1 2
0 6 0 1
0 20 0 1
0 21 -1 0
15
end_operator
begin_operator
do-grind p2 grinder0 smooth mauve glazed untreated
5
0 0
1 1
23 0
24 0
26 0
4
0 2 1 2
0 6 0 1
0 20 0 1
0 21 -1 0
15
end_operator
begin_operator
do-grind p2 grinder0 smooth mauve glazed untreated
5
0 0
1 2
23 0
24 0
26 0
4
0 2 1 2
0 6 0 1
0 20 0 1
0 21 -1 0
15
end_operator
begin_operator
do-grind p2 grinder0 smooth mauve glazed untreated
5
0 0
1 3
23 0
24 0
26 0
4
0 2 1 2
0 6 0 1
0 20 0 1
0 21 -1 0
15
end_operator
begin_operator
do-grind p2 grinder0 smooth mauve glazed untreated
5
0 0
1 4
23 0
24 0
26 0
4
0 2 1 2
0 6 0 1
0 20 0 1
0 21 -1 0
15
end_operator
begin_operator
do-grind p2 grinder0 smooth mauve glazed untreated
5
0 1
1 0
23 0
24 0
26 0
4
0 2 1 2
0 6 0 1
0 20 0 1
0 21 -1 0
15
end_operator
begin_operator
do-grind p2 grinder0 smooth mauve glazed untreated
5
0 1
1 1
23 0
24 0
26 0
4
0 2 1 2
0 6 0 1
0 20 0 1
0 21 -1 0
15
end_operator
begin_operator
do-grind p2 grinder0 smooth mauve glazed untreated
5
0 1
1 2
23 0
24 0
26 0
4
0 2 1 2
0 6 0 1
0 20 0 1
0 21 -1 0
15
end_operator
begin_operator
do-grind p2 grinder0 smooth mauve glazed untreated
5
0 1
1 3
23 0
24 0
26 0
4
0 2 1 2
0 6 0 1
0 20 0 1
0 21 -1 0
15
end_operator
begin_operator
do-grind p2 grinder0 smooth mauve glazed untreated
5
0 1
1 4
23 0
24 0
26 0
4
0 2 1 2
0 6 0 1
0 20 0 1
0 21 -1 0
15
end_operator
begin_operator
do-grind p2 grinder0 smooth mauve glazed untreated
5
0 2
1 0
23 0
24 0
26 0
4
0 2 1 2
0 6 0 1
0 20 0 1
0 21 -1 0
15
end_operator
begin_operator
do-grind p2 grinder0 smooth mauve glazed untreated
5
0 2
1 1
23 0
24 0
26 0
4
0 2 1 2
0 6 0 1
0 20 0 1
0 21 -1 0
15
end_operator
begin_operator
do-grind p2 grinder0 smooth mauve glazed untreated
5
0 2
1 2
23 0
24 0
26 0
4
0 2 1 2
0 6 0 1
0 20 0 1
0 21 -1 0
15
end_operator
begin_operator
do-grind p2 grinder0 smooth mauve glazed untreated
5
0 2
1 3
23 0
24 0
26 0
4
0 2 1 2
0 6 0 1
0 20 0 1
0 21 -1 0
15
end_operator
begin_operator
do-grind p2 grinder0 smooth mauve glazed untreated
5
0 2
1 4
23 0
24 0
26 0
4
0 2 1 2
0 6 0 1
0 20 0 1
0 21 -1 0
15
end_operator
begin_operator
do-grind p2 grinder0 smooth mauve glazed untreated
5
0 3
1 0
23 0
24 0
26 0
4
0 2 1 2
0 6 0 1
0 20 0 1
0 21 -1 0
15
end_operator
begin_operator
do-grind p2 grinder0 smooth mauve glazed untreated
5
0 3
1 1
23 0
24 0
26 0
4
0 2 1 2
0 6 0 1
0 20 0 1
0 21 -1 0
15
end_operator
begin_operator
do-grind p2 grinder0 smooth mauve glazed untreated
5
0 3
1 2
23 0
24 0
26 0
4
0 2 1 2
0 6 0 1
0 20 0 1
0 21 -1 0
15
end_operator
begin_operator
do-grind p2 grinder0 smooth mauve glazed untreated
5
0 3
1 3
23 0
24 0
26 0
4
0 2 1 2
0 6 0 1
0 20 0 1
0 21 -1 0
15
end_operator
begin_operator
do-grind p2 grinder0 smooth mauve glazed untreated
5
0 3
1 4
23 0
24 0
26 0
4
0 2 1 2
0 6 0 1
0 20 0 1
0 21 -1 0
15
end_operator
begin_operator
do-grind p2 grinder0 smooth mauve glazed untreated
5
0 4
1 0
23 0
24 0
26 0
4
0 2 1 2
0 6 0 1
0 20 0 1
0 21 -1 0
15
end_operator
begin_operator
do-grind p2 grinder0 smooth mauve glazed untreated
5
0 4
1 1
23 0
24 0
26 0
4
0 2 1 2
0 6 0 1
0 20 0 1
0 21 -1 0
15
end_operator
begin_operator
do-grind p2 grinder0 smooth mauve glazed untreated
5
0 4
1 2
23 0
24 0
26 0
4
0 2 1 2
0 6 0 1
0 20 0 1
0 21 -1 0
15
end_operator
begin_operator
do-grind p2 grinder0 smooth mauve glazed untreated
5
0 4
1 3
23 0
24 0
26 0
4
0 2 1 2
0 6 0 1
0 20 0 1
0 21 -1 0
15
end_operator
begin_operator
do-grind p2 grinder0 smooth mauve glazed untreated
5
0 4
1 4
23 0
24 0
26 0
4
0 2 1 2
0 6 0 1
0 20 0 1
0 21 -1 0
15
end_operator
begin_operator
do-grind p2 grinder0 smooth mauve glazed untreated
4
0 0
1 1
24 0
26 0
5
0 2 1 2
0 6 0 1
0 20 0 1
0 21 1 0
0 23 1 0
15
end_operator
begin_operator
do-grind p2 grinder0 smooth mauve glazed untreated
4
0 0
1 2
24 0
26 0
5
0 2 1 2
0 6 0 1
0 20 0 1
0 21 1 0
0 23 1 0
15
end_operator
begin_operator
do-grind p2 grinder0 smooth mauve glazed untreated
4
0 0
1 3
24 0
26 0
5
0 2 1 2
0 6 0 1
0 20 0 1
0 21 1 0
0 23 1 0
15
end_operator
begin_operator
do-grind p2 grinder0 smooth mauve glazed untreated
4
0 0
1 4
24 0
26 0
5
0 2 1 2
0 6 0 1
0 20 0 1
0 21 1 0
0 23 1 0
15
end_operator
begin_operator
do-grind p2 grinder0 smooth mauve varnished colourfragments
5
0 0
1 0
23 0
24 0
26 0
4
0 2 3 0
0 6 0 1
0 20 0 1
0 21 -1 0
15
end_operator
begin_operator
do-grind p2 grinder0 smooth mauve varnished colourfragments
5
0 0
1 1
23 0
24 0
26 0
4
0 2 3 0
0 6 0 1
0 20 0 1
0 21 -1 0
15
end_operator
begin_operator
do-grind p2 grinder0 smooth mauve varnished colourfragments
5
0 0
1 2
23 0
24 0
26 0
4
0 2 3 0
0 6 0 1
0 20 0 1
0 21 -1 0
15
end_operator
begin_operator
do-grind p2 grinder0 smooth mauve varnished colourfragments
5
0 0
1 3
23 0
24 0
26 0
4
0 2 3 0
0 6 0 1
0 20 0 1
0 21 -1 0
15
end_operator
begin_operator
do-grind p2 grinder0 smooth mauve varnished colourfragments
5
0 0
1 4
23 0
24 0
26 0
4
0 2 3 0
0 6 0 1
0 20 0 1
0 21 -1 0
15
end_operator
begin_operator
do-grind p2 grinder0 smooth mauve varnished colourfragments
5
0 1
1 0
23 0
24 0
26 0
4
0 2 3 0
0 6 0 1
0 20 0 1
0 21 -1 0
15
end_operator
begin_operator
do-grind p2 grinder0 smooth mauve varnished colourfragments
5
0 1
1 1
23 0
24 0
26 0
4
0 2 3 0
0 6 0 1
0 20 0 1
0 21 -1 0
15
end_operator
begin_operator
do-grind p2 grinder0 smooth mauve varnished colourfragments
5
0 1
1 2
23 0
24 0
26 0
4
0 2 3 0
0 6 0 1
0 20 0 1
0 21 -1 0
15
end_operator
begin_operator
do-grind p2 grinder0 smooth mauve varnished colourfragments
5
0 1
1 3
23 0
24 0
26 0
4
0 2 3 0
0 6 0 1
0 20 0 1
0 21 -1 0
15
end_operator
begin_operator
do-grind p2 grinder0 smooth mauve varnished colourfragments
5
0 1
1 4
23 0
24 0
26 0
4
0 2 3 0
0 6 0 1
0 20 0 1
0 21 -1 0
15
end_operator
begin_operator
do-grind p2 grinder0 smooth mauve varnished colourfragments
5
0 2
1 0
23 0
24 0
26 0
4
0 2 3 0
0 6 0 1
0 20 0 1
0 21 -1 0
15
end_operator
begin_operator
do-grind p2 grinder0 smooth mauve varnished colourfragments
5
0 2
1 1
23 0
24 0
26 0
4
0 2 3 0
0 6 0 1
0 20 0 1
0 21 -1 0
15
end_operator
begin_operator
do-grind p2 grinder0 smooth mauve varnished colourfragments
5
0 2
1 2
23 0
24 0
26 0
4
0 2 3 0
0 6 0 1
0 20 0 1
0 21 -1 0
15
end_operator
begin_operator
do-grind p2 grinder0 smooth mauve varnished colourfragments
5
0 2
1 3
23 0
24 0
26 0
4
0 2 3 0
0 6 0 1
0 20 0 1
0 21 -1 0
15
end_operator
begin_operator
do-grind p2 grinder0 smooth mauve varnished colourfragments
5
0 2
1 4
23 0
24 0
26 0
4
0 2 3 0
0 6 0 1
0 20 0 1
0 21 -1 0
15
end_operator
begin_operator
do-grind p2 grinder0 smooth mauve varnished colourfragments
5
0 3
1 0
23 0
24 0
26 0
4
0 2 3 0
0 6 0 1
0 20 0 1
0 21 -1 0
15
end_operator
begin_operator
do-grind p2 grinder0 smooth mauve varnished colourfragments
5
0 3
1 1
23 0
24 0
26 0
4
0 2 3 0
0 6 0 1
0 20 0 1
0 21 -1 0
15
end_operator
begin_operator
do-grind p2 grinder0 smooth mauve varnished colourfragments
5
0 3
1 2
23 0
24 0
26 0
4
0 2 3 0
0 6 0 1
0 20 0 1
0 21 -1 0
15
end_operator
begin_operator
do-grind p2 grinder0 smooth mauve varnished colourfragments
5
0 3
1 3
23 0
24 0
26 0
4
0 2 3 0
0 6 0 1
0 20 0 1
0 21 -1 0
15
end_operator
begin_operator
do-grind p2 grinder0 smooth mauve varnished colourfragments
5
0 3
1 4
23 0
24 0
26 0
4
0 2 3 0
0 6 0 1
0 20 0 1
0 21 -1 0
15
end_operator
begin_operator
do-grind p2 grinder0 smooth mauve varnished colourfragments
5
0 4
1 0
23 0
24 0
26 0
4
0 2 3 0
0 6 0 1
0 20 0 1
0 21 -1 0
15
end_operator
begin_operator
do-grind p2 grinder0 smooth mauve varnished colourfragments
5
0 4
1 1
23 0
24 0
26 0
4
0 2 3 0
0 6 0 1
0 20 0 1
0 21 -1 0
15
end_operator
begin_operator
do-grind p2 grinder0 smooth mauve varnished colourfragments
5
0 4
1 2
23 0
24 0
26 0
4
0 2 3 0
0 6 0 1
0 20 0 1
0 21 -1 0
15
end_operator
begin_operator
do-grind p2 grinder0 smooth mauve varnished colourfragments
5
0 4
1 3
23 0
24 0
26 0
4
0 2 3 0
0 6 0 1
0 20 0 1
0 21 -1 0
15
end_operator
begin_operator
do-grind p2 grinder0 smooth mauve varnished colourfragments
5
0 4
1 4
23 0
24 0
26 0
4
0 2 3 0
0 6 0 1
0 20 0 1
0 21 -1 0
15
end_operator
begin_operator
do-grind p2 grinder0 smooth mauve varnished colourfragments
4
0 0
1 1
24 0
26 0
5
0 2 3 0
0 6 0 1
0 20 0 1
0 21 1 0
0 23 1 0
15
end_operator
begin_operator
do-grind p2 grinder0 smooth mauve varnished colourfragments
4
0 0
1 2
24 0
26 0
5
0 2 3 0
0 6 0 1
0 20 0 1
0 21 1 0
0 23 1 0
15
end_operator
begin_operator
do-grind p2 grinder0 smooth mauve varnished colourfragments
4
0 0
1 3
24 0
26 0
5
0 2 3 0
0 6 0 1
0 20 0 1
0 21 1 0
0 23 1 0
15
end_operator
begin_operator
do-grind p2 grinder0 smooth mauve varnished colourfragments
4
0 0
1 4
24 0
26 0
5
0 2 3 0
0 6 0 1
0 20 0 1
0 21 1 0
0 23 1 0
15
end_operator
begin_operator
do-grind p2 grinder0 smooth natural untreated untreated
2
2 2
21 0
1
0 6 0 1
15
end_operator
begin_operator
do-grind p2 grinder0 verysmooth green glazed untreated
6
0 0
1 0
6 1
23 0
24 0
26 0
3
0 2 1 2
0 19 0 1
0 21 -1 0
15
end_operator
begin_operator
do-grind p2 grinder0 verysmooth green glazed untreated
6
0 0
1 1
6 1
23 0
24 0
26 0
3
0 2 1 2
0 19 0 1
0 21 -1 0
15
end_operator
begin_operator
do-grind p2 grinder0 verysmooth green glazed untreated
6
0 0
1 2
6 1
23 0
24 0
26 0
3
0 2 1 2
0 19 0 1
0 21 -1 0
15
end_operator
begin_operator
do-grind p2 grinder0 verysmooth green glazed untreated
6
0 0
1 3
6 1
23 0
24 0
26 0
3
0 2 1 2
0 19 0 1
0 21 -1 0
15
end_operator
begin_operator
do-grind p2 grinder0 verysmooth green glazed untreated
6
0 0
1 4
6 1
23 0
24 0
26 0
3
0 2 1 2
0 19 0 1
0 21 -1 0
15
end_operator
begin_operator
do-grind p2 grinder0 verysmooth green glazed untreated
6
0 1
1 0
6 1
23 0
24 0
26 0
3
0 2 1 2
0 19 0 1
0 21 -1 0
15
end_operator
begin_operator
do-grind p2 grinder0 verysmooth green glazed untreated
6
0 1
1 1
6 1
23 0
24 0
26 0
3
0 2 1 2
0 19 0 1
0 21 -1 0
15
end_operator
begin_operator
do-grind p2 grinder0 verysmooth green glazed untreated
6
0 1
1 2
6 1
23 0
24 0
26 0
3
0 2 1 2
0 19 0 1
0 21 -1 0
15
end_operator
begin_operator
do-grind p2 grinder0 verysmooth green glazed untreated
6
0 1
1 3
6 1
23 0
24 0
26 0
3
0 2 1 2
0 19 0 1
0 21 -1 0
15
end_operator
begin_operator
do-grind p2 grinder0 verysmooth green glazed untreated
6
0 1
1 4
6 1
23 0
24 0
26 0
3
0 2 1 2
0 19 0 1
0 21 -1 0
15
end_operator
begin_operator
do-grind p2 grinder0 verysmooth green glazed untreated
6
0 2
1 0
6 1
23 0
24 0
26 0
3
0 2 1 2
0 19 0 1
0 21 -1 0
15
end_operator
begin_operator
do-grind p2 grinder0 verysmooth green glazed untreated
6
0 2
1 1
6 1
23 0
24 0
26 0
3
0 2 1 2
0 19 0 1
0 21 -1 0
15
end_operator
begin_operator
do-grind p2 grinder0 verysmooth green glazed untreated
6
0 2
1 2
6 1
23 0
24 0
26 0
3
0 2 1 2
0 19 0 1
0 21 -1 0
15
end_operator
begin_operator
do-grind p2 grinder0 verysmooth green glazed untreated
6
0 2
1 3
6 1
23 0
24 0
26 0
3
0 2 1 2
0 19 0 1
0 21 -1 0
15
end_operator
begin_operator
do-grind p2 grinder0 verysmooth green glazed untreated
6
0 2
1 4
6 1
23 0
24 0
26 0
3
0 2 1 2
0 19 0 1
0 21 -1 0
15
end_operator
begin_operator
do-grind p2 grinder0 verysmooth green glazed untreated
6
0 3
1 0
6 1
23 0
24 0
26 0
3
0 2 1 2
0 19 0 1
0 21 -1 0
15
end_operator
begin_operator
do-grind p2 grinder0 verysmooth green glazed untreated
6
0 3
1 1
6 1
23 0
24 0
26 0
3
0 2 1 2
0 19 0 1
0 21 -1 0
15
end_operator
begin_operator
do-grind p2 grinder0 verysmooth green glazed untreated
6
0 3
1 2
6 1
23 0
24 0
26 0
3
0 2 1 2
0 19 0 1
0 21 -1 0
15
end_operator
begin_operator
do-grind p2 grinder0 verysmooth green glazed untreated
6
0 3
1 3
6 1
23 0
24 0
26 0
3
0 2 1 2
0 19 0 1
0 21 -1 0
15
end_operator
begin_operator
do-grind p2 grinder0 verysmooth green glazed untreated
6
0 3
1 4
6 1
23 0
24 0
26 0
3
0 2 1 2
0 19 0 1
0 21 -1 0
15
end_operator
begin_operator
do-grind p2 grinder0 verysmooth green glazed untreated
6
0 4
1 0
6 1
23 0
24 0
26 0
3
0 2 1 2
0 19 0 1
0 21 -1 0
15
end_operator
begin_operator
do-grind p2 grinder0 verysmooth green glazed untreated
6
0 4
1 1
6 1
23 0
24 0
26 0
3
0 2 1 2
0 19 0 1
0 21 -1 0
15
end_operator
begin_operator
do-grind p2 grinder0 verysmooth green glazed untreated
6
0 4
1 2
6 1
23 0
24 0
26 0
3
0 2 1 2
0 19 0 1
0 21 -1 0
15
end_operator
begin_operator
do-grind p2 grinder0 verysmooth green glazed untreated
6
0 4
1 3
6 1
23 0
24 0
26 0
3
0 2 1 2
0 19 0 1
0 21 -1 0
15
end_operator
begin_operator
do-grind p2 grinder0 verysmooth green glazed untreated
6
0 4
1 4
6 1
23 0
24 0
26 0
3
0 2 1 2
0 19 0 1
0 21 -1 0
15
end_operator
begin_operator
do-grind p2 grinder0 verysmooth green glazed untreated
5
0 0
1 1
6 1
24 0
26 0
4
0 2 1 2
0 19 0 1
0 21 1 0
0 23 1 0
15
end_operator
begin_operator
do-grind p2 grinder0 verysmooth green glazed untreated
5
0 0
1 2
6 1
24 0
26 0
4
0 2 1 2
0 19 0 1
0 21 1 0
0 23 1 0
15
end_operator
begin_operator
do-grind p2 grinder0 verysmooth green glazed untreated
5
0 0
1 3
6 1
24 0
26 0
4
0 2 1 2
0 19 0 1
0 21 1 0
0 23 1 0
15
end_operator
begin_operator
do-grind p2 grinder0 verysmooth green glazed untreated
5
0 0
1 4
6 1
24 0
26 0
4
0 2 1 2
0 19 0 1
0 21 1 0
0 23 1 0
15
end_operator
begin_operator
do-grind p2 grinder0 verysmooth mauve glazed untreated
6
0 0
1 0
6 1
23 0
24 0
26 0
3
0 2 1 2
0 20 0 1
0 21 -1 0
15
end_operator
begin_operator
do-grind p2 grinder0 verysmooth mauve glazed untreated
6
0 0
1 1
6 1
23 0
24 0
26 0
3
0 2 1 2
0 20 0 1
0 21 -1 0
15
end_operator
begin_operator
do-grind p2 grinder0 verysmooth mauve glazed untreated
6
0 0
1 2
6 1
23 0
24 0
26 0
3
0 2 1 2
0 20 0 1
0 21 -1 0
15
end_operator
begin_operator
do-grind p2 grinder0 verysmooth mauve glazed untreated
6
0 0
1 3
6 1
23 0
24 0
26 0
3
0 2 1 2
0 20 0 1
0 21 -1 0
15
end_operator
begin_operator
do-grind p2 grinder0 verysmooth mauve glazed untreated
6
0 0
1 4
6 1
23 0
24 0
26 0
3
0 2 1 2
0 20 0 1
0 21 -1 0
15
end_operator
begin_operator
do-grind p2 grinder0 verysmooth mauve glazed untreated
6
0 1
1 0
6 1
23 0
24 0
26 0
3
0 2 1 2
0 20 0 1
0 21 -1 0
15
end_operator
begin_operator
do-grind p2 grinder0 verysmooth mauve glazed untreated
6
0 1
1 1
6 1
23 0
24 0
26 0
3
0 2 1 2
0 20 0 1
0 21 -1 0
15
end_operator
begin_operator
do-grind p2 grinder0 verysmooth mauve glazed untreated
6
0 1
1 2
6 1
23 0
24 0
26 0
3
0 2 1 2
0 20 0 1
0 21 -1 0
15
end_operator
begin_operator
do-grind p2 grinder0 verysmooth mauve glazed untreated
6
0 1
1 3
6 1
23 0
24 0
26 0
3
0 2 1 2
0 20 0 1
0 21 -1 0
15
end_operator
begin_operator
do-grind p2 grinder0 verysmooth mauve glazed untreated
6
0 1
1 4
6 1
23 0
24 0
26 0
3
0 2 1 2
0 20 0 1
0 21 -1 0
15
end_operator
begin_operator
do-grind p2 grinder0 verysmooth mauve glazed untreated
6
0 2
1 0
6 1
23 0
24 0
26 0
3
0 2 1 2
0 20 0 1
0 21 -1 0
15
end_operator
begin_operator
do-grind p2 grinder0 verysmooth mauve glazed untreated
6
0 2
1 1
6 1
23 0
24 0
26 0
3
0 2 1 2
0 20 0 1
0 21 -1 0
15
end_operator
begin_operator
do-grind p2 grinder0 verysmooth mauve glazed untreated
6
0 2
1 2
6 1
23 0
24 0
26 0
3
0 2 1 2
0 20 0 1
0 21 -1 0
15
end_operator
begin_operator
do-grind p2 grinder0 verysmooth mauve glazed untreated
6
0 2
1 3
6 1
23 0
24 0
26 0
3
0 2 1 2
0 20 0 1
0 21 -1 0
15
end_operator
begin_operator
do-grind p2 grinder0 verysmooth mauve glazed untreated
6
0 2
1 4
6 1
23 0
24 0
26 0
3
0 2 1 2
0 20 0 1
0 21 -1 0
15
end_operator
begin_operator
do-grind p2 grinder0 verysmooth mauve glazed untreated
6
0 3
1 0
6 1
23 0
24 0
26 0
3
0 2 1 2
0 20 0 1
0 21 -1 0
15
end_operator
begin_operator
do-grind p2 grinder0 verysmooth mauve glazed untreated
6
0 3
1 1
6 1
23 0
24 0
26 0
3
0 2 1 2
0 20 0 1
0 21 -1 0
15
end_operator
begin_operator
do-grind p2 grinder0 verysmooth mauve glazed untreated
6
0 3
1 2
6 1
23 0
24 0
26 0
3
0 2 1 2
0 20 0 1
0 21 -1 0
15
end_operator
begin_operator
do-grind p2 grinder0 verysmooth mauve glazed untreated
6
0 3
1 3
6 1
23 0
24 0
26 0
3
0 2 1 2
0 20 0 1
0 21 -1 0
15
end_operator
begin_operator
do-grind p2 grinder0 verysmooth mauve glazed untreated
6
0 3
1 4
6 1
23 0
24 0
26 0
3
0 2 1 2
0 20 0 1
0 21 -1 0
15
end_operator
begin_operator
do-grind p2 grinder0 verysmooth mauve glazed untreated
6
0 4
1 0
6 1
23 0
24 0
26 0
3
0 2 1 2
0 20 0 1
0 21 -1 0
15
end_operator
begin_operator
do-grind p2 grinder0 verysmooth mauve glazed untreated
6
0 4
1 1
6 1
23 0
24 0
26 0
3
0 2 1 2
0 20 0 1
0 21 -1 0
15
end_operator
begin_operator
do-grind p2 grinder0 verysmooth mauve glazed untreated
6
0 4
1 2
6 1
23 0
24 0
26 0
3
0 2 1 2
0 20 0 1
0 21 -1 0
15
end_operator
begin_operator
do-grind p2 grinder0 verysmooth mauve glazed untreated
6
0 4
1 3
6 1
23 0
24 0
26 0
3
0 2 1 2
0 20 0 1
0 21 -1 0
15
end_operator
begin_operator
do-grind p2 grinder0 verysmooth mauve glazed untreated
6
0 4
1 4
6 1
23 0
24 0
26 0
3
0 2 1 2
0 20 0 1
0 21 -1 0
15
end_operator
begin_operator
do-grind p2 grinder0 verysmooth mauve glazed untreated
5
0 0
1 1
6 1
24 0
26 0
4
0 2 1 2
0 20 0 1
0 21 1 0
0 23 1 0
15
end_operator
begin_operator
do-grind p2 grinder0 verysmooth mauve glazed untreated
5
0 0
1 2
6 1
24 0
26 0
4
0 2 1 2
0 20 0 1
0 21 1 0
0 23 1 0
15
end_operator
begin_operator
do-grind p2 grinder0 verysmooth mauve glazed untreated
5
0 0
1 3
6 1
24 0
26 0
4
0 2 1 2
0 20 0 1
0 21 1 0
0 23 1 0
15
end_operator
begin_operator
do-grind p2 grinder0 verysmooth mauve glazed untreated
5
0 0
1 4
6 1
24 0
26 0
4
0 2 1 2
0 20 0 1
0 21 1 0
0 23 1 0
15
end_operator
begin_operator
do-grind p2 grinder0 verysmooth mauve varnished colourfragments
6
0 0
1 0
6 1
23 0
24 0
26 0
3
0 2 3 0
0 20 0 1
0 21 -1 0
15
end_operator
begin_operator
do-grind p2 grinder0 verysmooth mauve varnished colourfragments
6
0 0
1 1
6 1
23 0
24 0
26 0
3
0 2 3 0
0 20 0 1
0 21 -1 0
15
end_operator
begin_operator
do-grind p2 grinder0 verysmooth mauve varnished colourfragments
6
0 0
1 2
6 1
23 0
24 0
26 0
3
0 2 3 0
0 20 0 1
0 21 -1 0
15
end_operator
begin_operator
do-grind p2 grinder0 verysmooth mauve varnished colourfragments
6
0 0
1 3
6 1
23 0
24 0
26 0
3
0 2 3 0
0 20 0 1
0 21 -1 0
15
end_operator
begin_operator
do-grind p2 grinder0 verysmooth mauve varnished colourfragments
6
0 0
1 4
6 1
23 0
24 0
26 0
3
0 2 3 0
0 20 0 1
0 21 -1 0
15
end_operator
begin_operator
do-grind p2 grinder0 verysmooth mauve varnished colourfragments
6
0 1
1 0
6 1
23 0
24 0
26 0
3
0 2 3 0
0 20 0 1
0 21 -1 0
15
end_operator
begin_operator
do-grind p2 grinder0 verysmooth mauve varnished colourfragments
6
0 1
1 1
6 1
23 0
24 0
26 0
3
0 2 3 0
0 20 0 1
0 21 -1 0
15
end_operator
begin_operator
do-grind p2 grinder0 verysmooth mauve varnished colourfragments
6
0 1
1 2
6 1
23 0
24 0
26 0
3
0 2 3 0
0 20 0 1
0 21 -1 0
15
end_operator
begin_operator
do-grind p2 grinder0 verysmooth mauve varnished colourfragments
6
0 1
1 3
6 1
23 0
24 0
26 0
3
0 2 3 0
0 20 0 1
0 21 -1 0
15
end_operator
begin_operator
do-grind p2 grinder0 verysmooth mauve varnished colourfragments
6
0 1
1 4
6 1
23 0
24 0
26 0
3
0 2 3 0
0 20 0 1
0 21 -1 0
15
end_operator
begin_operator
do-grind p2 grinder0 verysmooth mauve varnished colourfragments
6
0 2
1 0
6 1
23 0
24 0
26 0
3
0 2 3 0
0 20 0 1
0 21 -1 0
15
end_operator
begin_operator
do-grind p2 grinder0 verysmooth mauve varnished colourfragments
6
0 2
1 1
6 1
23 0
24 0
26 0
3
0 2 3 0
0 20 0 1
0 21 -1 0
15
end_operator
begin_operator
do-grind p2 grinder0 verysmooth mauve varnished colourfragments
6
0 2
1 2
6 1
23 0
24 0
26 0
3
0 2 3 0
0 20 0 1
0 21 -1 0
15
end_operator
begin_operator
do-grind p2 grinder0 verysmooth mauve varnished colourfragments
6
0 2
1 3
6 1
23 0
24 0
26 0
3
0 2 3 0
0 20 0 1
0 21 -1 0
15
end_operator
begin_operator
do-grind p2 grinder0 verysmooth mauve varnished colourfragments
6
0 2
1 4
6 1
23 0
24 0
26 0
3
0 2 3 0
0 20 0 1
0 21 -1 0
15
end_operator
begin_operator
do-grind p2 grinder0 verysmooth mauve varnished colourfragments
6
0 3
1 0
6 1
23 0
24 0
26 0
3
0 2 3 0
0 20 0 1
0 21 -1 0
15
end_operator
begin_operator
do-grind p2 grinder0 verysmooth mauve varnished colourfragments
6
0 3
1 1
6 1
23 0
24 0
26 0
3
0 2 3 0
0 20 0 1
0 21 -1 0
15
end_operator
begin_operator
do-grind p2 grinder0 verysmooth mauve varnished colourfragments
6
0 3
1 2
6 1
23 0
24 0
26 0
3
0 2 3 0
0 20 0 1
0 21 -1 0
15
end_operator
begin_operator
do-grind p2 grinder0 verysmooth mauve varnished colourfragments
6
0 3
1 3
6 1
23 0
24 0
26 0
3
0 2 3 0
0 20 0 1
0 21 -1 0
15
end_operator
begin_operator
do-grind p2 grinder0 verysmooth mauve varnished colourfragments
6
0 3
1 4
6 1
23 0
24 0
26 0
3
0 2 3 0
0 20 0 1
0 21 -1 0
15
end_operator
begin_operator
do-grind p2 grinder0 verysmooth mauve varnished colourfragments
6
0 4
1 0
6 1
23 0
24 0
26 0
3
0 2 3 0
0 20 0 1
0 21 -1 0
15
end_operator
begin_operator
do-grind p2 grinder0 verysmooth mauve varnished colourfragments
6
0 4
1 1
6 1
23 0
24 0
26 0
3
0 2 3 0
0 20 0 1
0 21 -1 0
15
end_operator
begin_operator
do-grind p2 grinder0 verysmooth mauve varnished colourfragments
6
0 4
1 2
6 1
23 0
24 0
26 0
3
0 2 3 0
0 20 0 1
0 21 -1 0
15
end_operator
begin_operator
do-grind p2 grinder0 verysmooth mauve varnished colourfragments
6
0 4
1 3
6 1
23 0
24 0
26 0
3
0 2 3 0
0 20 0 1
0 21 -1 0
15
end_operator
begin_operator
do-grind p2 grinder0 verysmooth mauve varnished colourfragments
6
0 4
1 4
6 1
23 0
24 0
26 0
3
0 2 3 0
0 20 0 1
0 21 -1 0
15
end_operator
begin_operator
do-grind p2 grinder0 verysmooth mauve varnished colourfragments
5
0 0
1 1
6 1
24 0
26 0
4
0 2 3 0
0 20 0 1
0 21 1 0
0 23 1 0
15
end_operator
begin_operator
do-grind p2 grinder0 verysmooth mauve varnished colourfragments
5
0 0
1 2
6 1
24 0
26 0
4
0 2 3 0
0 20 0 1
0 21 1 0
0 23 1 0
15
end_operator
begin_operator
do-grind p2 grinder0 verysmooth mauve varnished colourfragments
5
0 0
1 3
6 1
24 0
26 0
4
0 2 3 0
0 20 0 1
0 21 1 0
0 23 1 0
15
end_operator
begin_operator
do-grind p2 grinder0 verysmooth mauve varnished colourfragments
5
0 0
1 4
6 1
24 0
26 0
4
0 2 3 0
0 20 0 1
0 21 1 0
0 23 1 0
15
end_operator
begin_operator
do-grind p2 grinder0 verysmooth natural colourfragments untreated
2
6 1
21 0
1
0 2 0 2
15
end_operator
begin_operator
do-immersion-varnish p0 immersion-varnisher0 mauve smooth
2
4 1
9 0
3
0 0 2 3
0 14 -1 0
0 15 -1 1
10
end_operator
begin_operator
do-immersion-varnish p0 immersion-varnisher0 mauve verysmooth
2
4 2
9 0
3
0 0 2 3
0 14 -1 0
0 15 -1 1
10
end_operator
begin_operator
do-immersion-varnish p1 immersion-varnisher0 mauve smooth
2
5 1
10 0
3
0 1 2 3
0 17 -1 0
0 18 -1 1
10
end_operator
begin_operator
do-immersion-varnish p1 immersion-varnisher0 mauve verysmooth
2
5 2
10 0
3
0 1 2 3
0 17 -1 0
0 18 -1 1
10
end_operator
begin_operator
do-plane p0 planer0 rough green glazed
5
1 1
9 0
21 0
25 0
26 0
4
0 0 1 2
0 4 0 1
0 13 0 1
0 15 -1 0
20
end_operator
begin_operator
do-plane p0 planer0 rough green glazed
5
1 1
9 0
21 1
25 0
26 0
4
0 0 1 2
0 4 0 1
0 13 0 1
0 15 -1 0
20
end_operator
begin_operator
do-plane p0 planer0 rough green glazed
5
1 2
9 0
21 0
25 0
26 0
4
0 0 1 2
0 4 0 1
0 13 0 1
0 15 -1 0
20
end_operator
begin_operator
do-plane p0 planer0 rough green glazed
5
1 2
9 0
21 1
25 0
26 0
4
0 0 1 2
0 4 0 1
0 13 0 1
0 15 -1 0
20
end_operator
begin_operator
do-plane p0 planer0 rough green glazed
5
1 3
9 0
21 0
25 0
26 0
4
0 0 1 2
0 4 0 1
0 13 0 1
0 15 -1 0
20
end_operator
begin_operator
do-plane p0 planer0 rough green glazed
5
1 3
9 0
21 1
25 0
26 0
4
0 0 1 2
0 4 0 1
0 13 0 1
0 15 -1 0
20
end_operator
begin_operator
do-plane p0 planer0 rough green glazed
5
1 4
9 0
21 0
25 0
26 0
4
0 0 1 2
0 4 0 1
0 13 0 1
0 15 -1 0
20
end_operator
begin_operator
do-plane p0 planer0 rough green glazed
5
1 4
9 0
21 1
25 0
26 0
4
0 0 1 2
0 4 0 1
0 13 0 1
0 15 -1 0
20
end_operator
begin_operator
do-plane p0 planer0 rough green glazed
4
1 0
9 0
21 0
26 0
5
0 0 1 2
0 4 0 1
0 13 0 1
0 15 -1 0
0 25 1 0
20
end_operator
begin_operator
do-plane p0 planer0 rough green glazed
4
1 0
9 0
21 1
26 0
5
0 0 1 2
0 4 0 1
0 13 0 1
0 15 -1 0
0 25 1 0
20
end_operator
begin_operator
do-plane p0 planer0 rough mauve glazed
5
1 1
9 0
21 0
25 0
26 0
4
0 0 1 2
0 4 0 1
0 14 0 1
0 15 -1 0
20
end_operator
begin_operator
do-plane p0 planer0 rough mauve glazed
5
1 1
9 0
21 1
25 0
26 0
4
0 0 1 2
0 4 0 1
0 14 0 1
0 15 -1 0
20
end_operator
begin_operator
do-plane p0 planer0 rough mauve glazed
5
1 2
9 0
21 0
25 0
26 0
4
0 0 1 2
0 4 0 1
0 14 0 1
0 15 -1 0
20
end_operator
begin_operator
do-plane p0 planer0 rough mauve glazed
5
1 2
9 0
21 1
25 0
26 0
4
0 0 1 2
0 4 0 1
0 14 0 1
0 15 -1 0
20
end_operator
begin_operator
do-plane p0 planer0 rough mauve glazed
5
1 3
9 0
21 0
25 0
26 0
4
0 0 1 2
0 4 0 1
0 14 0 1
0 15 -1 0
20
end_operator
begin_operator
do-plane p0 planer0 rough mauve glazed
5
1 3
9 0
21 1
25 0
26 0
4
0 0 1 2
0 4 0 1
0 14 0 1
0 15 -1 0
20
end_operator
begin_operator
do-plane p0 planer0 rough mauve glazed
5
1 4
9 0
21 0
25 0
26 0
4
0 0 1 2
0 4 0 1
0 14 0 1
0 15 -1 0
20
end_operator
begin_operator
do-plane p0 planer0 rough mauve glazed
5
1 4
9 0
21 1
25 0
26 0
4
0 0 1 2
0 4 0 1
0 14 0 1
0 15 -1 0
20
end_operator
begin_operator
do-plane p0 planer0 rough mauve glazed
4
1 0
9 0
21 0
26 0
5
0 0 1 2
0 4 0 1
0 14 0 1
0 15 -1 0
0 25 1 0
20
end_operator
begin_operator
do-plane p0 planer0 rough mauve glazed
4
1 0
9 0
21 1
26 0
5
0 0 1 2
0 4 0 1
0 14 0 1
0 15 -1 0
0 25 1 0
20
end_operator
begin_operator
do-plane p0 planer0 rough natural untreated
3
0 2
9 0
15 0
1
0 4 0 1
20
end_operator
begin_operator
do-plane p0 planer0 smooth green glazed
6
1 1
4 1
9 0
21 0
25 0
26 0
3
0 0 1 2
0 13 0 1
0 15 -1 0
20
end_operator
begin_operator
do-plane p0 planer0 smooth green glazed
6
1 1
4 1
9 0
21 1
25 0
26 0
3
0 0 1 2
0 13 0 1
0 15 -1 0
20
end_operator
begin_operator
do-plane p0 planer0 smooth green glazed
6
1 2
4 1
9 0
21 0
25 0
26 0
3
0 0 1 2
0 13 0 1
0 15 -1 0
20
end_operator
begin_operator
do-plane p0 planer0 smooth green glazed
6
1 2
4 1
9 0
21 1
25 0
26 0
3
0 0 1 2
0 13 0 1
0 15 -1 0
20
end_operator
begin_operator
do-plane p0 planer0 smooth green glazed
6
1 3
4 1
9 0
21 0
25 0
26 0
3
0 0 1 2
0 13 0 1
0 15 -1 0
20
end_operator
begin_operator
do-plane p0 planer0 smooth green glazed
6
1 3
4 1
9 0
21 1
25 0
26 0
3
0 0 1 2
0 13 0 1
0 15 -1 0
20
end_operator
begin_operator
do-plane p0 planer0 smooth green glazed
6
1 4
4 1
9 0
21 0
25 0
26 0
3
0 0 1 2
0 13 0 1
0 15 -1 0
20
end_operator
begin_operator
do-plane p0 planer0 smooth green glazed
6
1 4
4 1
9 0
21 1
25 0
26 0
3
0 0 1 2
0 13 0 1
0 15 -1 0
20
end_operator
begin_operator
do-plane p0 planer0 smooth green glazed
5
1 0
4 1
9 0
21 0
26 0
4
0 0 1 2
0 13 0 1
0 15 -1 0
0 25 1 0
20
end_operator
begin_operator
do-plane p0 planer0 smooth green glazed
5
1 0
4 1
9 0
21 1
26 0
4
0 0 1 2
0 13 0 1
0 15 -1 0
0 25 1 0
20
end_operator
begin_operator
do-plane p0 planer0 smooth mauve glazed
6
1 1
4 1
9 0
21 0
25 0
26 0
3
0 0 1 2
0 14 0 1
0 15 -1 0
20
end_operator
begin_operator
do-plane p0 planer0 smooth mauve glazed
6
1 1
4 1
9 0
21 1
25 0
26 0
3
0 0 1 2
0 14 0 1
0 15 -1 0
20
end_operator
begin_operator
do-plane p0 planer0 smooth mauve glazed
6
1 2
4 1
9 0
21 0
25 0
26 0
3
0 0 1 2
0 14 0 1
0 15 -1 0
20
end_operator
begin_operator
do-plane p0 planer0 smooth mauve glazed
6
1 2
4 1
9 0
21 1
25 0
26 0
3
0 0 1 2
0 14 0 1
0 15 -1 0
20
end_operator
begin_operator
do-plane p0 planer0 smooth mauve glazed
6
1 3
4 1
9 0
21 0
25 0
26 0
3
0 0 1 2
0 14 0 1
0 15 -1 0
20
end_operator
begin_operator
do-plane p0 planer0 smooth mauve glazed
6
1 3
4 1
9 0
21 1
25 0
26 0
3
0 0 1 2
0 14 0 1
0 15 -1 0
20
end_operator
begin_operator
do-plane p0 planer0 smooth mauve glazed
6
1 4
4 1
9 0
21 0
25 0
26 0
3
0 0 1 2
0 14 0 1
0 15 -1 0
20
end_operator
begin_operator
do-plane p0 planer0 smooth mauve glazed
6
1 4
4 1
9 0
21 1
25 0
26 0
3
0 0 1 2
0 14 0 1
0 15 -1 0
20
end_operator
begin_operator
do-plane p0 planer0 smooth mauve glazed
5
1 0
4 1
9 0
21 0
26 0
4
0 0 1 2
0 14 0 1
0 15 -1 0
0 25 1 0
20
end_operator
begin_operator
do-plane p0 planer0 smooth mauve glazed
5
1 0
4 1
9 0
21 1
26 0
4
0 0 1 2
0 14 0 1
0 15 -1 0
0 25 1 0
20
end_operator
begin_operator
do-plane p0 planer0 smooth mauve varnished
2
4 1
9 0
3
0 0 3 2
0 14 0 1
0 15 -1 0
20
end_operator
begin_operator
do-plane p0 planer0 verysmooth green glazed
5
1 1
9 0
21 0
25 0
26 0
4
0 0 1 2
0 4 2 1
0 13 0 1
0 15 -1 0
20
end_operator
begin_operator
do-plane p0 planer0 verysmooth green glazed
5
1 1
9 0
21 1
25 0
26 0
4
0 0 1 2
0 4 2 1
0 13 0 1
0 15 -1 0
20
end_operator
begin_operator
do-plane p0 planer0 verysmooth green glazed
5
1 2
9 0
21 0
25 0
26 0
4
0 0 1 2
0 4 2 1
0 13 0 1
0 15 -1 0
20
end_operator
begin_operator
do-plane p0 planer0 verysmooth green glazed
5
1 2
9 0
21 1
25 0
26 0
4
0 0 1 2
0 4 2 1
0 13 0 1
0 15 -1 0
20
end_operator
begin_operator
do-plane p0 planer0 verysmooth green glazed
5
1 3
9 0
21 0
25 0
26 0
4
0 0 1 2
0 4 2 1
0 13 0 1
0 15 -1 0
20
end_operator
begin_operator
do-plane p0 planer0 verysmooth green glazed
5
1 3
9 0
21 1
25 0
26 0
4
0 0 1 2
0 4 2 1
0 13 0 1
0 15 -1 0
20
end_operator
begin_operator
do-plane p0 planer0 verysmooth green glazed
5
1 4
9 0
21 0
25 0
26 0
4
0 0 1 2
0 4 2 1
0 13 0 1
0 15 -1 0
20
end_operator
begin_operator
do-plane p0 planer0 verysmooth green glazed
5
1 4
9 0
21 1
25 0
26 0
4
0 0 1 2
0 4 2 1
0 13 0 1
0 15 -1 0
20
end_operator
begin_operator
do-plane p0 planer0 verysmooth green glazed
4
1 0
9 0
21 0
26 0
5
0 0 1 2
0 4 2 1
0 13 0 1
0 15 -1 0
0 25 1 0
20
end_operator
begin_operator
do-plane p0 planer0 verysmooth green glazed
4
1 0
9 0
21 1
26 0
5
0 0 1 2
0 4 2 1
0 13 0 1
0 15 -1 0
0 25 1 0
20
end_operator
begin_operator
do-plane p0 planer0 verysmooth mauve glazed
5
1 1
9 0
21 0
25 0
26 0
4
0 0 1 2
0 4 2 1
0 14 0 1
0 15 -1 0
20
end_operator
begin_operator
do-plane p0 planer0 verysmooth mauve glazed
5
1 1
9 0
21 1
25 0
26 0
4
0 0 1 2
0 4 2 1
0 14 0 1
0 15 -1 0
20
end_operator
begin_operator
do-plane p0 planer0 verysmooth mauve glazed
5
1 2
9 0
21 0
25 0
26 0
4
0 0 1 2
0 4 2 1
0 14 0 1
0 15 -1 0
20
end_operator
begin_operator
do-plane p0 planer0 verysmooth mauve glazed
5
1 2
9 0
21 1
25 0
26 0
4
0 0 1 2
0 4 2 1
0 14 0 1
0 15 -1 0
20
end_operator
begin_operator
do-plane p0 planer0 verysmooth mauve glazed
5
1 3
9 0
21 0
25 0
26 0
4
0 0 1 2
0 4 2 1
0 14 0 1
0 15 -1 0
20
end_operator
begin_operator
do-plane p0 planer0 verysmooth mauve glazed
5
1 3
9 0
21 1
25 0
26 0
4
0 0 1 2
0 4 2 1
0 14 0 1
0 15 -1 0
20
end_operator
begin_operator
do-plane p0 planer0 verysmooth mauve glazed
5
1 4
9 0
21 0
25 0
26 0
4
0 0 1 2
0 4 2 1
0 14 0 1
0 15 -1 0
20
end_operator
begin_operator
do-plane p0 planer0 verysmooth mauve glazed
5
1 4
9 0
21 1
25 0
26 0
4
0 0 1 2
0 4 2 1
0 14 0 1
0 15 -1 0
20
end_operator
begin_operator
do-plane p0 planer0 verysmooth mauve glazed
4
1 0
9 0
21 0
26 0
5
0 0 1 2
0 4 2 1
0 14 0 1
0 15 -1 0
0 25 1 0
20
end_operator
begin_operator
do-plane p0 planer0 verysmooth mauve glazed
4
1 0
9 0
21 1
26 0
5
0 0 1 2
0 4 2 1
0 14 0 1
0 15 -1 0
0 25 1 0
20
end_operator
begin_operator
do-plane p0 planer0 verysmooth mauve varnished
1
9 0
4
0 0 3 2
0 4 2 1
0 14 0 1
0 15 -1 0
20
end_operator
begin_operator
do-plane p0 planer0 verysmooth natural colourfragments
8
1 1
9 0
15 0
21 0
22 0
23 0
24 0
26 0
2
0 0 0 2
0 4 2 1
20
end_operator
begin_operator
do-plane p0 planer0 verysmooth natural colourfragments
8
1 2
9 0
15 0
21 0
22 0
23 0
24 0
26 0
2
0 0 0 2
0 4 2 1
20
end_operator
begin_operator
do-plane p0 planer0 verysmooth natural colourfragments
8
1 3
9 0
15 0
21 0
22 0
23 0
24 0
26 0
2
0 0 0 2
0 4 2 1
20
end_operator
begin_operator
do-plane p0 planer0 verysmooth natural colourfragments
8
1 4
9 0
15 0
21 0
22 0
23 0
24 0
26 0
2
0 0 0 2
0 4 2 1
20
end_operator
begin_operator
do-plane p0 planer0 verysmooth natural colourfragments
7
1 1
9 0
15 0
21 1
22 0
24 0
26 0
3
0 0 0 2
0 4 2 1
0 23 1 0
20
end_operator
begin_operator
do-plane p0 planer0 verysmooth natural colourfragments
7
1 2
9 0
15 0
21 1
22 0
24 0
26 0
3
0 0 0 2
0 4 2 1
0 23 1 0
20
end_operator
begin_operator
do-plane p0 planer0 verysmooth natural colourfragments
7
1 3
9 0
15 0
21 1
22 0
24 0
26 0
3
0 0 0 2
0 4 2 1
0 23 1 0
20
end_operator
begin_operator
do-plane p0 planer0 verysmooth natural colourfragments
7
1 4
9 0
15 0
21 1
22 0
24 0
26 0
3
0 0 0 2
0 4 2 1
0 23 1 0
20
end_operator
begin_operator
do-plane p0 planer0 verysmooth natural colourfragments
7
1 0
9 0
15 0
21 0
23 0
24 0
26 0
3
0 0 0 2
0 4 2 1
0 22 1 0
20
end_operator
begin_operator
do-plane p0 planer0 verysmooth natural untreated
3
0 2
9 0
15 0
1
0 4 2 1
20
end_operator
begin_operator
do-plane p1 planer0 rough green glazed
1
10 0
4
0 1 1 2
0 5 0 1
0 16 0 1
0 18 -1 0
20
end_operator
begin_operator
do-plane p1 planer0 rough mauve glazed
1
10 0
4
0 1 1 2
0 5 0 1
0 17 0 1
0 18 -1 0
20
end_operator
begin_operator
do-plane p1 planer0 rough natural untreated
3
1 2
10 0
18 0
1
0 5 0 1
20
end_operator
begin_operator
do-plane p1 planer0 smooth green glazed
2
5 1
10 0
3
0 1 1 2
0 16 0 1
0 18 -1 0
20
end_operator
begin_operator
do-plane p1 planer0 smooth mauve glazed
2
5 1
10 0
3
0 1 1 2
0 17 0 1
0 18 -1 0
20
end_operator
begin_operator
do-plane p1 planer0 smooth mauve varnished
2
5 1
10 0
3
0 1 3 2
0 17 0 1
0 18 -1 0
20
end_operator
begin_operator
do-plane p1 planer0 verysmooth green glazed
1
10 0
4
0 1 1 2
0 5 2 1
0 16 0 1
0 18 -1 0
20
end_operator
begin_operator
do-plane p1 planer0 verysmooth mauve glazed
1
10 0
4
0 1 1 2
0 5 2 1
0 17 0 1
0 18 -1 0
20
end_operator
begin_operator
do-plane p1 planer0 verysmooth mauve varnished
1
10 0
4
0 1 3 2
0 5 2 1
0 17 0 1
0 18 -1 0
20
end_operator
begin_operator
do-plane p1 planer0 verysmooth natural colourfragments
8
0 2
10 0
18 0
21 0
22 0
24 0
25 0
26 0
2
0 1 0 2
0 5 2 1
20
end_operator
begin_operator
do-plane p1 planer0 verysmooth natural colourfragments
8
0 2
10 0
18 0
21 1
22 0
24 0
25 0
26 0
2
0 1 0 2
0 5 2 1
20
end_operator
begin_operator
do-plane p1 planer0 verysmooth natural colourfragments
8
0 3
10 0
18 0
21 0
22 0
24 0
25 0
26 0
2
0 1 0 2
0 5 2 1
20
end_operator
begin_operator
do-plane p1 planer0 verysmooth natural colourfragments
8
0 3
10 0
18 0
21 1
22 0
24 0
25 0
26 0
2
0 1 0 2
0 5 2 1
20
end_operator
begin_operator
do-plane p1 planer0 verysmooth natural colourfragments
8
0 4
10 0
18 0
21 0
22 0
24 0
25 0
26 0
2
0 1 0 2
0 5 2 1
20
end_operator
begin_operator
do-plane p1 planer0 verysmooth natural colourfragments
8
0 4
10 0
18 0
21 1
22 0
24 0
25 0
26 0
2
0 1 0 2
0 5 2 1
20
end_operator
begin_operator
do-plane p1 planer0 verysmooth natural colourfragments
7
0 1
10 0
18 0
21 0
22 0
24 0
26 0
3
0 1 0 2
0 5 2 1
0 25 1 0
20
end_operator
begin_operator
do-plane p1 planer0 verysmooth natural colourfragments
7
0 1
10 0
18 0
21 1
22 0
24 0
26 0
3
0 1 0 2
0 5 2 1
0 25 1 0
20
end_operator
begin_operator
do-plane p1 planer0 verysmooth natural colourfragments
7
0 0
10 0
18 0
21 0
24 0
25 0
26 0
3
0 1 0 2
0 5 2 1
0 22 1 0
20
end_operator
begin_operator
do-plane p1 planer0 verysmooth natural untreated
3
1 2
10 0
18 0
1
0 5 2 1
20
end_operator
begin_operator
do-plane p2 planer0 smooth green glazed
6
0 0
1 0
6 0
23 0
24 0
26 0
3
0 2 1 2
0 19 0 1
0 21 -1 0
10
end_operator
begin_operator
do-plane p2 planer0 smooth green glazed
6
0 0
1 1
6 0
23 0
24 0
26 0
3
0 2 1 2
0 19 0 1
0 21 -1 0
10
end_operator
begin_operator
do-plane p2 planer0 smooth green glazed
6
0 0
1 2
6 0
23 0
24 0
26 0
3
0 2 1 2
0 19 0 1
0 21 -1 0
10
end_operator
begin_operator
do-plane p2 planer0 smooth green glazed
6
0 0
1 3
6 0
23 0
24 0
26 0
3
0 2 1 2
0 19 0 1
0 21 -1 0
10
end_operator
begin_operator
do-plane p2 planer0 smooth green glazed
6
0 0
1 4
6 0
23 0
24 0
26 0
3
0 2 1 2
0 19 0 1
0 21 -1 0
10
end_operator
begin_operator
do-plane p2 planer0 smooth green glazed
6
0 1
1 0
6 0
23 0
24 0
26 0
3
0 2 1 2
0 19 0 1
0 21 -1 0
10
end_operator
begin_operator
do-plane p2 planer0 smooth green glazed
6
0 1
1 1
6 0
23 0
24 0
26 0
3
0 2 1 2
0 19 0 1
0 21 -1 0
10
end_operator
begin_operator
do-plane p2 planer0 smooth green glazed
6
0 1
1 2
6 0
23 0
24 0
26 0
3
0 2 1 2
0 19 0 1
0 21 -1 0
10
end_operator
begin_operator
do-plane p2 planer0 smooth green glazed
6
0 1
1 3
6 0
23 0
24 0
26 0
3
0 2 1 2
0 19 0 1
0 21 -1 0
10
end_operator
begin_operator
do-plane p2 planer0 smooth green glazed
6
0 1
1 4
6 0
23 0
24 0
26 0
3
0 2 1 2
0 19 0 1
0 21 -1 0
10
end_operator
begin_operator
do-plane p2 planer0 smooth green glazed
6
0 2
1 0
6 0
23 0
24 0
26 0
3
0 2 1 2
0 19 0 1
0 21 -1 0
10
end_operator
begin_operator
do-plane p2 planer0 smooth green glazed
6
0 2
1 1
6 0
23 0
24 0
26 0
3
0 2 1 2
0 19 0 1
0 21 -1 0
10
end_operator
begin_operator
do-plane p2 planer0 smooth green glazed
6
0 2
1 2
6 0
23 0
24 0
26 0
3
0 2 1 2
0 19 0 1
0 21 -1 0
10
end_operator
begin_operator
do-plane p2 planer0 smooth green glazed
6
0 2
1 3
6 0
23 0
24 0
26 0
3
0 2 1 2
0 19 0 1
0 21 -1 0
10
end_operator
begin_operator
do-plane p2 planer0 smooth green glazed
6
0 2
1 4
6 0
23 0
24 0
26 0
3
0 2 1 2
0 19 0 1
0 21 -1 0
10
end_operator
begin_operator
do-plane p2 planer0 smooth green glazed
6
0 3
1 0
6 0
23 0
24 0
26 0
3
0 2 1 2
0 19 0 1
0 21 -1 0
10
end_operator
begin_operator
do-plane p2 planer0 smooth green glazed
6
0 3
1 1
6 0
23 0
24 0
26 0
3
0 2 1 2
0 19 0 1
0 21 -1 0
10
end_operator
begin_operator
do-plane p2 planer0 smooth green glazed
6
0 3
1 2
6 0
23 0
24 0
26 0
3
0 2 1 2
0 19 0 1
0 21 -1 0
10
end_operator
begin_operator
do-plane p2 planer0 smooth green glazed
6
0 3
1 3
6 0
23 0
24 0
26 0
3
0 2 1 2
0 19 0 1
0 21 -1 0
10
end_operator
begin_operator
do-plane p2 planer0 smooth green glazed
6
0 3
1 4
6 0
23 0
24 0
26 0
3
0 2 1 2
0 19 0 1
0 21 -1 0
10
end_operator
begin_operator
do-plane p2 planer0 smooth green glazed
6
0 4
1 0
6 0
23 0
24 0
26 0
3
0 2 1 2
0 19 0 1
0 21 -1 0
10
end_operator
begin_operator
do-plane p2 planer0 smooth green glazed
6
0 4
1 1
6 0
23 0
24 0
26 0
3
0 2 1 2
0 19 0 1
0 21 -1 0
10
end_operator
begin_operator
do-plane p2 planer0 smooth green glazed
6
0 4
1 2
6 0
23 0
24 0
26 0
3
0 2 1 2
0 19 0 1
0 21 -1 0
10
end_operator
begin_operator
do-plane p2 planer0 smooth green glazed
6
0 4
1 3
6 0
23 0
24 0
26 0
3
0 2 1 2
0 19 0 1
0 21 -1 0
10
end_operator
begin_operator
do-plane p2 planer0 smooth green glazed
6
0 4
1 4
6 0
23 0
24 0
26 0
3
0 2 1 2
0 19 0 1
0 21 -1 0
10
end_operator
begin_operator
do-plane p2 planer0 smooth green glazed
5
0 0
1 1
6 0
24 0
26 0
4
0 2 1 2
0 19 0 1
0 21 1 0
0 23 1 0
10
end_operator
begin_operator
do-plane p2 planer0 smooth green glazed
5
0 0
1 2
6 0
24 0
26 0
4
0 2 1 2
0 19 0 1
0 21 1 0
0 23 1 0
10
end_operator
begin_operator
do-plane p2 planer0 smooth green glazed
5
0 0
1 3
6 0
24 0
26 0
4
0 2 1 2
0 19 0 1
0 21 1 0
0 23 1 0
10
end_operator
begin_operator
do-plane p2 planer0 smooth green glazed
5
0 0
1 4
6 0
24 0
26 0
4
0 2 1 2
0 19 0 1
0 21 1 0
0 23 1 0
10
end_operator
begin_operator
do-plane p2 planer0 smooth mauve glazed
6
0 0
1 0
6 0
23 0
24 0
26 0
3
0 2 1 2
0 20 0 1
0 21 -1 0
10
end_operator
begin_operator
do-plane p2 planer0 smooth mauve glazed
6
0 0
1 1
6 0
23 0
24 0
26 0
3
0 2 1 2
0 20 0 1
0 21 -1 0
10
end_operator
begin_operator
do-plane p2 planer0 smooth mauve glazed
6
0 0
1 2
6 0
23 0
24 0
26 0
3
0 2 1 2
0 20 0 1
0 21 -1 0
10
end_operator
begin_operator
do-plane p2 planer0 smooth mauve glazed
6
0 0
1 3
6 0
23 0
24 0
26 0
3
0 2 1 2
0 20 0 1
0 21 -1 0
10
end_operator
begin_operator
do-plane p2 planer0 smooth mauve glazed
6
0 0
1 4
6 0
23 0
24 0
26 0
3
0 2 1 2
0 20 0 1
0 21 -1 0
10
end_operator
begin_operator
do-plane p2 planer0 smooth mauve glazed
6
0 1
1 0
6 0
23 0
24 0
26 0
3
0 2 1 2
0 20 0 1
0 21 -1 0
10
end_operator
begin_operator
do-plane p2 planer0 smooth mauve glazed
6
0 1
1 1
6 0
23 0
24 0
26 0
3
0 2 1 2
0 20 0 1
0 21 -1 0
10
end_operator
begin_operator
do-plane p2 planer0 smooth mauve glazed
6
0 1
1 2
6 0
23 0
24 0
26 0
3
0 2 1 2
0 20 0 1
0 21 -1 0
10
end_operator
begin_operator
do-plane p2 planer0 smooth mauve glazed
6
0 1
1 3
6 0
23 0
24 0
26 0
3
0 2 1 2
0 20 0 1
0 21 -1 0
10
end_operator
begin_operator
do-plane p2 planer0 smooth mauve glazed
6
0 1
1 4
6 0
23 0
24 0
26 0
3
0 2 1 2
0 20 0 1
0 21 -1 0
10
end_operator
begin_operator
do-plane p2 planer0 smooth mauve glazed
6
0 2
1 0
6 0
23 0
24 0
26 0
3
0 2 1 2
0 20 0 1
0 21 -1 0
10
end_operator
begin_operator
do-plane p2 planer0 smooth mauve glazed
6
0 2
1 1
6 0
23 0
24 0
26 0
3
0 2 1 2
0 20 0 1
0 21 -1 0
10
end_operator
begin_operator
do-plane p2 planer0 smooth mauve glazed
6
0 2
1 2
6 0
23 0
24 0
26 0
3
0 2 1 2
0 20 0 1
0 21 -1 0
10
end_operator
begin_operator
do-plane p2 planer0 smooth mauve glazed
6
0 2
1 3
6 0
23 0
24 0
26 0
3
0 2 1 2
0 20 0 1
0 21 -1 0
10
end_operator
begin_operator
do-plane p2 planer0 smooth mauve glazed
6
0 2
1 4
6 0
23 0
24 0
26 0
3
0 2 1 2
0 20 0 1
0 21 -1 0
10
end_operator
begin_operator
do-plane p2 planer0 smooth mauve glazed
6
0 3
1 0
6 0
23 0
24 0
26 0
3
0 2 1 2
0 20 0 1
0 21 -1 0
10
end_operator
begin_operator
do-plane p2 planer0 smooth mauve glazed
6
0 3
1 1
6 0
23 0
24 0
26 0
3
0 2 1 2
0 20 0 1
0 21 -1 0
10
end_operator
begin_operator
do-plane p2 planer0 smooth mauve glazed
6
0 3
1 2
6 0
23 0
24 0
26 0
3
0 2 1 2
0 20 0 1
0 21 -1 0
10
end_operator
begin_operator
do-plane p2 planer0 smooth mauve glazed
6
0 3
1 3
6 0
23 0
24 0
26 0
3
0 2 1 2
0 20 0 1
0 21 -1 0
10
end_operator
begin_operator
do-plane p2 planer0 smooth mauve glazed
6
0 3
1 4
6 0
23 0
24 0
26 0
3
0 2 1 2
0 20 0 1
0 21 -1 0
10
end_operator
begin_operator
do-plane p2 planer0 smooth mauve glazed
6
0 4
1 0
6 0
23 0
24 0
26 0
3
0 2 1 2
0 20 0 1
0 21 -1 0
10
end_operator
begin_operator
do-plane p2 planer0 smooth mauve glazed
6
0 4
1 1
6 0
23 0
24 0
26 0
3
0 2 1 2
0 20 0 1
0 21 -1 0
10
end_operator
begin_operator
do-plane p2 planer0 smooth mauve glazed
6
0 4
1 2
6 0
23 0
24 0
26 0
3
0 2 1 2
0 20 0 1
0 21 -1 0
10
end_operator
begin_operator
do-plane p2 planer0 smooth mauve glazed
6
0 4
1 3
6 0
23 0
24 0
26 0
3
0 2 1 2
0 20 0 1
0 21 -1 0
10
end_operator
begin_operator
do-plane p2 planer0 smooth mauve glazed
6
0 4
1 4
6 0
23 0
24 0
26 0
3
0 2 1 2
0 20 0 1
0 21 -1 0
10
end_operator
begin_operator
do-plane p2 planer0 smooth mauve glazed
5
0 0
1 1
6 0
24 0
26 0
4
0 2 1 2
0 20 0 1
0 21 1 0
0 23 1 0
10
end_operator
begin_operator
do-plane p2 planer0 smooth mauve glazed
5
0 0
1 2
6 0
24 0
26 0
4
0 2 1 2
0 20 0 1
0 21 1 0
0 23 1 0
10
end_operator
begin_operator
do-plane p2 planer0 smooth mauve glazed
5
0 0
1 3
6 0
24 0
26 0
4
0 2 1 2
0 20 0 1
0 21 1 0
0 23 1 0
10
end_operator
begin_operator
do-plane p2 planer0 smooth mauve glazed
5
0 0
1 4
6 0
24 0
26 0
4
0 2 1 2
0 20 0 1
0 21 1 0
0 23 1 0
10
end_operator
begin_operator
do-plane p2 planer0 smooth mauve varnished
6
0 0
1 0
6 0
23 0
24 0
26 0
3
0 2 3 2
0 20 0 1
0 21 -1 0
10
end_operator
begin_operator
do-plane p2 planer0 smooth mauve varnished
6
0 0
1 1
6 0
23 0
24 0
26 0
3
0 2 3 2
0 20 0 1
0 21 -1 0
10
end_operator
begin_operator
do-plane p2 planer0 smooth mauve varnished
6
0 0
1 2
6 0
23 0
24 0
26 0
3
0 2 3 2
0 20 0 1
0 21 -1 0
10
end_operator
begin_operator
do-plane p2 planer0 smooth mauve varnished
6
0 0
1 3
6 0
23 0
24 0
26 0
3
0 2 3 2
0 20 0 1
0 21 -1 0
10
end_operator
begin_operator
do-plane p2 planer0 smooth mauve varnished
6
0 0
1 4
6 0
23 0
24 0
26 0
3
0 2 3 2
0 20 0 1
0 21 -1 0
10
end_operator
begin_operator
do-plane p2 planer0 smooth mauve varnished
6
0 1
1 0
6 0
23 0
24 0
26 0
3
0 2 3 2
0 20 0 1
0 21 -1 0
10
end_operator
begin_operator
do-plane p2 planer0 smooth mauve varnished
6
0 1
1 1
6 0
23 0
24 0
26 0
3
0 2 3 2
0 20 0 1
0 21 -1 0
10
end_operator
begin_operator
do-plane p2 planer0 smooth mauve varnished
6
0 1
1 2
6 0
23 0
24 0
26 0
3
0 2 3 2
0 20 0 1
0 21 -1 0
10
end_operator
begin_operator
do-plane p2 planer0 smooth mauve varnished
6
0 1
1 3
6 0
23 0
24 0
26 0
3
0 2 3 2
0 20 0 1
0 21 -1 0
10
end_operator
begin_operator
do-plane p2 planer0 smooth mauve varnished
6
0 1
1 4
6 0
23 0
24 0
26 0
3
0 2 3 2
0 20 0 1
0 21 -1 0
10
end_operator
begin_operator
do-plane p2 planer0 smooth mauve varnished
6
0 2
1 0
6 0
23 0
24 0
26 0
3
0 2 3 2
0 20 0 1
0 21 -1 0
10
end_operator
begin_operator
do-plane p2 planer0 smooth mauve varnished
6
0 2
1 1
6 0
23 0
24 0
26 0
3
0 2 3 2
0 20 0 1
0 21 -1 0
10
end_operator
begin_operator
do-plane p2 planer0 smooth mauve varnished
6
0 2
1 2
6 0
23 0
24 0
26 0
3
0 2 3 2
0 20 0 1
0 21 -1 0
10
end_operator
begin_operator
do-plane p2 planer0 smooth mauve varnished
6
0 2
1 3
6 0
23 0
24 0
26 0
3
0 2 3 2
0 20 0 1
0 21 -1 0
10
end_operator
begin_operator
do-plane p2 planer0 smooth mauve varnished
6
0 2
1 4
6 0
23 0
24 0
26 0
3
0 2 3 2
0 20 0 1
0 21 -1 0
10
end_operator
begin_operator
do-plane p2 planer0 smooth mauve varnished
6
0 3
1 0
6 0
23 0
24 0
26 0
3
0 2 3 2
0 20 0 1
0 21 -1 0
10
end_operator
begin_operator
do-plane p2 planer0 smooth mauve varnished
6
0 3
1 1
6 0
23 0
24 0
26 0
3
0 2 3 2
0 20 0 1
0 21 -1 0
10
end_operator
begin_operator
do-plane p2 planer0 smooth mauve varnished
6
0 3
1 2
6 0
23 0
24 0
26 0
3
0 2 3 2
0 20 0 1
0 21 -1 0
10
end_operator
begin_operator
do-plane p2 planer0 smooth mauve varnished
6
0 3
1 3
6 0
23 0
24 0
26 0
3
0 2 3 2
0 20 0 1
0 21 -1 0
10
end_operator
begin_operator
do-plane p2 planer0 smooth mauve varnished
6
0 3
1 4
6 0
23 0
24 0
26 0
3
0 2 3 2
0 20 0 1
0 21 -1 0
10
end_operator
begin_operator
do-plane p2 planer0 smooth mauve varnished
6
0 4
1 0
6 0
23 0
24 0
26 0
3
0 2 3 2
0 20 0 1
0 21 -1 0
10
end_operator
begin_operator
do-plane p2 planer0 smooth mauve varnished
6
0 4
1 1
6 0
23 0
24 0
26 0
3
0 2 3 2
0 20 0 1
0 21 -1 0
10
end_operator
begin_operator
do-plane p2 planer0 smooth mauve varnished
6
0 4
1 2
6 0
23 0
24 0
26 0
3
0 2 3 2
0 20 0 1
0 21 -1 0
10
end_operator
begin_operator
do-plane p2 planer0 smooth mauve varnished
6
0 4
1 3
6 0
23 0
24 0
26 0
3
0 2 3 2
0 20 0 1
0 21 -1 0
10
end_operator
begin_operator
do-plane p2 planer0 smooth mauve varnished
6
0 4
1 4
6 0
23 0
24 0
26 0
3
0 2 3 2
0 20 0 1
0 21 -1 0
10
end_operator
begin_operator
do-plane p2 planer0 smooth mauve varnished
5
0 0
1 1
6 0
24 0
26 0
4
0 2 3 2
0 20 0 1
0 21 1 0
0 23 1 0
10
end_operator
begin_operator
do-plane p2 planer0 smooth mauve varnished
5
0 0
1 2
6 0
24 0
26 0
4
0 2 3 2
0 20 0 1
0 21 1 0
0 23 1 0
10
end_operator
begin_operator
do-plane p2 planer0 smooth mauve varnished
5
0 0
1 3
6 0
24 0
26 0
4
0 2 3 2
0 20 0 1
0 21 1 0
0 23 1 0
10
end_operator
begin_operator
do-plane p2 planer0 smooth mauve varnished
5
0 0
1 4
6 0
24 0
26 0
4
0 2 3 2
0 20 0 1
0 21 1 0
0 23 1 0
10
end_operator
begin_operator
do-plane p2 planer0 verysmooth green glazed
5
0 0
1 0
23 0
24 0
26 0
4
0 2 1 2
0 6 1 0
0 19 0 1
0 21 -1 0
10
end_operator
begin_operator
do-plane p2 planer0 verysmooth green glazed
5
0 0
1 1
23 0
24 0
26 0
4
0 2 1 2
0 6 1 0
0 19 0 1
0 21 -1 0
10
end_operator
begin_operator
do-plane p2 planer0 verysmooth green glazed
5
0 0
1 2
23 0
24 0
26 0
4
0 2 1 2
0 6 1 0
0 19 0 1
0 21 -1 0
10
end_operator
begin_operator
do-plane p2 planer0 verysmooth green glazed
5
0 0
1 3
23 0
24 0
26 0
4
0 2 1 2
0 6 1 0
0 19 0 1
0 21 -1 0
10
end_operator
begin_operator
do-plane p2 planer0 verysmooth green glazed
5
0 0
1 4
23 0
24 0
26 0
4
0 2 1 2
0 6 1 0
0 19 0 1
0 21 -1 0
10
end_operator
begin_operator
do-plane p2 planer0 verysmooth green glazed
5
0 1
1 0
23 0
24 0
26 0
4
0 2 1 2
0 6 1 0
0 19 0 1
0 21 -1 0
10
end_operator
begin_operator
do-plane p2 planer0 verysmooth green glazed
5
0 1
1 1
23 0
24 0
26 0
4
0 2 1 2
0 6 1 0
0 19 0 1
0 21 -1 0
10
end_operator
begin_operator
do-plane p2 planer0 verysmooth green glazed
5
0 1
1 2
23 0
24 0
26 0
4
0 2 1 2
0 6 1 0
0 19 0 1
0 21 -1 0
10
end_operator
begin_operator
do-plane p2 planer0 verysmooth green glazed
5
0 1
1 3
23 0
24 0
26 0
4
0 2 1 2
0 6 1 0
0 19 0 1
0 21 -1 0
10
end_operator
begin_operator
do-plane p2 planer0 verysmooth green glazed
5
0 1
1 4
23 0
24 0
26 0
4
0 2 1 2
0 6 1 0
0 19 0 1
0 21 -1 0
10
end_operator
begin_operator
do-plane p2 planer0 verysmooth green glazed
5
0 2
1 0
23 0
24 0
26 0
4
0 2 1 2
0 6 1 0
0 19 0 1
0 21 -1 0
10
end_operator
begin_operator
do-plane p2 planer0 verysmooth green glazed
5
0 2
1 1
23 0
24 0
26 0
4
0 2 1 2
0 6 1 0
0 19 0 1
0 21 -1 0
10
end_operator
begin_operator
do-plane p2 planer0 verysmooth green glazed
5
0 2
1 2
23 0
24 0
26 0
4
0 2 1 2
0 6 1 0
0 19 0 1
0 21 -1 0
10
end_operator
begin_operator
do-plane p2 planer0 verysmooth green glazed
5
0 2
1 3
23 0
24 0
26 0
4
0 2 1 2
0 6 1 0
0 19 0 1
0 21 -1 0
10
end_operator
begin_operator
do-plane p2 planer0 verysmooth green glazed
5
0 2
1 4
23 0
24 0
26 0
4
0 2 1 2
0 6 1 0
0 19 0 1
0 21 -1 0
10
end_operator
begin_operator
do-plane p2 planer0 verysmooth green glazed
5
0 3
1 0
23 0
24 0
26 0
4
0 2 1 2
0 6 1 0
0 19 0 1
0 21 -1 0
10
end_operator
begin_operator
do-plane p2 planer0 verysmooth green glazed
5
0 3
1 1
23 0
24 0
26 0
4
0 2 1 2
0 6 1 0
0 19 0 1
0 21 -1 0
10
end_operator
begin_operator
do-plane p2 planer0 verysmooth green glazed
5
0 3
1 2
23 0
24 0
26 0
4
0 2 1 2
0 6 1 0
0 19 0 1
0 21 -1 0
10
end_operator
begin_operator
do-plane p2 planer0 verysmooth green glazed
5
0 3
1 3
23 0
24 0
26 0
4
0 2 1 2
0 6 1 0
0 19 0 1
0 21 -1 0
10
end_operator
begin_operator
do-plane p2 planer0 verysmooth green glazed
5
0 3
1 4
23 0
24 0
26 0
4
0 2 1 2
0 6 1 0
0 19 0 1
0 21 -1 0
10
end_operator
begin_operator
do-plane p2 planer0 verysmooth green glazed
5
0 4
1 0
23 0
24 0
26 0
4
0 2 1 2
0 6 1 0
0 19 0 1
0 21 -1 0
10
end_operator
begin_operator
do-plane p2 planer0 verysmooth green glazed
5
0 4
1 1
23 0
24 0
26 0
4
0 2 1 2
0 6 1 0
0 19 0 1
0 21 -1 0
10
end_operator
begin_operator
do-plane p2 planer0 verysmooth green glazed
5
0 4
1 2
23 0
24 0
26 0
4
0 2 1 2
0 6 1 0
0 19 0 1
0 21 -1 0
10
end_operator
begin_operator
do-plane p2 planer0 verysmooth green glazed
5
0 4
1 3
23 0
24 0
26 0
4
0 2 1 2
0 6 1 0
0 19 0 1
0 21 -1 0
10
end_operator
begin_operator
do-plane p2 planer0 verysmooth green glazed
5
0 4
1 4
23 0
24 0
26 0
4
0 2 1 2
0 6 1 0
0 19 0 1
0 21 -1 0
10
end_operator
begin_operator
do-plane p2 planer0 verysmooth green glazed
4
0 0
1 1
24 0
26 0
5
0 2 1 2
0 6 1 0
0 19 0 1
0 21 1 0
0 23 1 0
10
end_operator
begin_operator
do-plane p2 planer0 verysmooth green glazed
4
0 0
1 2
24 0
26 0
5
0 2 1 2
0 6 1 0
0 19 0 1
0 21 1 0
0 23 1 0
10
end_operator
begin_operator
do-plane p2 planer0 verysmooth green glazed
4
0 0
1 3
24 0
26 0
5
0 2 1 2
0 6 1 0
0 19 0 1
0 21 1 0
0 23 1 0
10
end_operator
begin_operator
do-plane p2 planer0 verysmooth green glazed
4
0 0
1 4
24 0
26 0
5
0 2 1 2
0 6 1 0
0 19 0 1
0 21 1 0
0 23 1 0
10
end_operator
begin_operator
do-plane p2 planer0 verysmooth mauve glazed
5
0 0
1 0
23 0
24 0
26 0
4
0 2 1 2
0 6 1 0
0 20 0 1
0 21 -1 0
10
end_operator
begin_operator
do-plane p2 planer0 verysmooth mauve glazed
5
0 0
1 1
23 0
24 0
26 0
4
0 2 1 2
0 6 1 0
0 20 0 1
0 21 -1 0
10
end_operator
begin_operator
do-plane p2 planer0 verysmooth mauve glazed
5
0 0
1 2
23 0
24 0
26 0
4
0 2 1 2
0 6 1 0
0 20 0 1
0 21 -1 0
10
end_operator
begin_operator
do-plane p2 planer0 verysmooth mauve glazed
5
0 0
1 3
23 0
24 0
26 0
4
0 2 1 2
0 6 1 0
0 20 0 1
0 21 -1 0
10
end_operator
begin_operator
do-plane p2 planer0 verysmooth mauve glazed
5
0 0
1 4
23 0
24 0
26 0
4
0 2 1 2
0 6 1 0
0 20 0 1
0 21 -1 0
10
end_operator
begin_operator
do-plane p2 planer0 verysmooth mauve glazed
5
0 1
1 0
23 0
24 0
26 0
4
0 2 1 2
0 6 1 0
0 20 0 1
0 21 -1 0
10
end_operator
begin_operator
do-plane p2 planer0 verysmooth mauve glazed
5
0 1
1 1
23 0
24 0
26 0
4
0 2 1 2
0 6 1 0
0 20 0 1
0 21 -1 0
10
end_operator
begin_operator
do-plane p2 planer0 verysmooth mauve glazed
5
0 1
1 2
23 0
24 0
26 0
4
0 2 1 2
0 6 1 0
0 20 0 1
0 21 -1 0
10
end_operator
begin_operator
do-plane p2 planer0 verysmooth mauve glazed
5
0 1
1 3
23 0
24 0
26 0
4
0 2 1 2
0 6 1 0
0 20 0 1
0 21 -1 0
10
end_operator
begin_operator
do-plane p2 planer0 verysmooth mauve glazed
5
0 1
1 4
23 0
24 0
26 0
4
0 2 1 2
0 6 1 0
0 20 0 1
0 21 -1 0
10
end_operator
begin_operator
do-plane p2 planer0 verysmooth mauve glazed
5
0 2
1 0
23 0
24 0
26 0
4
0 2 1 2
0 6 1 0
0 20 0 1
0 21 -1 0
10
end_operator
begin_operator
do-plane p2 planer0 verysmooth mauve glazed
5
0 2
1 1
23 0
24 0
26 0
4
0 2 1 2
0 6 1 0
0 20 0 1
0 21 -1 0
10
end_operator
begin_operator
do-plane p2 planer0 verysmooth mauve glazed
5
0 2
1 2
23 0
24 0
26 0
4
0 2 1 2
0 6 1 0
0 20 0 1
0 21 -1 0
10
end_operator
begin_operator
do-plane p2 planer0 verysmooth mauve glazed
5
0 2
1 3
23 0
24 0
26 0
4
0 2 1 2
0 6 1 0
0 20 0 1
0 21 -1 0
10
end_operator
begin_operator
do-plane p2 planer0 verysmooth mauve glazed
5
0 2
1 4
23 0
24 0
26 0
4
0 2 1 2
0 6 1 0
0 20 0 1
0 21 -1 0
10
end_operator
begin_operator
do-plane p2 planer0 verysmooth mauve glazed
5
0 3
1 0
23 0
24 0
26 0
4
0 2 1 2
0 6 1 0
0 20 0 1
0 21 -1 0
10
end_operator
begin_operator
do-plane p2 planer0 verysmooth mauve glazed
5
0 3
1 1
23 0
24 0
26 0
4
0 2 1 2
0 6 1 0
0 20 0 1
0 21 -1 0
10
end_operator
begin_operator
do-plane p2 planer0 verysmooth mauve glazed
5
0 3
1 2
23 0
24 0
26 0
4
0 2 1 2
0 6 1 0
0 20 0 1
0 21 -1 0
10
end_operator
begin_operator
do-plane p2 planer0 verysmooth mauve glazed
5
0 3
1 3
23 0
24 0
26 0
4
0 2 1 2
0 6 1 0
0 20 0 1
0 21 -1 0
10
end_operator
begin_operator
do-plane p2 planer0 verysmooth mauve glazed
5
0 3
1 4
23 0
24 0
26 0
4
0 2 1 2
0 6 1 0
0 20 0 1
0 21 -1 0
10
end_operator
begin_operator
do-plane p2 planer0 verysmooth mauve glazed
5
0 4
1 0
23 0
24 0
26 0
4
0 2 1 2
0 6 1 0
0 20 0 1
0 21 -1 0
10
end_operator
begin_operator
do-plane p2 planer0 verysmooth mauve glazed
5
0 4
1 1
23 0
24 0
26 0
4
0 2 1 2
0 6 1 0
0 20 0 1
0 21 -1 0
10
end_operator
begin_operator
do-plane p2 planer0 verysmooth mauve glazed
5
0 4
1 2
23 0
24 0
26 0
4
0 2 1 2
0 6 1 0
0 20 0 1
0 21 -1 0
10
end_operator
begin_operator
do-plane p2 planer0 verysmooth mauve glazed
5
0 4
1 3
23 0
24 0
26 0
4
0 2 1 2
0 6 1 0
0 20 0 1
0 21 -1 0
10
end_operator
begin_operator
do-plane p2 planer0 verysmooth mauve glazed
5
0 4
1 4
23 0
24 0
26 0
4
0 2 1 2
0 6 1 0
0 20 0 1
0 21 -1 0
10
end_operator
begin_operator
do-plane p2 planer0 verysmooth mauve glazed
4
0 0
1 1
24 0
26 0
5
0 2 1 2
0 6 1 0
0 20 0 1
0 21 1 0
0 23 1 0
10
end_operator
begin_operator
do-plane p2 planer0 verysmooth mauve glazed
4
0 0
1 2
24 0
26 0
5
0 2 1 2
0 6 1 0
0 20 0 1
0 21 1 0
0 23 1 0
10
end_operator
begin_operator
do-plane p2 planer0 verysmooth mauve glazed
4
0 0
1 3
24 0
26 0
5
0 2 1 2
0 6 1 0
0 20 0 1
0 21 1 0
0 23 1 0
10
end_operator
begin_operator
do-plane p2 planer0 verysmooth mauve glazed
4
0 0
1 4
24 0
26 0
5
0 2 1 2
0 6 1 0
0 20 0 1
0 21 1 0
0 23 1 0
10
end_operator
begin_operator
do-plane p2 planer0 verysmooth mauve varnished
5
0 0
1 0
23 0
24 0
26 0
4
0 2 3 2
0 6 1 0
0 20 0 1
0 21 -1 0
10
end_operator
begin_operator
do-plane p2 planer0 verysmooth mauve varnished
5
0 0
1 1
23 0
24 0
26 0
4
0 2 3 2
0 6 1 0
0 20 0 1
0 21 -1 0
10
end_operator
begin_operator
do-plane p2 planer0 verysmooth mauve varnished
5
0 0
1 2
23 0
24 0
26 0
4
0 2 3 2
0 6 1 0
0 20 0 1
0 21 -1 0
10
end_operator
begin_operator
do-plane p2 planer0 verysmooth mauve varnished
5
0 0
1 3
23 0
24 0
26 0
4
0 2 3 2
0 6 1 0
0 20 0 1
0 21 -1 0
10
end_operator
begin_operator
do-plane p2 planer0 verysmooth mauve varnished
5
0 0
1 4
23 0
24 0
26 0
4
0 2 3 2
0 6 1 0
0 20 0 1
0 21 -1 0
10
end_operator
begin_operator
do-plane p2 planer0 verysmooth mauve varnished
5
0 1
1 0
23 0
24 0
26 0
4
0 2 3 2
0 6 1 0
0 20 0 1
0 21 -1 0
10
end_operator
begin_operator
do-plane p2 planer0 verysmooth mauve varnished
5
0 1
1 1
23 0
24 0
26 0
4
0 2 3 2
0 6 1 0
0 20 0 1
0 21 -1 0
10
end_operator
begin_operator
do-plane p2 planer0 verysmooth mauve varnished
5
0 1
1 2
23 0
24 0
26 0
4
0 2 3 2
0 6 1 0
0 20 0 1
0 21 -1 0
10
end_operator
begin_operator
do-plane p2 planer0 verysmooth mauve varnished
5
0 1
1 3
23 0
24 0
26 0
4
0 2 3 2
0 6 1 0
0 20 0 1
0 21 -1 0
10
end_operator
begin_operator
do-plane p2 planer0 verysmooth mauve varnished
5
0 1
1 4
23 0
24 0
26 0
4
0 2 3 2
0 6 1 0
0 20 0 1
0 21 -1 0
10
end_operator
begin_operator
do-plane p2 planer0 verysmooth mauve varnished
5
0 2
1 0
23 0
24 0
26 0
4
0 2 3 2
0 6 1 0
0 20 0 1
0 21 -1 0
10
end_operator
begin_operator
do-plane p2 planer0 verysmooth mauve varnished
5
0 2
1 1
23 0
24 0
26 0
4
0 2 3 2
0 6 1 0
0 20 0 1
0 21 -1 0
10
end_operator
begin_operator
do-plane p2 planer0 verysmooth mauve varnished
5
0 2
1 2
23 0
24 0
26 0
4
0 2 3 2
0 6 1 0
0 20 0 1
0 21 -1 0
10
end_operator
begin_operator
do-plane p2 planer0 verysmooth mauve varnished
5
0 2
1 3
23 0
24 0
26 0
4
0 2 3 2
0 6 1 0
0 20 0 1
0 21 -1 0
10
end_operator
begin_operator
do-plane p2 planer0 verysmooth mauve varnished
5
0 2
1 4
23 0
24 0
26 0
4
0 2 3 2
0 6 1 0
0 20 0 1
0 21 -1 0
10
end_operator
begin_operator
do-plane p2 planer0 verysmooth mauve varnished
5
0 3
1 0
23 0
24 0
26 0
4
0 2 3 2
0 6 1 0
0 20 0 1
0 21 -1 0
10
end_operator
begin_operator
do-plane p2 planer0 verysmooth mauve varnished
5
0 3
1 1
23 0
24 0
26 0
4
0 2 3 2
0 6 1 0
0 20 0 1
0 21 -1 0
10
end_operator
begin_operator
do-plane p2 planer0 verysmooth mauve varnished
5
0 3
1 2
23 0
24 0
26 0
4
0 2 3 2
0 6 1 0
0 20 0 1
0 21 -1 0
10
end_operator
begin_operator
do-plane p2 planer0 verysmooth mauve varnished
5
0 3
1 3
23 0
24 0
26 0
4
0 2 3 2
0 6 1 0
0 20 0 1
0 21 -1 0
10
end_operator
begin_operator
do-plane p2 planer0 verysmooth mauve varnished
5
0 3
1 4
23 0
24 0
26 0
4
0 2 3 2
0 6 1 0
0 20 0 1
0 21 -1 0
10
end_operator
begin_operator
do-plane p2 planer0 verysmooth mauve varnished
5
0 4
1 0
23 0
24 0
26 0
4
0 2 3 2
0 6 1 0
0 20 0 1
0 21 -1 0
10
end_operator
begin_operator
do-plane p2 planer0 verysmooth mauve varnished
5
0 4
1 1
23 0
24 0
26 0
4
0 2 3 2
0 6 1 0
0 20 0 1
0 21 -1 0
10
end_operator
begin_operator
do-plane p2 planer0 verysmooth mauve varnished
5
0 4
1 2
23 0
24 0
26 0
4
0 2 3 2
0 6 1 0
0 20 0 1
0 21 -1 0
10
end_operator
begin_operator
do-plane p2 planer0 verysmooth mauve varnished
5
0 4
1 3
23 0
24 0
26 0
4
0 2 3 2
0 6 1 0
0 20 0 1
0 21 -1 0
10
end_operator
begin_operator
do-plane p2 planer0 verysmooth mauve varnished
5
0 4
1 4
23 0
24 0
26 0
4
0 2 3 2
0 6 1 0
0 20 0 1
0 21 -1 0
10
end_operator
begin_operator
do-plane p2 planer0 verysmooth mauve varnished
4
0 0
1 1
24 0
26 0
5
0 2 3 2
0 6 1 0
0 20 0 1
0 21 1 0
0 23 1 0
10
end_operator
begin_operator
do-plane p2 planer0 verysmooth mauve varnished
4
0 0
1 2
24 0
26 0
5
0 2 3 2
0 6 1 0
0 20 0 1
0 21 1 0
0 23 1 0
10
end_operator
begin_operator
do-plane p2 planer0 verysmooth mauve varnished
4
0 0
1 3
24 0
26 0
5
0 2 3 2
0 6 1 0
0 20 0 1
0 21 1 0
0 23 1 0
10
end_operator
begin_operator
do-plane p2 planer0 verysmooth mauve varnished
4
0 0
1 4
24 0
26 0
5
0 2 3 2
0 6 1 0
0 20 0 1
0 21 1 0
0 23 1 0
10
end_operator
begin_operator
do-plane p2 planer0 verysmooth natural colourfragments
1
21 0
2
0 2 0 2
0 6 1 0
10
end_operator
begin_operator
do-plane p2 planer0 verysmooth natural untreated
2
2 2
21 0
1
0 6 1 0
10
end_operator
begin_operator
do-saw-medium b0 p0 saw0 beech rough s3 s2 s1
1
7 0
5
0 0 4 2
0 4 -1 0
0 9 -1 0
0 11 -1 0
0 15 -1 0
30
end_operator
begin_operator
do-saw-medium b0 p1 saw0 beech rough s3 s2 s1
1
7 0
4
0 1 4 2
0 5 -1 0
0 10 -1 0
0 18 -1 0
30
end_operator
begin_operator
do-saw-medium b1 p0 saw0 cherry rough s3 s2 s1
1
8 0
4
0 0 4 2
0 4 -1 0
0 9 -1 0
0 15 -1 0
30
end_operator
begin_operator
do-saw-medium b1 p1 saw0 cherry rough s3 s2 s1
1
8 0
5
0 1 4 2
0 5 -1 0
0 10 -1 0
0 12 -1 0
0 18 -1 0
30
end_operator
begin_operator
do-spray-varnish p2 spray-varnisher0 mauve smooth
4
0 0
1 0
6 0
26 0
5
0 2 2 3
0 20 -1 0
0 21 -1 1
0 23 0 1
0 24 0 1
5
end_operator
begin_operator
do-spray-varnish p2 spray-varnisher0 mauve smooth
5
0 0
1 1
6 0
24 0
26 0
4
0 2 2 3
0 20 -1 0
0 21 -1 1
0 23 0 1
5
end_operator
begin_operator
do-spray-varnish p2 spray-varnisher0 mauve smooth
5
0 0
1 2
6 0
24 0
26 0
4
0 2 2 3
0 20 -1 0
0 21 -1 1
0 23 0 1
5
end_operator
begin_operator
do-spray-varnish p2 spray-varnisher0 mauve smooth
5
0 0
1 3
6 0
24 0
26 0
4
0 2 2 3
0 20 -1 0
0 21 -1 1
0 23 0 1
5
end_operator
begin_operator
do-spray-varnish p2 spray-varnisher0 mauve smooth
5
0 0
1 4
6 0
24 0
26 0
4
0 2 2 3
0 20 -1 0
0 21 -1 1
0 23 0 1
5
end_operator
begin_operator
do-spray-varnish p2 spray-varnisher0 mauve smooth
6
0 1
1 0
6 0
23 0
24 0
26 0
3
0 2 2 3
0 20 -1 0
0 21 -1 1
5
end_operator
begin_operator
do-spray-varnish p2 spray-varnisher0 mauve smooth
6
0 1
1 1
6 0
23 0
24 0
26 0
3
0 2 2 3
0 20 -1 0
0 21 -1 1
5
end_operator
begin_operator
do-spray-varnish p2 spray-varnisher0 mauve smooth
6
0 1
1 2
6 0
23 0
24 0
26 0
3
0 2 2 3
0 20 -1 0
0 21 -1 1
5
end_operator
begin_operator
do-spray-varnish p2 spray-varnisher0 mauve smooth
6
0 1
1 3
6 0
23 0
24 0
26 0
3
0 2 2 3
0 20 -1 0
0 21 -1 1
5
end_operator
begin_operator
do-spray-varnish p2 spray-varnisher0 mauve smooth
6
0 1
1 4
6 0
23 0
24 0
26 0
3
0 2 2 3
0 20 -1 0
0 21 -1 1
5
end_operator
begin_operator
do-spray-varnish p2 spray-varnisher0 mauve smooth
6
0 2
1 0
6 0
23 0
24 0
26 0
3
0 2 2 3
0 20 -1 0
0 21 -1 1
5
end_operator
begin_operator
do-spray-varnish p2 spray-varnisher0 mauve smooth
6
0 2
1 1
6 0
23 0
24 0
26 0
3
0 2 2 3
0 20 -1 0
0 21 -1 1
5
end_operator
begin_operator
do-spray-varnish p2 spray-varnisher0 mauve smooth
6
0 2
1 2
6 0
23 0
24 0
26 0
3
0 2 2 3
0 20 -1 0
0 21 -1 1
5
end_operator
begin_operator
do-spray-varnish p2 spray-varnisher0 mauve smooth
6
0 2
1 3
6 0
23 0
24 0
26 0
3
0 2 2 3
0 20 -1 0
0 21 -1 1
5
end_operator
begin_operator
do-spray-varnish p2 spray-varnisher0 mauve smooth
6
0 2
1 4
6 0
23 0
24 0
26 0
3
0 2 2 3
0 20 -1 0
0 21 -1 1
5
end_operator
begin_operator
do-spray-varnish p2 spray-varnisher0 mauve smooth
6
0 3
1 0
6 0
23 0
24 0
26 0
3
0 2 2 3
0 20 -1 0
0 21 -1 1
5
end_operator
begin_operator
do-spray-varnish p2 spray-varnisher0 mauve smooth
6
0 3
1 1
6 0
23 0
24 0
26 0
3
0 2 2 3
0 20 -1 0
0 21 -1 1
5
end_operator
begin_operator
do-spray-varnish p2 spray-varnisher0 mauve smooth
6
0 3
1 2
6 0
23 0
24 0
26 0
3
0 2 2 3
0 20 -1 0
0 21 -1 1
5
end_operator
begin_operator
do-spray-varnish p2 spray-varnisher0 mauve smooth
6
0 3
1 3
6 0
23 0
24 0
26 0
3
0 2 2 3
0 20 -1 0
0 21 -1 1
5
end_operator
begin_operator
do-spray-varnish p2 spray-varnisher0 mauve smooth
6
0 3
1 4
6 0
23 0
24 0
26 0
3
0 2 2 3
0 20 -1 0
0 21 -1 1
5
end_operator
begin_operator
do-spray-varnish p2 spray-varnisher0 mauve smooth
6
0 4
1 0
6 0
23 0
24 0
26 0
3
0 2 2 3
0 20 -1 0
0 21 -1 1
5
end_operator
begin_operator
do-spray-varnish p2 spray-varnisher0 mauve smooth
6
0 4
1 1
6 0
23 0
24 0
26 0
3
0 2 2 3
0 20 -1 0
0 21 -1 1
5
end_operator
begin_operator
do-spray-varnish p2 spray-varnisher0 mauve smooth
6
0 4
1 2
6 0
23 0
24 0
26 0
3
0 2 2 3
0 20 -1 0
0 21 -1 1
5
end_operator
begin_operator
do-spray-varnish p2 spray-varnisher0 mauve smooth
6
0 4
1 3
6 0
23 0
24 0
26 0
3
0 2 2 3
0 20 -1 0
0 21 -1 1
5
end_operator
begin_operator
do-spray-varnish p2 spray-varnisher0 mauve smooth
6
0 4
1 4
6 0
23 0
24 0
26 0
3
0 2 2 3
0 20 -1 0
0 21 -1 1
5
end_operator
begin_operator
do-spray-varnish p2 spray-varnisher0 mauve verysmooth
4
0 0
1 0
6 1
26 0
5
0 2 2 3
0 20 -1 0
0 21 -1 1
0 23 0 1
0 24 0 1
5
end_operator
begin_operator
do-spray-varnish p2 spray-varnisher0 mauve verysmooth
5
0 0
1 1
6 1
24 0
26 0
4
0 2 2 3
0 20 -1 0
0 21 -1 1
0 23 0 1
5
end_operator
begin_operator
do-spray-varnish p2 spray-varnisher0 mauve verysmooth
5
0 0
1 2
6 1
24 0
26 0
4
0 2 2 3
0 20 -1 0
0 21 -1 1
0 23 0 1
5
end_operator
begin_operator
do-spray-varnish p2 spray-varnisher0 mauve verysmooth
5
0 0
1 3
6 1
24 0
26 0
4
0 2 2 3
0 20 -1 0
0 21 -1 1
0 23 0 1
5
end_operator
begin_operator
do-spray-varnish p2 spray-varnisher0 mauve verysmooth
5
0 0
1 4
6 1
24 0
26 0
4
0 2 2 3
0 20 -1 0
0 21 -1 1
0 23 0 1
5
end_operator
begin_operator
do-spray-varnish p2 spray-varnisher0 mauve verysmooth
6
0 1
1 0
6 1
23 0
24 0
26 0
3
0 2 2 3
0 20 -1 0
0 21 -1 1
5
end_operator
begin_operator
do-spray-varnish p2 spray-varnisher0 mauve verysmooth
6
0 1
1 1
6 1
23 0
24 0
26 0
3
0 2 2 3
0 20 -1 0
0 21 -1 1
5
end_operator
begin_operator
do-spray-varnish p2 spray-varnisher0 mauve verysmooth
6
0 1
1 2
6 1
23 0
24 0
26 0
3
0 2 2 3
0 20 -1 0
0 21 -1 1
5
end_operator
begin_operator
do-spray-varnish p2 spray-varnisher0 mauve verysmooth
6
0 1
1 3
6 1
23 0
24 0
26 0
3
0 2 2 3
0 20 -1 0
0 21 -1 1
5
end_operator
begin_operator
do-spray-varnish p2 spray-varnisher0 mauve verysmooth
6
0 1
1 4
6 1
23 0
24 0
26 0
3
0 2 2 3
0 20 -1 0
0 21 -1 1
5
end_operator
begin_operator
do-spray-varnish p2 spray-varnisher0 mauve verysmooth
6
0 2
1 0
6 1
23 0
24 0
26 0
3
0 2 2 3
0 20 -1 0
0 21 -1 1
5
end_operator
begin_operator
do-spray-varnish p2 spray-varnisher0 mauve verysmooth
6
0 2
1 1
6 1
23 0
24 0
26 0
3
0 2 2 3
0 20 -1 0
0 21 -1 1
5
end_operator
begin_operator
do-spray-varnish p2 spray-varnisher0 mauve verysmooth
6
0 2
1 2
6 1
23 0
24 0
26 0
3
0 2 2 3
0 20 -1 0
0 21 -1 1
5
end_operator
begin_operator
do-spray-varnish p2 spray-varnisher0 mauve verysmooth
6
0 2
1 3
6 1
23 0
24 0
26 0
3
0 2 2 3
0 20 -1 0
0 21 -1 1
5
end_operator
begin_operator
do-spray-varnish p2 spray-varnisher0 mauve verysmooth
6
0 2
1 4
6 1
23 0
24 0
26 0
3
0 2 2 3
0 20 -1 0
0 21 -1 1
5
end_operator
begin_operator
do-spray-varnish p2 spray-varnisher0 mauve verysmooth
6
0 3
1 0
6 1
23 0
24 0
26 0
3
0 2 2 3
0 20 -1 0
0 21 -1 1
5
end_operator
begin_operator
do-spray-varnish p2 spray-varnisher0 mauve verysmooth
6
0 3
1 1
6 1
23 0
24 0
26 0
3
0 2 2 3
0 20 -1 0
0 21 -1 1
5
end_operator
begin_operator
do-spray-varnish p2 spray-varnisher0 mauve verysmooth
6
0 3
1 2
6 1
23 0
24 0
26 0
3
0 2 2 3
0 20 -1 0
0 21 -1 1
5
end_operator
begin_operator
do-spray-varnish p2 spray-varnisher0 mauve verysmooth
6
0 3
1 3
6 1
23 0
24 0
26 0
3
0 2 2 3
0 20 -1 0
0 21 -1 1
5
end_operator
begin_operator
do-spray-varnish p2 spray-varnisher0 mauve verysmooth
6
0 3
1 4
6 1
23 0
24 0
26 0
3
0 2 2 3
0 20 -1 0
0 21 -1 1
5
end_operator
begin_operator
do-spray-varnish p2 spray-varnisher0 mauve verysmooth
6
0 4
1 0
6 1
23 0
24 0
26 0
3
0 2 2 3
0 20 -1 0
0 21 -1 1
5
end_operator
begin_operator
do-spray-varnish p2 spray-varnisher0 mauve verysmooth
6
0 4
1 1
6 1
23 0
24 0
26 0
3
0 2 2 3
0 20 -1 0
0 21 -1 1
5
end_operator
begin_operator
do-spray-varnish p2 spray-varnisher0 mauve verysmooth
6
0 4
1 2
6 1
23 0
24 0
26 0
3
0 2 2 3
0 20 -1 0
0 21 -1 1
5
end_operator
begin_operator
do-spray-varnish p2 spray-varnisher0 mauve verysmooth
6
0 4
1 3
6 1
23 0
24 0
26 0
3
0 2 2 3
0 20 -1 0
0 21 -1 1
5
end_operator
begin_operator
do-spray-varnish p2 spray-varnisher0 mauve verysmooth
6
0 4
1 4
6 1
23 0
24 0
26 0
3
0 2 2 3
0 20 -1 0
0 21 -1 1
5
end_operator
begin_operator
load-highspeed-saw b0 highspeed-saw0
0
2
0 3 0 1
0 7 0 1
30
end_operator
begin_operator
load-highspeed-saw b1 highspeed-saw0
0
2
0 3 0 2
0 8 0 1
30
end_operator
begin_operator
unload-highspeed-saw b0 highspeed-saw0
0
2
0 3 1 0
0 7 -1 0
10
end_operator
begin_operator
unload-highspeed-saw b1 highspeed-saw0
0
2
0 3 2 0
0 8 -1 0
10
end_operator
0
