h3fw: facts: 94, ops: 472, goal-unreachable: 1
removed facts [11]:
  (count-package package-bag1 city-1-loc-1 pnum2)
  (count-package package-bag1 city-1-loc-2 pnum2)
  (count-package package-bag1 city-1-loc-3 pnum2)
  (count-package package-bag1 city-2-loc-1 pnum2)
  (count-package package-bag1 city-2-loc-2 pnum2)
  (count-package package-bag1 city-2-loc-3 pnum2)
  (count-package package-bag1 city-3-loc-1 pnum2)
  (count-package package-bag1 city-3-loc-2 pnum2)
  (count-package package-bag1 city-3-loc-3 pnum2)
  (count-package package-bag1 truck-1 pnum2)
  (count-package package-bag1 truck-2 pnum2)
removed ops [288]:
  (drop truck-1 city-1-loc-1 package-bag1 capacity-0 capacity-1 pnum1 pnum0 pnum1 pnum2 pnum2)
  (drop truck-1 city-1-loc-1 package-bag1 capacity-0 capacity-1 pnum2 pnum1 pnum0 pnum1 pnum2)
  (drop truck-1 city-1-loc-1 package-bag1 capacity-1 capacity-2 pnum1 pnum0 pnum1 pnum2 pnum2)
  (drop truck-1 city-1-loc-1 package-bag1 capacity-1 capacity-2 pnum2 pnum1 pnum0 pnum1 pnum2)
  (drop truck-1 city-1-loc-1 package-bag1 capacity-2 capacity-3 pnum1 pnum0 pnum1 pnum2 pnum2)
  (drop truck-1 city-1-loc-1 package-bag1 capacity-2 capacity-3 pnum2 pnum1 pnum0 pnum1 pnum2)
  (drop truck-1 city-1-loc-1 package-bag1 capacity-3 capacity-4 pnum1 pnum0 pnum1 pnum2 pnum2)
  (drop truck-1 city-1-loc-1 package-bag1 capacity-3 capacity-4 pnum2 pnum1 pnum0 pnum1 pnum2)
  (drop truck-1 city-1-loc-2 package-bag1 capacity-0 capacity-1 pnum1 pnum0 pnum1 pnum2 pnum2)
  (drop truck-1 city-1-loc-2 package-bag1 capacity-0 capacity-1 pnum2 pnum1 pnum0 pnum1 pnum2)
  (drop truck-1 city-1-loc-2 package-bag1 capacity-1 capacity-2 pnum1 pnum0 pnum1 pnum2 pnum2)
  (drop truck-1 city-1-loc-2 package-bag1 capacity-1 capacity-2 pnum2 pnum1 pnum0 pnum1 pnum2)
  (drop truck-1 city-1-loc-2 package-bag1 capacity-2 capacity-3 pnum1 pnum0 pnum1 pnum2 pnum2)
  (drop truck-1 city-1-loc-2 package-bag1 capacity-2 capacity-3 pnum2 pnum1 pnum0 pnum1 pnum2)
  (drop truck-1 city-1-loc-2 package-bag1 capacity-3 capacity-4 pnum1 pnum0 pnum1 pnum2 pnum2)
  (drop truck-1 city-1-loc-2 package-bag1 capacity-3 capacity-4 pnum2 pnum1 pnum0 pnum1 pnum2)
  (drop truck-1 city-1-loc-3 package-bag1 capacity-0 capacity-1 pnum1 pnum0 pnum1 pnum2 pnum2)
  (drop truck-1 city-1-loc-3 package-bag1 capacity-0 capacity-1 pnum2 pnum1 pnum0 pnum1 pnum2)
  (drop truck-1 city-1-loc-3 package-bag1 capacity-1 capacity-2 pnum1 pnum0 pnum1 pnum2 pnum2)
  (drop truck-1 city-1-loc-3 package-bag1 capacity-1 capacity-2 pnum2 pnum1 pnum0 pnum1 pnum2)
  (drop truck-1 city-1-loc-3 package-bag1 capacity-2 capacity-3 pnum1 pnum0 pnum1 pnum2 pnum2)
  (drop truck-1 city-1-loc-3 package-bag1 capacity-2 capacity-3 pnum2 pnum1 pnum0 pnum1 pnum2)
  (drop truck-1 city-1-loc-3 package-bag1 capacity-3 capacity-4 pnum1 pnum0 pnum1 pnum2 pnum2)
  (drop truck-1 city-1-loc-3 package-bag1 capacity-3 capacity-4 pnum2 pnum1 pnum0 pnum1 pnum2)
  (drop truck-1 city-2-loc-1 package-bag1 capacity-0 capacity-1 pnum1 pnum0 pnum1 pnum2 pnum2)
  (drop truck-1 city-2-loc-1 package-bag1 capacity-0 capacity-1 pnum2 pnum1 pnum0 pnum1 pnum2)
  (drop truck-1 city-2-loc-1 package-bag1 capacity-1 capacity-2 pnum1 pnum0 pnum1 pnum2 pnum2)
  (drop truck-1 city-2-loc-1 package-bag1 capacity-1 capacity-2 pnum2 pnum1 pnum0 pnum1 pnum2)
  (drop truck-1 city-2-loc-1 package-bag1 capacity-2 capacity-3 pnum1 pnum0 pnum1 pnum2 pnum2)
  (drop truck-1 city-2-loc-1 package-bag1 capacity-2 capacity-3 pnum2 pnum1 pnum0 pnum1 pnum2)
  (drop truck-1 city-2-loc-1 package-bag1 capacity-3 capacity-4 pnum1 pnum0 pnum1 pnum2 pnum2)
  (drop truck-1 city-2-loc-1 package-bag1 capacity-3 capacity-4 pnum2 pnum1 pnum0 pnum1 pnum2)
  (drop truck-1 city-2-loc-2 package-bag1 capacity-0 capacity-1 pnum1 pnum0 pnum1 pnum2 pnum2)
  (drop truck-1 city-2-loc-2 package-bag1 capacity-0 capacity-1 pnum2 pnum1 pnum0 pnum1 pnum2)
  (drop truck-1 city-2-loc-2 package-bag1 capacity-1 capacity-2 pnum1 pnum0 pnum1 pnum2 pnum2)
  (drop truck-1 city-2-loc-2 package-bag1 capacity-1 capacity-2 pnum2 pnum1 pnum0 pnum1 pnum2)
  (drop truck-1 city-2-loc-2 package-bag1 capacity-2 capacity-3 pnum1 pnum0 pnum1 pnum2 pnum2)
  (drop truck-1 city-2-loc-2 package-bag1 capacity-2 capacity-3 pnum2 pnum1 pnum0 pnum1 pnum2)
  (drop truck-1 city-2-loc-2 package-bag1 capacity-3 capacity-4 pnum1 pnum0 pnum1 pnum2 pnum2)
  (drop truck-1 city-2-loc-2 package-bag1 capacity-3 capacity-4 pnum2 pnum1 pnum0 pnum1 pnum2)
  (drop truck-1 city-2-loc-3 package-bag1 capacity-0 capacity-1 pnum1 pnum0 pnum1 pnum2 pnum2)
  (drop truck-1 city-2-loc-3 package-bag1 capacity-0 capacity-1 pnum2 pnum1 pnum0 pnum1 pnum2)
  (drop truck-1 city-2-loc-3 package-bag1 capacity-1 capacity-2 pnum1 pnum0 pnum1 pnum2 pnum2)
  (drop truck-1 city-2-loc-3 package-bag1 capacity-1 capacity-2 pnum2 pnum1 pnum0 pnum1 pnum2)
  (drop truck-1 city-2-loc-3 package-bag1 capacity-2 capacity-3 pnum1 pnum0 pnum1 pnum2 pnum2)
  (drop truck-1 city-2-loc-3 package-bag1 capacity-2 capacity-3 pnum2 pnum1 pnum0 pnum1 pnum2)
  (drop truck-1 city-2-loc-3 package-bag1 capacity-3 capacity-4 pnum1 pnum0 pnum1 pnum2 pnum2)
  (drop truck-1 city-2-loc-3 package-bag1 capacity-3 capacity-4 pnum2 pnum1 pnum0 pnum1 pnum2)
  (drop truck-1 city-3-loc-1 package-bag1 capacity-0 capacity-1 pnum1 pnum0 pnum1 pnum2 pnum2)
  (drop truck-1 city-3-loc-1 package-bag1 capacity-0 capacity-1 pnum2 pnum1 pnum0 pnum1 pnum2)
  (drop truck-1 city-3-loc-1 package-bag1 capacity-1 capacity-2 pnum1 pnum0 pnum1 pnum2 pnum2)
  (drop truck-1 city-3-loc-1 package-bag1 capacity-1 capacity-2 pnum2 pnum1 pnum0 pnum1 pnum2)
  (drop truck-1 city-3-loc-1 package-bag1 capacity-2 capacity-3 pnum1 pnum0 pnum1 pnum2 pnum2)
  (drop truck-1 city-3-loc-1 package-bag1 capacity-2 capacity-3 pnum2 pnum1 pnum0 pnum1 pnum2)
  (drop truck-1 city-3-loc-1 package-bag1 capacity-3 capacity-4 pnum1 pnum0 pnum1 pnum2 pnum2)
  (drop truck-1 city-3-loc-1 package-bag1 capacity-3 capacity-4 pnum2 pnum1 pnum0 pnum1 pnum2)
  (drop truck-1 city-3-loc-2 package-bag1 capacity-0 capacity-1 pnum1 pnum0 pnum1 pnum2 pnum2)
  (drop truck-1 city-3-loc-2 package-bag1 capacity-0 capacity-1 pnum2 pnum1 pnum0 pnum1 pnum2)
  (drop truck-1 city-3-loc-2 package-bag1 capacity-1 capacity-2 pnum1 pnum0 pnum1 pnum2 pnum2)
  (drop truck-1 city-3-loc-2 package-bag1 capacity-1 capacity-2 pnum2 pnum1 pnum0 pnum1 pnum2)
  (drop truck-1 city-3-loc-2 package-bag1 capacity-2 capacity-3 pnum1 pnum0 pnum1 pnum2 pnum2)
  (drop truck-1 city-3-loc-2 package-bag1 capacity-2 capacity-3 pnum2 pnum1 pnum0 pnum1 pnum2)
  (drop truck-1 city-3-loc-2 package-bag1 capacity-3 capacity-4 pnum1 pnum0 pnum1 pnum2 pnum2)
  (drop truck-1 city-3-loc-2 package-bag1 capacity-3 capacity-4 pnum2 pnum1 pnum0 pnum1 pnum2)
  (drop truck-1 city-3-loc-3 package-bag1 capacity-0 capacity-1 pnum1 pnum0 pnum1 pnum2 pnum2)
  (drop truck-1 city-3-loc-3 package-bag1 capacity-0 capacity-1 pnum2 pnum1 pnum0 pnum1 pnum2)
  (drop truck-1 city-3-loc-3 package-bag1 capacity-1 capacity-2 pnum1 pnum0 pnum1 pnum2 pnum2)
  (drop truck-1 city-3-loc-3 package-bag1 capacity-1 capacity-2 pnum2 pnum1 pnum0 pnum1 pnum2)
  (drop truck-1 city-3-loc-3 package-bag1 capacity-2 capacity-3 pnum1 pnum0 pnum1 pnum2 pnum2)
  (drop truck-1 city-3-loc-3 package-bag1 capacity-2 capacity-3 pnum2 pnum1 pnum0 pnum1 pnum2)
  (drop truck-1 city-3-loc-3 package-bag1 capacity-3 capacity-4 pnum1 pnum0 pnum1 pnum2 pnum2)
  (drop truck-1 city-3-loc-3 package-bag1 capacity-3 capacity-4 pnum2 pnum1 pnum0 pnum1 pnum2)
  (drop truck-2 city-1-loc-1 package-bag1 capacity-0 capacity-1 pnum1 pnum0 pnum1 pnum2 pnum2)
  (drop truck-2 city-1-loc-1 package-bag1 capacity-0 capacity-1 pnum2 pnum1 pnum0 pnum1 pnum2)
  (drop truck-2 city-1-loc-1 package-bag1 capacity-1 capacity-2 pnum1 pnum0 pnum1 pnum2 pnum2)
  (drop truck-2 city-1-loc-1 package-bag1 capacity-1 capacity-2 pnum2 pnum1 pnum0 pnum1 pnum2)
  (drop truck-2 city-1-loc-1 package-bag1 capacity-2 capacity-3 pnum1 pnum0 pnum1 pnum2 pnum2)
  (drop truck-2 city-1-loc-1 package-bag1 capacity-2 capacity-3 pnum2 pnum1 pnum0 pnum1 pnum2)
  (drop truck-2 city-1-loc-1 package-bag1 capacity-3 capacity-4 pnum1 pnum0 pnum1 pnum2 pnum2)
  (drop truck-2 city-1-loc-1 package-bag1 capacity-3 capacity-4 pnum2 pnum1 pnum0 pnum1 pnum2)
  (drop truck-2 city-1-loc-2 package-bag1 capacity-0 capacity-1 pnum1 pnum0 pnum1 pnum2 pnum2)
  (drop truck-2 city-1-loc-2 package-bag1 capacity-0 capacity-1 pnum2 pnum1 pnum0 pnum1 pnum2)
  (drop truck-2 city-1-loc-2 package-bag1 capacity-1 capacity-2 pnum1 pnum0 pnum1 pnum2 pnum2)
  (drop truck-2 city-1-loc-2 package-bag1 capacity-1 capacity-2 pnum2 pnum1 pnum0 pnum1 pnum2)
  (drop truck-2 city-1-loc-2 package-bag1 capacity-2 capacity-3 pnum1 pnum0 pnum1 pnum2 pnum2)
  (drop truck-2 city-1-loc-2 package-bag1 capacity-2 capacity-3 pnum2 pnum1 pnum0 pnum1 pnum2)
  (drop truck-2 city-1-loc-2 package-bag1 capacity-3 capacity-4 pnum1 pnum0 pnum1 pnum2 pnum2)
  (drop truck-2 city-1-loc-2 package-bag1 capacity-3 capacity-4 pnum2 pnum1 pnum0 pnum1 pnum2)
  (drop truck-2 city-1-loc-3 package-bag1 capacity-0 capacity-1 pnum1 pnum0 pnum1 pnum2 pnum2)
  (drop truck-2 city-1-loc-3 package-bag1 capacity-0 capacity-1 pnum2 pnum1 pnum0 pnum1 pnum2)
  (drop truck-2 city-1-loc-3 package-bag1 capacity-1 capacity-2 pnum1 pnum0 pnum1 pnum2 pnum2)
  (drop truck-2 city-1-loc-3 package-bag1 capacity-1 capacity-2 pnum2 pnum1 pnum0 pnum1 pnum2)
  (drop truck-2 city-1-loc-3 package-bag1 capacity-2 capacity-3 pnum1 pnum0 pnum1 pnum2 pnum2)
  (drop truck-2 city-1-loc-3 package-bag1 capacity-2 capacity-3 pnum2 pnum1 pnum0 pnum1 pnum2)
  (drop truck-2 city-1-loc-3 package-bag1 capacity-3 capacity-4 pnum1 pnum0 pnum1 pnum2 pnum2)
  (drop truck-2 city-1-loc-3 package-bag1 capacity-3 capacity-4 pnum2 pnum1 pnum0 pnum1 pnum2)
  (drop truck-2 city-2-loc-1 package-bag1 capacity-0 capacity-1 pnum1 pnum0 pnum1 pnum2 pnum2)
  (drop truck-2 city-2-loc-1 package-bag1 capacity-0 capacity-1 pnum2 pnum1 pnum0 pnum1 pnum2)
  (drop truck-2 city-2-loc-1 package-bag1 capacity-1 capacity-2 pnum1 pnum0 pnum1 pnum2 pnum2)
  (drop truck-2 city-2-loc-1 package-bag1 capacity-1 capacity-2 pnum2 pnum1 pnum0 pnum1 pnum2)
  (drop truck-2 city-2-loc-1 package-bag1 capacity-2 capacity-3 pnum1 pnum0 pnum1 pnum2 pnum2)
  (drop truck-2 city-2-loc-1 package-bag1 capacity-2 capacity-3 pnum2 pnum1 pnum0 pnum1 pnum2)
  (drop truck-2 city-2-loc-1 package-bag1 capacity-3 capacity-4 pnum1 pnum0 pnum1 pnum2 pnum2)
  (drop truck-2 city-2-loc-1 package-bag1 capacity-3 capacity-4 pnum2 pnum1 pnum0 pnum1 pnum2)
  (drop truck-2 city-2-loc-2 package-bag1 capacity-0 capacity-1 pnum1 pnum0 pnum1 pnum2 pnum2)
  (drop truck-2 city-2-loc-2 package-bag1 capacity-0 capacity-1 pnum2 pnum1 pnum0 pnum1 pnum2)
  (drop truck-2 city-2-loc-2 package-bag1 capacity-1 capacity-2 pnum1 pnum0 pnum1 pnum2 pnum2)
  (drop truck-2 city-2-loc-2 package-bag1 capacity-1 capacity-2 pnum2 pnum1 pnum0 pnum1 pnum2)
  (drop truck-2 city-2-loc-2 package-bag1 capacity-2 capacity-3 pnum1 pnum0 pnum1 pnum2 pnum2)
  (drop truck-2 city-2-loc-2 package-bag1 capacity-2 capacity-3 pnum2 pnum1 pnum0 pnum1 pnum2)
  (drop truck-2 city-2-loc-2 package-bag1 capacity-3 capacity-4 pnum1 pnum0 pnum1 pnum2 pnum2)
  (drop truck-2 city-2-loc-2 package-bag1 capacity-3 capacity-4 pnum2 pnum1 pnum0 pnum1 pnum2)
  (drop truck-2 city-2-loc-3 package-bag1 capacity-0 capacity-1 pnum1 pnum0 pnum1 pnum2 pnum2)
  (drop truck-2 city-2-loc-3 package-bag1 capacity-0 capacity-1 pnum2 pnum1 pnum0 pnum1 pnum2)
  (drop truck-2 city-2-loc-3 package-bag1 capacity-1 capacity-2 pnum1 pnum0 pnum1 pnum2 pnum2)
  (drop truck-2 city-2-loc-3 package-bag1 capacity-1 capacity-2 pnum2 pnum1 pnum0 pnum1 pnum2)
  (drop truck-2 city-2-loc-3 package-bag1 capacity-2 capacity-3 pnum1 pnum0 pnum1 pnum2 pnum2)
  (drop truck-2 city-2-loc-3 package-bag1 capacity-2 capacity-3 pnum2 pnum1 pnum0 pnum1 pnum2)
  (drop truck-2 city-2-loc-3 package-bag1 capacity-3 capacity-4 pnum1 pnum0 pnum1 pnum2 pnum2)
  (drop truck-2 city-2-loc-3 package-bag1 capacity-3 capacity-4 pnum2 pnum1 pnum0 pnum1 pnum2)
  (drop truck-2 city-3-loc-1 package-bag1 capacity-0 capacity-1 pnum1 pnum0 pnum1 pnum2 pnum2)
  (drop truck-2 city-3-loc-1 package-bag1 capacity-0 capacity-1 pnum2 pnum1 pnum0 pnum1 pnum2)
  (drop truck-2 city-3-loc-1 package-bag1 capacity-1 capacity-2 pnum1 pnum0 pnum1 pnum2 pnum2)
  (drop truck-2 city-3-loc-1 package-bag1 capacity-1 capacity-2 pnum2 pnum1 pnum0 pnum1 pnum2)
  (drop truck-2 city-3-loc-1 package-bag1 capacity-2 capacity-3 pnum1 pnum0 pnum1 pnum2 pnum2)
  (drop truck-2 city-3-loc-1 package-bag1 capacity-2 capacity-3 pnum2 pnum1 pnum0 pnum1 pnum2)
  (drop truck-2 city-3-loc-1 package-bag1 capacity-3 capacity-4 pnum1 pnum0 pnum1 pnum2 pnum2)
  (drop truck-2 city-3-loc-1 package-bag1 capacity-3 capacity-4 pnum2 pnum1 pnum0 pnum1 pnum2)
  (drop truck-2 city-3-loc-2 package-bag1 capacity-0 capacity-1 pnum1 pnum0 pnum1 pnum2 pnum2)
  (drop truck-2 city-3-loc-2 package-bag1 capacity-0 capacity-1 pnum2 pnum1 pnum0 pnum1 pnum2)
  (drop truck-2 city-3-loc-2 package-bag1 capacity-1 capacity-2 pnum1 pnum0 pnum1 pnum2 pnum2)
  (drop truck-2 city-3-loc-2 package-bag1 capacity-1 capacity-2 pnum2 pnum1 pnum0 pnum1 pnum2)
  (drop truck-2 city-3-loc-2 package-bag1 capacity-2 capacity-3 pnum1 pnum0 pnum1 pnum2 pnum2)
  (drop truck-2 city-3-loc-2 package-bag1 capacity-2 capacity-3 pnum2 pnum1 pnum0 pnum1 pnum2)
  (drop truck-2 city-3-loc-2 package-bag1 capacity-3 capacity-4 pnum1 pnum0 pnum1 pnum2 pnum2)
  (drop truck-2 city-3-loc-2 package-bag1 capacity-3 capacity-4 pnum2 pnum1 pnum0 pnum1 pnum2)
  (drop truck-2 city-3-loc-3 package-bag1 capacity-0 capacity-1 pnum1 pnum0 pnum1 pnum2 pnum2)
  (drop truck-2 city-3-loc-3 package-bag1 capacity-0 capacity-1 pnum2 pnum1 pnum0 pnum1 pnum2)
  (drop truck-2 city-3-loc-3 package-bag1 capacity-1 capacity-2 pnum1 pnum0 pnum1 pnum2 pnum2)
  (drop truck-2 city-3-loc-3 package-bag1 capacity-1 capacity-2 pnum2 pnum1 pnum0 pnum1 pnum2)
  (drop truck-2 city-3-loc-3 package-bag1 capacity-2 capacity-3 pnum1 pnum0 pnum1 pnum2 pnum2)
  (drop truck-2 city-3-loc-3 package-bag1 capacity-2 capacity-3 pnum2 pnum1 pnum0 pnum1 pnum2)
  (drop truck-2 city-3-loc-3 package-bag1 capacity-3 capacity-4 pnum1 pnum0 pnum1 pnum2 pnum2)
  (drop truck-2 city-3-loc-3 package-bag1 capacity-3 capacity-4 pnum2 pnum1 pnum0 pnum1 pnum2)
  (pick-up truck-1 city-1-loc-1 package-bag1 capacity-0 capacity-1 pnum1 pnum0 pnum1 pnum2 pnum2)
  (pick-up truck-1 city-1-loc-1 package-bag1 capacity-0 capacity-1 pnum2 pnum1 pnum0 pnum1 pnum2)
  (pick-up truck-1 city-1-loc-1 package-bag1 capacity-1 capacity-2 pnum1 pnum0 pnum1 pnum2 pnum2)
  (pick-up truck-1 city-1-loc-1 package-bag1 capacity-1 capacity-2 pnum2 pnum1 pnum0 pnum1 pnum2)
  (pick-up truck-1 city-1-loc-1 package-bag1 capacity-2 capacity-3 pnum1 pnum0 pnum1 pnum2 pnum2)
  (pick-up truck-1 city-1-loc-1 package-bag1 capacity-2 capacity-3 pnum2 pnum1 pnum0 pnum1 pnum2)
  (pick-up truck-1 city-1-loc-1 package-bag1 capacity-3 capacity-4 pnum1 pnum0 pnum1 pnum2 pnum2)
  (pick-up truck-1 city-1-loc-1 package-bag1 capacity-3 capacity-4 pnum2 pnum1 pnum0 pnum1 pnum2)
  (pick-up truck-1 city-1-loc-2 package-bag1 capacity-0 capacity-1 pnum1 pnum0 pnum1 pnum2 pnum2)
  (pick-up truck-1 city-1-loc-2 package-bag1 capacity-0 capacity-1 pnum2 pnum1 pnum0 pnum1 pnum2)
  (pick-up truck-1 city-1-loc-2 package-bag1 capacity-1 capacity-2 pnum1 pnum0 pnum1 pnum2 pnum2)
  (pick-up truck-1 city-1-loc-2 package-bag1 capacity-1 capacity-2 pnum2 pnum1 pnum0 pnum1 pnum2)
  (pick-up truck-1 city-1-loc-2 package-bag1 capacity-2 capacity-3 pnum1 pnum0 pnum1 pnum2 pnum2)
  (pick-up truck-1 city-1-loc-2 package-bag1 capacity-2 capacity-3 pnum2 pnum1 pnum0 pnum1 pnum2)
  (pick-up truck-1 city-1-loc-2 package-bag1 capacity-3 capacity-4 pnum1 pnum0 pnum1 pnum2 pnum2)
  (pick-up truck-1 city-1-loc-2 package-bag1 capacity-3 capacity-4 pnum2 pnum1 pnum0 pnum1 pnum2)
  (pick-up truck-1 city-1-loc-3 package-bag1 capacity-0 capacity-1 pnum1 pnum0 pnum1 pnum2 pnum2)
  (pick-up truck-1 city-1-loc-3 package-bag1 capacity-0 capacity-1 pnum2 pnum1 pnum0 pnum1 pnum2)
  (pick-up truck-1 city-1-loc-3 package-bag1 capacity-1 capacity-2 pnum1 pnum0 pnum1 pnum2 pnum2)
  (pick-up truck-1 city-1-loc-3 package-bag1 capacity-1 capacity-2 pnum2 pnum1 pnum0 pnum1 pnum2)
  (pick-up truck-1 city-1-loc-3 package-bag1 capacity-2 capacity-3 pnum1 pnum0 pnum1 pnum2 pnum2)
  (pick-up truck-1 city-1-loc-3 package-bag1 capacity-2 capacity-3 pnum2 pnum1 pnum0 pnum1 pnum2)
  (pick-up truck-1 city-1-loc-3 package-bag1 capacity-3 capacity-4 pnum1 pnum0 pnum1 pnum2 pnum2)
  (pick-up truck-1 city-1-loc-3 package-bag1 capacity-3 capacity-4 pnum2 pnum1 pnum0 pnum1 pnum2)
  (pick-up truck-1 city-2-loc-1 package-bag1 capacity-0 capacity-1 pnum1 pnum0 pnum1 pnum2 pnum2)
  (pick-up truck-1 city-2-loc-1 package-bag1 capacity-0 capacity-1 pnum2 pnum1 pnum0 pnum1 pnum2)
  (pick-up truck-1 city-2-loc-1 package-bag1 capacity-1 capacity-2 pnum1 pnum0 pnum1 pnum2 pnum2)
  (pick-up truck-1 city-2-loc-1 package-bag1 capacity-1 capacity-2 pnum2 pnum1 pnum0 pnum1 pnum2)
  (pick-up truck-1 city-2-loc-1 package-bag1 capacity-2 capacity-3 pnum1 pnum0 pnum1 pnum2 pnum2)
  (pick-up truck-1 city-2-loc-1 package-bag1 capacity-2 capacity-3 pnum2 pnum1 pnum0 pnum1 pnum2)
  (pick-up truck-1 city-2-loc-1 package-bag1 capacity-3 capacity-4 pnum1 pnum0 pnum1 pnum2 pnum2)
  (pick-up truck-1 city-2-loc-1 package-bag1 capacity-3 capacity-4 pnum2 pnum1 pnum0 pnum1 pnum2)
  (pick-up truck-1 city-2-loc-2 package-bag1 capacity-0 capacity-1 pnum1 pnum0 pnum1 pnum2 pnum2)
  (pick-up truck-1 city-2-loc-2 package-bag1 capacity-0 capacity-1 pnum2 pnum1 pnum0 pnum1 pnum2)
  (pick-up truck-1 city-2-loc-2 package-bag1 capacity-1 capacity-2 pnum1 pnum0 pnum1 pnum2 pnum2)
  (pick-up truck-1 city-2-loc-2 package-bag1 capacity-1 capacity-2 pnum2 pnum1 pnum0 pnum1 pnum2)
  (pick-up truck-1 city-2-loc-2 package-bag1 capacity-2 capacity-3 pnum1 pnum0 pnum1 pnum2 pnum2)
  (pick-up truck-1 city-2-loc-2 package-bag1 capacity-2 capacity-3 pnum2 pnum1 pnum0 pnum1 pnum2)
  (pick-up truck-1 city-2-loc-2 package-bag1 capacity-3 capacity-4 pnum1 pnum0 pnum1 pnum2 pnum2)
  (pick-up truck-1 city-2-loc-2 package-bag1 capacity-3 capacity-4 pnum2 pnum1 pnum0 pnum1 pnum2)
  (pick-up truck-1 city-2-loc-3 package-bag1 capacity-0 capacity-1 pnum1 pnum0 pnum1 pnum2 pnum2)
  (pick-up truck-1 city-2-loc-3 package-bag1 capacity-0 capacity-1 pnum2 pnum1 pnum0 pnum1 pnum2)
  (pick-up truck-1 city-2-loc-3 package-bag1 capacity-1 capacity-2 pnum1 pnum0 pnum1 pnum2 pnum2)
  (pick-up truck-1 city-2-loc-3 package-bag1 capacity-1 capacity-2 pnum2 pnum1 pnum0 pnum1 pnum2)
  (pick-up truck-1 city-2-loc-3 package-bag1 capacity-2 capacity-3 pnum1 pnum0 pnum1 pnum2 pnum2)
  (pick-up truck-1 city-2-loc-3 package-bag1 capacity-2 capacity-3 pnum2 pnum1 pnum0 pnum1 pnum2)
  (pick-up truck-1 city-2-loc-3 package-bag1 capacity-3 capacity-4 pnum1 pnum0 pnum1 pnum2 pnum2)
  (pick-up truck-1 city-2-loc-3 package-bag1 capacity-3 capacity-4 pnum2 pnum1 pnum0 pnum1 pnum2)
  (pick-up truck-1 city-3-loc-1 package-bag1 capacity-0 capacity-1 pnum1 pnum0 pnum1 pnum2 pnum2)
  (pick-up truck-1 city-3-loc-1 package-bag1 capacity-0 capacity-1 pnum2 pnum1 pnum0 pnum1 pnum2)
  (pick-up truck-1 city-3-loc-1 package-bag1 capacity-1 capacity-2 pnum1 pnum0 pnum1 pnum2 pnum2)
  (pick-up truck-1 city-3-loc-1 package-bag1 capacity-1 capacity-2 pnum2 pnum1 pnum0 pnum1 pnum2)
  (pick-up truck-1 city-3-loc-1 package-bag1 capacity-2 capacity-3 pnum1 pnum0 pnum1 pnum2 pnum2)
  (pick-up truck-1 city-3-loc-1 package-bag1 capacity-2 capacity-3 pnum2 pnum1 pnum0 pnum1 pnum2)
  (pick-up truck-1 city-3-loc-1 package-bag1 capacity-3 capacity-4 pnum1 pnum0 pnum1 pnum2 pnum2)
  (pick-up truck-1 city-3-loc-1 package-bag1 capacity-3 capacity-4 pnum2 pnum1 pnum0 pnum1 pnum2)
  (pick-up truck-1 city-3-loc-2 package-bag1 capacity-0 capacity-1 pnum1 pnum0 pnum1 pnum2 pnum2)
  (pick-up truck-1 city-3-loc-2 package-bag1 capacity-0 capacity-1 pnum2 pnum1 pnum0 pnum1 pnum2)
  (pick-up truck-1 city-3-loc-2 package-bag1 capacity-1 capacity-2 pnum1 pnum0 pnum1 pnum2 pnum2)
  (pick-up truck-1 city-3-loc-2 package-bag1 capacity-1 capacity-2 pnum2 pnum1 pnum0 pnum1 pnum2)
  (pick-up truck-1 city-3-loc-2 package-bag1 capacity-2 capacity-3 pnum1 pnum0 pnum1 pnum2 pnum2)
  (pick-up truck-1 city-3-loc-2 package-bag1 capacity-2 capacity-3 pnum2 pnum1 pnum0 pnum1 pnum2)
  (pick-up truck-1 city-3-loc-2 package-bag1 capacity-3 capacity-4 pnum1 pnum0 pnum1 pnum2 pnum2)
  (pick-up truck-1 city-3-loc-2 package-bag1 capacity-3 capacity-4 pnum2 pnum1 pnum0 pnum1 pnum2)
  (pick-up truck-1 city-3-loc-3 package-bag1 capacity-0 capacity-1 pnum1 pnum0 pnum1 pnum2 pnum2)
  (pick-up truck-1 city-3-loc-3 package-bag1 capacity-0 capacity-1 pnum2 pnum1 pnum0 pnum1 pnum2)
  (pick-up truck-1 city-3-loc-3 package-bag1 capacity-1 capacity-2 pnum1 pnum0 pnum1 pnum2 pnum2)
  (pick-up truck-1 city-3-loc-3 package-bag1 capacity-1 capacity-2 pnum2 pnum1 pnum0 pnum1 pnum2)
  (pick-up truck-1 city-3-loc-3 package-bag1 capacity-2 capacity-3 pnum1 pnum0 pnum1 pnum2 pnum2)
  (pick-up truck-1 city-3-loc-3 package-bag1 capacity-2 capacity-3 pnum2 pnum1 pnum0 pnum1 pnum2)
  (pick-up truck-1 city-3-loc-3 package-bag1 capacity-3 capacity-4 pnum1 pnum0 pnum1 pnum2 pnum2)
  (pick-up truck-1 city-3-loc-3 package-bag1 capacity-3 capacity-4 pnum2 pnum1 pnum0 pnum1 pnum2)
  (pick-up truck-2 city-1-loc-1 package-bag1 capacity-0 capacity-1 pnum1 pnum0 pnum1 pnum2 pnum2)
  (pick-up truck-2 city-1-loc-1 package-bag1 capacity-0 capacity-1 pnum2 pnum1 pnum0 pnum1 pnum2)
  (pick-up truck-2 city-1-loc-1 package-bag1 capacity-1 capacity-2 pnum1 pnum0 pnum1 pnum2 pnum2)
  (pick-up truck-2 city-1-loc-1 package-bag1 capacity-1 capacity-2 pnum2 pnum1 pnum0 pnum1 pnum2)
  (pick-up truck-2 city-1-loc-1 package-bag1 capacity-2 capacity-3 pnum1 pnum0 pnum1 pnum2 pnum2)
  (pick-up truck-2 city-1-loc-1 package-bag1 capacity-2 capacity-3 pnum2 pnum1 pnum0 pnum1 pnum2)
  (pick-up truck-2 city-1-loc-1 package-bag1 capacity-3 capacity-4 pnum1 pnum0 pnum1 pnum2 pnum2)
  (pick-up truck-2 city-1-loc-1 package-bag1 capacity-3 capacity-4 pnum2 pnum1 pnum0 pnum1 pnum2)
  (pick-up truck-2 city-1-loc-2 package-bag1 capacity-0 capacity-1 pnum1 pnum0 pnum1 pnum2 pnum2)
  (pick-up truck-2 city-1-loc-2 package-bag1 capacity-0 capacity-1 pnum2 pnum1 pnum0 pnum1 pnum2)
  (pick-up truck-2 city-1-loc-2 package-bag1 capacity-1 capacity-2 pnum1 pnum0 pnum1 pnum2 pnum2)
  (pick-up truck-2 city-1-loc-2 package-bag1 capacity-1 capacity-2 pnum2 pnum1 pnum0 pnum1 pnum2)
  (pick-up truck-2 city-1-loc-2 package-bag1 capacity-2 capacity-3 pnum1 pnum0 pnum1 pnum2 pnum2)
  (pick-up truck-2 city-1-loc-2 package-bag1 capacity-2 capacity-3 pnum2 pnum1 pnum0 pnum1 pnum2)
  (pick-up truck-2 city-1-loc-2 package-bag1 capacity-3 capacity-4 pnum1 pnum0 pnum1 pnum2 pnum2)
  (pick-up truck-2 city-1-loc-2 package-bag1 capacity-3 capacity-4 pnum2 pnum1 pnum0 pnum1 pnum2)
  (pick-up truck-2 city-1-loc-3 package-bag1 capacity-0 capacity-1 pnum1 pnum0 pnum1 pnum2 pnum2)
  (pick-up truck-2 city-1-loc-3 package-bag1 capacity-0 capacity-1 pnum2 pnum1 pnum0 pnum1 pnum2)
  (pick-up truck-2 city-1-loc-3 package-bag1 capacity-1 capacity-2 pnum1 pnum0 pnum1 pnum2 pnum2)
  (pick-up truck-2 city-1-loc-3 package-bag1 capacity-1 capacity-2 pnum2 pnum1 pnum0 pnum1 pnum2)
  (pick-up truck-2 city-1-loc-3 package-bag1 capacity-2 capacity-3 pnum1 pnum0 pnum1 pnum2 pnum2)
  (pick-up truck-2 city-1-loc-3 package-bag1 capacity-2 capacity-3 pnum2 pnum1 pnum0 pnum1 pnum2)
  (pick-up truck-2 city-1-loc-3 package-bag1 capacity-3 capacity-4 pnum1 pnum0 pnum1 pnum2 pnum2)
  (pick-up truck-2 city-1-loc-3 package-bag1 capacity-3 capacity-4 pnum2 pnum1 pnum0 pnum1 pnum2)
  (pick-up truck-2 city-2-loc-1 package-bag1 capacity-0 capacity-1 pnum1 pnum0 pnum1 pnum2 pnum2)
  (pick-up truck-2 city-2-loc-1 package-bag1 capacity-0 capacity-1 pnum2 pnum1 pnum0 pnum1 pnum2)
  (pick-up truck-2 city-2-loc-1 package-bag1 capacity-1 capacity-2 pnum1 pnum0 pnum1 pnum2 pnum2)
  (pick-up truck-2 city-2-loc-1 package-bag1 capacity-1 capacity-2 pnum2 pnum1 pnum0 pnum1 pnum2)
  (pick-up truck-2 city-2-loc-1 package-bag1 capacity-2 capacity-3 pnum1 pnum0 pnum1 pnum2 pnum2)
  (pick-up truck-2 city-2-loc-1 package-bag1 capacity-2 capacity-3 pnum2 pnum1 pnum0 pnum1 pnum2)
  (pick-up truck-2 city-2-loc-1 package-bag1 capacity-3 capacity-4 pnum1 pnum0 pnum1 pnum2 pnum2)
  (pick-up truck-2 city-2-loc-1 package-bag1 capacity-3 capacity-4 pnum2 pnum1 pnum0 pnum1 pnum2)
  (pick-up truck-2 city-2-loc-2 package-bag1 capacity-0 capacity-1 pnum1 pnum0 pnum1 pnum2 pnum2)
  (pick-up truck-2 city-2-loc-2 package-bag1 capacity-0 capacity-1 pnum2 pnum1 pnum0 pnum1 pnum2)
  (pick-up truck-2 city-2-loc-2 package-bag1 capacity-1 capacity-2 pnum1 pnum0 pnum1 pnum2 pnum2)
  (pick-up truck-2 city-2-loc-2 package-bag1 capacity-1 capacity-2 pnum2 pnum1 pnum0 pnum1 pnum2)
  (pick-up truck-2 city-2-loc-2 package-bag1 capacity-2 capacity-3 pnum1 pnum0 pnum1 pnum2 pnum2)
  (pick-up truck-2 city-2-loc-2 package-bag1 capacity-2 capacity-3 pnum2 pnum1 pnum0 pnum1 pnum2)
  (pick-up truck-2 city-2-loc-2 package-bag1 capacity-3 capacity-4 pnum1 pnum0 pnum1 pnum2 pnum2)
  (pick-up truck-2 city-2-loc-2 package-bag1 capacity-3 capacity-4 pnum2 pnum1 pnum0 pnum1 pnum2)
  (pick-up truck-2 city-2-loc-3 package-bag1 capacity-0 capacity-1 pnum1 pnum0 pnum1 pnum2 pnum2)
  (pick-up truck-2 city-2-loc-3 package-bag1 capacity-0 capacity-1 pnum2 pnum1 pnum0 pnum1 pnum2)
  (pick-up truck-2 city-2-loc-3 package-bag1 capacity-1 capacity-2 pnum1 pnum0 pnum1 pnum2 pnum2)
  (pick-up truck-2 city-2-loc-3 package-bag1 capacity-1 capacity-2 pnum2 pnum1 pnum0 pnum1 pnum2)
  (pick-up truck-2 city-2-loc-3 package-bag1 capacity-2 capacity-3 pnum1 pnum0 pnum1 pnum2 pnum2)
  (pick-up truck-2 city-2-loc-3 package-bag1 capacity-2 capacity-3 pnum2 pnum1 pnum0 pnum1 pnum2)
  (pick-up truck-2 city-2-loc-3 package-bag1 capacity-3 capacity-4 pnum1 pnum0 pnum1 pnum2 pnum2)
  (pick-up truck-2 city-2-loc-3 package-bag1 capacity-3 capacity-4 pnum2 pnum1 pnum0 pnum1 pnum2)
  (pick-up truck-2 city-3-loc-1 package-bag1 capacity-0 capacity-1 pnum1 pnum0 pnum1 pnum2 pnum2)
  (pick-up truck-2 city-3-loc-1 package-bag1 capacity-0 capacity-1 pnum2 pnum1 pnum0 pnum1 pnum2)
  (pick-up truck-2 city-3-loc-1 package-bag1 capacity-1 capacity-2 pnum1 pnum0 pnum1 pnum2 pnum2)
  (pick-up truck-2 city-3-loc-1 package-bag1 capacity-1 capacity-2 pnum2 pnum1 pnum0 pnum1 pnum2)
  (pick-up truck-2 city-3-loc-1 package-bag1 capacity-2 capacity-3 pnum1 pnum0 pnum1 pnum2 pnum2)
  (pick-up truck-2 city-3-loc-1 package-bag1 capacity-2 capacity-3 pnum2 pnum1 pnum0 pnum1 pnum2)
  (pick-up truck-2 city-3-loc-1 package-bag1 capacity-3 capacity-4 pnum1 pnum0 pnum1 pnum2 pnum2)
  (pick-up truck-2 city-3-loc-1 package-bag1 capacity-3 capacity-4 pnum2 pnum1 pnum0 pnum1 pnum2)
  (pick-up truck-2 city-3-loc-2 package-bag1 capacity-0 capacity-1 pnum1 pnum0 pnum1 pnum2 pnum2)
  (pick-up truck-2 city-3-loc-2 package-bag1 capacity-0 capacity-1 pnum2 pnum1 pnum0 pnum1 pnum2)
  (pick-up truck-2 city-3-loc-2 package-bag1 capacity-1 capacity-2 pnum1 pnum0 pnum1 pnum2 pnum2)
  (pick-up truck-2 city-3-loc-2 package-bag1 capacity-1 capacity-2 pnum2 pnum1 pnum0 pnum1 pnum2)
  (pick-up truck-2 city-3-loc-2 package-bag1 capacity-2 capacity-3 pnum1 pnum0 pnum1 pnum2 pnum2)
  (pick-up truck-2 city-3-loc-2 package-bag1 capacity-2 capacity-3 pnum2 pnum1 pnum0 pnum1 pnum2)
  (pick-up truck-2 city-3-loc-2 package-bag1 capacity-3 capacity-4 pnum1 pnum0 pnum1 pnum2 pnum2)
  (pick-up truck-2 city-3-loc-2 package-bag1 capacity-3 capacity-4 pnum2 pnum1 pnum0 pnum1 pnum2)
  (pick-up truck-2 city-3-loc-3 package-bag1 capacity-0 capacity-1 pnum1 pnum0 pnum1 pnum2 pnum2)
  (pick-up truck-2 city-3-loc-3 package-bag1 capacity-0 capacity-1 pnum2 pnum1 pnum0 pnum1 pnum2)
  (pick-up truck-2 city-3-loc-3 package-bag1 capacity-1 capacity-2 pnum1 pnum0 pnum1 pnum2 pnum2)
  (pick-up truck-2 city-3-loc-3 package-bag1 capacity-1 capacity-2 pnum2 pnum1 pnum0 pnum1 pnum2)
  (pick-up truck-2 city-3-loc-3 package-bag1 capacity-2 capacity-3 pnum1 pnum0 pnum1 pnum2 pnum2)
  (pick-up truck-2 city-3-loc-3 package-bag1 capacity-2 capacity-3 pnum2 pnum1 pnum0 pnum1 pnum2)
  (pick-up truck-2 city-3-loc-3 package-bag1 capacity-3 capacity-4 pnum1 pnum0 pnum1 pnum2 pnum2)
  (pick-up truck-2 city-3-loc-3 package-bag1 capacity-3 capacity-4 pnum2 pnum1 pnum0 pnum1 pnum2)
