Step 0 (loc truck0 depot0)
size: 6
drive truck0 depot0 market1 :: cost: 0
    add: (loc truck0 market1)
    del: (loc truck0 depot0)
drive truck0 depot0 market2 :: cost: 0
    add: (loc truck0 market2)
    del: (loc truck0 depot0)
drive truck0 depot0 market3 :: cost: 0
    add: (loc truck0 market3)
    del: (loc truck0 depot0)
drive truck0 depot0 market4 :: cost: 0
    add: (loc truck0 market4)
    del: (loc truck0 depot0)
drive truck0 depot0 market5 :: cost: 0
    add: (loc truck0 market5)
    del: (loc truck0 depot0)
drive truck0 depot0 depot0 :: cost: 0
    add: (loc truck0 depot0)
    del: (loc truck0 depot0)
Step 1 (loc truck0 market1)
size: 10
drive truck0 market1 market1 :: cost: 0
    add: (loc truck0 market1)
    del: (loc truck0 market1)
drive truck0 market1 market2 :: cost: 0
    add: (loc truck0 market2)
    del: (loc truck0 market1)
drive truck0 market1 market3 :: cost: 0
    add: (loc truck0 market3)
    del: (loc truck0 market1)
drive truck0 market1 market4 :: cost: 0
    add: (loc truck0 market4)
    del: (loc truck0 market1)
drive truck0 market1 market5 :: cost: 0
    add: (loc truck0 market5)
    del: (loc truck0 market1)
drive truck0 market1 depot0 :: cost: 0
    add: (loc truck0 depot0)
    del: (loc truck0 market1)
buy-allneeded truck0 goods0 market1 :: cost: 0
    add:
    del:
buy-allneeded truck0 goods1 market1 :: cost: 0
    add:
    del:
buy-all truck0 goods0 market1 :: cost: 0
    add:
    del:
buy-all truck0 goods1 market1 :: cost: 0
    add:
    del:
Step 2 (loc truck0 market2)
size: 10
drive truck0 market2 market1 :: cost: 0
    add: (loc truck0 market1)
    del: (loc truck0 market2)
drive truck0 market2 market2 :: cost: 0
    add: (loc truck0 market2)
    del: (loc truck0 market2)
drive truck0 market2 market3 :: cost: 0
    add: (loc truck0 market3)
    del: (loc truck0 market2)
drive truck0 market2 market4 :: cost: 0
    add: (loc truck0 market4)
    del: (loc truck0 market2)
drive truck0 market2 market5 :: cost: 0
    add: (loc truck0 market5)
    del: (loc truck0 market2)
drive truck0 market2 depot0 :: cost: 0
    add: (loc truck0 depot0)
    del: (loc truck0 market2)
buy-allneeded truck0 goods0 market2 :: cost: 0
    add:
    del:
buy-allneeded truck0 goods1 market2 :: cost: 0
    add:
    del:
buy-all truck0 goods0 market2 :: cost: 0
    add:
    del:
buy-all truck0 goods1 market2 :: cost: 0
    add:
    del:
Step 3 (loc truck0 market3)
size: 10
drive truck0 market3 market1 :: cost: 0
    add: (loc truck0 market1)
    del: (loc truck0 market3)
drive truck0 market3 market2 :: cost: 0
    add: (loc truck0 market2)
    del: (loc truck0 market3)
drive truck0 market3 market3 :: cost: 0
    add: (loc truck0 market3)
    del: (loc truck0 market3)
drive truck0 market3 market4 :: cost: 0
    add: (loc truck0 market4)
    del: (loc truck0 market3)
drive truck0 market3 market5 :: cost: 0
    add: (loc truck0 market5)
    del: (loc truck0 market3)
drive truck0 market3 depot0 :: cost: 0
    add: (loc truck0 depot0)
    del: (loc truck0 market3)
buy-allneeded truck0 goods0 market3 :: cost: 0
    add:
    del:
buy-allneeded truck0 goods1 market3 :: cost: 0
    add:
    del:
buy-all truck0 goods0 market3 :: cost: 0
    add:
    del:
buy-all truck0 goods1 market3 :: cost: 0
    add:
    del:
Step 4 (loc truck0 market4)
size: 10
drive truck0 market4 market1 :: cost: 0
    add: (loc truck0 market1)
    del: (loc truck0 market4)
drive truck0 market4 market2 :: cost: 0
    add: (loc truck0 market2)
    del: (loc truck0 market4)
drive truck0 market4 market3 :: cost: 0
    add: (loc truck0 market3)
    del: (loc truck0 market4)
drive truck0 market4 market4 :: cost: 0
    add: (loc truck0 market4)
    del: (loc truck0 market4)
drive truck0 market4 market5 :: cost: 0
    add: (loc truck0 market5)
    del: (loc truck0 market4)
drive truck0 market4 depot0 :: cost: 0
    add: (loc truck0 depot0)
    del: (loc truck0 market4)
buy-allneeded truck0 goods0 market4 :: cost: 0
    add:
    del:
buy-allneeded truck0 goods1 market4 :: cost: 0
    add:
    del:
buy-all truck0 goods0 market4 :: cost: 0
    add:
    del:
buy-all truck0 goods1 market4 :: cost: 0
    add:
    del:
Step 5 (loc truck0 market5)
size: 10
drive truck0 market5 market1 :: cost: 0
    add: (loc truck0 market1)
    del: (loc truck0 market5)
drive truck0 market5 market2 :: cost: 0
    add: (loc truck0 market2)
    del: (loc truck0 market5)
drive truck0 market5 market3 :: cost: 0
    add: (loc truck0 market3)
    del: (loc truck0 market5)
drive truck0 market5 market4 :: cost: 0
    add: (loc truck0 market4)
    del: (loc truck0 market5)
drive truck0 market5 market5 :: cost: 0
    add: (loc truck0 market5)
    del: (loc truck0 market5)
drive truck0 market5 depot0 :: cost: 0
    add: (loc truck0 depot0)
    del: (loc truck0 market5)
buy-allneeded truck0 goods0 market5 :: cost: 0
    add:
    del:
buy-allneeded truck0 goods1 market5 :: cost: 0
    add:
    del:
buy-all truck0 goods0 market5 :: cost: 0
    add:
    del:
buy-all truck0 goods1 market5 :: cost: 0
    add:
    del:
Step 6 (loc truck0 depot0)
size: 6
drive truck0 depot0 market1 :: cost: 0
    add: (loc truck0 market1)
    del: (loc truck0 depot0)
drive truck0 depot0 market2 :: cost: 0
    add: (loc truck0 market2)
    del: (loc truck0 depot0)
drive truck0 depot0 market3 :: cost: 0
    add: (loc truck0 market3)
    del: (loc truck0 depot0)
drive truck0 depot0 market4 :: cost: 0
    add: (loc truck0 market4)
    del: (loc truck0 depot0)
drive truck0 depot0 market5 :: cost: 0
    add: (loc truck0 market5)
    del: (loc truck0 depot0)
drive truck0 depot0 depot0 :: cost: 0
    add: (loc truck0 depot0)
    del: (loc truck0 depot0)
Step 7 (loc truck0 market1)
size: 10
drive truck0 market1 market1 :: cost: 0
    add: (loc truck0 market1)
    del: (loc truck0 market1)
drive truck0 market1 market2 :: cost: 0
    add: (loc truck0 market2)
    del: (loc truck0 market1)
drive truck0 market1 market3 :: cost: 0
    add: (loc truck0 market3)
    del: (loc truck0 market1)
drive truck0 market1 market4 :: cost: 0
    add: (loc truck0 market4)
    del: (loc truck0 market1)
drive truck0 market1 market5 :: cost: 0
    add: (loc truck0 market5)
    del: (loc truck0 market1)
drive truck0 market1 depot0 :: cost: 0
    add: (loc truck0 depot0)
    del: (loc truck0 market1)
buy-allneeded truck0 goods0 market1 :: cost: 0
    add:
    del:
buy-allneeded truck0 goods1 market1 :: cost: 0
    add:
    del:
buy-all truck0 goods0 market1 :: cost: 0
    add:
    del:
buy-all truck0 goods1 market1 :: cost: 0
    add:
    del:
Step 8 (loc truck0 market1)
size: 10
drive truck0 market1 market1 :: cost: 0
    add: (loc truck0 market1)
    del: (loc truck0 market1)
drive truck0 market1 market2 :: cost: 0
    add: (loc truck0 market2)
    del: (loc truck0 market1)
drive truck0 market1 market3 :: cost: 0
    add: (loc truck0 market3)
    del: (loc truck0 market1)
drive truck0 market1 market4 :: cost: 0
    add: (loc truck0 market4)
    del: (loc truck0 market1)
drive truck0 market1 market5 :: cost: 0
    add: (loc truck0 market5)
    del: (loc truck0 market1)
drive truck0 market1 depot0 :: cost: 0
    add: (loc truck0 depot0)
    del: (loc truck0 market1)
buy-allneeded truck0 goods0 market1 :: cost: 0
    add:
    del:
buy-allneeded truck0 goods1 market1 :: cost: 0
    add:
    del:
buy-all truck0 goods0 market1 :: cost: 0
    add:
    del:
buy-all truck0 goods1 market1 :: cost: 0
    add:
    del:
Step 9 (loc truck0 market1)
size: 10
drive truck0 market1 market1 :: cost: 0
    add: (loc truck0 market1)
    del: (loc truck0 market1)
drive truck0 market1 market2 :: cost: 0
    add: (loc truck0 market2)
    del: (loc truck0 market1)
drive truck0 market1 market3 :: cost: 0
    add: (loc truck0 market3)
    del: (loc truck0 market1)
drive truck0 market1 market4 :: cost: 0
    add: (loc truck0 market4)
    del: (loc truck0 market1)
drive truck0 market1 market5 :: cost: 0
    add: (loc truck0 market5)
    del: (loc truck0 market1)
drive truck0 market1 depot0 :: cost: 0
    add: (loc truck0 depot0)
    del: (loc truck0 market1)
buy-allneeded truck0 goods0 market1 :: cost: 0
    add:
    del:
buy-allneeded truck0 goods1 market1 :: cost: 0
    add:
    del:
buy-all truck0 goods0 market1 :: cost: 0
    add:
    del:
buy-all truck0 goods1 market1 :: cost: 0
    add:
    del:
