step 0: state 0 applicable 5
    state:
    num: (x) = 0 (y) = 0 (z) = 0 (battery-level) = 29
increase_x :: cost: 1 [successor]
    add:
    del:
    num: (x) 0 -> 1 (battery-level) 29 -> 28
increase_y :: cost: 1
    add:
    del:
    num: (y) 0 -> 1 (battery-level) 29 -> 28
increase_z :: cost: 1
    add:
    del:
    num: (z) 0 -> 1 (battery-level) 29 -> 28
step 1: state 0 applicable 5
    state:
    num: (x) = 1 (y) = 0 (z) = 0 (battery-level) = 28
decrease_x :: cost: 1 [successor]
    add:
    del:
    num: (x) 1 -> 0 (battery-level) 28 -> 27
increase_x :: cost: 1
    add:
    del:
    num: (x) 1 -> 2 (battery-level) 28 -> 27
increase_y :: cost: 1
    add:
    del:
    num: (y) 0 -> 1 (battery-level) 28 -> 27
step 2: state 0 applicable 5
    state:
    num: (x) = 0 (y) = 0 (z) = 0 (battery-level) = 27
increase_x :: cost: 1
    add:
    del:
    num: (x) 0 -> 1 (battery-level) 27 -> 26
increase_y :: cost: 1
    add:
    del:
    num: (y) 0 -> 1 (battery-level) 27 -> 26
increase_z :: cost: 1 [successor]
    add:
    del:
    num: (z) 0 -> 1 (battery-level) 27 -> 26
step 3: state 0 applicable 5
    state:
    num: (x) = 0 (y) = 0 (z) = 1 (battery-level) = 26
decrease_z :: cost: 1 [successor]
    add:
    del:
    num: (z) 1 -> 0 (battery-level) 26 -> 25
increase_x :: cost: 1
    add:
    del:
    num: (x) 0 -> 1 (battery-level) 26 -> 25
increase_y :: cost: 1
    add:
    del:
    num: (y) 0 -> 1 (battery-level) 26 -> 25
step 4: state 0 applicable 5
    state:
    num: (x) = 0 (y) = 0 (z) = 0 (battery-level) = 25
increase_x :: cost: 1
    add:
    del:
    num: (x) 0 -> 1 (battery-level) 25 -> 24
increase_y :: cost: 1
    add:
    del:
    num: (y) 0 -> 1 (battery-level) 25 -> 24
increase_z :: cost: 1
    add:
    del:
    num: (z) 0 -> 1 (battery-level) 25 -> 24
    successor: recharge
ground atoms: 3 groundings: 9
