Fact[14]:
  (bond c032 c033)
  (bond c032 h061)
  (bond c033 c032)
  (bond c033 o066)
  (bond h061 c032)
  (bond h061 o066)
  (bond o066 c033)
  (bond o066 h061)
  (doublebond c033 c032)
  (bond c032 c033+bond c032 h061)
  (bond c032 c033+bond o066 c033)
  (bond c032 c033+bond c032 h061+bond o066 c033)
  (bond c032 h061+bond c033 c032)
  (bond c032 c033+bond c032 h061+bond c033 c032+bond o066 c033)
Op[2]:
  (additionofrohacrossgemdisubstitutedalkene c033 c032 h061 o066 c034 h133 c034 h134 c016), cost: 1
    pre: (bond o066 h061) (doublebond c033 c032)
    add: (bond c032 c033) (bond c032 h061) (bond c033 c032) (bond c033 o066) (bond h061 c032) (bond o066 c033) (bond c032 c033+bond c032 h061) (bond c032 c033+bond o066 c033) (bond c032 c033+bond c032 h061+bond o066 c033) (bond c032 h061+bond c033 c032) (bond c032 c033+bond c032 h061+bond c033 c032+bond o066 c033)
    del: (bond h061 o066) (bond o066 h061) (doublebond c033 c032)
  (additionofrohacrossgemdisubstitutedalkene c033 c032 h061 o066 c034 h133 c034 h134 h061), cost: 1
    pre: (bond h061 o066) (bond o066 h061) (doublebond c033 c032)
    add: (bond c032 c033) (bond c032 h061) (bond c033 c032) (bond c033 o066) (bond h061 c032) (bond o066 c033) (bond c032 c033+bond c032 h061) (bond c032 c033+bond o066 c033) (bond c032 c033+bond c032 h061+bond o066 c033) (bond c032 h061+bond c033 c032) (bond c032 c033+bond c032 h061+bond c033 c032+bond o066 c033)
    del: (bond h061 o066) (bond o066 h061) (doublebond c033 c032)
Init State: (bond h061 o066) (bond o066 h061) (doublebond c033 c032)
Goal: (bond c032 c033) (bond c032 h061) (bond c033 c032) (bond c033 o066) (bond h061 c032) (bond o066 c033) (bond c032 c033+bond c032 h061) (bond c032 c033+bond o066 c033) (bond c032 c033+bond c032 h061+bond o066 c033) (bond c032 h061+bond c033 c032) (bond c032 c033+bond c032 h061+bond c033 c032+bond o066 c033)
