 (NOT-rcnot l0_l4_i23) (rcnot l0_l4_i23):=1:G
 (NOT-rcnot l0_l4_i23) (rcnot l1_l4_i21):G
 (NOT-rcnot l0_l4_i23) (rcnot l2_l4_i17):G
 (NOT-rcnot l0_l4_i23) (rcnot l2_l4_i19):G
 (NOT-rcnot l0_l4_i23) (rcnot l2_l5_i14):G
 (NOT-rcnot l0_l4_i23) (rcnot l3_l5_i10):G
 (NOT-rcnot l0_l4_i23) (rcnot l3_l5_i8):G
 (NOT-rcnot l0_l4_i23) (rcnot l3_l6_i5):G
 (NOT-rcnot l0_l4_i23) (rcnot l4_l5_i12):G
 (NOT-rcnot l0_l4_i23) (rcnot l4_l5_i16):G
 (NOT-rcnot l0_l4_i23) (rcnot l5_l6_i3):G
 (NOT-rcnot l0_l4_i23) (rcnot l5_l6_i7):G
 (NOT-rcnot l0_l4_i27) (rcnot l0_l4_i23):G
 (NOT-rcnot l0_l4_i27) (rcnot l0_l4_i27):=1:G
 (NOT-rcnot l0_l4_i27) (rcnot l1_l4_i21):G
 (NOT-rcnot l0_l4_i27) (rcnot l1_l4_i25):G
 (NOT-rcnot l0_l4_i27) (rcnot l2_l4_i17):G
 (NOT-rcnot l0_l4_i27) (rcnot l2_l4_i19):G
 (NOT-rcnot l0_l4_i27) (rcnot l2_l5_i14):G
 (NOT-rcnot l0_l4_i27) (rcnot l3_l5_i10):G
 (NOT-rcnot l0_l4_i27) (rcnot l3_l5_i8):G
 (NOT-rcnot l0_l4_i27) (rcnot l3_l6_i5):G
 (NOT-rcnot l0_l4_i27) (rcnot l4_l5_i12):G
 (NOT-rcnot l0_l4_i27) (rcnot l4_l5_i16):G
 (NOT-rcnot l0_l4_i27) (rcnot l5_l6_i3):G
 (NOT-rcnot l0_l4_i27) (rcnot l5_l6_i7):G
 (NOT-rcnot l0_l4_i54) (rcnot l0_l4_i23):G
 (NOT-rcnot l0_l4_i54) (rcnot l0_l4_i27):G
 (NOT-rcnot l0_l4_i54) (rcnot l0_l4_i54):=1:G
 (NOT-rcnot l0_l4_i54) (rcnot l1_l4_i21):G
 (NOT-rcnot l0_l4_i54) (rcnot l1_l4_i25):G
 (NOT-rcnot l0_l4_i54) (rcnot l1_l4_i52):G
 (NOT-rcnot l0_l4_i54) (rcnot l2_l4_i17):G
 (NOT-rcnot l0_l4_i54) (rcnot l2_l4_i19):G
 (NOT-rcnot l0_l4_i54) (rcnot l2_l5_i14):G
 (NOT-rcnot l0_l4_i54) (rcnot l2_l5_i32):G
 (NOT-rcnot l0_l4_i54) (rcnot l2_l5_i48):G
 (NOT-rcnot l0_l4_i54) (rcnot l3_l5_i10):G
 (NOT-rcnot l0_l4_i54) (rcnot l3_l5_i41):G
 (NOT-rcnot l0_l4_i54) (rcnot l3_l5_i43):G
 (NOT-rcnot l0_l4_i54) (rcnot l3_l5_i8):G
 (NOT-rcnot l0_l4_i54) (rcnot l3_l6_i38):G
 (NOT-rcnot l0_l4_i54) (rcnot l3_l6_i5):G
 (NOT-rcnot l0_l4_i54) (rcnot l4_l5_i12):G
 (NOT-rcnot l0_l4_i54) (rcnot l4_l5_i16):G
 (NOT-rcnot l0_l4_i54) (rcnot l4_l5_i30):G
 (NOT-rcnot l0_l4_i54) (rcnot l4_l5_i34):G
 (NOT-rcnot l0_l4_i54) (rcnot l4_l5_i46):G
 (NOT-rcnot l0_l4_i54) (rcnot l4_l5_i50):G
 (NOT-rcnot l0_l4_i54) (rcnot l5_l6_i3):G
 (NOT-rcnot l0_l4_i54) (rcnot l5_l6_i36):G
 (NOT-rcnot l0_l4_i54) (rcnot l5_l6_i40):G
 (NOT-rcnot l0_l4_i54) (rcnot l5_l6_i7):G
 (NOT-rcnot l0_l4_i58) (rcnot l0_l4_i23):G
 (NOT-rcnot l0_l4_i58) (rcnot l0_l4_i27):G
 (NOT-rcnot l0_l4_i58) (rcnot l0_l4_i54):G
 (NOT-rcnot l0_l4_i58) (rcnot l0_l4_i58):=1:G
 (NOT-rcnot l0_l4_i58) (rcnot l1_l4_i21):G
 (NOT-rcnot l0_l4_i58) (rcnot l1_l4_i25):G
 (NOT-rcnot l0_l4_i58) (rcnot l1_l4_i52):G
 (NOT-rcnot l0_l4_i58) (rcnot l1_l4_i56):G
 (NOT-rcnot l0_l4_i58) (rcnot l2_l4_i17):G
 (NOT-rcnot l0_l4_i58) (rcnot l2_l4_i19):G
 (NOT-rcnot l0_l4_i58) (rcnot l2_l5_i14):G
 (NOT-rcnot l0_l4_i58) (rcnot l2_l5_i32):G
 (NOT-rcnot l0_l4_i58) (rcnot l2_l5_i48):G
 (NOT-rcnot l0_l4_i58) (rcnot l3_l5_i10):G
 (NOT-rcnot l0_l4_i58) (rcnot l3_l5_i41):G
 (NOT-rcnot l0_l4_i58) (rcnot l3_l5_i43):G
 (NOT-rcnot l0_l4_i58) (rcnot l3_l5_i8):G
 (NOT-rcnot l0_l4_i58) (rcnot l3_l6_i38):G
 (NOT-rcnot l0_l4_i58) (rcnot l3_l6_i5):G
 (NOT-rcnot l0_l4_i58) (rcnot l4_l5_i12):G
 (NOT-rcnot l0_l4_i58) (rcnot l4_l5_i16):G
 (NOT-rcnot l0_l4_i58) (rcnot l4_l5_i30):G
 (NOT-rcnot l0_l4_i58) (rcnot l4_l5_i34):G
 (NOT-rcnot l0_l4_i58) (rcnot l4_l5_i46):G
 (NOT-rcnot l0_l4_i58) (rcnot l4_l5_i50):G
 (NOT-rcnot l0_l4_i58) (rcnot l5_l6_i3):G
 (NOT-rcnot l0_l4_i58) (rcnot l5_l6_i36):G
 (NOT-rcnot l0_l4_i58) (rcnot l5_l6_i40):G
 (NOT-rcnot l0_l4_i58) (rcnot l5_l6_i7):G
 (NOT-rcnot l1_l4_i21) (rcnot l1_l4_i21):=1:G
 (NOT-rcnot l1_l4_i21) (rcnot l2_l4_i17):G
 (NOT-rcnot l1_l4_i21) (rcnot l2_l4_i19):G
 (NOT-rcnot l1_l4_i21) (rcnot l2_l5_i14):G
 (NOT-rcnot l1_l4_i21) (rcnot l3_l5_i10):G
 (NOT-rcnot l1_l4_i21) (rcnot l3_l5_i8):G
 (NOT-rcnot l1_l4_i21) (rcnot l3_l6_i5):G
 (NOT-rcnot l1_l4_i21) (rcnot l4_l5_i12):G
 (NOT-rcnot l1_l4_i21) (rcnot l4_l5_i16):G
 (NOT-rcnot l1_l4_i21) (rcnot l5_l6_i3):G
 (NOT-rcnot l1_l4_i21) (rcnot l5_l6_i7):G
 (NOT-rcnot l1_l4_i25) (rcnot l0_l4_i23):G
 (NOT-rcnot l1_l4_i25) (rcnot l1_l4_i21):G
 (NOT-rcnot l1_l4_i25) (rcnot l1_l4_i25):=1:G
 (NOT-rcnot l1_l4_i25) (rcnot l2_l4_i17):G
 (NOT-rcnot l1_l4_i25) (rcnot l2_l4_i19):G
 (NOT-rcnot l1_l4_i25) (rcnot l2_l5_i14):G
 (NOT-rcnot l1_l4_i25) (rcnot l3_l5_i10):G
 (NOT-rcnot l1_l4_i25) (rcnot l3_l5_i8):G
 (NOT-rcnot l1_l4_i25) (rcnot l3_l6_i5):G
 (NOT-rcnot l1_l4_i25) (rcnot l4_l5_i12):G
 (NOT-rcnot l1_l4_i25) (rcnot l4_l5_i16):G
 (NOT-rcnot l1_l4_i25) (rcnot l5_l6_i3):G
 (NOT-rcnot l1_l4_i25) (rcnot l5_l6_i7):G
 (NOT-rcnot l1_l4_i52) (rcnot l0_l4_i23):G
 (NOT-rcnot l1_l4_i52) (rcnot l0_l4_i27):G
 (NOT-rcnot l1_l4_i52) (rcnot l1_l4_i21):G
 (NOT-rcnot l1_l4_i52) (rcnot l1_l4_i25):G
 (NOT-rcnot l1_l4_i52) (rcnot l1_l4_i52):=1:G
 (NOT-rcnot l1_l4_i52) (rcnot l2_l4_i17):G
 (NOT-rcnot l1_l4_i52) (rcnot l2_l4_i19):G
 (NOT-rcnot l1_l4_i52) (rcnot l2_l5_i14):G
 (NOT-rcnot l1_l4_i52) (rcnot l2_l5_i32):G
 (NOT-rcnot l1_l4_i52) (rcnot l2_l5_i48):G
 (NOT-rcnot l1_l4_i52) (rcnot l3_l5_i10):G
 (NOT-rcnot l1_l4_i52) (rcnot l3_l5_i41):G
 (NOT-rcnot l1_l4_i52) (rcnot l3_l5_i43):G
 (NOT-rcnot l1_l4_i52) (rcnot l3_l5_i8):G
 (NOT-rcnot l1_l4_i52) (rcnot l3_l6_i38):G
 (NOT-rcnot l1_l4_i52) (rcnot l3_l6_i5):G
 (NOT-rcnot l1_l4_i52) (rcnot l4_l5_i12):G
 (NOT-rcnot l1_l4_i52) (rcnot l4_l5_i16):G
 (NOT-rcnot l1_l4_i52) (rcnot l4_l5_i30):G
 (NOT-rcnot l1_l4_i52) (rcnot l4_l5_i34):G
 (NOT-rcnot l1_l4_i52) (rcnot l4_l5_i46):G
 (NOT-rcnot l1_l4_i52) (rcnot l4_l5_i50):G
 (NOT-rcnot l1_l4_i52) (rcnot l5_l6_i3):G
 (NOT-rcnot l1_l4_i52) (rcnot l5_l6_i36):G
 (NOT-rcnot l1_l4_i52) (rcnot l5_l6_i40):G
 (NOT-rcnot l1_l4_i52) (rcnot l5_l6_i7):G
 (NOT-rcnot l1_l4_i56) (rcnot l0_l4_i23):G
 (NOT-rcnot l1_l4_i56) (rcnot l0_l4_i27):G
 (NOT-rcnot l1_l4_i56) (rcnot l0_l4_i54):G
 (NOT-rcnot l1_l4_i56) (rcnot l1_l4_i21):G
 (NOT-rcnot l1_l4_i56) (rcnot l1_l4_i25):G
 (NOT-rcnot l1_l4_i56) (rcnot l1_l4_i52):G
 (NOT-rcnot l1_l4_i56) (rcnot l1_l4_i56):=1:G
 (NOT-rcnot l1_l4_i56) (rcnot l2_l4_i17):G
 (NOT-rcnot l1_l4_i56) (rcnot l2_l4_i19):G
 (NOT-rcnot l1_l4_i56) (rcnot l2_l5_i14):G
 (NOT-rcnot l1_l4_i56) (rcnot l2_l5_i32):G
 (NOT-rcnot l1_l4_i56) (rcnot l2_l5_i48):G
 (NOT-rcnot l1_l4_i56) (rcnot l3_l5_i10):G
 (NOT-rcnot l1_l4_i56) (rcnot l3_l5_i41):G
 (NOT-rcnot l1_l4_i56) (rcnot l3_l5_i43):G
 (NOT-rcnot l1_l4_i56) (rcnot l3_l5_i8):G
 (NOT-rcnot l1_l4_i56) (rcnot l3_l6_i38):G
 (NOT-rcnot l1_l4_i56) (rcnot l3_l6_i5):G
 (NOT-rcnot l1_l4_i56) (rcnot l4_l5_i12):G
 (NOT-rcnot l1_l4_i56) (rcnot l4_l5_i16):G
 (NOT-rcnot l1_l4_i56) (rcnot l4_l5_i30):G
 (NOT-rcnot l1_l4_i56) (rcnot l4_l5_i34):G
 (NOT-rcnot l1_l4_i56) (rcnot l4_l5_i46):G
 (NOT-rcnot l1_l4_i56) (rcnot l4_l5_i50):G
 (NOT-rcnot l1_l4_i56) (rcnot l5_l6_i3):G
 (NOT-rcnot l1_l4_i56) (rcnot l5_l6_i36):G
 (NOT-rcnot l1_l4_i56) (rcnot l5_l6_i40):G
 (NOT-rcnot l1_l4_i56) (rcnot l5_l6_i7):G
 (NOT-rcnot l2_l4_i17) (rcnot l2_l4_i17):=1:G
 (NOT-rcnot l2_l4_i17) (rcnot l2_l5_i14):G
 (NOT-rcnot l2_l4_i17) (rcnot l3_l5_i10):G
 (NOT-rcnot l2_l4_i17) (rcnot l3_l5_i8):G
 (NOT-rcnot l2_l4_i17) (rcnot l3_l6_i5):G
 (NOT-rcnot l2_l4_i17) (rcnot l4_l5_i12):G
 (NOT-rcnot l2_l4_i17) (rcnot l4_l5_i16):G
 (NOT-rcnot l2_l4_i17) (rcnot l5_l6_i3):G
 (NOT-rcnot l2_l4_i17) (rcnot l5_l6_i7):G
 (NOT-rcnot l2_l4_i19) (rcnot l2_l4_i17):G
 (NOT-rcnot l2_l4_i19) (rcnot l2_l4_i19):=1:G
 (NOT-rcnot l2_l4_i19) (rcnot l2_l5_i14):G
 (NOT-rcnot l2_l4_i19) (rcnot l3_l5_i10):G
 (NOT-rcnot l2_l4_i19) (rcnot l3_l5_i8):G
 (NOT-rcnot l2_l4_i19) (rcnot l3_l6_i5):G
 (NOT-rcnot l2_l4_i19) (rcnot l4_l5_i12):G
 (NOT-rcnot l2_l4_i19) (rcnot l4_l5_i16):G
 (NOT-rcnot l2_l4_i19) (rcnot l5_l6_i3):G
 (NOT-rcnot l2_l4_i19) (rcnot l5_l6_i7):G
 (NOT-rcnot l2_l4_i66) (rcnot l0_l4_i23):G
 (NOT-rcnot l2_l4_i66) (rcnot l0_l4_i27):G
 (NOT-rcnot l2_l4_i66) (rcnot l0_l4_i54):G
 (NOT-rcnot l2_l4_i66) (rcnot l0_l4_i58):G
 (NOT-rcnot l2_l4_i66) (rcnot l1_l4_i21):G
 (NOT-rcnot l2_l4_i66) (rcnot l1_l4_i25):G
 (NOT-rcnot l2_l4_i66) (rcnot l1_l4_i52):G
 (NOT-rcnot l2_l4_i66) (rcnot l1_l4_i56):G
 (NOT-rcnot l2_l4_i66) (rcnot l2_l4_i17):G
 (NOT-rcnot l2_l4_i66) (rcnot l2_l4_i19):G
 (NOT-rcnot l2_l4_i66) (rcnot l2_l4_i66):=1:G
 (NOT-rcnot l2_l4_i66) (rcnot l2_l5_i14):G
 (NOT-rcnot l2_l4_i66) (rcnot l2_l5_i32):G
 (NOT-rcnot l2_l4_i66) (rcnot l2_l5_i48):G
 (NOT-rcnot l2_l4_i66) (rcnot l2_l5_i63):G
 (NOT-rcnot l2_l4_i66) (rcnot l3_l5_i10):G
 (NOT-rcnot l2_l4_i66) (rcnot l3_l5_i41):G
 (NOT-rcnot l2_l4_i66) (rcnot l3_l5_i43):G
 (NOT-rcnot l2_l4_i66) (rcnot l3_l5_i8):G
 (NOT-rcnot l2_l4_i66) (rcnot l3_l6_i38):G
 (NOT-rcnot l2_l4_i66) (rcnot l3_l6_i5):G
 (NOT-rcnot l2_l4_i66) (rcnot l4_l5_i12):G
 (NOT-rcnot l2_l4_i66) (rcnot l4_l5_i16):G
 (NOT-rcnot l2_l4_i66) (rcnot l4_l5_i30):G
 (NOT-rcnot l2_l4_i66) (rcnot l4_l5_i34):G
 (NOT-rcnot l2_l4_i66) (rcnot l4_l5_i46):G
 (NOT-rcnot l2_l4_i66) (rcnot l4_l5_i50):G
 (NOT-rcnot l2_l4_i66) (rcnot l4_l5_i61):G
 (NOT-rcnot l2_l4_i66) (rcnot l4_l5_i65):G
 (NOT-rcnot l2_l4_i66) (rcnot l5_l6_i3):G
 (NOT-rcnot l2_l4_i66) (rcnot l5_l6_i36):G
 (NOT-rcnot l2_l4_i66) (rcnot l5_l6_i40):G
 (NOT-rcnot l2_l4_i66) (rcnot l5_l6_i7):G
 (NOT-rcnot l2_l4_i68) (rcnot l0_l4_i23):G
 (NOT-rcnot l2_l4_i68) (rcnot l0_l4_i27):G
 (NOT-rcnot l2_l4_i68) (rcnot l0_l4_i54):G
 (NOT-rcnot l2_l4_i68) (rcnot l0_l4_i58):G
 (NOT-rcnot l2_l4_i68) (rcnot l1_l4_i21):G
 (NOT-rcnot l2_l4_i68) (rcnot l1_l4_i25):G
 (NOT-rcnot l2_l4_i68) (rcnot l1_l4_i52):G
 (NOT-rcnot l2_l4_i68) (rcnot l1_l4_i56):G
 (NOT-rcnot l2_l4_i68) (rcnot l2_l4_i17):G
 (NOT-rcnot l2_l4_i68) (rcnot l2_l4_i19):G
 (NOT-rcnot l2_l4_i68) (rcnot l2_l4_i66):G
 (NOT-rcnot l2_l4_i68) (rcnot l2_l4_i68):=1:G
 (NOT-rcnot l2_l4_i68) (rcnot l2_l5_i14):G
 (NOT-rcnot l2_l4_i68) (rcnot l2_l5_i32):G
 (NOT-rcnot l2_l4_i68) (rcnot l2_l5_i48):G
 (NOT-rcnot l2_l4_i68) (rcnot l2_l5_i63):G
 (NOT-rcnot l2_l4_i68) (rcnot l3_l5_i10):G
 (NOT-rcnot l2_l4_i68) (rcnot l3_l5_i41):G
 (NOT-rcnot l2_l4_i68) (rcnot l3_l5_i43):G
 (NOT-rcnot l2_l4_i68) (rcnot l3_l5_i8):G
 (NOT-rcnot l2_l4_i68) (rcnot l3_l6_i38):G
 (NOT-rcnot l2_l4_i68) (rcnot l3_l6_i5):G
 (NOT-rcnot l2_l4_i68) (rcnot l4_l5_i12):G
 (NOT-rcnot l2_l4_i68) (rcnot l4_l5_i16):G
 (NOT-rcnot l2_l4_i68) (rcnot l4_l5_i30):G
 (NOT-rcnot l2_l4_i68) (rcnot l4_l5_i34):G
 (NOT-rcnot l2_l4_i68) (rcnot l4_l5_i46):G
 (NOT-rcnot l2_l4_i68) (rcnot l4_l5_i50):G
 (NOT-rcnot l2_l4_i68) (rcnot l4_l5_i61):G
 (NOT-rcnot l2_l4_i68) (rcnot l4_l5_i65):G
 (NOT-rcnot l2_l4_i68) (rcnot l5_l6_i3):G
 (NOT-rcnot l2_l4_i68) (rcnot l5_l6_i36):G
 (NOT-rcnot l2_l4_i68) (rcnot l5_l6_i40):G
 (NOT-rcnot l2_l4_i68) (rcnot l5_l6_i7):G
 (NOT-rcnot l2_l5_i14) (rcnot l2_l5_i14):=1:G
 (NOT-rcnot l2_l5_i14) (rcnot l3_l5_i10):G
 (NOT-rcnot l2_l5_i14) (rcnot l3_l5_i8):G
 (NOT-rcnot l2_l5_i14) (rcnot l3_l6_i5):G
 (NOT-rcnot l2_l5_i14) (rcnot l4_l5_i12):G
 (NOT-rcnot l2_l5_i14) (rcnot l5_l6_i3):G
 (NOT-rcnot l2_l5_i14) (rcnot l5_l6_i7):G
 (NOT-rcnot l2_l5_i32) (rcnot l0_l4_i23):G
 (NOT-rcnot l2_l5_i32) (rcnot l0_l4_i27):G
 (NOT-rcnot l2_l5_i32) (rcnot l1_l4_i21):G
 (NOT-rcnot l2_l5_i32) (rcnot l1_l4_i25):G
 (NOT-rcnot l2_l5_i32) (rcnot l2_l4_i17):G
 (NOT-rcnot l2_l5_i32) (rcnot l2_l4_i19):G
 (NOT-rcnot l2_l5_i32) (rcnot l2_l5_i14):G
 (NOT-rcnot l2_l5_i32) (rcnot l2_l5_i32):=1:G
 (NOT-rcnot l2_l5_i32) (rcnot l3_l5_i10):G
 (NOT-rcnot l2_l5_i32) (rcnot l3_l5_i8):G
 (NOT-rcnot l2_l5_i32) (rcnot l3_l6_i5):G
 (NOT-rcnot l2_l5_i32) (rcnot l4_l5_i12):G
 (NOT-rcnot l2_l5_i32) (rcnot l4_l5_i16):G
 (NOT-rcnot l2_l5_i32) (rcnot l4_l5_i30):G
 (NOT-rcnot l2_l5_i32) (rcnot l5_l6_i3):G
 (NOT-rcnot l2_l5_i32) (rcnot l5_l6_i7):G
 (NOT-rcnot l2_l5_i48) (rcnot l0_l4_i23):G
 (NOT-rcnot l2_l5_i48) (rcnot l0_l4_i27):G
 (NOT-rcnot l2_l5_i48) (rcnot l1_l4_i21):G
 (NOT-rcnot l2_l5_i48) (rcnot l1_l4_i25):G
 (NOT-rcnot l2_l5_i48) (rcnot l2_l4_i17):G
 (NOT-rcnot l2_l5_i48) (rcnot l2_l4_i19):G
 (NOT-rcnot l2_l5_i48) (rcnot l2_l5_i14):G
 (NOT-rcnot l2_l5_i48) (rcnot l2_l5_i32):G
 (NOT-rcnot l2_l5_i48) (rcnot l2_l5_i48):=1:G
 (NOT-rcnot l2_l5_i48) (rcnot l3_l5_i10):G
 (NOT-rcnot l2_l5_i48) (rcnot l3_l5_i41):G
 (NOT-rcnot l2_l5_i48) (rcnot l3_l5_i43):G
 (NOT-rcnot l2_l5_i48) (rcnot l3_l5_i8):G
 (NOT-rcnot l2_l5_i48) (rcnot l3_l6_i38):G
 (NOT-rcnot l2_l5_i48) (rcnot l3_l6_i5):G
 (NOT-rcnot l2_l5_i48) (rcnot l4_l5_i12):G
 (NOT-rcnot l2_l5_i48) (rcnot l4_l5_i16):G
 (NOT-rcnot l2_l5_i48) (rcnot l4_l5_i30):G
 (NOT-rcnot l2_l5_i48) (rcnot l4_l5_i34):G
 (NOT-rcnot l2_l5_i48) (rcnot l4_l5_i46):G
 (NOT-rcnot l2_l5_i48) (rcnot l5_l6_i3):G
 (NOT-rcnot l2_l5_i48) (rcnot l5_l6_i36):G
 (NOT-rcnot l2_l5_i48) (rcnot l5_l6_i40):G
 (NOT-rcnot l2_l5_i48) (rcnot l5_l6_i7):G
 (NOT-rcnot l2_l5_i63) (rcnot l0_l4_i23):G
 (NOT-rcnot l2_l5_i63) (rcnot l0_l4_i27):G
 (NOT-rcnot l2_l5_i63) (rcnot l0_l4_i54):G
 (NOT-rcnot l2_l5_i63) (rcnot l0_l4_i58):G
 (NOT-rcnot l2_l5_i63) (rcnot l1_l4_i21):G
 (NOT-rcnot l2_l5_i63) (rcnot l1_l4_i25):G
 (NOT-rcnot l2_l5_i63) (rcnot l1_l4_i52):G
 (NOT-rcnot l2_l5_i63) (rcnot l1_l4_i56):G
 (NOT-rcnot l2_l5_i63) (rcnot l2_l4_i17):G
 (NOT-rcnot l2_l5_i63) (rcnot l2_l4_i19):G
 (NOT-rcnot l2_l5_i63) (rcnot l2_l5_i14):G
 (NOT-rcnot l2_l5_i63) (rcnot l2_l5_i32):G
 (NOT-rcnot l2_l5_i63) (rcnot l2_l5_i48):G
 (NOT-rcnot l2_l5_i63) (rcnot l2_l5_i63):=1:G
 (NOT-rcnot l2_l5_i63) (rcnot l3_l5_i10):G
 (NOT-rcnot l2_l5_i63) (rcnot l3_l5_i41):G
 (NOT-rcnot l2_l5_i63) (rcnot l3_l5_i43):G
 (NOT-rcnot l2_l5_i63) (rcnot l3_l5_i8):G
 (NOT-rcnot l2_l5_i63) (rcnot l3_l6_i38):G
 (NOT-rcnot l2_l5_i63) (rcnot l3_l6_i5):G
 (NOT-rcnot l2_l5_i63) (rcnot l4_l5_i12):G
 (NOT-rcnot l2_l5_i63) (rcnot l4_l5_i16):G
 (NOT-rcnot l2_l5_i63) (rcnot l4_l5_i30):G
 (NOT-rcnot l2_l5_i63) (rcnot l4_l5_i34):G
 (NOT-rcnot l2_l5_i63) (rcnot l4_l5_i46):G
 (NOT-rcnot l2_l5_i63) (rcnot l4_l5_i50):G
 (NOT-rcnot l2_l5_i63) (rcnot l4_l5_i61):G
 (NOT-rcnot l2_l5_i63) (rcnot l5_l6_i3):G
 (NOT-rcnot l2_l5_i63) (rcnot l5_l6_i36):G
 (NOT-rcnot l2_l5_i63) (rcnot l5_l6_i40):G
 (NOT-rcnot l2_l5_i63) (rcnot l5_l6_i7):G
 (NOT-rcnot l3_l5_i10) (rcnot l3_l5_i10):=1:G
 (NOT-rcnot l3_l5_i10) (rcnot l3_l5_i8):G
 (NOT-rcnot l3_l5_i10) (rcnot l3_l6_i5):G
 (NOT-rcnot l3_l5_i10) (rcnot l5_l6_i3):G
 (NOT-rcnot l3_l5_i10) (rcnot l5_l6_i7):G
 (NOT-rcnot l3_l5_i41) (rcnot l0_l4_i23):G
 (NOT-rcnot l3_l5_i41) (rcnot l0_l4_i27):G
 (NOT-rcnot l3_l5_i41) (rcnot l1_l4_i21):G
 (NOT-rcnot l3_l5_i41) (rcnot l1_l4_i25):G
 (NOT-rcnot l3_l5_i41) (rcnot l2_l4_i17):G
 (NOT-rcnot l3_l5_i41) (rcnot l2_l4_i19):G
 (NOT-rcnot l3_l5_i41) (rcnot l2_l5_i14):G
 (NOT-rcnot l3_l5_i41) (rcnot l2_l5_i32):G
 (NOT-rcnot l3_l5_i41) (rcnot l3_l5_i10):G
 (NOT-rcnot l3_l5_i41) (rcnot l3_l5_i41):=1:G
 (NOT-rcnot l3_l5_i41) (rcnot l3_l5_i8):G
 (NOT-rcnot l3_l5_i41) (rcnot l3_l6_i38):G
 (NOT-rcnot l3_l5_i41) (rcnot l3_l6_i5):G
 (NOT-rcnot l3_l5_i41) (rcnot l4_l5_i12):G
 (NOT-rcnot l3_l5_i41) (rcnot l4_l5_i16):G
 (NOT-rcnot l3_l5_i41) (rcnot l4_l5_i30):G
 (NOT-rcnot l3_l5_i41) (rcnot l4_l5_i34):G
 (NOT-rcnot l3_l5_i41) (rcnot l5_l6_i3):G
 (NOT-rcnot l3_l5_i41) (rcnot l5_l6_i36):G
 (NOT-rcnot l3_l5_i41) (rcnot l5_l6_i40):G
 (NOT-rcnot l3_l5_i41) (rcnot l5_l6_i7):G
 (NOT-rcnot l3_l5_i43) (rcnot l0_l4_i23):G
 (NOT-rcnot l3_l5_i43) (rcnot l0_l4_i27):G
 (NOT-rcnot l3_l5_i43) (rcnot l1_l4_i21):G
 (NOT-rcnot l3_l5_i43) (rcnot l1_l4_i25):G
 (NOT-rcnot l3_l5_i43) (rcnot l2_l4_i17):G
 (NOT-rcnot l3_l5_i43) (rcnot l2_l4_i19):G
 (NOT-rcnot l3_l5_i43) (rcnot l2_l5_i14):G
 (NOT-rcnot l3_l5_i43) (rcnot l2_l5_i32):G
 (NOT-rcnot l3_l5_i43) (rcnot l3_l5_i10):G
 (NOT-rcnot l3_l5_i43) (rcnot l3_l5_i41):G
 (NOT-rcnot l3_l5_i43) (rcnot l3_l5_i43):=1:G
 (NOT-rcnot l3_l5_i43) (rcnot l3_l5_i8):G
 (NOT-rcnot l3_l5_i43) (rcnot l3_l6_i38):G
 (NOT-rcnot l3_l5_i43) (rcnot l3_l6_i5):G
 (NOT-rcnot l3_l5_i43) (rcnot l4_l5_i12):G
 (NOT-rcnot l3_l5_i43) (rcnot l4_l5_i16):G
 (NOT-rcnot l3_l5_i43) (rcnot l4_l5_i30):G
 (NOT-rcnot l3_l5_i43) (rcnot l4_l5_i34):G
 (NOT-rcnot l3_l5_i43) (rcnot l5_l6_i3):G
 (NOT-rcnot l3_l5_i43) (rcnot l5_l6_i36):G
 (NOT-rcnot l3_l5_i43) (rcnot l5_l6_i40):G
 (NOT-rcnot l3_l5_i43) (rcnot l5_l6_i7):G
 (NOT-rcnot l3_l5_i8) (rcnot l3_l5_i8):=1:G
 (NOT-rcnot l3_l5_i8) (rcnot l3_l6_i5):G
 (NOT-rcnot l3_l5_i8) (rcnot l5_l6_i3):G
 (NOT-rcnot l3_l5_i8) (rcnot l5_l6_i7):G
 (NOT-rcnot l3_l6_i38) (rcnot l0_l4_i23):G
 (NOT-rcnot l3_l6_i38) (rcnot l0_l4_i27):G
 (NOT-rcnot l3_l6_i38) (rcnot l1_l4_i21):G
 (NOT-rcnot l3_l6_i38) (rcnot l1_l4_i25):G
 (NOT-rcnot l3_l6_i38) (rcnot l2_l4_i17):G
 (NOT-rcnot l3_l6_i38) (rcnot l2_l4_i19):G
 (NOT-rcnot l3_l6_i38) (rcnot l2_l5_i14):G
 (NOT-rcnot l3_l6_i38) (rcnot l2_l5_i32):G
 (NOT-rcnot l3_l6_i38) (rcnot l3_l5_i10):G
 (NOT-rcnot l3_l6_i38) (rcnot l3_l5_i8):G
 (NOT-rcnot l3_l6_i38) (rcnot l3_l6_i38):=1:G
 (NOT-rcnot l3_l6_i38) (rcnot l3_l6_i5):G
 (NOT-rcnot l3_l6_i38) (rcnot l4_l5_i12):G
 (NOT-rcnot l3_l6_i38) (rcnot l4_l5_i16):G
 (NOT-rcnot l3_l6_i38) (rcnot l4_l5_i30):G
 (NOT-rcnot l3_l6_i38) (rcnot l4_l5_i34):G
 (NOT-rcnot l3_l6_i38) (rcnot l5_l6_i3):G
 (NOT-rcnot l3_l6_i38) (rcnot l5_l6_i36):G
 (NOT-rcnot l3_l6_i38) (rcnot l5_l6_i7):G
 (NOT-rcnot l3_l6_i5) (rcnot l3_l6_i5):=1:G
 (NOT-rcnot l3_l6_i5) (rcnot l5_l6_i3):G
 (NOT-rcnot l4_l5_i12) (rcnot l3_l5_i10):G
 (NOT-rcnot l4_l5_i12) (rcnot l3_l5_i8):G
 (NOT-rcnot l4_l5_i12) (rcnot l3_l6_i5):G
 (NOT-rcnot l4_l5_i12) (rcnot l4_l5_i12):=1:G
 (NOT-rcnot l4_l5_i12) (rcnot l5_l6_i3):G
 (NOT-rcnot l4_l5_i12) (rcnot l5_l6_i7):G
 (NOT-rcnot l4_l5_i16) (rcnot l2_l5_i14):G
 (NOT-rcnot l4_l5_i16) (rcnot l3_l5_i10):G
 (NOT-rcnot l4_l5_i16) (rcnot l3_l5_i8):G
 (NOT-rcnot l4_l5_i16) (rcnot l3_l6_i5):G
 (NOT-rcnot l4_l5_i16) (rcnot l4_l5_i12):G
 (NOT-rcnot l4_l5_i16) (rcnot l4_l5_i16):=1:G
 (NOT-rcnot l4_l5_i16) (rcnot l5_l6_i3):G
 (NOT-rcnot l4_l5_i16) (rcnot l5_l6_i7):G
 (NOT-rcnot l4_l5_i30) (rcnot l0_l4_i23):G
 (NOT-rcnot l4_l5_i30) (rcnot l0_l4_i27):G
 (NOT-rcnot l4_l5_i30) (rcnot l1_l4_i21):G
 (NOT-rcnot l4_l5_i30) (rcnot l1_l4_i25):G
 (NOT-rcnot l4_l5_i30) (rcnot l2_l4_i17):G
 (NOT-rcnot l4_l5_i30) (rcnot l2_l4_i19):G
 (NOT-rcnot l4_l5_i30) (rcnot l2_l5_i14):G
 (NOT-rcnot l4_l5_i30) (rcnot l3_l5_i10):G
 (NOT-rcnot l4_l5_i30) (rcnot l3_l5_i8):G
 (NOT-rcnot l4_l5_i30) (rcnot l3_l6_i5):G
 (NOT-rcnot l4_l5_i30) (rcnot l4_l5_i12):G
 (NOT-rcnot l4_l5_i30) (rcnot l4_l5_i16):G
 (NOT-rcnot l4_l5_i30) (rcnot l4_l5_i30):=1:G
 (NOT-rcnot l4_l5_i30) (rcnot l5_l6_i3):G
 (NOT-rcnot l4_l5_i30) (rcnot l5_l6_i7):G
 (NOT-rcnot l4_l5_i34) (rcnot l0_l4_i23):G
 (NOT-rcnot l4_l5_i34) (rcnot l0_l4_i27):G
 (NOT-rcnot l4_l5_i34) (rcnot l1_l4_i21):G
 (NOT-rcnot l4_l5_i34) (rcnot l1_l4_i25):G
 (NOT-rcnot l4_l5_i34) (rcnot l2_l4_i17):G
 (NOT-rcnot l4_l5_i34) (rcnot l2_l4_i19):G
 (NOT-rcnot l4_l5_i34) (rcnot l2_l5_i14):G
 (NOT-rcnot l4_l5_i34) (rcnot l2_l5_i32):G
 (NOT-rcnot l4_l5_i34) (rcnot l3_l5_i10):G
 (NOT-rcnot l4_l5_i34) (rcnot l3_l5_i8):G
 (NOT-rcnot l4_l5_i34) (rcnot l3_l6_i5):G
 (NOT-rcnot l4_l5_i34) (rcnot l4_l5_i12):G
 (NOT-rcnot l4_l5_i34) (rcnot l4_l5_i16):G
 (NOT-rcnot l4_l5_i34) (rcnot l4_l5_i30):G
 (NOT-rcnot l4_l5_i34) (rcnot l4_l5_i34):=1:G
 (NOT-rcnot l4_l5_i34) (rcnot l5_l6_i3):G
 (NOT-rcnot l4_l5_i34) (rcnot l5_l6_i7):G
 (NOT-rcnot l4_l5_i46) (rcnot l0_l4_i23):G
 (NOT-rcnot l4_l5_i46) (rcnot l0_l4_i27):G
 (NOT-rcnot l4_l5_i46) (rcnot l1_l4_i21):G
 (NOT-rcnot l4_l5_i46) (rcnot l1_l4_i25):G
 (NOT-rcnot l4_l5_i46) (rcnot l2_l4_i17):G
 (NOT-rcnot l4_l5_i46) (rcnot l2_l4_i19):G
 (NOT-rcnot l4_l5_i46) (rcnot l2_l5_i14):G
 (NOT-rcnot l4_l5_i46) (rcnot l2_l5_i32):G
 (NOT-rcnot l4_l5_i46) (rcnot l3_l5_i10):G
 (NOT-rcnot l4_l5_i46) (rcnot l3_l5_i41):G
 (NOT-rcnot l4_l5_i46) (rcnot l3_l5_i43):G
 (NOT-rcnot l4_l5_i46) (rcnot l3_l5_i8):G
 (NOT-rcnot l4_l5_i46) (rcnot l3_l6_i38):G
 (NOT-rcnot l4_l5_i46) (rcnot l3_l6_i5):G
 (NOT-rcnot l4_l5_i46) (rcnot l4_l5_i12):G
 (NOT-rcnot l4_l5_i46) (rcnot l4_l5_i16):G
 (NOT-rcnot l4_l5_i46) (rcnot l4_l5_i30):G
 (NOT-rcnot l4_l5_i46) (rcnot l4_l5_i34):G
 (NOT-rcnot l4_l5_i46) (rcnot l4_l5_i46):=1:G
 (NOT-rcnot l4_l5_i46) (rcnot l5_l6_i3):G
 (NOT-rcnot l4_l5_i46) (rcnot l5_l6_i36):G
 (NOT-rcnot l4_l5_i46) (rcnot l5_l6_i40):G
 (NOT-rcnot l4_l5_i46) (rcnot l5_l6_i7):G
 (NOT-rcnot l4_l5_i50) (rcnot l0_l4_i23):G
 (NOT-rcnot l4_l5_i50) (rcnot l0_l4_i27):G
 (NOT-rcnot l4_l5_i50) (rcnot l1_l4_i21):G
 (NOT-rcnot l4_l5_i50) (rcnot l1_l4_i25):G
 (NOT-rcnot l4_l5_i50) (rcnot l2_l4_i17):G
 (NOT-rcnot l4_l5_i50) (rcnot l2_l4_i19):G
 (NOT-rcnot l4_l5_i50) (rcnot l2_l5_i14):G
 (NOT-rcnot l4_l5_i50) (rcnot l2_l5_i32):G
 (NOT-rcnot l4_l5_i50) (rcnot l2_l5_i48):G
 (NOT-rcnot l4_l5_i50) (rcnot l3_l5_i10):G
 (NOT-rcnot l4_l5_i50) (rcnot l3_l5_i41):G
 (NOT-rcnot l4_l5_i50) (rcnot l3_l5_i43):G
 (NOT-rcnot l4_l5_i50) (rcnot l3_l5_i8):G
 (NOT-rcnot l4_l5_i50) (rcnot l3_l6_i38):G
 (NOT-rcnot l4_l5_i50) (rcnot l3_l6_i5):G
 (NOT-rcnot l4_l5_i50) (rcnot l4_l5_i12):G
 (NOT-rcnot l4_l5_i50) (rcnot l4_l5_i16):G
 (NOT-rcnot l4_l5_i50) (rcnot l4_l5_i30):G
 (NOT-rcnot l4_l5_i50) (rcnot l4_l5_i34):G
 (NOT-rcnot l4_l5_i50) (rcnot l4_l5_i46):G
 (NOT-rcnot l4_l5_i50) (rcnot l4_l5_i50):=1:G
 (NOT-rcnot l4_l5_i50) (rcnot l5_l6_i3):G
 (NOT-rcnot l4_l5_i50) (rcnot l5_l6_i36):G
 (NOT-rcnot l4_l5_i50) (rcnot l5_l6_i40):G
 (NOT-rcnot l4_l5_i50) (rcnot l5_l6_i7):G
 (NOT-rcnot l4_l5_i61) (rcnot l0_l4_i23):G
 (NOT-rcnot l4_l5_i61) (rcnot l0_l4_i27):G
 (NOT-rcnot l4_l5_i61) (rcnot l0_l4_i54):G
 (NOT-rcnot l4_l5_i61) (rcnot l0_l4_i58):G
 (NOT-rcnot l4_l5_i61) (rcnot l1_l4_i21):G
 (NOT-rcnot l4_l5_i61) (rcnot l1_l4_i25):G
 (NOT-rcnot l4_l5_i61) (rcnot l1_l4_i52):G
 (NOT-rcnot l4_l5_i61) (rcnot l1_l4_i56):G
 (NOT-rcnot l4_l5_i61) (rcnot l2_l4_i17):G
 (NOT-rcnot l4_l5_i61) (rcnot l2_l4_i19):G
 (NOT-rcnot l4_l5_i61) (rcnot l2_l5_i14):G
 (NOT-rcnot l4_l5_i61) (rcnot l2_l5_i32):G
 (NOT-rcnot l4_l5_i61) (rcnot l2_l5_i48):G
 (NOT-rcnot l4_l5_i61) (rcnot l3_l5_i10):G
 (NOT-rcnot l4_l5_i61) (rcnot l3_l5_i41):G
 (NOT-rcnot l4_l5_i61) (rcnot l3_l5_i43):G
 (NOT-rcnot l4_l5_i61) (rcnot l3_l5_i8):G
 (NOT-rcnot l4_l5_i61) (rcnot l3_l6_i38):G
 (NOT-rcnot l4_l5_i61) (rcnot l3_l6_i5):G
 (NOT-rcnot l4_l5_i61) (rcnot l4_l5_i12):G
 (NOT-rcnot l4_l5_i61) (rcnot l4_l5_i16):G
 (NOT-rcnot l4_l5_i61) (rcnot l4_l5_i30):G
 (NOT-rcnot l4_l5_i61) (rcnot l4_l5_i34):G
 (NOT-rcnot l4_l5_i61) (rcnot l4_l5_i46):G
 (NOT-rcnot l4_l5_i61) (rcnot l4_l5_i50):G
 (NOT-rcnot l4_l5_i61) (rcnot l4_l5_i61):=1:G
 (NOT-rcnot l4_l5_i61) (rcnot l5_l6_i3):G
 (NOT-rcnot l4_l5_i61) (rcnot l5_l6_i36):G
 (NOT-rcnot l4_l5_i61) (rcnot l5_l6_i40):G
 (NOT-rcnot l4_l5_i61) (rcnot l5_l6_i7):G
 (NOT-rcnot l4_l5_i65) (rcnot l0_l4_i23):G
 (NOT-rcnot l4_l5_i65) (rcnot l0_l4_i27):G
 (NOT-rcnot l4_l5_i65) (rcnot l0_l4_i54):G
 (NOT-rcnot l4_l5_i65) (rcnot l0_l4_i58):G
 (NOT-rcnot l4_l5_i65) (rcnot l1_l4_i21):G
 (NOT-rcnot l4_l5_i65) (rcnot l1_l4_i25):G
 (NOT-rcnot l4_l5_i65) (rcnot l1_l4_i52):G
 (NOT-rcnot l4_l5_i65) (rcnot l1_l4_i56):G
 (NOT-rcnot l4_l5_i65) (rcnot l2_l4_i17):G
 (NOT-rcnot l4_l5_i65) (rcnot l2_l4_i19):G
 (NOT-rcnot l4_l5_i65) (rcnot l2_l5_i14):G
 (NOT-rcnot l4_l5_i65) (rcnot l2_l5_i32):G
 (NOT-rcnot l4_l5_i65) (rcnot l2_l5_i48):G
 (NOT-rcnot l4_l5_i65) (rcnot l2_l5_i63):G
 (NOT-rcnot l4_l5_i65) (rcnot l3_l5_i10):G
 (NOT-rcnot l4_l5_i65) (rcnot l3_l5_i41):G
 (NOT-rcnot l4_l5_i65) (rcnot l3_l5_i43):G
 (NOT-rcnot l4_l5_i65) (rcnot l3_l5_i8):G
 (NOT-rcnot l4_l5_i65) (rcnot l3_l6_i38):G
 (NOT-rcnot l4_l5_i65) (rcnot l3_l6_i5):G
 (NOT-rcnot l4_l5_i65) (rcnot l4_l5_i12):G
 (NOT-rcnot l4_l5_i65) (rcnot l4_l5_i16):G
 (NOT-rcnot l4_l5_i65) (rcnot l4_l5_i30):G
 (NOT-rcnot l4_l5_i65) (rcnot l4_l5_i34):G
 (NOT-rcnot l4_l5_i65) (rcnot l4_l5_i46):G
 (NOT-rcnot l4_l5_i65) (rcnot l4_l5_i50):G
 (NOT-rcnot l4_l5_i65) (rcnot l4_l5_i61):G
 (NOT-rcnot l4_l5_i65) (rcnot l4_l5_i65):=1:G
 (NOT-rcnot l4_l5_i65) (rcnot l5_l6_i3):G
 (NOT-rcnot l4_l5_i65) (rcnot l5_l6_i36):G
 (NOT-rcnot l4_l5_i65) (rcnot l5_l6_i40):G
 (NOT-rcnot l4_l5_i65) (rcnot l5_l6_i7):G
 (NOT-rcnot l5_l6_i3) (rcnot l5_l6_i3):=1:G
 (NOT-rcnot l5_l6_i36) (rcnot l0_l4_i23):G
 (NOT-rcnot l5_l6_i36) (rcnot l0_l4_i27):G
 (NOT-rcnot l5_l6_i36) (rcnot l1_l4_i21):G
 (NOT-rcnot l5_l6_i36) (rcnot l1_l4_i25):G
 (NOT-rcnot l5_l6_i36) (rcnot l2_l4_i17):G
 (NOT-rcnot l5_l6_i36) (rcnot l2_l4_i19):G
 (NOT-rcnot l5_l6_i36) (rcnot l2_l5_i14):G
 (NOT-rcnot l5_l6_i36) (rcnot l2_l5_i32):G
 (NOT-rcnot l5_l6_i36) (rcnot l3_l5_i10):G
 (NOT-rcnot l5_l6_i36) (rcnot l3_l5_i8):G
 (NOT-rcnot l5_l6_i36) (rcnot l3_l6_i5):G
 (NOT-rcnot l5_l6_i36) (rcnot l4_l5_i12):G
 (NOT-rcnot l5_l6_i36) (rcnot l4_l5_i16):G
 (NOT-rcnot l5_l6_i36) (rcnot l4_l5_i30):G
 (NOT-rcnot l5_l6_i36) (rcnot l4_l5_i34):G
 (NOT-rcnot l5_l6_i36) (rcnot l5_l6_i3):G
 (NOT-rcnot l5_l6_i36) (rcnot l5_l6_i36):=1:G
 (NOT-rcnot l5_l6_i36) (rcnot l5_l6_i7):G
 (NOT-rcnot l5_l6_i40) (rcnot l0_l4_i23):G
 (NOT-rcnot l5_l6_i40) (rcnot l0_l4_i27):G
 (NOT-rcnot l5_l6_i40) (rcnot l1_l4_i21):G
 (NOT-rcnot l5_l6_i40) (rcnot l1_l4_i25):G
 (NOT-rcnot l5_l6_i40) (rcnot l2_l4_i17):G
 (NOT-rcnot l5_l6_i40) (rcnot l2_l4_i19):G
 (NOT-rcnot l5_l6_i40) (rcnot l2_l5_i14):G
 (NOT-rcnot l5_l6_i40) (rcnot l2_l5_i32):G
 (NOT-rcnot l5_l6_i40) (rcnot l3_l5_i10):G
 (NOT-rcnot l5_l6_i40) (rcnot l3_l5_i8):G
 (NOT-rcnot l5_l6_i40) (rcnot l3_l6_i38):G
 (NOT-rcnot l5_l6_i40) (rcnot l3_l6_i5):G
 (NOT-rcnot l5_l6_i40) (rcnot l4_l5_i12):G
 (NOT-rcnot l5_l6_i40) (rcnot l4_l5_i16):G
 (NOT-rcnot l5_l6_i40) (rcnot l4_l5_i30):G
 (NOT-rcnot l5_l6_i40) (rcnot l4_l5_i34):G
 (NOT-rcnot l5_l6_i40) (rcnot l5_l6_i3):G
 (NOT-rcnot l5_l6_i40) (rcnot l5_l6_i36):G
 (NOT-rcnot l5_l6_i40) (rcnot l5_l6_i40):=1:G
 (NOT-rcnot l5_l6_i40) (rcnot l5_l6_i7):G
 (NOT-rcnot l5_l6_i7) (rcnot l3_l6_i5):G
 (NOT-rcnot l5_l6_i7) (rcnot l5_l6_i3):G
 (NOT-rcnot l5_l6_i7) (rcnot l5_l6_i7):=1:G
 (NOT-initialized p1) (mapped l0 p0) (mapped l0 p1)
 (NOT-initialized p1) (mapped l1 p0) (mapped l1 p1)
 (NOT-initialized p1) (mapped l2 p0) (mapped l2 p1)
 (NOT-initialized p1) (mapped l3 p0) (mapped l3 p1)
 (NOT-initialized p1) (mapped l4 p0) (mapped l4 p1)
 (NOT-initialized p1) (mapped l5 p0) (mapped l5 p1)
 (NOT-initialized p1) (mapped l6 p0) (mapped l6 p1)
 (NOT-initialized p8) (mapped l0 p7) (mapped l0 p8)
 (NOT-initialized p8) (mapped l1 p7) (mapped l1 p8)
 (NOT-initialized p8) (mapped l2 p7) (mapped l2 p8)
 (NOT-initialized p8) (mapped l3 p7) (mapped l3 p8)
 (NOT-initialized p8) (mapped l4 p7) (mapped l4 p8)
 (NOT-initialized p8) (mapped l5 p7) (mapped l5 p8)
 (NOT-initialized p8) (mapped l6 p7) (mapped l6 p8)
 (mapped l0 p0) (mapped l1 p0) (rcnot l1_l4_i21)
 (mapped l0 p0) (mapped l1 p0) (rcnot l2_l4_i17)
 (mapped l0 p0) (mapped l1 p0) (rcnot l2_l4_i19)
 (mapped l0 p0) (mapped l1 p0) (rcnot l4_l5_i16)
 (mapped l0 p1) (mapped l1 p1) (rcnot l1_l4_i21)
 (mapped l0 p1) (mapped l1 p1) (rcnot l2_l4_i17)
 (mapped l0 p1) (mapped l1 p1) (rcnot l2_l4_i19)
 (mapped l0 p1) (mapped l1 p1) (rcnot l4_l5_i16)
 (mapped l0 p10) (mapped l1 p10) (rcnot l1_l4_i21)
 (mapped l0 p10) (mapped l1 p10) (rcnot l2_l4_i17)
 (mapped l0 p10) (mapped l1 p10) (rcnot l2_l4_i19)
 (mapped l0 p10) (mapped l1 p10) (rcnot l4_l5_i16)
 (mapped l0 p11) (mapped l1 p11) (rcnot l1_l4_i21)
 (mapped l0 p11) (mapped l1 p11) (rcnot l2_l4_i17)
 (mapped l0 p11) (mapped l1 p11) (rcnot l2_l4_i19)
 (mapped l0 p11) (mapped l1 p11) (rcnot l4_l5_i16)
 (mapped l0 p12) (mapped l1 p12) (rcnot l1_l4_i21)
 (mapped l0 p12) (mapped l1 p12) (rcnot l2_l4_i17)
 (mapped l0 p12) (mapped l1 p12) (rcnot l2_l4_i19)
 (mapped l0 p12) (mapped l1 p12) (rcnot l4_l5_i16)
 (mapped l0 p13) (mapped l1 p13) (rcnot l1_l4_i21)
 (mapped l0 p13) (mapped l1 p13) (rcnot l2_l4_i17)
 (mapped l0 p13) (mapped l1 p13) (rcnot l2_l4_i19)
 (mapped l0 p13) (mapped l1 p13) (rcnot l4_l5_i16)
 (mapped l0 p2) (mapped l1 p2) (rcnot l1_l4_i21)
 (mapped l0 p2) (mapped l1 p2) (rcnot l2_l4_i17)
 (mapped l0 p2) (mapped l1 p2) (rcnot l2_l4_i19)
 (mapped l0 p2) (mapped l1 p2) (rcnot l4_l5_i16)
 (mapped l0 p3) (mapped l1 p3) (rcnot l1_l4_i21)
 (mapped l0 p3) (mapped l1 p3) (rcnot l2_l4_i17)
 (mapped l0 p3) (mapped l1 p3) (rcnot l2_l4_i19)
 (mapped l0 p3) (mapped l1 p3) (rcnot l4_l5_i16)
 (mapped l0 p4) (mapped l1 p4) (rcnot l1_l4_i21)
 (mapped l0 p4) (mapped l1 p4) (rcnot l2_l4_i17)
 (mapped l0 p4) (mapped l1 p4) (rcnot l2_l4_i19)
 (mapped l0 p4) (mapped l1 p4) (rcnot l4_l5_i16)
 (mapped l0 p5) (mapped l1 p5) (rcnot l1_l4_i21)
 (mapped l0 p5) (mapped l1 p5) (rcnot l2_l4_i17)
 (mapped l0 p5) (mapped l1 p5) (rcnot l2_l4_i19)
 (mapped l0 p5) (mapped l1 p5) (rcnot l4_l5_i16)
 (mapped l0 p6) (mapped l1 p6) (rcnot l1_l4_i21)
 (mapped l0 p6) (mapped l1 p6) (rcnot l2_l4_i17)
 (mapped l0 p6) (mapped l1 p6) (rcnot l2_l4_i19)
 (mapped l0 p6) (mapped l1 p6) (rcnot l4_l5_i16)
 (mapped l0 p7) (mapped l1 p7) (rcnot l1_l4_i21)
 (mapped l0 p7) (mapped l1 p7) (rcnot l2_l4_i17)
 (mapped l0 p7) (mapped l1 p7) (rcnot l2_l4_i19)
 (mapped l0 p7) (mapped l1 p7) (rcnot l4_l5_i16)
 (mapped l0 p8) (mapped l1 p8) (rcnot l1_l4_i21)
 (mapped l0 p8) (mapped l1 p8) (rcnot l2_l4_i17)
 (mapped l0 p8) (mapped l1 p8) (rcnot l2_l4_i19)
 (mapped l0 p8) (mapped l1 p8) (rcnot l4_l5_i16)
 (mapped l0 p9) (mapped l1 p9) (rcnot l1_l4_i21)
 (mapped l0 p9) (mapped l1 p9) (rcnot l2_l4_i17)
 (mapped l0 p9) (mapped l1 p9) (rcnot l2_l4_i19)
 (mapped l0 p9) (mapped l1 p9) (rcnot l4_l5_i16)
 (mapped l0 p0) (mapped l1 p0) (mapped l2 p0) (rcnot l2_l5_i14)
 (mapped l0 p1) (mapped l1 p1) (mapped l2 p1) (rcnot l2_l5_i14)
 (mapped l0 p10) (mapped l1 p10) (mapped l2 p10) (rcnot l2_l5_i14)
 (mapped l0 p11) (mapped l1 p11) (mapped l2 p11) (rcnot l2_l5_i14)
 (mapped l0 p12) (mapped l1 p12) (mapped l2 p12) (rcnot l2_l5_i14)
 (mapped l0 p13) (mapped l1 p13) (mapped l2 p13) (rcnot l2_l5_i14)
 (mapped l0 p2) (mapped l1 p2) (mapped l2 p2) (rcnot l2_l5_i14)
 (mapped l0 p3) (mapped l1 p3) (mapped l2 p3) (rcnot l2_l5_i14)
 (mapped l0 p4) (mapped l1 p4) (mapped l2 p4) (rcnot l2_l5_i14)
 (mapped l0 p5) (mapped l1 p5) (mapped l2 p5) (rcnot l2_l5_i14)
 (mapped l0 p6) (mapped l1 p6) (mapped l2 p6) (rcnot l2_l5_i14)
 (mapped l0 p7) (mapped l1 p7) (mapped l2 p7) (rcnot l2_l5_i14)
 (mapped l0 p8) (mapped l1 p8) (mapped l2 p8) (rcnot l2_l5_i14)
 (mapped l0 p9) (mapped l1 p9) (mapped l2 p9) (rcnot l2_l5_i14)
 (mapped l0 p0) (mapped l1 p0) (mapped l2 p0) (mapped l4 p0) (rcnot l3_l5_i10)
 (mapped l0 p0) (mapped l1 p0) (mapped l2 p0) (mapped l4 p0) (rcnot l3_l5_i8)
 (mapped l0 p0) (mapped l1 p0) (mapped l2 p0) (mapped l4 p0) (rcnot l4_l5_i12)
 (mapped l0 p0) (mapped l1 p0) (mapped l2 p0) (mapped l4 p0) (rcnot l5_l6_i7)
 (mapped l0 p1) (mapped l1 p1) (mapped l2 p1) (mapped l4 p1) (rcnot l3_l5_i10)
 (mapped l0 p1) (mapped l1 p1) (mapped l2 p1) (mapped l4 p1) (rcnot l3_l5_i8)
 (mapped l0 p1) (mapped l1 p1) (mapped l2 p1) (mapped l4 p1) (rcnot l4_l5_i12)
 (mapped l0 p1) (mapped l1 p1) (mapped l2 p1) (mapped l4 p1) (rcnot l5_l6_i7)
 (mapped l0 p10) (mapped l1 p10) (mapped l2 p10) (mapped l4 p10) (rcnot l3_l5_i10)
 (mapped l0 p10) (mapped l1 p10) (mapped l2 p10) (mapped l4 p10) (rcnot l3_l5_i8)
 (mapped l0 p10) (mapped l1 p10) (mapped l2 p10) (mapped l4 p10) (rcnot l4_l5_i12)
 (mapped l0 p10) (mapped l1 p10) (mapped l2 p10) (mapped l4 p10) (rcnot l5_l6_i7)
 (mapped l0 p11) (mapped l1 p11) (mapped l2 p11) (mapped l4 p11) (rcnot l3_l5_i10)
 (mapped l0 p11) (mapped l1 p11) (mapped l2 p11) (mapped l4 p11) (rcnot l3_l5_i8)
 (mapped l0 p11) (mapped l1 p11) (mapped l2 p11) (mapped l4 p11) (rcnot l4_l5_i12)
 (mapped l0 p11) (mapped l1 p11) (mapped l2 p11) (mapped l4 p11) (rcnot l5_l6_i7)
 (mapped l0 p12) (mapped l1 p12) (mapped l2 p12) (mapped l4 p12) (rcnot l3_l5_i10)
 (mapped l0 p12) (mapped l1 p12) (mapped l2 p12) (mapped l4 p12) (rcnot l3_l5_i8)
 (mapped l0 p12) (mapped l1 p12) (mapped l2 p12) (mapped l4 p12) (rcnot l4_l5_i12)
 (mapped l0 p12) (mapped l1 p12) (mapped l2 p12) (mapped l4 p12) (rcnot l5_l6_i7)
 (mapped l0 p13) (mapped l1 p13) (mapped l2 p13) (mapped l4 p13) (rcnot l3_l5_i10)
 (mapped l0 p13) (mapped l1 p13) (mapped l2 p13) (mapped l4 p13) (rcnot l3_l5_i8)
 (mapped l0 p13) (mapped l1 p13) (mapped l2 p13) (mapped l4 p13) (rcnot l4_l5_i12)
 (mapped l0 p13) (mapped l1 p13) (mapped l2 p13) (mapped l4 p13) (rcnot l5_l6_i7)
 (mapped l0 p2) (mapped l1 p2) (mapped l2 p2) (mapped l4 p2) (rcnot l3_l5_i10)
 (mapped l0 p2) (mapped l1 p2) (mapped l2 p2) (mapped l4 p2) (rcnot l3_l5_i8)
 (mapped l0 p2) (mapped l1 p2) (mapped l2 p2) (mapped l4 p2) (rcnot l4_l5_i12)
 (mapped l0 p2) (mapped l1 p2) (mapped l2 p2) (mapped l4 p2) (rcnot l5_l6_i7)
 (mapped l0 p3) (mapped l1 p3) (mapped l2 p3) (mapped l4 p3) (rcnot l3_l5_i10)
 (mapped l0 p3) (mapped l1 p3) (mapped l2 p3) (mapped l4 p3) (rcnot l3_l5_i8)
 (mapped l0 p3) (mapped l1 p3) (mapped l2 p3) (mapped l4 p3) (rcnot l4_l5_i12)
 (mapped l0 p3) (mapped l1 p3) (mapped l2 p3) (mapped l4 p3) (rcnot l5_l6_i7)
 (mapped l0 p4) (mapped l1 p4) (mapped l2 p4) (mapped l4 p4) (rcnot l3_l5_i10)
 (mapped l0 p4) (mapped l1 p4) (mapped l2 p4) (mapped l4 p4) (rcnot l3_l5_i8)
 (mapped l0 p4) (mapped l1 p4) (mapped l2 p4) (mapped l4 p4) (rcnot l4_l5_i12)
 (mapped l0 p4) (mapped l1 p4) (mapped l2 p4) (mapped l4 p4) (rcnot l5_l6_i7)
 (mapped l0 p5) (mapped l1 p5) (mapped l2 p5) (mapped l4 p5) (rcnot l3_l5_i10)
 (mapped l0 p5) (mapped l1 p5) (mapped l2 p5) (mapped l4 p5) (rcnot l3_l5_i8)
 (mapped l0 p5) (mapped l1 p5) (mapped l2 p5) (mapped l4 p5) (rcnot l4_l5_i12)
 (mapped l0 p5) (mapped l1 p5) (mapped l2 p5) (mapped l4 p5) (rcnot l5_l6_i7)
 (mapped l0 p6) (mapped l1 p6) (mapped l2 p6) (mapped l4 p6) (rcnot l3_l5_i10)
 (mapped l0 p6) (mapped l1 p6) (mapped l2 p6) (mapped l4 p6) (rcnot l3_l5_i8)
 (mapped l0 p6) (mapped l1 p6) (mapped l2 p6) (mapped l4 p6) (rcnot l4_l5_i12)
 (mapped l0 p6) (mapped l1 p6) (mapped l2 p6) (mapped l4 p6) (rcnot l5_l6_i7)
 (mapped l0 p7) (mapped l1 p7) (mapped l2 p7) (mapped l4 p7) (rcnot l3_l5_i10)
 (mapped l0 p7) (mapped l1 p7) (mapped l2 p7) (mapped l4 p7) (rcnot l3_l5_i8)
 (mapped l0 p7) (mapped l1 p7) (mapped l2 p7) (mapped l4 p7) (rcnot l4_l5_i12)
 (mapped l0 p7) (mapped l1 p7) (mapped l2 p7) (mapped l4 p7) (rcnot l5_l6_i7)
 (mapped l0 p8) (mapped l1 p8) (mapped l2 p8) (mapped l4 p8) (rcnot l3_l5_i10)
 (mapped l0 p8) (mapped l1 p8) (mapped l2 p8) (mapped l4 p8) (rcnot l3_l5_i8)
 (mapped l0 p8) (mapped l1 p8) (mapped l2 p8) (mapped l4 p8) (rcnot l4_l5_i12)
 (mapped l0 p8) (mapped l1 p8) (mapped l2 p8) (mapped l4 p8) (rcnot l5_l6_i7)
 (mapped l0 p9) (mapped l1 p9) (mapped l2 p9) (mapped l4 p9) (rcnot l3_l5_i10)
 (mapped l0 p9) (mapped l1 p9) (mapped l2 p9) (mapped l4 p9) (rcnot l3_l5_i8)
 (mapped l0 p9) (mapped l1 p9) (mapped l2 p9) (mapped l4 p9) (rcnot l4_l5_i12)
 (mapped l0 p9) (mapped l1 p9) (mapped l2 p9) (mapped l4 p9) (rcnot l5_l6_i7)
 (mapped l0 p0) (mapped l1 p0) (mapped l2 p0) (mapped l3 p0) (mapped l4 p0) (rcnot l3_l6_i5)
 (mapped l0 p1) (mapped l1 p1) (mapped l2 p1) (mapped l3 p1) (mapped l4 p1) (rcnot l3_l6_i5)
 (mapped l0 p10) (mapped l1 p10) (mapped l2 p10) (mapped l3 p10) (mapped l4 p10) (rcnot l3_l6_i5)
 (mapped l0 p11) (mapped l1 p11) (mapped l2 p11) (mapped l3 p11) (mapped l4 p11) (rcnot l3_l6_i5)
 (mapped l0 p12) (mapped l1 p12) (mapped l2 p12) (mapped l3 p12) (mapped l4 p12) (rcnot l3_l6_i5)
 (mapped l0 p13) (mapped l1 p13) (mapped l2 p13) (mapped l3 p13) (mapped l4 p13) (rcnot l3_l6_i5)
 (mapped l0 p2) (mapped l1 p2) (mapped l2 p2) (mapped l3 p2) (mapped l4 p2) (rcnot l3_l6_i5)
 (mapped l0 p3) (mapped l1 p3) (mapped l2 p3) (mapped l3 p3) (mapped l4 p3) (rcnot l3_l6_i5)
 (mapped l0 p4) (mapped l1 p4) (mapped l2 p4) (mapped l3 p4) (mapped l4 p4) (rcnot l3_l6_i5)
 (mapped l0 p5) (mapped l1 p5) (mapped l2 p5) (mapped l3 p5) (mapped l4 p5) (rcnot l3_l6_i5)
 (mapped l0 p6) (mapped l1 p6) (mapped l2 p6) (mapped l3 p6) (mapped l4 p6) (rcnot l3_l6_i5)
 (mapped l0 p7) (mapped l1 p7) (mapped l2 p7) (mapped l3 p7) (mapped l4 p7) (rcnot l3_l6_i5)
 (mapped l0 p8) (mapped l1 p8) (mapped l2 p8) (mapped l3 p8) (mapped l4 p8) (rcnot l3_l6_i5)
 (mapped l0 p9) (mapped l1 p9) (mapped l2 p9) (mapped l3 p9) (mapped l4 p9) (rcnot l3_l6_i5)
 (NOT-initialized p0) (mapped l0 p0) (mapped l1 p0) (mapped l2 p0) (mapped l3 p0) (mapped l4 p0) (mapped l5 p0) (mapped l6 p0)
 (NOT-initialized p1) (mapped l0 p0) (mapped l1 p0) (mapped l2 p0) (mapped l3 p0) (mapped l4 p0) (mapped l5 p0) (mapped l6 p0)
 (NOT-initialized p1) (mapped l0 p1) (mapped l1 p1) (mapped l2 p1) (mapped l3 p1) (mapped l4 p1) (mapped l5 p1) (mapped l6 p1)
 (NOT-initialized p10) (mapped l0 p10) (mapped l1 p10) (mapped l2 p10) (mapped l3 p10) (mapped l4 p10) (mapped l5 p10) (mapped l6 p10)
 (NOT-initialized p11) (mapped l0 p11) (mapped l1 p11) (mapped l2 p11) (mapped l3 p11) (mapped l4 p11) (mapped l5 p11) (mapped l6 p11)
 (NOT-initialized p12) (mapped l0 p12) (mapped l1 p12) (mapped l2 p12) (mapped l3 p12) (mapped l4 p12) (mapped l5 p12) (mapped l6 p12)
 (NOT-initialized p13) (mapped l0 p13) (mapped l1 p13) (mapped l2 p13) (mapped l3 p13) (mapped l4 p13) (mapped l5 p13) (mapped l6 p13)
 (NOT-initialized p2) (mapped l0 p2) (mapped l1 p2) (mapped l2 p2) (mapped l3 p2) (mapped l4 p2) (mapped l5 p2) (mapped l6 p2)
 (NOT-initialized p3) (mapped l0 p3) (mapped l1 p3) (mapped l2 p3) (mapped l3 p3) (mapped l4 p3) (mapped l5 p3) (mapped l6 p3)
 (NOT-initialized p4) (mapped l0 p4) (mapped l1 p4) (mapped l2 p4) (mapped l3 p4) (mapped l4 p4) (mapped l5 p4) (mapped l6 p4)
 (NOT-initialized p5) (mapped l0 p5) (mapped l1 p5) (mapped l2 p5) (mapped l3 p5) (mapped l4 p5) (mapped l5 p5) (mapped l6 p5)
 (NOT-initialized p6) (mapped l0 p6) (mapped l1 p6) (mapped l2 p6) (mapped l3 p6) (mapped l4 p6) (mapped l5 p6) (mapped l6 p6)
 (NOT-initialized p7) (mapped l0 p7) (mapped l1 p7) (mapped l2 p7) (mapped l3 p7) (mapped l4 p7) (mapped l5 p7) (mapped l6 p7)
 (NOT-initialized p8) (mapped l0 p7) (mapped l1 p7) (mapped l2 p7) (mapped l3 p7) (mapped l4 p7) (mapped l5 p7) (mapped l6 p7)
 (NOT-initialized p8) (mapped l0 p8) (mapped l1 p8) (mapped l2 p8) (mapped l3 p8) (mapped l4 p8) (mapped l5 p8) (mapped l6 p8)
 (NOT-initialized p9) (mapped l0 p9) (mapped l1 p9) (mapped l2 p9) (mapped l3 p9) (mapped l4 p9) (mapped l5 p9) (mapped l6 p9)
 (NOT-occupied_pqubit p0) (mapped l0 p0) (mapped l1 p0) (mapped l2 p0) (mapped l3 p0) (mapped l4 p0) (mapped l5 p0) (mapped l6 p0):=1
 (NOT-occupied_pqubit p1) (mapped l0 p1) (mapped l1 p1) (mapped l2 p1) (mapped l3 p1) (mapped l4 p1) (mapped l5 p1) (mapped l6 p1):=1
 (NOT-occupied_pqubit p10) (mapped l0 p10) (mapped l1 p10) (mapped l2 p10) (mapped l3 p10) (mapped l4 p10) (mapped l5 p10) (mapped l6 p10):=1
 (NOT-occupied_pqubit p11) (mapped l0 p11) (mapped l1 p11) (mapped l2 p11) (mapped l3 p11) (mapped l4 p11) (mapped l5 p11) (mapped l6 p11):=1
 (NOT-occupied_pqubit p12) (mapped l0 p12) (mapped l1 p12) (mapped l2 p12) (mapped l3 p12) (mapped l4 p12) (mapped l5 p12) (mapped l6 p12):=1
 (NOT-occupied_pqubit p13) (mapped l0 p13) (mapped l1 p13) (mapped l2 p13) (mapped l3 p13) (mapped l4 p13) (mapped l5 p13) (mapped l6 p13):=1
 (NOT-occupied_pqubit p2) (mapped l0 p2) (mapped l1 p2) (mapped l2 p2) (mapped l3 p2) (mapped l4 p2) (mapped l5 p2) (mapped l6 p2):=1
 (NOT-occupied_pqubit p3) (mapped l0 p3) (mapped l1 p3) (mapped l2 p3) (mapped l3 p3) (mapped l4 p3) (mapped l5 p3) (mapped l6 p3):=1
 (NOT-occupied_pqubit p4) (mapped l0 p4) (mapped l1 p4) (mapped l2 p4) (mapped l3 p4) (mapped l4 p4) (mapped l5 p4) (mapped l6 p4):=1
 (NOT-occupied_pqubit p5) (mapped l0 p5) (mapped l1 p5) (mapped l2 p5) (mapped l3 p5) (mapped l4 p5) (mapped l5 p5) (mapped l6 p5):=1
 (NOT-occupied_pqubit p6) (mapped l0 p6) (mapped l1 p6) (mapped l2 p6) (mapped l3 p6) (mapped l4 p6) (mapped l5 p6) (mapped l6 p6):=1
 (NOT-occupied_pqubit p7) (mapped l0 p7) (mapped l1 p7) (mapped l2 p7) (mapped l3 p7) (mapped l4 p7) (mapped l5 p7) (mapped l6 p7):=1
 (NOT-occupied_pqubit p8) (mapped l0 p8) (mapped l1 p8) (mapped l2 p8) (mapped l3 p8) (mapped l4 p8) (mapped l5 p8) (mapped l6 p8):=1
 (NOT-occupied_pqubit p9) (mapped l0 p9) (mapped l1 p9) (mapped l2 p9) (mapped l3 p9) (mapped l4 p9) (mapped l5 p9) (mapped l6 p9):=1
 (mapped l0 p0) (mapped l1 p0) (mapped l2 p0) (mapped l3 p0) (mapped l4 p0) (mapped l5 p0) (mapped l6 p0) (rcnot l5_l6_i3)
 (mapped l0 p1) (mapped l1 p1) (mapped l2 p1) (mapped l3 p1) (mapped l4 p1) (mapped l5 p1) (mapped l6 p1) (rcnot l5_l6_i3)
 (mapped l0 p10) (mapped l1 p10) (mapped l2 p10) (mapped l3 p10) (mapped l4 p10) (mapped l5 p10) (mapped l6 p10) (rcnot l5_l6_i3)
 (mapped l0 p11) (mapped l1 p11) (mapped l2 p11) (mapped l3 p11) (mapped l4 p11) (mapped l5 p11) (mapped l6 p11) (rcnot l5_l6_i3)
 (mapped l0 p12) (mapped l1 p12) (mapped l2 p12) (mapped l3 p12) (mapped l4 p12) (mapped l5 p12) (mapped l6 p12) (rcnot l5_l6_i3)
 (mapped l0 p13) (mapped l1 p13) (mapped l2 p13) (mapped l3 p13) (mapped l4 p13) (mapped l5 p13) (mapped l6 p13) (rcnot l5_l6_i3)
 (mapped l0 p2) (mapped l1 p2) (mapped l2 p2) (mapped l3 p2) (mapped l4 p2) (mapped l5 p2) (mapped l6 p2) (rcnot l5_l6_i3)
 (mapped l0 p3) (mapped l1 p3) (mapped l2 p3) (mapped l3 p3) (mapped l4 p3) (mapped l5 p3) (mapped l6 p3) (rcnot l5_l6_i3)
 (mapped l0 p4) (mapped l1 p4) (mapped l2 p4) (mapped l3 p4) (mapped l4 p4) (mapped l5 p4) (mapped l6 p4) (rcnot l5_l6_i3)
 (mapped l0 p5) (mapped l1 p5) (mapped l2 p5) (mapped l3 p5) (mapped l4 p5) (mapped l5 p5) (mapped l6 p5) (rcnot l5_l6_i3)
 (mapped l0 p6) (mapped l1 p6) (mapped l2 p6) (mapped l3 p6) (mapped l4 p6) (mapped l5 p6) (mapped l6 p6) (rcnot l5_l6_i3)
 (mapped l0 p7) (mapped l1 p7) (mapped l2 p7) (mapped l3 p7) (mapped l4 p7) (mapped l5 p7) (mapped l6 p7) (rcnot l5_l6_i3)
 (mapped l0 p8) (mapped l1 p8) (mapped l2 p8) (mapped l3 p8) (mapped l4 p8) (mapped l5 p8) (mapped l6 p8) (rcnot l5_l6_i3)
 (mapped l0 p9) (mapped l1 p9) (mapped l2 p9) (mapped l3 p9) (mapped l4 p9) (mapped l5 p9) (mapped l6 p9) (rcnot l5_l6_i3)
 (mapped l0 p0) (mapped l0 p1) (mapped l0 p10) (mapped l0 p11) (mapped l0 p12) (mapped l0 p13) (mapped l0 p2) (mapped l0 p3) (mapped l0 p4) (mapped l0 p5) (mapped l0 p6) (mapped l0 p7) (mapped l0 p8) (mapped l0 p9) (rcnot l0_l4_i23):=1
 (mapped l0 p0) (mapped l0 p1) (mapped l0 p10) (mapped l0 p11) (mapped l0 p12) (mapped l0 p13) (mapped l0 p2) (mapped l0 p3) (mapped l0 p4) (mapped l0 p5) (mapped l0 p6) (mapped l0 p7) (mapped l0 p8) (mapped l0 p9) (rcnot l1_l4_i21)
 (mapped l0 p0) (mapped l0 p1) (mapped l0 p10) (mapped l0 p11) (mapped l0 p12) (mapped l0 p13) (mapped l0 p2) (mapped l0 p3) (mapped l0 p4) (mapped l0 p5) (mapped l0 p6) (mapped l0 p7) (mapped l0 p8) (mapped l0 p9) (rcnot l2_l4_i17)
 (mapped l0 p0) (mapped l0 p1) (mapped l0 p10) (mapped l0 p11) (mapped l0 p12) (mapped l0 p13) (mapped l0 p2) (mapped l0 p3) (mapped l0 p4) (mapped l0 p5) (mapped l0 p6) (mapped l0 p7) (mapped l0 p8) (mapped l0 p9) (rcnot l2_l4_i19)
 (mapped l0 p0) (mapped l0 p1) (mapped l0 p10) (mapped l0 p11) (mapped l0 p12) (mapped l0 p13) (mapped l0 p2) (mapped l0 p3) (mapped l0 p4) (mapped l0 p5) (mapped l0 p6) (mapped l0 p7) (mapped l0 p8) (mapped l0 p9) (rcnot l2_l5_i14)
 (mapped l0 p0) (mapped l0 p1) (mapped l0 p10) (mapped l0 p11) (mapped l0 p12) (mapped l0 p13) (mapped l0 p2) (mapped l0 p3) (mapped l0 p4) (mapped l0 p5) (mapped l0 p6) (mapped l0 p7) (mapped l0 p8) (mapped l0 p9) (rcnot l3_l5_i10)
 (mapped l0 p0) (mapped l0 p1) (mapped l0 p10) (mapped l0 p11) (mapped l0 p12) (mapped l0 p13) (mapped l0 p2) (mapped l0 p3) (mapped l0 p4) (mapped l0 p5) (mapped l0 p6) (mapped l0 p7) (mapped l0 p8) (mapped l0 p9) (rcnot l3_l5_i8)
 (mapped l0 p0) (mapped l0 p1) (mapped l0 p10) (mapped l0 p11) (mapped l0 p12) (mapped l0 p13) (mapped l0 p2) (mapped l0 p3) (mapped l0 p4) (mapped l0 p5) (mapped l0 p6) (mapped l0 p7) (mapped l0 p8) (mapped l0 p9) (rcnot l3_l6_i5)
 (mapped l0 p0) (mapped l0 p1) (mapped l0 p10) (mapped l0 p11) (mapped l0 p12) (mapped l0 p13) (mapped l0 p2) (mapped l0 p3) (mapped l0 p4) (mapped l0 p5) (mapped l0 p6) (mapped l0 p7) (mapped l0 p8) (mapped l0 p9) (rcnot l4_l5_i12)
 (mapped l0 p0) (mapped l0 p1) (mapped l0 p10) (mapped l0 p11) (mapped l0 p12) (mapped l0 p13) (mapped l0 p2) (mapped l0 p3) (mapped l0 p4) (mapped l0 p5) (mapped l0 p6) (mapped l0 p7) (mapped l0 p8) (mapped l0 p9) (rcnot l4_l5_i16)
 (mapped l0 p0) (mapped l0 p1) (mapped l0 p10) (mapped l0 p11) (mapped l0 p12) (mapped l0 p13) (mapped l0 p2) (mapped l0 p3) (mapped l0 p4) (mapped l0 p5) (mapped l0 p6) (mapped l0 p7) (mapped l0 p8) (mapped l0 p9) (rcnot l5_l6_i3)
 (mapped l0 p0) (mapped l0 p1) (mapped l0 p10) (mapped l0 p11) (mapped l0 p12) (mapped l0 p13) (mapped l0 p2) (mapped l0 p3) (mapped l0 p4) (mapped l0 p5) (mapped l0 p6) (mapped l0 p7) (mapped l0 p8) (mapped l0 p9) (rcnot l5_l6_i7)
 (mapped l1 p0) (mapped l1 p1) (mapped l1 p10) (mapped l1 p11) (mapped l1 p12) (mapped l1 p13) (mapped l1 p2) (mapped l1 p3) (mapped l1 p4) (mapped l1 p5) (mapped l1 p6) (mapped l1 p7) (mapped l1 p8) (mapped l1 p9) (rcnot l1_l4_i21):=1
 (mapped l1 p0) (mapped l1 p1) (mapped l1 p10) (mapped l1 p11) (mapped l1 p12) (mapped l1 p13) (mapped l1 p2) (mapped l1 p3) (mapped l1 p4) (mapped l1 p5) (mapped l1 p6) (mapped l1 p7) (mapped l1 p8) (mapped l1 p9) (rcnot l2_l4_i17)
 (mapped l1 p0) (mapped l1 p1) (mapped l1 p10) (mapped l1 p11) (mapped l1 p12) (mapped l1 p13) (mapped l1 p2) (mapped l1 p3) (mapped l1 p4) (mapped l1 p5) (mapped l1 p6) (mapped l1 p7) (mapped l1 p8) (mapped l1 p9) (rcnot l2_l4_i19)
 (mapped l1 p0) (mapped l1 p1) (mapped l1 p10) (mapped l1 p11) (mapped l1 p12) (mapped l1 p13) (mapped l1 p2) (mapped l1 p3) (mapped l1 p4) (mapped l1 p5) (mapped l1 p6) (mapped l1 p7) (mapped l1 p8) (mapped l1 p9) (rcnot l2_l5_i14)
 (mapped l1 p0) (mapped l1 p1) (mapped l1 p10) (mapped l1 p11) (mapped l1 p12) (mapped l1 p13) (mapped l1 p2) (mapped l1 p3) (mapped l1 p4) (mapped l1 p5) (mapped l1 p6) (mapped l1 p7) (mapped l1 p8) (mapped l1 p9) (rcnot l3_l5_i10)
 (mapped l1 p0) (mapped l1 p1) (mapped l1 p10) (mapped l1 p11) (mapped l1 p12) (mapped l1 p13) (mapped l1 p2) (mapped l1 p3) (mapped l1 p4) (mapped l1 p5) (mapped l1 p6) (mapped l1 p7) (mapped l1 p8) (mapped l1 p9) (rcnot l3_l5_i8)
 (mapped l1 p0) (mapped l1 p1) (mapped l1 p10) (mapped l1 p11) (mapped l1 p12) (mapped l1 p13) (mapped l1 p2) (mapped l1 p3) (mapped l1 p4) (mapped l1 p5) (mapped l1 p6) (mapped l1 p7) (mapped l1 p8) (mapped l1 p9) (rcnot l3_l6_i5)
 (mapped l1 p0) (mapped l1 p1) (mapped l1 p10) (mapped l1 p11) (mapped l1 p12) (mapped l1 p13) (mapped l1 p2) (mapped l1 p3) (mapped l1 p4) (mapped l1 p5) (mapped l1 p6) (mapped l1 p7) (mapped l1 p8) (mapped l1 p9) (rcnot l4_l5_i12)
 (mapped l1 p0) (mapped l1 p1) (mapped l1 p10) (mapped l1 p11) (mapped l1 p12) (mapped l1 p13) (mapped l1 p2) (mapped l1 p3) (mapped l1 p4) (mapped l1 p5) (mapped l1 p6) (mapped l1 p7) (mapped l1 p8) (mapped l1 p9) (rcnot l4_l5_i16)
 (mapped l1 p0) (mapped l1 p1) (mapped l1 p10) (mapped l1 p11) (mapped l1 p12) (mapped l1 p13) (mapped l1 p2) (mapped l1 p3) (mapped l1 p4) (mapped l1 p5) (mapped l1 p6) (mapped l1 p7) (mapped l1 p8) (mapped l1 p9) (rcnot l5_l6_i3)
 (mapped l1 p0) (mapped l1 p1) (mapped l1 p10) (mapped l1 p11) (mapped l1 p12) (mapped l1 p13) (mapped l1 p2) (mapped l1 p3) (mapped l1 p4) (mapped l1 p5) (mapped l1 p6) (mapped l1 p7) (mapped l1 p8) (mapped l1 p9) (rcnot l5_l6_i7)
 (mapped l2 p0) (mapped l2 p1) (mapped l2 p10) (mapped l2 p11) (mapped l2 p12) (mapped l2 p13) (mapped l2 p2) (mapped l2 p3) (mapped l2 p4) (mapped l2 p5) (mapped l2 p6) (mapped l2 p7) (mapped l2 p8) (mapped l2 p9) (rcnot l2_l5_i14):=1
 (mapped l2 p0) (mapped l2 p1) (mapped l2 p10) (mapped l2 p11) (mapped l2 p12) (mapped l2 p13) (mapped l2 p2) (mapped l2 p3) (mapped l2 p4) (mapped l2 p5) (mapped l2 p6) (mapped l2 p7) (mapped l2 p8) (mapped l2 p9) (rcnot l3_l5_i10)
 (mapped l2 p0) (mapped l2 p1) (mapped l2 p10) (mapped l2 p11) (mapped l2 p12) (mapped l2 p13) (mapped l2 p2) (mapped l2 p3) (mapped l2 p4) (mapped l2 p5) (mapped l2 p6) (mapped l2 p7) (mapped l2 p8) (mapped l2 p9) (rcnot l3_l5_i8)
 (mapped l2 p0) (mapped l2 p1) (mapped l2 p10) (mapped l2 p11) (mapped l2 p12) (mapped l2 p13) (mapped l2 p2) (mapped l2 p3) (mapped l2 p4) (mapped l2 p5) (mapped l2 p6) (mapped l2 p7) (mapped l2 p8) (mapped l2 p9) (rcnot l3_l6_i5)
 (mapped l2 p0) (mapped l2 p1) (mapped l2 p10) (mapped l2 p11) (mapped l2 p12) (mapped l2 p13) (mapped l2 p2) (mapped l2 p3) (mapped l2 p4) (mapped l2 p5) (mapped l2 p6) (mapped l2 p7) (mapped l2 p8) (mapped l2 p9) (rcnot l4_l5_i12)
 (mapped l2 p0) (mapped l2 p1) (mapped l2 p10) (mapped l2 p11) (mapped l2 p12) (mapped l2 p13) (mapped l2 p2) (mapped l2 p3) (mapped l2 p4) (mapped l2 p5) (mapped l2 p6) (mapped l2 p7) (mapped l2 p8) (mapped l2 p9) (rcnot l5_l6_i3)
 (mapped l2 p0) (mapped l2 p1) (mapped l2 p10) (mapped l2 p11) (mapped l2 p12) (mapped l2 p13) (mapped l2 p2) (mapped l2 p3) (mapped l2 p4) (mapped l2 p5) (mapped l2 p6) (mapped l2 p7) (mapped l2 p8) (mapped l2 p9) (rcnot l5_l6_i7)
 (mapped l3 p0) (mapped l3 p1) (mapped l3 p10) (mapped l3 p11) (mapped l3 p12) (mapped l3 p13) (mapped l3 p2) (mapped l3 p3) (mapped l3 p4) (mapped l3 p5) (mapped l3 p6) (mapped l3 p7) (mapped l3 p8) (mapped l3 p9) (rcnot l3_l6_i5):=1
 (mapped l3 p0) (mapped l3 p1) (mapped l3 p10) (mapped l3 p11) (mapped l3 p12) (mapped l3 p13) (mapped l3 p2) (mapped l3 p3) (mapped l3 p4) (mapped l3 p5) (mapped l3 p6) (mapped l3 p7) (mapped l3 p8) (mapped l3 p9) (rcnot l5_l6_i3)
 (mapped l4 p0) (mapped l4 p1) (mapped l4 p10) (mapped l4 p11) (mapped l4 p12) (mapped l4 p13) (mapped l4 p2) (mapped l4 p3) (mapped l4 p4) (mapped l4 p5) (mapped l4 p6) (mapped l4 p7) (mapped l4 p8) (mapped l4 p9) (rcnot l3_l5_i10)
 (mapped l4 p0) (mapped l4 p1) (mapped l4 p10) (mapped l4 p11) (mapped l4 p12) (mapped l4 p13) (mapped l4 p2) (mapped l4 p3) (mapped l4 p4) (mapped l4 p5) (mapped l4 p6) (mapped l4 p7) (mapped l4 p8) (mapped l4 p9) (rcnot l3_l5_i8)
 (mapped l4 p0) (mapped l4 p1) (mapped l4 p10) (mapped l4 p11) (mapped l4 p12) (mapped l4 p13) (mapped l4 p2) (mapped l4 p3) (mapped l4 p4) (mapped l4 p5) (mapped l4 p6) (mapped l4 p7) (mapped l4 p8) (mapped l4 p9) (rcnot l3_l6_i5)
 (mapped l4 p0) (mapped l4 p1) (mapped l4 p10) (mapped l4 p11) (mapped l4 p12) (mapped l4 p13) (mapped l4 p2) (mapped l4 p3) (mapped l4 p4) (mapped l4 p5) (mapped l4 p6) (mapped l4 p7) (mapped l4 p8) (mapped l4 p9) (rcnot l4_l5_i12):=1
 (mapped l4 p0) (mapped l4 p1) (mapped l4 p10) (mapped l4 p11) (mapped l4 p12) (mapped l4 p13) (mapped l4 p2) (mapped l4 p3) (mapped l4 p4) (mapped l4 p5) (mapped l4 p6) (mapped l4 p7) (mapped l4 p8) (mapped l4 p9) (rcnot l5_l6_i3)
 (mapped l4 p0) (mapped l4 p1) (mapped l4 p10) (mapped l4 p11) (mapped l4 p12) (mapped l4 p13) (mapped l4 p2) (mapped l4 p3) (mapped l4 p4) (mapped l4 p5) (mapped l4 p6) (mapped l4 p7) (mapped l4 p8) (mapped l4 p9) (rcnot l5_l6_i7)
 (mapped l5 p0) (mapped l5 p1) (mapped l5 p10) (mapped l5 p11) (mapped l5 p12) (mapped l5 p13) (mapped l5 p2) (mapped l5 p3) (mapped l5 p4) (mapped l5 p5) (mapped l5 p6) (mapped l5 p7) (mapped l5 p8) (mapped l5 p9) (rcnot l5_l6_i3):=1
 (mapped l6 p0) (mapped l6 p1) (mapped l6 p10) (mapped l6 p11) (mapped l6 p12) (mapped l6 p13) (mapped l6 p2) (mapped l6 p3) (mapped l6 p4) (mapped l6 p5) (mapped l6 p6) (mapped l6 p7) (mapped l6 p8) (mapped l6 p9) (rcnot l5_l6_i3):=1

