Monotonicity invariants:
< {rcnot V0:gateid}
, {rcnot C0:gateid}
, {NOT-occupied_pqubit C0:pqubit}
, {NOT-initialized V0:pqubit}
, {NOT-initialized C0:pqubit}
, {mapped V0:lqubit C1:pqubit, rcnot C2:gateid}
, {mapped V0:lqubit C1:pqubit, NOT-initialized C2:pqubit}
, {rcnot V0:gateid, NOT-rcnot V0:gateid}
, {rcnot C0:gateid, NOT-rcnot C1:gateid}
, {rcnot C1:gateid, NOT-rcnot V0:gateid}
, {mapped C1:lqubit V0:pqubit, rcnot C2:gateid, NOT-occupied_pqubit V0:pqubit}
, {mapped C1:lqubit V0:pqubit, NOT-occupied_pqubit V0:pqubit, NOT-initialized V0:pqubit}
, {mapped C1:lqubit V0:pqubit, NOT-occupied_pqubit V0:pqubit, NOT-initialized C2:pqubit}
, {rcnot V0:gateid, NOT-initialized C1:pqubit, NOT-rcnot V0:gateid}
, {rcnot C0:gateid, NOT-initialized C1:pqubit, NOT-rcnot C2:gateid}
, {rcnot C1:gateid, NOT-initialized C2:pqubit, NOT-rcnot V0:gateid}
>
FD Mutex Groups:
< {rcnot V0:gateid}
, {NOT-initialized V0:pqubit}
, {rcnot V0:gateid, NOT-rcnot V0:gateid}:=1
>
FD Goal aware:
< {rcnot l5_l6_i3, NOT-rcnot l5_l6_i3}:=1
, {rcnot l3_l6_i5, NOT-rcnot l3_l6_i5}:=1
, {rcnot l5_l6_i7, NOT-rcnot l5_l6_i7}:=1
, {rcnot l3_l5_i8, NOT-rcnot l3_l5_i8}:=1
, {rcnot l3_l5_i10, NOT-rcnot l3_l5_i10}:=1
, {rcnot l4_l5_i12, NOT-rcnot l4_l5_i12}:=1
, {rcnot l2_l5_i14, NOT-rcnot l2_l5_i14}:=1
, {rcnot l4_l5_i16, NOT-rcnot l4_l5_i16}:=1
, {rcnot l2_l4_i17, NOT-rcnot l2_l4_i17}:=1
, {rcnot l2_l4_i19, NOT-rcnot l2_l4_i19}:=1
, {rcnot l1_l4_i21, NOT-rcnot l1_l4_i21}:=1
, {rcnot l0_l4_i23, NOT-rcnot l0_l4_i23}:=1
, {rcnot l1_l4_i25, NOT-rcnot l1_l4_i25}:=1
, {rcnot l0_l4_i27, NOT-rcnot l0_l4_i27}:=1
, {rcnot l4_l5_i30, NOT-rcnot l4_l5_i30}:=1
, {rcnot l2_l5_i32, NOT-rcnot l2_l5_i32}:=1
, {rcnot l4_l5_i34, NOT-rcnot l4_l5_i34}:=1
, {rcnot l5_l6_i36, NOT-rcnot l5_l6_i36}:=1
, {rcnot l3_l6_i38, NOT-rcnot l3_l6_i38}:=1
, {rcnot l5_l6_i40, NOT-rcnot l5_l6_i40}:=1
, {rcnot l3_l5_i41, NOT-rcnot l3_l5_i41}:=1
, {rcnot l3_l5_i43, NOT-rcnot l3_l5_i43}:=1
, {rcnot l4_l5_i46, NOT-rcnot l4_l5_i46}:=1
, {rcnot l2_l5_i48, NOT-rcnot l2_l5_i48}:=1
, {rcnot l4_l5_i50, NOT-rcnot l4_l5_i50}:=1
, {rcnot l1_l4_i52, NOT-rcnot l1_l4_i52}:=1
, {rcnot l0_l4_i54, NOT-rcnot l0_l4_i54}:=1
, {rcnot l1_l4_i56, NOT-rcnot l1_l4_i56}:=1
, {rcnot l0_l4_i58, NOT-rcnot l0_l4_i58}:=1
, {rcnot l4_l5_i61, NOT-rcnot l4_l5_i61}:=1
, {rcnot l2_l5_i63, NOT-rcnot l2_l5_i63}:=1
, {rcnot l4_l5_i65, NOT-rcnot l4_l5_i65}:=1
, {rcnot l2_l4_i66, NOT-rcnot l2_l4_i66}:=1
, {rcnot l2_l4_i68, NOT-rcnot l2_l4_i68}:=1
>
