Require:
  + :conditional-effects
  + :equality
Predicate:
  + (NOT-initialized pqubit)
  + (NOT-occupied_pqubit pqubit)
  + (NOT-rcnot gateid) neg-of (rcnot)
  - (initialized pqubit)
  - (occupied_pqubit pqubit)
  - (rcnot gateid)
  + (rcnot gateid) neg-of (NOT-rcnot)
Action:
  - apply_cnot_l0_l4_i23: ?p1 - pqubit ?p2 - pqubit
      pre: (and (connected ?p1 ?p2) (mapped l4 ?p2) (not (initialized ?p1)) (not (rcnot l1_l4_i21)) (rcnot l0_l4_i23))
      eff: (and (initialized ?p1) (mapped l0 ?p1) (not (rcnot l0_l4_i23)) (occupied_pqubit ?p1))
  + apply_cnot_l0_l4_i23: ?p1 - pqubit ?p2 - pqubit
      pre: (and (NOT-initialized ?p1) (NOT-rcnot l1_l4_i21) (connected ?p1 ?p2) (mapped l4 ?p2) (rcnot l0_l4_i23))
      eff: (and (NOT-rcnot l0_l4_i23) (mapped l0 ?p1) (not (NOT-initialized ?p1)) (not (NOT-occupied_pqubit ?p1)) (not (rcnot l0_l4_i23)))
  - apply_cnot_l0_l4_i27: ?p1 - pqubit ?p2 - pqubit
      pre: (and (connected ?p1 ?p2) (mapped l0 ?p1) (mapped l4 ?p2) (not (rcnot l0_l4_i23)) (not (rcnot l1_l4_i25)) (rcnot l0_l4_i27))
      eff: (and (not (rcnot l0_l4_i27)))
  + apply_cnot_l0_l4_i27: ?p1 - pqubit ?p2 - pqubit
      pre: (and (NOT-rcnot l0_l4_i23) (NOT-rcnot l1_l4_i25) (connected ?p1 ?p2) (mapped l0 ?p1) (mapped l4 ?p2) (rcnot l0_l4_i27))
      eff: (and (NOT-rcnot l0_l4_i27) (not (rcnot l0_l4_i27)))
  - apply_cnot_l0_l4_i54: ?p1 - pqubit ?p2 - pqubit
      pre: (and (connected ?p1 ?p2) (mapped l0 ?p1) (mapped l4 ?p2) (not (rcnot l0_l4_i27)) (not (rcnot l1_l4_i52)) (rcnot l0_l4_i54))
      eff: (and (not (rcnot l0_l4_i54)))
  + apply_cnot_l0_l4_i54: ?p1 - pqubit ?p2 - pqubit
      pre: (and (NOT-rcnot l0_l4_i27) (NOT-rcnot l1_l4_i52) (connected ?p1 ?p2) (mapped l0 ?p1) (mapped l4 ?p2) (rcnot l0_l4_i54))
      eff: (and (NOT-rcnot l0_l4_i54) (not (rcnot l0_l4_i54)))
  - apply_cnot_l0_l4_i58: ?p1 - pqubit ?p2 - pqubit
      pre: (and (connected ?p1 ?p2) (mapped l0 ?p1) (mapped l4 ?p2) (not (rcnot l0_l4_i54)) (not (rcnot l1_l4_i56)) (rcnot l0_l4_i58))
      eff: (and (not (rcnot l0_l4_i58)))
  + apply_cnot_l0_l4_i58: ?p1 - pqubit ?p2 - pqubit
      pre: (and (NOT-rcnot l0_l4_i54) (NOT-rcnot l1_l4_i56) (connected ?p1 ?p2) (mapped l0 ?p1) (mapped l4 ?p2) (rcnot l0_l4_i58))
      eff: (and (NOT-rcnot l0_l4_i58) (not (rcnot l0_l4_i58)))
  - apply_cnot_l1_l4_i21: ?p1 - pqubit ?p2 - pqubit
      pre: (and (connected ?p1 ?p2) (mapped l4 ?p2) (not (initialized ?p1)) (not (rcnot l2_l4_i19)) (rcnot l1_l4_i21))
      eff: (and (initialized ?p1) (mapped l1 ?p1) (not (rcnot l1_l4_i21)) (occupied_pqubit ?p1))
  + apply_cnot_l1_l4_i21: ?p1 - pqubit ?p2 - pqubit
      pre: (and (NOT-initialized ?p1) (NOT-rcnot l2_l4_i19) (connected ?p1 ?p2) (mapped l4 ?p2) (rcnot l1_l4_i21))
      eff: (and (NOT-rcnot l1_l4_i21) (mapped l1 ?p1) (not (NOT-initialized ?p1)) (not (NOT-occupied_pqubit ?p1)) (not (rcnot l1_l4_i21)))
  - apply_cnot_l1_l4_i25: ?p1 - pqubit ?p2 - pqubit
      pre: (and (connected ?p1 ?p2) (mapped l1 ?p1) (mapped l4 ?p2) (not (rcnot l0_l4_i23)) (not (rcnot l1_l4_i21)) (rcnot l1_l4_i25))
      eff: (and (not (rcnot l1_l4_i25)))
  + apply_cnot_l1_l4_i25: ?p1 - pqubit ?p2 - pqubit
      pre: (and (NOT-rcnot l0_l4_i23) (NOT-rcnot l1_l4_i21) (connected ?p1 ?p2) (mapped l1 ?p1) (mapped l4 ?p2) (rcnot l1_l4_i25))
      eff: (and (NOT-rcnot l1_l4_i25) (not (rcnot l1_l4_i25)))
  - apply_cnot_l1_l4_i52: ?p1 - pqubit ?p2 - pqubit
      pre: (and (connected ?p1 ?p2) (mapped l1 ?p1) (mapped l4 ?p2) (not (rcnot l1_l4_i25)) (not (rcnot l4_l5_i50)) (rcnot l1_l4_i52))
      eff: (and (not (rcnot l1_l4_i52)))
  + apply_cnot_l1_l4_i52: ?p1 - pqubit ?p2 - pqubit
      pre: (and (NOT-rcnot l1_l4_i25) (NOT-rcnot l4_l5_i50) (connected ?p1 ?p2) (mapped l1 ?p1) (mapped l4 ?p2) (rcnot l1_l4_i52))
      eff: (and (NOT-rcnot l1_l4_i52) (not (rcnot l1_l4_i52)))
  - apply_cnot_l1_l4_i56: ?p1 - pqubit ?p2 - pqubit
      pre: (and (connected ?p1 ?p2) (mapped l1 ?p1) (mapped l4 ?p2) (not (rcnot l0_l4_i54)) (not (rcnot l1_l4_i52)) (rcnot l1_l4_i56))
      eff: (and (not (rcnot l1_l4_i56)))
  + apply_cnot_l1_l4_i56: ?p1 - pqubit ?p2 - pqubit
      pre: (and (NOT-rcnot l0_l4_i54) (NOT-rcnot l1_l4_i52) (connected ?p1 ?p2) (mapped l1 ?p1) (mapped l4 ?p2) (rcnot l1_l4_i56))
      eff: (and (NOT-rcnot l1_l4_i56) (not (rcnot l1_l4_i56)))
  - apply_cnot_l2_l4_i17: ?p1 - pqubit ?p2 - pqubit
      pre: (and (connected ?p1 ?p2) (mapped l2 ?p1) (mapped l4 ?p2) (not (rcnot l2_l5_i14)) (not (rcnot l4_l5_i16)) (rcnot l2_l4_i17))
      eff: (and (not (rcnot l2_l4_i17)))
  + apply_cnot_l2_l4_i17: ?p1 - pqubit ?p2 - pqubit
      pre: (and (NOT-rcnot l2_l5_i14) (NOT-rcnot l4_l5_i16) (connected ?p1 ?p2) (mapped l2 ?p1) (mapped l4 ?p2) (rcnot l2_l4_i17))
      eff: (and (NOT-rcnot l2_l4_i17) (not (rcnot l2_l4_i17)))
  - apply_cnot_l2_l4_i19: ?p1 - pqubit ?p2 - pqubit
      pre: (and (connected ?p1 ?p2) (mapped l2 ?p1) (mapped l4 ?p2) (not (rcnot l2_l4_i17)) (rcnot l2_l4_i19))
      eff: (and (not (rcnot l2_l4_i19)))
  + apply_cnot_l2_l4_i19: ?p1 - pqubit ?p2 - pqubit
      pre: (and (NOT-rcnot l2_l4_i17) (connected ?p1 ?p2) (mapped l2 ?p1) (mapped l4 ?p2) (rcnot l2_l4_i19))
      eff: (and (NOT-rcnot l2_l4_i19) (not (rcnot l2_l4_i19)))
  - apply_cnot_l2_l4_i66: ?p1 - pqubit ?p2 - pqubit
      pre: (and (connected ?p1 ?p2) (mapped l2 ?p1) (mapped l4 ?p2) (not (rcnot l2_l5_i63)) (not (rcnot l4_l5_i65)) (rcnot l2_l4_i66))
      eff: (and (not (rcnot l2_l4_i66)))
  + apply_cnot_l2_l4_i66: ?p1 - pqubit ?p2 - pqubit
      pre: (and (NOT-rcnot l2_l5_i63) (NOT-rcnot l4_l5_i65) (connected ?p1 ?p2) (mapped l2 ?p1) (mapped l4 ?p2) (rcnot l2_l4_i66))
      eff: (and (NOT-rcnot l2_l4_i66) (not (rcnot l2_l4_i66)))
  - apply_cnot_l2_l4_i68: ?p1 - pqubit ?p2 - pqubit
      pre: (and (connected ?p1 ?p2) (mapped l2 ?p1) (mapped l4 ?p2) (not (rcnot l2_l4_i66)) (rcnot l2_l4_i68))
      eff: (and (not (rcnot l2_l4_i68)))
  + apply_cnot_l2_l4_i68: ?p1 - pqubit ?p2 - pqubit
      pre: (and (NOT-rcnot l2_l4_i66) (connected ?p1 ?p2) (mapped l2 ?p1) (mapped l4 ?p2) (rcnot l2_l4_i68))
      eff: (and (NOT-rcnot l2_l4_i68) (not (rcnot l2_l4_i68)))
  - apply_cnot_l2_l5_i14: ?p1 - pqubit ?p2 - pqubit
      pre: (and (connected ?p1 ?p2) (mapped l5 ?p2) (not (initialized ?p1)) (not (rcnot l4_l5_i12)) (rcnot l2_l5_i14))
      eff: (and (initialized ?p1) (mapped l2 ?p1) (not (rcnot l2_l5_i14)) (occupied_pqubit ?p1))
  + apply_cnot_l2_l5_i14: ?p1 - pqubit ?p2 - pqubit
      pre: (and (NOT-initialized ?p1) (NOT-rcnot l4_l5_i12) (connected ?p1 ?p2) (mapped l5 ?p2) (rcnot l2_l5_i14))
      eff: (and (NOT-rcnot l2_l5_i14) (mapped l2 ?p1) (not (NOT-initialized ?p1)) (not (NOT-occupied_pqubit ?p1)) (not (rcnot l2_l5_i14)))
  - apply_cnot_l2_l5_i32: ?p1 - pqubit ?p2 - pqubit
      pre: (and (connected ?p1 ?p2) (mapped l2 ?p1) (mapped l5 ?p2) (not (rcnot l2_l4_i19)) (not (rcnot l4_l5_i30)) (rcnot l2_l5_i32))
      eff: (and (not (rcnot l2_l5_i32)))
  + apply_cnot_l2_l5_i32: ?p1 - pqubit ?p2 - pqubit
      pre: (and (NOT-rcnot l2_l4_i19) (NOT-rcnot l4_l5_i30) (connected ?p1 ?p2) (mapped l2 ?p1) (mapped l5 ?p2) (rcnot l2_l5_i32))
      eff: (and (NOT-rcnot l2_l5_i32) (not (rcnot l2_l5_i32)))
  - apply_cnot_l2_l5_i48: ?p1 - pqubit ?p2 - pqubit
      pre: (and (connected ?p1 ?p2) (mapped l2 ?p1) (mapped l5 ?p2) (not (rcnot l2_l5_i32)) (not (rcnot l4_l5_i46)) (rcnot l2_l5_i48))
      eff: (and (not (rcnot l2_l5_i48)))
  + apply_cnot_l2_l5_i48: ?p1 - pqubit ?p2 - pqubit
      pre: (and (NOT-rcnot l2_l5_i32) (NOT-rcnot l4_l5_i46) (connected ?p1 ?p2) (mapped l2 ?p1) (mapped l5 ?p2) (rcnot l2_l5_i48))
      eff: (and (NOT-rcnot l2_l5_i48) (not (rcnot l2_l5_i48)))
  - apply_cnot_l2_l5_i63: ?p1 - pqubit ?p2 - pqubit
      pre: (and (connected ?p1 ?p2) (mapped l2 ?p1) (mapped l5 ?p2) (not (rcnot l2_l5_i48)) (not (rcnot l4_l5_i61)) (rcnot l2_l5_i63))
      eff: (and (not (rcnot l2_l5_i63)))
  + apply_cnot_l2_l5_i63: ?p1 - pqubit ?p2 - pqubit
      pre: (and (NOT-rcnot l2_l5_i48) (NOT-rcnot l4_l5_i61) (connected ?p1 ?p2) (mapped l2 ?p1) (mapped l5 ?p2) (rcnot l2_l5_i63))
      eff: (and (NOT-rcnot l2_l5_i63) (not (rcnot l2_l5_i63)))
  - apply_cnot_l3_l5_i10: ?p1 - pqubit ?p2 - pqubit
      pre: (and (connected ?p1 ?p2) (mapped l3 ?p1) (mapped l5 ?p2) (not (rcnot l3_l5_i8)) (rcnot l3_l5_i10))
      eff: (and (not (rcnot l3_l5_i10)))
  + apply_cnot_l3_l5_i10: ?p1 - pqubit ?p2 - pqubit
      pre: (and (NOT-rcnot l3_l5_i8) (connected ?p1 ?p2) (mapped l3 ?p1) (mapped l5 ?p2) (rcnot l3_l5_i10))
      eff: (and (NOT-rcnot l3_l5_i10) (not (rcnot l3_l5_i10)))
  - apply_cnot_l3_l5_i41: ?p1 - pqubit ?p2 - pqubit
      pre: (and (connected ?p1 ?p2) (mapped l3 ?p1) (mapped l5 ?p2) (not (rcnot l3_l6_i38)) (not (rcnot l5_l6_i40)) (rcnot l3_l5_i41))
      eff: (and (not (rcnot l3_l5_i41)))
  + apply_cnot_l3_l5_i41: ?p1 - pqubit ?p2 - pqubit
      pre: (and (NOT-rcnot l3_l6_i38) (NOT-rcnot l5_l6_i40) (connected ?p1 ?p2) (mapped l3 ?p1) (mapped l5 ?p2) (rcnot l3_l5_i41))
      eff: (and (NOT-rcnot l3_l5_i41) (not (rcnot l3_l5_i41)))
  - apply_cnot_l3_l5_i43: ?p1 - pqubit ?p2 - pqubit
      pre: (and (connected ?p1 ?p2) (mapped l3 ?p1) (mapped l5 ?p2) (not (rcnot l3_l5_i41)) (rcnot l3_l5_i43))
      eff: (and (not (rcnot l3_l5_i43)))
  + apply_cnot_l3_l5_i43: ?p1 - pqubit ?p2 - pqubit
      pre: (and (NOT-rcnot l3_l5_i41) (connected ?p1 ?p2) (mapped l3 ?p1) (mapped l5 ?p2) (rcnot l3_l5_i43))
      eff: (and (NOT-rcnot l3_l5_i43) (not (rcnot l3_l5_i43)))
  - apply_cnot_l3_l5_i8: ?p1 - pqubit ?p2 - pqubit
      pre: (and (connected ?p1 ?p2) (mapped l3 ?p1) (mapped l5 ?p2) (not (rcnot l3_l6_i5)) (not (rcnot l5_l6_i7)) (rcnot l3_l5_i8))
      eff: (and (not (rcnot l3_l5_i8)))
  + apply_cnot_l3_l5_i8: ?p1 - pqubit ?p2 - pqubit
      pre: (and (NOT-rcnot l3_l6_i5) (NOT-rcnot l5_l6_i7) (connected ?p1 ?p2) (mapped l3 ?p1) (mapped l5 ?p2) (rcnot l3_l5_i8))
      eff: (and (NOT-rcnot l3_l5_i8) (not (rcnot l3_l5_i8)))
  - apply_cnot_l3_l6_i38: ?p1 - pqubit ?p2 - pqubit
      pre: (and (connected ?p1 ?p2) (mapped l3 ?p1) (mapped l6 ?p2) (not (rcnot l3_l5_i10)) (not (rcnot l5_l6_i36)) (rcnot l3_l6_i38))
      eff: (and (not (rcnot l3_l6_i38)))
  + apply_cnot_l3_l6_i38: ?p1 - pqubit ?p2 - pqubit
      pre: (and (NOT-rcnot l3_l5_i10) (NOT-rcnot l5_l6_i36) (connected ?p1 ?p2) (mapped l3 ?p1) (mapped l6 ?p2) (rcnot l3_l6_i38))
      eff: (and (NOT-rcnot l3_l6_i38) (not (rcnot l3_l6_i38)))
  - apply_cnot_l3_l6_i5: ?p1 - pqubit ?p2 - pqubit
      pre: (and (connected ?p1 ?p2) (mapped l6 ?p2) (not (initialized ?p1)) (not (rcnot l5_l6_i3)) (rcnot l3_l6_i5))
      eff: (and (initialized ?p1) (mapped l3 ?p1) (not (rcnot l3_l6_i5)) (occupied_pqubit ?p1))
  + apply_cnot_l3_l6_i5: ?p1 - pqubit ?p2 - pqubit
      pre: (and (NOT-initialized ?p1) (NOT-rcnot l5_l6_i3) (connected ?p1 ?p2) (mapped l6 ?p2) (rcnot l3_l6_i5))
      eff: (and (NOT-rcnot l3_l6_i5) (mapped l3 ?p1) (not (NOT-initialized ?p1)) (not (NOT-occupied_pqubit ?p1)) (not (rcnot l3_l6_i5)))
  - apply_cnot_l4_l5_i12: ?p1 - pqubit ?p2 - pqubit
      pre: (and (connected ?p1 ?p2) (mapped l5 ?p2) (not (initialized ?p1)) (not (rcnot l3_l5_i10)) (rcnot l4_l5_i12))
      eff: (and (initialized ?p1) (mapped l4 ?p1) (not (rcnot l4_l5_i12)) (occupied_pqubit ?p1))
  + apply_cnot_l4_l5_i12: ?p1 - pqubit ?p2 - pqubit
      pre: (and (NOT-initialized ?p1) (NOT-rcnot l3_l5_i10) (connected ?p1 ?p2) (mapped l5 ?p2) (rcnot l4_l5_i12))
      eff: (and (NOT-rcnot l4_l5_i12) (mapped l4 ?p1) (not (NOT-initialized ?p1)) (not (NOT-occupied_pqubit ?p1)) (not (rcnot l4_l5_i12)))
  - apply_cnot_l4_l5_i16: ?p1 - pqubit ?p2 - pqubit
      pre: (and (connected ?p1 ?p2) (mapped l4 ?p1) (mapped l5 ?p2) (not (rcnot l2_l5_i14)) (not (rcnot l4_l5_i12)) (rcnot l4_l5_i16))
      eff: (and (not (rcnot l4_l5_i16)))
  + apply_cnot_l4_l5_i16: ?p1 - pqubit ?p2 - pqubit
      pre: (and (NOT-rcnot l2_l5_i14) (NOT-rcnot l4_l5_i12) (connected ?p1 ?p2) (mapped l4 ?p1) (mapped l5 ?p2) (rcnot l4_l5_i16))
      eff: (and (NOT-rcnot l4_l5_i16) (not (rcnot l4_l5_i16)))
  - apply_cnot_l4_l5_i30: ?p1 - pqubit ?p2 - pqubit
      pre: (and (connected ?p1 ?p2) (mapped l4 ?p1) (mapped l5 ?p2) (not (rcnot l0_l4_i27)) (not (rcnot l4_l5_i16)) (rcnot l4_l5_i30))
      eff: (and (not (rcnot l4_l5_i30)))
  + apply_cnot_l4_l5_i30: ?p1 - pqubit ?p2 - pqubit
      pre: (and (NOT-rcnot l0_l4_i27) (NOT-rcnot l4_l5_i16) (connected ?p1 ?p2) (mapped l4 ?p1) (mapped l5 ?p2) (rcnot l4_l5_i30))
      eff: (and (NOT-rcnot l4_l5_i30) (not (rcnot l4_l5_i30)))
  - apply_cnot_l4_l5_i34: ?p1 - pqubit ?p2 - pqubit
      pre: (and (connected ?p1 ?p2) (mapped l4 ?p1) (mapped l5 ?p2) (not (rcnot l2_l5_i32)) (not (rcnot l4_l5_i30)) (rcnot l4_l5_i34))
      eff: (and (not (rcnot l4_l5_i34)))
  + apply_cnot_l4_l5_i34: ?p1 - pqubit ?p2 - pqubit
      pre: (and (NOT-rcnot l2_l5_i32) (NOT-rcnot l4_l5_i30) (connected ?p1 ?p2) (mapped l4 ?p1) (mapped l5 ?p2) (rcnot l4_l5_i34))
      eff: (and (NOT-rcnot l4_l5_i34) (not (rcnot l4_l5_i34)))
  - apply_cnot_l4_l5_i46: ?p1 - pqubit ?p2 - pqubit
      pre: (and (connected ?p1 ?p2) (mapped l4 ?p1) (mapped l5 ?p2) (not (rcnot l3_l5_i43)) (not (rcnot l4_l5_i34)) (rcnot l4_l5_i46))
      eff: (and (not (rcnot l4_l5_i46)))
  + apply_cnot_l4_l5_i46: ?p1 - pqubit ?p2 - pqubit
      pre: (and (NOT-rcnot l3_l5_i43) (NOT-rcnot l4_l5_i34) (connected ?p1 ?p2) (mapped l4 ?p1) (mapped l5 ?p2) (rcnot l4_l5_i46))
      eff: (and (NOT-rcnot l4_l5_i46) (not (rcnot l4_l5_i46)))
  - apply_cnot_l4_l5_i50: ?p1 - pqubit ?p2 - pqubit
      pre: (and (connected ?p1 ?p2) (mapped l4 ?p1) (mapped l5 ?p2) (not (rcnot l2_l5_i48)) (not (rcnot l4_l5_i46)) (rcnot l4_l5_i50))
      eff: (and (not (rcnot l4_l5_i50)))
  + apply_cnot_l4_l5_i50: ?p1 - pqubit ?p2 - pqubit
      pre: (and (NOT-rcnot l2_l5_i48) (NOT-rcnot l4_l5_i46) (connected ?p1 ?p2) (mapped l4 ?p1) (mapped l5 ?p2) (rcnot l4_l5_i50))
      eff: (and (NOT-rcnot l4_l5_i50) (not (rcnot l4_l5_i50)))
  - apply_cnot_l4_l5_i61: ?p1 - pqubit ?p2 - pqubit
      pre: (and (connected ?p1 ?p2) (mapped l4 ?p1) (mapped l5 ?p2) (not (rcnot l0_l4_i58)) (not (rcnot l4_l5_i50)) (rcnot l4_l5_i61))
      eff: (and (not (rcnot l4_l5_i61)))
  + apply_cnot_l4_l5_i61: ?p1 - pqubit ?p2 - pqubit
      pre: (and (NOT-rcnot l0_l4_i58) (NOT-rcnot l4_l5_i50) (connected ?p1 ?p2) (mapped l4 ?p1) (mapped l5 ?p2) (rcnot l4_l5_i61))
      eff: (and (NOT-rcnot l4_l5_i61) (not (rcnot l4_l5_i61)))
  - apply_cnot_l4_l5_i65: ?p1 - pqubit ?p2 - pqubit
      pre: (and (connected ?p1 ?p2) (mapped l4 ?p1) (mapped l5 ?p2) (not (rcnot l2_l5_i63)) (not (rcnot l4_l5_i61)) (rcnot l4_l5_i65))
      eff: (and (not (rcnot l4_l5_i65)))
  + apply_cnot_l4_l5_i65: ?p1 - pqubit ?p2 - pqubit
      pre: (and (NOT-rcnot l2_l5_i63) (NOT-rcnot l4_l5_i61) (connected ?p1 ?p2) (mapped l4 ?p1) (mapped l5 ?p2) (rcnot l4_l5_i65))
      eff: (and (NOT-rcnot l4_l5_i65) (not (rcnot l4_l5_i65)))
  - apply_cnot_l5_l6_i36: ?p1 - pqubit ?p2 - pqubit
      pre: (and (connected ?p1 ?p2) (mapped l5 ?p1) (mapped l6 ?p2) (not (rcnot l4_l5_i34)) (not (rcnot l5_l6_i7)) (rcnot l5_l6_i36))
      eff: (and (not (rcnot l5_l6_i36)))
  + apply_cnot_l5_l6_i36: ?p1 - pqubit ?p2 - pqubit
      pre: (and (NOT-rcnot l4_l5_i34) (NOT-rcnot l5_l6_i7) (connected ?p1 ?p2) (mapped l5 ?p1) (mapped l6 ?p2) (rcnot l5_l6_i36))
      eff: (and (NOT-rcnot l5_l6_i36) (not (rcnot l5_l6_i36)))
  - apply_cnot_l5_l6_i3: ?p1 - pqubit ?p2 - pqubit
      pre: (and (connected ?p1 ?p2) (not (initialized ?p1)) (not (initialized ?p2)) (rcnot l5_l6_i3))
      eff: (and (initialized ?p1) (initialized ?p2) (mapped l5 ?p1) (mapped l6 ?p2) (not (rcnot l5_l6_i3)) (occupied_pqubit ?p1) (occupied_pqubit ?p2))
  + apply_cnot_l5_l6_i3: ?p1 - pqubit ?p2 - pqubit
      pre: (and (NOT-initialized ?p1) (NOT-initialized ?p2) (connected ?p1 ?p2) (rcnot l5_l6_i3))
      eff: (and (NOT-rcnot l5_l6_i3) (mapped l5 ?p1) (mapped l6 ?p2) (not (NOT-initialized ?p1)) (not (NOT-initialized ?p2)) (not (NOT-occupied_pqubit ?p1)) (not (NOT-occupied_pqubit ?p2)) (not (rcnot l5_l6_i3)))
  - apply_cnot_l5_l6_i40: ?p1 - pqubit ?p2 - pqubit
      pre: (and (connected ?p1 ?p2) (mapped l5 ?p1) (mapped l6 ?p2) (not (rcnot l3_l6_i38)) (not (rcnot l5_l6_i36)) (rcnot l5_l6_i40))
      eff: (and (not (rcnot l5_l6_i40)))
  + apply_cnot_l5_l6_i40: ?p1 - pqubit ?p2 - pqubit
      pre: (and (NOT-rcnot l3_l6_i38) (NOT-rcnot l5_l6_i36) (connected ?p1 ?p2) (mapped l5 ?p1) (mapped l6 ?p2) (rcnot l5_l6_i40))
      eff: (and (NOT-rcnot l5_l6_i40) (not (rcnot l5_l6_i40)))
  - apply_cnot_l5_l6_i7: ?p1 - pqubit ?p2 - pqubit
      pre: (and (connected ?p1 ?p2) (mapped l5 ?p1) (mapped l6 ?p2) (not (rcnot l3_l6_i5)) (not (rcnot l5_l6_i3)) (rcnot l5_l6_i7))
      eff: (and (not (rcnot l5_l6_i7)))
  + apply_cnot_l5_l6_i7: ?p1 - pqubit ?p2 - pqubit
      pre: (and (NOT-rcnot l3_l6_i5) (NOT-rcnot l5_l6_i3) (connected ?p1 ?p2) (mapped l5 ?p1) (mapped l6 ?p2) (rcnot l5_l6_i7))
      eff: (and (NOT-rcnot l5_l6_i7) (not (rcnot l5_l6_i7)))
  - swap-ancilary: ?l1 - lqubit ?p1 - pqubit ?p2 - pqubit
      pre: (and (connected ?p1 ?p2) (mapped ?l1 ?p1) (not (occupied_pqubit ?p2)))
      eff: (and (initialized ?p2) (mapped ?l1 ?p2) (not (mapped ?l1 ?p1)) (not (occupied_pqubit ?p1)) (occupied_pqubit ?p2))
  + swap-ancilary: ?l1 - lqubit ?p1 - pqubit ?p2 - pqubit
      pre: (and (NOT-occupied_pqubit ?p2) (connected ?p1 ?p2) (mapped ?l1 ?p1))
      eff: (and (mapped ?l1 ?p2) (not (NOT-initialized ?p2)) (not (NOT-occupied_pqubit ?p2)) (not (mapped ?l1 ?p1)) (when (not (= ?p1 ?p2)) (NOT-occupied_pqubit ?p1)))
Init:
  + (NOT-initialized p0)
  + (NOT-initialized p1)
  + (NOT-initialized p10)
  + (NOT-initialized p11)
  + (NOT-initialized p12)
  + (NOT-initialized p13)
  + (NOT-initialized p2)
  + (NOT-initialized p3)
  + (NOT-initialized p4)
  + (NOT-initialized p5)
  + (NOT-initialized p6)
  + (NOT-initialized p7)
  + (NOT-initialized p8)
  + (NOT-initialized p9)
  + (NOT-occupied_pqubit p0)
  + (NOT-occupied_pqubit p1)
  + (NOT-occupied_pqubit p10)
  + (NOT-occupied_pqubit p11)
  + (NOT-occupied_pqubit p12)
  + (NOT-occupied_pqubit p13)
  + (NOT-occupied_pqubit p2)
  + (NOT-occupied_pqubit p3)
  + (NOT-occupied_pqubit p4)
  + (NOT-occupied_pqubit p5)
  + (NOT-occupied_pqubit p6)
  + (NOT-occupied_pqubit p7)
  + (NOT-occupied_pqubit p8)
  + (NOT-occupied_pqubit p9)
Goal:
  - (and (not (rcnot l0_l4_i23)) (not (rcnot l0_l4_i27)) (not (rcnot l0_l4_i54)) (not (rcnot l0_l4_i58)) (not (rcnot l1_l4_i21)) (not (rcnot l1_l4_i25)) (not (rcnot l1_l4_i52)) (not (rcnot l1_l4_i56)) (not (rcnot l2_l4_i17)) (not (rcnot l2_l4_i19)) (not (rcnot l2_l4_i66)) (not (rcnot l2_l4_i68)) (not (rcnot l2_l5_i14)) (not (rcnot l2_l5_i32)) (not (rcnot l2_l5_i48)) (not (rcnot l2_l5_i63)) (not (rcnot l3_l5_i10)) (not (rcnot l3_l5_i41)) (not (rcnot l3_l5_i43)) (not (rcnot l3_l5_i8)) (not (rcnot l3_l6_i38)) (not (rcnot l3_l6_i5)) (not (rcnot l4_l5_i12)) (not (rcnot l4_l5_i16)) (not (rcnot l4_l5_i30)) (not (rcnot l4_l5_i34)) (not (rcnot l4_l5_i46)) (not (rcnot l4_l5_i50)) (not (rcnot l4_l5_i61)) (not (rcnot l4_l5_i65)) (not (rcnot l5_l6_i3)) (not (rcnot l5_l6_i36)) (not (rcnot l5_l6_i40)) (not (rcnot l5_l6_i7)))
  + (and (NOT-rcnot l0_l4_i23) (NOT-rcnot l0_l4_i27) (NOT-rcnot l0_l4_i54) (NOT-rcnot l0_l4_i58) (NOT-rcnot l1_l4_i21) (NOT-rcnot l1_l4_i25) (NOT-rcnot l1_l4_i52) (NOT-rcnot l1_l4_i56) (NOT-rcnot l2_l4_i17) (NOT-rcnot l2_l4_i19) (NOT-rcnot l2_l4_i66) (NOT-rcnot l2_l4_i68) (NOT-rcnot l2_l5_i14) (NOT-rcnot l2_l5_i32) (NOT-rcnot l2_l5_i48) (NOT-rcnot l2_l5_i63) (NOT-rcnot l3_l5_i10) (NOT-rcnot l3_l5_i41) (NOT-rcnot l3_l5_i43) (NOT-rcnot l3_l5_i8) (NOT-rcnot l3_l6_i38) (NOT-rcnot l3_l6_i5) (NOT-rcnot l4_l5_i12) (NOT-rcnot l4_l5_i16) (NOT-rcnot l4_l5_i30) (NOT-rcnot l4_l5_i34) (NOT-rcnot l4_l5_i46) (NOT-rcnot l4_l5_i50) (NOT-rcnot l4_l5_i61) (NOT-rcnot l4_l5_i65) (NOT-rcnot l5_l6_i3) (NOT-rcnot l5_l6_i36) (NOT-rcnot l5_l6_i40) (NOT-rcnot l5_l6_i7))
Pred prop:
  + (= object object): in_pre in_pre_neg
  + (NOT-initialized pqubit): in_init in_pre in_eff
  + (NOT-occupied_pqubit pqubit): in_init in_pre in_eff
  + (NOT-rcnot gateid): in_pre in_goal in_eff
  - (initialized pqubit): in_pre in_pre_neg in_eff
  - (occupied_pqubit pqubit): in_pre in_pre_neg in_eff
  - (rcnot gateid): in_init in_pre in_pre_neg in_goal in_goal_neg in_eff
  + (rcnot gateid): in_init in_pre in_eff
