begin_version
3
end_version
begin_metric
1
end_metric
7
begin_variable
var0
-1
6
carry ball1 left
carry ball2 left
carry ball3 left
carry ball4 left
free left
tnf-unknown
end_variable
begin_variable
var1
-1
6
carry ball1 right
carry ball2 right
carry ball3 right
carry ball4 right
free right
tnf-unknown
end_variable
begin_variable
var2
-1
4
at ball1 rooma
at ball1 roomb
none-of-those
tnf-unkown
end_variable
begin_variable
var3
-1
4
at ball2 rooma
at ball2 roomb
none-of-those
tnf-unkown
end_variable
begin_variable
var4
-1
4
at ball3 rooma
at ball3 roomb
none-of-those
tnf-unkown
end_variable
begin_variable
var5
-1
4
at ball4 rooma
at ball4 roomb
none-of-those
tnf-unkown
end_variable
begin_variable
var6
-1
3
at-robby rooma
at-robby roomb
tnf-unknown
end_variable
7
begin_mutex_group
2
6 0
6 1
end_mutex_group
begin_mutex_group
4
2 0
2 1
0 0
1 0
end_mutex_group
begin_mutex_group
4
3 0
3 1
0 1
1 1
end_mutex_group
begin_mutex_group
4
4 0
4 1
0 2
1 2
end_mutex_group
begin_mutex_group
4
5 0
5 1
0 3
1 3
end_mutex_group
begin_mutex_group
5
0 0
0 1
0 2
0 3
0 4
end_mutex_group
begin_mutex_group
5
1 0
1 1
1 2
1 3
1 4
end_mutex_group
begin_state
4
4
0
0
0
0
0
end_state
begin_goal
7
0 5
1 5
2 1
3 1
4 1
5 1
6 2
end_goal
58
begin_operator
drop ball1 rooma left
1
6 0
2
0 0 0 4
0 2 3 0
1
end_operator
begin_operator
drop ball1 rooma right
1
6 0
2
0 1 0 4
0 2 3 0
1
end_operator
begin_operator
drop ball1 roomb left
1
6 1
2
0 0 0 4
0 2 3 1
1
end_operator
begin_operator
drop ball1 roomb right
1
6 1
2
0 1 0 4
0 2 3 1
1
end_operator
begin_operator
drop ball2 rooma left
1
6 0
2
0 0 1 4
0 3 3 0
1
end_operator
begin_operator
drop ball2 rooma right
1
6 0
2
0 1 1 4
0 3 3 0
1
end_operator
begin_operator
drop ball2 roomb left
1
6 1
2
0 0 1 4
0 3 3 1
1
end_operator
begin_operator
drop ball2 roomb right
1
6 1
2
0 1 1 4
0 3 3 1
1
end_operator
begin_operator
drop ball3 rooma left
1
6 0
2
0 0 2 4
0 4 3 0
1
end_operator
begin_operator
drop ball3 rooma right
1
6 0
2
0 1 2 4
0 4 3 0
1
end_operator
begin_operator
drop ball3 roomb left
1
6 1
2
0 0 2 4
0 4 3 1
1
end_operator
begin_operator
drop ball3 roomb right
1
6 1
2
0 1 2 4
0 4 3 1
1
end_operator
begin_operator
drop ball4 rooma left
1
6 0
2
0 0 3 4
0 5 3 0
1
end_operator
begin_operator
drop ball4 rooma right
1
6 0
2
0 1 3 4
0 5 3 0
1
end_operator
begin_operator
drop ball4 roomb left
1
6 1
2
0 0 3 4
0 5 3 1
1
end_operator
begin_operator
drop ball4 roomb right
1
6 1
2
0 1 3 4
0 5 3 1
1
end_operator
begin_operator
move rooma roomb
0
1
0 6 0 1
1
end_operator
begin_operator
move roomb rooma
0
1
0 6 1 0
1
end_operator
begin_operator
pick ball1 rooma left
1
6 0
2
0 0 4 0
0 2 0 2
1
end_operator
begin_operator
pick ball1 rooma right
1
6 0
2
0 1 4 0
0 2 0 2
1
end_operator
begin_operator
pick ball1 roomb left
1
6 1
2
0 0 4 0
0 2 1 2
1
end_operator
begin_operator
pick ball1 roomb right
1
6 1
2
0 1 4 0
0 2 1 2
1
end_operator
begin_operator
pick ball2 rooma left
1
6 0
2
0 0 4 1
0 3 0 2
1
end_operator
begin_operator
pick ball2 rooma right
1
6 0
2
0 1 4 1
0 3 0 2
1
end_operator
begin_operator
pick ball2 roomb left
1
6 1
2
0 0 4 1
0 3 1 2
1
end_operator
begin_operator
pick ball2 roomb right
1
6 1
2
0 1 4 1
0 3 1 2
1
end_operator
begin_operator
pick ball3 rooma left
1
6 0
2
0 0 4 2
0 4 0 2
1
end_operator
begin_operator
pick ball3 rooma right
1
6 0
2
0 1 4 2
0 4 0 2
1
end_operator
begin_operator
pick ball3 roomb left
1
6 1
2
0 0 4 2
0 4 1 2
1
end_operator
begin_operator
pick ball3 roomb right
1
6 1
2
0 1 4 2
0 4 1 2
1
end_operator
begin_operator
pick ball4 rooma left
1
6 0
2
0 0 4 3
0 5 0 2
1
end_operator
begin_operator
pick ball4 rooma right
1
6 0
2
0 1 4 3
0 5 0 2
1
end_operator
begin_operator
pick ball4 roomb left
1
6 1
2
0 0 4 3
0 5 1 2
1
end_operator
begin_operator
pick ball4 roomb right
1
6 1
2
0 1 4 3
0 5 1 2
1
end_operator
begin_operator
tnf-forget-0-0
0
1
0 0 0 5
0
end_operator
begin_operator
tnf-forget-0-1
0
1
0 0 1 5
0
end_operator
begin_operator
tnf-forget-0-2
0
1
0 0 2 5
0
end_operator
begin_operator
tnf-forget-0-3
0
1
0 0 3 5
0
end_operator
begin_operator
tnf-forget-0-4
0
1
0 0 4 5
0
end_operator
begin_operator
tnf-forget-1-0
0
1
0 1 0 5
0
end_operator
begin_operator
tnf-forget-1-1
0
1
0 1 1 5
0
end_operator
begin_operator
tnf-forget-1-2
0
1
0 1 2 5
0
end_operator
begin_operator
tnf-forget-1-3
0
1
0 1 3 5
0
end_operator
begin_operator
tnf-forget-1-4
0
1
0 1 4 5
0
end_operator
begin_operator
tnf-forget-2-0
0
1
0 2 0 3
0
end_operator
begin_operator
tnf-forget-2-1
0
1
0 2 1 3
0
end_operator
begin_operator
tnf-forget-2-2
0
1
0 2 2 3
0
end_operator
begin_operator
tnf-forget-3-0
0
1
0 3 0 3
0
end_operator
begin_operator
tnf-forget-3-1
0
1
0 3 1 3
0
end_operator
begin_operator
tnf-forget-3-2
0
1
0 3 2 3
0
end_operator
begin_operator
tnf-forget-4-0
0
1
0 4 0 3
0
end_operator
begin_operator
tnf-forget-4-1
0
1
0 4 1 3
0
end_operator
begin_operator
tnf-forget-4-2
0
1
0 4 2 3
0
end_operator
begin_operator
tnf-forget-5-0
0
1
0 5 0 3
0
end_operator
begin_operator
tnf-forget-5-1
0
1
0 5 1 3
0
end_operator
begin_operator
tnf-forget-5-2
0
1
0 5 2 3
0
end_operator
begin_operator
tnf-forget-6-0
0
1
0 6 0 2
0
end_operator
begin_operator
tnf-forget-6-1
0
1
0 6 1 2
0
end_operator
0
