Step 0 (on-sale goods0 market4) (on-sale goods0 market5) (on-sale goods0 market6) (on-sale goods1 market1) (on-sale goods2 market3) (on-sale goods2 market6) (at truck0 depot0) (money level67)
size: 10
drive truck0 depot0 market3 level67 level2 level65 :: cost: 1
    add: (at truck0 market3) (money level65)
    del: (at truck0 depot0) (money level67)
drive truck0 depot0 market4 level67 level4 level63 :: cost: 1
    add: (at truck0 market4) (money level63)
    del: (at truck0 depot0) (money level67)
drive truck0 depot0 market5 level67 level18 level49 :: cost: 1
    add: (at truck0 market5) (money level49)
    del: (at truck0 depot0) (money level67)
drive truck0 depot0 market6 level67 level9 level58 :: cost: 1
    add: (at truck0 market6) (money level58)
    del: (at truck0 depot0) (money level67)
buy truck0 goods0 market4 level67 level18 level49 :: cost: 1
    add: (money level49) (available goods0 market4)
    del: (on-sale goods0 market4) (money level67)
buy truck0 goods0 market5 level67 level9 level58 :: cost: 1
    add: (money level58) (available goods0 market5)
    del: (on-sale goods0 market5) (money level67)
buy truck0 goods0 market6 level67 level8 level59 :: cost: 1
    add: (available goods0 market6) (money level59)
    del: (on-sale goods0 market6) (money level67)
buy truck0 goods1 market1 level67 level5 level62 :: cost: 1
    add: (available goods1 market1) (money level62)
    del: (on-sale goods1 market1) (money level67)
buy truck0 goods2 market3 level67 level6 level61 :: cost: 1
    add: (available goods2 market3) (money level61)
    del: (on-sale goods2 market3) (money level67)
buy truck0 goods2 market6 level67 level18 level49 :: cost: 1
    add: (money level49) (available goods2 market6)
    del: (on-sale goods2 market6) (money level67)
Step 1 (on-sale goods0 market4) (on-sale goods0 market5) (on-sale goods0 market6) (on-sale goods1 market1) (on-sale goods2 market3) (on-sale goods2 market6) (at truck0 market3) (money level65)
size: 8
drive truck0 market3 market2 level65 level2 level63 :: cost: 1
    add: (money level63) (at truck0 market2)
    del: (at truck0 market3) (money level65)
drive truck0 market3 depot0 level65 level2 level63 :: cost: 1
    add: (at truck0 depot0) (money level63)
    del: (at truck0 market3) (money level65)
buy truck0 goods0 market4 level65 level18 level47 :: cost: 1
    add: (available goods0 market4) (money level47)
    del: (on-sale goods0 market4) (money level65)
buy truck0 goods0 market5 level65 level9 level56 :: cost: 1
    add: (available goods0 market5) (money level56)
    del: (on-sale goods0 market5) (money level65)
buy truck0 goods0 market6 level65 level8 level57 :: cost: 1
    add: (available goods0 market6) (money level57)
    del: (on-sale goods0 market6) (money level65)
buy truck0 goods1 market1 level65 level5 level60 :: cost: 1
    add: (available goods1 market1) (money level60)
    del: (on-sale goods1 market1) (money level65)
buy truck0 goods2 market3 level65 level6 level59 :: cost: 1
    add: (money level59) (available goods2 market3)
    del: (on-sale goods2 market3) (money level65)
buy truck0 goods2 market6 level65 level18 level47 :: cost: 1
    add: (available goods2 market6) (money level47)
    del: (on-sale goods2 market6) (money level65)
Step 2 (on-sale goods0 market4) (on-sale goods0 market5) (on-sale goods0 market6) (on-sale goods1 market1) (on-sale goods2 market3) (on-sale goods2 market6) (at truck0 depot0) (money level63)
size: 10
drive truck0 depot0 market3 level63 level2 level61 :: cost: 1
    add: (at truck0 market3) (money level61)
    del: (at truck0 depot0) (money level63)
drive truck0 depot0 market4 level63 level4 level59 :: cost: 1
    add: (at truck0 market4) (money level59)
    del: (at truck0 depot0) (money level63)
drive truck0 depot0 market5 level63 level18 level45 :: cost: 1
    add: (at truck0 market5) (money level45)
    del: (at truck0 depot0) (money level63)
drive truck0 depot0 market6 level63 level9 level54 :: cost: 1
    add: (at truck0 market6) (money level54)
    del: (at truck0 depot0) (money level63)
buy truck0 goods0 market4 level63 level18 level45 :: cost: 1
    add: (available goods0 market4) (money level45)
    del: (on-sale goods0 market4) (money level63)
buy truck0 goods0 market5 level63 level9 level54 :: cost: 1
    add: (available goods0 market5) (money level54)
    del: (on-sale goods0 market5) (money level63)
buy truck0 goods0 market6 level63 level8 level55 :: cost: 1
    add: (available goods0 market6) (money level55)
    del: (on-sale goods0 market6) (money level63)
buy truck0 goods1 market1 level63 level5 level58 :: cost: 1
    add: (money level58) (available goods1 market1)
    del: (on-sale goods1 market1) (money level63)
buy truck0 goods2 market3 level63 level6 level57 :: cost: 1
    add: (available goods2 market3) (money level57)
    del: (on-sale goods2 market3) (money level63)
buy truck0 goods2 market6 level63 level18 level45 :: cost: 1
    add: (available goods2 market6) (money level45)
    del: (on-sale goods2 market6) (money level63)
Step 3 (on-sale goods0 market4) (on-sale goods0 market5) (on-sale goods0 market6) (on-sale goods1 market1) (on-sale goods2 market3) (on-sale goods2 market6) (at truck0 market5) (money level45)
size: 7
drive truck0 market5 depot0 level45 level18 level27 :: cost: 1
    add: (at truck0 depot0) (money level27)
    del: (at truck0 market5) (money level45)
buy truck0 goods0 market4 level45 level18 level27 :: cost: 1
    add: (available goods0 market4) (money level27)
    del: (on-sale goods0 market4) (money level45)
buy truck0 goods0 market5 level45 level9 level36 :: cost: 1
    add: (available goods0 market5) (money level36)
    del: (on-sale goods0 market5) (money level45)
buy truck0 goods0 market6 level45 level8 level37 :: cost: 1
    add: (available goods0 market6) (money level37)
    del: (on-sale goods0 market6) (money level45)
buy truck0 goods1 market1 level45 level5 level40 :: cost: 1
    add: (available goods1 market1) (money level40)
    del: (on-sale goods1 market1) (money level45)
buy truck0 goods2 market3 level45 level6 level39 :: cost: 1
    add: (available goods2 market3) (money level39)
    del: (on-sale goods2 market3) (money level45)
buy truck0 goods2 market6 level45 level18 level27 :: cost: 1
    add: (available goods2 market6) (money level27)
    del: (on-sale goods2 market6) (money level45)
Step 4 (on-sale goods0 market4) (on-sale goods0 market5) (on-sale goods1 market1) (on-sale goods2 market3) (on-sale goods2 market6) (at truck0 market5) (available goods0 market6) (money level37)
size: 6
drive truck0 market5 depot0 level37 level18 level19 :: cost: 1
    add: (at truck0 depot0) (money level19)
    del: (at truck0 market5) (money level37)
buy truck0 goods0 market4 level37 level18 level19 :: cost: 1
    add: (available goods0 market4) (money level19)
    del: (on-sale goods0 market4) (money level37)
buy truck0 goods0 market5 level37 level9 level28 :: cost: 1
    add: (available goods0 market5) (money level28)
    del: (on-sale goods0 market5) (money level37)
buy truck0 goods1 market1 level37 level5 level32 :: cost: 1
    add: (available goods1 market1) (money level32)
    del: (on-sale goods1 market1) (money level37)
buy truck0 goods2 market3 level37 level6 level31 :: cost: 1
    add: (available goods2 market3) (money level31)
    del: (on-sale goods2 market3) (money level37)
buy truck0 goods2 market6 level37 level18 level19 :: cost: 1
    add: (available goods2 market6) (money level19)
    del: (on-sale goods2 market6) (money level37)
Step 5 (on-sale goods0 market4) (on-sale goods0 market5) (on-sale goods1 market1) (on-sale goods2 market6) (at truck0 market5) (available goods0 market6) (available goods2 market3) (money level31)
size: 5
drive truck0 market5 depot0 level31 level18 level13 :: cost: 1
    add: (at truck0 depot0) (money level13)
    del: (at truck0 market5) (money level31)
buy truck0 goods0 market4 level31 level18 level13 :: cost: 1
    add: (available goods0 market4) (money level13)
    del: (on-sale goods0 market4) (money level31)
buy truck0 goods0 market5 level31 level9 level22 :: cost: 1
    add: (available goods0 market5) (money level22)
    del: (on-sale goods0 market5) (money level31)
buy truck0 goods1 market1 level31 level5 level26 :: cost: 1
    add: (available goods1 market1) (money level26)
    del: (on-sale goods1 market1) (money level31)
buy truck0 goods2 market6 level31 level18 level13 :: cost: 1
    add: (available goods2 market6) (money level13)
    del: (on-sale goods2 market6) (money level31)
Step 6 (on-sale goods0 market4) (on-sale goods0 market5) (on-sale goods1 market1) (on-sale goods2 market6) (at truck0 depot0) (available goods0 market6) (available goods2 market3) (money level13)
size: 5
drive truck0 depot0 market3 level13 level2 level11 :: cost: 1
    add: (at truck0 market3) (money level11)
    del: (at truck0 depot0) (money level13)
drive truck0 depot0 market4 level13 level4 level9 :: cost: 1
    add: (at truck0 market4) (money level9)
    del: (at truck0 depot0) (money level13)
drive truck0 depot0 market6 level13 level9 level4 :: cost: 1
    add: (at truck0 market6) (money level4)
    del: (at truck0 depot0) (money level13)
buy truck0 goods0 market5 level13 level9 level4 :: cost: 1
    add: (available goods0 market5) (money level4)
    del: (on-sale goods0 market5) (money level13)
buy truck0 goods1 market1 level13 level5 level8 :: cost: 1
    add: (available goods1 market1) (money level8)
    del: (on-sale goods1 market1) (money level13)
Step 7 (on-sale goods0 market4) (on-sale goods0 market5) (on-sale goods1 market1) (on-sale goods2 market6) (at truck0 market4) (available goods0 market6) (available goods2 market3) (money level9)
size: 3
drive truck0 market4 depot0 level9 level4 level5 :: cost: 1
    add: (at truck0 depot0) (money level5)
    del: (at truck0 market4) (money level9)
buy truck0 goods0 market5 level9 level9 level0 :: cost: 1
    add: (available goods0 market5) (money level0)
    del: (on-sale goods0 market5) (money level9)
buy truck0 goods1 market1 level9 level5 level4 :: cost: 1
    add: (available goods1 market1) (money level4)
    del: (on-sale goods1 market1) (money level9)
Step 8 (on-sale goods0 market4) (on-sale goods1 market1) (on-sale goods2 market6) (at truck0 market4) (available goods0 market5) (available goods0 market6) (available goods2 market3) (money level0)
size: 0
