Domain: storage-propositional
Problem: storage-1
Require: ff
Type[11]:
    [0]: object, parent: -1
    [1]: hoist, parent: 0
    [2]: surface, parent: 0
    [3]: place, parent: 0
    [4]: area, parent: 0
    [5]: container, parent: 3
    [6]: depot, parent: 3
    [7]: storearea, parent: 4
    [8]: transitarea, parent: 4
    [9]: crate, parent: 2
    [10]: (either storearea crate), parent: -1
Obj-by-Type:
    [0]: 0 1 2 3 4 5 6
    [1]: 2
    [2]: 3
    [3]: 4 5
    [4]: 0 1 6
    [5]: 4
    [6]: 5
    [7]: 0 1
    [8]: 6
    [9]: 3
    [10]: 0 1 3
Obj[7]:
    [0]: depot0-1-1, type: 7, is-constant: 0, is-private: 0, owner: -1, is-agent: 0
    [1]: container-0-0, type: 7, is-constant: 0, is-private: 0, owner: -1, is-agent: 0
    [2]: hoist0, type: 1, is-constant: 0, is-private: 0, owner: -1, is-agent: 0
    [3]: crate0, type: 9, is-constant: 0, is-private: 0, owner: -1, is-agent: 0
    [4]: container0, type: 5, is-constant: 0, is-private: 0, owner: -1, is-agent: 0
    [5]: depot0, type: 6, is-constant: 0, is-private: 0, owner: -1, is-agent: 0
    [6]: loadarea, type: 8, is-constant: 0, is-private: 0, owner: -1, is-agent: 0
Predicate[9]:
    =: 0 0 :: is-private: 0, owner-param: -1, read: 0, write: 0
    clear: 7 :: is-private: 0, owner-param: -1, read: 1, write: 1
    in: 10 3 :: is-private: 0, owner-param: -1, read: 1, write: 1
    available: 1 :: is-private: 0, owner-param: -1, read: 1, write: 1
    lifting: 1 9 :: is-private: 0, owner-param: -1, read: 1, write: 1
    at: 1 4 :: is-private: 0, owner-param: -1, read: 1, write: 1
    on: 9 7 :: is-private: 0, owner-param: -1, read: 1, write: 1
    connected: 4 4 :: is-private: 0, owner-param: -1, read: 1, write: 0
    compatible: 9 9 :: is-private: 0, owner-param: -1, read: 0, write: 0
Function[0]:
Action[5]:
    lift: ?h:1 ?c:9 ?a1:7 ?a2:4 ?p:3
        pre: (and (R:connected ?a1 ?a2) (RW:at ?h ?a2) (RW:available ?h) (RW:on ?c ?a1) (RW:in ?a1 ?p))
        eff: (and (N:RW:on ?c ?a1) (RW:clear ?a1) (N:RW:available ?h) (RW:lifting ?h ?c) (N:RW:in ?c ?p))
    drop: ?h:1 ?c:9 ?a1:7 ?a2:4 ?p:3
        pre: (and (R:connected ?a1 ?a2) (RW:at ?h ?a2) (RW:lifting ?h ?c) (RW:clear ?a1) (RW:in ?a1 ?p))
        eff: (and (N:RW:lifting ?h ?c) (RW:available ?h) (N:RW:clear ?a1) (RW:on ?c ?a1) (RW:in ?c ?p))
    move: ?h:1 ?from:7 ?to:7
        pre: (and (RW:at ?h ?from) (RW:clear ?to) (R:connected ?from ?to))
        eff: (and (N:RW:at ?h ?from) (RW:at ?h ?to) (N:RW:clear ?to) (RW:clear ?from))
    go-out: ?h:1 ?from:7 ?to:8
        pre: (and (RW:at ?h ?from) (R:connected ?from ?to))
        eff: (and (N:RW:at ?h ?from) (RW:at ?h ?to) (RW:clear ?from))
    go-in: ?h:1 ?from:8 ?to:7
        pre: (and (RW:at ?h ?from) (R:connected ?from ?to) (RW:clear ?to))
        eff: (and (N:RW:at ?h ?from) (RW:at ?h ?to) (N:RW:clear ?to))
Init[10]:
  (in depot0-1-1 depot0)
  (on crate0 container-0-0)
  (in crate0 container0)
  (in container-0-0 container0)
  S:(connected loadarea container-0-0)
  S:(connected container-0-0 loadarea)
  S:(connected depot0-1-1 loadarea)
  S:(connected loadarea depot0-1-1)
  (at hoist0 depot0-1-1)
  (available hoist0)
Init[0]:
Goal: (and (RW:in crate0 depot0))
Metric: 0
