begin_version
3
end_version
begin_metric
1
end_metric
34
begin_variable
var0
-1
15
stacks-avail n0
stacks-avail n1
stacks-avail n10
stacks-avail n11
stacks-avail n12
stacks-avail n13
stacks-avail n14
stacks-avail n2
stacks-avail n3
stacks-avail n4
stacks-avail n5
stacks-avail n6
stacks-avail n7
stacks-avail n8
stacks-avail n9
end_variable
begin_variable
var1
-1
3
shipped o1
started o1
waiting o1
end_variable
begin_variable
var2
-1
3
shipped o10
started o10
waiting o10
end_variable
begin_variable
var3
-1
3
shipped o11
started o11
waiting o11
end_variable
begin_variable
var4
-1
3
shipped o12
started o12
waiting o12
end_variable
begin_variable
var5
-1
3
shipped o13
started o13
waiting o13
end_variable
begin_variable
var6
-1
3
shipped o14
started o14
waiting o14
end_variable
begin_variable
var7
-1
3
shipped o2
started o2
waiting o2
end_variable
begin_variable
var8
-1
3
shipped o3
started o3
waiting o3
end_variable
begin_variable
var9
-1
3
shipped o4
started o4
waiting o4
end_variable
begin_variable
var10
-1
3
shipped o5
started o5
waiting o5
end_variable
begin_variable
var11
-1
3
shipped o6
started o6
waiting o6
end_variable
begin_variable
var12
-1
3
shipped o7
started o7
waiting o7
end_variable
begin_variable
var13
-1
3
shipped o8
started o8
waiting o8
end_variable
begin_variable
var14
-1
3
shipped o9
started o9
waiting o9
end_variable
begin_variable
var15
-1
2
NOT-made p1
made p1
end_variable
begin_variable
var16
-1
2
NOT-made p10
made p10
end_variable
begin_variable
var17
-1
2
NOT-made p11
made p11
end_variable
begin_variable
var18
-1
2
NOT-made p12
made p12
end_variable
begin_variable
var19
-1
2
NOT-made p13
made p13
end_variable
begin_variable
var20
-1
2
NOT-made p14
made p14
end_variable
begin_variable
var21
-1
2
NOT-made p2
made p2
end_variable
begin_variable
var22
-1
2
NOT-made p3
made p3
end_variable
begin_variable
var23
-1
2
NOT-made p4
made p4
end_variable
begin_variable
var24
-1
2
NOT-made p5
made p5
end_variable
begin_variable
var25
-1
2
NOT-made p6
made p6
end_variable
begin_variable
var26
-1
2
NOT-made p7
made p7
end_variable
begin_variable
var27
-1
2
NOT-made p8
made p8
end_variable
begin_variable
var28
-1
2
NOT-made p9
made p9
end_variable
begin_variable
var29
-1
2
NOT-stacks-avail n0-shipped o1
stacks-avail n0-shipped o1
end_variable
begin_variable
var30
-1
2
NOT-stacks-avail n0-made p9
stacks-avail n0-made p9
end_variable
begin_variable
var31
-1
2
NOT-stacks-avail n0-shipped o1-made p9
stacks-avail n0-shipped o1-made p9
end_variable
begin_variable
var32
-1
2
NOT-stacks-avail n1-shipped o1
stacks-avail n1-shipped o1
end_variable
begin_variable
var33
-1
2
NOT-stacks-avail n0-stacks-avail n1-shipped o1-made p9
stacks-avail n0-stacks-avail n1-shipped o1-made p9
end_variable
0
begin_state
0
2
2
2
2
2
2
2
2
2
2
2
2
2
2
0
0
0
0
0
0
0
0
0
0
0
0
0
0
0
0
0
0
0
end_state
begin_goal
14
1 0
2 0
3 0
4 0
5 0
6 0
7 0
8 0
9 0
10 0
11 0
12 0
13 0
14 0
end_goal
698
begin_operator
make-product p1
1
6 1
1
0 15 0 1
0
end_operator
begin_operator
make-product p10
1
8 1
1
0 16 0 1
0
end_operator
begin_operator
make-product p11
2
2 1
12 1
1
0 17 0 1
0
end_operator
begin_operator
make-product p12
1
5 1
1
0 18 0 1
0
end_operator
begin_operator
make-product p13
1
5 1
1
0 19 0 1
0
end_operator
begin_operator
make-product p14
1
1 1
1
0 20 0 1
0
end_operator
begin_operator
make-product p2
1
13 1
1
0 21 0 1
0
end_operator
begin_operator
make-product p3
3
8 1
9 1
12 1
1
0 22 0 1
0
end_operator
begin_operator
make-product p4
1
4 1
1
0 23 0 1
0
end_operator
begin_operator
make-product p5
1
2 1
1
0 24 0 1
0
end_operator
begin_operator
make-product p6
3
4 1
7 1
12 1
1
0 25 0 1
0
end_operator
begin_operator
make-product p7
3
10 1
12 1
14 1
1
0 26 0 1
0
end_operator
begin_operator
make-product p8
2
3 1
5 1
1
0 27 0 1
0
end_operator
begin_operator
make-product p9
5
0 0
1 0
5 1
11 1
33 0
3
0 28 0 1
0 30 0 1
0 31 0 1
0
end_operator
begin_operator
make-product p9
6
0 0
1 1
5 1
11 1
31 0
33 0
2
0 28 0 1
0 30 0 1
0
end_operator
begin_operator
make-product p9
6
0 0
1 2
5 1
11 1
31 0
33 0
2
0 28 0 1
0 30 0 1
0
end_operator
begin_operator
make-product p9
7
0 1
1 0
5 1
11 1
30 0
31 0
33 0
1
0 28 0 1
0
end_operator
begin_operator
make-product p9
7
0 1
1 1
5 1
11 1
30 0
31 0
33 0
1
0 28 0 1
0
end_operator
begin_operator
make-product p9
7
0 1
1 2
5 1
11 1
30 0
31 0
33 0
1
0 28 0 1
0
end_operator
begin_operator
make-product p9
7
0 2
1 0
5 1
11 1
30 0
31 0
33 0
1
0 28 0 1
0
end_operator
begin_operator
make-product p9
7
0 2
1 1
5 1
11 1
30 0
31 0
33 0
1
0 28 0 1
0
end_operator
begin_operator
make-product p9
7
0 2
1 2
5 1
11 1
30 0
31 0
33 0
1
0 28 0 1
0
end_operator
begin_operator
make-product p9
7
0 3
1 0
5 1
11 1
30 0
31 0
33 0
1
0 28 0 1
0
end_operator
begin_operator
make-product p9
7
0 3
1 1
5 1
11 1
30 0
31 0
33 0
1
0 28 0 1
0
end_operator
begin_operator
make-product p9
7
0 3
1 2
5 1
11 1
30 0
31 0
33 0
1
0 28 0 1
0
end_operator
begin_operator
make-product p9
7
0 4
1 0
5 1
11 1
30 0
31 0
33 0
1
0 28 0 1
0
end_operator
begin_operator
make-product p9
7
0 4
1 1
5 1
11 1
30 0
31 0
33 0
1
0 28 0 1
0
end_operator
begin_operator
make-product p9
7
0 4
1 2
5 1
11 1
30 0
31 0
33 0
1
0 28 0 1
0
end_operator
begin_operator
make-product p9
7
0 5
1 0
5 1
11 1
30 0
31 0
33 0
1
0 28 0 1
0
end_operator
begin_operator
make-product p9
7
0 5
1 1
5 1
11 1
30 0
31 0
33 0
1
0 28 0 1
0
end_operator
begin_operator
make-product p9
7
0 5
1 2
5 1
11 1
30 0
31 0
33 0
1
0 28 0 1
0
end_operator
begin_operator
make-product p9
7
0 6
1 0
5 1
11 1
30 0
31 0
33 0
1
0 28 0 1
0
end_operator
begin_operator
make-product p9
7
0 6
1 1
5 1
11 1
30 0
31 0
33 0
1
0 28 0 1
0
end_operator
begin_operator
make-product p9
7
0 6
1 2
5 1
11 1
30 0
31 0
33 0
1
0 28 0 1
0
end_operator
begin_operator
make-product p9
7
0 7
1 0
5 1
11 1
30 0
31 0
33 0
1
0 28 0 1
0
end_operator
begin_operator
make-product p9
7
0 7
1 1
5 1
11 1
30 0
31 0
33 0
1
0 28 0 1
0
end_operator
begin_operator
make-product p9
7
0 7
1 2
5 1
11 1
30 0
31 0
33 0
1
0 28 0 1
0
end_operator
begin_operator
make-product p9
7
0 8
1 0
5 1
11 1
30 0
31 0
33 0
1
0 28 0 1
0
end_operator
begin_operator
make-product p9
7
0 8
1 1
5 1
11 1
30 0
31 0
33 0
1
0 28 0 1
0
end_operator
begin_operator
make-product p9
7
0 8
1 2
5 1
11 1
30 0
31 0
33 0
1
0 28 0 1
0
end_operator
begin_operator
make-product p9
7
0 9
1 0
5 1
11 1
30 0
31 0
33 0
1
0 28 0 1
0
end_operator
begin_operator
make-product p9
7
0 9
1 1
5 1
11 1
30 0
31 0
33 0
1
0 28 0 1
0
end_operator
begin_operator
make-product p9
7
0 9
1 2
5 1
11 1
30 0
31 0
33 0
1
0 28 0 1
0
end_operator
begin_operator
make-product p9
7
0 10
1 0
5 1
11 1
30 0
31 0
33 0
1
0 28 0 1
0
end_operator
begin_operator
make-product p9
7
0 10
1 1
5 1
11 1
30 0
31 0
33 0
1
0 28 0 1
0
end_operator
begin_operator
make-product p9
7
0 10
1 2
5 1
11 1
30 0
31 0
33 0
1
0 28 0 1
0
end_operator
begin_operator
make-product p9
7
0 11
1 0
5 1
11 1
30 0
31 0
33 0
1
0 28 0 1
0
end_operator
begin_operator
make-product p9
7
0 11
1 1
5 1
11 1
30 0
31 0
33 0
1
0 28 0 1
0
end_operator
begin_operator
make-product p9
7
0 11
1 2
5 1
11 1
30 0
31 0
33 0
1
0 28 0 1
0
end_operator
begin_operator
make-product p9
7
0 12
1 0
5 1
11 1
30 0
31 0
33 0
1
0 28 0 1
0
end_operator
begin_operator
make-product p9
7
0 12
1 1
5 1
11 1
30 0
31 0
33 0
1
0 28 0 1
0
end_operator
begin_operator
make-product p9
7
0 12
1 2
5 1
11 1
30 0
31 0
33 0
1
0 28 0 1
0
end_operator
begin_operator
make-product p9
7
0 13
1 0
5 1
11 1
30 0
31 0
33 0
1
0 28 0 1
0
end_operator
begin_operator
make-product p9
7
0 13
1 1
5 1
11 1
30 0
31 0
33 0
1
0 28 0 1
0
end_operator
begin_operator
make-product p9
7
0 13
1 2
5 1
11 1
30 0
31 0
33 0
1
0 28 0 1
0
end_operator
begin_operator
make-product p9
7
0 14
1 0
5 1
11 1
30 0
31 0
33 0
1
0 28 0 1
0
end_operator
begin_operator
make-product p9
7
0 14
1 1
5 1
11 1
30 0
31 0
33 0
1
0 28 0 1
0
end_operator
begin_operator
make-product p9
7
0 14
1 2
5 1
11 1
30 0
31 0
33 0
1
0 28 0 1
0
end_operator
begin_operator
open-new-stack n0 n1
7
1 1
28 0
29 0
30 0
31 0
32 0
33 0
1
0 0 0 1
1
end_operator
begin_operator
open-new-stack n0 n1
7
1 2
28 0
29 0
30 0
31 0
32 0
33 0
1
0 0 0 1
1
end_operator
begin_operator
open-new-stack n0 n1
6
1 1
28 1
29 0
31 0
32 0
33 0
2
0 0 0 1
0 30 1 0
1
end_operator
begin_operator
open-new-stack n0 n1
6
1 2
28 1
29 0
31 0
32 0
33 0
2
0 0 0 1
0 30 1 0
1
end_operator
begin_operator
open-new-stack n0 n1
5
1 0
28 0
30 0
31 0
33 0
3
0 0 0 1
0 29 1 0
0 32 0 1
1
end_operator
begin_operator
open-new-stack n1 n2
4
1 1
28 0
32 0
33 0
1
0 0 1 7
1
end_operator
begin_operator
open-new-stack n1 n2
4
1 1
28 1
32 0
33 0
1
0 0 1 7
1
end_operator
begin_operator
open-new-stack n1 n2
4
1 2
28 0
32 0
33 0
1
0 0 1 7
1
end_operator
begin_operator
open-new-stack n1 n2
4
1 2
28 1
32 0
33 0
1
0 0 1 7
1
end_operator
begin_operator
open-new-stack n1 n2
3
1 0
28 0
33 0
2
0 0 1 7
0 32 1 0
1
end_operator
begin_operator
open-new-stack n1 n2
3
1 0
28 1
33 0
2
0 0 1 7
0 32 1 0
1
end_operator
begin_operator
open-new-stack n10 n11
0
1
0 0 2 3
1
end_operator
begin_operator
open-new-stack n11 n12
0
1
0 0 3 4
1
end_operator
begin_operator
open-new-stack n12 n13
0
1
0 0 4 5
1
end_operator
begin_operator
open-new-stack n13 n14
0
1
0 0 5 6
1
end_operator
begin_operator
open-new-stack n2 n3
0
1
0 0 7 8
1
end_operator
begin_operator
open-new-stack n3 n4
0
1
0 0 8 9
1
end_operator
begin_operator
open-new-stack n4 n5
0
1
0 0 9 10
1
end_operator
begin_operator
open-new-stack n5 n6
0
1
0 0 10 11
1
end_operator
begin_operator
open-new-stack n6 n7
0
1
0 0 11 12
1
end_operator
begin_operator
open-new-stack n7 n8
0
1
0 0 12 13
1
end_operator
begin_operator
open-new-stack n8 n9
0
1
0 0 13 14
1
end_operator
begin_operator
open-new-stack n9 n10
0
1
0 0 14 2
1
end_operator
begin_operator
ship-order o1 n0 n1
4
20 1
28 0
30 0
33 0
3
0 0 0 1
0 1 1 0
0 32 0 1
0
end_operator
begin_operator
ship-order o1 n0 n1
3
20 1
28 1
33 0
4
0 0 0 1
0 1 1 0
0 30 1 0
0 32 0 1
0
end_operator
begin_operator
ship-order o1 n1 n2
1
20 1
2
0 0 1 7
0 1 1 0
0
end_operator
begin_operator
ship-order o1 n10 n11
1
20 1
2
0 0 2 3
0 1 1 0
0
end_operator
begin_operator
ship-order o1 n11 n12
1
20 1
2
0 0 3 4
0 1 1 0
0
end_operator
begin_operator
ship-order o1 n12 n13
1
20 1
2
0 0 4 5
0 1 1 0
0
end_operator
begin_operator
ship-order o1 n13 n14
1
20 1
2
0 0 5 6
0 1 1 0
0
end_operator
begin_operator
ship-order o1 n2 n3
1
20 1
2
0 0 7 8
0 1 1 0
0
end_operator
begin_operator
ship-order o1 n3 n4
1
20 1
2
0 0 8 9
0 1 1 0
0
end_operator
begin_operator
ship-order o1 n4 n5
1
20 1
2
0 0 9 10
0 1 1 0
0
end_operator
begin_operator
ship-order o1 n5 n6
1
20 1
2
0 0 10 11
0 1 1 0
0
end_operator
begin_operator
ship-order o1 n6 n7
1
20 1
2
0 0 11 12
0 1 1 0
0
end_operator
begin_operator
ship-order o1 n7 n8
1
20 1
2
0 0 12 13
0 1 1 0
0
end_operator
begin_operator
ship-order o1 n8 n9
1
20 1
2
0 0 13 14
0 1 1 0
0
end_operator
begin_operator
ship-order o1 n9 n10
1
20 1
2
0 0 14 2
0 1 1 0
0
end_operator
begin_operator
ship-order o10 n0 n1
9
1 1
17 1
24 1
28 0
29 0
30 0
31 0
32 0
33 0
2
0 0 0 1
0 2 1 0
0
end_operator
begin_operator
ship-order o10 n0 n1
9
1 2
17 1
24 1
28 0
29 0
30 0
31 0
32 0
33 0
2
0 0 0 1
0 2 1 0
0
end_operator
begin_operator
ship-order o10 n0 n1
8
1 1
17 1
24 1
28 1
29 0
31 0
32 0
33 0
3
0 0 0 1
0 2 1 0
0 30 1 0
0
end_operator
begin_operator
ship-order o10 n0 n1
8
1 2
17 1
24 1
28 1
29 0
31 0
32 0
33 0
3
0 0 0 1
0 2 1 0
0 30 1 0
0
end_operator
begin_operator
ship-order o10 n0 n1
7
1 0
17 1
24 1
28 0
30 0
31 0
33 0
4
0 0 0 1
0 2 1 0
0 29 1 0
0 32 0 1
0
end_operator
begin_operator
ship-order o10 n1 n2
6
1 1
17 1
24 1
28 0
32 0
33 0
2
0 0 1 7
0 2 1 0
0
end_operator
begin_operator
ship-order o10 n1 n2
6
1 1
17 1
24 1
28 1
32 0
33 0
2
0 0 1 7
0 2 1 0
0
end_operator
begin_operator
ship-order o10 n1 n2
6
1 2
17 1
24 1
28 0
32 0
33 0
2
0 0 1 7
0 2 1 0
0
end_operator
begin_operator
ship-order o10 n1 n2
6
1 2
17 1
24 1
28 1
32 0
33 0
2
0 0 1 7
0 2 1 0
0
end_operator
begin_operator
ship-order o10 n1 n2
5
1 0
17 1
24 1
28 0
33 0
3
0 0 1 7
0 2 1 0
0 32 1 0
0
end_operator
begin_operator
ship-order o10 n1 n2
5
1 0
17 1
24 1
28 1
33 0
3
0 0 1 7
0 2 1 0
0 32 1 0
0
end_operator
begin_operator
ship-order o10 n10 n11
2
17 1
24 1
2
0 0 2 3
0 2 1 0
0
end_operator
begin_operator
ship-order o10 n11 n12
2
17 1
24 1
2
0 0 3 4
0 2 1 0
0
end_operator
begin_operator
ship-order o10 n12 n13
2
17 1
24 1
2
0 0 4 5
0 2 1 0
0
end_operator
begin_operator
ship-order o10 n13 n14
2
17 1
24 1
2
0 0 5 6
0 2 1 0
0
end_operator
begin_operator
ship-order o10 n2 n3
2
17 1
24 1
2
0 0 7 8
0 2 1 0
0
end_operator
begin_operator
ship-order o10 n3 n4
2
17 1
24 1
2
0 0 8 9
0 2 1 0
0
end_operator
begin_operator
ship-order o10 n4 n5
2
17 1
24 1
2
0 0 9 10
0 2 1 0
0
end_operator
begin_operator
ship-order o10 n5 n6
2
17 1
24 1
2
0 0 10 11
0 2 1 0
0
end_operator
begin_operator
ship-order o10 n6 n7
2
17 1
24 1
2
0 0 11 12
0 2 1 0
0
end_operator
begin_operator
ship-order o10 n7 n8
2
17 1
24 1
2
0 0 12 13
0 2 1 0
0
end_operator
begin_operator
ship-order o10 n8 n9
2
17 1
24 1
2
0 0 13 14
0 2 1 0
0
end_operator
begin_operator
ship-order o10 n9 n10
2
17 1
24 1
2
0 0 14 2
0 2 1 0
0
end_operator
begin_operator
ship-order o11 n0 n1
8
1 1
27 1
28 0
29 0
30 0
31 0
32 0
33 0
2
0 0 0 1
0 3 1 0
0
end_operator
begin_operator
ship-order o11 n0 n1
8
1 2
27 1
28 0
29 0
30 0
31 0
32 0
33 0
2
0 0 0 1
0 3 1 0
0
end_operator
begin_operator
ship-order o11 n0 n1
7
1 1
27 1
28 1
29 0
31 0
32 0
33 0
3
0 0 0 1
0 3 1 0
0 30 1 0
0
end_operator
begin_operator
ship-order o11 n0 n1
7
1 2
27 1
28 1
29 0
31 0
32 0
33 0
3
0 0 0 1
0 3 1 0
0 30 1 0
0
end_operator
begin_operator
ship-order o11 n0 n1
6
1 0
27 1
28 0
30 0
31 0
33 0
4
0 0 0 1
0 3 1 0
0 29 1 0
0 32 0 1
0
end_operator
begin_operator
ship-order o11 n1 n2
5
1 1
27 1
28 0
32 0
33 0
2
0 0 1 7
0 3 1 0
0
end_operator
begin_operator
ship-order o11 n1 n2
5
1 1
27 1
28 1
32 0
33 0
2
0 0 1 7
0 3 1 0
0
end_operator
begin_operator
ship-order o11 n1 n2
5
1 2
27 1
28 0
32 0
33 0
2
0 0 1 7
0 3 1 0
0
end_operator
begin_operator
ship-order o11 n1 n2
5
1 2
27 1
28 1
32 0
33 0
2
0 0 1 7
0 3 1 0
0
end_operator
begin_operator
ship-order o11 n1 n2
4
1 0
27 1
28 0
33 0
3
0 0 1 7
0 3 1 0
0 32 1 0
0
end_operator
begin_operator
ship-order o11 n1 n2
4
1 0
27 1
28 1
33 0
3
0 0 1 7
0 3 1 0
0 32 1 0
0
end_operator
begin_operator
ship-order o11 n10 n11
1
27 1
2
0 0 2 3
0 3 1 0
0
end_operator
begin_operator
ship-order o11 n11 n12
1
27 1
2
0 0 3 4
0 3 1 0
0
end_operator
begin_operator
ship-order o11 n12 n13
1
27 1
2
0 0 4 5
0 3 1 0
0
end_operator
begin_operator
ship-order o11 n13 n14
1
27 1
2
0 0 5 6
0 3 1 0
0
end_operator
begin_operator
ship-order o11 n2 n3
1
27 1
2
0 0 7 8
0 3 1 0
0
end_operator
begin_operator
ship-order o11 n3 n4
1
27 1
2
0 0 8 9
0 3 1 0
0
end_operator
begin_operator
ship-order o11 n4 n5
1
27 1
2
0 0 9 10
0 3 1 0
0
end_operator
begin_operator
ship-order o11 n5 n6
1
27 1
2
0 0 10 11
0 3 1 0
0
end_operator
begin_operator
ship-order o11 n6 n7
1
27 1
2
0 0 11 12
0 3 1 0
0
end_operator
begin_operator
ship-order o11 n7 n8
1
27 1
2
0 0 12 13
0 3 1 0
0
end_operator
begin_operator
ship-order o11 n8 n9
1
27 1
2
0 0 13 14
0 3 1 0
0
end_operator
begin_operator
ship-order o11 n9 n10
1
27 1
2
0 0 14 2
0 3 1 0
0
end_operator
begin_operator
ship-order o12 n0 n1
9
1 1
23 1
25 1
28 0
29 0
30 0
31 0
32 0
33 0
2
0 0 0 1
0 4 1 0
0
end_operator
begin_operator
ship-order o12 n0 n1
9
1 2
23 1
25 1
28 0
29 0
30 0
31 0
32 0
33 0
2
0 0 0 1
0 4 1 0
0
end_operator
begin_operator
ship-order o12 n0 n1
8
1 1
23 1
25 1
28 1
29 0
31 0
32 0
33 0
3
0 0 0 1
0 4 1 0
0 30 1 0
0
end_operator
begin_operator
ship-order o12 n0 n1
8
1 2
23 1
25 1
28 1
29 0
31 0
32 0
33 0
3
0 0 0 1
0 4 1 0
0 30 1 0
0
end_operator
begin_operator
ship-order o12 n0 n1
7
1 0
23 1
25 1
28 0
30 0
31 0
33 0
4
0 0 0 1
0 4 1 0
0 29 1 0
0 32 0 1
0
end_operator
begin_operator
ship-order o12 n1 n2
6
1 1
23 1
25 1
28 0
32 0
33 0
2
0 0 1 7
0 4 1 0
0
end_operator
begin_operator
ship-order o12 n1 n2
6
1 1
23 1
25 1
28 1
32 0
33 0
2
0 0 1 7
0 4 1 0
0
end_operator
begin_operator
ship-order o12 n1 n2
6
1 2
23 1
25 1
28 0
32 0
33 0
2
0 0 1 7
0 4 1 0
0
end_operator
begin_operator
ship-order o12 n1 n2
6
1 2
23 1
25 1
28 1
32 0
33 0
2
0 0 1 7
0 4 1 0
0
end_operator
begin_operator
ship-order o12 n1 n2
5
1 0
23 1
25 1
28 0
33 0
3
0 0 1 7
0 4 1 0
0 32 1 0
0
end_operator
begin_operator
ship-order o12 n1 n2
5
1 0
23 1
25 1
28 1
33 0
3
0 0 1 7
0 4 1 0
0 32 1 0
0
end_operator
begin_operator
ship-order o12 n10 n11
2
23 1
25 1
2
0 0 2 3
0 4 1 0
0
end_operator
begin_operator
ship-order o12 n11 n12
2
23 1
25 1
2
0 0 3 4
0 4 1 0
0
end_operator
begin_operator
ship-order o12 n12 n13
2
23 1
25 1
2
0 0 4 5
0 4 1 0
0
end_operator
begin_operator
ship-order o12 n13 n14
2
23 1
25 1
2
0 0 5 6
0 4 1 0
0
end_operator
begin_operator
ship-order o12 n2 n3
2
23 1
25 1
2
0 0 7 8
0 4 1 0
0
end_operator
begin_operator
ship-order o12 n3 n4
2
23 1
25 1
2
0 0 8 9
0 4 1 0
0
end_operator
begin_operator
ship-order o12 n4 n5
2
23 1
25 1
2
0 0 9 10
0 4 1 0
0
end_operator
begin_operator
ship-order o12 n5 n6
2
23 1
25 1
2
0 0 10 11
0 4 1 0
0
end_operator
begin_operator
ship-order o12 n6 n7
2
23 1
25 1
2
0 0 11 12
0 4 1 0
0
end_operator
begin_operator
ship-order o12 n7 n8
2
23 1
25 1
2
0 0 12 13
0 4 1 0
0
end_operator
begin_operator
ship-order o12 n8 n9
2
23 1
25 1
2
0 0 13 14
0 4 1 0
0
end_operator
begin_operator
ship-order o12 n9 n10
2
23 1
25 1
2
0 0 14 2
0 4 1 0
0
end_operator
begin_operator
ship-order o13 n0 n1
9
1 1
18 1
19 1
27 1
28 1
29 0
31 0
32 0
33 0
3
0 0 0 1
0 5 1 0
0 30 1 0
0
end_operator
begin_operator
ship-order o13 n0 n1
9
1 2
18 1
19 1
27 1
28 1
29 0
31 0
32 0
33 0
3
0 0 0 1
0 5 1 0
0 30 1 0
0
end_operator
begin_operator
ship-order o13 n1 n2
7
1 1
18 1
19 1
27 1
28 1
32 0
33 0
2
0 0 1 7
0 5 1 0
0
end_operator
begin_operator
ship-order o13 n1 n2
7
1 2
18 1
19 1
27 1
28 1
32 0
33 0
2
0 0 1 7
0 5 1 0
0
end_operator
begin_operator
ship-order o13 n1 n2
6
1 0
18 1
19 1
27 1
28 1
33 0
3
0 0 1 7
0 5 1 0
0 32 1 0
0
end_operator
begin_operator
ship-order o13 n10 n11
4
18 1
19 1
27 1
28 1
2
0 0 2 3
0 5 1 0
0
end_operator
begin_operator
ship-order o13 n11 n12
4
18 1
19 1
27 1
28 1
2
0 0 3 4
0 5 1 0
0
end_operator
begin_operator
ship-order o13 n12 n13
4
18 1
19 1
27 1
28 1
2
0 0 4 5
0 5 1 0
0
end_operator
begin_operator
ship-order o13 n13 n14
4
18 1
19 1
27 1
28 1
2
0 0 5 6
0 5 1 0
0
end_operator
begin_operator
ship-order o13 n2 n3
4
18 1
19 1
27 1
28 1
2
0 0 7 8
0 5 1 0
0
end_operator
begin_operator
ship-order o13 n3 n4
4
18 1
19 1
27 1
28 1
2
0 0 8 9
0 5 1 0
0
end_operator
begin_operator
ship-order o13 n4 n5
4
18 1
19 1
27 1
28 1
2
0 0 9 10
0 5 1 0
0
end_operator
begin_operator
ship-order o13 n5 n6
4
18 1
19 1
27 1
28 1
2
0 0 10 11
0 5 1 0
0
end_operator
begin_operator
ship-order o13 n6 n7
4
18 1
19 1
27 1
28 1
2
0 0 11 12
0 5 1 0
0
end_operator
begin_operator
ship-order o13 n7 n8
4
18 1
19 1
27 1
28 1
2
0 0 12 13
0 5 1 0
0
end_operator
begin_operator
ship-order o13 n8 n9
4
18 1
19 1
27 1
28 1
2
0 0 13 14
0 5 1 0
0
end_operator
begin_operator
ship-order o13 n9 n10
4
18 1
19 1
27 1
28 1
2
0 0 14 2
0 5 1 0
0
end_operator
begin_operator
ship-order o14 n0 n1
8
1 1
15 1
28 0
29 0
30 0
31 0
32 0
33 0
2
0 0 0 1
0 6 1 0
0
end_operator
begin_operator
ship-order o14 n0 n1
8
1 2
15 1
28 0
29 0
30 0
31 0
32 0
33 0
2
0 0 0 1
0 6 1 0
0
end_operator
begin_operator
ship-order o14 n0 n1
7
1 1
15 1
28 1
29 0
31 0
32 0
33 0
3
0 0 0 1
0 6 1 0
0 30 1 0
0
end_operator
begin_operator
ship-order o14 n0 n1
7
1 2
15 1
28 1
29 0
31 0
32 0
33 0
3
0 0 0 1
0 6 1 0
0 30 1 0
0
end_operator
begin_operator
ship-order o14 n0 n1
6
1 0
15 1
28 0
30 0
31 0
33 0
4
0 0 0 1
0 6 1 0
0 29 1 0
0 32 0 1
0
end_operator
begin_operator
ship-order o14 n1 n2
5
1 1
15 1
28 0
32 0
33 0
2
0 0 1 7
0 6 1 0
0
end_operator
begin_operator
ship-order o14 n1 n2
5
1 1
15 1
28 1
32 0
33 0
2
0 0 1 7
0 6 1 0
0
end_operator
begin_operator
ship-order o14 n1 n2
5
1 2
15 1
28 0
32 0
33 0
2
0 0 1 7
0 6 1 0
0
end_operator
begin_operator
ship-order o14 n1 n2
5
1 2
15 1
28 1
32 0
33 0
2
0 0 1 7
0 6 1 0
0
end_operator
begin_operator
ship-order o14 n1 n2
4
1 0
15 1
28 0
33 0
3
0 0 1 7
0 6 1 0
0 32 1 0
0
end_operator
begin_operator
ship-order o14 n1 n2
4
1 0
15 1
28 1
33 0
3
0 0 1 7
0 6 1 0
0 32 1 0
0
end_operator
begin_operator
ship-order o14 n10 n11
1
15 1
2
0 0 2 3
0 6 1 0
0
end_operator
begin_operator
ship-order o14 n11 n12
1
15 1
2
0 0 3 4
0 6 1 0
0
end_operator
begin_operator
ship-order o14 n12 n13
1
15 1
2
0 0 4 5
0 6 1 0
0
end_operator
begin_operator
ship-order o14 n13 n14
1
15 1
2
0 0 5 6
0 6 1 0
0
end_operator
begin_operator
ship-order o14 n2 n3
1
15 1
2
0 0 7 8
0 6 1 0
0
end_operator
begin_operator
ship-order o14 n3 n4
1
15 1
2
0 0 8 9
0 6 1 0
0
end_operator
begin_operator
ship-order o14 n4 n5
1
15 1
2
0 0 9 10
0 6 1 0
0
end_operator
begin_operator
ship-order o14 n5 n6
1
15 1
2
0 0 10 11
0 6 1 0
0
end_operator
begin_operator
ship-order o14 n6 n7
1
15 1
2
0 0 11 12
0 6 1 0
0
end_operator
begin_operator
ship-order o14 n7 n8
1
15 1
2
0 0 12 13
0 6 1 0
0
end_operator
begin_operator
ship-order o14 n8 n9
1
15 1
2
0 0 13 14
0 6 1 0
0
end_operator
begin_operator
ship-order o14 n9 n10
1
15 1
2
0 0 14 2
0 6 1 0
0
end_operator
begin_operator
ship-order o2 n0 n1
8
1 1
25 1
28 0
29 0
30 0
31 0
32 0
33 0
2
0 0 0 1
0 7 1 0
0
end_operator
begin_operator
ship-order o2 n0 n1
8
1 2
25 1
28 0
29 0
30 0
31 0
32 0
33 0
2
0 0 0 1
0 7 1 0
0
end_operator
begin_operator
ship-order o2 n0 n1
7
1 1
25 1
28 1
29 0
31 0
32 0
33 0
3
0 0 0 1
0 7 1 0
0 30 1 0
0
end_operator
begin_operator
ship-order o2 n0 n1
7
1 2
25 1
28 1
29 0
31 0
32 0
33 0
3
0 0 0 1
0 7 1 0
0 30 1 0
0
end_operator
begin_operator
ship-order o2 n0 n1
6
1 0
25 1
28 0
30 0
31 0
33 0
4
0 0 0 1
0 7 1 0
0 29 1 0
0 32 0 1
0
end_operator
begin_operator
ship-order o2 n1 n2
5
1 1
25 1
28 0
32 0
33 0
2
0 0 1 7
0 7 1 0
0
end_operator
begin_operator
ship-order o2 n1 n2
5
1 1
25 1
28 1
32 0
33 0
2
0 0 1 7
0 7 1 0
0
end_operator
begin_operator
ship-order o2 n1 n2
5
1 2
25 1
28 0
32 0
33 0
2
0 0 1 7
0 7 1 0
0
end_operator
begin_operator
ship-order o2 n1 n2
5
1 2
25 1
28 1
32 0
33 0
2
0 0 1 7
0 7 1 0
0
end_operator
begin_operator
ship-order o2 n1 n2
4
1 0
25 1
28 0
33 0
3
0 0 1 7
0 7 1 0
0 32 1 0
0
end_operator
begin_operator
ship-order o2 n1 n2
4
1 0
25 1
28 1
33 0
3
0 0 1 7
0 7 1 0
0 32 1 0
0
end_operator
begin_operator
ship-order o2 n10 n11
1
25 1
2
0 0 2 3
0 7 1 0
0
end_operator
begin_operator
ship-order o2 n11 n12
1
25 1
2
0 0 3 4
0 7 1 0
0
end_operator
begin_operator
ship-order o2 n12 n13
1
25 1
2
0 0 4 5
0 7 1 0
0
end_operator
begin_operator
ship-order o2 n13 n14
1
25 1
2
0 0 5 6
0 7 1 0
0
end_operator
begin_operator
ship-order o2 n2 n3
1
25 1
2
0 0 7 8
0 7 1 0
0
end_operator
begin_operator
ship-order o2 n3 n4
1
25 1
2
0 0 8 9
0 7 1 0
0
end_operator
begin_operator
ship-order o2 n4 n5
1
25 1
2
0 0 9 10
0 7 1 0
0
end_operator
begin_operator
ship-order o2 n5 n6
1
25 1
2
0 0 10 11
0 7 1 0
0
end_operator
begin_operator
ship-order o2 n6 n7
1
25 1
2
0 0 11 12
0 7 1 0
0
end_operator
begin_operator
ship-order o2 n7 n8
1
25 1
2
0 0 12 13
0 7 1 0
0
end_operator
begin_operator
ship-order o2 n8 n9
1
25 1
2
0 0 13 14
0 7 1 0
0
end_operator
begin_operator
ship-order o2 n9 n10
1
25 1
2
0 0 14 2
0 7 1 0
0
end_operator
begin_operator
ship-order o3 n0 n1
9
1 1
16 1
22 1
28 0
29 0
30 0
31 0
32 0
33 0
2
0 0 0 1
0 8 1 0
0
end_operator
begin_operator
ship-order o3 n0 n1
9
1 2
16 1
22 1
28 0
29 0
30 0
31 0
32 0
33 0
2
0 0 0 1
0 8 1 0
0
end_operator
begin_operator
ship-order o3 n0 n1
8
1 1
16 1
22 1
28 1
29 0
31 0
32 0
33 0
3
0 0 0 1
0 8 1 0
0 30 1 0
0
end_operator
begin_operator
ship-order o3 n0 n1
8
1 2
16 1
22 1
28 1
29 0
31 0
32 0
33 0
3
0 0 0 1
0 8 1 0
0 30 1 0
0
end_operator
begin_operator
ship-order o3 n0 n1
7
1 0
16 1
22 1
28 0
30 0
31 0
33 0
4
0 0 0 1
0 8 1 0
0 29 1 0
0 32 0 1
0
end_operator
begin_operator
ship-order o3 n1 n2
6
1 1
16 1
22 1
28 0
32 0
33 0
2
0 0 1 7
0 8 1 0
0
end_operator
begin_operator
ship-order o3 n1 n2
6
1 1
16 1
22 1
28 1
32 0
33 0
2
0 0 1 7
0 8 1 0
0
end_operator
begin_operator
ship-order o3 n1 n2
6
1 2
16 1
22 1
28 0
32 0
33 0
2
0 0 1 7
0 8 1 0
0
end_operator
begin_operator
ship-order o3 n1 n2
6
1 2
16 1
22 1
28 1
32 0
33 0
2
0 0 1 7
0 8 1 0
0
end_operator
begin_operator
ship-order o3 n1 n2
5
1 0
16 1
22 1
28 0
33 0
3
0 0 1 7
0 8 1 0
0 32 1 0
0
end_operator
begin_operator
ship-order o3 n1 n2
5
1 0
16 1
22 1
28 1
33 0
3
0 0 1 7
0 8 1 0
0 32 1 0
0
end_operator
begin_operator
ship-order o3 n10 n11
2
16 1
22 1
2
0 0 2 3
0 8 1 0
0
end_operator
begin_operator
ship-order o3 n11 n12
2
16 1
22 1
2
0 0 3 4
0 8 1 0
0
end_operator
begin_operator
ship-order o3 n12 n13
2
16 1
22 1
2
0 0 4 5
0 8 1 0
0
end_operator
begin_operator
ship-order o3 n13 n14
2
16 1
22 1
2
0 0 5 6
0 8 1 0
0
end_operator
begin_operator
ship-order o3 n2 n3
2
16 1
22 1
2
0 0 7 8
0 8 1 0
0
end_operator
begin_operator
ship-order o3 n3 n4
2
16 1
22 1
2
0 0 8 9
0 8 1 0
0
end_operator
begin_operator
ship-order o3 n4 n5
2
16 1
22 1
2
0 0 9 10
0 8 1 0
0
end_operator
begin_operator
ship-order o3 n5 n6
2
16 1
22 1
2
0 0 10 11
0 8 1 0
0
end_operator
begin_operator
ship-order o3 n6 n7
2
16 1
22 1
2
0 0 11 12
0 8 1 0
0
end_operator
begin_operator
ship-order o3 n7 n8
2
16 1
22 1
2
0 0 12 13
0 8 1 0
0
end_operator
begin_operator
ship-order o3 n8 n9
2
16 1
22 1
2
0 0 13 14
0 8 1 0
0
end_operator
begin_operator
ship-order o3 n9 n10
2
16 1
22 1
2
0 0 14 2
0 8 1 0
0
end_operator
begin_operator
ship-order o4 n0 n1
8
1 1
22 1
28 0
29 0
30 0
31 0
32 0
33 0
2
0 0 0 1
0 9 1 0
0
end_operator
begin_operator
ship-order o4 n0 n1
8
1 2
22 1
28 0
29 0
30 0
31 0
32 0
33 0
2
0 0 0 1
0 9 1 0
0
end_operator
begin_operator
ship-order o4 n0 n1
7
1 1
22 1
28 1
29 0
31 0
32 0
33 0
3
0 0 0 1
0 9 1 0
0 30 1 0
0
end_operator
begin_operator
ship-order o4 n0 n1
7
1 2
22 1
28 1
29 0
31 0
32 0
33 0
3
0 0 0 1
0 9 1 0
0 30 1 0
0
end_operator
begin_operator
ship-order o4 n0 n1
6
1 0
22 1
28 0
30 0
31 0
33 0
4
0 0 0 1
0 9 1 0
0 29 1 0
0 32 0 1
0
end_operator
begin_operator
ship-order o4 n1 n2
5
1 1
22 1
28 0
32 0
33 0
2
0 0 1 7
0 9 1 0
0
end_operator
begin_operator
ship-order o4 n1 n2
5
1 1
22 1
28 1
32 0
33 0
2
0 0 1 7
0 9 1 0
0
end_operator
begin_operator
ship-order o4 n1 n2
5
1 2
22 1
28 0
32 0
33 0
2
0 0 1 7
0 9 1 0
0
end_operator
begin_operator
ship-order o4 n1 n2
5
1 2
22 1
28 1
32 0
33 0
2
0 0 1 7
0 9 1 0
0
end_operator
begin_operator
ship-order o4 n1 n2
4
1 0
22 1
28 0
33 0
3
0 0 1 7
0 9 1 0
0 32 1 0
0
end_operator
begin_operator
ship-order o4 n1 n2
4
1 0
22 1
28 1
33 0
3
0 0 1 7
0 9 1 0
0 32 1 0
0
end_operator
begin_operator
ship-order o4 n10 n11
1
22 1
2
0 0 2 3
0 9 1 0
0
end_operator
begin_operator
ship-order o4 n11 n12
1
22 1
2
0 0 3 4
0 9 1 0
0
end_operator
begin_operator
ship-order o4 n12 n13
1
22 1
2
0 0 4 5
0 9 1 0
0
end_operator
begin_operator
ship-order o4 n13 n14
1
22 1
2
0 0 5 6
0 9 1 0
0
end_operator
begin_operator
ship-order o4 n2 n3
1
22 1
2
0 0 7 8
0 9 1 0
0
end_operator
begin_operator
ship-order o4 n3 n4
1
22 1
2
0 0 8 9
0 9 1 0
0
end_operator
begin_operator
ship-order o4 n4 n5
1
22 1
2
0 0 9 10
0 9 1 0
0
end_operator
begin_operator
ship-order o4 n5 n6
1
22 1
2
0 0 10 11
0 9 1 0
0
end_operator
begin_operator
ship-order o4 n6 n7
1
22 1
2
0 0 11 12
0 9 1 0
0
end_operator
begin_operator
ship-order o4 n7 n8
1
22 1
2
0 0 12 13
0 9 1 0
0
end_operator
begin_operator
ship-order o4 n8 n9
1
22 1
2
0 0 13 14
0 9 1 0
0
end_operator
begin_operator
ship-order o4 n9 n10
1
22 1
2
0 0 14 2
0 9 1 0
0
end_operator
begin_operator
ship-order o5 n0 n1
8
1 1
26 1
28 0
29 0
30 0
31 0
32 0
33 0
2
0 0 0 1
0 10 1 0
0
end_operator
begin_operator
ship-order o5 n0 n1
8
1 2
26 1
28 0
29 0
30 0
31 0
32 0
33 0
2
0 0 0 1
0 10 1 0
0
end_operator
begin_operator
ship-order o5 n0 n1
7
1 1
26 1
28 1
29 0
31 0
32 0
33 0
3
0 0 0 1
0 10 1 0
0 30 1 0
0
end_operator
begin_operator
ship-order o5 n0 n1
7
1 2
26 1
28 1
29 0
31 0
32 0
33 0
3
0 0 0 1
0 10 1 0
0 30 1 0
0
end_operator
begin_operator
ship-order o5 n0 n1
6
1 0
26 1
28 0
30 0
31 0
33 0
4
0 0 0 1
0 10 1 0
0 29 1 0
0 32 0 1
0
end_operator
begin_operator
ship-order o5 n1 n2
5
1 1
26 1
28 0
32 0
33 0
2
0 0 1 7
0 10 1 0
0
end_operator
begin_operator
ship-order o5 n1 n2
5
1 1
26 1
28 1
32 0
33 0
2
0 0 1 7
0 10 1 0
0
end_operator
begin_operator
ship-order o5 n1 n2
5
1 2
26 1
28 0
32 0
33 0
2
0 0 1 7
0 10 1 0
0
end_operator
begin_operator
ship-order o5 n1 n2
5
1 2
26 1
28 1
32 0
33 0
2
0 0 1 7
0 10 1 0
0
end_operator
begin_operator
ship-order o5 n1 n2
4
1 0
26 1
28 0
33 0
3
0 0 1 7
0 10 1 0
0 32 1 0
0
end_operator
begin_operator
ship-order o5 n1 n2
4
1 0
26 1
28 1
33 0
3
0 0 1 7
0 10 1 0
0 32 1 0
0
end_operator
begin_operator
ship-order o5 n10 n11
1
26 1
2
0 0 2 3
0 10 1 0
0
end_operator
begin_operator
ship-order o5 n11 n12
1
26 1
2
0 0 3 4
0 10 1 0
0
end_operator
begin_operator
ship-order o5 n12 n13
1
26 1
2
0 0 4 5
0 10 1 0
0
end_operator
begin_operator
ship-order o5 n13 n14
1
26 1
2
0 0 5 6
0 10 1 0
0
end_operator
begin_operator
ship-order o5 n2 n3
1
26 1
2
0 0 7 8
0 10 1 0
0
end_operator
begin_operator
ship-order o5 n3 n4
1
26 1
2
0 0 8 9
0 10 1 0
0
end_operator
begin_operator
ship-order o5 n4 n5
1
26 1
2
0 0 9 10
0 10 1 0
0
end_operator
begin_operator
ship-order o5 n5 n6
1
26 1
2
0 0 10 11
0 10 1 0
0
end_operator
begin_operator
ship-order o5 n6 n7
1
26 1
2
0 0 11 12
0 10 1 0
0
end_operator
begin_operator
ship-order o5 n7 n8
1
26 1
2
0 0 12 13
0 10 1 0
0
end_operator
begin_operator
ship-order o5 n8 n9
1
26 1
2
0 0 13 14
0 10 1 0
0
end_operator
begin_operator
ship-order o5 n9 n10
1
26 1
2
0 0 14 2
0 10 1 0
0
end_operator
begin_operator
ship-order o6 n0 n1
6
1 1
28 1
29 0
31 0
32 0
33 0
3
0 0 0 1
0 11 1 0
0 30 1 0
0
end_operator
begin_operator
ship-order o6 n0 n1
6
1 2
28 1
29 0
31 0
32 0
33 0
3
0 0 0 1
0 11 1 0
0 30 1 0
0
end_operator
begin_operator
ship-order o6 n1 n2
4
1 1
28 1
32 0
33 0
2
0 0 1 7
0 11 1 0
0
end_operator
begin_operator
ship-order o6 n1 n2
4
1 2
28 1
32 0
33 0
2
0 0 1 7
0 11 1 0
0
end_operator
begin_operator
ship-order o6 n1 n2
3
1 0
28 1
33 0
3
0 0 1 7
0 11 1 0
0 32 1 0
0
end_operator
begin_operator
ship-order o6 n10 n11
1
28 1
2
0 0 2 3
0 11 1 0
0
end_operator
begin_operator
ship-order o6 n11 n12
1
28 1
2
0 0 3 4
0 11 1 0
0
end_operator
begin_operator
ship-order o6 n12 n13
1
28 1
2
0 0 4 5
0 11 1 0
0
end_operator
begin_operator
ship-order o6 n13 n14
1
28 1
2
0 0 5 6
0 11 1 0
0
end_operator
begin_operator
ship-order o6 n2 n3
1
28 1
2
0 0 7 8
0 11 1 0
0
end_operator
begin_operator
ship-order o6 n3 n4
1
28 1
2
0 0 8 9
0 11 1 0
0
end_operator
begin_operator
ship-order o6 n4 n5
1
28 1
2
0 0 9 10
0 11 1 0
0
end_operator
begin_operator
ship-order o6 n5 n6
1
28 1
2
0 0 10 11
0 11 1 0
0
end_operator
begin_operator
ship-order o6 n6 n7
1
28 1
2
0 0 11 12
0 11 1 0
0
end_operator
begin_operator
ship-order o6 n7 n8
1
28 1
2
0 0 12 13
0 11 1 0
0
end_operator
begin_operator
ship-order o6 n8 n9
1
28 1
2
0 0 13 14
0 11 1 0
0
end_operator
begin_operator
ship-order o6 n9 n10
1
28 1
2
0 0 14 2
0 11 1 0
0
end_operator
begin_operator
ship-order o7 n0 n1
11
1 1
17 1
22 1
25 1
26 1
28 0
29 0
30 0
31 0
32 0
33 0
2
0 0 0 1
0 12 1 0
0
end_operator
begin_operator
ship-order o7 n0 n1
11
1 2
17 1
22 1
25 1
26 1
28 0
29 0
30 0
31 0
32 0
33 0
2
0 0 0 1
0 12 1 0
0
end_operator
begin_operator
ship-order o7 n0 n1
10
1 1
17 1
22 1
25 1
26 1
28 1
29 0
31 0
32 0
33 0
3
0 0 0 1
0 12 1 0
0 30 1 0
0
end_operator
begin_operator
ship-order o7 n0 n1
10
1 2
17 1
22 1
25 1
26 1
28 1
29 0
31 0
32 0
33 0
3
0 0 0 1
0 12 1 0
0 30 1 0
0
end_operator
begin_operator
ship-order o7 n0 n1
9
1 0
17 1
22 1
25 1
26 1
28 0
30 0
31 0
33 0
4
0 0 0 1
0 12 1 0
0 29 1 0
0 32 0 1
0
end_operator
begin_operator
ship-order o7 n1 n2
8
1 1
17 1
22 1
25 1
26 1
28 0
32 0
33 0
2
0 0 1 7
0 12 1 0
0
end_operator
begin_operator
ship-order o7 n1 n2
8
1 1
17 1
22 1
25 1
26 1
28 1
32 0
33 0
2
0 0 1 7
0 12 1 0
0
end_operator
begin_operator
ship-order o7 n1 n2
8
1 2
17 1
22 1
25 1
26 1
28 0
32 0
33 0
2
0 0 1 7
0 12 1 0
0
end_operator
begin_operator
ship-order o7 n1 n2
8
1 2
17 1
22 1
25 1
26 1
28 1
32 0
33 0
2
0 0 1 7
0 12 1 0
0
end_operator
begin_operator
ship-order o7 n1 n2
7
1 0
17 1
22 1
25 1
26 1
28 0
33 0
3
0 0 1 7
0 12 1 0
0 32 1 0
0
end_operator
begin_operator
ship-order o7 n1 n2
7
1 0
17 1
22 1
25 1
26 1
28 1
33 0
3
0 0 1 7
0 12 1 0
0 32 1 0
0
end_operator
begin_operator
ship-order o7 n10 n11
4
17 1
22 1
25 1
26 1
2
0 0 2 3
0 12 1 0
0
end_operator
begin_operator
ship-order o7 n11 n12
4
17 1
22 1
25 1
26 1
2
0 0 3 4
0 12 1 0
0
end_operator
begin_operator
ship-order o7 n12 n13
4
17 1
22 1
25 1
26 1
2
0 0 4 5
0 12 1 0
0
end_operator
begin_operator
ship-order o7 n13 n14
4
17 1
22 1
25 1
26 1
2
0 0 5 6
0 12 1 0
0
end_operator
begin_operator
ship-order o7 n2 n3
4
17 1
22 1
25 1
26 1
2
0 0 7 8
0 12 1 0
0
end_operator
begin_operator
ship-order o7 n3 n4
4
17 1
22 1
25 1
26 1
2
0 0 8 9
0 12 1 0
0
end_operator
begin_operator
ship-order o7 n4 n5
4
17 1
22 1
25 1
26 1
2
0 0 9 10
0 12 1 0
0
end_operator
begin_operator
ship-order o7 n5 n6
4
17 1
22 1
25 1
26 1
2
0 0 10 11
0 12 1 0
0
end_operator
begin_operator
ship-order o7 n6 n7
4
17 1
22 1
25 1
26 1
2
0 0 11 12
0 12 1 0
0
end_operator
begin_operator
ship-order o7 n7 n8
4
17 1
22 1
25 1
26 1
2
0 0 12 13
0 12 1 0
0
end_operator
begin_operator
ship-order o7 n8 n9
4
17 1
22 1
25 1
26 1
2
0 0 13 14
0 12 1 0
0
end_operator
begin_operator
ship-order o7 n9 n10
4
17 1
22 1
25 1
26 1
2
0 0 14 2
0 12 1 0
0
end_operator
begin_operator
ship-order o8 n0 n1
8
1 1
21 1
28 0
29 0
30 0
31 0
32 0
33 0
2
0 0 0 1
0 13 1 0
0
end_operator
begin_operator
ship-order o8 n0 n1
8
1 2
21 1
28 0
29 0
30 0
31 0
32 0
33 0
2
0 0 0 1
0 13 1 0
0
end_operator
begin_operator
ship-order o8 n0 n1
7
1 1
21 1
28 1
29 0
31 0
32 0
33 0
3
0 0 0 1
0 13 1 0
0 30 1 0
0
end_operator
begin_operator
ship-order o8 n0 n1
7
1 2
21 1
28 1
29 0
31 0
32 0
33 0
3
0 0 0 1
0 13 1 0
0 30 1 0
0
end_operator
begin_operator
ship-order o8 n0 n1
6
1 0
21 1
28 0
30 0
31 0
33 0
4
0 0 0 1
0 13 1 0
0 29 1 0
0 32 0 1
0
end_operator
begin_operator
ship-order o8 n1 n2
5
1 1
21 1
28 0
32 0
33 0
2
0 0 1 7
0 13 1 0
0
end_operator
begin_operator
ship-order o8 n1 n2
5
1 1
21 1
28 1
32 0
33 0
2
0 0 1 7
0 13 1 0
0
end_operator
begin_operator
ship-order o8 n1 n2
5
1 2
21 1
28 0
32 0
33 0
2
0 0 1 7
0 13 1 0
0
end_operator
begin_operator
ship-order o8 n1 n2
5
1 2
21 1
28 1
32 0
33 0
2
0 0 1 7
0 13 1 0
0
end_operator
begin_operator
ship-order o8 n1 n2
4
1 0
21 1
28 0
33 0
3
0 0 1 7
0 13 1 0
0 32 1 0
0
end_operator
begin_operator
ship-order o8 n1 n2
4
1 0
21 1
28 1
33 0
3
0 0 1 7
0 13 1 0
0 32 1 0
0
end_operator
begin_operator
ship-order o8 n10 n11
1
21 1
2
0 0 2 3
0 13 1 0
0
end_operator
begin_operator
ship-order o8 n11 n12
1
21 1
2
0 0 3 4
0 13 1 0
0
end_operator
begin_operator
ship-order o8 n12 n13
1
21 1
2
0 0 4 5
0 13 1 0
0
end_operator
begin_operator
ship-order o8 n13 n14
1
21 1
2
0 0 5 6
0 13 1 0
0
end_operator
begin_operator
ship-order o8 n2 n3
1
21 1
2
0 0 7 8
0 13 1 0
0
end_operator
begin_operator
ship-order o8 n3 n4
1
21 1
2
0 0 8 9
0 13 1 0
0
end_operator
begin_operator
ship-order o8 n4 n5
1
21 1
2
0 0 9 10
0 13 1 0
0
end_operator
begin_operator
ship-order o8 n5 n6
1
21 1
2
0 0 10 11
0 13 1 0
0
end_operator
begin_operator
ship-order o8 n6 n7
1
21 1
2
0 0 11 12
0 13 1 0
0
end_operator
begin_operator
ship-order o8 n7 n8
1
21 1
2
0 0 12 13
0 13 1 0
0
end_operator
begin_operator
ship-order o8 n8 n9
1
21 1
2
0 0 13 14
0 13 1 0
0
end_operator
begin_operator
ship-order o8 n9 n10
1
21 1
2
0 0 14 2
0 13 1 0
0
end_operator
begin_operator
ship-order o9 n0 n1
8
1 1
26 1
28 0
29 0
30 0
31 0
32 0
33 0
2
0 0 0 1
0 14 1 0
0
end_operator
begin_operator
ship-order o9 n0 n1
8
1 2
26 1
28 0
29 0
30 0
31 0
32 0
33 0
2
0 0 0 1
0 14 1 0
0
end_operator
begin_operator
ship-order o9 n0 n1
7
1 1
26 1
28 1
29 0
31 0
32 0
33 0
3
0 0 0 1
0 14 1 0
0 30 1 0
0
end_operator
begin_operator
ship-order o9 n0 n1
7
1 2
26 1
28 1
29 0
31 0
32 0
33 0
3
0 0 0 1
0 14 1 0
0 30 1 0
0
end_operator
begin_operator
ship-order o9 n0 n1
6
1 0
26 1
28 0
30 0
31 0
33 0
4
0 0 0 1
0 14 1 0
0 29 1 0
0 32 0 1
0
end_operator
begin_operator
ship-order o9 n1 n2
5
1 1
26 1
28 0
32 0
33 0
2
0 0 1 7
0 14 1 0
0
end_operator
begin_operator
ship-order o9 n1 n2
5
1 1
26 1
28 1
32 0
33 0
2
0 0 1 7
0 14 1 0
0
end_operator
begin_operator
ship-order o9 n1 n2
5
1 2
26 1
28 0
32 0
33 0
2
0 0 1 7
0 14 1 0
0
end_operator
begin_operator
ship-order o9 n1 n2
5
1 2
26 1
28 1
32 0
33 0
2
0 0 1 7
0 14 1 0
0
end_operator
begin_operator
ship-order o9 n1 n2
4
1 0
26 1
28 0
33 0
3
0 0 1 7
0 14 1 0
0 32 1 0
0
end_operator
begin_operator
ship-order o9 n1 n2
4
1 0
26 1
28 1
33 0
3
0 0 1 7
0 14 1 0
0 32 1 0
0
end_operator
begin_operator
ship-order o9 n10 n11
1
26 1
2
0 0 2 3
0 14 1 0
0
end_operator
begin_operator
ship-order o9 n11 n12
1
26 1
2
0 0 3 4
0 14 1 0
0
end_operator
begin_operator
ship-order o9 n12 n13
1
26 1
2
0 0 4 5
0 14 1 0
0
end_operator
begin_operator
ship-order o9 n13 n14
1
26 1
2
0 0 5 6
0 14 1 0
0
end_operator
begin_operator
ship-order o9 n2 n3
1
26 1
2
0 0 7 8
0 14 1 0
0
end_operator
begin_operator
ship-order o9 n3 n4
1
26 1
2
0 0 8 9
0 14 1 0
0
end_operator
begin_operator
ship-order o9 n4 n5
1
26 1
2
0 0 9 10
0 14 1 0
0
end_operator
begin_operator
ship-order o9 n5 n6
1
26 1
2
0 0 10 11
0 14 1 0
0
end_operator
begin_operator
ship-order o9 n6 n7
1
26 1
2
0 0 11 12
0 14 1 0
0
end_operator
begin_operator
ship-order o9 n7 n8
1
26 1
2
0 0 12 13
0 14 1 0
0
end_operator
begin_operator
ship-order o9 n8 n9
1
26 1
2
0 0 13 14
0 14 1 0
0
end_operator
begin_operator
ship-order o9 n9 n10
1
26 1
2
0 0 14 2
0 14 1 0
0
end_operator
begin_operator
start-order o1 n1 n0
2
28 0
30 0
2
0 0 1 0
0 1 2 1
0
end_operator
begin_operator
start-order o1 n1 n0
1
28 1
3
0 0 1 0
0 1 2 1
0 30 0 1
0
end_operator
begin_operator
start-order o1 n10 n9
0
2
0 0 2 14
0 1 2 1
0
end_operator
begin_operator
start-order o1 n11 n10
0
2
0 0 3 2
0 1 2 1
0
end_operator
begin_operator
start-order o1 n12 n11
0
2
0 0 4 3
0 1 2 1
0
end_operator
begin_operator
start-order o1 n13 n12
0
2
0 0 5 4
0 1 2 1
0
end_operator
begin_operator
start-order o1 n14 n13
0
2
0 0 6 5
0 1 2 1
0
end_operator
begin_operator
start-order o1 n2 n1
0
2
0 0 7 1
0 1 2 1
0
end_operator
begin_operator
start-order o1 n3 n2
0
2
0 0 8 7
0 1 2 1
0
end_operator
begin_operator
start-order o1 n4 n3
0
2
0 0 9 8
0 1 2 1
0
end_operator
begin_operator
start-order o1 n5 n4
0
2
0 0 10 9
0 1 2 1
0
end_operator
begin_operator
start-order o1 n6 n5
0
2
0 0 11 10
0 1 2 1
0
end_operator
begin_operator
start-order o1 n7 n6
0
2
0 0 12 11
0 1 2 1
0
end_operator
begin_operator
start-order o1 n8 n7
0
2
0 0 13 12
0 1 2 1
0
end_operator
begin_operator
start-order o1 n9 n8
0
2
0 0 14 13
0 1 2 1
0
end_operator
begin_operator
start-order o10 n1 n0
7
1 1
28 0
29 0
30 0
31 0
32 0
33 0
2
0 0 1 0
0 2 2 1
0
end_operator
begin_operator
start-order o10 n1 n0
6
1 1
28 1
29 0
31 0
32 0
33 0
3
0 0 1 0
0 2 2 1
0 30 0 1
0
end_operator
begin_operator
start-order o10 n1 n0
7
1 2
28 0
29 0
30 0
31 0
32 0
33 0
2
0 0 1 0
0 2 2 1
0
end_operator
begin_operator
start-order o10 n1 n0
6
1 2
28 1
29 0
31 0
32 0
33 0
3
0 0 1 0
0 2 2 1
0 30 0 1
0
end_operator
begin_operator
start-order o10 n1 n0
5
1 0
28 0
30 0
31 0
33 0
4
0 0 1 0
0 2 2 1
0 29 0 1
0 32 1 0
0
end_operator
begin_operator
start-order o10 n1 n0
3
1 0
28 1
33 0
6
0 0 1 0
0 2 2 1
0 29 0 1
0 30 0 1
0 31 0 1
0 32 1 0
0
end_operator
begin_operator
start-order o10 n10 n9
0
2
0 0 2 14
0 2 2 1
0
end_operator
begin_operator
start-order o10 n11 n10
0
2
0 0 3 2
0 2 2 1
0
end_operator
begin_operator
start-order o10 n12 n11
0
2
0 0 4 3
0 2 2 1
0
end_operator
begin_operator
start-order o10 n13 n12
0
2
0 0 5 4
0 2 2 1
0
end_operator
begin_operator
start-order o10 n14 n13
0
2
0 0 6 5
0 2 2 1
0
end_operator
begin_operator
start-order o10 n2 n1
3
1 0
28 0
33 0
3
0 0 7 1
0 2 2 1
0 32 0 1
0
end_operator
begin_operator
start-order o10 n2 n1
3
1 0
28 1
33 0
3
0 0 7 1
0 2 2 1
0 32 0 1
0
end_operator
begin_operator
start-order o10 n2 n1
4
1 1
28 0
32 0
33 0
2
0 0 7 1
0 2 2 1
0
end_operator
begin_operator
start-order o10 n2 n1
4
1 1
28 1
32 0
33 0
2
0 0 7 1
0 2 2 1
0
end_operator
begin_operator
start-order o10 n2 n1
4
1 2
28 0
32 0
33 0
2
0 0 7 1
0 2 2 1
0
end_operator
begin_operator
start-order o10 n2 n1
4
1 2
28 1
32 0
33 0
2
0 0 7 1
0 2 2 1
0
end_operator
begin_operator
start-order o10 n3 n2
0
2
0 0 8 7
0 2 2 1
0
end_operator
begin_operator
start-order o10 n4 n3
0
2
0 0 9 8
0 2 2 1
0
end_operator
begin_operator
start-order o10 n5 n4
0
2
0 0 10 9
0 2 2 1
0
end_operator
begin_operator
start-order o10 n6 n5
0
2
0 0 11 10
0 2 2 1
0
end_operator
begin_operator
start-order o10 n7 n6
0
2
0 0 12 11
0 2 2 1
0
end_operator
begin_operator
start-order o10 n8 n7
0
2
0 0 13 12
0 2 2 1
0
end_operator
begin_operator
start-order o10 n9 n8
0
2
0 0 14 13
0 2 2 1
0
end_operator
begin_operator
start-order o11 n1 n0
7
1 1
28 0
29 0
30 0
31 0
32 0
33 0
2
0 0 1 0
0 3 2 1
0
end_operator
begin_operator
start-order o11 n1 n0
6
1 1
28 1
29 0
31 0
32 0
33 0
3
0 0 1 0
0 3 2 1
0 30 0 1
0
end_operator
begin_operator
start-order o11 n1 n0
7
1 2
28 0
29 0
30 0
31 0
32 0
33 0
2
0 0 1 0
0 3 2 1
0
end_operator
begin_operator
start-order o11 n1 n0
6
1 2
28 1
29 0
31 0
32 0
33 0
3
0 0 1 0
0 3 2 1
0 30 0 1
0
end_operator
begin_operator
start-order o11 n1 n0
5
1 0
28 0
30 0
31 0
33 0
4
0 0 1 0
0 3 2 1
0 29 0 1
0 32 1 0
0
end_operator
begin_operator
start-order o11 n1 n0
3
1 0
28 1
33 0
6
0 0 1 0
0 3 2 1
0 29 0 1
0 30 0 1
0 31 0 1
0 32 1 0
0
end_operator
begin_operator
start-order o11 n10 n9
0
2
0 0 2 14
0 3 2 1
0
end_operator
begin_operator
start-order o11 n11 n10
0
2
0 0 3 2
0 3 2 1
0
end_operator
begin_operator
start-order o11 n12 n11
0
2
0 0 4 3
0 3 2 1
0
end_operator
begin_operator
start-order o11 n13 n12
0
2
0 0 5 4
0 3 2 1
0
end_operator
begin_operator
start-order o11 n14 n13
0
2
0 0 6 5
0 3 2 1
0
end_operator
begin_operator
start-order o11 n2 n1
3
1 0
28 0
33 0
3
0 0 7 1
0 3 2 1
0 32 0 1
0
end_operator
begin_operator
start-order o11 n2 n1
3
1 0
28 1
33 0
3
0 0 7 1
0 3 2 1
0 32 0 1
0
end_operator
begin_operator
start-order o11 n2 n1
4
1 1
28 0
32 0
33 0
2
0 0 7 1
0 3 2 1
0
end_operator
begin_operator
start-order o11 n2 n1
4
1 1
28 1
32 0
33 0
2
0 0 7 1
0 3 2 1
0
end_operator
begin_operator
start-order o11 n2 n1
4
1 2
28 0
32 0
33 0
2
0 0 7 1
0 3 2 1
0
end_operator
begin_operator
start-order o11 n2 n1
4
1 2
28 1
32 0
33 0
2
0 0 7 1
0 3 2 1
0
end_operator
begin_operator
start-order o11 n3 n2
0
2
0 0 8 7
0 3 2 1
0
end_operator
begin_operator
start-order o11 n4 n3
0
2
0 0 9 8
0 3 2 1
0
end_operator
begin_operator
start-order o11 n5 n4
0
2
0 0 10 9
0 3 2 1
0
end_operator
begin_operator
start-order o11 n6 n5
0
2
0 0 11 10
0 3 2 1
0
end_operator
begin_operator
start-order o11 n7 n6
0
2
0 0 12 11
0 3 2 1
0
end_operator
begin_operator
start-order o11 n8 n7
0
2
0 0 13 12
0 3 2 1
0
end_operator
begin_operator
start-order o11 n9 n8
0
2
0 0 14 13
0 3 2 1
0
end_operator
begin_operator
start-order o12 n1 n0
7
1 1
28 0
29 0
30 0
31 0
32 0
33 0
2
0 0 1 0
0 4 2 1
0
end_operator
begin_operator
start-order o12 n1 n0
6
1 1
28 1
29 0
31 0
32 0
33 0
3
0 0 1 0
0 4 2 1
0 30 0 1
0
end_operator
begin_operator
start-order o12 n1 n0
7
1 2
28 0
29 0
30 0
31 0
32 0
33 0
2
0 0 1 0
0 4 2 1
0
end_operator
begin_operator
start-order o12 n1 n0
6
1 2
28 1
29 0
31 0
32 0
33 0
3
0 0 1 0
0 4 2 1
0 30 0 1
0
end_operator
begin_operator
start-order o12 n1 n0
5
1 0
28 0
30 0
31 0
33 0
4
0 0 1 0
0 4 2 1
0 29 0 1
0 32 1 0
0
end_operator
begin_operator
start-order o12 n1 n0
3
1 0
28 1
33 0
6
0 0 1 0
0 4 2 1
0 29 0 1
0 30 0 1
0 31 0 1
0 32 1 0
0
end_operator
begin_operator
start-order o12 n10 n9
0
2
0 0 2 14
0 4 2 1
0
end_operator
begin_operator
start-order o12 n11 n10
0
2
0 0 3 2
0 4 2 1
0
end_operator
begin_operator
start-order o12 n12 n11
0
2
0 0 4 3
0 4 2 1
0
end_operator
begin_operator
start-order o12 n13 n12
0
2
0 0 5 4
0 4 2 1
0
end_operator
begin_operator
start-order o12 n14 n13
0
2
0 0 6 5
0 4 2 1
0
end_operator
begin_operator
start-order o12 n2 n1
3
1 0
28 0
33 0
3
0 0 7 1
0 4 2 1
0 32 0 1
0
end_operator
begin_operator
start-order o12 n2 n1
3
1 0
28 1
33 0
3
0 0 7 1
0 4 2 1
0 32 0 1
0
end_operator
begin_operator
start-order o12 n2 n1
4
1 1
28 0
32 0
33 0
2
0 0 7 1
0 4 2 1
0
end_operator
begin_operator
start-order o12 n2 n1
4
1 1
28 1
32 0
33 0
2
0 0 7 1
0 4 2 1
0
end_operator
begin_operator
start-order o12 n2 n1
4
1 2
28 0
32 0
33 0
2
0 0 7 1
0 4 2 1
0
end_operator
begin_operator
start-order o12 n2 n1
4
1 2
28 1
32 0
33 0
2
0 0 7 1
0 4 2 1
0
end_operator
begin_operator
start-order o12 n3 n2
0
2
0 0 8 7
0 4 2 1
0
end_operator
begin_operator
start-order o12 n4 n3
0
2
0 0 9 8
0 4 2 1
0
end_operator
begin_operator
start-order o12 n5 n4
0
2
0 0 10 9
0 4 2 1
0
end_operator
begin_operator
start-order o12 n6 n5
0
2
0 0 11 10
0 4 2 1
0
end_operator
begin_operator
start-order o12 n7 n6
0
2
0 0 12 11
0 4 2 1
0
end_operator
begin_operator
start-order o12 n8 n7
0
2
0 0 13 12
0 4 2 1
0
end_operator
begin_operator
start-order o12 n9 n8
0
2
0 0 14 13
0 4 2 1
0
end_operator
begin_operator
start-order o13 n1 n0
7
1 1
28 0
29 0
30 0
31 0
32 0
33 0
2
0 0 1 0
0 5 2 1
0
end_operator
begin_operator
start-order o13 n1 n0
7
1 2
28 0
29 0
30 0
31 0
32 0
33 0
2
0 0 1 0
0 5 2 1
0
end_operator
begin_operator
start-order o13 n1 n0
5
1 0
28 0
30 0
31 0
33 0
4
0 0 1 0
0 5 2 1
0 29 0 1
0 32 1 0
0
end_operator
begin_operator
start-order o13 n10 n9
0
2
0 0 2 14
0 5 2 1
0
end_operator
begin_operator
start-order o13 n11 n10
0
2
0 0 3 2
0 5 2 1
0
end_operator
begin_operator
start-order o13 n12 n11
0
2
0 0 4 3
0 5 2 1
0
end_operator
begin_operator
start-order o13 n13 n12
0
2
0 0 5 4
0 5 2 1
0
end_operator
begin_operator
start-order o13 n14 n13
0
2
0 0 6 5
0 5 2 1
0
end_operator
begin_operator
start-order o13 n2 n1
3
1 0
28 0
33 0
3
0 0 7 1
0 5 2 1
0 32 0 1
0
end_operator
begin_operator
start-order o13 n2 n1
4
1 1
28 0
32 0
33 0
2
0 0 7 1
0 5 2 1
0
end_operator
begin_operator
start-order o13 n2 n1
4
1 2
28 0
32 0
33 0
2
0 0 7 1
0 5 2 1
0
end_operator
begin_operator
start-order o13 n3 n2
0
2
0 0 8 7
0 5 2 1
0
end_operator
begin_operator
start-order o13 n4 n3
0
2
0 0 9 8
0 5 2 1
0
end_operator
begin_operator
start-order o13 n5 n4
0
2
0 0 10 9
0 5 2 1
0
end_operator
begin_operator
start-order o13 n6 n5
0
2
0 0 11 10
0 5 2 1
0
end_operator
begin_operator
start-order o13 n7 n6
0
2
0 0 12 11
0 5 2 1
0
end_operator
begin_operator
start-order o13 n8 n7
0
2
0 0 13 12
0 5 2 1
0
end_operator
begin_operator
start-order o13 n9 n8
0
2
0 0 14 13
0 5 2 1
0
end_operator
begin_operator
start-order o14 n1 n0
7
1 1
28 0
29 0
30 0
31 0
32 0
33 0
2
0 0 1 0
0 6 2 1
0
end_operator
begin_operator
start-order o14 n1 n0
6
1 1
28 1
29 0
31 0
32 0
33 0
3
0 0 1 0
0 6 2 1
0 30 0 1
0
end_operator
begin_operator
start-order o14 n1 n0
7
1 2
28 0
29 0
30 0
31 0
32 0
33 0
2
0 0 1 0
0 6 2 1
0
end_operator
begin_operator
start-order o14 n1 n0
6
1 2
28 1
29 0
31 0
32 0
33 0
3
0 0 1 0
0 6 2 1
0 30 0 1
0
end_operator
begin_operator
start-order o14 n1 n0
5
1 0
28 0
30 0
31 0
33 0
4
0 0 1 0
0 6 2 1
0 29 0 1
0 32 1 0
0
end_operator
begin_operator
start-order o14 n1 n0
3
1 0
28 1
33 0
6
0 0 1 0
0 6 2 1
0 29 0 1
0 30 0 1
0 31 0 1
0 32 1 0
0
end_operator
begin_operator
start-order o14 n10 n9
0
2
0 0 2 14
0 6 2 1
0
end_operator
begin_operator
start-order o14 n11 n10
0
2
0 0 3 2
0 6 2 1
0
end_operator
begin_operator
start-order o14 n12 n11
0
2
0 0 4 3
0 6 2 1
0
end_operator
begin_operator
start-order o14 n13 n12
0
2
0 0 5 4
0 6 2 1
0
end_operator
begin_operator
start-order o14 n14 n13
0
2
0 0 6 5
0 6 2 1
0
end_operator
begin_operator
start-order o14 n2 n1
3
1 0
28 0
33 0
3
0 0 7 1
0 6 2 1
0 32 0 1
0
end_operator
begin_operator
start-order o14 n2 n1
3
1 0
28 1
33 0
3
0 0 7 1
0 6 2 1
0 32 0 1
0
end_operator
begin_operator
start-order o14 n2 n1
4
1 1
28 0
32 0
33 0
2
0 0 7 1
0 6 2 1
0
end_operator
begin_operator
start-order o14 n2 n1
4
1 1
28 1
32 0
33 0
2
0 0 7 1
0 6 2 1
0
end_operator
begin_operator
start-order o14 n2 n1
4
1 2
28 0
32 0
33 0
2
0 0 7 1
0 6 2 1
0
end_operator
begin_operator
start-order o14 n2 n1
4
1 2
28 1
32 0
33 0
2
0 0 7 1
0 6 2 1
0
end_operator
begin_operator
start-order o14 n3 n2
0
2
0 0 8 7
0 6 2 1
0
end_operator
begin_operator
start-order o14 n4 n3
0
2
0 0 9 8
0 6 2 1
0
end_operator
begin_operator
start-order o14 n5 n4
0
2
0 0 10 9
0 6 2 1
0
end_operator
begin_operator
start-order o14 n6 n5
0
2
0 0 11 10
0 6 2 1
0
end_operator
begin_operator
start-order o14 n7 n6
0
2
0 0 12 11
0 6 2 1
0
end_operator
begin_operator
start-order o14 n8 n7
0
2
0 0 13 12
0 6 2 1
0
end_operator
begin_operator
start-order o14 n9 n8
0
2
0 0 14 13
0 6 2 1
0
end_operator
begin_operator
start-order o2 n1 n0
7
1 1
28 0
29 0
30 0
31 0
32 0
33 0
2
0 0 1 0
0 7 2 1
0
end_operator
begin_operator
start-order o2 n1 n0
6
1 1
28 1
29 0
31 0
32 0
33 0
3
0 0 1 0
0 7 2 1
0 30 0 1
0
end_operator
begin_operator
start-order o2 n1 n0
7
1 2
28 0
29 0
30 0
31 0
32 0
33 0
2
0 0 1 0
0 7 2 1
0
end_operator
begin_operator
start-order o2 n1 n0
6
1 2
28 1
29 0
31 0
32 0
33 0
3
0 0 1 0
0 7 2 1
0 30 0 1
0
end_operator
begin_operator
start-order o2 n1 n0
5
1 0
28 0
30 0
31 0
33 0
4
0 0 1 0
0 7 2 1
0 29 0 1
0 32 1 0
0
end_operator
begin_operator
start-order o2 n1 n0
3
1 0
28 1
33 0
6
0 0 1 0
0 7 2 1
0 29 0 1
0 30 0 1
0 31 0 1
0 32 1 0
0
end_operator
begin_operator
start-order o2 n10 n9
0
2
0 0 2 14
0 7 2 1
0
end_operator
begin_operator
start-order o2 n11 n10
0
2
0 0 3 2
0 7 2 1
0
end_operator
begin_operator
start-order o2 n12 n11
0
2
0 0 4 3
0 7 2 1
0
end_operator
begin_operator
start-order o2 n13 n12
0
2
0 0 5 4
0 7 2 1
0
end_operator
begin_operator
start-order o2 n14 n13
0
2
0 0 6 5
0 7 2 1
0
end_operator
begin_operator
start-order o2 n2 n1
3
1 0
28 0
33 0
3
0 0 7 1
0 7 2 1
0 32 0 1
0
end_operator
begin_operator
start-order o2 n2 n1
3
1 0
28 1
33 0
3
0 0 7 1
0 7 2 1
0 32 0 1
0
end_operator
begin_operator
start-order o2 n2 n1
4
1 1
28 0
32 0
33 0
2
0 0 7 1
0 7 2 1
0
end_operator
begin_operator
start-order o2 n2 n1
4
1 1
28 1
32 0
33 0
2
0 0 7 1
0 7 2 1
0
end_operator
begin_operator
start-order o2 n2 n1
4
1 2
28 0
32 0
33 0
2
0 0 7 1
0 7 2 1
0
end_operator
begin_operator
start-order o2 n2 n1
4
1 2
28 1
32 0
33 0
2
0 0 7 1
0 7 2 1
0
end_operator
begin_operator
start-order o2 n3 n2
0
2
0 0 8 7
0 7 2 1
0
end_operator
begin_operator
start-order o2 n4 n3
0
2
0 0 9 8
0 7 2 1
0
end_operator
begin_operator
start-order o2 n5 n4
0
2
0 0 10 9
0 7 2 1
0
end_operator
begin_operator
start-order o2 n6 n5
0
2
0 0 11 10
0 7 2 1
0
end_operator
begin_operator
start-order o2 n7 n6
0
2
0 0 12 11
0 7 2 1
0
end_operator
begin_operator
start-order o2 n8 n7
0
2
0 0 13 12
0 7 2 1
0
end_operator
begin_operator
start-order o2 n9 n8
0
2
0 0 14 13
0 7 2 1
0
end_operator
begin_operator
start-order o3 n1 n0
7
1 1
28 0
29 0
30 0
31 0
32 0
33 0
2
0 0 1 0
0 8 2 1
0
end_operator
begin_operator
start-order o3 n1 n0
6
1 1
28 1
29 0
31 0
32 0
33 0
3
0 0 1 0
0 8 2 1
0 30 0 1
0
end_operator
begin_operator
start-order o3 n1 n0
7
1 2
28 0
29 0
30 0
31 0
32 0
33 0
2
0 0 1 0
0 8 2 1
0
end_operator
begin_operator
start-order o3 n1 n0
6
1 2
28 1
29 0
31 0
32 0
33 0
3
0 0 1 0
0 8 2 1
0 30 0 1
0
end_operator
begin_operator
start-order o3 n1 n0
5
1 0
28 0
30 0
31 0
33 0
4
0 0 1 0
0 8 2 1
0 29 0 1
0 32 1 0
0
end_operator
begin_operator
start-order o3 n1 n0
3
1 0
28 1
33 0
6
0 0 1 0
0 8 2 1
0 29 0 1
0 30 0 1
0 31 0 1
0 32 1 0
0
end_operator
begin_operator
start-order o3 n10 n9
0
2
0 0 2 14
0 8 2 1
0
end_operator
begin_operator
start-order o3 n11 n10
0
2
0 0 3 2
0 8 2 1
0
end_operator
begin_operator
start-order o3 n12 n11
0
2
0 0 4 3
0 8 2 1
0
end_operator
begin_operator
start-order o3 n13 n12
0
2
0 0 5 4
0 8 2 1
0
end_operator
begin_operator
start-order o3 n14 n13
0
2
0 0 6 5
0 8 2 1
0
end_operator
begin_operator
start-order o3 n2 n1
3
1 0
28 0
33 0
3
0 0 7 1
0 8 2 1
0 32 0 1
0
end_operator
begin_operator
start-order o3 n2 n1
3
1 0
28 1
33 0
3
0 0 7 1
0 8 2 1
0 32 0 1
0
end_operator
begin_operator
start-order o3 n2 n1
4
1 1
28 0
32 0
33 0
2
0 0 7 1
0 8 2 1
0
end_operator
begin_operator
start-order o3 n2 n1
4
1 1
28 1
32 0
33 0
2
0 0 7 1
0 8 2 1
0
end_operator
begin_operator
start-order o3 n2 n1
4
1 2
28 0
32 0
33 0
2
0 0 7 1
0 8 2 1
0
end_operator
begin_operator
start-order o3 n2 n1
4
1 2
28 1
32 0
33 0
2
0 0 7 1
0 8 2 1
0
end_operator
begin_operator
start-order o3 n3 n2
0
2
0 0 8 7
0 8 2 1
0
end_operator
begin_operator
start-order o3 n4 n3
0
2
0 0 9 8
0 8 2 1
0
end_operator
begin_operator
start-order o3 n5 n4
0
2
0 0 10 9
0 8 2 1
0
end_operator
begin_operator
start-order o3 n6 n5
0
2
0 0 11 10
0 8 2 1
0
end_operator
begin_operator
start-order o3 n7 n6
0
2
0 0 12 11
0 8 2 1
0
end_operator
begin_operator
start-order o3 n8 n7
0
2
0 0 13 12
0 8 2 1
0
end_operator
begin_operator
start-order o3 n9 n8
0
2
0 0 14 13
0 8 2 1
0
end_operator
begin_operator
start-order o4 n1 n0
7
1 1
28 0
29 0
30 0
31 0
32 0
33 0
2
0 0 1 0
0 9 2 1
0
end_operator
begin_operator
start-order o4 n1 n0
6
1 1
28 1
29 0
31 0
32 0
33 0
3
0 0 1 0
0 9 2 1
0 30 0 1
0
end_operator
begin_operator
start-order o4 n1 n0
7
1 2
28 0
29 0
30 0
31 0
32 0
33 0
2
0 0 1 0
0 9 2 1
0
end_operator
begin_operator
start-order o4 n1 n0
6
1 2
28 1
29 0
31 0
32 0
33 0
3
0 0 1 0
0 9 2 1
0 30 0 1
0
end_operator
begin_operator
start-order o4 n1 n0
5
1 0
28 0
30 0
31 0
33 0
4
0 0 1 0
0 9 2 1
0 29 0 1
0 32 1 0
0
end_operator
begin_operator
start-order o4 n1 n0
3
1 0
28 1
33 0
6
0 0 1 0
0 9 2 1
0 29 0 1
0 30 0 1
0 31 0 1
0 32 1 0
0
end_operator
begin_operator
start-order o4 n10 n9
0
2
0 0 2 14
0 9 2 1
0
end_operator
begin_operator
start-order o4 n11 n10
0
2
0 0 3 2
0 9 2 1
0
end_operator
begin_operator
start-order o4 n12 n11
0
2
0 0 4 3
0 9 2 1
0
end_operator
begin_operator
start-order o4 n13 n12
0
2
0 0 5 4
0 9 2 1
0
end_operator
begin_operator
start-order o4 n14 n13
0
2
0 0 6 5
0 9 2 1
0
end_operator
begin_operator
start-order o4 n2 n1
3
1 0
28 0
33 0
3
0 0 7 1
0 9 2 1
0 32 0 1
0
end_operator
begin_operator
start-order o4 n2 n1
3
1 0
28 1
33 0
3
0 0 7 1
0 9 2 1
0 32 0 1
0
end_operator
begin_operator
start-order o4 n2 n1
4
1 1
28 0
32 0
33 0
2
0 0 7 1
0 9 2 1
0
end_operator
begin_operator
start-order o4 n2 n1
4
1 1
28 1
32 0
33 0
2
0 0 7 1
0 9 2 1
0
end_operator
begin_operator
start-order o4 n2 n1
4
1 2
28 0
32 0
33 0
2
0 0 7 1
0 9 2 1
0
end_operator
begin_operator
start-order o4 n2 n1
4
1 2
28 1
32 0
33 0
2
0 0 7 1
0 9 2 1
0
end_operator
begin_operator
start-order o4 n3 n2
0
2
0 0 8 7
0 9 2 1
0
end_operator
begin_operator
start-order o4 n4 n3
0
2
0 0 9 8
0 9 2 1
0
end_operator
begin_operator
start-order o4 n5 n4
0
2
0 0 10 9
0 9 2 1
0
end_operator
begin_operator
start-order o4 n6 n5
0
2
0 0 11 10
0 9 2 1
0
end_operator
begin_operator
start-order o4 n7 n6
0
2
0 0 12 11
0 9 2 1
0
end_operator
begin_operator
start-order o4 n8 n7
0
2
0 0 13 12
0 9 2 1
0
end_operator
begin_operator
start-order o4 n9 n8
0
2
0 0 14 13
0 9 2 1
0
end_operator
begin_operator
start-order o5 n1 n0
7
1 1
28 0
29 0
30 0
31 0
32 0
33 0
2
0 0 1 0
0 10 2 1
0
end_operator
begin_operator
start-order o5 n1 n0
6
1 1
28 1
29 0
31 0
32 0
33 0
3
0 0 1 0
0 10 2 1
0 30 0 1
0
end_operator
begin_operator
start-order o5 n1 n0
7
1 2
28 0
29 0
30 0
31 0
32 0
33 0
2
0 0 1 0
0 10 2 1
0
end_operator
begin_operator
start-order o5 n1 n0
6
1 2
28 1
29 0
31 0
32 0
33 0
3
0 0 1 0
0 10 2 1
0 30 0 1
0
end_operator
begin_operator
start-order o5 n1 n0
5
1 0
28 0
30 0
31 0
33 0
4
0 0 1 0
0 10 2 1
0 29 0 1
0 32 1 0
0
end_operator
begin_operator
start-order o5 n1 n0
3
1 0
28 1
33 0
6
0 0 1 0
0 10 2 1
0 29 0 1
0 30 0 1
0 31 0 1
0 32 1 0
0
end_operator
begin_operator
start-order o5 n10 n9
0
2
0 0 2 14
0 10 2 1
0
end_operator
begin_operator
start-order o5 n11 n10
0
2
0 0 3 2
0 10 2 1
0
end_operator
begin_operator
start-order o5 n12 n11
0
2
0 0 4 3
0 10 2 1
0
end_operator
begin_operator
start-order o5 n13 n12
0
2
0 0 5 4
0 10 2 1
0
end_operator
begin_operator
start-order o5 n14 n13
0
2
0 0 6 5
0 10 2 1
0
end_operator
begin_operator
start-order o5 n2 n1
3
1 0
28 0
33 0
3
0 0 7 1
0 10 2 1
0 32 0 1
0
end_operator
begin_operator
start-order o5 n2 n1
3
1 0
28 1
33 0
3
0 0 7 1
0 10 2 1
0 32 0 1
0
end_operator
begin_operator
start-order o5 n2 n1
4
1 1
28 0
32 0
33 0
2
0 0 7 1
0 10 2 1
0
end_operator
begin_operator
start-order o5 n2 n1
4
1 1
28 1
32 0
33 0
2
0 0 7 1
0 10 2 1
0
end_operator
begin_operator
start-order o5 n2 n1
4
1 2
28 0
32 0
33 0
2
0 0 7 1
0 10 2 1
0
end_operator
begin_operator
start-order o5 n2 n1
4
1 2
28 1
32 0
33 0
2
0 0 7 1
0 10 2 1
0
end_operator
begin_operator
start-order o5 n3 n2
0
2
0 0 8 7
0 10 2 1
0
end_operator
begin_operator
start-order o5 n4 n3
0
2
0 0 9 8
0 10 2 1
0
end_operator
begin_operator
start-order o5 n5 n4
0
2
0 0 10 9
0 10 2 1
0
end_operator
begin_operator
start-order o5 n6 n5
0
2
0 0 11 10
0 10 2 1
0
end_operator
begin_operator
start-order o5 n7 n6
0
2
0 0 12 11
0 10 2 1
0
end_operator
begin_operator
start-order o5 n8 n7
0
2
0 0 13 12
0 10 2 1
0
end_operator
begin_operator
start-order o5 n9 n8
0
2
0 0 14 13
0 10 2 1
0
end_operator
begin_operator
start-order o6 n1 n0
7
1 1
28 0
29 0
30 0
31 0
32 0
33 0
2
0 0 1 0
0 11 2 1
0
end_operator
begin_operator
start-order o6 n1 n0
7
1 2
28 0
29 0
30 0
31 0
32 0
33 0
2
0 0 1 0
0 11 2 1
0
end_operator
begin_operator
start-order o6 n1 n0
5
1 0
28 0
30 0
31 0
33 0
4
0 0 1 0
0 11 2 1
0 29 0 1
0 32 1 0
0
end_operator
begin_operator
start-order o6 n10 n9
0
2
0 0 2 14
0 11 2 1
0
end_operator
begin_operator
start-order o6 n11 n10
0
2
0 0 3 2
0 11 2 1
0
end_operator
begin_operator
start-order o6 n12 n11
0
2
0 0 4 3
0 11 2 1
0
end_operator
begin_operator
start-order o6 n13 n12
0
2
0 0 5 4
0 11 2 1
0
end_operator
begin_operator
start-order o6 n14 n13
0
2
0 0 6 5
0 11 2 1
0
end_operator
begin_operator
start-order o6 n2 n1
3
1 0
28 0
33 0
3
0 0 7 1
0 11 2 1
0 32 0 1
0
end_operator
begin_operator
start-order o6 n2 n1
4
1 1
28 0
32 0
33 0
2
0 0 7 1
0 11 2 1
0
end_operator
begin_operator
start-order o6 n2 n1
4
1 2
28 0
32 0
33 0
2
0 0 7 1
0 11 2 1
0
end_operator
begin_operator
start-order o6 n3 n2
0
2
0 0 8 7
0 11 2 1
0
end_operator
begin_operator
start-order o6 n4 n3
0
2
0 0 9 8
0 11 2 1
0
end_operator
begin_operator
start-order o6 n5 n4
0
2
0 0 10 9
0 11 2 1
0
end_operator
begin_operator
start-order o6 n6 n5
0
2
0 0 11 10
0 11 2 1
0
end_operator
begin_operator
start-order o6 n7 n6
0
2
0 0 12 11
0 11 2 1
0
end_operator
begin_operator
start-order o6 n8 n7
0
2
0 0 13 12
0 11 2 1
0
end_operator
begin_operator
start-order o6 n9 n8
0
2
0 0 14 13
0 11 2 1
0
end_operator
begin_operator
start-order o7 n1 n0
7
1 1
28 0
29 0
30 0
31 0
32 0
33 0
2
0 0 1 0
0 12 2 1
0
end_operator
begin_operator
start-order o7 n1 n0
6
1 1
28 1
29 0
31 0
32 0
33 0
3
0 0 1 0
0 12 2 1
0 30 0 1
0
end_operator
begin_operator
start-order o7 n1 n0
7
1 2
28 0
29 0
30 0
31 0
32 0
33 0
2
0 0 1 0
0 12 2 1
0
end_operator
begin_operator
start-order o7 n1 n0
6
1 2
28 1
29 0
31 0
32 0
33 0
3
0 0 1 0
0 12 2 1
0 30 0 1
0
end_operator
begin_operator
start-order o7 n1 n0
5
1 0
28 0
30 0
31 0
33 0
4
0 0 1 0
0 12 2 1
0 29 0 1
0 32 1 0
0
end_operator
begin_operator
start-order o7 n1 n0
3
1 0
28 1
33 0
6
0 0 1 0
0 12 2 1
0 29 0 1
0 30 0 1
0 31 0 1
0 32 1 0
0
end_operator
begin_operator
start-order o7 n10 n9
0
2
0 0 2 14
0 12 2 1
0
end_operator
begin_operator
start-order o7 n11 n10
0
2
0 0 3 2
0 12 2 1
0
end_operator
begin_operator
start-order o7 n12 n11
0
2
0 0 4 3
0 12 2 1
0
end_operator
begin_operator
start-order o7 n13 n12
0
2
0 0 5 4
0 12 2 1
0
end_operator
begin_operator
start-order o7 n14 n13
0
2
0 0 6 5
0 12 2 1
0
end_operator
begin_operator
start-order o7 n2 n1
3
1 0
28 0
33 0
3
0 0 7 1
0 12 2 1
0 32 0 1
0
end_operator
begin_operator
start-order o7 n2 n1
3
1 0
28 1
33 0
3
0 0 7 1
0 12 2 1
0 32 0 1
0
end_operator
begin_operator
start-order o7 n2 n1
4
1 1
28 0
32 0
33 0
2
0 0 7 1
0 12 2 1
0
end_operator
begin_operator
start-order o7 n2 n1
4
1 1
28 1
32 0
33 0
2
0 0 7 1
0 12 2 1
0
end_operator
begin_operator
start-order o7 n2 n1
4
1 2
28 0
32 0
33 0
2
0 0 7 1
0 12 2 1
0
end_operator
begin_operator
start-order o7 n2 n1
4
1 2
28 1
32 0
33 0
2
0 0 7 1
0 12 2 1
0
end_operator
begin_operator
start-order o7 n3 n2
0
2
0 0 8 7
0 12 2 1
0
end_operator
begin_operator
start-order o7 n4 n3
0
2
0 0 9 8
0 12 2 1
0
end_operator
begin_operator
start-order o7 n5 n4
0
2
0 0 10 9
0 12 2 1
0
end_operator
begin_operator
start-order o7 n6 n5
0
2
0 0 11 10
0 12 2 1
0
end_operator
begin_operator
start-order o7 n7 n6
0
2
0 0 12 11
0 12 2 1
0
end_operator
begin_operator
start-order o7 n8 n7
0
2
0 0 13 12
0 12 2 1
0
end_operator
begin_operator
start-order o7 n9 n8
0
2
0 0 14 13
0 12 2 1
0
end_operator
begin_operator
start-order o8 n1 n0
7
1 1
28 0
29 0
30 0
31 0
32 0
33 0
2
0 0 1 0
0 13 2 1
0
end_operator
begin_operator
start-order o8 n1 n0
6
1 1
28 1
29 0
31 0
32 0
33 0
3
0 0 1 0
0 13 2 1
0 30 0 1
0
end_operator
begin_operator
start-order o8 n1 n0
7
1 2
28 0
29 0
30 0
31 0
32 0
33 0
2
0 0 1 0
0 13 2 1
0
end_operator
begin_operator
start-order o8 n1 n0
6
1 2
28 1
29 0
31 0
32 0
33 0
3
0 0 1 0
0 13 2 1
0 30 0 1
0
end_operator
begin_operator
start-order o8 n1 n0
5
1 0
28 0
30 0
31 0
33 0
4
0 0 1 0
0 13 2 1
0 29 0 1
0 32 1 0
0
end_operator
begin_operator
start-order o8 n1 n0
3
1 0
28 1
33 0
6
0 0 1 0
0 13 2 1
0 29 0 1
0 30 0 1
0 31 0 1
0 32 1 0
0
end_operator
begin_operator
start-order o8 n10 n9
0
2
0 0 2 14
0 13 2 1
0
end_operator
begin_operator
start-order o8 n11 n10
0
2
0 0 3 2
0 13 2 1
0
end_operator
begin_operator
start-order o8 n12 n11
0
2
0 0 4 3
0 13 2 1
0
end_operator
begin_operator
start-order o8 n13 n12
0
2
0 0 5 4
0 13 2 1
0
end_operator
begin_operator
start-order o8 n14 n13
0
2
0 0 6 5
0 13 2 1
0
end_operator
begin_operator
start-order o8 n2 n1
3
1 0
28 0
33 0
3
0 0 7 1
0 13 2 1
0 32 0 1
0
end_operator
begin_operator
start-order o8 n2 n1
3
1 0
28 1
33 0
3
0 0 7 1
0 13 2 1
0 32 0 1
0
end_operator
begin_operator
start-order o8 n2 n1
4
1 1
28 0
32 0
33 0
2
0 0 7 1
0 13 2 1
0
end_operator
begin_operator
start-order o8 n2 n1
4
1 1
28 1
32 0
33 0
2
0 0 7 1
0 13 2 1
0
end_operator
begin_operator
start-order o8 n2 n1
4
1 2
28 0
32 0
33 0
2
0 0 7 1
0 13 2 1
0
end_operator
begin_operator
start-order o8 n2 n1
4
1 2
28 1
32 0
33 0
2
0 0 7 1
0 13 2 1
0
end_operator
begin_operator
start-order o8 n3 n2
0
2
0 0 8 7
0 13 2 1
0
end_operator
begin_operator
start-order o8 n4 n3
0
2
0 0 9 8
0 13 2 1
0
end_operator
begin_operator
start-order o8 n5 n4
0
2
0 0 10 9
0 13 2 1
0
end_operator
begin_operator
start-order o8 n6 n5
0
2
0 0 11 10
0 13 2 1
0
end_operator
begin_operator
start-order o8 n7 n6
0
2
0 0 12 11
0 13 2 1
0
end_operator
begin_operator
start-order o8 n8 n7
0
2
0 0 13 12
0 13 2 1
0
end_operator
begin_operator
start-order o8 n9 n8
0
2
0 0 14 13
0 13 2 1
0
end_operator
begin_operator
start-order o9 n1 n0
7
1 1
28 0
29 0
30 0
31 0
32 0
33 0
2
0 0 1 0
0 14 2 1
0
end_operator
begin_operator
start-order o9 n1 n0
6
1 1
28 1
29 0
31 0
32 0
33 0
3
0 0 1 0
0 14 2 1
0 30 0 1
0
end_operator
begin_operator
start-order o9 n1 n0
7
1 2
28 0
29 0
30 0
31 0
32 0
33 0
2
0 0 1 0
0 14 2 1
0
end_operator
begin_operator
start-order o9 n1 n0
6
1 2
28 1
29 0
31 0
32 0
33 0
3
0 0 1 0
0 14 2 1
0 30 0 1
0
end_operator
begin_operator
start-order o9 n1 n0
5
1 0
28 0
30 0
31 0
33 0
4
0 0 1 0
0 14 2 1
0 29 0 1
0 32 1 0
0
end_operator
begin_operator
start-order o9 n1 n0
3
1 0
28 1
33 0
6
0 0 1 0
0 14 2 1
0 29 0 1
0 30 0 1
0 31 0 1
0 32 1 0
0
end_operator
begin_operator
start-order o9 n10 n9
0
2
0 0 2 14
0 14 2 1
0
end_operator
begin_operator
start-order o9 n11 n10
0
2
0 0 3 2
0 14 2 1
0
end_operator
begin_operator
start-order o9 n12 n11
0
2
0 0 4 3
0 14 2 1
0
end_operator
begin_operator
start-order o9 n13 n12
0
2
0 0 5 4
0 14 2 1
0
end_operator
begin_operator
start-order o9 n14 n13
0
2
0 0 6 5
0 14 2 1
0
end_operator
begin_operator
start-order o9 n2 n1
3
1 0
28 0
33 0
3
0 0 7 1
0 14 2 1
0 32 0 1
0
end_operator
begin_operator
start-order o9 n2 n1
3
1 0
28 1
33 0
3
0 0 7 1
0 14 2 1
0 32 0 1
0
end_operator
begin_operator
start-order o9 n2 n1
4
1 1
28 0
32 0
33 0
2
0 0 7 1
0 14 2 1
0
end_operator
begin_operator
start-order o9 n2 n1
4
1 1
28 1
32 0
33 0
2
0 0 7 1
0 14 2 1
0
end_operator
begin_operator
start-order o9 n2 n1
4
1 2
28 0
32 0
33 0
2
0 0 7 1
0 14 2 1
0
end_operator
begin_operator
start-order o9 n2 n1
4
1 2
28 1
32 0
33 0
2
0 0 7 1
0 14 2 1
0
end_operator
begin_operator
start-order o9 n3 n2
0
2
0 0 8 7
0 14 2 1
0
end_operator
begin_operator
start-order o9 n4 n3
0
2
0 0 9 8
0 14 2 1
0
end_operator
begin_operator
start-order o9 n5 n4
0
2
0 0 10 9
0 14 2 1
0
end_operator
begin_operator
start-order o9 n6 n5
0
2
0 0 11 10
0 14 2 1
0
end_operator
begin_operator
start-order o9 n7 n6
0
2
0 0 12 11
0 14 2 1
0
end_operator
begin_operator
start-order o9 n8 n7
0
2
0 0 13 12
0 14 2 1
0
end_operator
begin_operator
start-order o9 n9 n8
0
2
0 0 14 13
0 14 2 1
0
end_operator
0
