step 0: state 26 applicable 13
change-color robot1 white black :: cost: 5
    add: (robot-has robot1 black)
    del: (robot-has robot1 white)
change-color robot1 white white :: cost: 5
    add:
    del:
change-color robot2 black black :: cost: 5
    add:
    del:
step 1: state 26 applicable 13
change-color robot1 white black :: cost: 5
    add: (robot-has robot1 black)
    del: (robot-has robot1 white)
change-color robot1 white white :: cost: 5
    add:
    del:
change-color robot2 black black :: cost: 5
    add:
    del:
step 2: state 26 applicable 13
change-color robot1 black black :: cost: 5
    add:
    del:
change-color robot1 black white :: cost: 5
    add: (robot-has robot1 white)
    del: (robot-has robot1 black)
change-color robot2 black black :: cost: 5
    add:
    del:
step 3: state 26 applicable 13
change-color robot1 black black :: cost: 5
    add:
    del:
change-color robot1 black white :: cost: 5
    add: (robot-has robot1 white)
    del: (robot-has robot1 black)
change-color robot2 white black :: cost: 5
    add: (robot-has robot2 black)
    del: (robot-has robot2 white)
step 4: state 26 applicable 13
change-color robot1 black black :: cost: 5
    add:
    del:
change-color robot1 black white :: cost: 5
    add: (robot-has robot1 white)
    del: (robot-has robot1 black)
change-color robot2 black black :: cost: 5
    add:
    del:
ground atoms: 43 groundings: 21
