begin_version
3
end_version
begin_metric
1
end_metric
20
begin_variable
var0
-1
5
at player-01 pos-2-4
at stone-01 pos-2-4
at stone-02 pos-2-4
at stone-03 pos-2-4
clear pos-2-4
end_variable
begin_variable
var1
-1
5
at player-01 pos-3-3
at stone-01 pos-3-3
at stone-02 pos-3-3
at stone-03 pos-3-3
clear pos-3-3
end_variable
begin_variable
var2
-1
5
at player-01 pos-3-4
at stone-01 pos-3-4
at stone-02 pos-3-4
at stone-03 pos-3-4
clear pos-3-4
end_variable
begin_variable
var3
-1
5
at player-01 pos-3-5
at stone-01 pos-3-5
at stone-02 pos-3-5
at stone-03 pos-3-5
clear pos-3-5
end_variable
begin_variable
var4
-1
5
at player-01 pos-4-3
at stone-01 pos-4-3
at stone-02 pos-4-3
at stone-03 pos-4-3
clear pos-4-3
end_variable
begin_variable
var5
-1
5
at player-01 pos-4-4
at stone-01 pos-4-4
at stone-02 pos-4-4
at stone-03 pos-4-4
clear pos-4-4
end_variable
begin_variable
var6
-1
5
at player-01 pos-4-5
at stone-01 pos-4-5
at stone-02 pos-4-5
at stone-03 pos-4-5
clear pos-4-5
end_variable
begin_variable
var7
-1
5
at player-01 pos-5-3
at stone-01 pos-5-3
at stone-02 pos-5-3
at stone-03 pos-5-3
clear pos-5-3
end_variable
begin_variable
var8
-1
5
at player-01 pos-5-4
at stone-01 pos-5-4
at stone-02 pos-5-4
at stone-03 pos-5-4
clear pos-5-4
end_variable
begin_variable
var9
-1
3
at player-01 pos-2-3
clear pos-2-3
none-of-those
end_variable
begin_variable
var10
-1
3
at player-01 pos-2-5
clear pos-2-5
none-of-those
end_variable
begin_variable
var11
-1
3
at player-01 pos-3-2
clear pos-3-2
none-of-those
end_variable
begin_variable
var12
-1
3
at player-01 pos-3-6
clear pos-3-6
none-of-those
end_variable
begin_variable
var13
-1
3
at player-01 pos-4-2
clear pos-4-2
none-of-those
end_variable
begin_variable
var14
-1
3
at player-01 pos-4-6
clear pos-4-6
none-of-those
end_variable
begin_variable
var15
-1
3
at player-01 pos-6-3
clear pos-6-3
none-of-those
end_variable
begin_variable
var16
-1
3
at player-01 pos-6-4
clear pos-6-4
none-of-those
end_variable
begin_variable
var17
-1
2
at-goal stone-01
none-of-those
end_variable
begin_variable
var18
-1
2
at-goal stone-02
none-of-those
end_variable
begin_variable
var19
-1
2
at-goal stone-03
none-of-those
end_variable
21
begin_mutex_group
2
9 0
9 1
end_mutex_group
begin_mutex_group
2
10 0
10 1
end_mutex_group
begin_mutex_group
2
11 0
11 1
end_mutex_group
begin_mutex_group
2
12 0
12 1
end_mutex_group
begin_mutex_group
2
13 0
13 1
end_mutex_group
begin_mutex_group
2
14 0
14 1
end_mutex_group
begin_mutex_group
2
15 0
15 1
end_mutex_group
begin_mutex_group
2
16 0
16 1
end_mutex_group
begin_mutex_group
5
0 0
0 1
0 2
0 3
0 4
end_mutex_group
begin_mutex_group
5
1 0
1 1
1 2
1 3
1 4
end_mutex_group
begin_mutex_group
5
2 0
2 1
2 2
2 3
2 4
end_mutex_group
begin_mutex_group
5
3 0
3 1
3 2
3 3
3 4
end_mutex_group
begin_mutex_group
5
4 0
4 1
4 2
4 3
4 4
end_mutex_group
begin_mutex_group
5
5 0
5 1
5 2
5 3
5 4
end_mutex_group
begin_mutex_group
5
6 0
6 1
6 2
6 3
6 4
end_mutex_group
begin_mutex_group
5
7 0
7 1
7 2
7 3
7 4
end_mutex_group
begin_mutex_group
5
8 0
8 1
8 2
8 3
8 4
end_mutex_group
begin_mutex_group
9
0 1
1 1
2 1
3 1
4 1
5 1
6 1
7 1
8 1
end_mutex_group
begin_mutex_group
9
0 2
1 2
2 2
3 2
4 2
5 2
6 2
7 2
8 2
end_mutex_group
begin_mutex_group
9
0 3
1 3
2 3
3 3
4 3
5 3
6 3
7 3
8 3
end_mutex_group
begin_mutex_group
17
9 0
0 0
10 0
11 0
1 0
2 0
3 0
12 0
13 0
4 0
5 0
6 0
14 0
7 0
8 0
15 0
16 0
end_mutex_group
begin_state
4
4
1
4
4
2
4
4
3
1
1
1
1
1
1
1
0
0
0
1
end_state
begin_goal
3
17 0
18 0
19 0
end_goal
132
begin_operator
move player-01 pos-2-3 pos-2-4 dir-down
0
2
0 0 4 0
0 9 0 1
0
end_operator
begin_operator
move player-01 pos-2-3 pos-3-3 dir-right
0
2
0 1 4 0
0 9 0 1
0
end_operator
begin_operator
move player-01 pos-2-4 pos-2-3 dir-up
0
2
0 0 0 4
0 9 1 0
0
end_operator
begin_operator
move player-01 pos-2-4 pos-2-5 dir-down
0
2
0 0 0 4
0 10 1 0
0
end_operator
begin_operator
move player-01 pos-2-4 pos-3-4 dir-right
0
2
0 0 0 4
0 2 4 0
0
end_operator
begin_operator
move player-01 pos-2-5 pos-2-4 dir-up
0
2
0 0 4 0
0 10 0 1
0
end_operator
begin_operator
move player-01 pos-2-5 pos-3-5 dir-right
0
2
0 3 4 0
0 10 0 1
0
end_operator
begin_operator
move player-01 pos-3-2 pos-3-3 dir-down
0
2
0 1 4 0
0 11 0 1
0
end_operator
begin_operator
move player-01 pos-3-2 pos-4-2 dir-right
0
2
0 11 0 1
0 13 1 0
0
end_operator
begin_operator
move player-01 pos-3-3 pos-2-3 dir-left
0
2
0 1 0 4
0 9 1 0
0
end_operator
begin_operator
move player-01 pos-3-3 pos-3-2 dir-up
0
2
0 1 0 4
0 11 1 0
0
end_operator
begin_operator
move player-01 pos-3-3 pos-3-4 dir-down
0
2
0 1 0 4
0 2 4 0
0
end_operator
begin_operator
move player-01 pos-3-3 pos-4-3 dir-right
0
2
0 1 0 4
0 4 4 0
0
end_operator
begin_operator
move player-01 pos-3-4 pos-2-4 dir-left
0
2
0 0 4 0
0 2 0 4
0
end_operator
begin_operator
move player-01 pos-3-4 pos-3-3 dir-up
0
2
0 1 4 0
0 2 0 4
0
end_operator
begin_operator
move player-01 pos-3-4 pos-3-5 dir-down
0
2
0 2 0 4
0 3 4 0
0
end_operator
begin_operator
move player-01 pos-3-4 pos-4-4 dir-right
0
2
0 2 0 4
0 5 4 0
0
end_operator
begin_operator
move player-01 pos-3-5 pos-2-5 dir-left
0
2
0 3 0 4
0 10 1 0
0
end_operator
begin_operator
move player-01 pos-3-5 pos-3-4 dir-up
0
2
0 2 4 0
0 3 0 4
0
end_operator
begin_operator
move player-01 pos-3-5 pos-3-6 dir-down
0
2
0 3 0 4
0 12 1 0
0
end_operator
begin_operator
move player-01 pos-3-5 pos-4-5 dir-right
0
2
0 3 0 4
0 6 4 0
0
end_operator
begin_operator
move player-01 pos-3-6 pos-3-5 dir-up
0
2
0 3 4 0
0 12 0 1
0
end_operator
begin_operator
move player-01 pos-3-6 pos-4-6 dir-right
0
2
0 12 0 1
0 14 1 0
0
end_operator
begin_operator
move player-01 pos-4-2 pos-3-2 dir-left
0
2
0 11 1 0
0 13 0 1
0
end_operator
begin_operator
move player-01 pos-4-2 pos-4-3 dir-down
0
2
0 4 4 0
0 13 0 1
0
end_operator
begin_operator
move player-01 pos-4-3 pos-3-3 dir-left
0
2
0 1 4 0
0 4 0 4
0
end_operator
begin_operator
move player-01 pos-4-3 pos-4-2 dir-up
0
2
0 4 0 4
0 13 1 0
0
end_operator
begin_operator
move player-01 pos-4-3 pos-4-4 dir-down
0
2
0 4 0 4
0 5 4 0
0
end_operator
begin_operator
move player-01 pos-4-3 pos-5-3 dir-right
0
2
0 4 0 4
0 7 4 0
0
end_operator
begin_operator
move player-01 pos-4-4 pos-3-4 dir-left
0
2
0 2 4 0
0 5 0 4
0
end_operator
begin_operator
move player-01 pos-4-4 pos-4-3 dir-up
0
2
0 4 4 0
0 5 0 4
0
end_operator
begin_operator
move player-01 pos-4-4 pos-4-5 dir-down
0
2
0 5 0 4
0 6 4 0
0
end_operator
begin_operator
move player-01 pos-4-4 pos-5-4 dir-right
0
2
0 5 0 4
0 8 4 0
0
end_operator
begin_operator
move player-01 pos-4-5 pos-3-5 dir-left
0
2
0 3 4 0
0 6 0 4
0
end_operator
begin_operator
move player-01 pos-4-5 pos-4-4 dir-up
0
2
0 5 4 0
0 6 0 4
0
end_operator
begin_operator
move player-01 pos-4-5 pos-4-6 dir-down
0
2
0 6 0 4
0 14 1 0
0
end_operator
begin_operator
move player-01 pos-4-6 pos-3-6 dir-left
0
2
0 12 1 0
0 14 0 1
0
end_operator
begin_operator
move player-01 pos-4-6 pos-4-5 dir-up
0
2
0 6 4 0
0 14 0 1
0
end_operator
begin_operator
move player-01 pos-5-3 pos-4-3 dir-left
0
2
0 4 4 0
0 7 0 4
0
end_operator
begin_operator
move player-01 pos-5-3 pos-5-4 dir-down
0
2
0 7 0 4
0 8 4 0
0
end_operator
begin_operator
move player-01 pos-5-3 pos-6-3 dir-right
0
2
0 7 0 4
0 15 1 0
0
end_operator
begin_operator
move player-01 pos-5-4 pos-4-4 dir-left
0
2
0 5 4 0
0 8 0 4
0
end_operator
begin_operator
move player-01 pos-5-4 pos-5-3 dir-up
0
2
0 7 4 0
0 8 0 4
0
end_operator
begin_operator
move player-01 pos-5-4 pos-6-4 dir-right
0
2
0 8 0 4
0 16 1 0
0
end_operator
begin_operator
move player-01 pos-6-3 pos-5-3 dir-left
0
2
0 7 4 0
0 15 0 1
0
end_operator
begin_operator
move player-01 pos-6-3 pos-6-4 dir-down
0
2
0 15 0 1
0 16 1 0
0
end_operator
begin_operator
move player-01 pos-6-4 pos-5-4 dir-left
0
2
0 8 4 0
0 16 0 1
0
end_operator
begin_operator
move player-01 pos-6-4 pos-6-3 dir-up
0
2
0 15 1 0
0 16 0 1
0
end_operator
begin_operator
push-to-goal player-01 stone-01 pos-2-4 pos-3-4 pos-4-4 dir-right
0
4
0 0 0 4
0 2 1 0
0 5 4 1
0 17 -1 0
1
end_operator
begin_operator
push-to-goal player-01 stone-01 pos-3-2 pos-3-3 pos-3-4 dir-down
0
4
0 1 1 0
0 2 4 1
0 11 0 1
0 17 -1 0
1
end_operator
begin_operator
push-to-goal player-01 stone-01 pos-3-6 pos-3-5 pos-3-4 dir-up
0
4
0 2 4 1
0 3 1 0
0 12 0 1
0 17 -1 0
1
end_operator
begin_operator
push-to-goal player-01 stone-01 pos-4-2 pos-4-3 pos-4-4 dir-down
0
4
0 4 1 0
0 5 4 1
0 13 0 1
0 17 -1 0
1
end_operator
begin_operator
push-to-goal player-01 stone-01 pos-4-4 pos-3-4 pos-2-4 dir-left
0
4
0 0 4 1
0 2 1 0
0 5 0 4
0 17 -1 0
1
end_operator
begin_operator
push-to-goal player-01 stone-01 pos-4-6 pos-4-5 pos-4-4 dir-up
0
4
0 5 4 1
0 6 1 0
0 14 0 1
0 17 -1 0
1
end_operator
begin_operator
push-to-goal player-01 stone-01 pos-5-4 pos-4-4 pos-3-4 dir-left
0
4
0 2 4 1
0 5 1 0
0 8 0 4
0 17 -1 0
1
end_operator
begin_operator
push-to-goal player-01 stone-01 pos-6-4 pos-5-4 pos-4-4 dir-left
0
4
0 5 4 1
0 8 1 0
0 16 0 1
0 17 -1 0
1
end_operator
begin_operator
push-to-goal player-01 stone-02 pos-2-4 pos-3-4 pos-4-4 dir-right
0
4
0 0 0 4
0 2 2 0
0 5 4 2
0 18 -1 0
1
end_operator
begin_operator
push-to-goal player-01 stone-02 pos-3-2 pos-3-3 pos-3-4 dir-down
0
4
0 1 2 0
0 2 4 2
0 11 0 1
0 18 -1 0
1
end_operator
begin_operator
push-to-goal player-01 stone-02 pos-3-6 pos-3-5 pos-3-4 dir-up
0
4
0 2 4 2
0 3 2 0
0 12 0 1
0 18 -1 0
1
end_operator
begin_operator
push-to-goal player-01 stone-02 pos-4-2 pos-4-3 pos-4-4 dir-down
0
4
0 4 2 0
0 5 4 2
0 13 0 1
0 18 -1 0
1
end_operator
begin_operator
push-to-goal player-01 stone-02 pos-4-4 pos-3-4 pos-2-4 dir-left
0
4
0 0 4 2
0 2 2 0
0 5 0 4
0 18 -1 0
1
end_operator
begin_operator
push-to-goal player-01 stone-02 pos-4-6 pos-4-5 pos-4-4 dir-up
0
4
0 5 4 2
0 6 2 0
0 14 0 1
0 18 -1 0
1
end_operator
begin_operator
push-to-goal player-01 stone-02 pos-5-4 pos-4-4 pos-3-4 dir-left
0
4
0 2 4 2
0 5 2 0
0 8 0 4
0 18 -1 0
1
end_operator
begin_operator
push-to-goal player-01 stone-02 pos-6-4 pos-5-4 pos-4-4 dir-left
0
4
0 5 4 2
0 8 2 0
0 16 0 1
0 18 -1 0
1
end_operator
begin_operator
push-to-goal player-01 stone-03 pos-2-4 pos-3-4 pos-4-4 dir-right
0
4
0 0 0 4
0 2 3 0
0 5 4 3
0 19 -1 0
1
end_operator
begin_operator
push-to-goal player-01 stone-03 pos-3-2 pos-3-3 pos-3-4 dir-down
0
4
0 1 3 0
0 2 4 3
0 11 0 1
0 19 -1 0
1
end_operator
begin_operator
push-to-goal player-01 stone-03 pos-3-6 pos-3-5 pos-3-4 dir-up
0
4
0 2 4 3
0 3 3 0
0 12 0 1
0 19 -1 0
1
end_operator
begin_operator
push-to-goal player-01 stone-03 pos-4-2 pos-4-3 pos-4-4 dir-down
0
4
0 4 3 0
0 5 4 3
0 13 0 1
0 19 -1 0
1
end_operator
begin_operator
push-to-goal player-01 stone-03 pos-4-4 pos-3-4 pos-2-4 dir-left
0
4
0 0 4 3
0 2 3 0
0 5 0 4
0 19 -1 0
1
end_operator
begin_operator
push-to-goal player-01 stone-03 pos-4-6 pos-4-5 pos-4-4 dir-up
0
4
0 5 4 3
0 6 3 0
0 14 0 1
0 19 -1 0
1
end_operator
begin_operator
push-to-goal player-01 stone-03 pos-5-4 pos-4-4 pos-3-4 dir-left
0
4
0 2 4 3
0 5 3 0
0 8 0 4
0 19 -1 0
1
end_operator
begin_operator
push-to-goal player-01 stone-03 pos-6-4 pos-5-4 pos-4-4 dir-left
0
4
0 5 4 3
0 8 3 0
0 16 0 1
0 19 -1 0
1
end_operator
begin_operator
push-to-nongoal player-01 stone-01 pos-2-3 pos-2-4 pos-2-5 dir-down
0
4
0 0 1 0
0 9 0 1
0 10 1 2
0 17 -1 1
1
end_operator
begin_operator
push-to-nongoal player-01 stone-01 pos-2-3 pos-3-3 pos-4-3 dir-right
0
3
0 1 1 0
0 4 4 1
0 9 0 1
1
end_operator
begin_operator
push-to-nongoal player-01 stone-01 pos-2-5 pos-2-4 pos-2-3 dir-up
0
4
0 0 1 0
0 9 1 2
0 10 0 1
0 17 -1 1
1
end_operator
begin_operator
push-to-nongoal player-01 stone-01 pos-2-5 pos-3-5 pos-4-5 dir-right
0
3
0 3 1 0
0 6 4 1
0 10 0 1
1
end_operator
begin_operator
push-to-nongoal player-01 stone-01 pos-3-3 pos-3-4 pos-3-5 dir-down
0
4
0 1 0 4
0 2 1 0
0 3 4 1
0 17 -1 1
1
end_operator
begin_operator
push-to-nongoal player-01 stone-01 pos-3-3 pos-4-3 pos-5-3 dir-right
0
3
0 1 0 4
0 4 1 0
0 7 4 1
1
end_operator
begin_operator
push-to-nongoal player-01 stone-01 pos-3-4 pos-3-3 pos-3-2 dir-up
0
3
0 1 1 0
0 2 0 4
0 11 1 2
1
end_operator
begin_operator
push-to-nongoal player-01 stone-01 pos-3-4 pos-3-5 pos-3-6 dir-down
0
3
0 2 0 4
0 3 1 0
0 12 1 2
1
end_operator
begin_operator
push-to-nongoal player-01 stone-01 pos-3-4 pos-4-4 pos-5-4 dir-right
0
4
0 2 0 4
0 5 1 0
0 8 4 1
0 17 -1 1
1
end_operator
begin_operator
push-to-nongoal player-01 stone-01 pos-3-5 pos-3-4 pos-3-3 dir-up
0
4
0 1 4 1
0 2 1 0
0 3 0 4
0 17 -1 1
1
end_operator
begin_operator
push-to-nongoal player-01 stone-01 pos-4-3 pos-3-3 pos-2-3 dir-left
0
3
0 1 1 0
0 4 0 4
0 9 1 2
1
end_operator
begin_operator
push-to-nongoal player-01 stone-01 pos-4-3 pos-4-4 pos-4-5 dir-down
0
4
0 4 0 4
0 5 1 0
0 6 4 1
0 17 -1 1
1
end_operator
begin_operator
push-to-nongoal player-01 stone-01 pos-4-3 pos-5-3 pos-6-3 dir-right
0
3
0 4 0 4
0 7 1 0
0 15 1 2
1
end_operator
begin_operator
push-to-nongoal player-01 stone-01 pos-4-4 pos-4-3 pos-4-2 dir-up
0
3
0 4 1 0
0 5 0 4
0 13 1 2
1
end_operator
begin_operator
push-to-nongoal player-01 stone-01 pos-4-4 pos-4-5 pos-4-6 dir-down
0
3
0 5 0 4
0 6 1 0
0 14 1 2
1
end_operator
begin_operator
push-to-nongoal player-01 stone-01 pos-4-4 pos-5-4 pos-6-4 dir-right
0
3
0 5 0 4
0 8 1 0
0 16 1 2
1
end_operator
begin_operator
push-to-nongoal player-01 stone-01 pos-4-5 pos-3-5 pos-2-5 dir-left
0
3
0 3 1 0
0 6 0 4
0 10 1 2
1
end_operator
begin_operator
push-to-nongoal player-01 stone-01 pos-4-5 pos-4-4 pos-4-3 dir-up
0
4
0 4 4 1
0 5 1 0
0 6 0 4
0 17 -1 1
1
end_operator
begin_operator
push-to-nongoal player-01 stone-01 pos-5-3 pos-4-3 pos-3-3 dir-left
0
3
0 1 4 1
0 4 1 0
0 7 0 4
1
end_operator
begin_operator
push-to-nongoal player-01 stone-01 pos-6-3 pos-5-3 pos-4-3 dir-left
0
3
0 4 4 1
0 7 1 0
0 15 0 1
1
end_operator
begin_operator
push-to-nongoal player-01 stone-02 pos-2-3 pos-2-4 pos-2-5 dir-down
0
4
0 0 2 0
0 9 0 1
0 10 1 2
0 18 -1 1
1
end_operator
begin_operator
push-to-nongoal player-01 stone-02 pos-2-3 pos-3-3 pos-4-3 dir-right
0
3
0 1 2 0
0 4 4 2
0 9 0 1
1
end_operator
begin_operator
push-to-nongoal player-01 stone-02 pos-2-5 pos-2-4 pos-2-3 dir-up
0
4
0 0 2 0
0 9 1 2
0 10 0 1
0 18 -1 1
1
end_operator
begin_operator
push-to-nongoal player-01 stone-02 pos-2-5 pos-3-5 pos-4-5 dir-right
0
3
0 3 2 0
0 6 4 2
0 10 0 1
1
end_operator
begin_operator
push-to-nongoal player-01 stone-02 pos-3-3 pos-3-4 pos-3-5 dir-down
0
4
0 1 0 4
0 2 2 0
0 3 4 2
0 18 -1 1
1
end_operator
begin_operator
push-to-nongoal player-01 stone-02 pos-3-3 pos-4-3 pos-5-3 dir-right
0
3
0 1 0 4
0 4 2 0
0 7 4 2
1
end_operator
begin_operator
push-to-nongoal player-01 stone-02 pos-3-4 pos-3-3 pos-3-2 dir-up
0
3
0 1 2 0
0 2 0 4
0 11 1 2
1
end_operator
begin_operator
push-to-nongoal player-01 stone-02 pos-3-4 pos-3-5 pos-3-6 dir-down
0
3
0 2 0 4
0 3 2 0
0 12 1 2
1
end_operator
begin_operator
push-to-nongoal player-01 stone-02 pos-3-4 pos-4-4 pos-5-4 dir-right
0
4
0 2 0 4
0 5 2 0
0 8 4 2
0 18 -1 1
1
end_operator
begin_operator
push-to-nongoal player-01 stone-02 pos-3-5 pos-3-4 pos-3-3 dir-up
0
4
0 1 4 2
0 2 2 0
0 3 0 4
0 18 -1 1
1
end_operator
begin_operator
push-to-nongoal player-01 stone-02 pos-4-3 pos-3-3 pos-2-3 dir-left
0
3
0 1 2 0
0 4 0 4
0 9 1 2
1
end_operator
begin_operator
push-to-nongoal player-01 stone-02 pos-4-3 pos-4-4 pos-4-5 dir-down
0
4
0 4 0 4
0 5 2 0
0 6 4 2
0 18 -1 1
1
end_operator
begin_operator
push-to-nongoal player-01 stone-02 pos-4-3 pos-5-3 pos-6-3 dir-right
0
3
0 4 0 4
0 7 2 0
0 15 1 2
1
end_operator
begin_operator
push-to-nongoal player-01 stone-02 pos-4-4 pos-4-3 pos-4-2 dir-up
0
3
0 4 2 0
0 5 0 4
0 13 1 2
1
end_operator
begin_operator
push-to-nongoal player-01 stone-02 pos-4-4 pos-4-5 pos-4-6 dir-down
0
3
0 5 0 4
0 6 2 0
0 14 1 2
1
end_operator
begin_operator
push-to-nongoal player-01 stone-02 pos-4-4 pos-5-4 pos-6-4 dir-right
0
3
0 5 0 4
0 8 2 0
0 16 1 2
1
end_operator
begin_operator
push-to-nongoal player-01 stone-02 pos-4-5 pos-3-5 pos-2-5 dir-left
0
3
0 3 2 0
0 6 0 4
0 10 1 2
1
end_operator
begin_operator
push-to-nongoal player-01 stone-02 pos-4-5 pos-4-4 pos-4-3 dir-up
0
4
0 4 4 2
0 5 2 0
0 6 0 4
0 18 -1 1
1
end_operator
begin_operator
push-to-nongoal player-01 stone-02 pos-5-3 pos-4-3 pos-3-3 dir-left
0
3
0 1 4 2
0 4 2 0
0 7 0 4
1
end_operator
begin_operator
push-to-nongoal player-01 stone-02 pos-6-3 pos-5-3 pos-4-3 dir-left
0
3
0 4 4 2
0 7 2 0
0 15 0 1
1
end_operator
begin_operator
push-to-nongoal player-01 stone-03 pos-2-3 pos-2-4 pos-2-5 dir-down
0
4
0 0 3 0
0 9 0 1
0 10 1 2
0 19 -1 1
1
end_operator
begin_operator
push-to-nongoal player-01 stone-03 pos-2-3 pos-3-3 pos-4-3 dir-right
0
3
0 1 3 0
0 4 4 3
0 9 0 1
1
end_operator
begin_operator
push-to-nongoal player-01 stone-03 pos-2-5 pos-2-4 pos-2-3 dir-up
0
4
0 0 3 0
0 9 1 2
0 10 0 1
0 19 -1 1
1
end_operator
begin_operator
push-to-nongoal player-01 stone-03 pos-2-5 pos-3-5 pos-4-5 dir-right
0
3
0 3 3 0
0 6 4 3
0 10 0 1
1
end_operator
begin_operator
push-to-nongoal player-01 stone-03 pos-3-3 pos-3-4 pos-3-5 dir-down
0
4
0 1 0 4
0 2 3 0
0 3 4 3
0 19 -1 1
1
end_operator
begin_operator
push-to-nongoal player-01 stone-03 pos-3-3 pos-4-3 pos-5-3 dir-right
0
3
0 1 0 4
0 4 3 0
0 7 4 3
1
end_operator
begin_operator
push-to-nongoal player-01 stone-03 pos-3-4 pos-3-3 pos-3-2 dir-up
0
3
0 1 3 0
0 2 0 4
0 11 1 2
1
end_operator
begin_operator
push-to-nongoal player-01 stone-03 pos-3-4 pos-3-5 pos-3-6 dir-down
0
3
0 2 0 4
0 3 3 0
0 12 1 2
1
end_operator
begin_operator
push-to-nongoal player-01 stone-03 pos-3-4 pos-4-4 pos-5-4 dir-right
0
4
0 2 0 4
0 5 3 0
0 8 4 3
0 19 -1 1
1
end_operator
begin_operator
push-to-nongoal player-01 stone-03 pos-3-5 pos-3-4 pos-3-3 dir-up
0
4
0 1 4 3
0 2 3 0
0 3 0 4
0 19 -1 1
1
end_operator
begin_operator
push-to-nongoal player-01 stone-03 pos-4-3 pos-3-3 pos-2-3 dir-left
0
3
0 1 3 0
0 4 0 4
0 9 1 2
1
end_operator
begin_operator
push-to-nongoal player-01 stone-03 pos-4-3 pos-4-4 pos-4-5 dir-down
0
4
0 4 0 4
0 5 3 0
0 6 4 3
0 19 -1 1
1
end_operator
begin_operator
push-to-nongoal player-01 stone-03 pos-4-3 pos-5-3 pos-6-3 dir-right
0
3
0 4 0 4
0 7 3 0
0 15 1 2
1
end_operator
begin_operator
push-to-nongoal player-01 stone-03 pos-4-4 pos-4-3 pos-4-2 dir-up
0
3
0 4 3 0
0 5 0 4
0 13 1 2
1
end_operator
begin_operator
push-to-nongoal player-01 stone-03 pos-4-4 pos-4-5 pos-4-6 dir-down
0
3
0 5 0 4
0 6 3 0
0 14 1 2
1
end_operator
begin_operator
push-to-nongoal player-01 stone-03 pos-4-4 pos-5-4 pos-6-4 dir-right
0
3
0 5 0 4
0 8 3 0
0 16 1 2
1
end_operator
begin_operator
push-to-nongoal player-01 stone-03 pos-4-5 pos-3-5 pos-2-5 dir-left
0
3
0 3 3 0
0 6 0 4
0 10 1 2
1
end_operator
begin_operator
push-to-nongoal player-01 stone-03 pos-4-5 pos-4-4 pos-4-3 dir-up
0
4
0 4 4 3
0 5 3 0
0 6 0 4
0 19 -1 1
1
end_operator
begin_operator
push-to-nongoal player-01 stone-03 pos-5-3 pos-4-3 pos-3-3 dir-left
0
3
0 1 4 3
0 4 3 0
0 7 0 4
1
end_operator
begin_operator
push-to-nongoal player-01 stone-03 pos-6-3 pos-5-3 pos-4-3 dir-left
0
3
0 4 4 3
0 7 3 0
0 15 0 1
1
end_operator
0
