Fact[77]:
  (boarded p0 fast0 0-0-0)
  (boarded p0 slow0-0 0-1-1)
  (boarded p0 slow1-0 0-2-2)
  (passenger-at p0 n0 0-3-3)
  (passenger-at p0 n1 0-4-4)
  (passenger-at p0 n10 0-5-5)
  (passenger-at p0 n11 0-6-6)
  (passenger-at p0 n12 0-7-7)
  (passenger-at p0 n2 0-8-8)
  (passenger-at p0 n3 0-9-9)
  (passenger-at p0 n4 0-10-10)
  (passenger-at p0 n5 0-11-11)
  (passenger-at p0 n6 0-12-12)
  (passenger-at p0 n7 0-13-13)
  (passenger-at p0 n8 0-14-14)
  (passenger-at p0 n9 0-15-15)
  (boarded p1 fast0 1-0-16)
  (boarded p1 slow0-0 1-1-17)
  (boarded p1 slow1-0 1-2-18)
  (passenger-at p1 n0 1-3-19)
  (passenger-at p1 n1 1-4-20)
  (passenger-at p1 n10 1-5-21)
  (passenger-at p1 n11 1-6-22)
  (passenger-at p1 n12 1-7-23)
  (passenger-at p1 n2 1-8-24)
  (passenger-at p1 n3 1-9-25)
  (passenger-at p1 n4 1-10-26)
  (passenger-at p1 n5 1-11-27)
  (passenger-at p1 n6 1-12-28)
  (passenger-at p1 n7 1-13-29)
  (passenger-at p1 n8 1-14-30)
  (passenger-at p1 n9 1-15-31)
  (boarded p2 fast0 2-0-32)
  (boarded p2 slow0-0 2-1-33)
  (boarded p2 slow1-0 2-2-34)
  (passenger-at p2 n0 2-3-35)
  (passenger-at p2 n1 2-4-36)
  (passenger-at p2 n10 2-5-37)
  (passenger-at p2 n11 2-6-38)
  (passenger-at p2 n12 2-7-39)
  (passenger-at p2 n2 2-8-40)
  (passenger-at p2 n3 2-9-41)
  (passenger-at p2 n4 2-10-42)
  (passenger-at p2 n5 2-11-43)
  (passenger-at p2 n6 2-12-44)
  (passenger-at p2 n7 2-13-45)
  (passenger-at p2 n8 2-14-46)
  (passenger-at p2 n9 2-15-47)
  (lift-at slow0-0 n0 3-0-48)
  (lift-at slow0-0 n1 3-1-49)
  (lift-at slow0-0 n2 3-2-50)
  (lift-at slow0-0 n3 3-3-51)
  (lift-at slow0-0 n4 3-4-52)
  (lift-at slow0-0 n5 3-5-53)
  (lift-at slow0-0 n6 3-6-54)
  (lift-at slow1-0 n10 4-0-55)
  (lift-at slow1-0 n11 4-1-56)
  (lift-at slow1-0 n12 4-2-57)
  (lift-at slow1-0 n6 4-3-58)
  (lift-at slow1-0 n7 4-4-59)
  (lift-at slow1-0 n8 4-5-60)
  (lift-at slow1-0 n9 4-6-61)
  (lift-at fast0 n0 5-0-62)
  (lift-at fast0 n12 5-1-63)
  (lift-at fast0 n3 5-2-64)
  (lift-at fast0 n6 5-3-65)
  (lift-at fast0 n9 5-4-66)
  (passengers fast0 n0 6-0-67)
  (passengers fast0 n1 6-1-68)
  (passengers fast0 n2 6-2-69)
  (passengers fast0 n3 6-3-70)
  (passengers slow0-0 n0 7-0-71)
  (passengers slow0-0 n1 7-1-72)
  (passengers slow0-0 n2 7-2-73)
  (passengers slow1-0 n0 8-0-74)
  (passengers slow1-0 n1 8-1-75)
  (passengers slow1-0 n2 8-2-76)
Op[362]:
  (board p0 fast0 n0 n0 n1), cost: 0
    pre: (passenger-at p0 n0 0-3-3) (lift-at fast0 n0 5-0-62) (passengers fast0 n0 6-0-67)
    add: (boarded p0 fast0 0-0-0) (passengers fast0 n1 6-1-68)
    del: (passenger-at p0 n0 0-3-3) (passengers fast0 n0 6-0-67)
  (board p0 fast0 n0 n1 n2), cost: 0
    pre: (passenger-at p0 n0 0-3-3) (lift-at fast0 n0 5-0-62) (passengers fast0 n1 6-1-68)
    add: (boarded p0 fast0 0-0-0) (passengers fast0 n2 6-2-69)
    del: (passenger-at p0 n0 0-3-3) (passengers fast0 n1 6-1-68)
  (board p0 fast0 n0 n2 n3), cost: 0
    pre: (passenger-at p0 n0 0-3-3) (lift-at fast0 n0 5-0-62) (passengers fast0 n2 6-2-69)
    add: (boarded p0 fast0 0-0-0) (passengers fast0 n3 6-3-70)
    del: (passenger-at p0 n0 0-3-3) (passengers fast0 n2 6-2-69)
  (board p0 fast0 n12 n0 n1), cost: 0
    pre: (passenger-at p0 n12 0-7-7) (lift-at fast0 n12 5-1-63) (passengers fast0 n0 6-0-67)
    add: (boarded p0 fast0 0-0-0) (passengers fast0 n1 6-1-68)
    del: (passenger-at p0 n12 0-7-7) (passengers fast0 n0 6-0-67)
  (board p0 fast0 n12 n1 n2), cost: 0
    pre: (passenger-at p0 n12 0-7-7) (lift-at fast0 n12 5-1-63) (passengers fast0 n1 6-1-68)
    add: (boarded p0 fast0 0-0-0) (passengers fast0 n2 6-2-69)
    del: (passenger-at p0 n12 0-7-7) (passengers fast0 n1 6-1-68)
  (board p0 fast0 n12 n2 n3), cost: 0
    pre: (passenger-at p0 n12 0-7-7) (lift-at fast0 n12 5-1-63) (passengers fast0 n2 6-2-69)
    add: (boarded p0 fast0 0-0-0) (passengers fast0 n3 6-3-70)
    del: (passenger-at p0 n12 0-7-7) (passengers fast0 n2 6-2-69)
  (board p0 fast0 n3 n0 n1), cost: 0
    pre: (passenger-at p0 n3 0-9-9) (lift-at fast0 n3 5-2-64) (passengers fast0 n0 6-0-67)
    add: (boarded p0 fast0 0-0-0) (passengers fast0 n1 6-1-68)
    del: (passenger-at p0 n3 0-9-9) (passengers fast0 n0 6-0-67)
  (board p0 fast0 n3 n1 n2), cost: 0
    pre: (passenger-at p0 n3 0-9-9) (lift-at fast0 n3 5-2-64) (passengers fast0 n1 6-1-68)
    add: (boarded p0 fast0 0-0-0) (passengers fast0 n2 6-2-69)
    del: (passenger-at p0 n3 0-9-9) (passengers fast0 n1 6-1-68)
  (board p0 fast0 n3 n2 n3), cost: 0
    pre: (passenger-at p0 n3 0-9-9) (lift-at fast0 n3 5-2-64) (passengers fast0 n2 6-2-69)
    add: (boarded p0 fast0 0-0-0) (passengers fast0 n3 6-3-70)
    del: (passenger-at p0 n3 0-9-9) (passengers fast0 n2 6-2-69)
  (board p0 fast0 n6 n0 n1), cost: 0
    pre: (passenger-at p0 n6 0-12-12) (lift-at fast0 n6 5-3-65) (passengers fast0 n0 6-0-67)
    add: (boarded p0 fast0 0-0-0) (passengers fast0 n1 6-1-68)
    del: (passenger-at p0 n6 0-12-12) (passengers fast0 n0 6-0-67)
  (board p0 fast0 n6 n1 n2), cost: 0
    pre: (passenger-at p0 n6 0-12-12) (lift-at fast0 n6 5-3-65) (passengers fast0 n1 6-1-68)
    add: (boarded p0 fast0 0-0-0) (passengers fast0 n2 6-2-69)
    del: (passenger-at p0 n6 0-12-12) (passengers fast0 n1 6-1-68)
  (board p0 fast0 n6 n2 n3), cost: 0
    pre: (passenger-at p0 n6 0-12-12) (lift-at fast0 n6 5-3-65) (passengers fast0 n2 6-2-69)
    add: (boarded p0 fast0 0-0-0) (passengers fast0 n3 6-3-70)
    del: (passenger-at p0 n6 0-12-12) (passengers fast0 n2 6-2-69)
  (board p0 fast0 n9 n0 n1), cost: 0
    pre: (passenger-at p0 n9 0-15-15) (lift-at fast0 n9 5-4-66) (passengers fast0 n0 6-0-67)
    add: (boarded p0 fast0 0-0-0) (passengers fast0 n1 6-1-68)
    del: (passenger-at p0 n9 0-15-15) (passengers fast0 n0 6-0-67)
  (board p0 fast0 n9 n1 n2), cost: 0
    pre: (passenger-at p0 n9 0-15-15) (lift-at fast0 n9 5-4-66) (passengers fast0 n1 6-1-68)
    add: (boarded p0 fast0 0-0-0) (passengers fast0 n2 6-2-69)
    del: (passenger-at p0 n9 0-15-15) (passengers fast0 n1 6-1-68)
  (board p0 fast0 n9 n2 n3), cost: 0
    pre: (passenger-at p0 n9 0-15-15) (lift-at fast0 n9 5-4-66) (passengers fast0 n2 6-2-69)
    add: (boarded p0 fast0 0-0-0) (passengers fast0 n3 6-3-70)
    del: (passenger-at p0 n9 0-15-15) (passengers fast0 n2 6-2-69)
  (board p0 slow0-0 n0 n0 n1), cost: 0
    pre: (passenger-at p0 n0 0-3-3) (lift-at slow0-0 n0 3-0-48) (passengers slow0-0 n0 7-0-71)
    add: (boarded p0 slow0-0 0-1-1) (passengers slow0-0 n1 7-1-72)
    del: (passenger-at p0 n0 0-3-3) (passengers slow0-0 n0 7-0-71)
  (board p0 slow0-0 n0 n1 n2), cost: 0
    pre: (passenger-at p0 n0 0-3-3) (lift-at slow0-0 n0 3-0-48) (passengers slow0-0 n1 7-1-72)
    add: (boarded p0 slow0-0 0-1-1) (passengers slow0-0 n2 7-2-73)
    del: (passenger-at p0 n0 0-3-3) (passengers slow0-0 n1 7-1-72)
  (board p0 slow0-0 n1 n0 n1), cost: 0
    pre: (passenger-at p0 n1 0-4-4) (lift-at slow0-0 n1 3-1-49) (passengers slow0-0 n0 7-0-71)
    add: (boarded p0 slow0-0 0-1-1) (passengers slow0-0 n1 7-1-72)
    del: (passenger-at p0 n1 0-4-4) (passengers slow0-0 n0 7-0-71)
  (board p0 slow0-0 n1 n1 n2), cost: 0
    pre: (passenger-at p0 n1 0-4-4) (lift-at slow0-0 n1 3-1-49) (passengers slow0-0 n1 7-1-72)
    add: (boarded p0 slow0-0 0-1-1) (passengers slow0-0 n2 7-2-73)
    del: (passenger-at p0 n1 0-4-4) (passengers slow0-0 n1 7-1-72)
  (board p0 slow0-0 n2 n0 n1), cost: 0
    pre: (passenger-at p0 n2 0-8-8) (lift-at slow0-0 n2 3-2-50) (passengers slow0-0 n0 7-0-71)
    add: (boarded p0 slow0-0 0-1-1) (passengers slow0-0 n1 7-1-72)
    del: (passenger-at p0 n2 0-8-8) (passengers slow0-0 n0 7-0-71)
  (board p0 slow0-0 n2 n1 n2), cost: 0
    pre: (passenger-at p0 n2 0-8-8) (lift-at slow0-0 n2 3-2-50) (passengers slow0-0 n1 7-1-72)
    add: (boarded p0 slow0-0 0-1-1) (passengers slow0-0 n2 7-2-73)
    del: (passenger-at p0 n2 0-8-8) (passengers slow0-0 n1 7-1-72)
  (board p0 slow0-0 n3 n0 n1), cost: 0
    pre: (passenger-at p0 n3 0-9-9) (lift-at slow0-0 n3 3-3-51) (passengers slow0-0 n0 7-0-71)
    add: (boarded p0 slow0-0 0-1-1) (passengers slow0-0 n1 7-1-72)
    del: (passenger-at p0 n3 0-9-9) (passengers slow0-0 n0 7-0-71)
  (board p0 slow0-0 n3 n1 n2), cost: 0
    pre: (passenger-at p0 n3 0-9-9) (lift-at slow0-0 n3 3-3-51) (passengers slow0-0 n1 7-1-72)
    add: (boarded p0 slow0-0 0-1-1) (passengers slow0-0 n2 7-2-73)
    del: (passenger-at p0 n3 0-9-9) (passengers slow0-0 n1 7-1-72)
  (board p0 slow0-0 n4 n0 n1), cost: 0
    pre: (passenger-at p0 n4 0-10-10) (lift-at slow0-0 n4 3-4-52) (passengers slow0-0 n0 7-0-71)
    add: (boarded p0 slow0-0 0-1-1) (passengers slow0-0 n1 7-1-72)
    del: (passenger-at p0 n4 0-10-10) (passengers slow0-0 n0 7-0-71)
  (board p0 slow0-0 n4 n1 n2), cost: 0
    pre: (passenger-at p0 n4 0-10-10) (lift-at slow0-0 n4 3-4-52) (passengers slow0-0 n1 7-1-72)
    add: (boarded p0 slow0-0 0-1-1) (passengers slow0-0 n2 7-2-73)
    del: (passenger-at p0 n4 0-10-10) (passengers slow0-0 n1 7-1-72)
  (board p0 slow0-0 n5 n0 n1), cost: 0
    pre: (passenger-at p0 n5 0-11-11) (lift-at slow0-0 n5 3-5-53) (passengers slow0-0 n0 7-0-71)
    add: (boarded p0 slow0-0 0-1-1) (passengers slow0-0 n1 7-1-72)
    del: (passenger-at p0 n5 0-11-11) (passengers slow0-0 n0 7-0-71)
  (board p0 slow0-0 n5 n1 n2), cost: 0
    pre: (passenger-at p0 n5 0-11-11) (lift-at slow0-0 n5 3-5-53) (passengers slow0-0 n1 7-1-72)
    add: (boarded p0 slow0-0 0-1-1) (passengers slow0-0 n2 7-2-73)
    del: (passenger-at p0 n5 0-11-11) (passengers slow0-0 n1 7-1-72)
  (board p0 slow0-0 n6 n0 n1), cost: 0
    pre: (passenger-at p0 n6 0-12-12) (lift-at slow0-0 n6 3-6-54) (passengers slow0-0 n0 7-0-71)
    add: (boarded p0 slow0-0 0-1-1) (passengers slow0-0 n1 7-1-72)
    del: (passenger-at p0 n6 0-12-12) (passengers slow0-0 n0 7-0-71)
  (board p0 slow0-0 n6 n1 n2), cost: 0
    pre: (passenger-at p0 n6 0-12-12) (lift-at slow0-0 n6 3-6-54) (passengers slow0-0 n1 7-1-72)
    add: (boarded p0 slow0-0 0-1-1) (passengers slow0-0 n2 7-2-73)
    del: (passenger-at p0 n6 0-12-12) (passengers slow0-0 n1 7-1-72)
  (board p0 slow1-0 n10 n0 n1), cost: 0
    pre: (passenger-at p0 n10 0-5-5) (lift-at slow1-0 n10 4-0-55) (passengers slow1-0 n0 8-0-74)
    add: (boarded p0 slow1-0 0-2-2) (passengers slow1-0 n1 8-1-75)
    del: (passenger-at p0 n10 0-5-5) (passengers slow1-0 n0 8-0-74)
  (board p0 slow1-0 n10 n1 n2), cost: 0
    pre: (passenger-at p0 n10 0-5-5) (lift-at slow1-0 n10 4-0-55) (passengers slow1-0 n1 8-1-75)
    add: (boarded p0 slow1-0 0-2-2) (passengers slow1-0 n2 8-2-76)
    del: (passenger-at p0 n10 0-5-5) (passengers slow1-0 n1 8-1-75)
  (board p0 slow1-0 n11 n0 n1), cost: 0
    pre: (passenger-at p0 n11 0-6-6) (lift-at slow1-0 n11 4-1-56) (passengers slow1-0 n0 8-0-74)
    add: (boarded p0 slow1-0 0-2-2) (passengers slow1-0 n1 8-1-75)
    del: (passenger-at p0 n11 0-6-6) (passengers slow1-0 n0 8-0-74)
  (board p0 slow1-0 n11 n1 n2), cost: 0
    pre: (passenger-at p0 n11 0-6-6) (lift-at slow1-0 n11 4-1-56) (passengers slow1-0 n1 8-1-75)
    add: (boarded p0 slow1-0 0-2-2) (passengers slow1-0 n2 8-2-76)
    del: (passenger-at p0 n11 0-6-6) (passengers slow1-0 n1 8-1-75)
  (board p0 slow1-0 n12 n0 n1), cost: 0
    pre: (passenger-at p0 n12 0-7-7) (lift-at slow1-0 n12 4-2-57) (passengers slow1-0 n0 8-0-74)
    add: (boarded p0 slow1-0 0-2-2) (passengers slow1-0 n1 8-1-75)
    del: (passenger-at p0 n12 0-7-7) (passengers slow1-0 n0 8-0-74)
  (board p0 slow1-0 n12 n1 n2), cost: 0
    pre: (passenger-at p0 n12 0-7-7) (lift-at slow1-0 n12 4-2-57) (passengers slow1-0 n1 8-1-75)
    add: (boarded p0 slow1-0 0-2-2) (passengers slow1-0 n2 8-2-76)
    del: (passenger-at p0 n12 0-7-7) (passengers slow1-0 n1 8-1-75)
  (board p0 slow1-0 n6 n0 n1), cost: 0
    pre: (passenger-at p0 n6 0-12-12) (lift-at slow1-0 n6 4-3-58) (passengers slow1-0 n0 8-0-74)
    add: (boarded p0 slow1-0 0-2-2) (passengers slow1-0 n1 8-1-75)
    del: (passenger-at p0 n6 0-12-12) (passengers slow1-0 n0 8-0-74)
  (board p0 slow1-0 n6 n1 n2), cost: 0
    pre: (passenger-at p0 n6 0-12-12) (lift-at slow1-0 n6 4-3-58) (passengers slow1-0 n1 8-1-75)
    add: (boarded p0 slow1-0 0-2-2) (passengers slow1-0 n2 8-2-76)
    del: (passenger-at p0 n6 0-12-12) (passengers slow1-0 n1 8-1-75)
  (board p0 slow1-0 n7 n0 n1), cost: 0
    pre: (passenger-at p0 n7 0-13-13) (lift-at slow1-0 n7 4-4-59) (passengers slow1-0 n0 8-0-74)
    add: (boarded p0 slow1-0 0-2-2) (passengers slow1-0 n1 8-1-75)
    del: (passenger-at p0 n7 0-13-13) (passengers slow1-0 n0 8-0-74)
  (board p0 slow1-0 n7 n1 n2), cost: 0
    pre: (passenger-at p0 n7 0-13-13) (lift-at slow1-0 n7 4-4-59) (passengers slow1-0 n1 8-1-75)
    add: (boarded p0 slow1-0 0-2-2) (passengers slow1-0 n2 8-2-76)
    del: (passenger-at p0 n7 0-13-13) (passengers slow1-0 n1 8-1-75)
  (board p0 slow1-0 n8 n0 n1), cost: 0
    pre: (passenger-at p0 n8 0-14-14) (lift-at slow1-0 n8 4-5-60) (passengers slow1-0 n0 8-0-74)
    add: (boarded p0 slow1-0 0-2-2) (passengers slow1-0 n1 8-1-75)
    del: (passenger-at p0 n8 0-14-14) (passengers slow1-0 n0 8-0-74)
  (board p0 slow1-0 n8 n1 n2), cost: 0
    pre: (passenger-at p0 n8 0-14-14) (lift-at slow1-0 n8 4-5-60) (passengers slow1-0 n1 8-1-75)
    add: (boarded p0 slow1-0 0-2-2) (passengers slow1-0 n2 8-2-76)
    del: (passenger-at p0 n8 0-14-14) (passengers slow1-0 n1 8-1-75)
  (board p0 slow1-0 n9 n0 n1), cost: 0
    pre: (passenger-at p0 n9 0-15-15) (lift-at slow1-0 n9 4-6-61) (passengers slow1-0 n0 8-0-74)
    add: (boarded p0 slow1-0 0-2-2) (passengers slow1-0 n1 8-1-75)
    del: (passenger-at p0 n9 0-15-15) (passengers slow1-0 n0 8-0-74)
  (board p0 slow1-0 n9 n1 n2), cost: 0
    pre: (passenger-at p0 n9 0-15-15) (lift-at slow1-0 n9 4-6-61) (passengers slow1-0 n1 8-1-75)
    add: (boarded p0 slow1-0 0-2-2) (passengers slow1-0 n2 8-2-76)
    del: (passenger-at p0 n9 0-15-15) (passengers slow1-0 n1 8-1-75)
  (board p1 fast0 n0 n0 n1), cost: 0
    pre: (passenger-at p1 n0 1-3-19) (lift-at fast0 n0 5-0-62) (passengers fast0 n0 6-0-67)
    add: (boarded p1 fast0 1-0-16) (passengers fast0 n1 6-1-68)
    del: (passenger-at p1 n0 1-3-19) (passengers fast0 n0 6-0-67)
  (board p1 fast0 n0 n1 n2), cost: 0
    pre: (passenger-at p1 n0 1-3-19) (lift-at fast0 n0 5-0-62) (passengers fast0 n1 6-1-68)
    add: (boarded p1 fast0 1-0-16) (passengers fast0 n2 6-2-69)
    del: (passenger-at p1 n0 1-3-19) (passengers fast0 n1 6-1-68)
  (board p1 fast0 n0 n2 n3), cost: 0
    pre: (passenger-at p1 n0 1-3-19) (lift-at fast0 n0 5-0-62) (passengers fast0 n2 6-2-69)
    add: (boarded p1 fast0 1-0-16) (passengers fast0 n3 6-3-70)
    del: (passenger-at p1 n0 1-3-19) (passengers fast0 n2 6-2-69)
  (board p1 fast0 n12 n0 n1), cost: 0
    pre: (passenger-at p1 n12 1-7-23) (lift-at fast0 n12 5-1-63) (passengers fast0 n0 6-0-67)
    add: (boarded p1 fast0 1-0-16) (passengers fast0 n1 6-1-68)
    del: (passenger-at p1 n12 1-7-23) (passengers fast0 n0 6-0-67)
  (board p1 fast0 n12 n1 n2), cost: 0
    pre: (passenger-at p1 n12 1-7-23) (lift-at fast0 n12 5-1-63) (passengers fast0 n1 6-1-68)
    add: (boarded p1 fast0 1-0-16) (passengers fast0 n2 6-2-69)
    del: (passenger-at p1 n12 1-7-23) (passengers fast0 n1 6-1-68)
  (board p1 fast0 n12 n2 n3), cost: 0
    pre: (passenger-at p1 n12 1-7-23) (lift-at fast0 n12 5-1-63) (passengers fast0 n2 6-2-69)
    add: (boarded p1 fast0 1-0-16) (passengers fast0 n3 6-3-70)
    del: (passenger-at p1 n12 1-7-23) (passengers fast0 n2 6-2-69)
  (board p1 fast0 n3 n0 n1), cost: 0
    pre: (passenger-at p1 n3 1-9-25) (lift-at fast0 n3 5-2-64) (passengers fast0 n0 6-0-67)
    add: (boarded p1 fast0 1-0-16) (passengers fast0 n1 6-1-68)
    del: (passenger-at p1 n3 1-9-25) (passengers fast0 n0 6-0-67)
  (board p1 fast0 n3 n1 n2), cost: 0
    pre: (passenger-at p1 n3 1-9-25) (lift-at fast0 n3 5-2-64) (passengers fast0 n1 6-1-68)
    add: (boarded p1 fast0 1-0-16) (passengers fast0 n2 6-2-69)
    del: (passenger-at p1 n3 1-9-25) (passengers fast0 n1 6-1-68)
  (board p1 fast0 n3 n2 n3), cost: 0
    pre: (passenger-at p1 n3 1-9-25) (lift-at fast0 n3 5-2-64) (passengers fast0 n2 6-2-69)
    add: (boarded p1 fast0 1-0-16) (passengers fast0 n3 6-3-70)
    del: (passenger-at p1 n3 1-9-25) (passengers fast0 n2 6-2-69)
  (board p1 fast0 n6 n0 n1), cost: 0
    pre: (passenger-at p1 n6 1-12-28) (lift-at fast0 n6 5-3-65) (passengers fast0 n0 6-0-67)
    add: (boarded p1 fast0 1-0-16) (passengers fast0 n1 6-1-68)
    del: (passenger-at p1 n6 1-12-28) (passengers fast0 n0 6-0-67)
  (board p1 fast0 n6 n1 n2), cost: 0
    pre: (passenger-at p1 n6 1-12-28) (lift-at fast0 n6 5-3-65) (passengers fast0 n1 6-1-68)
    add: (boarded p1 fast0 1-0-16) (passengers fast0 n2 6-2-69)
    del: (passenger-at p1 n6 1-12-28) (passengers fast0 n1 6-1-68)
  (board p1 fast0 n6 n2 n3), cost: 0
    pre: (passenger-at p1 n6 1-12-28) (lift-at fast0 n6 5-3-65) (passengers fast0 n2 6-2-69)
    add: (boarded p1 fast0 1-0-16) (passengers fast0 n3 6-3-70)
    del: (passenger-at p1 n6 1-12-28) (passengers fast0 n2 6-2-69)
  (board p1 fast0 n9 n0 n1), cost: 0
    pre: (passenger-at p1 n9 1-15-31) (lift-at fast0 n9 5-4-66) (passengers fast0 n0 6-0-67)
    add: (boarded p1 fast0 1-0-16) (passengers fast0 n1 6-1-68)
    del: (passenger-at p1 n9 1-15-31) (passengers fast0 n0 6-0-67)
  (board p1 fast0 n9 n1 n2), cost: 0
    pre: (passenger-at p1 n9 1-15-31) (lift-at fast0 n9 5-4-66) (passengers fast0 n1 6-1-68)
    add: (boarded p1 fast0 1-0-16) (passengers fast0 n2 6-2-69)
    del: (passenger-at p1 n9 1-15-31) (passengers fast0 n1 6-1-68)
  (board p1 fast0 n9 n2 n3), cost: 0
    pre: (passenger-at p1 n9 1-15-31) (lift-at fast0 n9 5-4-66) (passengers fast0 n2 6-2-69)
    add: (boarded p1 fast0 1-0-16) (passengers fast0 n3 6-3-70)
    del: (passenger-at p1 n9 1-15-31) (passengers fast0 n2 6-2-69)
  (board p1 slow0-0 n0 n0 n1), cost: 0
    pre: (passenger-at p1 n0 1-3-19) (lift-at slow0-0 n0 3-0-48) (passengers slow0-0 n0 7-0-71)
    add: (boarded p1 slow0-0 1-1-17) (passengers slow0-0 n1 7-1-72)
    del: (passenger-at p1 n0 1-3-19) (passengers slow0-0 n0 7-0-71)
  (board p1 slow0-0 n0 n1 n2), cost: 0
    pre: (passenger-at p1 n0 1-3-19) (lift-at slow0-0 n0 3-0-48) (passengers slow0-0 n1 7-1-72)
    add: (boarded p1 slow0-0 1-1-17) (passengers slow0-0 n2 7-2-73)
    del: (passenger-at p1 n0 1-3-19) (passengers slow0-0 n1 7-1-72)
  (board p1 slow0-0 n1 n0 n1), cost: 0
    pre: (passenger-at p1 n1 1-4-20) (lift-at slow0-0 n1 3-1-49) (passengers slow0-0 n0 7-0-71)
    add: (boarded p1 slow0-0 1-1-17) (passengers slow0-0 n1 7-1-72)
    del: (passenger-at p1 n1 1-4-20) (passengers slow0-0 n0 7-0-71)
  (board p1 slow0-0 n1 n1 n2), cost: 0
    pre: (passenger-at p1 n1 1-4-20) (lift-at slow0-0 n1 3-1-49) (passengers slow0-0 n1 7-1-72)
    add: (boarded p1 slow0-0 1-1-17) (passengers slow0-0 n2 7-2-73)
    del: (passenger-at p1 n1 1-4-20) (passengers slow0-0 n1 7-1-72)
  (board p1 slow0-0 n2 n0 n1), cost: 0
    pre: (passenger-at p1 n2 1-8-24) (lift-at slow0-0 n2 3-2-50) (passengers slow0-0 n0 7-0-71)
    add: (boarded p1 slow0-0 1-1-17) (passengers slow0-0 n1 7-1-72)
    del: (passenger-at p1 n2 1-8-24) (passengers slow0-0 n0 7-0-71)
  (board p1 slow0-0 n2 n1 n2), cost: 0
    pre: (passenger-at p1 n2 1-8-24) (lift-at slow0-0 n2 3-2-50) (passengers slow0-0 n1 7-1-72)
    add: (boarded p1 slow0-0 1-1-17) (passengers slow0-0 n2 7-2-73)
    del: (passenger-at p1 n2 1-8-24) (passengers slow0-0 n1 7-1-72)
  (board p1 slow0-0 n3 n0 n1), cost: 0
    pre: (passenger-at p1 n3 1-9-25) (lift-at slow0-0 n3 3-3-51) (passengers slow0-0 n0 7-0-71)
    add: (boarded p1 slow0-0 1-1-17) (passengers slow0-0 n1 7-1-72)
    del: (passenger-at p1 n3 1-9-25) (passengers slow0-0 n0 7-0-71)
  (board p1 slow0-0 n3 n1 n2), cost: 0
    pre: (passenger-at p1 n3 1-9-25) (lift-at slow0-0 n3 3-3-51) (passengers slow0-0 n1 7-1-72)
    add: (boarded p1 slow0-0 1-1-17) (passengers slow0-0 n2 7-2-73)
    del: (passenger-at p1 n3 1-9-25) (passengers slow0-0 n1 7-1-72)
  (board p1 slow0-0 n4 n0 n1), cost: 0
    pre: (passenger-at p1 n4 1-10-26) (lift-at slow0-0 n4 3-4-52) (passengers slow0-0 n0 7-0-71)
    add: (boarded p1 slow0-0 1-1-17) (passengers slow0-0 n1 7-1-72)
    del: (passenger-at p1 n4 1-10-26) (passengers slow0-0 n0 7-0-71)
  (board p1 slow0-0 n4 n1 n2), cost: 0
    pre: (passenger-at p1 n4 1-10-26) (lift-at slow0-0 n4 3-4-52) (passengers slow0-0 n1 7-1-72)
    add: (boarded p1 slow0-0 1-1-17) (passengers slow0-0 n2 7-2-73)
    del: (passenger-at p1 n4 1-10-26) (passengers slow0-0 n1 7-1-72)
  (board p1 slow0-0 n5 n0 n1), cost: 0
    pre: (passenger-at p1 n5 1-11-27) (lift-at slow0-0 n5 3-5-53) (passengers slow0-0 n0 7-0-71)
    add: (boarded p1 slow0-0 1-1-17) (passengers slow0-0 n1 7-1-72)
    del: (passenger-at p1 n5 1-11-27) (passengers slow0-0 n0 7-0-71)
  (board p1 slow0-0 n5 n1 n2), cost: 0
    pre: (passenger-at p1 n5 1-11-27) (lift-at slow0-0 n5 3-5-53) (passengers slow0-0 n1 7-1-72)
    add: (boarded p1 slow0-0 1-1-17) (passengers slow0-0 n2 7-2-73)
    del: (passenger-at p1 n5 1-11-27) (passengers slow0-0 n1 7-1-72)
  (board p1 slow0-0 n6 n0 n1), cost: 0
    pre: (passenger-at p1 n6 1-12-28) (lift-at slow0-0 n6 3-6-54) (passengers slow0-0 n0 7-0-71)
    add: (boarded p1 slow0-0 1-1-17) (passengers slow0-0 n1 7-1-72)
    del: (passenger-at p1 n6 1-12-28) (passengers slow0-0 n0 7-0-71)
  (board p1 slow0-0 n6 n1 n2), cost: 0
    pre: (passenger-at p1 n6 1-12-28) (lift-at slow0-0 n6 3-6-54) (passengers slow0-0 n1 7-1-72)
    add: (boarded p1 slow0-0 1-1-17) (passengers slow0-0 n2 7-2-73)
    del: (passenger-at p1 n6 1-12-28) (passengers slow0-0 n1 7-1-72)
  (board p1 slow1-0 n10 n0 n1), cost: 0
    pre: (passenger-at p1 n10 1-5-21) (lift-at slow1-0 n10 4-0-55) (passengers slow1-0 n0 8-0-74)
    add: (boarded p1 slow1-0 1-2-18) (passengers slow1-0 n1 8-1-75)
    del: (passenger-at p1 n10 1-5-21) (passengers slow1-0 n0 8-0-74)
  (board p1 slow1-0 n10 n1 n2), cost: 0
    pre: (passenger-at p1 n10 1-5-21) (lift-at slow1-0 n10 4-0-55) (passengers slow1-0 n1 8-1-75)
    add: (boarded p1 slow1-0 1-2-18) (passengers slow1-0 n2 8-2-76)
    del: (passenger-at p1 n10 1-5-21) (passengers slow1-0 n1 8-1-75)
  (board p1 slow1-0 n11 n0 n1), cost: 0
    pre: (passenger-at p1 n11 1-6-22) (lift-at slow1-0 n11 4-1-56) (passengers slow1-0 n0 8-0-74)
    add: (boarded p1 slow1-0 1-2-18) (passengers slow1-0 n1 8-1-75)
    del: (passenger-at p1 n11 1-6-22) (passengers slow1-0 n0 8-0-74)
  (board p1 slow1-0 n11 n1 n2), cost: 0
    pre: (passenger-at p1 n11 1-6-22) (lift-at slow1-0 n11 4-1-56) (passengers slow1-0 n1 8-1-75)
    add: (boarded p1 slow1-0 1-2-18) (passengers slow1-0 n2 8-2-76)
    del: (passenger-at p1 n11 1-6-22) (passengers slow1-0 n1 8-1-75)
  (board p1 slow1-0 n12 n0 n1), cost: 0
    pre: (passenger-at p1 n12 1-7-23) (lift-at slow1-0 n12 4-2-57) (passengers slow1-0 n0 8-0-74)
    add: (boarded p1 slow1-0 1-2-18) (passengers slow1-0 n1 8-1-75)
    del: (passenger-at p1 n12 1-7-23) (passengers slow1-0 n0 8-0-74)
  (board p1 slow1-0 n12 n1 n2), cost: 0
    pre: (passenger-at p1 n12 1-7-23) (lift-at slow1-0 n12 4-2-57) (passengers slow1-0 n1 8-1-75)
    add: (boarded p1 slow1-0 1-2-18) (passengers slow1-0 n2 8-2-76)
    del: (passenger-at p1 n12 1-7-23) (passengers slow1-0 n1 8-1-75)
  (board p1 slow1-0 n6 n0 n1), cost: 0
    pre: (passenger-at p1 n6 1-12-28) (lift-at slow1-0 n6 4-3-58) (passengers slow1-0 n0 8-0-74)
    add: (boarded p1 slow1-0 1-2-18) (passengers slow1-0 n1 8-1-75)
    del: (passenger-at p1 n6 1-12-28) (passengers slow1-0 n0 8-0-74)
  (board p1 slow1-0 n6 n1 n2), cost: 0
    pre: (passenger-at p1 n6 1-12-28) (lift-at slow1-0 n6 4-3-58) (passengers slow1-0 n1 8-1-75)
    add: (boarded p1 slow1-0 1-2-18) (passengers slow1-0 n2 8-2-76)
    del: (passenger-at p1 n6 1-12-28) (passengers slow1-0 n1 8-1-75)
  (board p1 slow1-0 n7 n0 n1), cost: 0
    pre: (passenger-at p1 n7 1-13-29) (lift-at slow1-0 n7 4-4-59) (passengers slow1-0 n0 8-0-74)
    add: (boarded p1 slow1-0 1-2-18) (passengers slow1-0 n1 8-1-75)
    del: (passenger-at p1 n7 1-13-29) (passengers slow1-0 n0 8-0-74)
  (board p1 slow1-0 n7 n1 n2), cost: 0
    pre: (passenger-at p1 n7 1-13-29) (lift-at slow1-0 n7 4-4-59) (passengers slow1-0 n1 8-1-75)
    add: (boarded p1 slow1-0 1-2-18) (passengers slow1-0 n2 8-2-76)
    del: (passenger-at p1 n7 1-13-29) (passengers slow1-0 n1 8-1-75)
  (board p1 slow1-0 n8 n0 n1), cost: 0
    pre: (passenger-at p1 n8 1-14-30) (lift-at slow1-0 n8 4-5-60) (passengers slow1-0 n0 8-0-74)
    add: (boarded p1 slow1-0 1-2-18) (passengers slow1-0 n1 8-1-75)
    del: (passenger-at p1 n8 1-14-30) (passengers slow1-0 n0 8-0-74)
  (board p1 slow1-0 n8 n1 n2), cost: 0
    pre: (passenger-at p1 n8 1-14-30) (lift-at slow1-0 n8 4-5-60) (passengers slow1-0 n1 8-1-75)
    add: (boarded p1 slow1-0 1-2-18) (passengers slow1-0 n2 8-2-76)
    del: (passenger-at p1 n8 1-14-30) (passengers slow1-0 n1 8-1-75)
  (board p1 slow1-0 n9 n0 n1), cost: 0
    pre: (passenger-at p1 n9 1-15-31) (lift-at slow1-0 n9 4-6-61) (passengers slow1-0 n0 8-0-74)
    add: (boarded p1 slow1-0 1-2-18) (passengers slow1-0 n1 8-1-75)
    del: (passenger-at p1 n9 1-15-31) (passengers slow1-0 n0 8-0-74)
  (board p1 slow1-0 n9 n1 n2), cost: 0
    pre: (passenger-at p1 n9 1-15-31) (lift-at slow1-0 n9 4-6-61) (passengers slow1-0 n1 8-1-75)
    add: (boarded p1 slow1-0 1-2-18) (passengers slow1-0 n2 8-2-76)
    del: (passenger-at p1 n9 1-15-31) (passengers slow1-0 n1 8-1-75)
  (board p2 fast0 n0 n0 n1), cost: 0
    pre: (passenger-at p2 n0 2-3-35) (lift-at fast0 n0 5-0-62) (passengers fast0 n0 6-0-67)
    add: (boarded p2 fast0 2-0-32) (passengers fast0 n1 6-1-68)
    del: (passenger-at p2 n0 2-3-35) (passengers fast0 n0 6-0-67)
  (board p2 fast0 n0 n1 n2), cost: 0
    pre: (passenger-at p2 n0 2-3-35) (lift-at fast0 n0 5-0-62) (passengers fast0 n1 6-1-68)
    add: (boarded p2 fast0 2-0-32) (passengers fast0 n2 6-2-69)
    del: (passenger-at p2 n0 2-3-35) (passengers fast0 n1 6-1-68)
  (board p2 fast0 n0 n2 n3), cost: 0
    pre: (passenger-at p2 n0 2-3-35) (lift-at fast0 n0 5-0-62) (passengers fast0 n2 6-2-69)
    add: (boarded p2 fast0 2-0-32) (passengers fast0 n3 6-3-70)
    del: (passenger-at p2 n0 2-3-35) (passengers fast0 n2 6-2-69)
  (board p2 fast0 n12 n0 n1), cost: 0
    pre: (passenger-at p2 n12 2-7-39) (lift-at fast0 n12 5-1-63) (passengers fast0 n0 6-0-67)
    add: (boarded p2 fast0 2-0-32) (passengers fast0 n1 6-1-68)
    del: (passenger-at p2 n12 2-7-39) (passengers fast0 n0 6-0-67)
  (board p2 fast0 n12 n1 n2), cost: 0
    pre: (passenger-at p2 n12 2-7-39) (lift-at fast0 n12 5-1-63) (passengers fast0 n1 6-1-68)
    add: (boarded p2 fast0 2-0-32) (passengers fast0 n2 6-2-69)
    del: (passenger-at p2 n12 2-7-39) (passengers fast0 n1 6-1-68)
  (board p2 fast0 n12 n2 n3), cost: 0
    pre: (passenger-at p2 n12 2-7-39) (lift-at fast0 n12 5-1-63) (passengers fast0 n2 6-2-69)
    add: (boarded p2 fast0 2-0-32) (passengers fast0 n3 6-3-70)
    del: (passenger-at p2 n12 2-7-39) (passengers fast0 n2 6-2-69)
  (board p2 fast0 n3 n0 n1), cost: 0
    pre: (passenger-at p2 n3 2-9-41) (lift-at fast0 n3 5-2-64) (passengers fast0 n0 6-0-67)
    add: (boarded p2 fast0 2-0-32) (passengers fast0 n1 6-1-68)
    del: (passenger-at p2 n3 2-9-41) (passengers fast0 n0 6-0-67)
  (board p2 fast0 n3 n1 n2), cost: 0
    pre: (passenger-at p2 n3 2-9-41) (lift-at fast0 n3 5-2-64) (passengers fast0 n1 6-1-68)
    add: (boarded p2 fast0 2-0-32) (passengers fast0 n2 6-2-69)
    del: (passenger-at p2 n3 2-9-41) (passengers fast0 n1 6-1-68)
  (board p2 fast0 n3 n2 n3), cost: 0
    pre: (passenger-at p2 n3 2-9-41) (lift-at fast0 n3 5-2-64) (passengers fast0 n2 6-2-69)
    add: (boarded p2 fast0 2-0-32) (passengers fast0 n3 6-3-70)
    del: (passenger-at p2 n3 2-9-41) (passengers fast0 n2 6-2-69)
  (board p2 fast0 n6 n0 n1), cost: 0
    pre: (passenger-at p2 n6 2-12-44) (lift-at fast0 n6 5-3-65) (passengers fast0 n0 6-0-67)
    add: (boarded p2 fast0 2-0-32) (passengers fast0 n1 6-1-68)
    del: (passenger-at p2 n6 2-12-44) (passengers fast0 n0 6-0-67)
  (board p2 fast0 n6 n1 n2), cost: 0
    pre: (passenger-at p2 n6 2-12-44) (lift-at fast0 n6 5-3-65) (passengers fast0 n1 6-1-68)
    add: (boarded p2 fast0 2-0-32) (passengers fast0 n2 6-2-69)
    del: (passenger-at p2 n6 2-12-44) (passengers fast0 n1 6-1-68)
  (board p2 fast0 n6 n2 n3), cost: 0
    pre: (passenger-at p2 n6 2-12-44) (lift-at fast0 n6 5-3-65) (passengers fast0 n2 6-2-69)
    add: (boarded p2 fast0 2-0-32) (passengers fast0 n3 6-3-70)
    del: (passenger-at p2 n6 2-12-44) (passengers fast0 n2 6-2-69)
  (board p2 fast0 n9 n0 n1), cost: 0
    pre: (passenger-at p2 n9 2-15-47) (lift-at fast0 n9 5-4-66) (passengers fast0 n0 6-0-67)
    add: (boarded p2 fast0 2-0-32) (passengers fast0 n1 6-1-68)
    del: (passenger-at p2 n9 2-15-47) (passengers fast0 n0 6-0-67)
  (board p2 fast0 n9 n1 n2), cost: 0
    pre: (passenger-at p2 n9 2-15-47) (lift-at fast0 n9 5-4-66) (passengers fast0 n1 6-1-68)
    add: (boarded p2 fast0 2-0-32) (passengers fast0 n2 6-2-69)
    del: (passenger-at p2 n9 2-15-47) (passengers fast0 n1 6-1-68)
  (board p2 fast0 n9 n2 n3), cost: 0
    pre: (passenger-at p2 n9 2-15-47) (lift-at fast0 n9 5-4-66) (passengers fast0 n2 6-2-69)
    add: (boarded p2 fast0 2-0-32) (passengers fast0 n3 6-3-70)
    del: (passenger-at p2 n9 2-15-47) (passengers fast0 n2 6-2-69)
  (board p2 slow0-0 n0 n0 n1), cost: 0
    pre: (passenger-at p2 n0 2-3-35) (lift-at slow0-0 n0 3-0-48) (passengers slow0-0 n0 7-0-71)
    add: (boarded p2 slow0-0 2-1-33) (passengers slow0-0 n1 7-1-72)
    del: (passenger-at p2 n0 2-3-35) (passengers slow0-0 n0 7-0-71)
  (board p2 slow0-0 n0 n1 n2), cost: 0
    pre: (passenger-at p2 n0 2-3-35) (lift-at slow0-0 n0 3-0-48) (passengers slow0-0 n1 7-1-72)
    add: (boarded p2 slow0-0 2-1-33) (passengers slow0-0 n2 7-2-73)
    del: (passenger-at p2 n0 2-3-35) (passengers slow0-0 n1 7-1-72)
  (board p2 slow0-0 n1 n0 n1), cost: 0
    pre: (passenger-at p2 n1 2-4-36) (lift-at slow0-0 n1 3-1-49) (passengers slow0-0 n0 7-0-71)
    add: (boarded p2 slow0-0 2-1-33) (passengers slow0-0 n1 7-1-72)
    del: (passenger-at p2 n1 2-4-36) (passengers slow0-0 n0 7-0-71)
  (board p2 slow0-0 n1 n1 n2), cost: 0
    pre: (passenger-at p2 n1 2-4-36) (lift-at slow0-0 n1 3-1-49) (passengers slow0-0 n1 7-1-72)
    add: (boarded p2 slow0-0 2-1-33) (passengers slow0-0 n2 7-2-73)
    del: (passenger-at p2 n1 2-4-36) (passengers slow0-0 n1 7-1-72)
  (board p2 slow0-0 n2 n0 n1), cost: 0
    pre: (passenger-at p2 n2 2-8-40) (lift-at slow0-0 n2 3-2-50) (passengers slow0-0 n0 7-0-71)
    add: (boarded p2 slow0-0 2-1-33) (passengers slow0-0 n1 7-1-72)
    del: (passenger-at p2 n2 2-8-40) (passengers slow0-0 n0 7-0-71)
  (board p2 slow0-0 n2 n1 n2), cost: 0
    pre: (passenger-at p2 n2 2-8-40) (lift-at slow0-0 n2 3-2-50) (passengers slow0-0 n1 7-1-72)
    add: (boarded p2 slow0-0 2-1-33) (passengers slow0-0 n2 7-2-73)
    del: (passenger-at p2 n2 2-8-40) (passengers slow0-0 n1 7-1-72)
  (board p2 slow0-0 n3 n0 n1), cost: 0
    pre: (passenger-at p2 n3 2-9-41) (lift-at slow0-0 n3 3-3-51) (passengers slow0-0 n0 7-0-71)
    add: (boarded p2 slow0-0 2-1-33) (passengers slow0-0 n1 7-1-72)
    del: (passenger-at p2 n3 2-9-41) (passengers slow0-0 n0 7-0-71)
  (board p2 slow0-0 n3 n1 n2), cost: 0
    pre: (passenger-at p2 n3 2-9-41) (lift-at slow0-0 n3 3-3-51) (passengers slow0-0 n1 7-1-72)
    add: (boarded p2 slow0-0 2-1-33) (passengers slow0-0 n2 7-2-73)
    del: (passenger-at p2 n3 2-9-41) (passengers slow0-0 n1 7-1-72)
  (board p2 slow0-0 n4 n0 n1), cost: 0
    pre: (passenger-at p2 n4 2-10-42) (lift-at slow0-0 n4 3-4-52) (passengers slow0-0 n0 7-0-71)
    add: (boarded p2 slow0-0 2-1-33) (passengers slow0-0 n1 7-1-72)
    del: (passenger-at p2 n4 2-10-42) (passengers slow0-0 n0 7-0-71)
  (board p2 slow0-0 n4 n1 n2), cost: 0
    pre: (passenger-at p2 n4 2-10-42) (lift-at slow0-0 n4 3-4-52) (passengers slow0-0 n1 7-1-72)
    add: (boarded p2 slow0-0 2-1-33) (passengers slow0-0 n2 7-2-73)
    del: (passenger-at p2 n4 2-10-42) (passengers slow0-0 n1 7-1-72)
  (board p2 slow0-0 n5 n0 n1), cost: 0
    pre: (passenger-at p2 n5 2-11-43) (lift-at slow0-0 n5 3-5-53) (passengers slow0-0 n0 7-0-71)
    add: (boarded p2 slow0-0 2-1-33) (passengers slow0-0 n1 7-1-72)
    del: (passenger-at p2 n5 2-11-43) (passengers slow0-0 n0 7-0-71)
  (board p2 slow0-0 n5 n1 n2), cost: 0
    pre: (passenger-at p2 n5 2-11-43) (lift-at slow0-0 n5 3-5-53) (passengers slow0-0 n1 7-1-72)
    add: (boarded p2 slow0-0 2-1-33) (passengers slow0-0 n2 7-2-73)
    del: (passenger-at p2 n5 2-11-43) (passengers slow0-0 n1 7-1-72)
  (board p2 slow0-0 n6 n0 n1), cost: 0
    pre: (passenger-at p2 n6 2-12-44) (lift-at slow0-0 n6 3-6-54) (passengers slow0-0 n0 7-0-71)
    add: (boarded p2 slow0-0 2-1-33) (passengers slow0-0 n1 7-1-72)
    del: (passenger-at p2 n6 2-12-44) (passengers slow0-0 n0 7-0-71)
  (board p2 slow0-0 n6 n1 n2), cost: 0
    pre: (passenger-at p2 n6 2-12-44) (lift-at slow0-0 n6 3-6-54) (passengers slow0-0 n1 7-1-72)
    add: (boarded p2 slow0-0 2-1-33) (passengers slow0-0 n2 7-2-73)
    del: (passenger-at p2 n6 2-12-44) (passengers slow0-0 n1 7-1-72)
  (board p2 slow1-0 n10 n0 n1), cost: 0
    pre: (passenger-at p2 n10 2-5-37) (lift-at slow1-0 n10 4-0-55) (passengers slow1-0 n0 8-0-74)
    add: (boarded p2 slow1-0 2-2-34) (passengers slow1-0 n1 8-1-75)
    del: (passenger-at p2 n10 2-5-37) (passengers slow1-0 n0 8-0-74)
  (board p2 slow1-0 n10 n1 n2), cost: 0
    pre: (passenger-at p2 n10 2-5-37) (lift-at slow1-0 n10 4-0-55) (passengers slow1-0 n1 8-1-75)
    add: (boarded p2 slow1-0 2-2-34) (passengers slow1-0 n2 8-2-76)
    del: (passenger-at p2 n10 2-5-37) (passengers slow1-0 n1 8-1-75)
  (board p2 slow1-0 n11 n0 n1), cost: 0
    pre: (passenger-at p2 n11 2-6-38) (lift-at slow1-0 n11 4-1-56) (passengers slow1-0 n0 8-0-74)
    add: (boarded p2 slow1-0 2-2-34) (passengers slow1-0 n1 8-1-75)
    del: (passenger-at p2 n11 2-6-38) (passengers slow1-0 n0 8-0-74)
  (board p2 slow1-0 n11 n1 n2), cost: 0
    pre: (passenger-at p2 n11 2-6-38) (lift-at slow1-0 n11 4-1-56) (passengers slow1-0 n1 8-1-75)
    add: (boarded p2 slow1-0 2-2-34) (passengers slow1-0 n2 8-2-76)
    del: (passenger-at p2 n11 2-6-38) (passengers slow1-0 n1 8-1-75)
  (board p2 slow1-0 n12 n0 n1), cost: 0
    pre: (passenger-at p2 n12 2-7-39) (lift-at slow1-0 n12 4-2-57) (passengers slow1-0 n0 8-0-74)
    add: (boarded p2 slow1-0 2-2-34) (passengers slow1-0 n1 8-1-75)
    del: (passenger-at p2 n12 2-7-39) (passengers slow1-0 n0 8-0-74)
  (board p2 slow1-0 n12 n1 n2), cost: 0
    pre: (passenger-at p2 n12 2-7-39) (lift-at slow1-0 n12 4-2-57) (passengers slow1-0 n1 8-1-75)
    add: (boarded p2 slow1-0 2-2-34) (passengers slow1-0 n2 8-2-76)
    del: (passenger-at p2 n12 2-7-39) (passengers slow1-0 n1 8-1-75)
  (board p2 slow1-0 n6 n0 n1), cost: 0
    pre: (passenger-at p2 n6 2-12-44) (lift-at slow1-0 n6 4-3-58) (passengers slow1-0 n0 8-0-74)
    add: (boarded p2 slow1-0 2-2-34) (passengers slow1-0 n1 8-1-75)
    del: (passenger-at p2 n6 2-12-44) (passengers slow1-0 n0 8-0-74)
  (board p2 slow1-0 n6 n1 n2), cost: 0
    pre: (passenger-at p2 n6 2-12-44) (lift-at slow1-0 n6 4-3-58) (passengers slow1-0 n1 8-1-75)
    add: (boarded p2 slow1-0 2-2-34) (passengers slow1-0 n2 8-2-76)
    del: (passenger-at p2 n6 2-12-44) (passengers slow1-0 n1 8-1-75)
  (board p2 slow1-0 n7 n0 n1), cost: 0
    pre: (passenger-at p2 n7 2-13-45) (lift-at slow1-0 n7 4-4-59) (passengers slow1-0 n0 8-0-74)
    add: (boarded p2 slow1-0 2-2-34) (passengers slow1-0 n1 8-1-75)
    del: (passenger-at p2 n7 2-13-45) (passengers slow1-0 n0 8-0-74)
  (board p2 slow1-0 n7 n1 n2), cost: 0
    pre: (passenger-at p2 n7 2-13-45) (lift-at slow1-0 n7 4-4-59) (passengers slow1-0 n1 8-1-75)
    add: (boarded p2 slow1-0 2-2-34) (passengers slow1-0 n2 8-2-76)
    del: (passenger-at p2 n7 2-13-45) (passengers slow1-0 n1 8-1-75)
  (board p2 slow1-0 n8 n0 n1), cost: 0
    pre: (passenger-at p2 n8 2-14-46) (lift-at slow1-0 n8 4-5-60) (passengers slow1-0 n0 8-0-74)
    add: (boarded p2 slow1-0 2-2-34) (passengers slow1-0 n1 8-1-75)
    del: (passenger-at p2 n8 2-14-46) (passengers slow1-0 n0 8-0-74)
  (board p2 slow1-0 n8 n1 n2), cost: 0
    pre: (passenger-at p2 n8 2-14-46) (lift-at slow1-0 n8 4-5-60) (passengers slow1-0 n1 8-1-75)
    add: (boarded p2 slow1-0 2-2-34) (passengers slow1-0 n2 8-2-76)
    del: (passenger-at p2 n8 2-14-46) (passengers slow1-0 n1 8-1-75)
  (board p2 slow1-0 n9 n0 n1), cost: 0
    pre: (passenger-at p2 n9 2-15-47) (lift-at slow1-0 n9 4-6-61) (passengers slow1-0 n0 8-0-74)
    add: (boarded p2 slow1-0 2-2-34) (passengers slow1-0 n1 8-1-75)
    del: (passenger-at p2 n9 2-15-47) (passengers slow1-0 n0 8-0-74)
  (board p2 slow1-0 n9 n1 n2), cost: 0
    pre: (passenger-at p2 n9 2-15-47) (lift-at slow1-0 n9 4-6-61) (passengers slow1-0 n1 8-1-75)
    add: (boarded p2 slow1-0 2-2-34) (passengers slow1-0 n2 8-2-76)
    del: (passenger-at p2 n9 2-15-47) (passengers slow1-0 n1 8-1-75)
  (leave p0 fast0 n0 n1 n0), cost: 0
    pre: (boarded p0 fast0 0-0-0) (lift-at fast0 n0 5-0-62) (passengers fast0 n1 6-1-68)
    add: (passenger-at p0 n0 0-3-3) (passengers fast0 n0 6-0-67)
    del: (boarded p0 fast0 0-0-0) (passengers fast0 n1 6-1-68)
  (leave p0 fast0 n0 n2 n1), cost: 0
    pre: (boarded p0 fast0 0-0-0) (lift-at fast0 n0 5-0-62) (passengers fast0 n2 6-2-69)
    add: (passenger-at p0 n0 0-3-3) (passengers fast0 n1 6-1-68)
    del: (boarded p0 fast0 0-0-0) (passengers fast0 n2 6-2-69)
  (leave p0 fast0 n0 n3 n2), cost: 0
    pre: (boarded p0 fast0 0-0-0) (lift-at fast0 n0 5-0-62) (passengers fast0 n3 6-3-70)
    add: (passenger-at p0 n0 0-3-3) (passengers fast0 n2 6-2-69)
    del: (boarded p0 fast0 0-0-0) (passengers fast0 n3 6-3-70)
  (leave p0 fast0 n12 n1 n0), cost: 0
    pre: (boarded p0 fast0 0-0-0) (lift-at fast0 n12 5-1-63) (passengers fast0 n1 6-1-68)
    add: (passenger-at p0 n12 0-7-7) (passengers fast0 n0 6-0-67)
    del: (boarded p0 fast0 0-0-0) (passengers fast0 n1 6-1-68)
  (leave p0 fast0 n12 n2 n1), cost: 0
    pre: (boarded p0 fast0 0-0-0) (lift-at fast0 n12 5-1-63) (passengers fast0 n2 6-2-69)
    add: (passenger-at p0 n12 0-7-7) (passengers fast0 n1 6-1-68)
    del: (boarded p0 fast0 0-0-0) (passengers fast0 n2 6-2-69)
  (leave p0 fast0 n12 n3 n2), cost: 0
    pre: (boarded p0 fast0 0-0-0) (lift-at fast0 n12 5-1-63) (passengers fast0 n3 6-3-70)
    add: (passenger-at p0 n12 0-7-7) (passengers fast0 n2 6-2-69)
    del: (boarded p0 fast0 0-0-0) (passengers fast0 n3 6-3-70)
  (leave p0 fast0 n3 n1 n0), cost: 0
    pre: (boarded p0 fast0 0-0-0) (lift-at fast0 n3 5-2-64) (passengers fast0 n1 6-1-68)
    add: (passenger-at p0 n3 0-9-9) (passengers fast0 n0 6-0-67)
    del: (boarded p0 fast0 0-0-0) (passengers fast0 n1 6-1-68)
  (leave p0 fast0 n3 n2 n1), cost: 0
    pre: (boarded p0 fast0 0-0-0) (lift-at fast0 n3 5-2-64) (passengers fast0 n2 6-2-69)
    add: (passenger-at p0 n3 0-9-9) (passengers fast0 n1 6-1-68)
    del: (boarded p0 fast0 0-0-0) (passengers fast0 n2 6-2-69)
  (leave p0 fast0 n3 n3 n2), cost: 0
    pre: (boarded p0 fast0 0-0-0) (lift-at fast0 n3 5-2-64) (passengers fast0 n3 6-3-70)
    add: (passenger-at p0 n3 0-9-9) (passengers fast0 n2 6-2-69)
    del: (boarded p0 fast0 0-0-0) (passengers fast0 n3 6-3-70)
  (leave p0 fast0 n6 n1 n0), cost: 0
    pre: (boarded p0 fast0 0-0-0) (lift-at fast0 n6 5-3-65) (passengers fast0 n1 6-1-68)
    add: (passenger-at p0 n6 0-12-12) (passengers fast0 n0 6-0-67)
    del: (boarded p0 fast0 0-0-0) (passengers fast0 n1 6-1-68)
  (leave p0 fast0 n6 n2 n1), cost: 0
    pre: (boarded p0 fast0 0-0-0) (lift-at fast0 n6 5-3-65) (passengers fast0 n2 6-2-69)
    add: (passenger-at p0 n6 0-12-12) (passengers fast0 n1 6-1-68)
    del: (boarded p0 fast0 0-0-0) (passengers fast0 n2 6-2-69)
  (leave p0 fast0 n6 n3 n2), cost: 0
    pre: (boarded p0 fast0 0-0-0) (lift-at fast0 n6 5-3-65) (passengers fast0 n3 6-3-70)
    add: (passenger-at p0 n6 0-12-12) (passengers fast0 n2 6-2-69)
    del: (boarded p0 fast0 0-0-0) (passengers fast0 n3 6-3-70)
  (leave p0 fast0 n9 n1 n0), cost: 0
    pre: (boarded p0 fast0 0-0-0) (lift-at fast0 n9 5-4-66) (passengers fast0 n1 6-1-68)
    add: (passenger-at p0 n9 0-15-15) (passengers fast0 n0 6-0-67)
    del: (boarded p0 fast0 0-0-0) (passengers fast0 n1 6-1-68)
  (leave p0 fast0 n9 n2 n1), cost: 0
    pre: (boarded p0 fast0 0-0-0) (lift-at fast0 n9 5-4-66) (passengers fast0 n2 6-2-69)
    add: (passenger-at p0 n9 0-15-15) (passengers fast0 n1 6-1-68)
    del: (boarded p0 fast0 0-0-0) (passengers fast0 n2 6-2-69)
  (leave p0 fast0 n9 n3 n2), cost: 0
    pre: (boarded p0 fast0 0-0-0) (lift-at fast0 n9 5-4-66) (passengers fast0 n3 6-3-70)
    add: (passenger-at p0 n9 0-15-15) (passengers fast0 n2 6-2-69)
    del: (boarded p0 fast0 0-0-0) (passengers fast0 n3 6-3-70)
  (leave p0 slow0-0 n0 n1 n0), cost: 0
    pre: (boarded p0 slow0-0 0-1-1) (lift-at slow0-0 n0 3-0-48) (passengers slow0-0 n1 7-1-72)
    add: (passenger-at p0 n0 0-3-3) (passengers slow0-0 n0 7-0-71)
    del: (boarded p0 slow0-0 0-1-1) (passengers slow0-0 n1 7-1-72)
  (leave p0 slow0-0 n0 n2 n1), cost: 0
    pre: (boarded p0 slow0-0 0-1-1) (lift-at slow0-0 n0 3-0-48) (passengers slow0-0 n2 7-2-73)
    add: (passenger-at p0 n0 0-3-3) (passengers slow0-0 n1 7-1-72)
    del: (boarded p0 slow0-0 0-1-1) (passengers slow0-0 n2 7-2-73)
  (leave p0 slow0-0 n1 n1 n0), cost: 0
    pre: (boarded p0 slow0-0 0-1-1) (lift-at slow0-0 n1 3-1-49) (passengers slow0-0 n1 7-1-72)
    add: (passenger-at p0 n1 0-4-4) (passengers slow0-0 n0 7-0-71)
    del: (boarded p0 slow0-0 0-1-1) (passengers slow0-0 n1 7-1-72)
  (leave p0 slow0-0 n1 n2 n1), cost: 0
    pre: (boarded p0 slow0-0 0-1-1) (lift-at slow0-0 n1 3-1-49) (passengers slow0-0 n2 7-2-73)
    add: (passenger-at p0 n1 0-4-4) (passengers slow0-0 n1 7-1-72)
    del: (boarded p0 slow0-0 0-1-1) (passengers slow0-0 n2 7-2-73)
  (leave p0 slow0-0 n2 n1 n0), cost: 0
    pre: (boarded p0 slow0-0 0-1-1) (lift-at slow0-0 n2 3-2-50) (passengers slow0-0 n1 7-1-72)
    add: (passenger-at p0 n2 0-8-8) (passengers slow0-0 n0 7-0-71)
    del: (boarded p0 slow0-0 0-1-1) (passengers slow0-0 n1 7-1-72)
  (leave p0 slow0-0 n2 n2 n1), cost: 0
    pre: (boarded p0 slow0-0 0-1-1) (lift-at slow0-0 n2 3-2-50) (passengers slow0-0 n2 7-2-73)
    add: (passenger-at p0 n2 0-8-8) (passengers slow0-0 n1 7-1-72)
    del: (boarded p0 slow0-0 0-1-1) (passengers slow0-0 n2 7-2-73)
  (leave p0 slow0-0 n3 n1 n0), cost: 0
    pre: (boarded p0 slow0-0 0-1-1) (lift-at slow0-0 n3 3-3-51) (passengers slow0-0 n1 7-1-72)
    add: (passenger-at p0 n3 0-9-9) (passengers slow0-0 n0 7-0-71)
    del: (boarded p0 slow0-0 0-1-1) (passengers slow0-0 n1 7-1-72)
  (leave p0 slow0-0 n3 n2 n1), cost: 0
    pre: (boarded p0 slow0-0 0-1-1) (lift-at slow0-0 n3 3-3-51) (passengers slow0-0 n2 7-2-73)
    add: (passenger-at p0 n3 0-9-9) (passengers slow0-0 n1 7-1-72)
    del: (boarded p0 slow0-0 0-1-1) (passengers slow0-0 n2 7-2-73)
  (leave p0 slow0-0 n4 n1 n0), cost: 0
    pre: (boarded p0 slow0-0 0-1-1) (lift-at slow0-0 n4 3-4-52) (passengers slow0-0 n1 7-1-72)
    add: (passenger-at p0 n4 0-10-10) (passengers slow0-0 n0 7-0-71)
    del: (boarded p0 slow0-0 0-1-1) (passengers slow0-0 n1 7-1-72)
  (leave p0 slow0-0 n4 n2 n1), cost: 0
    pre: (boarded p0 slow0-0 0-1-1) (lift-at slow0-0 n4 3-4-52) (passengers slow0-0 n2 7-2-73)
    add: (passenger-at p0 n4 0-10-10) (passengers slow0-0 n1 7-1-72)
    del: (boarded p0 slow0-0 0-1-1) (passengers slow0-0 n2 7-2-73)
  (leave p0 slow0-0 n5 n1 n0), cost: 0
    pre: (boarded p0 slow0-0 0-1-1) (lift-at slow0-0 n5 3-5-53) (passengers slow0-0 n1 7-1-72)
    add: (passenger-at p0 n5 0-11-11) (passengers slow0-0 n0 7-0-71)
    del: (boarded p0 slow0-0 0-1-1) (passengers slow0-0 n1 7-1-72)
  (leave p0 slow0-0 n5 n2 n1), cost: 0
    pre: (boarded p0 slow0-0 0-1-1) (lift-at slow0-0 n5 3-5-53) (passengers slow0-0 n2 7-2-73)
    add: (passenger-at p0 n5 0-11-11) (passengers slow0-0 n1 7-1-72)
    del: (boarded p0 slow0-0 0-1-1) (passengers slow0-0 n2 7-2-73)
  (leave p0 slow0-0 n6 n1 n0), cost: 0
    pre: (boarded p0 slow0-0 0-1-1) (lift-at slow0-0 n6 3-6-54) (passengers slow0-0 n1 7-1-72)
    add: (passenger-at p0 n6 0-12-12) (passengers slow0-0 n0 7-0-71)
    del: (boarded p0 slow0-0 0-1-1) (passengers slow0-0 n1 7-1-72)
  (leave p0 slow0-0 n6 n2 n1), cost: 0
    pre: (boarded p0 slow0-0 0-1-1) (lift-at slow0-0 n6 3-6-54) (passengers slow0-0 n2 7-2-73)
    add: (passenger-at p0 n6 0-12-12) (passengers slow0-0 n1 7-1-72)
    del: (boarded p0 slow0-0 0-1-1) (passengers slow0-0 n2 7-2-73)
  (leave p0 slow1-0 n10 n1 n0), cost: 0
    pre: (boarded p0 slow1-0 0-2-2) (lift-at slow1-0 n10 4-0-55) (passengers slow1-0 n1 8-1-75)
    add: (passenger-at p0 n10 0-5-5) (passengers slow1-0 n0 8-0-74)
    del: (boarded p0 slow1-0 0-2-2) (passengers slow1-0 n1 8-1-75)
  (leave p0 slow1-0 n10 n2 n1), cost: 0
    pre: (boarded p0 slow1-0 0-2-2) (lift-at slow1-0 n10 4-0-55) (passengers slow1-0 n2 8-2-76)
    add: (passenger-at p0 n10 0-5-5) (passengers slow1-0 n1 8-1-75)
    del: (boarded p0 slow1-0 0-2-2) (passengers slow1-0 n2 8-2-76)
  (leave p0 slow1-0 n11 n1 n0), cost: 0
    pre: (boarded p0 slow1-0 0-2-2) (lift-at slow1-0 n11 4-1-56) (passengers slow1-0 n1 8-1-75)
    add: (passenger-at p0 n11 0-6-6) (passengers slow1-0 n0 8-0-74)
    del: (boarded p0 slow1-0 0-2-2) (passengers slow1-0 n1 8-1-75)
  (leave p0 slow1-0 n11 n2 n1), cost: 0
    pre: (boarded p0 slow1-0 0-2-2) (lift-at slow1-0 n11 4-1-56) (passengers slow1-0 n2 8-2-76)
    add: (passenger-at p0 n11 0-6-6) (passengers slow1-0 n1 8-1-75)
    del: (boarded p0 slow1-0 0-2-2) (passengers slow1-0 n2 8-2-76)
  (leave p0 slow1-0 n12 n1 n0), cost: 0
    pre: (boarded p0 slow1-0 0-2-2) (lift-at slow1-0 n12 4-2-57) (passengers slow1-0 n1 8-1-75)
    add: (passenger-at p0 n12 0-7-7) (passengers slow1-0 n0 8-0-74)
    del: (boarded p0 slow1-0 0-2-2) (passengers slow1-0 n1 8-1-75)
  (leave p0 slow1-0 n12 n2 n1), cost: 0
    pre: (boarded p0 slow1-0 0-2-2) (lift-at slow1-0 n12 4-2-57) (passengers slow1-0 n2 8-2-76)
    add: (passenger-at p0 n12 0-7-7) (passengers slow1-0 n1 8-1-75)
    del: (boarded p0 slow1-0 0-2-2) (passengers slow1-0 n2 8-2-76)
  (leave p0 slow1-0 n6 n1 n0), cost: 0
    pre: (boarded p0 slow1-0 0-2-2) (lift-at slow1-0 n6 4-3-58) (passengers slow1-0 n1 8-1-75)
    add: (passenger-at p0 n6 0-12-12) (passengers slow1-0 n0 8-0-74)
    del: (boarded p0 slow1-0 0-2-2) (passengers slow1-0 n1 8-1-75)
  (leave p0 slow1-0 n6 n2 n1), cost: 0
    pre: (boarded p0 slow1-0 0-2-2) (lift-at slow1-0 n6 4-3-58) (passengers slow1-0 n2 8-2-76)
    add: (passenger-at p0 n6 0-12-12) (passengers slow1-0 n1 8-1-75)
    del: (boarded p0 slow1-0 0-2-2) (passengers slow1-0 n2 8-2-76)
  (leave p0 slow1-0 n7 n1 n0), cost: 0
    pre: (boarded p0 slow1-0 0-2-2) (lift-at slow1-0 n7 4-4-59) (passengers slow1-0 n1 8-1-75)
    add: (passenger-at p0 n7 0-13-13) (passengers slow1-0 n0 8-0-74)
    del: (boarded p0 slow1-0 0-2-2) (passengers slow1-0 n1 8-1-75)
  (leave p0 slow1-0 n7 n2 n1), cost: 0
    pre: (boarded p0 slow1-0 0-2-2) (lift-at slow1-0 n7 4-4-59) (passengers slow1-0 n2 8-2-76)
    add: (passenger-at p0 n7 0-13-13) (passengers slow1-0 n1 8-1-75)
    del: (boarded p0 slow1-0 0-2-2) (passengers slow1-0 n2 8-2-76)
  (leave p0 slow1-0 n8 n1 n0), cost: 0
    pre: (boarded p0 slow1-0 0-2-2) (lift-at slow1-0 n8 4-5-60) (passengers slow1-0 n1 8-1-75)
    add: (passenger-at p0 n8 0-14-14) (passengers slow1-0 n0 8-0-74)
    del: (boarded p0 slow1-0 0-2-2) (passengers slow1-0 n1 8-1-75)
  (leave p0 slow1-0 n8 n2 n1), cost: 0
    pre: (boarded p0 slow1-0 0-2-2) (lift-at slow1-0 n8 4-5-60) (passengers slow1-0 n2 8-2-76)
    add: (passenger-at p0 n8 0-14-14) (passengers slow1-0 n1 8-1-75)
    del: (boarded p0 slow1-0 0-2-2) (passengers slow1-0 n2 8-2-76)
  (leave p0 slow1-0 n9 n1 n0), cost: 0
    pre: (boarded p0 slow1-0 0-2-2) (lift-at slow1-0 n9 4-6-61) (passengers slow1-0 n1 8-1-75)
    add: (passenger-at p0 n9 0-15-15) (passengers slow1-0 n0 8-0-74)
    del: (boarded p0 slow1-0 0-2-2) (passengers slow1-0 n1 8-1-75)
  (leave p0 slow1-0 n9 n2 n1), cost: 0
    pre: (boarded p0 slow1-0 0-2-2) (lift-at slow1-0 n9 4-6-61) (passengers slow1-0 n2 8-2-76)
    add: (passenger-at p0 n9 0-15-15) (passengers slow1-0 n1 8-1-75)
    del: (boarded p0 slow1-0 0-2-2) (passengers slow1-0 n2 8-2-76)
  (leave p1 fast0 n0 n1 n0), cost: 0
    pre: (boarded p1 fast0 1-0-16) (lift-at fast0 n0 5-0-62) (passengers fast0 n1 6-1-68)
    add: (passenger-at p1 n0 1-3-19) (passengers fast0 n0 6-0-67)
    del: (boarded p1 fast0 1-0-16) (passengers fast0 n1 6-1-68)
  (leave p1 fast0 n0 n2 n1), cost: 0
    pre: (boarded p1 fast0 1-0-16) (lift-at fast0 n0 5-0-62) (passengers fast0 n2 6-2-69)
    add: (passenger-at p1 n0 1-3-19) (passengers fast0 n1 6-1-68)
    del: (boarded p1 fast0 1-0-16) (passengers fast0 n2 6-2-69)
  (leave p1 fast0 n0 n3 n2), cost: 0
    pre: (boarded p1 fast0 1-0-16) (lift-at fast0 n0 5-0-62) (passengers fast0 n3 6-3-70)
    add: (passenger-at p1 n0 1-3-19) (passengers fast0 n2 6-2-69)
    del: (boarded p1 fast0 1-0-16) (passengers fast0 n3 6-3-70)
  (leave p1 fast0 n12 n1 n0), cost: 0
    pre: (boarded p1 fast0 1-0-16) (lift-at fast0 n12 5-1-63) (passengers fast0 n1 6-1-68)
    add: (passenger-at p1 n12 1-7-23) (passengers fast0 n0 6-0-67)
    del: (boarded p1 fast0 1-0-16) (passengers fast0 n1 6-1-68)
  (leave p1 fast0 n12 n2 n1), cost: 0
    pre: (boarded p1 fast0 1-0-16) (lift-at fast0 n12 5-1-63) (passengers fast0 n2 6-2-69)
    add: (passenger-at p1 n12 1-7-23) (passengers fast0 n1 6-1-68)
    del: (boarded p1 fast0 1-0-16) (passengers fast0 n2 6-2-69)
  (leave p1 fast0 n12 n3 n2), cost: 0
    pre: (boarded p1 fast0 1-0-16) (lift-at fast0 n12 5-1-63) (passengers fast0 n3 6-3-70)
    add: (passenger-at p1 n12 1-7-23) (passengers fast0 n2 6-2-69)
    del: (boarded p1 fast0 1-0-16) (passengers fast0 n3 6-3-70)
  (leave p1 fast0 n3 n1 n0), cost: 0
    pre: (boarded p1 fast0 1-0-16) (lift-at fast0 n3 5-2-64) (passengers fast0 n1 6-1-68)
    add: (passenger-at p1 n3 1-9-25) (passengers fast0 n0 6-0-67)
    del: (boarded p1 fast0 1-0-16) (passengers fast0 n1 6-1-68)
  (leave p1 fast0 n3 n2 n1), cost: 0
    pre: (boarded p1 fast0 1-0-16) (lift-at fast0 n3 5-2-64) (passengers fast0 n2 6-2-69)
    add: (passenger-at p1 n3 1-9-25) (passengers fast0 n1 6-1-68)
    del: (boarded p1 fast0 1-0-16) (passengers fast0 n2 6-2-69)
  (leave p1 fast0 n3 n3 n2), cost: 0
    pre: (boarded p1 fast0 1-0-16) (lift-at fast0 n3 5-2-64) (passengers fast0 n3 6-3-70)
    add: (passenger-at p1 n3 1-9-25) (passengers fast0 n2 6-2-69)
    del: (boarded p1 fast0 1-0-16) (passengers fast0 n3 6-3-70)
  (leave p1 fast0 n6 n1 n0), cost: 0
    pre: (boarded p1 fast0 1-0-16) (lift-at fast0 n6 5-3-65) (passengers fast0 n1 6-1-68)
    add: (passenger-at p1 n6 1-12-28) (passengers fast0 n0 6-0-67)
    del: (boarded p1 fast0 1-0-16) (passengers fast0 n1 6-1-68)
  (leave p1 fast0 n6 n2 n1), cost: 0
    pre: (boarded p1 fast0 1-0-16) (lift-at fast0 n6 5-3-65) (passengers fast0 n2 6-2-69)
    add: (passenger-at p1 n6 1-12-28) (passengers fast0 n1 6-1-68)
    del: (boarded p1 fast0 1-0-16) (passengers fast0 n2 6-2-69)
  (leave p1 fast0 n6 n3 n2), cost: 0
    pre: (boarded p1 fast0 1-0-16) (lift-at fast0 n6 5-3-65) (passengers fast0 n3 6-3-70)
    add: (passenger-at p1 n6 1-12-28) (passengers fast0 n2 6-2-69)
    del: (boarded p1 fast0 1-0-16) (passengers fast0 n3 6-3-70)
  (leave p1 fast0 n9 n1 n0), cost: 0
    pre: (boarded p1 fast0 1-0-16) (lift-at fast0 n9 5-4-66) (passengers fast0 n1 6-1-68)
    add: (passenger-at p1 n9 1-15-31) (passengers fast0 n0 6-0-67)
    del: (boarded p1 fast0 1-0-16) (passengers fast0 n1 6-1-68)
  (leave p1 fast0 n9 n2 n1), cost: 0
    pre: (boarded p1 fast0 1-0-16) (lift-at fast0 n9 5-4-66) (passengers fast0 n2 6-2-69)
    add: (passenger-at p1 n9 1-15-31) (passengers fast0 n1 6-1-68)
    del: (boarded p1 fast0 1-0-16) (passengers fast0 n2 6-2-69)
  (leave p1 fast0 n9 n3 n2), cost: 0
    pre: (boarded p1 fast0 1-0-16) (lift-at fast0 n9 5-4-66) (passengers fast0 n3 6-3-70)
    add: (passenger-at p1 n9 1-15-31) (passengers fast0 n2 6-2-69)
    del: (boarded p1 fast0 1-0-16) (passengers fast0 n3 6-3-70)
  (leave p1 slow0-0 n0 n1 n0), cost: 0
    pre: (boarded p1 slow0-0 1-1-17) (lift-at slow0-0 n0 3-0-48) (passengers slow0-0 n1 7-1-72)
    add: (passenger-at p1 n0 1-3-19) (passengers slow0-0 n0 7-0-71)
    del: (boarded p1 slow0-0 1-1-17) (passengers slow0-0 n1 7-1-72)
  (leave p1 slow0-0 n0 n2 n1), cost: 0
    pre: (boarded p1 slow0-0 1-1-17) (lift-at slow0-0 n0 3-0-48) (passengers slow0-0 n2 7-2-73)
    add: (passenger-at p1 n0 1-3-19) (passengers slow0-0 n1 7-1-72)
    del: (boarded p1 slow0-0 1-1-17) (passengers slow0-0 n2 7-2-73)
  (leave p1 slow0-0 n1 n1 n0), cost: 0
    pre: (boarded p1 slow0-0 1-1-17) (lift-at slow0-0 n1 3-1-49) (passengers slow0-0 n1 7-1-72)
    add: (passenger-at p1 n1 1-4-20) (passengers slow0-0 n0 7-0-71)
    del: (boarded p1 slow0-0 1-1-17) (passengers slow0-0 n1 7-1-72)
  (leave p1 slow0-0 n1 n2 n1), cost: 0
    pre: (boarded p1 slow0-0 1-1-17) (lift-at slow0-0 n1 3-1-49) (passengers slow0-0 n2 7-2-73)
    add: (passenger-at p1 n1 1-4-20) (passengers slow0-0 n1 7-1-72)
    del: (boarded p1 slow0-0 1-1-17) (passengers slow0-0 n2 7-2-73)
  (leave p1 slow0-0 n2 n1 n0), cost: 0
    pre: (boarded p1 slow0-0 1-1-17) (lift-at slow0-0 n2 3-2-50) (passengers slow0-0 n1 7-1-72)
    add: (passenger-at p1 n2 1-8-24) (passengers slow0-0 n0 7-0-71)
    del: (boarded p1 slow0-0 1-1-17) (passengers slow0-0 n1 7-1-72)
  (leave p1 slow0-0 n2 n2 n1), cost: 0
    pre: (boarded p1 slow0-0 1-1-17) (lift-at slow0-0 n2 3-2-50) (passengers slow0-0 n2 7-2-73)
    add: (passenger-at p1 n2 1-8-24) (passengers slow0-0 n1 7-1-72)
    del: (boarded p1 slow0-0 1-1-17) (passengers slow0-0 n2 7-2-73)
  (leave p1 slow0-0 n3 n1 n0), cost: 0
    pre: (boarded p1 slow0-0 1-1-17) (lift-at slow0-0 n3 3-3-51) (passengers slow0-0 n1 7-1-72)
    add: (passenger-at p1 n3 1-9-25) (passengers slow0-0 n0 7-0-71)
    del: (boarded p1 slow0-0 1-1-17) (passengers slow0-0 n1 7-1-72)
  (leave p1 slow0-0 n3 n2 n1), cost: 0
    pre: (boarded p1 slow0-0 1-1-17) (lift-at slow0-0 n3 3-3-51) (passengers slow0-0 n2 7-2-73)
    add: (passenger-at p1 n3 1-9-25) (passengers slow0-0 n1 7-1-72)
    del: (boarded p1 slow0-0 1-1-17) (passengers slow0-0 n2 7-2-73)
  (leave p1 slow0-0 n4 n1 n0), cost: 0
    pre: (boarded p1 slow0-0 1-1-17) (lift-at slow0-0 n4 3-4-52) (passengers slow0-0 n1 7-1-72)
    add: (passenger-at p1 n4 1-10-26) (passengers slow0-0 n0 7-0-71)
    del: (boarded p1 slow0-0 1-1-17) (passengers slow0-0 n1 7-1-72)
  (leave p1 slow0-0 n4 n2 n1), cost: 0
    pre: (boarded p1 slow0-0 1-1-17) (lift-at slow0-0 n4 3-4-52) (passengers slow0-0 n2 7-2-73)
    add: (passenger-at p1 n4 1-10-26) (passengers slow0-0 n1 7-1-72)
    del: (boarded p1 slow0-0 1-1-17) (passengers slow0-0 n2 7-2-73)
  (leave p1 slow0-0 n5 n1 n0), cost: 0
    pre: (boarded p1 slow0-0 1-1-17) (lift-at slow0-0 n5 3-5-53) (passengers slow0-0 n1 7-1-72)
    add: (passenger-at p1 n5 1-11-27) (passengers slow0-0 n0 7-0-71)
    del: (boarded p1 slow0-0 1-1-17) (passengers slow0-0 n1 7-1-72)
  (leave p1 slow0-0 n5 n2 n1), cost: 0
    pre: (boarded p1 slow0-0 1-1-17) (lift-at slow0-0 n5 3-5-53) (passengers slow0-0 n2 7-2-73)
    add: (passenger-at p1 n5 1-11-27) (passengers slow0-0 n1 7-1-72)
    del: (boarded p1 slow0-0 1-1-17) (passengers slow0-0 n2 7-2-73)
  (leave p1 slow0-0 n6 n1 n0), cost: 0
    pre: (boarded p1 slow0-0 1-1-17) (lift-at slow0-0 n6 3-6-54) (passengers slow0-0 n1 7-1-72)
    add: (passenger-at p1 n6 1-12-28) (passengers slow0-0 n0 7-0-71)
    del: (boarded p1 slow0-0 1-1-17) (passengers slow0-0 n1 7-1-72)
  (leave p1 slow0-0 n6 n2 n1), cost: 0
    pre: (boarded p1 slow0-0 1-1-17) (lift-at slow0-0 n6 3-6-54) (passengers slow0-0 n2 7-2-73)
    add: (passenger-at p1 n6 1-12-28) (passengers slow0-0 n1 7-1-72)
    del: (boarded p1 slow0-0 1-1-17) (passengers slow0-0 n2 7-2-73)
  (leave p1 slow1-0 n10 n1 n0), cost: 0
    pre: (boarded p1 slow1-0 1-2-18) (lift-at slow1-0 n10 4-0-55) (passengers slow1-0 n1 8-1-75)
    add: (passenger-at p1 n10 1-5-21) (passengers slow1-0 n0 8-0-74)
    del: (boarded p1 slow1-0 1-2-18) (passengers slow1-0 n1 8-1-75)
  (leave p1 slow1-0 n10 n2 n1), cost: 0
    pre: (boarded p1 slow1-0 1-2-18) (lift-at slow1-0 n10 4-0-55) (passengers slow1-0 n2 8-2-76)
    add: (passenger-at p1 n10 1-5-21) (passengers slow1-0 n1 8-1-75)
    del: (boarded p1 slow1-0 1-2-18) (passengers slow1-0 n2 8-2-76)
  (leave p1 slow1-0 n11 n1 n0), cost: 0
    pre: (boarded p1 slow1-0 1-2-18) (lift-at slow1-0 n11 4-1-56) (passengers slow1-0 n1 8-1-75)
    add: (passenger-at p1 n11 1-6-22) (passengers slow1-0 n0 8-0-74)
    del: (boarded p1 slow1-0 1-2-18) (passengers slow1-0 n1 8-1-75)
  (leave p1 slow1-0 n11 n2 n1), cost: 0
    pre: (boarded p1 slow1-0 1-2-18) (lift-at slow1-0 n11 4-1-56) (passengers slow1-0 n2 8-2-76)
    add: (passenger-at p1 n11 1-6-22) (passengers slow1-0 n1 8-1-75)
    del: (boarded p1 slow1-0 1-2-18) (passengers slow1-0 n2 8-2-76)
  (leave p1 slow1-0 n12 n1 n0), cost: 0
    pre: (boarded p1 slow1-0 1-2-18) (lift-at slow1-0 n12 4-2-57) (passengers slow1-0 n1 8-1-75)
    add: (passenger-at p1 n12 1-7-23) (passengers slow1-0 n0 8-0-74)
    del: (boarded p1 slow1-0 1-2-18) (passengers slow1-0 n1 8-1-75)
  (leave p1 slow1-0 n12 n2 n1), cost: 0
    pre: (boarded p1 slow1-0 1-2-18) (lift-at slow1-0 n12 4-2-57) (passengers slow1-0 n2 8-2-76)
    add: (passenger-at p1 n12 1-7-23) (passengers slow1-0 n1 8-1-75)
    del: (boarded p1 slow1-0 1-2-18) (passengers slow1-0 n2 8-2-76)
  (leave p1 slow1-0 n6 n1 n0), cost: 0
    pre: (boarded p1 slow1-0 1-2-18) (lift-at slow1-0 n6 4-3-58) (passengers slow1-0 n1 8-1-75)
    add: (passenger-at p1 n6 1-12-28) (passengers slow1-0 n0 8-0-74)
    del: (boarded p1 slow1-0 1-2-18) (passengers slow1-0 n1 8-1-75)
  (leave p1 slow1-0 n6 n2 n1), cost: 0
    pre: (boarded p1 slow1-0 1-2-18) (lift-at slow1-0 n6 4-3-58) (passengers slow1-0 n2 8-2-76)
    add: (passenger-at p1 n6 1-12-28) (passengers slow1-0 n1 8-1-75)
    del: (boarded p1 slow1-0 1-2-18) (passengers slow1-0 n2 8-2-76)
  (leave p1 slow1-0 n7 n1 n0), cost: 0
    pre: (boarded p1 slow1-0 1-2-18) (lift-at slow1-0 n7 4-4-59) (passengers slow1-0 n1 8-1-75)
    add: (passenger-at p1 n7 1-13-29) (passengers slow1-0 n0 8-0-74)
    del: (boarded p1 slow1-0 1-2-18) (passengers slow1-0 n1 8-1-75)
  (leave p1 slow1-0 n7 n2 n1), cost: 0
    pre: (boarded p1 slow1-0 1-2-18) (lift-at slow1-0 n7 4-4-59) (passengers slow1-0 n2 8-2-76)
    add: (passenger-at p1 n7 1-13-29) (passengers slow1-0 n1 8-1-75)
    del: (boarded p1 slow1-0 1-2-18) (passengers slow1-0 n2 8-2-76)
  (leave p1 slow1-0 n8 n1 n0), cost: 0
    pre: (boarded p1 slow1-0 1-2-18) (lift-at slow1-0 n8 4-5-60) (passengers slow1-0 n1 8-1-75)
    add: (passenger-at p1 n8 1-14-30) (passengers slow1-0 n0 8-0-74)
    del: (boarded p1 slow1-0 1-2-18) (passengers slow1-0 n1 8-1-75)
  (leave p1 slow1-0 n8 n2 n1), cost: 0
    pre: (boarded p1 slow1-0 1-2-18) (lift-at slow1-0 n8 4-5-60) (passengers slow1-0 n2 8-2-76)
    add: (passenger-at p1 n8 1-14-30) (passengers slow1-0 n1 8-1-75)
    del: (boarded p1 slow1-0 1-2-18) (passengers slow1-0 n2 8-2-76)
  (leave p1 slow1-0 n9 n1 n0), cost: 0
    pre: (boarded p1 slow1-0 1-2-18) (lift-at slow1-0 n9 4-6-61) (passengers slow1-0 n1 8-1-75)
    add: (passenger-at p1 n9 1-15-31) (passengers slow1-0 n0 8-0-74)
    del: (boarded p1 slow1-0 1-2-18) (passengers slow1-0 n1 8-1-75)
  (leave p1 slow1-0 n9 n2 n1), cost: 0
    pre: (boarded p1 slow1-0 1-2-18) (lift-at slow1-0 n9 4-6-61) (passengers slow1-0 n2 8-2-76)
    add: (passenger-at p1 n9 1-15-31) (passengers slow1-0 n1 8-1-75)
    del: (boarded p1 slow1-0 1-2-18) (passengers slow1-0 n2 8-2-76)
  (leave p2 fast0 n0 n1 n0), cost: 0
    pre: (boarded p2 fast0 2-0-32) (lift-at fast0 n0 5-0-62) (passengers fast0 n1 6-1-68)
    add: (passenger-at p2 n0 2-3-35) (passengers fast0 n0 6-0-67)
    del: (boarded p2 fast0 2-0-32) (passengers fast0 n1 6-1-68)
  (leave p2 fast0 n0 n2 n1), cost: 0
    pre: (boarded p2 fast0 2-0-32) (lift-at fast0 n0 5-0-62) (passengers fast0 n2 6-2-69)
    add: (passenger-at p2 n0 2-3-35) (passengers fast0 n1 6-1-68)
    del: (boarded p2 fast0 2-0-32) (passengers fast0 n2 6-2-69)
  (leave p2 fast0 n0 n3 n2), cost: 0
    pre: (boarded p2 fast0 2-0-32) (lift-at fast0 n0 5-0-62) (passengers fast0 n3 6-3-70)
    add: (passenger-at p2 n0 2-3-35) (passengers fast0 n2 6-2-69)
    del: (boarded p2 fast0 2-0-32) (passengers fast0 n3 6-3-70)
  (leave p2 fast0 n12 n1 n0), cost: 0
    pre: (boarded p2 fast0 2-0-32) (lift-at fast0 n12 5-1-63) (passengers fast0 n1 6-1-68)
    add: (passenger-at p2 n12 2-7-39) (passengers fast0 n0 6-0-67)
    del: (boarded p2 fast0 2-0-32) (passengers fast0 n1 6-1-68)
  (leave p2 fast0 n12 n2 n1), cost: 0
    pre: (boarded p2 fast0 2-0-32) (lift-at fast0 n12 5-1-63) (passengers fast0 n2 6-2-69)
    add: (passenger-at p2 n12 2-7-39) (passengers fast0 n1 6-1-68)
    del: (boarded p2 fast0 2-0-32) (passengers fast0 n2 6-2-69)
  (leave p2 fast0 n12 n3 n2), cost: 0
    pre: (boarded p2 fast0 2-0-32) (lift-at fast0 n12 5-1-63) (passengers fast0 n3 6-3-70)
    add: (passenger-at p2 n12 2-7-39) (passengers fast0 n2 6-2-69)
    del: (boarded p2 fast0 2-0-32) (passengers fast0 n3 6-3-70)
  (leave p2 fast0 n3 n1 n0), cost: 0
    pre: (boarded p2 fast0 2-0-32) (lift-at fast0 n3 5-2-64) (passengers fast0 n1 6-1-68)
    add: (passenger-at p2 n3 2-9-41) (passengers fast0 n0 6-0-67)
    del: (boarded p2 fast0 2-0-32) (passengers fast0 n1 6-1-68)
  (leave p2 fast0 n3 n2 n1), cost: 0
    pre: (boarded p2 fast0 2-0-32) (lift-at fast0 n3 5-2-64) (passengers fast0 n2 6-2-69)
    add: (passenger-at p2 n3 2-9-41) (passengers fast0 n1 6-1-68)
    del: (boarded p2 fast0 2-0-32) (passengers fast0 n2 6-2-69)
  (leave p2 fast0 n3 n3 n2), cost: 0
    pre: (boarded p2 fast0 2-0-32) (lift-at fast0 n3 5-2-64) (passengers fast0 n3 6-3-70)
    add: (passenger-at p2 n3 2-9-41) (passengers fast0 n2 6-2-69)
    del: (boarded p2 fast0 2-0-32) (passengers fast0 n3 6-3-70)
  (leave p2 fast0 n6 n1 n0), cost: 0
    pre: (boarded p2 fast0 2-0-32) (lift-at fast0 n6 5-3-65) (passengers fast0 n1 6-1-68)
    add: (passenger-at p2 n6 2-12-44) (passengers fast0 n0 6-0-67)
    del: (boarded p2 fast0 2-0-32) (passengers fast0 n1 6-1-68)
  (leave p2 fast0 n6 n2 n1), cost: 0
    pre: (boarded p2 fast0 2-0-32) (lift-at fast0 n6 5-3-65) (passengers fast0 n2 6-2-69)
    add: (passenger-at p2 n6 2-12-44) (passengers fast0 n1 6-1-68)
    del: (boarded p2 fast0 2-0-32) (passengers fast0 n2 6-2-69)
  (leave p2 fast0 n6 n3 n2), cost: 0
    pre: (boarded p2 fast0 2-0-32) (lift-at fast0 n6 5-3-65) (passengers fast0 n3 6-3-70)
    add: (passenger-at p2 n6 2-12-44) (passengers fast0 n2 6-2-69)
    del: (boarded p2 fast0 2-0-32) (passengers fast0 n3 6-3-70)
  (leave p2 fast0 n9 n1 n0), cost: 0
    pre: (boarded p2 fast0 2-0-32) (lift-at fast0 n9 5-4-66) (passengers fast0 n1 6-1-68)
    add: (passenger-at p2 n9 2-15-47) (passengers fast0 n0 6-0-67)
    del: (boarded p2 fast0 2-0-32) (passengers fast0 n1 6-1-68)
  (leave p2 fast0 n9 n2 n1), cost: 0
    pre: (boarded p2 fast0 2-0-32) (lift-at fast0 n9 5-4-66) (passengers fast0 n2 6-2-69)
    add: (passenger-at p2 n9 2-15-47) (passengers fast0 n1 6-1-68)
    del: (boarded p2 fast0 2-0-32) (passengers fast0 n2 6-2-69)
  (leave p2 fast0 n9 n3 n2), cost: 0
    pre: (boarded p2 fast0 2-0-32) (lift-at fast0 n9 5-4-66) (passengers fast0 n3 6-3-70)
    add: (passenger-at p2 n9 2-15-47) (passengers fast0 n2 6-2-69)
    del: (boarded p2 fast0 2-0-32) (passengers fast0 n3 6-3-70)
  (leave p2 slow0-0 n0 n1 n0), cost: 0
    pre: (boarded p2 slow0-0 2-1-33) (lift-at slow0-0 n0 3-0-48) (passengers slow0-0 n1 7-1-72)
    add: (passenger-at p2 n0 2-3-35) (passengers slow0-0 n0 7-0-71)
    del: (boarded p2 slow0-0 2-1-33) (passengers slow0-0 n1 7-1-72)
  (leave p2 slow0-0 n0 n2 n1), cost: 0
    pre: (boarded p2 slow0-0 2-1-33) (lift-at slow0-0 n0 3-0-48) (passengers slow0-0 n2 7-2-73)
    add: (passenger-at p2 n0 2-3-35) (passengers slow0-0 n1 7-1-72)
    del: (boarded p2 slow0-0 2-1-33) (passengers slow0-0 n2 7-2-73)
  (leave p2 slow0-0 n1 n1 n0), cost: 0
    pre: (boarded p2 slow0-0 2-1-33) (lift-at slow0-0 n1 3-1-49) (passengers slow0-0 n1 7-1-72)
    add: (passenger-at p2 n1 2-4-36) (passengers slow0-0 n0 7-0-71)
    del: (boarded p2 slow0-0 2-1-33) (passengers slow0-0 n1 7-1-72)
  (leave p2 slow0-0 n1 n2 n1), cost: 0
    pre: (boarded p2 slow0-0 2-1-33) (lift-at slow0-0 n1 3-1-49) (passengers slow0-0 n2 7-2-73)
    add: (passenger-at p2 n1 2-4-36) (passengers slow0-0 n1 7-1-72)
    del: (boarded p2 slow0-0 2-1-33) (passengers slow0-0 n2 7-2-73)
  (leave p2 slow0-0 n2 n1 n0), cost: 0
    pre: (boarded p2 slow0-0 2-1-33) (lift-at slow0-0 n2 3-2-50) (passengers slow0-0 n1 7-1-72)
    add: (passenger-at p2 n2 2-8-40) (passengers slow0-0 n0 7-0-71)
    del: (boarded p2 slow0-0 2-1-33) (passengers slow0-0 n1 7-1-72)
  (leave p2 slow0-0 n2 n2 n1), cost: 0
    pre: (boarded p2 slow0-0 2-1-33) (lift-at slow0-0 n2 3-2-50) (passengers slow0-0 n2 7-2-73)
    add: (passenger-at p2 n2 2-8-40) (passengers slow0-0 n1 7-1-72)
    del: (boarded p2 slow0-0 2-1-33) (passengers slow0-0 n2 7-2-73)
  (leave p2 slow0-0 n3 n1 n0), cost: 0
    pre: (boarded p2 slow0-0 2-1-33) (lift-at slow0-0 n3 3-3-51) (passengers slow0-0 n1 7-1-72)
    add: (passenger-at p2 n3 2-9-41) (passengers slow0-0 n0 7-0-71)
    del: (boarded p2 slow0-0 2-1-33) (passengers slow0-0 n1 7-1-72)
  (leave p2 slow0-0 n3 n2 n1), cost: 0
    pre: (boarded p2 slow0-0 2-1-33) (lift-at slow0-0 n3 3-3-51) (passengers slow0-0 n2 7-2-73)
    add: (passenger-at p2 n3 2-9-41) (passengers slow0-0 n1 7-1-72)
    del: (boarded p2 slow0-0 2-1-33) (passengers slow0-0 n2 7-2-73)
  (leave p2 slow0-0 n4 n1 n0), cost: 0
    pre: (boarded p2 slow0-0 2-1-33) (lift-at slow0-0 n4 3-4-52) (passengers slow0-0 n1 7-1-72)
    add: (passenger-at p2 n4 2-10-42) (passengers slow0-0 n0 7-0-71)
    del: (boarded p2 slow0-0 2-1-33) (passengers slow0-0 n1 7-1-72)
  (leave p2 slow0-0 n4 n2 n1), cost: 0
    pre: (boarded p2 slow0-0 2-1-33) (lift-at slow0-0 n4 3-4-52) (passengers slow0-0 n2 7-2-73)
    add: (passenger-at p2 n4 2-10-42) (passengers slow0-0 n1 7-1-72)
    del: (boarded p2 slow0-0 2-1-33) (passengers slow0-0 n2 7-2-73)
  (leave p2 slow0-0 n5 n1 n0), cost: 0
    pre: (boarded p2 slow0-0 2-1-33) (lift-at slow0-0 n5 3-5-53) (passengers slow0-0 n1 7-1-72)
    add: (passenger-at p2 n5 2-11-43) (passengers slow0-0 n0 7-0-71)
    del: (boarded p2 slow0-0 2-1-33) (passengers slow0-0 n1 7-1-72)
  (leave p2 slow0-0 n5 n2 n1), cost: 0
    pre: (boarded p2 slow0-0 2-1-33) (lift-at slow0-0 n5 3-5-53) (passengers slow0-0 n2 7-2-73)
    add: (passenger-at p2 n5 2-11-43) (passengers slow0-0 n1 7-1-72)
    del: (boarded p2 slow0-0 2-1-33) (passengers slow0-0 n2 7-2-73)
  (leave p2 slow0-0 n6 n1 n0), cost: 0
    pre: (boarded p2 slow0-0 2-1-33) (lift-at slow0-0 n6 3-6-54) (passengers slow0-0 n1 7-1-72)
    add: (passenger-at p2 n6 2-12-44) (passengers slow0-0 n0 7-0-71)
    del: (boarded p2 slow0-0 2-1-33) (passengers slow0-0 n1 7-1-72)
  (leave p2 slow0-0 n6 n2 n1), cost: 0
    pre: (boarded p2 slow0-0 2-1-33) (lift-at slow0-0 n6 3-6-54) (passengers slow0-0 n2 7-2-73)
    add: (passenger-at p2 n6 2-12-44) (passengers slow0-0 n1 7-1-72)
    del: (boarded p2 slow0-0 2-1-33) (passengers slow0-0 n2 7-2-73)
  (leave p2 slow1-0 n10 n1 n0), cost: 0
    pre: (boarded p2 slow1-0 2-2-34) (lift-at slow1-0 n10 4-0-55) (passengers slow1-0 n1 8-1-75)
    add: (passenger-at p2 n10 2-5-37) (passengers slow1-0 n0 8-0-74)
    del: (boarded p2 slow1-0 2-2-34) (passengers slow1-0 n1 8-1-75)
  (leave p2 slow1-0 n10 n2 n1), cost: 0
    pre: (boarded p2 slow1-0 2-2-34) (lift-at slow1-0 n10 4-0-55) (passengers slow1-0 n2 8-2-76)
    add: (passenger-at p2 n10 2-5-37) (passengers slow1-0 n1 8-1-75)
    del: (boarded p2 slow1-0 2-2-34) (passengers slow1-0 n2 8-2-76)
  (leave p2 slow1-0 n11 n1 n0), cost: 0
    pre: (boarded p2 slow1-0 2-2-34) (lift-at slow1-0 n11 4-1-56) (passengers slow1-0 n1 8-1-75)
    add: (passenger-at p2 n11 2-6-38) (passengers slow1-0 n0 8-0-74)
    del: (boarded p2 slow1-0 2-2-34) (passengers slow1-0 n1 8-1-75)
  (leave p2 slow1-0 n11 n2 n1), cost: 0
    pre: (boarded p2 slow1-0 2-2-34) (lift-at slow1-0 n11 4-1-56) (passengers slow1-0 n2 8-2-76)
    add: (passenger-at p2 n11 2-6-38) (passengers slow1-0 n1 8-1-75)
    del: (boarded p2 slow1-0 2-2-34) (passengers slow1-0 n2 8-2-76)
  (leave p2 slow1-0 n12 n1 n0), cost: 0
    pre: (boarded p2 slow1-0 2-2-34) (lift-at slow1-0 n12 4-2-57) (passengers slow1-0 n1 8-1-75)
    add: (passenger-at p2 n12 2-7-39) (passengers slow1-0 n0 8-0-74)
    del: (boarded p2 slow1-0 2-2-34) (passengers slow1-0 n1 8-1-75)
  (leave p2 slow1-0 n12 n2 n1), cost: 0
    pre: (boarded p2 slow1-0 2-2-34) (lift-at slow1-0 n12 4-2-57) (passengers slow1-0 n2 8-2-76)
    add: (passenger-at p2 n12 2-7-39) (passengers slow1-0 n1 8-1-75)
    del: (boarded p2 slow1-0 2-2-34) (passengers slow1-0 n2 8-2-76)
  (leave p2 slow1-0 n6 n1 n0), cost: 0
    pre: (boarded p2 slow1-0 2-2-34) (lift-at slow1-0 n6 4-3-58) (passengers slow1-0 n1 8-1-75)
    add: (passenger-at p2 n6 2-12-44) (passengers slow1-0 n0 8-0-74)
    del: (boarded p2 slow1-0 2-2-34) (passengers slow1-0 n1 8-1-75)
  (leave p2 slow1-0 n6 n2 n1), cost: 0
    pre: (boarded p2 slow1-0 2-2-34) (lift-at slow1-0 n6 4-3-58) (passengers slow1-0 n2 8-2-76)
    add: (passenger-at p2 n6 2-12-44) (passengers slow1-0 n1 8-1-75)
    del: (boarded p2 slow1-0 2-2-34) (passengers slow1-0 n2 8-2-76)
  (leave p2 slow1-0 n7 n1 n0), cost: 0
    pre: (boarded p2 slow1-0 2-2-34) (lift-at slow1-0 n7 4-4-59) (passengers slow1-0 n1 8-1-75)
    add: (passenger-at p2 n7 2-13-45) (passengers slow1-0 n0 8-0-74)
    del: (boarded p2 slow1-0 2-2-34) (passengers slow1-0 n1 8-1-75)
  (leave p2 slow1-0 n7 n2 n1), cost: 0
    pre: (boarded p2 slow1-0 2-2-34) (lift-at slow1-0 n7 4-4-59) (passengers slow1-0 n2 8-2-76)
    add: (passenger-at p2 n7 2-13-45) (passengers slow1-0 n1 8-1-75)
    del: (boarded p2 slow1-0 2-2-34) (passengers slow1-0 n2 8-2-76)
  (leave p2 slow1-0 n8 n1 n0), cost: 0
    pre: (boarded p2 slow1-0 2-2-34) (lift-at slow1-0 n8 4-5-60) (passengers slow1-0 n1 8-1-75)
    add: (passenger-at p2 n8 2-14-46) (passengers slow1-0 n0 8-0-74)
    del: (boarded p2 slow1-0 2-2-34) (passengers slow1-0 n1 8-1-75)
  (leave p2 slow1-0 n8 n2 n1), cost: 0
    pre: (boarded p2 slow1-0 2-2-34) (lift-at slow1-0 n8 4-5-60) (passengers slow1-0 n2 8-2-76)
    add: (passenger-at p2 n8 2-14-46) (passengers slow1-0 n1 8-1-75)
    del: (boarded p2 slow1-0 2-2-34) (passengers slow1-0 n2 8-2-76)
  (leave p2 slow1-0 n9 n1 n0), cost: 0
    pre: (boarded p2 slow1-0 2-2-34) (lift-at slow1-0 n9 4-6-61) (passengers slow1-0 n1 8-1-75)
    add: (passenger-at p2 n9 2-15-47) (passengers slow1-0 n0 8-0-74)
    del: (boarded p2 slow1-0 2-2-34) (passengers slow1-0 n1 8-1-75)
  (leave p2 slow1-0 n9 n2 n1), cost: 0
    pre: (boarded p2 slow1-0 2-2-34) (lift-at slow1-0 n9 4-6-61) (passengers slow1-0 n2 8-2-76)
    add: (passenger-at p2 n9 2-15-47) (passengers slow1-0 n1 8-1-75)
    del: (boarded p2 slow1-0 2-2-34) (passengers slow1-0 n2 8-2-76)
  (move-down-fast fast0 n12 n0), cost: 37
    pre: (lift-at fast0 n12 5-1-63)
    add: (lift-at fast0 n0 5-0-62)
    del: (lift-at fast0 n12 5-1-63)
  (move-down-fast fast0 n12 n3), cost: 28
    pre: (lift-at fast0 n12 5-1-63)
    add: (lift-at fast0 n3 5-2-64)
    del: (lift-at fast0 n12 5-1-63)
  (move-down-fast fast0 n12 n6), cost: 19
    pre: (lift-at fast0 n12 5-1-63)
    add: (lift-at fast0 n6 5-3-65)
    del: (lift-at fast0 n12 5-1-63)
  (move-down-fast fast0 n12 n9), cost: 10
    pre: (lift-at fast0 n12 5-1-63)
    add: (lift-at fast0 n9 5-4-66)
    del: (lift-at fast0 n12 5-1-63)
  (move-down-fast fast0 n3 n0), cost: 10
    pre: (lift-at fast0 n3 5-2-64)
    add: (lift-at fast0 n0 5-0-62)
    del: (lift-at fast0 n3 5-2-64)
  (move-down-fast fast0 n6 n0), cost: 19
    pre: (lift-at fast0 n6 5-3-65)
    add: (lift-at fast0 n0 5-0-62)
    del: (lift-at fast0 n6 5-3-65)
  (move-down-fast fast0 n6 n3), cost: 10
    pre: (lift-at fast0 n6 5-3-65)
    add: (lift-at fast0 n3 5-2-64)
    del: (lift-at fast0 n6 5-3-65)
  (move-down-fast fast0 n9 n0), cost: 28
    pre: (lift-at fast0 n9 5-4-66)
    add: (lift-at fast0 n0 5-0-62)
    del: (lift-at fast0 n9 5-4-66)
  (move-down-fast fast0 n9 n3), cost: 19
    pre: (lift-at fast0 n9 5-4-66)
    add: (lift-at fast0 n3 5-2-64)
    del: (lift-at fast0 n9 5-4-66)
  (move-down-fast fast0 n9 n6), cost: 10
    pre: (lift-at fast0 n9 5-4-66)
    add: (lift-at fast0 n6 5-3-65)
    del: (lift-at fast0 n9 5-4-66)
  (move-down-slow slow0-0 n1 n0), cost: 6
    pre: (lift-at slow0-0 n1 3-1-49)
    add: (lift-at slow0-0 n0 3-0-48)
    del: (lift-at slow0-0 n1 3-1-49)
  (move-down-slow slow0-0 n2 n0), cost: 7
    pre: (lift-at slow0-0 n2 3-2-50)
    add: (lift-at slow0-0 n0 3-0-48)
    del: (lift-at slow0-0 n2 3-2-50)
  (move-down-slow slow0-0 n2 n1), cost: 6
    pre: (lift-at slow0-0 n2 3-2-50)
    add: (lift-at slow0-0 n1 3-1-49)
    del: (lift-at slow0-0 n2 3-2-50)
  (move-down-slow slow0-0 n3 n0), cost: 8
    pre: (lift-at slow0-0 n3 3-3-51)
    add: (lift-at slow0-0 n0 3-0-48)
    del: (lift-at slow0-0 n3 3-3-51)
  (move-down-slow slow0-0 n3 n1), cost: 7
    pre: (lift-at slow0-0 n3 3-3-51)
    add: (lift-at slow0-0 n1 3-1-49)
    del: (lift-at slow0-0 n3 3-3-51)
  (move-down-slow slow0-0 n3 n2), cost: 6
    pre: (lift-at slow0-0 n3 3-3-51)
    add: (lift-at slow0-0 n2 3-2-50)
    del: (lift-at slow0-0 n3 3-3-51)
  (move-down-slow slow0-0 n4 n0), cost: 9
    pre: (lift-at slow0-0 n4 3-4-52)
    add: (lift-at slow0-0 n0 3-0-48)
    del: (lift-at slow0-0 n4 3-4-52)
  (move-down-slow slow0-0 n4 n1), cost: 8
    pre: (lift-at slow0-0 n4 3-4-52)
    add: (lift-at slow0-0 n1 3-1-49)
    del: (lift-at slow0-0 n4 3-4-52)
  (move-down-slow slow0-0 n4 n2), cost: 7
    pre: (lift-at slow0-0 n4 3-4-52)
    add: (lift-at slow0-0 n2 3-2-50)
    del: (lift-at slow0-0 n4 3-4-52)
  (move-down-slow slow0-0 n4 n3), cost: 6
    pre: (lift-at slow0-0 n4 3-4-52)
    add: (lift-at slow0-0 n3 3-3-51)
    del: (lift-at slow0-0 n4 3-4-52)
  (move-down-slow slow0-0 n5 n0), cost: 10
    pre: (lift-at slow0-0 n5 3-5-53)
    add: (lift-at slow0-0 n0 3-0-48)
    del: (lift-at slow0-0 n5 3-5-53)
  (move-down-slow slow0-0 n5 n1), cost: 9
    pre: (lift-at slow0-0 n5 3-5-53)
    add: (lift-at slow0-0 n1 3-1-49)
    del: (lift-at slow0-0 n5 3-5-53)
  (move-down-slow slow0-0 n5 n2), cost: 8
    pre: (lift-at slow0-0 n5 3-5-53)
    add: (lift-at slow0-0 n2 3-2-50)
    del: (lift-at slow0-0 n5 3-5-53)
  (move-down-slow slow0-0 n5 n3), cost: 7
    pre: (lift-at slow0-0 n5 3-5-53)
    add: (lift-at slow0-0 n3 3-3-51)
    del: (lift-at slow0-0 n5 3-5-53)
  (move-down-slow slow0-0 n5 n4), cost: 6
    pre: (lift-at slow0-0 n5 3-5-53)
    add: (lift-at slow0-0 n4 3-4-52)
    del: (lift-at slow0-0 n5 3-5-53)
  (move-down-slow slow0-0 n6 n0), cost: 11
    pre: (lift-at slow0-0 n6 3-6-54)
    add: (lift-at slow0-0 n0 3-0-48)
    del: (lift-at slow0-0 n6 3-6-54)
  (move-down-slow slow0-0 n6 n1), cost: 10
    pre: (lift-at slow0-0 n6 3-6-54)
    add: (lift-at slow0-0 n1 3-1-49)
    del: (lift-at slow0-0 n6 3-6-54)
  (move-down-slow slow0-0 n6 n2), cost: 9
    pre: (lift-at slow0-0 n6 3-6-54)
    add: (lift-at slow0-0 n2 3-2-50)
    del: (lift-at slow0-0 n6 3-6-54)
  (move-down-slow slow0-0 n6 n3), cost: 8
    pre: (lift-at slow0-0 n6 3-6-54)
    add: (lift-at slow0-0 n3 3-3-51)
    del: (lift-at slow0-0 n6 3-6-54)
  (move-down-slow slow0-0 n6 n4), cost: 7
    pre: (lift-at slow0-0 n6 3-6-54)
    add: (lift-at slow0-0 n4 3-4-52)
    del: (lift-at slow0-0 n6 3-6-54)
  (move-down-slow slow0-0 n6 n5), cost: 6
    pre: (lift-at slow0-0 n6 3-6-54)
    add: (lift-at slow0-0 n5 3-5-53)
    del: (lift-at slow0-0 n6 3-6-54)
  (move-down-slow slow1-0 n10 n6), cost: 9
    pre: (lift-at slow1-0 n10 4-0-55)
    add: (lift-at slow1-0 n6 4-3-58)
    del: (lift-at slow1-0 n10 4-0-55)
  (move-down-slow slow1-0 n10 n7), cost: 8
    pre: (lift-at slow1-0 n10 4-0-55)
    add: (lift-at slow1-0 n7 4-4-59)
    del: (lift-at slow1-0 n10 4-0-55)
  (move-down-slow slow1-0 n10 n8), cost: 7
    pre: (lift-at slow1-0 n10 4-0-55)
    add: (lift-at slow1-0 n8 4-5-60)
    del: (lift-at slow1-0 n10 4-0-55)
  (move-down-slow slow1-0 n10 n9), cost: 6
    pre: (lift-at slow1-0 n10 4-0-55)
    add: (lift-at slow1-0 n9 4-6-61)
    del: (lift-at slow1-0 n10 4-0-55)
  (move-down-slow slow1-0 n11 n10), cost: 6
    pre: (lift-at slow1-0 n11 4-1-56)
    add: (lift-at slow1-0 n10 4-0-55)
    del: (lift-at slow1-0 n11 4-1-56)
  (move-down-slow slow1-0 n11 n6), cost: 10
    pre: (lift-at slow1-0 n11 4-1-56)
    add: (lift-at slow1-0 n6 4-3-58)
    del: (lift-at slow1-0 n11 4-1-56)
  (move-down-slow slow1-0 n11 n7), cost: 9
    pre: (lift-at slow1-0 n11 4-1-56)
    add: (lift-at slow1-0 n7 4-4-59)
    del: (lift-at slow1-0 n11 4-1-56)
  (move-down-slow slow1-0 n11 n8), cost: 8
    pre: (lift-at slow1-0 n11 4-1-56)
    add: (lift-at slow1-0 n8 4-5-60)
    del: (lift-at slow1-0 n11 4-1-56)
  (move-down-slow slow1-0 n11 n9), cost: 7
    pre: (lift-at slow1-0 n11 4-1-56)
    add: (lift-at slow1-0 n9 4-6-61)
    del: (lift-at slow1-0 n11 4-1-56)
  (move-down-slow slow1-0 n12 n10), cost: 7
    pre: (lift-at slow1-0 n12 4-2-57)
    add: (lift-at slow1-0 n10 4-0-55)
    del: (lift-at slow1-0 n12 4-2-57)
  (move-down-slow slow1-0 n12 n11), cost: 6
    pre: (lift-at slow1-0 n12 4-2-57)
    add: (lift-at slow1-0 n11 4-1-56)
    del: (lift-at slow1-0 n12 4-2-57)
  (move-down-slow slow1-0 n12 n6), cost: 11
    pre: (lift-at slow1-0 n12 4-2-57)
    add: (lift-at slow1-0 n6 4-3-58)
    del: (lift-at slow1-0 n12 4-2-57)
  (move-down-slow slow1-0 n12 n7), cost: 10
    pre: (lift-at slow1-0 n12 4-2-57)
    add: (lift-at slow1-0 n7 4-4-59)
    del: (lift-at slow1-0 n12 4-2-57)
  (move-down-slow slow1-0 n12 n8), cost: 9
    pre: (lift-at slow1-0 n12 4-2-57)
    add: (lift-at slow1-0 n8 4-5-60)
    del: (lift-at slow1-0 n12 4-2-57)
  (move-down-slow slow1-0 n12 n9), cost: 8
    pre: (lift-at slow1-0 n12 4-2-57)
    add: (lift-at slow1-0 n9 4-6-61)
    del: (lift-at slow1-0 n12 4-2-57)
  (move-down-slow slow1-0 n7 n6), cost: 6
    pre: (lift-at slow1-0 n7 4-4-59)
    add: (lift-at slow1-0 n6 4-3-58)
    del: (lift-at slow1-0 n7 4-4-59)
  (move-down-slow slow1-0 n8 n6), cost: 7
    pre: (lift-at slow1-0 n8 4-5-60)
    add: (lift-at slow1-0 n6 4-3-58)
    del: (lift-at slow1-0 n8 4-5-60)
  (move-down-slow slow1-0 n8 n7), cost: 6
    pre: (lift-at slow1-0 n8 4-5-60)
    add: (lift-at slow1-0 n7 4-4-59)
    del: (lift-at slow1-0 n8 4-5-60)
  (move-down-slow slow1-0 n9 n6), cost: 8
    pre: (lift-at slow1-0 n9 4-6-61)
    add: (lift-at slow1-0 n6 4-3-58)
    del: (lift-at slow1-0 n9 4-6-61)
  (move-down-slow slow1-0 n9 n7), cost: 7
    pre: (lift-at slow1-0 n9 4-6-61)
    add: (lift-at slow1-0 n7 4-4-59)
    del: (lift-at slow1-0 n9 4-6-61)
  (move-down-slow slow1-0 n9 n8), cost: 6
    pre: (lift-at slow1-0 n9 4-6-61)
    add: (lift-at slow1-0 n8 4-5-60)
    del: (lift-at slow1-0 n9 4-6-61)
  (move-up-fast fast0 n0 n12), cost: 37
    pre: (lift-at fast0 n0 5-0-62)
    add: (lift-at fast0 n12 5-1-63)
    del: (lift-at fast0 n0 5-0-62)
  (move-up-fast fast0 n0 n3), cost: 10
    pre: (lift-at fast0 n0 5-0-62)
    add: (lift-at fast0 n3 5-2-64)
    del: (lift-at fast0 n0 5-0-62)
  (move-up-fast fast0 n0 n6), cost: 19
    pre: (lift-at fast0 n0 5-0-62)
    add: (lift-at fast0 n6 5-3-65)
    del: (lift-at fast0 n0 5-0-62)
  (move-up-fast fast0 n0 n9), cost: 28
    pre: (lift-at fast0 n0 5-0-62)
    add: (lift-at fast0 n9 5-4-66)
    del: (lift-at fast0 n0 5-0-62)
  (move-up-fast fast0 n3 n12), cost: 28
    pre: (lift-at fast0 n3 5-2-64)
    add: (lift-at fast0 n12 5-1-63)
    del: (lift-at fast0 n3 5-2-64)
  (move-up-fast fast0 n3 n6), cost: 10
    pre: (lift-at fast0 n3 5-2-64)
    add: (lift-at fast0 n6 5-3-65)
    del: (lift-at fast0 n3 5-2-64)
  (move-up-fast fast0 n3 n9), cost: 19
    pre: (lift-at fast0 n3 5-2-64)
    add: (lift-at fast0 n9 5-4-66)
    del: (lift-at fast0 n3 5-2-64)
  (move-up-fast fast0 n6 n12), cost: 19
    pre: (lift-at fast0 n6 5-3-65)
    add: (lift-at fast0 n12 5-1-63)
    del: (lift-at fast0 n6 5-3-65)
  (move-up-fast fast0 n6 n9), cost: 10
    pre: (lift-at fast0 n6 5-3-65)
    add: (lift-at fast0 n9 5-4-66)
    del: (lift-at fast0 n6 5-3-65)
  (move-up-fast fast0 n9 n12), cost: 10
    pre: (lift-at fast0 n9 5-4-66)
    add: (lift-at fast0 n12 5-1-63)
    del: (lift-at fast0 n9 5-4-66)
  (move-up-slow slow0-0 n0 n1), cost: 6
    pre: (lift-at slow0-0 n0 3-0-48)
    add: (lift-at slow0-0 n1 3-1-49)
    del: (lift-at slow0-0 n0 3-0-48)
  (move-up-slow slow0-0 n0 n2), cost: 7
    pre: (lift-at slow0-0 n0 3-0-48)
    add: (lift-at slow0-0 n2 3-2-50)
    del: (lift-at slow0-0 n0 3-0-48)
  (move-up-slow slow0-0 n0 n3), cost: 8
    pre: (lift-at slow0-0 n0 3-0-48)
    add: (lift-at slow0-0 n3 3-3-51)
    del: (lift-at slow0-0 n0 3-0-48)
  (move-up-slow slow0-0 n0 n4), cost: 9
    pre: (lift-at slow0-0 n0 3-0-48)
    add: (lift-at slow0-0 n4 3-4-52)
    del: (lift-at slow0-0 n0 3-0-48)
  (move-up-slow slow0-0 n0 n5), cost: 10
    pre: (lift-at slow0-0 n0 3-0-48)
    add: (lift-at slow0-0 n5 3-5-53)
    del: (lift-at slow0-0 n0 3-0-48)
  (move-up-slow slow0-0 n0 n6), cost: 11
    pre: (lift-at slow0-0 n0 3-0-48)
    add: (lift-at slow0-0 n6 3-6-54)
    del: (lift-at slow0-0 n0 3-0-48)
  (move-up-slow slow0-0 n1 n2), cost: 6
    pre: (lift-at slow0-0 n1 3-1-49)
    add: (lift-at slow0-0 n2 3-2-50)
    del: (lift-at slow0-0 n1 3-1-49)
  (move-up-slow slow0-0 n1 n3), cost: 7
    pre: (lift-at slow0-0 n1 3-1-49)
    add: (lift-at slow0-0 n3 3-3-51)
    del: (lift-at slow0-0 n1 3-1-49)
  (move-up-slow slow0-0 n1 n4), cost: 8
    pre: (lift-at slow0-0 n1 3-1-49)
    add: (lift-at slow0-0 n4 3-4-52)
    del: (lift-at slow0-0 n1 3-1-49)
  (move-up-slow slow0-0 n1 n5), cost: 9
    pre: (lift-at slow0-0 n1 3-1-49)
    add: (lift-at slow0-0 n5 3-5-53)
    del: (lift-at slow0-0 n1 3-1-49)
  (move-up-slow slow0-0 n1 n6), cost: 10
    pre: (lift-at slow0-0 n1 3-1-49)
    add: (lift-at slow0-0 n6 3-6-54)
    del: (lift-at slow0-0 n1 3-1-49)
  (move-up-slow slow0-0 n2 n3), cost: 6
    pre: (lift-at slow0-0 n2 3-2-50)
    add: (lift-at slow0-0 n3 3-3-51)
    del: (lift-at slow0-0 n2 3-2-50)
  (move-up-slow slow0-0 n2 n4), cost: 7
    pre: (lift-at slow0-0 n2 3-2-50)
    add: (lift-at slow0-0 n4 3-4-52)
    del: (lift-at slow0-0 n2 3-2-50)
  (move-up-slow slow0-0 n2 n5), cost: 8
    pre: (lift-at slow0-0 n2 3-2-50)
    add: (lift-at slow0-0 n5 3-5-53)
    del: (lift-at slow0-0 n2 3-2-50)
  (move-up-slow slow0-0 n2 n6), cost: 9
    pre: (lift-at slow0-0 n2 3-2-50)
    add: (lift-at slow0-0 n6 3-6-54)
    del: (lift-at slow0-0 n2 3-2-50)
  (move-up-slow slow0-0 n3 n4), cost: 6
    pre: (lift-at slow0-0 n3 3-3-51)
    add: (lift-at slow0-0 n4 3-4-52)
    del: (lift-at slow0-0 n3 3-3-51)
  (move-up-slow slow0-0 n3 n5), cost: 7
    pre: (lift-at slow0-0 n3 3-3-51)
    add: (lift-at slow0-0 n5 3-5-53)
    del: (lift-at slow0-0 n3 3-3-51)
  (move-up-slow slow0-0 n3 n6), cost: 8
    pre: (lift-at slow0-0 n3 3-3-51)
    add: (lift-at slow0-0 n6 3-6-54)
    del: (lift-at slow0-0 n3 3-3-51)
  (move-up-slow slow0-0 n4 n5), cost: 6
    pre: (lift-at slow0-0 n4 3-4-52)
    add: (lift-at slow0-0 n5 3-5-53)
    del: (lift-at slow0-0 n4 3-4-52)
  (move-up-slow slow0-0 n4 n6), cost: 7
    pre: (lift-at slow0-0 n4 3-4-52)
    add: (lift-at slow0-0 n6 3-6-54)
    del: (lift-at slow0-0 n4 3-4-52)
  (move-up-slow slow0-0 n5 n6), cost: 6
    pre: (lift-at slow0-0 n5 3-5-53)
    add: (lift-at slow0-0 n6 3-6-54)
    del: (lift-at slow0-0 n5 3-5-53)
  (move-up-slow slow1-0 n10 n11), cost: 6
    pre: (lift-at slow1-0 n10 4-0-55)
    add: (lift-at slow1-0 n11 4-1-56)
    del: (lift-at slow1-0 n10 4-0-55)
  (move-up-slow slow1-0 n10 n12), cost: 7
    pre: (lift-at slow1-0 n10 4-0-55)
    add: (lift-at slow1-0 n12 4-2-57)
    del: (lift-at slow1-0 n10 4-0-55)
  (move-up-slow slow1-0 n11 n12), cost: 6
    pre: (lift-at slow1-0 n11 4-1-56)
    add: (lift-at slow1-0 n12 4-2-57)
    del: (lift-at slow1-0 n11 4-1-56)
  (move-up-slow slow1-0 n6 n10), cost: 9
    pre: (lift-at slow1-0 n6 4-3-58)
    add: (lift-at slow1-0 n10 4-0-55)
    del: (lift-at slow1-0 n6 4-3-58)
  (move-up-slow slow1-0 n6 n11), cost: 10
    pre: (lift-at slow1-0 n6 4-3-58)
    add: (lift-at slow1-0 n11 4-1-56)
    del: (lift-at slow1-0 n6 4-3-58)
  (move-up-slow slow1-0 n6 n12), cost: 11
    pre: (lift-at slow1-0 n6 4-3-58)
    add: (lift-at slow1-0 n12 4-2-57)
    del: (lift-at slow1-0 n6 4-3-58)
  (move-up-slow slow1-0 n6 n7), cost: 6
    pre: (lift-at slow1-0 n6 4-3-58)
    add: (lift-at slow1-0 n7 4-4-59)
    del: (lift-at slow1-0 n6 4-3-58)
  (move-up-slow slow1-0 n6 n8), cost: 7
    pre: (lift-at slow1-0 n6 4-3-58)
    add: (lift-at slow1-0 n8 4-5-60)
    del: (lift-at slow1-0 n6 4-3-58)
  (move-up-slow slow1-0 n6 n9), cost: 8
    pre: (lift-at slow1-0 n6 4-3-58)
    add: (lift-at slow1-0 n9 4-6-61)
    del: (lift-at slow1-0 n6 4-3-58)
  (move-up-slow slow1-0 n7 n10), cost: 8
    pre: (lift-at slow1-0 n7 4-4-59)
    add: (lift-at slow1-0 n10 4-0-55)
    del: (lift-at slow1-0 n7 4-4-59)
  (move-up-slow slow1-0 n7 n11), cost: 9
    pre: (lift-at slow1-0 n7 4-4-59)
    add: (lift-at slow1-0 n11 4-1-56)
    del: (lift-at slow1-0 n7 4-4-59)
  (move-up-slow slow1-0 n7 n12), cost: 10
    pre: (lift-at slow1-0 n7 4-4-59)
    add: (lift-at slow1-0 n12 4-2-57)
    del: (lift-at slow1-0 n7 4-4-59)
  (move-up-slow slow1-0 n7 n8), cost: 6
    pre: (lift-at slow1-0 n7 4-4-59)
    add: (lift-at slow1-0 n8 4-5-60)
    del: (lift-at slow1-0 n7 4-4-59)
  (move-up-slow slow1-0 n7 n9), cost: 7
    pre: (lift-at slow1-0 n7 4-4-59)
    add: (lift-at slow1-0 n9 4-6-61)
    del: (lift-at slow1-0 n7 4-4-59)
  (move-up-slow slow1-0 n8 n10), cost: 7
    pre: (lift-at slow1-0 n8 4-5-60)
    add: (lift-at slow1-0 n10 4-0-55)
    del: (lift-at slow1-0 n8 4-5-60)
  (move-up-slow slow1-0 n8 n11), cost: 8
    pre: (lift-at slow1-0 n8 4-5-60)
    add: (lift-at slow1-0 n11 4-1-56)
    del: (lift-at slow1-0 n8 4-5-60)
  (move-up-slow slow1-0 n8 n12), cost: 9
    pre: (lift-at slow1-0 n8 4-5-60)
    add: (lift-at slow1-0 n12 4-2-57)
    del: (lift-at slow1-0 n8 4-5-60)
  (move-up-slow slow1-0 n8 n9), cost: 6
    pre: (lift-at slow1-0 n8 4-5-60)
    add: (lift-at slow1-0 n9 4-6-61)
    del: (lift-at slow1-0 n8 4-5-60)
  (move-up-slow slow1-0 n9 n10), cost: 6
    pre: (lift-at slow1-0 n9 4-6-61)
    add: (lift-at slow1-0 n10 4-0-55)
    del: (lift-at slow1-0 n9 4-6-61)
  (move-up-slow slow1-0 n9 n11), cost: 7
    pre: (lift-at slow1-0 n9 4-6-61)
    add: (lift-at slow1-0 n11 4-1-56)
    del: (lift-at slow1-0 n9 4-6-61)
  (move-up-slow slow1-0 n9 n12), cost: 8
    pre: (lift-at slow1-0 n9 4-6-61)
    add: (lift-at slow1-0 n12 4-2-57)
    del: (lift-at slow1-0 n9 4-6-61)
Init State: (passenger-at p0 n0 0-3-3) (passenger-at p1 n0 1-3-19) (passenger-at p2 n2 2-8-40) (lift-at slow0-0 n6 3-6-54) (lift-at slow1-0 n8 4-5-60) (lift-at fast0 n6 5-3-65) (passengers fast0 n0 6-0-67) (passengers slow0-0 n0 7-0-71) (passengers slow1-0 n0 8-0-74)
Goal: (passenger-at p0 n3 0-9-9) (passenger-at p1 n11 1-6-22) (passenger-at p2 n7 2-13-45)
Value: 0
