Goal:
   (done ap1) (done ap10) (done ap11) (done ap12) (done ap13) (done ap14) (done ap15) (done ap16) (done ap17) (done ap18) (done ap19) (done ap2) (done ap20) (done ap3) (done ap4) (done ap5) (done ap6) (done ap7) (done ap8) (done ap9)
   + (NOT:today d1) (NOT:today d15) (NOT:today d4) (NOT:today d9)
(workat d1 ber)
   (today d1)
   + (NOT:done ap15)
(workat d1 fra)
   (today d1)
   + (NOT:done ap15)
(workat d1 ham)
   (today d1)
   + (NOT:done ap15)
(workat d15 ber)
   (today d15)
   + (NOT:done ap1) (NOT:done ap8)
(workat d15 fra)
   (today d15)
   + (NOT:done ap1) (NOT:done ap8)
(workat d15 ham)
   (today d15)
   + (NOT:done ap1) (NOT:done ap8)
(workat d4 ber)
   (today d4)
   + (NOT:done ap10)
(workat d4 fra)
   (today d4)
   + (NOT:done ap10)
(workat d9 ber)
   (today d9)
   + (NOT:done ap20) (NOT:done ap9)
(workat d9 fra)
   (today d9)
   + (NOT:done ap20) (NOT:done ap9)
(workat d9 ham)
   (today d9)
   + (NOT:done ap20) (NOT:done ap9)
