step 0: state 15 applicable 45
workat d1 ber :: cost: 1
    add: (done ap20) (done ap9)
    del: (today d1)
workat d1 fra :: cost: 1
    add:
    del: (today d1)
workat d1 ham :: cost: 1
    add: (done ap15)
    del: (today d1)
step 1: state 14 applicable 42
workat d10 ber :: cost: 1
    add: (done ap3) (done ap5) (done ap7)
    del: (today d10)
workat d10 fra :: cost: 1
    add: (done ap14)
    del: (today d10)
workat d10 ham :: cost: 1
    add: (done ap18)
    del: (today d10)
step 2: state 13 applicable 39
workat d10 ber :: cost: 1
    add: (done ap3) (done ap5) (done ap7)
    del: (today d10)
workat d10 fra :: cost: 1
    add: (done ap14)
    del: (today d10)
workat d10 ham :: cost: 1
    add: (done ap18)
    del: (today d10)
step 3: state 13 applicable 36
workat d10 ber :: cost: 1
    add: (done ap3) (done ap5) (done ap7)
    del: (today d10)
workat d10 fra :: cost: 1
    add: (done ap14)
    del: (today d10)
workat d10 ham :: cost: 1
    add: (done ap18)
    del: (today d10)
step 4: state 13 applicable 33
workat d10 ber :: cost: 1
    add: (done ap3) (done ap5) (done ap7)
    del: (today d10)
workat d10 fra :: cost: 1
    add: (done ap14)
    del: (today d10)
workat d10 ham :: cost: 1
    add: (done ap18)
    del: (today d10)
ground atoms: 35 groundings: 45
