RSE-Invertible facts:
36:(at truck0 depot0) in-fam-group
37:(at truck0 depot1) in-fam-group
38:(at truck0 depot2) in-fam-group
39:(at truck0 distributor0) in-fam-group
40:(at truck0 distributor1) in-fam-group
41:(at truck0 distributor2) in-fam-group
42:(at truck1 depot0) in-fam-group
43:(at truck1 depot1) in-fam-group
44:(at truck1 depot2) in-fam-group
45:(at truck1 distributor0) in-fam-group
46:(at truck1 distributor1) in-fam-group
47:(at truck1 distributor2) in-fam-group
60:(clear pallet0) in-fam-group
61:(clear pallet1) in-fam-group
62:(clear pallet2) in-fam-group
63:(clear pallet3) in-fam-group
64:(clear pallet4) in-fam-group
65:(clear pallet5) in-fam-group
66:(in crate0 truck0) in-fam-group
67:(in crate0 truck1) in-fam-group
68:(in crate1 truck0) in-fam-group
69:(in crate1 truck1) in-fam-group
70:(in crate2 truck0) in-fam-group
71:(in crate2 truck1) in-fam-group
72:(in crate3 truck0) in-fam-group
73:(in crate3 truck1) in-fam-group
74:(in crate4 truck0) in-fam-group
75:(in crate4 truck1) in-fam-group
76:(in crate5 truck0) in-fam-group
77:(in crate5 truck1) in-fam-group
119:(on crate0 pallet0) in-fam-group
120:(on crate0 pallet1) in-fam-group
121:(on crate0 pallet2) in-fam-group
122:(on crate0 pallet3) in-fam-group
123:(on crate0 pallet4) in-fam-group
124:(on crate0 pallet5) in-fam-group
130:(on crate1 pallet0) in-fam-group
131:(on crate1 pallet1) in-fam-group
132:(on crate1 pallet2) in-fam-group
133:(on crate1 pallet3) in-fam-group
134:(on crate1 pallet4) in-fam-group
135:(on crate1 pallet5) in-fam-group
141:(on crate2 pallet0) in-fam-group
142:(on crate2 pallet1) in-fam-group
143:(on crate2 pallet2) in-fam-group
144:(on crate2 pallet3) in-fam-group
145:(on crate2 pallet4) in-fam-group
146:(on crate2 pallet5) in-fam-group
152:(on crate3 pallet0) in-fam-group
153:(on crate3 pallet1) in-fam-group
154:(on crate3 pallet2) in-fam-group
155:(on crate3 pallet3) in-fam-group
156:(on crate3 pallet4) in-fam-group
157:(on crate3 pallet5) in-fam-group
163:(on crate4 pallet0) in-fam-group
164:(on crate4 pallet1) in-fam-group
165:(on crate4 pallet2) in-fam-group
166:(on crate4 pallet3) in-fam-group
167:(on crate4 pallet4) in-fam-group
168:(on crate4 pallet5) in-fam-group
174:(on crate5 pallet0) in-fam-group
175:(on crate5 pallet1) in-fam-group
176:(on crate5 pallet2) in-fam-group
177:(on crate5 pallet3) in-fam-group
178:(on crate5 pallet4) in-fam-group
179:(on crate5 pallet5) in-fam-group
