Init: (autotakeoff-mode-is-pre_init_ato-0-0-275) (dominates-3_hyp1_lost_heli0_fcl-event-finished) (fault-count-3_lost_ato-0-0-275_checkpoint1_n0) (fault-count-3_lost_ato-0-0-275_checkpoint2_n0) (fault-count-3_lost_ato-0-0-275_checkpoint5_n0) (fault-count-3_lost_ato-0-0-275_checkpoint6_n0) (fault-count-3_lost_ato-0-0-275_checkpoint7_n0) (fault-count-3_lost_ato-0-0-275_destroyed_n0) (fault-count-3_lost_ato-0-0-275_fail-service_n0) (fault-count-3_lost_ato-0-0-275_fail-specific-101_n0) (fault-count-3_lost_ato-0-0-275_fail-specific-102_n0) (fault-count-3_lost_ato-0-0-275_fail-specific-210_n0) (fault-count-3_lost_ato-0-0-275_task-done_n0) (fault-count-3_lost_f3d-0-0-346_checkpoint10_n0) (fault-count-3_lost_f3d-0-0-346_checkpoint11_n0) (fault-count-3_lost_f3d-0-0-346_checkpoint12_n0) (fault-count-3_lost_f3d-0-0-346_checkpoint20_n0) (fault-count-3_lost_f3d-0-0-346_checkpoint21_n0) (fault-count-3_lost_f3d-0-0-346_checkpoint22_n0) (fault-count-3_lost_f3d-0-0-346_checkpoint24_n0) (fault-count-3_lost_f3d-0-0-346_checkpoint30_n0) (fault-count-3_lost_f3d-0-0-346_checkpoint31_n0) (fault-count-3_lost_f3d-0-0-346_checkpoint40_n0) (fault-count-3_lost_f3d-0-0-346_destroyed_n0) (fault-count-3_lost_f3d-0-0-346_fail-service_n0) (fault-count-3_lost_f3d-0-0-346_fail-specific-210_n0) (fault-count-3_lost_f3d-0-0-346_fail-specific-211_n0) (fault-count-3_lost_f3d-0-0-346_fail-specific-213_n0) (fault-count-3_lost_f3d-0-0-346_fail-specific-214_n0) (fault-count-3_lost_f3d-0-0-346_fail-specific-220_n0) (fault-count-3_lost_f3d-0-0-346_fail-specific-221_n0) (fault-count-3_lost_f3d-0-0-346_fail-specific-222_n0) (fault-count-3_lost_f3d-0-0-346_fail-specific-223_n0) (fault-count-3_lost_f3d-0-0-346_task-done_n0) (fault-count-3_lost_heli0_fcl-event-canceled_n0) (fault-count-3_lost_heli0_fcl-event-finished_n0) (fault-count-3_lost_heli0_fcl-event-manual_n0) (fault-count-3_lost_heli0_fcl-event-not_accepted_n0) (fault-count-3_lost_heli0_fcl-event-traj3d_next_segment_n0) (fault-count-3_lost_heli0_fcl-return-canceled_n0) (fault-count-3_lost_heli0_fcl-return-finished_n0) (fault-count-3_lost_heli0_fcl-return-manual_n0) (fault-count-3_lost_heli0_fcl-return-not_accepted_n0) (fault-count-3_lost_nav-0-0-275_checkpoint1_n0) (fault-count-3_lost_nav-0-0-275_checkpoint4_n0) (fault-count-3_lost_nav-0-0-275_destroyed_n0) (fault-count-3_lost_nav-0-0-275_fail-service_n0) (fault-count-3_lost_nav-0-0-275_fail-specific-101_n0) (fault-count-3_lost_nav-0-0-275_fail-specific-102_n0) (fault-count-3_lost_nav-0-0-275_fail-specific-402_n0) (fault-count-3_lost_nav-0-0-275_fail-specific-403_n0) (fault-count-3_lost_nav-0-0-275_fail-specific-404_n0) (fault-count-3_lost_nav-0-0-275_fail-subtask_n0) (fault-count-3_lost_nav-0-0-275_task-done_n0) (fault-count-4_lost_ato-0-0-275_created_missionexecutor_n0) (fault-count-4_lost_f3d-0-0-346_created_missionexecutor_n0) (fault-count-4_lost_f3d-0-0-346_created_nav-0-0-275_n0) (fault-count-4_lost_nav-0-0-275_created_missionexecutor_n0) (fly3d-mode-is-pre_init_f3d-0-0-346) (future_obs1) (future_obs10) (future_obs11) (future_obs12) (future_obs13) (future_obs14) (future_obs2) (future_obs3) (future_obs4) (future_obs5) (future_obs6) (future_obs7) (future_obs8) (future_obs9) (missionexec-mission-idle_heli0) (navtopoint-mode-is-pre_init_nav-0-0-275) (not_at_end_constraint0)
Unreachable facts [45/179]:
  (achieved_constraint0)
  (autotakeoff-fsm_exec-is-action1_ato-0-0-275)
  (autotakeoff-fsm_exec-is-action2-climb_ato-0-0-275)
  (autotakeoff-fsm_exec-is-action2_ato-0-0-275)
  (autotakeoff-fsm_exec-is-nothing_ato-0-0-275)
  (autotakeoff-fsm_exec-is-reaction_finished_1_ato-0-0-275)
  (autotakeoff-fsm_exec-is-reaction_finished_2_ato-0-0-275)
  (autotakeoff-fsm_exec-is-start_ato-0-0-275)
  (autotakeoff-fsm_state-is-go_to_final_altitude_ato-0-0-275)
  (autotakeoff-fsm_state-is-takeoff_ato-0-0-275)
  (autotakeoff-in_start_call-is-no_ato-0-0-275)
  (autotakeoff-in_start_call-is-yes_ato-0-0-275)
  (autotakeoff-mode-is-done_ato-0-0-275)
  (autotakeoff-mode-is-ready_ato-0-0-275)
  (autotakeoff-mode-is-running_ato-0-0-275)
  (observed_obs0)
  (observed_obs1)
  (observed_obs10)
  (observed_obs11)
  (observed_obs12)
  (observed_obs13)
  (observed_obs14)
  (observed_obs2)
  (observed_obs3)
  (observed_obs4)
  (observed_obs5)
  (observed_obs6)
  (observed_obs7)
  (observed_obs8)
  (observed_obs9)
  (pending_obs0)
  (pending_obs1)
  (pending_obs10)
  (pending_obs11)
  (pending_obs12)
  (pending_obs13)
  (pending_obs14)
  (pending_obs2)
  (pending_obs3)
  (pending_obs4)
  (pending_obs5)
  (pending_obs6)
  (pending_obs7)
  (pending_obs8)
  (pending_obs9)
Unreachable ops [47/119]:
  (advance-to-obs-1_obs10_obs9)
  (advance-to-obs-1_obs11_obs10)
  (advance-to-obs-1_obs12_obs11)
  (advance-to-obs-1_obs13_obs12)
  (advance-to-obs-1_obs14_obs13)
  (advance-to-obs-1_obs1_obs0)
  (advance-to-obs-1_obs2_obs1)
  (advance-to-obs-1_obs3_obs2)
  (advance-to-obs-1_obs4_obs3)
  (advance-to-obs-1_obs5_obs4)
  (advance-to-obs-1_obs6_obs5)
  (advance-to-obs-1_obs7_obs6)
  (advance-to-obs-1_obs8_obs7)
  (advance-to-obs-1_obs9_obs8)
  (autotakeoff-go_to_final_altitude_action1_climb-0_ato-0-0-275_obs6)
  (autotakeoff-go_to_final_altitude_action1_climb-1_ato-0-0-275_n0_n1)
  (autotakeoff-go_to_final_altitude_climb_ok_ato-0-0-275)
  (autotakeoff-go_to_final_altitude_fcl_finished-flightcontrol-fcl-event-finished-1_ato-0-0-275_heli0_heli0_n0_n1)
  (autotakeoff-go_to_final_altitude_fcl_finished_reaction1-0_ato-0-0-275_obs7)
  (autotakeoff-go_to_final_altitude_fcl_finished_reaction1-1_ato-0-0-275_n0_n1)
  (autotakeoff-start_ok_ato-0-0-275)
  (autotakeoff-takeoff_action1-1_ato-0-0-275_n0_n1)
  (autotakeoff-takeoff_fcl_finished-flightcontrol-fcl-event-finished-0_ato-0-0-275_heli0_heli0_obs4)
  (autotakeoff-takeoff_fcl_finished-flightcontrol-fcl-event-finished-1_ato-0-0-275_heli0_heli0_n0_n1)
  (autotakeoff-takeoff_fcl_finished_reaction1-0_ato-0-0-275_obs5)
  (autotakeoff-takeoff_fcl_finished_reaction1-1_ato-0-0-275_n0_n1)
  (autotakeoff-takeoff_idle-0_ato-0-0-275_obs1)
  (autotakeoff-takeoff_idle-0_ato-0-0-275_obs3)
  (flightcontrol-fcl-event-finished-0_heli0_obs4)
  (flightcontrol-fcl-event-in_the_air-0_heli0_obs2)
  (fly3d-enter_send_first_trajectory_checkpoint21-0_f3d-0-0-346_obs14)
  (fly3d-enter_send_first_trajectory_checkpoint21_after22-0_f3d-0-0-346_obs14)
  (fly3d-enter_turn_to_segment_heading_checkpoint11-0_f3d-0-0-346_obs13)
  (missionexec-destroy-mission-autotakeoff-call_destroy_when_done-0_heli0_ato-0-0-275_ato-0-0-275_obs8)
  (missionexec-destroy-mission-autotakeoff-call_destroy_when_done-1_heli0_ato-0-0-275_ato-0-0-275_n0_n1)
  (missionexec-init-mission-ok-autotakeoff-init_ok-0_heli0_ato-0-0-275_ato-0-0-275_missionexecutor_obs0)
  (missionexec-init-mission-ok-navtopoint-init_ok-0_heli0_nav-0-0-275_nav-0-0-275_missionexecutor_obs9)
  (missionexec-mission-done-autotakeoff-go_to_final_altitude_fcl_finished_reaction2-1_heli0_ato-0-0-275_ato-0-0-275_n0_n1)
  (missionexec-start-mission-autotakeoff-call_start_heli0_ato-0-0-275_ato-0-0-275)
  (missionexec-start-mission-ok-autotakeoff-takeoff_action2_heli0_ato-0-0-275_ato-0-0-275)
  (navtopoint-fly_path_f3d_running-fly3d-enter_send_first_trajectory_checkpoint21_after22_sync-0_nav-0-0-275_f3d-0-0-346_f3d-0-0-346_obs14)
  (navtopoint-fly_path_f3d_running-fly3d-enter_send_first_trajectory_checkpoint21_sync-0_nav-0-0-275_f3d-0-0-346_f3d-0-0-346_obs14)
  (navtopoint-fly_path_fly3d_ready-fly3d-init_ok-0_nav-0-0-275_f3d-0-0-346_f3d-0-0-346_nav-0-0-275_obs12)
  (navtopoint-plan_path_action1_checkpoint1-0_nav-0-0-275_obs10)
  (navtopoint-plan_path_action2_checkpoint4a-0_nav-0-0-275_obs11)
  (navtopoint-plan_path_action2_checkpoint4b-0_nav-0-0-275_obs11)
  (set_goal_0_constraint0)
