Mutex pairs: 4902
Unreachable facts [6/179]:
  (achieved_constraint0)
  (fly3d-fsm_exec-is-action2-wait_f3d-0-0-346)
  (fly3d-fsm_exec-is-reaction_finished_1_f3d-0-0-346)
  (fly3d-fsm_exec-is-reaction_finished_2_f3d-0-0-346)
  (fly3d-fsm_state-is-goal_point_wait_f3d-0-0-346)
  (fly3d-fsm_state-is-turn_to_goal_heading_f3d-0-0-346)
Unreachable ops [17/112]:
  (fly3d-enter_goal_point_wait_checkpoint40-1_f3d-0-0-346_n0_n1)
  (fly3d-enter_send_starting_yaw_command_checkpoint12-1_f3d-0-0-346_n0_n1)
  (fly3d-enter_turn_to_goal_heading_checkpoint30-1_f3d-0-0-346_n0_n1)
  (fly3d-enter_turn_to_goal_heading_checkpoint31a-1_f3d-0-0-346_n0_n1)
  (fly3d-enter_turn_to_goal_heading_yaw_wait_finish_1-flightcontrol-fcl-return-finished-1_f3d-0-0-346_heli0_heli0_n0_n1)
  (fly3d-goal_point_wait_cmd_continue_1_f3d-0-0-346)
  (fly3d-in_wait_for_yaw_finish_fcl_finished-flightcontrol-fcl-event-finished-1_f3d-0-0-346_heli0_heli0_n0_n1)
  (fly3d-in_wait_trajectory_end_fcl_finished-flightcontrol-fcl-event-finished-1_f3d-0-0-346_heli0_heli0_n0_n1)
  (fly3d-in_wait_trajectory_end_fcl_finished_reaction1-1_f3d-0-0-346_n0_n1)
  (fly3d-in_wait_trajectory_end_fcl_finished_reaction2a_f3d-0-0-346)
  (fly3d-in_wait_trajectory_end_fcl_finished_reaction2b_f3d-0-0-346)
  (fly3d-in_wait_trajectory_end_fcl_finished_reaction2d_f3d-0-0-346)
  (navtopoint-fly_path_fly3d_async_fail-fly3d-enter_turn_to_segment_heading_fail_service-1_nav-0-0-275_f3d-0-0-346_f3d-0-0-346_n0_n1)
  (navtopoint-fly_path_fly3d_async_fail-fly3d-enter_turn_to_segment_heading_fail_specific_221-1_nav-0-0-275_f3d-0-0-346_f3d-0-0-346_n0_n1)
  (navtopoint-fly_path_fly3d_async_fail-fly3d-enter_turn_to_segment_heading_fail_specific_222-1_nav-0-0-275_f3d-0-0-346_f3d-0-0-346_n0_n1)
  (navtopoint-fly_path_fly3d_async_fail-fly3d-enter_turn_to_segment_heading_fail_specific_223-1_nav-0-0-275_f3d-0-0-346_f3d-0-0-346_n0_n1)
  (set_goal_0_constraint0)
