begin_version
3
end_version
begin_metric
1
end_metric
8
begin_variable
var0
-1
7
fuel-level plane1 fl0
fuel-level plane1 fl1
fuel-level plane1 fl2
fuel-level plane1 fl3
fuel-level plane1 fl4
fuel-level plane1 fl5
fuel-level plane1 fl6
end_variable
begin_variable
var1
-1
4
at person1 city0
at person1 city1
at person1 city2
in person1 plane1
end_variable
begin_variable
var2
-1
4
at person2 city0
at person2 city1
at person2 city2
in person2 plane1
end_variable
begin_variable
var3
-1
3
at plane1 city0
at plane1 city1
at plane1 city2
end_variable
begin_variable
var4
-1
2
NOT-0:0:0:fuel-level plane1 fl0-1:0:7:at person1 city0
0:0:0:fuel-level plane1 fl0-1:0:7:at person1 city0
end_variable
begin_variable
var5
-1
2
NOT-0:0:0:fuel-level plane1 fl0-3:2:17:at plane1 city2
0:0:0:fuel-level plane1 fl0-3:2:17:at plane1 city2
end_variable
begin_variable
var6
-1
2
NOT-0:0:0:fuel-level plane1 fl0-1:0:7:at person1 city0-3:2:17:at plane1 city2
0:0:0:fuel-level plane1 fl0-1:0:7:at person1 city0-3:2:17:at plane1 city2
end_variable
begin_variable
var7
-1
2
NOT-0:1:1:fuel-level plane1 fl1-1:0:7:at person1 city0
0:1:1:fuel-level plane1 fl1-1:0:7:at person1 city0
end_variable
0
begin_state
1
0
2
0
0
0
0
1
end_state
begin_goal
3
1 0
2 2
3 1
end_goal
267
begin_operator
board person1 plane1 city0
4
0 2
3 0
4 0
7 0
1
0 1 0 3
1
end_operator
begin_operator
board person1 plane1 city0
4
0 3
3 0
4 0
7 0
1
0 1 0 3
1
end_operator
begin_operator
board person1 plane1 city0
4
0 4
3 0
4 0
7 0
1
0 1 0 3
1
end_operator
begin_operator
board person1 plane1 city0
4
0 5
3 0
4 0
7 0
1
0 1 0 3
1
end_operator
begin_operator
board person1 plane1 city0
4
0 6
3 0
4 0
7 0
1
0 1 0 3
1
end_operator
begin_operator
board person1 plane1 city0
3
0 1
3 0
4 0
2
0 1 0 3
0 7 1 0
1
end_operator
begin_operator
board person1 plane1 city0
3
0 0
3 0
7 0
2
0 1 0 3
0 4 1 0
1
end_operator
begin_operator
board person1 plane1 city1
1
3 1
1
0 1 1 3
1
end_operator
begin_operator
board person1 plane1 city2
1
3 2
1
0 1 2 3
1
end_operator
begin_operator
board person2 plane1 city0
1
3 0
1
0 2 0 3
1
end_operator
begin_operator
board person2 plane1 city1
1
3 1
1
0 2 1 3
1
end_operator
begin_operator
board person2 plane1 city2
1
3 2
1
0 2 2 3
1
end_operator
begin_operator
debark person1 plane1 city0
4
0 0
3 0
6 0
7 0
2
0 1 3 0
0 4 0 1
1
end_operator
begin_operator
debark person1 plane1 city0
4
0 1
3 0
4 0
6 0
2
0 1 3 0
0 7 0 1
1
end_operator
begin_operator
debark person1 plane1 city0
5
0 2
3 0
4 0
6 0
7 0
1
0 1 3 0
1
end_operator
begin_operator
debark person1 plane1 city0
5
0 3
3 0
4 0
6 0
7 0
1
0 1 3 0
1
end_operator
begin_operator
debark person1 plane1 city0
5
0 4
3 0
4 0
6 0
7 0
1
0 1 3 0
1
end_operator
begin_operator
debark person1 plane1 city0
5
0 5
3 0
4 0
6 0
7 0
1
0 1 3 0
1
end_operator
begin_operator
debark person1 plane1 city0
5
0 6
3 0
4 0
6 0
7 0
1
0 1 3 0
1
end_operator
begin_operator
debark person1 plane1 city1
1
3 1
1
0 1 3 1
1
end_operator
begin_operator
debark person1 plane1 city2
1
3 2
1
0 1 3 2
1
end_operator
begin_operator
debark person2 plane1 city0
1
3 0
1
0 2 3 0
1
end_operator
begin_operator
debark person2 plane1 city1
1
3 1
1
0 2 3 1
1
end_operator
begin_operator
debark person2 plane1 city2
1
3 2
1
0 2 3 2
1
end_operator
begin_operator
fly plane1 city0 city0 fl1 fl0
6
1 1
3 0
4 0
5 0
6 0
7 0
1
0 0 1 0
1
end_operator
begin_operator
fly plane1 city0 city0 fl1 fl0
6
1 2
3 0
4 0
5 0
6 0
7 0
1
0 0 1 0
1
end_operator
begin_operator
fly plane1 city0 city0 fl1 fl0
6
1 3
3 0
4 0
5 0
6 0
7 0
1
0 0 1 0
1
end_operator
begin_operator
fly plane1 city0 city0 fl1 fl0
4
1 0
3 0
5 0
6 0
3
0 0 1 0
0 4 0 1
0 7 1 0
1
end_operator
begin_operator
fly plane1 city0 city0 fl2 fl1
2
1 0
3 0
2
0 0 2 1
0 7 0 1
1
end_operator
begin_operator
fly plane1 city0 city0 fl2 fl1
3
1 1
3 0
7 0
1
0 0 2 1
1
end_operator
begin_operator
fly plane1 city0 city0 fl2 fl1
3
1 2
3 0
7 0
1
0 0 2 1
1
end_operator
begin_operator
fly plane1 city0 city0 fl2 fl1
3
1 3
3 0
7 0
1
0 0 2 1
1
end_operator
begin_operator
fly plane1 city0 city0 fl3 fl2
1
3 0
1
0 0 3 2
1
end_operator
begin_operator
fly plane1 city0 city0 fl4 fl3
1
3 0
1
0 0 4 3
1
end_operator
begin_operator
fly plane1 city0 city0 fl5 fl4
1
3 0
1
0 0 5 4
1
end_operator
begin_operator
fly plane1 city0 city0 fl6 fl5
1
3 0
1
0 0 6 5
1
end_operator
begin_operator
fly plane1 city0 city1 fl1 fl0
3
1 1
4 0
7 0
2
0 0 1 0
0 3 0 1
1
end_operator
begin_operator
fly plane1 city0 city1 fl1 fl0
3
1 2
4 0
7 0
2
0 0 1 0
0 3 0 1
1
end_operator
begin_operator
fly plane1 city0 city1 fl1 fl0
3
1 3
4 0
7 0
2
0 0 1 0
0 3 0 1
1
end_operator
begin_operator
fly plane1 city0 city1 fl1 fl0
1
1 0
4
0 0 1 0
0 3 0 1
0 4 0 1
0 7 1 0
1
end_operator
begin_operator
fly plane1 city0 city1 fl2 fl1
1
1 0
3
0 0 2 1
0 3 0 1
0 7 0 1
1
end_operator
begin_operator
fly plane1 city0 city1 fl2 fl1
2
1 1
7 0
2
0 0 2 1
0 3 0 1
1
end_operator
begin_operator
fly plane1 city0 city1 fl2 fl1
2
1 2
7 0
2
0 0 2 1
0 3 0 1
1
end_operator
begin_operator
fly plane1 city0 city1 fl2 fl1
2
1 3
7 0
2
0 0 2 1
0 3 0 1
1
end_operator
begin_operator
fly plane1 city0 city1 fl3 fl2
0
2
0 0 3 2
0 3 0 1
1
end_operator
begin_operator
fly plane1 city0 city1 fl4 fl3
0
2
0 0 4 3
0 3 0 1
1
end_operator
begin_operator
fly plane1 city0 city1 fl5 fl4
0
2
0 0 5 4
0 3 0 1
1
end_operator
begin_operator
fly plane1 city0 city1 fl6 fl5
0
2
0 0 6 5
0 3 0 1
1
end_operator
begin_operator
fly plane1 city0 city2 fl1 fl0
4
1 1
4 0
6 0
7 0
3
0 0 1 0
0 3 0 2
0 5 0 1
1
end_operator
begin_operator
fly plane1 city0 city2 fl1 fl0
4
1 2
4 0
6 0
7 0
3
0 0 1 0
0 3 0 2
0 5 0 1
1
end_operator
begin_operator
fly plane1 city0 city2 fl1 fl0
4
1 3
4 0
6 0
7 0
3
0 0 1 0
0 3 0 2
0 5 0 1
1
end_operator
begin_operator
fly plane1 city0 city2 fl1 fl0
1
1 0
6
0 0 1 0
0 3 0 2
0 4 0 1
0 5 0 1
0 6 0 1
0 7 1 0
1
end_operator
begin_operator
fly plane1 city0 city2 fl2 fl1
1
1 0
3
0 0 2 1
0 3 0 2
0 7 0 1
1
end_operator
begin_operator
fly plane1 city0 city2 fl2 fl1
2
1 1
7 0
2
0 0 2 1
0 3 0 2
1
end_operator
begin_operator
fly plane1 city0 city2 fl2 fl1
2
1 2
7 0
2
0 0 2 1
0 3 0 2
1
end_operator
begin_operator
fly plane1 city0 city2 fl2 fl1
2
1 3
7 0
2
0 0 2 1
0 3 0 2
1
end_operator
begin_operator
fly plane1 city0 city2 fl3 fl2
0
2
0 0 3 2
0 3 0 2
1
end_operator
begin_operator
fly plane1 city0 city2 fl4 fl3
0
2
0 0 4 3
0 3 0 2
1
end_operator
begin_operator
fly plane1 city0 city2 fl5 fl4
0
2
0 0 5 4
0 3 0 2
1
end_operator
begin_operator
fly plane1 city0 city2 fl6 fl5
0
2
0 0 6 5
0 3 0 2
1
end_operator
begin_operator
fly plane1 city1 city0 fl1 fl0
3
1 1
4 0
7 0
2
0 0 1 0
0 3 1 0
1
end_operator
begin_operator
fly plane1 city1 city0 fl1 fl0
3
1 2
4 0
7 0
2
0 0 1 0
0 3 1 0
1
end_operator
begin_operator
fly plane1 city1 city0 fl1 fl0
3
1 3
4 0
7 0
2
0 0 1 0
0 3 1 0
1
end_operator
begin_operator
fly plane1 city1 city0 fl1 fl0
1
1 0
4
0 0 1 0
0 3 1 0
0 4 0 1
0 7 1 0
1
end_operator
begin_operator
fly plane1 city1 city0 fl2 fl1
1
1 0
3
0 0 2 1
0 3 1 0
0 7 0 1
1
end_operator
begin_operator
fly plane1 city1 city0 fl2 fl1
2
1 1
7 0
2
0 0 2 1
0 3 1 0
1
end_operator
begin_operator
fly plane1 city1 city0 fl2 fl1
2
1 2
7 0
2
0 0 2 1
0 3 1 0
1
end_operator
begin_operator
fly plane1 city1 city0 fl2 fl1
2
1 3
7 0
2
0 0 2 1
0 3 1 0
1
end_operator
begin_operator
fly plane1 city1 city0 fl3 fl2
0
2
0 0 3 2
0 3 1 0
1
end_operator
begin_operator
fly plane1 city1 city0 fl4 fl3
0
2
0 0 4 3
0 3 1 0
1
end_operator
begin_operator
fly plane1 city1 city0 fl5 fl4
0
2
0 0 5 4
0 3 1 0
1
end_operator
begin_operator
fly plane1 city1 city0 fl6 fl5
0
2
0 0 6 5
0 3 1 0
1
end_operator
begin_operator
fly plane1 city1 city1 fl1 fl0
6
1 1
3 1
4 0
5 0
6 0
7 0
1
0 0 1 0
1
end_operator
begin_operator
fly plane1 city1 city1 fl1 fl0
6
1 2
3 1
4 0
5 0
6 0
7 0
1
0 0 1 0
1
end_operator
begin_operator
fly plane1 city1 city1 fl1 fl0
6
1 3
3 1
4 0
5 0
6 0
7 0
1
0 0 1 0
1
end_operator
begin_operator
fly plane1 city1 city1 fl1 fl0
4
1 0
3 1
5 0
6 0
3
0 0 1 0
0 4 0 1
0 7 1 0
1
end_operator
begin_operator
fly plane1 city1 city1 fl2 fl1
2
1 0
3 1
2
0 0 2 1
0 7 0 1
1
end_operator
begin_operator
fly plane1 city1 city1 fl2 fl1
3
1 1
3 1
7 0
1
0 0 2 1
1
end_operator
begin_operator
fly plane1 city1 city1 fl2 fl1
3
1 2
3 1
7 0
1
0 0 2 1
1
end_operator
begin_operator
fly plane1 city1 city1 fl2 fl1
3
1 3
3 1
7 0
1
0 0 2 1
1
end_operator
begin_operator
fly plane1 city1 city1 fl3 fl2
1
3 1
1
0 0 3 2
1
end_operator
begin_operator
fly plane1 city1 city1 fl4 fl3
1
3 1
1
0 0 4 3
1
end_operator
begin_operator
fly plane1 city1 city1 fl5 fl4
1
3 1
1
0 0 5 4
1
end_operator
begin_operator
fly plane1 city1 city1 fl6 fl5
1
3 1
1
0 0 6 5
1
end_operator
begin_operator
fly plane1 city1 city2 fl1 fl0
4
1 1
4 0
6 0
7 0
3
0 0 1 0
0 3 1 2
0 5 0 1
1
end_operator
begin_operator
fly plane1 city1 city2 fl1 fl0
4
1 2
4 0
6 0
7 0
3
0 0 1 0
0 3 1 2
0 5 0 1
1
end_operator
begin_operator
fly plane1 city1 city2 fl1 fl0
4
1 3
4 0
6 0
7 0
3
0 0 1 0
0 3 1 2
0 5 0 1
1
end_operator
begin_operator
fly plane1 city1 city2 fl1 fl0
1
1 0
6
0 0 1 0
0 3 1 2
0 4 0 1
0 5 0 1
0 6 0 1
0 7 1 0
1
end_operator
begin_operator
fly plane1 city1 city2 fl2 fl1
1
1 0
3
0 0 2 1
0 3 1 2
0 7 0 1
1
end_operator
begin_operator
fly plane1 city1 city2 fl2 fl1
2
1 1
7 0
2
0 0 2 1
0 3 1 2
1
end_operator
begin_operator
fly plane1 city1 city2 fl2 fl1
2
1 2
7 0
2
0 0 2 1
0 3 1 2
1
end_operator
begin_operator
fly plane1 city1 city2 fl2 fl1
2
1 3
7 0
2
0 0 2 1
0 3 1 2
1
end_operator
begin_operator
fly plane1 city1 city2 fl3 fl2
0
2
0 0 3 2
0 3 1 2
1
end_operator
begin_operator
fly plane1 city1 city2 fl4 fl3
0
2
0 0 4 3
0 3 1 2
1
end_operator
begin_operator
fly plane1 city1 city2 fl5 fl4
0
2
0 0 5 4
0 3 1 2
1
end_operator
begin_operator
fly plane1 city1 city2 fl6 fl5
0
2
0 0 6 5
0 3 1 2
1
end_operator
begin_operator
fly plane1 city2 city0 fl1 fl0
3
1 1
4 0
7 0
2
0 0 1 0
0 3 2 0
1
end_operator
begin_operator
fly plane1 city2 city0 fl1 fl0
3
1 2
4 0
7 0
2
0 0 1 0
0 3 2 0
1
end_operator
begin_operator
fly plane1 city2 city0 fl1 fl0
3
1 3
4 0
7 0
2
0 0 1 0
0 3 2 0
1
end_operator
begin_operator
fly plane1 city2 city0 fl1 fl0
1
1 0
4
0 0 1 0
0 3 2 0
0 4 0 1
0 7 1 0
1
end_operator
begin_operator
fly plane1 city2 city0 fl2 fl1
1
1 0
3
0 0 2 1
0 3 2 0
0 7 0 1
1
end_operator
begin_operator
fly plane1 city2 city0 fl2 fl1
2
1 1
7 0
2
0 0 2 1
0 3 2 0
1
end_operator
begin_operator
fly plane1 city2 city0 fl2 fl1
2
1 2
7 0
2
0 0 2 1
0 3 2 0
1
end_operator
begin_operator
fly plane1 city2 city0 fl2 fl1
2
1 3
7 0
2
0 0 2 1
0 3 2 0
1
end_operator
begin_operator
fly plane1 city2 city0 fl3 fl2
0
2
0 0 3 2
0 3 2 0
1
end_operator
begin_operator
fly plane1 city2 city0 fl4 fl3
0
2
0 0 4 3
0 3 2 0
1
end_operator
begin_operator
fly plane1 city2 city0 fl5 fl4
0
2
0 0 5 4
0 3 2 0
1
end_operator
begin_operator
fly plane1 city2 city0 fl6 fl5
0
2
0 0 6 5
0 3 2 0
1
end_operator
begin_operator
fly plane1 city2 city1 fl1 fl0
3
1 1
4 0
7 0
2
0 0 1 0
0 3 2 1
1
end_operator
begin_operator
fly plane1 city2 city1 fl1 fl0
3
1 2
4 0
7 0
2
0 0 1 0
0 3 2 1
1
end_operator
begin_operator
fly plane1 city2 city1 fl1 fl0
3
1 3
4 0
7 0
2
0 0 1 0
0 3 2 1
1
end_operator
begin_operator
fly plane1 city2 city1 fl1 fl0
1
1 0
4
0 0 1 0
0 3 2 1
0 4 0 1
0 7 1 0
1
end_operator
begin_operator
fly plane1 city2 city1 fl2 fl1
1
1 0
3
0 0 2 1
0 3 2 1
0 7 0 1
1
end_operator
begin_operator
fly plane1 city2 city1 fl2 fl1
2
1 1
7 0
2
0 0 2 1
0 3 2 1
1
end_operator
begin_operator
fly plane1 city2 city1 fl2 fl1
2
1 2
7 0
2
0 0 2 1
0 3 2 1
1
end_operator
begin_operator
fly plane1 city2 city1 fl2 fl1
2
1 3
7 0
2
0 0 2 1
0 3 2 1
1
end_operator
begin_operator
fly plane1 city2 city1 fl3 fl2
0
2
0 0 3 2
0 3 2 1
1
end_operator
begin_operator
fly plane1 city2 city1 fl4 fl3
0
2
0 0 4 3
0 3 2 1
1
end_operator
begin_operator
fly plane1 city2 city1 fl5 fl4
0
2
0 0 5 4
0 3 2 1
1
end_operator
begin_operator
fly plane1 city2 city1 fl6 fl5
0
2
0 0 6 5
0 3 2 1
1
end_operator
begin_operator
fly plane1 city2 city2 fl1 fl0
5
1 1
3 2
4 0
6 0
7 0
2
0 0 1 0
0 5 0 1
1
end_operator
begin_operator
fly plane1 city2 city2 fl1 fl0
5
1 2
3 2
4 0
6 0
7 0
2
0 0 1 0
0 5 0 1
1
end_operator
begin_operator
fly plane1 city2 city2 fl1 fl0
5
1 3
3 2
4 0
6 0
7 0
2
0 0 1 0
0 5 0 1
1
end_operator
begin_operator
fly plane1 city2 city2 fl1 fl0
2
1 0
3 2
5
0 0 1 0
0 4 0 1
0 5 0 1
0 6 0 1
0 7 1 0
1
end_operator
begin_operator
fly plane1 city2 city2 fl2 fl1
2
1 0
3 2
2
0 0 2 1
0 7 0 1
1
end_operator
begin_operator
fly plane1 city2 city2 fl2 fl1
3
1 1
3 2
7 0
1
0 0 2 1
1
end_operator
begin_operator
fly plane1 city2 city2 fl2 fl1
3
1 2
3 2
7 0
1
0 0 2 1
1
end_operator
begin_operator
fly plane1 city2 city2 fl2 fl1
3
1 3
3 2
7 0
1
0 0 2 1
1
end_operator
begin_operator
fly plane1 city2 city2 fl3 fl2
1
3 2
1
0 0 3 2
1
end_operator
begin_operator
fly plane1 city2 city2 fl4 fl3
1
3 2
1
0 0 4 3
1
end_operator
begin_operator
fly plane1 city2 city2 fl5 fl4
1
3 2
1
0 0 5 4
1
end_operator
begin_operator
fly plane1 city2 city2 fl6 fl5
1
3 2
1
0 0 6 5
1
end_operator
begin_operator
refuel plane1 city0 fl0 fl1
4
1 1
3 0
4 0
7 0
1
0 0 0 1
1
end_operator
begin_operator
refuel plane1 city0 fl0 fl1
4
1 2
3 0
4 0
7 0
1
0 0 0 1
1
end_operator
begin_operator
refuel plane1 city0 fl0 fl1
4
1 3
3 0
4 0
7 0
1
0 0 0 1
1
end_operator
begin_operator
refuel plane1 city0 fl0 fl1
2
1 0
3 0
3
0 0 0 1
0 4 1 0
0 7 0 1
1
end_operator
begin_operator
refuel plane1 city0 fl1 fl2
3
1 1
3 0
7 0
1
0 0 1 2
1
end_operator
begin_operator
refuel plane1 city0 fl1 fl2
3
1 2
3 0
7 0
1
0 0 1 2
1
end_operator
begin_operator
refuel plane1 city0 fl1 fl2
3
1 3
3 0
7 0
1
0 0 1 2
1
end_operator
begin_operator
refuel plane1 city0 fl1 fl2
2
1 0
3 0
2
0 0 1 2
0 7 1 0
1
end_operator
begin_operator
refuel plane1 city0 fl2 fl3
1
3 0
1
0 0 2 3
1
end_operator
begin_operator
refuel plane1 city0 fl3 fl4
1
3 0
1
0 0 3 4
1
end_operator
begin_operator
refuel plane1 city0 fl4 fl5
1
3 0
1
0 0 4 5
1
end_operator
begin_operator
refuel plane1 city0 fl5 fl6
1
3 0
1
0 0 5 6
1
end_operator
begin_operator
refuel plane1 city1 fl0 fl1
4
1 1
3 1
4 0
7 0
1
0 0 0 1
1
end_operator
begin_operator
refuel plane1 city1 fl0 fl1
4
1 2
3 1
4 0
7 0
1
0 0 0 1
1
end_operator
begin_operator
refuel plane1 city1 fl0 fl1
4
1 3
3 1
4 0
7 0
1
0 0 0 1
1
end_operator
begin_operator
refuel plane1 city1 fl0 fl1
2
1 0
3 1
3
0 0 0 1
0 4 1 0
0 7 0 1
1
end_operator
begin_operator
refuel plane1 city1 fl1 fl2
3
1 1
3 1
7 0
1
0 0 1 2
1
end_operator
begin_operator
refuel plane1 city1 fl1 fl2
3
1 2
3 1
7 0
1
0 0 1 2
1
end_operator
begin_operator
refuel plane1 city1 fl1 fl2
3
1 3
3 1
7 0
1
0 0 1 2
1
end_operator
begin_operator
refuel plane1 city1 fl1 fl2
2
1 0
3 1
2
0 0 1 2
0 7 1 0
1
end_operator
begin_operator
refuel plane1 city1 fl2 fl3
1
3 1
1
0 0 2 3
1
end_operator
begin_operator
refuel plane1 city1 fl3 fl4
1
3 1
1
0 0 3 4
1
end_operator
begin_operator
refuel plane1 city1 fl4 fl5
1
3 1
1
0 0 4 5
1
end_operator
begin_operator
refuel plane1 city1 fl5 fl6
1
3 1
1
0 0 5 6
1
end_operator
begin_operator
refuel plane1 city2 fl0 fl1
5
1 1
3 2
4 0
6 0
7 0
2
0 0 0 1
0 5 1 0
1
end_operator
begin_operator
refuel plane1 city2 fl0 fl1
5
1 2
3 2
4 0
6 0
7 0
2
0 0 0 1
0 5 1 0
1
end_operator
begin_operator
refuel plane1 city2 fl0 fl1
5
1 3
3 2
4 0
6 0
7 0
2
0 0 0 1
0 5 1 0
1
end_operator
begin_operator
refuel plane1 city2 fl0 fl1
2
1 0
3 2
5
0 0 0 1
0 4 1 0
0 5 1 0
0 6 1 0
0 7 0 1
1
end_operator
begin_operator
refuel plane1 city2 fl1 fl2
3
1 1
3 2
7 0
1
0 0 1 2
1
end_operator
begin_operator
refuel plane1 city2 fl1 fl2
3
1 2
3 2
7 0
1
0 0 1 2
1
end_operator
begin_operator
refuel plane1 city2 fl1 fl2
3
1 3
3 2
7 0
1
0 0 1 2
1
end_operator
begin_operator
refuel plane1 city2 fl1 fl2
2
1 0
3 2
2
0 0 1 2
0 7 1 0
1
end_operator
begin_operator
refuel plane1 city2 fl2 fl3
1
3 2
1
0 0 2 3
1
end_operator
begin_operator
refuel plane1 city2 fl3 fl4
1
3 2
1
0 0 3 4
1
end_operator
begin_operator
refuel plane1 city2 fl4 fl5
1
3 2
1
0 0 4 5
1
end_operator
begin_operator
refuel plane1 city2 fl5 fl6
1
3 2
1
0 0 5 6
1
end_operator
begin_operator
zoom plane1 city0 city0 fl2 fl1 fl0
4
1 0
3 0
5 0
6 0
2
0 0 2 0
0 4 0 1
1
end_operator
begin_operator
zoom plane1 city0 city0 fl2 fl1 fl0
5
1 1
3 0
4 0
5 0
6 0
1
0 0 2 0
1
end_operator
begin_operator
zoom plane1 city0 city0 fl2 fl1 fl0
5
1 2
3 0
4 0
5 0
6 0
1
0 0 2 0
1
end_operator
begin_operator
zoom plane1 city0 city0 fl2 fl1 fl0
5
1 3
3 0
4 0
5 0
6 0
1
0 0 2 0
1
end_operator
begin_operator
zoom plane1 city0 city0 fl3 fl2 fl1
2
1 0
3 0
2
0 0 3 1
0 7 0 1
1
end_operator
begin_operator
zoom plane1 city0 city0 fl3 fl2 fl1
3
1 1
3 0
7 0
1
0 0 3 1
1
end_operator
begin_operator
zoom plane1 city0 city0 fl3 fl2 fl1
3
1 2
3 0
7 0
1
0 0 3 1
1
end_operator
begin_operator
zoom plane1 city0 city0 fl3 fl2 fl1
3
1 3
3 0
7 0
1
0 0 3 1
1
end_operator
begin_operator
zoom plane1 city0 city0 fl4 fl3 fl2
1
3 0
1
0 0 4 2
1
end_operator
begin_operator
zoom plane1 city0 city0 fl5 fl4 fl3
1
3 0
1
0 0 5 3
1
end_operator
begin_operator
zoom plane1 city0 city0 fl6 fl5 fl4
1
3 0
1
0 0 6 4
1
end_operator
begin_operator
zoom plane1 city0 city1 fl2 fl1 fl0
1
1 0
3
0 0 2 0
0 3 0 1
0 4 0 1
1
end_operator
begin_operator
zoom plane1 city0 city1 fl2 fl1 fl0
2
1 1
4 0
2
0 0 2 0
0 3 0 1
1
end_operator
begin_operator
zoom plane1 city0 city1 fl2 fl1 fl0
2
1 2
4 0
2
0 0 2 0
0 3 0 1
1
end_operator
begin_operator
zoom plane1 city0 city1 fl2 fl1 fl0
2
1 3
4 0
2
0 0 2 0
0 3 0 1
1
end_operator
begin_operator
zoom plane1 city0 city1 fl3 fl2 fl1
1
1 0
3
0 0 3 1
0 3 0 1
0 7 0 1
1
end_operator
begin_operator
zoom plane1 city0 city1 fl3 fl2 fl1
2
1 1
7 0
2
0 0 3 1
0 3 0 1
1
end_operator
begin_operator
zoom plane1 city0 city1 fl3 fl2 fl1
2
1 2
7 0
2
0 0 3 1
0 3 0 1
1
end_operator
begin_operator
zoom plane1 city0 city1 fl3 fl2 fl1
2
1 3
7 0
2
0 0 3 1
0 3 0 1
1
end_operator
begin_operator
zoom plane1 city0 city1 fl4 fl3 fl2
0
2
0 0 4 2
0 3 0 1
1
end_operator
begin_operator
zoom plane1 city0 city1 fl5 fl4 fl3
0
2
0 0 5 3
0 3 0 1
1
end_operator
begin_operator
zoom plane1 city0 city1 fl6 fl5 fl4
0
2
0 0 6 4
0 3 0 1
1
end_operator
begin_operator
zoom plane1 city0 city2 fl2 fl1 fl0
1
1 0
5
0 0 2 0
0 3 0 2
0 4 0 1
0 5 0 1
0 6 0 1
1
end_operator
begin_operator
zoom plane1 city0 city2 fl2 fl1 fl0
3
1 1
4 0
6 0
3
0 0 2 0
0 3 0 2
0 5 0 1
1
end_operator
begin_operator
zoom plane1 city0 city2 fl2 fl1 fl0
3
1 2
4 0
6 0
3
0 0 2 0
0 3 0 2
0 5 0 1
1
end_operator
begin_operator
zoom plane1 city0 city2 fl2 fl1 fl0
3
1 3
4 0
6 0
3
0 0 2 0
0 3 0 2
0 5 0 1
1
end_operator
begin_operator
zoom plane1 city0 city2 fl3 fl2 fl1
1
1 0
3
0 0 3 1
0 3 0 2
0 7 0 1
1
end_operator
begin_operator
zoom plane1 city0 city2 fl3 fl2 fl1
2
1 1
7 0
2
0 0 3 1
0 3 0 2
1
end_operator
begin_operator
zoom plane1 city0 city2 fl3 fl2 fl1
2
1 2
7 0
2
0 0 3 1
0 3 0 2
1
end_operator
begin_operator
zoom plane1 city0 city2 fl3 fl2 fl1
2
1 3
7 0
2
0 0 3 1
0 3 0 2
1
end_operator
begin_operator
zoom plane1 city0 city2 fl4 fl3 fl2
0
2
0 0 4 2
0 3 0 2
1
end_operator
begin_operator
zoom plane1 city0 city2 fl5 fl4 fl3
0
2
0 0 5 3
0 3 0 2
1
end_operator
begin_operator
zoom plane1 city0 city2 fl6 fl5 fl4
0
2
0 0 6 4
0 3 0 2
1
end_operator
begin_operator
zoom plane1 city1 city0 fl2 fl1 fl0
1
1 0
3
0 0 2 0
0 3 1 0
0 4 0 1
1
end_operator
begin_operator
zoom plane1 city1 city0 fl2 fl1 fl0
2
1 1
4 0
2
0 0 2 0
0 3 1 0
1
end_operator
begin_operator
zoom plane1 city1 city0 fl2 fl1 fl0
2
1 2
4 0
2
0 0 2 0
0 3 1 0
1
end_operator
begin_operator
zoom plane1 city1 city0 fl2 fl1 fl0
2
1 3
4 0
2
0 0 2 0
0 3 1 0
1
end_operator
begin_operator
zoom plane1 city1 city0 fl3 fl2 fl1
1
1 0
3
0 0 3 1
0 3 1 0
0 7 0 1
1
end_operator
begin_operator
zoom plane1 city1 city0 fl3 fl2 fl1
2
1 1
7 0
2
0 0 3 1
0 3 1 0
1
end_operator
begin_operator
zoom plane1 city1 city0 fl3 fl2 fl1
2
1 2
7 0
2
0 0 3 1
0 3 1 0
1
end_operator
begin_operator
zoom plane1 city1 city0 fl3 fl2 fl1
2
1 3
7 0
2
0 0 3 1
0 3 1 0
1
end_operator
begin_operator
zoom plane1 city1 city0 fl4 fl3 fl2
0
2
0 0 4 2
0 3 1 0
1
end_operator
begin_operator
zoom plane1 city1 city0 fl5 fl4 fl3
0
2
0 0 5 3
0 3 1 0
1
end_operator
begin_operator
zoom plane1 city1 city0 fl6 fl5 fl4
0
2
0 0 6 4
0 3 1 0
1
end_operator
begin_operator
zoom plane1 city1 city1 fl2 fl1 fl0
4
1 0
3 1
5 0
6 0
2
0 0 2 0
0 4 0 1
1
end_operator
begin_operator
zoom plane1 city1 city1 fl2 fl1 fl0
5
1 1
3 1
4 0
5 0
6 0
1
0 0 2 0
1
end_operator
begin_operator
zoom plane1 city1 city1 fl2 fl1 fl0
5
1 2
3 1
4 0
5 0
6 0
1
0 0 2 0
1
end_operator
begin_operator
zoom plane1 city1 city1 fl2 fl1 fl0
5
1 3
3 1
4 0
5 0
6 0
1
0 0 2 0
1
end_operator
begin_operator
zoom plane1 city1 city1 fl3 fl2 fl1
2
1 0
3 1
2
0 0 3 1
0 7 0 1
1
end_operator
begin_operator
zoom plane1 city1 city1 fl3 fl2 fl1
3
1 1
3 1
7 0
1
0 0 3 1
1
end_operator
begin_operator
zoom plane1 city1 city1 fl3 fl2 fl1
3
1 2
3 1
7 0
1
0 0 3 1
1
end_operator
begin_operator
zoom plane1 city1 city1 fl3 fl2 fl1
3
1 3
3 1
7 0
1
0 0 3 1
1
end_operator
begin_operator
zoom plane1 city1 city1 fl4 fl3 fl2
1
3 1
1
0 0 4 2
1
end_operator
begin_operator
zoom plane1 city1 city1 fl5 fl4 fl3
1
3 1
1
0 0 5 3
1
end_operator
begin_operator
zoom plane1 city1 city1 fl6 fl5 fl4
1
3 1
1
0 0 6 4
1
end_operator
begin_operator
zoom plane1 city1 city2 fl2 fl1 fl0
1
1 0
5
0 0 2 0
0 3 1 2
0 4 0 1
0 5 0 1
0 6 0 1
1
end_operator
begin_operator
zoom plane1 city1 city2 fl2 fl1 fl0
3
1 1
4 0
6 0
3
0 0 2 0
0 3 1 2
0 5 0 1
1
end_operator
begin_operator
zoom plane1 city1 city2 fl2 fl1 fl0
3
1 2
4 0
6 0
3
0 0 2 0
0 3 1 2
0 5 0 1
1
end_operator
begin_operator
zoom plane1 city1 city2 fl2 fl1 fl0
3
1 3
4 0
6 0
3
0 0 2 0
0 3 1 2
0 5 0 1
1
end_operator
begin_operator
zoom plane1 city1 city2 fl3 fl2 fl1
1
1 0
3
0 0 3 1
0 3 1 2
0 7 0 1
1
end_operator
begin_operator
zoom plane1 city1 city2 fl3 fl2 fl1
2
1 1
7 0
2
0 0 3 1
0 3 1 2
1
end_operator
begin_operator
zoom plane1 city1 city2 fl3 fl2 fl1
2
1 2
7 0
2
0 0 3 1
0 3 1 2
1
end_operator
begin_operator
zoom plane1 city1 city2 fl3 fl2 fl1
2
1 3
7 0
2
0 0 3 1
0 3 1 2
1
end_operator
begin_operator
zoom plane1 city1 city2 fl4 fl3 fl2
0
2
0 0 4 2
0 3 1 2
1
end_operator
begin_operator
zoom plane1 city1 city2 fl5 fl4 fl3
0
2
0 0 5 3
0 3 1 2
1
end_operator
begin_operator
zoom plane1 city1 city2 fl6 fl5 fl4
0
2
0 0 6 4
0 3 1 2
1
end_operator
begin_operator
zoom plane1 city2 city0 fl2 fl1 fl0
1
1 0
3
0 0 2 0
0 3 2 0
0 4 0 1
1
end_operator
begin_operator
zoom plane1 city2 city0 fl2 fl1 fl0
2
1 1
4 0
2
0 0 2 0
0 3 2 0
1
end_operator
begin_operator
zoom plane1 city2 city0 fl2 fl1 fl0
2
1 2
4 0
2
0 0 2 0
0 3 2 0
1
end_operator
begin_operator
zoom plane1 city2 city0 fl2 fl1 fl0
2
1 3
4 0
2
0 0 2 0
0 3 2 0
1
end_operator
begin_operator
zoom plane1 city2 city0 fl3 fl2 fl1
1
1 0
3
0 0 3 1
0 3 2 0
0 7 0 1
1
end_operator
begin_operator
zoom plane1 city2 city0 fl3 fl2 fl1
2
1 1
7 0
2
0 0 3 1
0 3 2 0
1
end_operator
begin_operator
zoom plane1 city2 city0 fl3 fl2 fl1
2
1 2
7 0
2
0 0 3 1
0 3 2 0
1
end_operator
begin_operator
zoom plane1 city2 city0 fl3 fl2 fl1
2
1 3
7 0
2
0 0 3 1
0 3 2 0
1
end_operator
begin_operator
zoom plane1 city2 city0 fl4 fl3 fl2
0
2
0 0 4 2
0 3 2 0
1
end_operator
begin_operator
zoom plane1 city2 city0 fl5 fl4 fl3
0
2
0 0 5 3
0 3 2 0
1
end_operator
begin_operator
zoom plane1 city2 city0 fl6 fl5 fl4
0
2
0 0 6 4
0 3 2 0
1
end_operator
begin_operator
zoom plane1 city2 city1 fl2 fl1 fl0
1
1 0
3
0 0 2 0
0 3 2 1
0 4 0 1
1
end_operator
begin_operator
zoom plane1 city2 city1 fl2 fl1 fl0
2
1 1
4 0
2
0 0 2 0
0 3 2 1
1
end_operator
begin_operator
zoom plane1 city2 city1 fl2 fl1 fl0
2
1 2
4 0
2
0 0 2 0
0 3 2 1
1
end_operator
begin_operator
zoom plane1 city2 city1 fl2 fl1 fl0
2
1 3
4 0
2
0 0 2 0
0 3 2 1
1
end_operator
begin_operator
zoom plane1 city2 city1 fl3 fl2 fl1
1
1 0
3
0 0 3 1
0 3 2 1
0 7 0 1
1
end_operator
begin_operator
zoom plane1 city2 city1 fl3 fl2 fl1
2
1 1
7 0
2
0 0 3 1
0 3 2 1
1
end_operator
begin_operator
zoom plane1 city2 city1 fl3 fl2 fl1
2
1 2
7 0
2
0 0 3 1
0 3 2 1
1
end_operator
begin_operator
zoom plane1 city2 city1 fl3 fl2 fl1
2
1 3
7 0
2
0 0 3 1
0 3 2 1
1
end_operator
begin_operator
zoom plane1 city2 city1 fl4 fl3 fl2
0
2
0 0 4 2
0 3 2 1
1
end_operator
begin_operator
zoom plane1 city2 city1 fl5 fl4 fl3
0
2
0 0 5 3
0 3 2 1
1
end_operator
begin_operator
zoom plane1 city2 city1 fl6 fl5 fl4
0
2
0 0 6 4
0 3 2 1
1
end_operator
begin_operator
zoom plane1 city2 city2 fl2 fl1 fl0
2
1 0
3 2
4
0 0 2 0
0 4 0 1
0 5 0 1
0 6 0 1
1
end_operator
begin_operator
zoom plane1 city2 city2 fl2 fl1 fl0
4
1 1
3 2
4 0
6 0
2
0 0 2 0
0 5 0 1
1
end_operator
begin_operator
zoom plane1 city2 city2 fl2 fl1 fl0
4
1 2
3 2
4 0
6 0
2
0 0 2 0
0 5 0 1
1
end_operator
begin_operator
zoom plane1 city2 city2 fl2 fl1 fl0
4
1 3
3 2
4 0
6 0
2
0 0 2 0
0 5 0 1
1
end_operator
begin_operator
zoom plane1 city2 city2 fl3 fl2 fl1
2
1 0
3 2
2
0 0 3 1
0 7 0 1
1
end_operator
begin_operator
zoom plane1 city2 city2 fl3 fl2 fl1
3
1 1
3 2
7 0
1
0 0 3 1
1
end_operator
begin_operator
zoom plane1 city2 city2 fl3 fl2 fl1
3
1 2
3 2
7 0
1
0 0 3 1
1
end_operator
begin_operator
zoom plane1 city2 city2 fl3 fl2 fl1
3
1 3
3 2
7 0
1
0 0 3 1
1
end_operator
begin_operator
zoom plane1 city2 city2 fl4 fl3 fl2
1
3 2
1
0 0 4 2
1
end_operator
begin_operator
zoom plane1 city2 city2 fl5 fl4 fl3
1
3 2
1
0 0 5 3
1
end_operator
begin_operator
zoom plane1 city2 city2 fl6 fl5 fl4
1
3 2
1
0 0 6 4
1
end_operator
0
