step 0: state 17 applicable 3
    state: (NOT-closed bottle01) (NOT-closed bottle02) (NOT-closed bottle03) (NOT-closed bottle04) (NOT-closed bottle05) (colour-below bottle01 green empty) (colour-below bottle02 blue red) (colour-below bottle02 green empty) (colour-below bottle02 red green) (colour-below bottle03 blue empty) (colour-below bottle04 green empty) (colour-below bottle05 red empty) (upper-colour bottle01 green) (upper-colour bottle02 blue) (upper-colour bottle03 blue) (upper-colour bottle04 green) (upper-colour bottle05 red)
    num: (colour-segments bottle01 red) = 0 (colour-segments bottle01 green) = 1 (colour-segments bottle01 blue) = 0 (colour-segments bottle01 empty) = 0 (segments-filled bottle01) = 1 (colour-segments bottle02 red) = 1 (colour-segments bottle02 green) = 2 (colour-segments bottle02 blue) = 1 (colour-segments bottle02 empty) = 0 (segments-filled bottle02) = 4 (colour-segments bottle03 red) = 0 (colour-segments bottle03 green) = 0 (colour-segments bottle03 blue) = 3 (colour-segments bottle03 empty) = 0 (segments-filled bottle03) = 3 (colour-segments bottle04 red) = 0 (colour-segments bottle04 green) = 1 (colour-segments bottle04 blue) = 0 (colour-segments bottle04 empty) = 0 (segments-filled bottle04) = 1 (colour-segments bottle05 red) = 3 (colour-segments bottle05 green) = 0 (colour-segments bottle05 blue) = 0 (colour-segments bottle05 empty) = 0 (segments-filled bottle05) = 3
pour bottle01 green empty bottle04 :: cost: 1 [successor]
    add: (upper-colour bottle01 empty)
    del: (upper-colour bottle01 green)
    num: (colour-segments bottle01 green) 1 -> 0 (segments-filled bottle01) 1 -> 0 (colour-segments bottle04 green) 1 -> 2 (segments-filled bottle04) 1 -> 2
pour bottle02 blue red bottle03 :: cost: 1
    add: (upper-colour bottle02 red)
    del: (upper-colour bottle02 blue)
    num: (colour-segments bottle02 blue) 1 -> 0 (segments-filled bottle02) 4 -> 3 (colour-segments bottle03 blue) 3 -> 4 (segments-filled bottle03) 3 -> 4
pour bottle04 green empty bottle01 :: cost: 1
    add: (upper-colour bottle04 empty)
    del: (upper-colour bottle04 green)
    num: (colour-segments bottle01 green) 1 -> 2 (segments-filled bottle01) 1 -> 2 (colour-segments bottle04 green) 1 -> 0 (segments-filled bottle04) 1 -> 0
step 1: state 17 applicable 6
    state: (NOT-closed bottle01) (NOT-closed bottle02) (NOT-closed bottle03) (NOT-closed bottle04) (NOT-closed bottle05) (colour-below bottle01 green empty) (colour-below bottle02 blue red) (colour-below bottle02 green empty) (colour-below bottle02 red green) (colour-below bottle03 blue empty) (colour-below bottle04 green empty) (colour-below bottle05 red empty) (upper-colour bottle01 empty) (upper-colour bottle02 blue) (upper-colour bottle03 blue) (upper-colour bottle04 green) (upper-colour bottle05 red)
    num: (colour-segments bottle01 red) = 0 (colour-segments bottle01 green) = 0 (colour-segments bottle01 blue) = 0 (colour-segments bottle01 empty) = 0 (segments-filled bottle01) = 0 (colour-segments bottle02 red) = 1 (colour-segments bottle02 green) = 2 (colour-segments bottle02 blue) = 1 (colour-segments bottle02 empty) = 0 (segments-filled bottle02) = 4 (colour-segments bottle03 red) = 0 (colour-segments bottle03 green) = 0 (colour-segments bottle03 blue) = 3 (colour-segments bottle03 empty) = 0 (segments-filled bottle03) = 3 (colour-segments bottle04 red) = 0 (colour-segments bottle04 green) = 2 (colour-segments bottle04 blue) = 0 (colour-segments bottle04 empty) = 0 (segments-filled bottle04) = 2 (colour-segments bottle05 red) = 3 (colour-segments bottle05 green) = 0 (colour-segments bottle05 blue) = 0 (colour-segments bottle05 empty) = 0 (segments-filled bottle05) = 3
close-empty-bottle bottle01 :: cost: 1
    add: (closed bottle01)
    del: (NOT-closed bottle01)
    num:
pour bottle02 blue red bottle03 :: cost: 1
    add: (upper-colour bottle02 red)
    del: (upper-colour bottle02 blue)
    num: (colour-segments bottle02 blue) 1 -> 0 (segments-filled bottle02) 4 -> 3 (colour-segments bottle03 blue) 3 -> 4 (segments-filled bottle03) 3 -> 4
pour-to-empty-bottle bottle02 blue red empty bottle01 :: cost: 1 [successor]
    add: (colour-below bottle01 blue empty) (upper-colour bottle01 blue) (upper-colour bottle02 red)
    del: (upper-colour bottle01 empty) (upper-colour bottle02 blue)
    num: (colour-segments bottle01 blue) 0 -> 1 (segments-filled bottle01) 0 -> 1 (colour-segments bottle02 blue) 1 -> 0 (segments-filled bottle02) 4 -> 3
step 2: state 18 applicable 3
    state: (NOT-closed bottle01) (NOT-closed bottle02) (NOT-closed bottle03) (NOT-closed bottle04) (NOT-closed bottle05) (colour-below bottle01 blue empty) (colour-below bottle01 green empty) (colour-below bottle02 blue red) (colour-below bottle02 green empty) (colour-below bottle02 red green) (colour-below bottle03 blue empty) (colour-below bottle04 green empty) (colour-below bottle05 red empty) (upper-colour bottle01 blue) (upper-colour bottle02 red) (upper-colour bottle03 blue) (upper-colour bottle04 green) (upper-colour bottle05 red)
    num: (colour-segments bottle01 red) = 0 (colour-segments bottle01 green) = 0 (colour-segments bottle01 blue) = 1 (colour-segments bottle01 empty) = 0 (segments-filled bottle01) = 1 (colour-segments bottle02 red) = 1 (colour-segments bottle02 green) = 2 (colour-segments bottle02 blue) = 0 (colour-segments bottle02 empty) = 0 (segments-filled bottle02) = 3 (colour-segments bottle03 red) = 0 (colour-segments bottle03 green) = 0 (colour-segments bottle03 blue) = 3 (colour-segments bottle03 empty) = 0 (segments-filled bottle03) = 3 (colour-segments bottle04 red) = 0 (colour-segments bottle04 green) = 2 (colour-segments bottle04 blue) = 0 (colour-segments bottle04 empty) = 0 (segments-filled bottle04) = 2 (colour-segments bottle05 red) = 3 (colour-segments bottle05 green) = 0 (colour-segments bottle05 blue) = 0 (colour-segments bottle05 empty) = 0 (segments-filled bottle05) = 3
pour bottle01 blue empty bottle03 :: cost: 1
    add: (upper-colour bottle01 empty)
    del: (upper-colour bottle01 blue)
    num: (colour-segments bottle01 blue) 1 -> 0 (segments-filled bottle01) 1 -> 0 (colour-segments bottle03 blue) 3 -> 4 (segments-filled bottle03) 3 -> 4
pour bottle02 red green bottle05 :: cost: 1
    add: (upper-colour bottle02 green)
    del: (upper-colour bottle02 red)
    num: (colour-segments bottle02 red) 1 -> 0 (segments-filled bottle02) 3 -> 2 (colour-segments bottle05 red) 3 -> 4 (segments-filled bottle05) 3 -> 4
pour bottle03 blue empty bottle01 :: cost: 1 [successor]
    add: (upper-colour bottle03 empty)
    del: (upper-colour bottle03 blue)
    num: (colour-segments bottle01 blue) 1 -> 4 (segments-filled bottle01) 1 -> 4 (colour-segments bottle03 blue) 3 -> 0 (segments-filled bottle03) 3 -> 0
step 3: state 18 applicable 7
    state: (NOT-closed bottle01) (NOT-closed bottle02) (NOT-closed bottle03) (NOT-closed bottle04) (NOT-closed bottle05) (colour-below bottle01 blue empty) (colour-below bottle01 green empty) (colour-below bottle02 blue red) (colour-below bottle02 green empty) (colour-below bottle02 red green) (colour-below bottle03 blue empty) (colour-below bottle04 green empty) (colour-below bottle05 red empty) (upper-colour bottle01 blue) (upper-colour bottle02 red) (upper-colour bottle03 empty) (upper-colour bottle04 green) (upper-colour bottle05 red)
    num: (colour-segments bottle01 red) = 0 (colour-segments bottle01 green) = 0 (colour-segments bottle01 blue) = 4 (colour-segments bottle01 empty) = 0 (segments-filled bottle01) = 4 (colour-segments bottle02 red) = 1 (colour-segments bottle02 green) = 2 (colour-segments bottle02 blue) = 0 (colour-segments bottle02 empty) = 0 (segments-filled bottle02) = 3 (colour-segments bottle03 red) = 0 (colour-segments bottle03 green) = 0 (colour-segments bottle03 blue) = 0 (colour-segments bottle03 empty) = 0 (segments-filled bottle03) = 0 (colour-segments bottle04 red) = 0 (colour-segments bottle04 green) = 2 (colour-segments bottle04 blue) = 0 (colour-segments bottle04 empty) = 0 (segments-filled bottle04) = 2 (colour-segments bottle05 red) = 3 (colour-segments bottle05 green) = 0 (colour-segments bottle05 blue) = 0 (colour-segments bottle05 empty) = 0 (segments-filled bottle05) = 3
close-bottle bottle01 blue :: cost: 1
    add: (closed bottle01)
    del: (NOT-closed bottle01)
    num:
close-empty-bottle bottle03 :: cost: 1
    add: (closed bottle03)
    del: (NOT-closed bottle03)
    num:
pour bottle02 red green bottle05 :: cost: 1
    add: (upper-colour bottle02 green)
    del: (upper-colour bottle02 red)
    num: (colour-segments bottle02 red) 1 -> 0 (segments-filled bottle02) 3 -> 2 (colour-segments bottle05 red) 3 -> 4 (segments-filled bottle05) 3 -> 4
    successor: pour-to-empty-bottle bottle04 green empty empty bottle03
step 4: state 19 applicable 7
    state: (NOT-closed bottle01) (NOT-closed bottle02) (NOT-closed bottle03) (NOT-closed bottle04) (NOT-closed bottle05) (colour-below bottle01 blue empty) (colour-below bottle01 green empty) (colour-below bottle02 blue red) (colour-below bottle02 green empty) (colour-below bottle02 red green) (colour-below bottle03 blue empty) (colour-below bottle03 green empty) (colour-below bottle04 green empty) (colour-below bottle05 red empty) (upper-colour bottle01 blue) (upper-colour bottle02 red) (upper-colour bottle03 green) (upper-colour bottle04 empty) (upper-colour bottle05 red)
    num: (colour-segments bottle01 red) = 0 (colour-segments bottle01 green) = 0 (colour-segments bottle01 blue) = 4 (colour-segments bottle01 empty) = 0 (segments-filled bottle01) = 4 (colour-segments bottle02 red) = 1 (colour-segments bottle02 green) = 2 (colour-segments bottle02 blue) = 0 (colour-segments bottle02 empty) = 0 (segments-filled bottle02) = 3 (colour-segments bottle03 red) = 0 (colour-segments bottle03 green) = 2 (colour-segments bottle03 blue) = 0 (colour-segments bottle03 empty) = 0 (segments-filled bottle03) = 2 (colour-segments bottle04 red) = 0 (colour-segments bottle04 green) = 0 (colour-segments bottle04 blue) = 0 (colour-segments bottle04 empty) = 0 (segments-filled bottle04) = 0 (colour-segments bottle05 red) = 3 (colour-segments bottle05 green) = 0 (colour-segments bottle05 blue) = 0 (colour-segments bottle05 empty) = 0 (segments-filled bottle05) = 3
close-bottle bottle01 blue :: cost: 1
    add: (closed bottle01)
    del: (NOT-closed bottle01)
    num:
close-empty-bottle bottle04 :: cost: 1
    add: (closed bottle04)
    del: (NOT-closed bottle04)
    num:
pour bottle02 red green bottle05 :: cost: 1
    add: (upper-colour bottle02 green)
    del: (upper-colour bottle02 red)
    num: (colour-segments bottle02 red) 1 -> 0 (segments-filled bottle02) 3 -> 2 (colour-segments bottle05 red) 3 -> 4 (segments-filled bottle05) 3 -> 4
    successor: pour-to-empty-bottle bottle05 red empty empty bottle04
ground atoms: 38 groundings: 22
