Step 0
size: 29
move-by-car farm0 farm1 :: cost: 1
    add:
    del:
    num: 0 900 1 0 0 0 1 0
move-by-car farm0 farm3 :: cost: 1
    add:
    del:
    num: 0 900 1 0 0 0 1 0
move-by-car farm1 farm0 :: cost: 1
    add:
    del:
    num: 0 900 1 0 0 0 1 0
move-by-car farm1 farm2 :: cost: 1
    add:
    del:
    num: 0 900 1 0 0 0 1 0
move-by-car farm1 farm4 :: cost: 1
    add:
    del:
    num: 0 900 1 0 0 0 1 0
move-by-car farm2 farm1 :: cost: 1
    add:
    del:
    num: 0 900 1 0 0 0 1 0
move-by-car farm2 farm5 :: cost: 1
    add:
    del:
    num: 0 900 1 0 0 0 1 0
move-by-car farm3 farm0 :: cost: 1
    add:
    del:
    num: 0 900 1 0 0 0 1 0
move-by-car farm3 farm4 :: cost: 1
    add:
    del:
    num: 0 900 1 0 0 0 1 0
move-by-car farm4 farm1 :: cost: 1
    add:
    del:
    num: 0 900 1 0 0 0 1 0
move-by-car farm4 farm3 :: cost: 1
    add:
    del:
    num: 0 900 1 0 0 0 1 0
move-by-car farm4 farm5 :: cost: 1
    add:
    del:
    num: 0 900 1 0 0 0 1 0
move-by-car farm5 farm2 :: cost: 1
    add:
    del:
    num: 0 900 1 0 0 0 1 0
move-by-car farm5 farm4 :: cost: 1
    add:
    del:
    num: 0 900 1 0 0 0 1 0
move-slow farm0 farm1 :: cost: 1
    add:
    del:
    num: 0 899 2 0 0 0 1 0
move-slow farm0 farm3 :: cost: 1
    add:
    del:
    num: 0 899 1 0 1 0 1 0
move-slow farm1 farm0 :: cost: 1
    add:
    del:
    num: 0 901 0 0 0 0 1 0
move-slow farm1 farm2 :: cost: 1
    add:
    del:
    num: 0 900 0 1 0 0 1 0
move-slow farm1 farm4 :: cost: 1
    add:
    del:
    num: 0 900 0 0 0 1 1 0
move-slow farm5 farm2 :: cost: 1
    add:
    del:
    num: 0 900 1 1 0 0 0 0
move-slow farm5 farm4 :: cost: 1
    add:
    del:
    num: 0 900 1 0 0 1 0 0
hire-car :: cost: 1
    add:
    del:
    num: 1 900 1 0 0 0 1 0
Step 1
size: 29
move-by-car farm0 farm1 :: cost: 1
    add:
    del:
    num: 0 900 1 0 0 0 1 0
move-by-car farm0 farm3 :: cost: 1
    add:
    del:
    num: 0 900 1 0 0 0 1 0
move-by-car farm1 farm0 :: cost: 1
    add:
    del:
    num: 0 900 1 0 0 0 1 0
move-by-car farm1 farm2 :: cost: 1
    add:
    del:
    num: 0 900 1 0 0 0 1 0
move-by-car farm1 farm4 :: cost: 1
    add:
    del:
    num: 0 900 1 0 0 0 1 0
move-by-car farm2 farm1 :: cost: 1
    add:
    del:
    num: 0 900 1 0 0 0 1 0
move-by-car farm2 farm5 :: cost: 1
    add:
    del:
    num: 0 900 1 0 0 0 1 0
move-by-car farm3 farm0 :: cost: 1
    add:
    del:
    num: 0 900 1 0 0 0 1 0
move-by-car farm3 farm4 :: cost: 1
    add:
    del:
    num: 0 900 1 0 0 0 1 0
move-by-car farm4 farm1 :: cost: 1
    add:
    del:
    num: 0 900 1 0 0 0 1 0
move-by-car farm4 farm3 :: cost: 1
    add:
    del:
    num: 0 900 1 0 0 0 1 0
move-by-car farm4 farm5 :: cost: 1
    add:
    del:
    num: 0 900 1 0 0 0 1 0
move-by-car farm5 farm2 :: cost: 1
    add:
    del:
    num: 0 900 1 0 0 0 1 0
move-by-car farm5 farm4 :: cost: 1
    add:
    del:
    num: 0 900 1 0 0 0 1 0
move-slow farm0 farm1 :: cost: 1
    add:
    del:
    num: 0 899 2 0 0 0 1 0
move-slow farm0 farm3 :: cost: 1
    add:
    del:
    num: 0 899 1 0 1 0 1 0
move-slow farm1 farm0 :: cost: 1
    add:
    del:
    num: 0 901 0 0 0 0 1 0
move-slow farm1 farm2 :: cost: 1
    add:
    del:
    num: 0 900 0 1 0 0 1 0
move-slow farm1 farm4 :: cost: 1
    add:
    del:
    num: 0 900 0 0 0 1 1 0
move-slow farm5 farm2 :: cost: 1
    add:
    del:
    num: 0 900 1 1 0 0 0 0
move-slow farm5 farm4 :: cost: 1
    add:
    del:
    num: 0 900 1 0 0 1 0 0
hire-car :: cost: 1
    add:
    del:
    num: 1 900 1 0 0 0 1 0
Step 2
size: 29
move-by-car farm0 farm1 :: cost: 1
    add:
    del:
    num: 0 900 1 0 0 0 1 0
move-by-car farm0 farm3 :: cost: 1
    add:
    del:
    num: 0 900 1 0 0 0 1 0
move-by-car farm1 farm0 :: cost: 1
    add:
    del:
    num: 0 900 1 0 0 0 1 0
move-by-car farm1 farm2 :: cost: 1
    add:
    del:
    num: 0 900 1 0 0 0 1 0
move-by-car farm1 farm4 :: cost: 1
    add:
    del:
    num: 0 900 1 0 0 0 1 0
move-by-car farm2 farm1 :: cost: 1
    add:
    del:
    num: 0 900 1 0 0 0 1 0
move-by-car farm2 farm5 :: cost: 1
    add:
    del:
    num: 0 900 1 0 0 0 1 0
move-by-car farm3 farm0 :: cost: 1
    add:
    del:
    num: 0 900 1 0 0 0 1 0
move-by-car farm3 farm4 :: cost: 1
    add:
    del:
    num: 0 900 1 0 0 0 1 0
move-by-car farm4 farm1 :: cost: 1
    add:
    del:
    num: 0 900 1 0 0 0 1 0
move-by-car farm4 farm3 :: cost: 1
    add:
    del:
    num: 0 900 1 0 0 0 1 0
move-by-car farm4 farm5 :: cost: 1
    add:
    del:
    num: 0 900 1 0 0 0 1 0
move-by-car farm5 farm2 :: cost: 1
    add:
    del:
    num: 0 900 1 0 0 0 1 0
move-by-car farm5 farm4 :: cost: 1
    add:
    del:
    num: 0 900 1 0 0 0 1 0
move-slow farm0 farm1 :: cost: 1
    add:
    del:
    num: 0 899 2 0 0 0 1 0
move-slow farm0 farm3 :: cost: 1
    add:
    del:
    num: 0 899 1 0 1 0 1 0
move-slow farm1 farm0 :: cost: 1
    add:
    del:
    num: 0 901 0 0 0 0 1 0
move-slow farm1 farm2 :: cost: 1
    add:
    del:
    num: 0 900 0 1 0 0 1 0
move-slow farm1 farm4 :: cost: 1
    add:
    del:
    num: 0 900 0 0 0 1 1 0
move-slow farm5 farm2 :: cost: 1
    add:
    del:
    num: 0 900 1 1 0 0 0 0
move-slow farm5 farm4 :: cost: 1
    add:
    del:
    num: 0 900 1 0 0 1 0 0
hire-car :: cost: 1
    add:
    del:
    num: 1 900 1 0 0 0 1 0
Step 3
size: 29
move-by-car farm0 farm1 :: cost: 1
    add:
    del:
    num: 0 900 1 0 0 0 1 0
move-by-car farm0 farm3 :: cost: 1
    add:
    del:
    num: 0 900 1 0 0 0 1 0
move-by-car farm1 farm0 :: cost: 1
    add:
    del:
    num: 0 900 1 0 0 0 1 0
move-by-car farm1 farm2 :: cost: 1
    add:
    del:
    num: 0 900 1 0 0 0 1 0
move-by-car farm1 farm4 :: cost: 1
    add:
    del:
    num: 0 900 1 0 0 0 1 0
move-by-car farm2 farm1 :: cost: 1
    add:
    del:
    num: 0 900 1 0 0 0 1 0
move-by-car farm2 farm5 :: cost: 1
    add:
    del:
    num: 0 900 1 0 0 0 1 0
move-by-car farm3 farm0 :: cost: 1
    add:
    del:
    num: 0 900 1 0 0 0 1 0
move-by-car farm3 farm4 :: cost: 1
    add:
    del:
    num: 0 900 1 0 0 0 1 0
move-by-car farm4 farm1 :: cost: 1
    add:
    del:
    num: 0 900 1 0 0 0 1 0
move-by-car farm4 farm3 :: cost: 1
    add:
    del:
    num: 0 900 1 0 0 0 1 0
move-by-car farm4 farm5 :: cost: 1
    add:
    del:
    num: 0 900 1 0 0 0 1 0
move-by-car farm5 farm2 :: cost: 1
    add:
    del:
    num: 0 900 1 0 0 0 1 0
move-by-car farm5 farm4 :: cost: 1
    add:
    del:
    num: 0 900 1 0 0 0 1 0
move-slow farm0 farm1 :: cost: 1
    add:
    del:
    num: 0 899 2 0 0 0 1 0
move-slow farm0 farm3 :: cost: 1
    add:
    del:
    num: 0 899 1 0 1 0 1 0
move-slow farm1 farm0 :: cost: 1
    add:
    del:
    num: 0 901 0 0 0 0 1 0
move-slow farm1 farm2 :: cost: 1
    add:
    del:
    num: 0 900 0 1 0 0 1 0
move-slow farm1 farm4 :: cost: 1
    add:
    del:
    num: 0 900 0 0 0 1 1 0
move-slow farm5 farm2 :: cost: 1
    add:
    del:
    num: 0 900 1 1 0 0 0 0
move-slow farm5 farm4 :: cost: 1
    add:
    del:
    num: 0 900 1 0 0 1 0 0
hire-car :: cost: 1
    add:
    del:
    num: 1 900 1 0 0 0 1 0
Step 4
size: 29
move-by-car farm0 farm1 :: cost: 1
    add:
    del:
    num: 0 900 1 0 0 0 1 0
move-by-car farm0 farm3 :: cost: 1
    add:
    del:
    num: 0 900 1 0 0 0 1 0
move-by-car farm1 farm0 :: cost: 1
    add:
    del:
    num: 0 900 1 0 0 0 1 0
move-by-car farm1 farm2 :: cost: 1
    add:
    del:
    num: 0 900 1 0 0 0 1 0
move-by-car farm1 farm4 :: cost: 1
    add:
    del:
    num: 0 900 1 0 0 0 1 0
move-by-car farm2 farm1 :: cost: 1
    add:
    del:
    num: 0 900 1 0 0 0 1 0
move-by-car farm2 farm5 :: cost: 1
    add:
    del:
    num: 0 900 1 0 0 0 1 0
move-by-car farm3 farm0 :: cost: 1
    add:
    del:
    num: 0 900 1 0 0 0 1 0
move-by-car farm3 farm4 :: cost: 1
    add:
    del:
    num: 0 900 1 0 0 0 1 0
move-by-car farm4 farm1 :: cost: 1
    add:
    del:
    num: 0 900 1 0 0 0 1 0
move-by-car farm4 farm3 :: cost: 1
    add:
    del:
    num: 0 900 1 0 0 0 1 0
move-by-car farm4 farm5 :: cost: 1
    add:
    del:
    num: 0 900 1 0 0 0 1 0
move-by-car farm5 farm2 :: cost: 1
    add:
    del:
    num: 0 900 1 0 0 0 1 0
move-by-car farm5 farm4 :: cost: 1
    add:
    del:
    num: 0 900 1 0 0 0 1 0
move-slow farm0 farm1 :: cost: 1
    add:
    del:
    num: 0 899 2 0 0 0 1 0
move-slow farm0 farm3 :: cost: 1
    add:
    del:
    num: 0 899 1 0 1 0 1 0
move-slow farm1 farm0 :: cost: 1
    add:
    del:
    num: 0 901 0 0 0 0 1 0
move-slow farm1 farm2 :: cost: 1
    add:
    del:
    num: 0 900 0 1 0 0 1 0
move-slow farm1 farm4 :: cost: 1
    add:
    del:
    num: 0 900 0 0 0 1 1 0
move-slow farm5 farm2 :: cost: 1
    add:
    del:
    num: 0 900 1 1 0 0 0 0
move-slow farm5 farm4 :: cost: 1
    add:
    del:
    num: 0 900 1 0 0 1 0 0
hire-car :: cost: 1
    add:
    del:
    num: 1 900 1 0 0 0 1 0
Step 5
size: 29
move-by-car farm0 farm1 :: cost: 1
    add:
    del:
    num: 0 900 1 0 0 0 1 0
move-by-car farm0 farm3 :: cost: 1
    add:
    del:
    num: 0 900 1 0 0 0 1 0
move-by-car farm1 farm0 :: cost: 1
    add:
    del:
    num: 0 900 1 0 0 0 1 0
move-by-car farm1 farm2 :: cost: 1
    add:
    del:
    num: 0 900 1 0 0 0 1 0
move-by-car farm1 farm4 :: cost: 1
    add:
    del:
    num: 0 900 1 0 0 0 1 0
move-by-car farm2 farm1 :: cost: 1
    add:
    del:
    num: 0 900 1 0 0 0 1 0
move-by-car farm2 farm5 :: cost: 1
    add:
    del:
    num: 0 900 1 0 0 0 1 0
move-by-car farm3 farm0 :: cost: 1
    add:
    del:
    num: 0 900 1 0 0 0 1 0
move-by-car farm3 farm4 :: cost: 1
    add:
    del:
    num: 0 900 1 0 0 0 1 0
move-by-car farm4 farm1 :: cost: 1
    add:
    del:
    num: 0 900 1 0 0 0 1 0
move-by-car farm4 farm3 :: cost: 1
    add:
    del:
    num: 0 900 1 0 0 0 1 0
move-by-car farm4 farm5 :: cost: 1
    add:
    del:
    num: 0 900 1 0 0 0 1 0
move-by-car farm5 farm2 :: cost: 1
    add:
    del:
    num: 0 900 1 0 0 0 1 0
move-by-car farm5 farm4 :: cost: 1
    add:
    del:
    num: 0 900 1 0 0 0 1 0
move-slow farm0 farm1 :: cost: 1
    add:
    del:
    num: 0 899 2 0 0 0 1 0
move-slow farm0 farm3 :: cost: 1
    add:
    del:
    num: 0 899 1 0 1 0 1 0
move-slow farm1 farm0 :: cost: 1
    add:
    del:
    num: 0 901 0 0 0 0 1 0
move-slow farm1 farm2 :: cost: 1
    add:
    del:
    num: 0 900 0 1 0 0 1 0
move-slow farm1 farm4 :: cost: 1
    add:
    del:
    num: 0 900 0 0 0 1 1 0
move-slow farm5 farm2 :: cost: 1
    add:
    del:
    num: 0 900 1 1 0 0 0 0
move-slow farm5 farm4 :: cost: 1
    add:
    del:
    num: 0 900 1 0 0 1 0 0
hire-car :: cost: 1
    add:
    del:
    num: 1 900 1 0 0 0 1 0
Step 6
size: 29
move-by-car farm0 farm1 :: cost: 1
    add:
    del:
    num: 0 900 1 0 0 0 1 0
move-by-car farm0 farm3 :: cost: 1
    add:
    del:
    num: 0 900 1 0 0 0 1 0
move-by-car farm1 farm0 :: cost: 1
    add:
    del:
    num: 0 900 1 0 0 0 1 0
move-by-car farm1 farm2 :: cost: 1
    add:
    del:
    num: 0 900 1 0 0 0 1 0
move-by-car farm1 farm4 :: cost: 1
    add:
    del:
    num: 0 900 1 0 0 0 1 0
move-by-car farm2 farm1 :: cost: 1
    add:
    del:
    num: 0 900 1 0 0 0 1 0
move-by-car farm2 farm5 :: cost: 1
    add:
    del:
    num: 0 900 1 0 0 0 1 0
move-by-car farm3 farm0 :: cost: 1
    add:
    del:
    num: 0 900 1 0 0 0 1 0
move-by-car farm3 farm4 :: cost: 1
    add:
    del:
    num: 0 900 1 0 0 0 1 0
move-by-car farm4 farm1 :: cost: 1
    add:
    del:
    num: 0 900 1 0 0 0 1 0
move-by-car farm4 farm3 :: cost: 1
    add:
    del:
    num: 0 900 1 0 0 0 1 0
move-by-car farm4 farm5 :: cost: 1
    add:
    del:
    num: 0 900 1 0 0 0 1 0
move-by-car farm5 farm2 :: cost: 1
    add:
    del:
    num: 0 900 1 0 0 0 1 0
move-by-car farm5 farm4 :: cost: 1
    add:
    del:
    num: 0 900 1 0 0 0 1 0
move-slow farm0 farm1 :: cost: 1
    add:
    del:
    num: 0 899 2 0 0 0 1 0
move-slow farm0 farm3 :: cost: 1
    add:
    del:
    num: 0 899 1 0 1 0 1 0
move-slow farm1 farm0 :: cost: 1
    add:
    del:
    num: 0 901 0 0 0 0 1 0
move-slow farm1 farm2 :: cost: 1
    add:
    del:
    num: 0 900 0 1 0 0 1 0
move-slow farm1 farm4 :: cost: 1
    add:
    del:
    num: 0 900 0 0 0 1 1 0
move-slow farm5 farm2 :: cost: 1
    add:
    del:
    num: 0 900 1 1 0 0 0 0
move-slow farm5 farm4 :: cost: 1
    add:
    del:
    num: 0 900 1 0 0 1 0 0
hire-car :: cost: 1
    add:
    del:
    num: 1 900 1 0 0 0 1 0
Step 7
size: 29
move-by-car farm0 farm1 :: cost: 1
    add:
    del:
    num: 0 900 1 0 0 0 1 0
move-by-car farm0 farm3 :: cost: 1
    add:
    del:
    num: 0 900 1 0 0 0 1 0
move-by-car farm1 farm0 :: cost: 1
    add:
    del:
    num: 0 900 1 0 0 0 1 0
move-by-car farm1 farm2 :: cost: 1
    add:
    del:
    num: 0 900 1 0 0 0 1 0
move-by-car farm1 farm4 :: cost: 1
    add:
    del:
    num: 0 900 1 0 0 0 1 0
move-by-car farm2 farm1 :: cost: 1
    add:
    del:
    num: 0 900 1 0 0 0 1 0
move-by-car farm2 farm5 :: cost: 1
    add:
    del:
    num: 0 900 1 0 0 0 1 0
move-by-car farm3 farm0 :: cost: 1
    add:
    del:
    num: 0 900 1 0 0 0 1 0
move-by-car farm3 farm4 :: cost: 1
    add:
    del:
    num: 0 900 1 0 0 0 1 0
move-by-car farm4 farm1 :: cost: 1
    add:
    del:
    num: 0 900 1 0 0 0 1 0
move-by-car farm4 farm3 :: cost: 1
    add:
    del:
    num: 0 900 1 0 0 0 1 0
move-by-car farm4 farm5 :: cost: 1
    add:
    del:
    num: 0 900 1 0 0 0 1 0
move-by-car farm5 farm2 :: cost: 1
    add:
    del:
    num: 0 900 1 0 0 0 1 0
move-by-car farm5 farm4 :: cost: 1
    add:
    del:
    num: 0 900 1 0 0 0 1 0
move-slow farm0 farm1 :: cost: 1
    add:
    del:
    num: 0 899 2 0 0 0 1 0
move-slow farm0 farm3 :: cost: 1
    add:
    del:
    num: 0 899 1 0 1 0 1 0
move-slow farm1 farm0 :: cost: 1
    add:
    del:
    num: 0 901 0 0 0 0 1 0
move-slow farm1 farm2 :: cost: 1
    add:
    del:
    num: 0 900 0 1 0 0 1 0
move-slow farm1 farm4 :: cost: 1
    add:
    del:
    num: 0 900 0 0 0 1 1 0
move-slow farm5 farm2 :: cost: 1
    add:
    del:
    num: 0 900 1 1 0 0 0 0
move-slow farm5 farm4 :: cost: 1
    add:
    del:
    num: 0 900 1 0 0 1 0 0
hire-car :: cost: 1
    add:
    del:
    num: 1 900 1 0 0 0 1 0
Step 8
size: 29
move-by-car farm0 farm1 :: cost: 1
    add:
    del:
    num: 0 900 1 0 0 0 1 0
move-by-car farm0 farm3 :: cost: 1
    add:
    del:
    num: 0 900 1 0 0 0 1 0
move-by-car farm1 farm0 :: cost: 1
    add:
    del:
    num: 0 900 1 0 0 0 1 0
move-by-car farm1 farm2 :: cost: 1
    add:
    del:
    num: 0 900 1 0 0 0 1 0
move-by-car farm1 farm4 :: cost: 1
    add:
    del:
    num: 0 900 1 0 0 0 1 0
move-by-car farm2 farm1 :: cost: 1
    add:
    del:
    num: 0 900 1 0 0 0 1 0
move-by-car farm2 farm5 :: cost: 1
    add:
    del:
    num: 0 900 1 0 0 0 1 0
move-by-car farm3 farm0 :: cost: 1
    add:
    del:
    num: 0 900 1 0 0 0 1 0
move-by-car farm3 farm4 :: cost: 1
    add:
    del:
    num: 0 900 1 0 0 0 1 0
move-by-car farm4 farm1 :: cost: 1
    add:
    del:
    num: 0 900 1 0 0 0 1 0
move-by-car farm4 farm3 :: cost: 1
    add:
    del:
    num: 0 900 1 0 0 0 1 0
move-by-car farm4 farm5 :: cost: 1
    add:
    del:
    num: 0 900 1 0 0 0 1 0
move-by-car farm5 farm2 :: cost: 1
    add:
    del:
    num: 0 900 1 0 0 0 1 0
move-by-car farm5 farm4 :: cost: 1
    add:
    del:
    num: 0 900 1 0 0 0 1 0
move-slow farm0 farm1 :: cost: 1
    add:
    del:
    num: 0 899 2 0 0 0 1 0
move-slow farm0 farm3 :: cost: 1
    add:
    del:
    num: 0 899 1 0 1 0 1 0
move-slow farm1 farm0 :: cost: 1
    add:
    del:
    num: 0 901 0 0 0 0 1 0
move-slow farm1 farm2 :: cost: 1
    add:
    del:
    num: 0 900 0 1 0 0 1 0
move-slow farm1 farm4 :: cost: 1
    add:
    del:
    num: 0 900 0 0 0 1 1 0
move-slow farm5 farm2 :: cost: 1
    add:
    del:
    num: 0 900 1 1 0 0 0 0
move-slow farm5 farm4 :: cost: 1
    add:
    del:
    num: 0 900 1 0 0 1 0 0
hire-car :: cost: 1
    add:
    del:
    num: 1 900 1 0 0 0 1 0
Step 9
size: 29
move-by-car farm0 farm1 :: cost: 1
    add:
    del:
    num: 0 900 1 0 0 0 1 0
move-by-car farm0 farm3 :: cost: 1
    add:
    del:
    num: 0 900 1 0 0 0 1 0
move-by-car farm1 farm0 :: cost: 1
    add:
    del:
    num: 0 900 1 0 0 0 1 0
move-by-car farm1 farm2 :: cost: 1
    add:
    del:
    num: 0 900 1 0 0 0 1 0
move-by-car farm1 farm4 :: cost: 1
    add:
    del:
    num: 0 900 1 0 0 0 1 0
move-by-car farm2 farm1 :: cost: 1
    add:
    del:
    num: 0 900 1 0 0 0 1 0
move-by-car farm2 farm5 :: cost: 1
    add:
    del:
    num: 0 900 1 0 0 0 1 0
move-by-car farm3 farm0 :: cost: 1
    add:
    del:
    num: 0 900 1 0 0 0 1 0
move-by-car farm3 farm4 :: cost: 1
    add:
    del:
    num: 0 900 1 0 0 0 1 0
move-by-car farm4 farm1 :: cost: 1
    add:
    del:
    num: 0 900 1 0 0 0 1 0
move-by-car farm4 farm3 :: cost: 1
    add:
    del:
    num: 0 900 1 0 0 0 1 0
move-by-car farm4 farm5 :: cost: 1
    add:
    del:
    num: 0 900 1 0 0 0 1 0
move-by-car farm5 farm2 :: cost: 1
    add:
    del:
    num: 0 900 1 0 0 0 1 0
move-by-car farm5 farm4 :: cost: 1
    add:
    del:
    num: 0 900 1 0 0 0 1 0
move-slow farm0 farm1 :: cost: 1
    add:
    del:
    num: 0 899 2 0 0 0 1 0
move-slow farm0 farm3 :: cost: 1
    add:
    del:
    num: 0 899 1 0 1 0 1 0
move-slow farm1 farm0 :: cost: 1
    add:
    del:
    num: 0 901 0 0 0 0 1 0
move-slow farm1 farm2 :: cost: 1
    add:
    del:
    num: 0 900 0 1 0 0 1 0
move-slow farm1 farm4 :: cost: 1
    add:
    del:
    num: 0 900 0 0 0 1 1 0
move-slow farm5 farm2 :: cost: 1
    add:
    del:
    num: 0 900 1 1 0 0 0 0
move-slow farm5 farm4 :: cost: 1
    add:
    del:
    num: 0 900 1 0 0 1 0 0
hire-car :: cost: 1
    add:
    del:
    num: 1 900 1 0 0 0 1 0
