Step 0 (stacks-avail n0) (waiting o1) (waiting o2) (waiting o3) (waiting o4) (waiting o5) (waiting o6) (waiting o7) (waiting o8) (waiting o9) (waiting o10) (waiting o11) (waiting o12) (waiting o13) (waiting o14) (waiting o15) (waiting o16) (waiting o17) (waiting o18) (waiting o19) (waiting o20) (waiting o21) (waiting o22) (waiting o23) (waiting o24) (waiting o25) (waiting o26) (waiting o27) (waiting o28) (waiting o29) (waiting o30) (waiting o31) (waiting o32) (waiting o33) (waiting o34) (waiting o35) (NOT-made p1) (NOT-made p2) (NOT-made p3) (NOT-made p4) (NOT-made p5) (NOT-made p6) (NOT-made p7) (NOT-made p8) (NOT-made p9) (NOT-made p10) (NOT-made p11) (NOT-made p12) (NOT-made p13) (NOT-made p14) (NOT-made p15) (NOT-made p16) (NOT-made p17) (NOT-made p18) (NOT-made p19) (NOT-made p20) (NOT-made p21) (NOT-made p22) (NOT-made p23) (NOT-made p24) (NOT-made p25) (NOT-made p26) (NOT-made p27) (NOT-made p28) (NOT-made p29) (NOT-made p30) (NOT-made p31) (NOT-made p32) (NOT-made p33) (NOT-made p34) (NOT-made p35)
size: 1
open-new-stack n0 n1 :: cost: 1
    add: (stacks-avail n1)
    del: (stacks-avail n0)
Step 1 (waiting o1) (waiting o2) (waiting o3) (waiting o4) (waiting o5) (waiting o6) (waiting o7) (waiting o8) (waiting o9) (waiting o10) (waiting o11) (waiting o12) (waiting o13) (waiting o14) (waiting o15) (waiting o16) (waiting o17) (waiting o18) (waiting o19) (waiting o20) (waiting o21) (waiting o22) (waiting o23) (waiting o24) (waiting o25) (waiting o26) (waiting o27) (waiting o28) (waiting o29) (waiting o30) (waiting o31) (waiting o32) (waiting o33) (waiting o34) (waiting o35) (NOT-made p1) (NOT-made p2) (NOT-made p3) (NOT-made p4) (NOT-made p5) (NOT-made p6) (NOT-made p7) (NOT-made p8) (NOT-made p9) (NOT-made p10) (NOT-made p11) (NOT-made p12) (NOT-made p13) (NOT-made p14) (NOT-made p15) (NOT-made p16) (NOT-made p17) (NOT-made p18) (NOT-made p19) (NOT-made p20) (NOT-made p21) (NOT-made p22) (NOT-made p23) (NOT-made p24) (NOT-made p25) (NOT-made p26) (NOT-made p27) (NOT-made p28) (NOT-made p29) (NOT-made p30) (NOT-made p31) (NOT-made p32) (NOT-made p33) (NOT-made p34) (NOT-made p35) (stacks-avail n1)
size: 36
open-new-stack n1 n2 :: cost: 1
    add: (stacks-avail n2)
    del: (stacks-avail n1)
start-order o1 n1 n0 :: cost: 0
    add: (stacks-avail n0) (started o1)
    del: (waiting o1) (stacks-avail n1)
start-order o2 n1 n0 :: cost: 0
    add: (stacks-avail n0) (started o2)
    del: (waiting o2) (stacks-avail n1)
start-order o3 n1 n0 :: cost: 0
    add: (stacks-avail n0) (started o3)
    del: (waiting o3) (stacks-avail n1)
start-order o4 n1 n0 :: cost: 0
    add: (stacks-avail n0) (started o4)
    del: (waiting o4) (stacks-avail n1)
start-order o5 n1 n0 :: cost: 0
    add: (stacks-avail n0) (started o5)
    del: (waiting o5) (stacks-avail n1)
start-order o6 n1 n0 :: cost: 0
    add: (stacks-avail n0) (started o6)
    del: (waiting o6) (stacks-avail n1)
start-order o7 n1 n0 :: cost: 0
    add: (stacks-avail n0) (started o7)
    del: (waiting o7) (stacks-avail n1)
start-order o8 n1 n0 :: cost: 0
    add: (stacks-avail n0) (started o8)
    del: (waiting o8) (stacks-avail n1)
start-order o9 n1 n0 :: cost: 0
    add: (stacks-avail n0) (started o9)
    del: (waiting o9) (stacks-avail n1)
start-order o10 n1 n0 :: cost: 0
    add: (stacks-avail n0) (started o10)
    del: (waiting o10) (stacks-avail n1)
start-order o11 n1 n0 :: cost: 0
    add: (stacks-avail n0) (started o11)
    del: (waiting o11) (stacks-avail n1)
start-order o12 n1 n0 :: cost: 0
    add: (stacks-avail n0) (started o12)
    del: (waiting o12) (stacks-avail n1)
start-order o13 n1 n0 :: cost: 0
    add: (stacks-avail n0) (started o13)
    del: (waiting o13) (stacks-avail n1)
start-order o14 n1 n0 :: cost: 0
    add: (stacks-avail n0) (started o14)
    del: (waiting o14) (stacks-avail n1)
start-order o15 n1 n0 :: cost: 0
    add: (stacks-avail n0) (started o15)
    del: (waiting o15) (stacks-avail n1)
start-order o16 n1 n0 :: cost: 0
    add: (stacks-avail n0) (started o16)
    del: (waiting o16) (stacks-avail n1)
start-order o17 n1 n0 :: cost: 0
    add: (stacks-avail n0) (started o17)
    del: (waiting o17) (stacks-avail n1)
start-order o18 n1 n0 :: cost: 0
    add: (stacks-avail n0) (started o18)
    del: (waiting o18) (stacks-avail n1)
start-order o19 n1 n0 :: cost: 0
    add: (stacks-avail n0) (started o19)
    del: (waiting o19) (stacks-avail n1)
start-order o20 n1 n0 :: cost: 0
    add: (stacks-avail n0) (started o20)
    del: (waiting o20) (stacks-avail n1)
start-order o21 n1 n0 :: cost: 0
    add: (stacks-avail n0) (started o21)
    del: (waiting o21) (stacks-avail n1)
start-order o22 n1 n0 :: cost: 0
    add: (stacks-avail n0) (started o22)
    del: (waiting o22) (stacks-avail n1)
start-order o23 n1 n0 :: cost: 0
    add: (stacks-avail n0) (started o23)
    del: (waiting o23) (stacks-avail n1)
start-order o24 n1 n0 :: cost: 0
    add: (stacks-avail n0) (started o24)
    del: (waiting o24) (stacks-avail n1)
start-order o25 n1 n0 :: cost: 0
    add: (stacks-avail n0) (started o25)
    del: (waiting o25) (stacks-avail n1)
start-order o26 n1 n0 :: cost: 0
    add: (stacks-avail n0) (started o26)
    del: (waiting o26) (stacks-avail n1)
start-order o27 n1 n0 :: cost: 0
    add: (stacks-avail n0) (started o27)
    del: (waiting o27) (stacks-avail n1)
start-order o28 n1 n0 :: cost: 0
    add: (stacks-avail n0) (started o28)
    del: (waiting o28) (stacks-avail n1)
start-order o29 n1 n0 :: cost: 0
    add: (stacks-avail n0) (started o29)
    del: (waiting o29) (stacks-avail n1)
start-order o30 n1 n0 :: cost: 0
    add: (stacks-avail n0) (started o30)
    del: (waiting o30) (stacks-avail n1)
start-order o31 n1 n0 :: cost: 0
    add: (stacks-avail n0) (started o31)
    del: (waiting o31) (stacks-avail n1)
start-order o32 n1 n0 :: cost: 0
    add: (stacks-avail n0) (started o32)
    del: (waiting o32) (stacks-avail n1)
start-order o33 n1 n0 :: cost: 0
    add: (stacks-avail n0) (started o33)
    del: (waiting o33) (stacks-avail n1)
start-order o34 n1 n0 :: cost: 0
    add: (stacks-avail n0) (started o34)
    del: (waiting o34) (stacks-avail n1)
start-order o35 n1 n0 :: cost: 0
    add: (stacks-avail n0) (started o35)
    del: (waiting o35) (stacks-avail n1)
Step 2 (stacks-avail n0) (waiting o2) (waiting o3) (waiting o4) (waiting o5) (waiting o6) (waiting o7) (waiting o8) (waiting o9) (waiting o10) (waiting o11) (waiting o12) (waiting o13) (waiting o14) (waiting o15) (waiting o16) (waiting o17) (waiting o18) (waiting o19) (waiting o20) (waiting o21) (waiting o22) (waiting o23) (waiting o24) (waiting o25) (waiting o26) (waiting o27) (waiting o28) (waiting o29) (waiting o30) (waiting o31) (waiting o32) (waiting o33) (waiting o34) (waiting o35) (NOT-made p1) (NOT-made p2) (NOT-made p3) (NOT-made p4) (NOT-made p5) (NOT-made p6) (NOT-made p7) (NOT-made p8) (NOT-made p9) (NOT-made p10) (NOT-made p11) (NOT-made p12) (NOT-made p13) (NOT-made p14) (NOT-made p15) (NOT-made p16) (NOT-made p17) (NOT-made p18) (NOT-made p19) (NOT-made p20) (NOT-made p21) (NOT-made p22) (NOT-made p23) (NOT-made p24) (NOT-made p25) (NOT-made p26) (NOT-made p27) (NOT-made p28) (NOT-made p29) (NOT-made p30) (NOT-made p31) (NOT-made p32) (NOT-made p33) (NOT-made p34) (NOT-made p35) (started o1)
size: 1
open-new-stack n0 n1 :: cost: 1
    add: (stacks-avail n1)
    del: (stacks-avail n0)
Step 3 (waiting o2) (waiting o3) (waiting o4) (waiting o5) (waiting o6) (waiting o7) (waiting o8) (waiting o9) (waiting o10) (waiting o11) (waiting o12) (waiting o13) (waiting o14) (waiting o15) (waiting o16) (waiting o17) (waiting o18) (waiting o19) (waiting o20) (waiting o21) (waiting o22) (waiting o23) (waiting o24) (waiting o25) (waiting o26) (waiting o27) (waiting o28) (waiting o29) (waiting o30) (waiting o31) (waiting o32) (waiting o33) (waiting o34) (waiting o35) (NOT-made p1) (NOT-made p2) (NOT-made p3) (NOT-made p4) (NOT-made p5) (NOT-made p6) (NOT-made p7) (NOT-made p8) (NOT-made p9) (NOT-made p10) (NOT-made p11) (NOT-made p12) (NOT-made p13) (NOT-made p14) (NOT-made p15) (NOT-made p16) (NOT-made p17) (NOT-made p18) (NOT-made p19) (NOT-made p20) (NOT-made p21) (NOT-made p22) (NOT-made p23) (NOT-made p24) (NOT-made p25) (NOT-made p26) (NOT-made p27) (NOT-made p28) (NOT-made p29) (NOT-made p30) (NOT-made p31) (NOT-made p32) (NOT-made p33) (NOT-made p34) (NOT-made p35) (stacks-avail n1) (started o1)
size: 35
open-new-stack n1 n2 :: cost: 1
    add: (stacks-avail n2)
    del: (stacks-avail n1)
start-order o2 n1 n0 :: cost: 0
    add: (stacks-avail n0) (started o2)
    del: (waiting o2) (stacks-avail n1)
start-order o3 n1 n0 :: cost: 0
    add: (stacks-avail n0) (started o3)
    del: (waiting o3) (stacks-avail n1)
start-order o4 n1 n0 :: cost: 0
    add: (stacks-avail n0) (started o4)
    del: (waiting o4) (stacks-avail n1)
start-order o5 n1 n0 :: cost: 0
    add: (stacks-avail n0) (started o5)
    del: (waiting o5) (stacks-avail n1)
start-order o6 n1 n0 :: cost: 0
    add: (stacks-avail n0) (started o6)
    del: (waiting o6) (stacks-avail n1)
start-order o7 n1 n0 :: cost: 0
    add: (stacks-avail n0) (started o7)
    del: (waiting o7) (stacks-avail n1)
start-order o8 n1 n0 :: cost: 0
    add: (stacks-avail n0) (started o8)
    del: (waiting o8) (stacks-avail n1)
start-order o9 n1 n0 :: cost: 0
    add: (stacks-avail n0) (started o9)
    del: (waiting o9) (stacks-avail n1)
start-order o10 n1 n0 :: cost: 0
    add: (stacks-avail n0) (started o10)
    del: (waiting o10) (stacks-avail n1)
start-order o11 n1 n0 :: cost: 0
    add: (stacks-avail n0) (started o11)
    del: (waiting o11) (stacks-avail n1)
start-order o12 n1 n0 :: cost: 0
    add: (stacks-avail n0) (started o12)
    del: (waiting o12) (stacks-avail n1)
start-order o13 n1 n0 :: cost: 0
    add: (stacks-avail n0) (started o13)
    del: (waiting o13) (stacks-avail n1)
start-order o14 n1 n0 :: cost: 0
    add: (stacks-avail n0) (started o14)
    del: (waiting o14) (stacks-avail n1)
start-order o15 n1 n0 :: cost: 0
    add: (stacks-avail n0) (started o15)
    del: (waiting o15) (stacks-avail n1)
start-order o16 n1 n0 :: cost: 0
    add: (stacks-avail n0) (started o16)
    del: (waiting o16) (stacks-avail n1)
start-order o17 n1 n0 :: cost: 0
    add: (stacks-avail n0) (started o17)
    del: (waiting o17) (stacks-avail n1)
start-order o18 n1 n0 :: cost: 0
    add: (stacks-avail n0) (started o18)
    del: (waiting o18) (stacks-avail n1)
start-order o19 n1 n0 :: cost: 0
    add: (stacks-avail n0) (started o19)
    del: (waiting o19) (stacks-avail n1)
start-order o20 n1 n0 :: cost: 0
    add: (stacks-avail n0) (started o20)
    del: (waiting o20) (stacks-avail n1)
start-order o21 n1 n0 :: cost: 0
    add: (stacks-avail n0) (started o21)
    del: (waiting o21) (stacks-avail n1)
start-order o22 n1 n0 :: cost: 0
    add: (stacks-avail n0) (started o22)
    del: (waiting o22) (stacks-avail n1)
start-order o23 n1 n0 :: cost: 0
    add: (stacks-avail n0) (started o23)
    del: (waiting o23) (stacks-avail n1)
start-order o24 n1 n0 :: cost: 0
    add: (stacks-avail n0) (started o24)
    del: (waiting o24) (stacks-avail n1)
start-order o25 n1 n0 :: cost: 0
    add: (stacks-avail n0) (started o25)
    del: (waiting o25) (stacks-avail n1)
start-order o26 n1 n0 :: cost: 0
    add: (stacks-avail n0) (started o26)
    del: (waiting o26) (stacks-avail n1)
start-order o27 n1 n0 :: cost: 0
    add: (stacks-avail n0) (started o27)
    del: (waiting o27) (stacks-avail n1)
start-order o28 n1 n0 :: cost: 0
    add: (stacks-avail n0) (started o28)
    del: (waiting o28) (stacks-avail n1)
start-order o29 n1 n0 :: cost: 0
    add: (stacks-avail n0) (started o29)
    del: (waiting o29) (stacks-avail n1)
start-order o30 n1 n0 :: cost: 0
    add: (stacks-avail n0) (started o30)
    del: (waiting o30) (stacks-avail n1)
start-order o31 n1 n0 :: cost: 0
    add: (stacks-avail n0) (started o31)
    del: (waiting o31) (stacks-avail n1)
start-order o32 n1 n0 :: cost: 0
    add: (stacks-avail n0) (started o32)
    del: (waiting o32) (stacks-avail n1)
start-order o33 n1 n0 :: cost: 0
    add: (stacks-avail n0) (started o33)
    del: (waiting o33) (stacks-avail n1)
start-order o34 n1 n0 :: cost: 0
    add: (stacks-avail n0) (started o34)
    del: (waiting o34) (stacks-avail n1)
start-order o35 n1 n0 :: cost: 0
    add: (stacks-avail n0) (started o35)
    del: (waiting o35) (stacks-avail n1)
Step 4 (stacks-avail n0) (waiting o2) (waiting o3) (waiting o5) (waiting o6) (waiting o7) (waiting o8) (waiting o9) (waiting o10) (waiting o11) (waiting o12) (waiting o13) (waiting o14) (waiting o15) (waiting o16) (waiting o17) (waiting o18) (waiting o19) (waiting o20) (waiting o21) (waiting o22) (waiting o23) (waiting o24) (waiting o25) (waiting o26) (waiting o27) (waiting o28) (waiting o29) (waiting o30) (waiting o31) (waiting o32) (waiting o33) (waiting o34) (waiting o35) (NOT-made p1) (NOT-made p2) (NOT-made p3) (NOT-made p4) (NOT-made p5) (NOT-made p6) (NOT-made p7) (NOT-made p8) (NOT-made p9) (NOT-made p10) (NOT-made p11) (NOT-made p12) (NOT-made p13) (NOT-made p14) (NOT-made p15) (NOT-made p16) (NOT-made p17) (NOT-made p18) (NOT-made p19) (NOT-made p20) (NOT-made p21) (NOT-made p22) (NOT-made p23) (NOT-made p24) (NOT-made p25) (NOT-made p26) (NOT-made p27) (NOT-made p28) (NOT-made p29) (NOT-made p30) (NOT-made p31) (NOT-made p32) (NOT-made p33) (NOT-made p34) (NOT-made p35) (started o1) (started o4)
size: 1
open-new-stack n0 n1 :: cost: 1
    add: (stacks-avail n1)
    del: (stacks-avail n0)
Step 5 (waiting o2) (waiting o3) (waiting o5) (waiting o6) (waiting o7) (waiting o8) (waiting o9) (waiting o10) (waiting o11) (waiting o12) (waiting o13) (waiting o14) (waiting o15) (waiting o16) (waiting o17) (waiting o18) (waiting o19) (waiting o20) (waiting o21) (waiting o22) (waiting o23) (waiting o24) (waiting o25) (waiting o26) (waiting o27) (waiting o28) (waiting o29) (waiting o30) (waiting o31) (waiting o32) (waiting o33) (waiting o34) (waiting o35) (NOT-made p1) (NOT-made p2) (NOT-made p3) (NOT-made p4) (NOT-made p5) (NOT-made p6) (NOT-made p7) (NOT-made p8) (NOT-made p9) (NOT-made p10) (NOT-made p11) (NOT-made p12) (NOT-made p13) (NOT-made p14) (NOT-made p15) (NOT-made p16) (NOT-made p17) (NOT-made p18) (NOT-made p19) (NOT-made p20) (NOT-made p21) (NOT-made p22) (NOT-made p23) (NOT-made p24) (NOT-made p25) (NOT-made p26) (NOT-made p27) (NOT-made p28) (NOT-made p29) (NOT-made p30) (NOT-made p31) (NOT-made p32) (NOT-made p33) (NOT-made p34) (NOT-made p35) (stacks-avail n1) (started o1) (started o4)
size: 34
open-new-stack n1 n2 :: cost: 1
    add: (stacks-avail n2)
    del: (stacks-avail n1)
start-order o2 n1 n0 :: cost: 0
    add: (stacks-avail n0) (started o2)
    del: (waiting o2) (stacks-avail n1)
start-order o3 n1 n0 :: cost: 0
    add: (stacks-avail n0) (started o3)
    del: (waiting o3) (stacks-avail n1)
start-order o5 n1 n0 :: cost: 0
    add: (stacks-avail n0) (started o5)
    del: (waiting o5) (stacks-avail n1)
start-order o6 n1 n0 :: cost: 0
    add: (stacks-avail n0) (started o6)
    del: (waiting o6) (stacks-avail n1)
start-order o7 n1 n0 :: cost: 0
    add: (stacks-avail n0) (started o7)
    del: (waiting o7) (stacks-avail n1)
start-order o8 n1 n0 :: cost: 0
    add: (stacks-avail n0) (started o8)
    del: (waiting o8) (stacks-avail n1)
start-order o9 n1 n0 :: cost: 0
    add: (stacks-avail n0) (started o9)
    del: (waiting o9) (stacks-avail n1)
start-order o10 n1 n0 :: cost: 0
    add: (stacks-avail n0) (started o10)
    del: (waiting o10) (stacks-avail n1)
start-order o11 n1 n0 :: cost: 0
    add: (stacks-avail n0) (started o11)
    del: (waiting o11) (stacks-avail n1)
start-order o12 n1 n0 :: cost: 0
    add: (stacks-avail n0) (started o12)
    del: (waiting o12) (stacks-avail n1)
start-order o13 n1 n0 :: cost: 0
    add: (stacks-avail n0) (started o13)
    del: (waiting o13) (stacks-avail n1)
start-order o14 n1 n0 :: cost: 0
    add: (stacks-avail n0) (started o14)
    del: (waiting o14) (stacks-avail n1)
start-order o15 n1 n0 :: cost: 0
    add: (stacks-avail n0) (started o15)
    del: (waiting o15) (stacks-avail n1)
start-order o16 n1 n0 :: cost: 0
    add: (stacks-avail n0) (started o16)
    del: (waiting o16) (stacks-avail n1)
start-order o17 n1 n0 :: cost: 0
    add: (stacks-avail n0) (started o17)
    del: (waiting o17) (stacks-avail n1)
start-order o18 n1 n0 :: cost: 0
    add: (stacks-avail n0) (started o18)
    del: (waiting o18) (stacks-avail n1)
start-order o19 n1 n0 :: cost: 0
    add: (stacks-avail n0) (started o19)
    del: (waiting o19) (stacks-avail n1)
start-order o20 n1 n0 :: cost: 0
    add: (stacks-avail n0) (started o20)
    del: (waiting o20) (stacks-avail n1)
start-order o21 n1 n0 :: cost: 0
    add: (stacks-avail n0) (started o21)
    del: (waiting o21) (stacks-avail n1)
start-order o22 n1 n0 :: cost: 0
    add: (stacks-avail n0) (started o22)
    del: (waiting o22) (stacks-avail n1)
start-order o23 n1 n0 :: cost: 0
    add: (stacks-avail n0) (started o23)
    del: (waiting o23) (stacks-avail n1)
start-order o24 n1 n0 :: cost: 0
    add: (stacks-avail n0) (started o24)
    del: (waiting o24) (stacks-avail n1)
start-order o25 n1 n0 :: cost: 0
    add: (stacks-avail n0) (started o25)
    del: (waiting o25) (stacks-avail n1)
start-order o26 n1 n0 :: cost: 0
    add: (stacks-avail n0) (started o26)
    del: (waiting o26) (stacks-avail n1)
start-order o27 n1 n0 :: cost: 0
    add: (stacks-avail n0) (started o27)
    del: (waiting o27) (stacks-avail n1)
start-order o28 n1 n0 :: cost: 0
    add: (stacks-avail n0) (started o28)
    del: (waiting o28) (stacks-avail n1)
start-order o29 n1 n0 :: cost: 0
    add: (stacks-avail n0) (started o29)
    del: (waiting o29) (stacks-avail n1)
start-order o30 n1 n0 :: cost: 0
    add: (stacks-avail n0) (started o30)
    del: (waiting o30) (stacks-avail n1)
start-order o31 n1 n0 :: cost: 0
    add: (stacks-avail n0) (started o31)
    del: (waiting o31) (stacks-avail n1)
start-order o32 n1 n0 :: cost: 0
    add: (stacks-avail n0) (started o32)
    del: (waiting o32) (stacks-avail n1)
start-order o33 n1 n0 :: cost: 0
    add: (stacks-avail n0) (started o33)
    del: (waiting o33) (stacks-avail n1)
start-order o34 n1 n0 :: cost: 0
    add: (stacks-avail n0) (started o34)
    del: (waiting o34) (stacks-avail n1)
start-order o35 n1 n0 :: cost: 0
    add: (stacks-avail n0) (started o35)
    del: (waiting o35) (stacks-avail n1)
Step 6 (stacks-avail n0) (waiting o2) (waiting o3) (waiting o5) (waiting o6) (waiting o8) (waiting o9) (waiting o10) (waiting o11) (waiting o12) (waiting o13) (waiting o14) (waiting o15) (waiting o16) (waiting o17) (waiting o18) (waiting o19) (waiting o20) (waiting o21) (waiting o22) (waiting o23) (waiting o24) (waiting o25) (waiting o26) (waiting o27) (waiting o28) (waiting o29) (waiting o30) (waiting o31) (waiting o32) (waiting o33) (waiting o34) (waiting o35) (NOT-made p1) (NOT-made p2) (NOT-made p3) (NOT-made p4) (NOT-made p5) (NOT-made p6) (NOT-made p7) (NOT-made p8) (NOT-made p9) (NOT-made p10) (NOT-made p11) (NOT-made p12) (NOT-made p13) (NOT-made p14) (NOT-made p15) (NOT-made p16) (NOT-made p17) (NOT-made p18) (NOT-made p19) (NOT-made p20) (NOT-made p21) (NOT-made p22) (NOT-made p23) (NOT-made p24) (NOT-made p25) (NOT-made p26) (NOT-made p27) (NOT-made p28) (NOT-made p29) (NOT-made p30) (NOT-made p31) (NOT-made p32) (NOT-made p33) (NOT-made p34) (NOT-made p35) (started o1) (started o4) (started o7)
size: 1
open-new-stack n0 n1 :: cost: 1
    add: (stacks-avail n1)
    del: (stacks-avail n0)
Step 7 (waiting o2) (waiting o3) (waiting o5) (waiting o6) (waiting o8) (waiting o9) (waiting o10) (waiting o11) (waiting o12) (waiting o13) (waiting o14) (waiting o15) (waiting o16) (waiting o17) (waiting o18) (waiting o19) (waiting o20) (waiting o21) (waiting o22) (waiting o23) (waiting o24) (waiting o25) (waiting o26) (waiting o27) (waiting o28) (waiting o29) (waiting o30) (waiting o31) (waiting o32) (waiting o33) (waiting o34) (waiting o35) (NOT-made p1) (NOT-made p2) (NOT-made p3) (NOT-made p4) (NOT-made p5) (NOT-made p6) (NOT-made p7) (NOT-made p8) (NOT-made p9) (NOT-made p10) (NOT-made p11) (NOT-made p12) (NOT-made p13) (NOT-made p14) (NOT-made p15) (NOT-made p16) (NOT-made p17) (NOT-made p18) (NOT-made p19) (NOT-made p20) (NOT-made p21) (NOT-made p22) (NOT-made p23) (NOT-made p24) (NOT-made p25) (NOT-made p26) (NOT-made p27) (NOT-made p28) (NOT-made p29) (NOT-made p30) (NOT-made p31) (NOT-made p32) (NOT-made p33) (NOT-made p34) (NOT-made p35) (stacks-avail n1) (started o1) (started o4) (started o7)
size: 33
open-new-stack n1 n2 :: cost: 1
    add: (stacks-avail n2)
    del: (stacks-avail n1)
start-order o2 n1 n0 :: cost: 0
    add: (stacks-avail n0) (started o2)
    del: (waiting o2) (stacks-avail n1)
start-order o3 n1 n0 :: cost: 0
    add: (stacks-avail n0) (started o3)
    del: (waiting o3) (stacks-avail n1)
start-order o5 n1 n0 :: cost: 0
    add: (stacks-avail n0) (started o5)
    del: (waiting o5) (stacks-avail n1)
start-order o6 n1 n0 :: cost: 0
    add: (stacks-avail n0) (started o6)
    del: (waiting o6) (stacks-avail n1)
start-order o8 n1 n0 :: cost: 0
    add: (stacks-avail n0) (started o8)
    del: (waiting o8) (stacks-avail n1)
start-order o9 n1 n0 :: cost: 0
    add: (stacks-avail n0) (started o9)
    del: (waiting o9) (stacks-avail n1)
start-order o10 n1 n0 :: cost: 0
    add: (stacks-avail n0) (started o10)
    del: (waiting o10) (stacks-avail n1)
start-order o11 n1 n0 :: cost: 0
    add: (stacks-avail n0) (started o11)
    del: (waiting o11) (stacks-avail n1)
start-order o12 n1 n0 :: cost: 0
    add: (stacks-avail n0) (started o12)
    del: (waiting o12) (stacks-avail n1)
start-order o13 n1 n0 :: cost: 0
    add: (stacks-avail n0) (started o13)
    del: (waiting o13) (stacks-avail n1)
start-order o14 n1 n0 :: cost: 0
    add: (stacks-avail n0) (started o14)
    del: (waiting o14) (stacks-avail n1)
start-order o15 n1 n0 :: cost: 0
    add: (stacks-avail n0) (started o15)
    del: (waiting o15) (stacks-avail n1)
start-order o16 n1 n0 :: cost: 0
    add: (stacks-avail n0) (started o16)
    del: (waiting o16) (stacks-avail n1)
start-order o17 n1 n0 :: cost: 0
    add: (stacks-avail n0) (started o17)
    del: (waiting o17) (stacks-avail n1)
start-order o18 n1 n0 :: cost: 0
    add: (stacks-avail n0) (started o18)
    del: (waiting o18) (stacks-avail n1)
start-order o19 n1 n0 :: cost: 0
    add: (stacks-avail n0) (started o19)
    del: (waiting o19) (stacks-avail n1)
start-order o20 n1 n0 :: cost: 0
    add: (stacks-avail n0) (started o20)
    del: (waiting o20) (stacks-avail n1)
start-order o21 n1 n0 :: cost: 0
    add: (stacks-avail n0) (started o21)
    del: (waiting o21) (stacks-avail n1)
start-order o22 n1 n0 :: cost: 0
    add: (stacks-avail n0) (started o22)
    del: (waiting o22) (stacks-avail n1)
start-order o23 n1 n0 :: cost: 0
    add: (stacks-avail n0) (started o23)
    del: (waiting o23) (stacks-avail n1)
start-order o24 n1 n0 :: cost: 0
    add: (stacks-avail n0) (started o24)
    del: (waiting o24) (stacks-avail n1)
start-order o25 n1 n0 :: cost: 0
    add: (stacks-avail n0) (started o25)
    del: (waiting o25) (stacks-avail n1)
start-order o26 n1 n0 :: cost: 0
    add: (stacks-avail n0) (started o26)
    del: (waiting o26) (stacks-avail n1)
start-order o27 n1 n0 :: cost: 0
    add: (stacks-avail n0) (started o27)
    del: (waiting o27) (stacks-avail n1)
start-order o28 n1 n0 :: cost: 0
    add: (stacks-avail n0) (started o28)
    del: (waiting o28) (stacks-avail n1)
start-order o29 n1 n0 :: cost: 0
    add: (stacks-avail n0) (started o29)
    del: (waiting o29) (stacks-avail n1)
start-order o30 n1 n0 :: cost: 0
    add: (stacks-avail n0) (started o30)
    del: (waiting o30) (stacks-avail n1)
start-order o31 n1 n0 :: cost: 0
    add: (stacks-avail n0) (started o31)
    del: (waiting o31) (stacks-avail n1)
start-order o32 n1 n0 :: cost: 0
    add: (stacks-avail n0) (started o32)
    del: (waiting o32) (stacks-avail n1)
start-order o33 n1 n0 :: cost: 0
    add: (stacks-avail n0) (started o33)
    del: (waiting o33) (stacks-avail n1)
start-order o34 n1 n0 :: cost: 0
    add: (stacks-avail n0) (started o34)
    del: (waiting o34) (stacks-avail n1)
start-order o35 n1 n0 :: cost: 0
    add: (stacks-avail n0) (started o35)
    del: (waiting o35) (stacks-avail n1)
Step 8 (stacks-avail n0) (waiting o2) (waiting o3) (waiting o5) (waiting o6) (waiting o8) (waiting o9) (waiting o11) (waiting o12) (waiting o13) (waiting o14) (waiting o15) (waiting o16) (waiting o17) (waiting o18) (waiting o19) (waiting o20) (waiting o21) (waiting o22) (waiting o23) (waiting o24) (waiting o25) (waiting o26) (waiting o27) (waiting o28) (waiting o29) (waiting o30) (waiting o31) (waiting o32) (waiting o33) (waiting o34) (waiting o35) (NOT-made p1) (NOT-made p2) (NOT-made p3) (NOT-made p4) (NOT-made p5) (NOT-made p6) (NOT-made p7) (NOT-made p8) (NOT-made p9) (NOT-made p10) (NOT-made p11) (NOT-made p12) (NOT-made p13) (NOT-made p14) (NOT-made p15) (NOT-made p16) (NOT-made p17) (NOT-made p18) (NOT-made p19) (NOT-made p20) (NOT-made p21) (NOT-made p22) (NOT-made p23) (NOT-made p24) (NOT-made p25) (NOT-made p26) (NOT-made p27) (NOT-made p28) (NOT-made p29) (NOT-made p30) (NOT-made p31) (NOT-made p32) (NOT-made p33) (NOT-made p34) (NOT-made p35) (started o1) (started o4) (started o7) (started o10)
size: 1
open-new-stack n0 n1 :: cost: 1
    add: (stacks-avail n1)
    del: (stacks-avail n0)
Step 9 (waiting o2) (waiting o3) (waiting o5) (waiting o6) (waiting o8) (waiting o9) (waiting o11) (waiting o12) (waiting o13) (waiting o14) (waiting o15) (waiting o16) (waiting o17) (waiting o18) (waiting o19) (waiting o20) (waiting o21) (waiting o22) (waiting o23) (waiting o24) (waiting o25) (waiting o26) (waiting o27) (waiting o28) (waiting o29) (waiting o30) (waiting o31) (waiting o32) (waiting o33) (waiting o34) (waiting o35) (NOT-made p1) (NOT-made p2) (NOT-made p3) (NOT-made p4) (NOT-made p5) (NOT-made p6) (NOT-made p7) (NOT-made p8) (NOT-made p9) (NOT-made p10) (NOT-made p11) (NOT-made p12) (NOT-made p13) (NOT-made p14) (NOT-made p15) (NOT-made p16) (NOT-made p17) (NOT-made p18) (NOT-made p19) (NOT-made p20) (NOT-made p21) (NOT-made p22) (NOT-made p23) (NOT-made p24) (NOT-made p25) (NOT-made p26) (NOT-made p27) (NOT-made p28) (NOT-made p29) (NOT-made p30) (NOT-made p31) (NOT-made p32) (NOT-made p33) (NOT-made p34) (NOT-made p35) (stacks-avail n1) (started o1) (started o4) (started o7) (started o10)
size: 32
open-new-stack n1 n2 :: cost: 1
    add: (stacks-avail n2)
    del: (stacks-avail n1)
start-order o2 n1 n0 :: cost: 0
    add: (stacks-avail n0) (started o2)
    del: (waiting o2) (stacks-avail n1)
start-order o3 n1 n0 :: cost: 0
    add: (stacks-avail n0) (started o3)
    del: (waiting o3) (stacks-avail n1)
start-order o5 n1 n0 :: cost: 0
    add: (stacks-avail n0) (started o5)
    del: (waiting o5) (stacks-avail n1)
start-order o6 n1 n0 :: cost: 0
    add: (stacks-avail n0) (started o6)
    del: (waiting o6) (stacks-avail n1)
start-order o8 n1 n0 :: cost: 0
    add: (stacks-avail n0) (started o8)
    del: (waiting o8) (stacks-avail n1)
start-order o9 n1 n0 :: cost: 0
    add: (stacks-avail n0) (started o9)
    del: (waiting o9) (stacks-avail n1)
start-order o11 n1 n0 :: cost: 0
    add: (stacks-avail n0) (started o11)
    del: (waiting o11) (stacks-avail n1)
start-order o12 n1 n0 :: cost: 0
    add: (stacks-avail n0) (started o12)
    del: (waiting o12) (stacks-avail n1)
start-order o13 n1 n0 :: cost: 0
    add: (stacks-avail n0) (started o13)
    del: (waiting o13) (stacks-avail n1)
start-order o14 n1 n0 :: cost: 0
    add: (stacks-avail n0) (started o14)
    del: (waiting o14) (stacks-avail n1)
start-order o15 n1 n0 :: cost: 0
    add: (stacks-avail n0) (started o15)
    del: (waiting o15) (stacks-avail n1)
start-order o16 n1 n0 :: cost: 0
    add: (stacks-avail n0) (started o16)
    del: (waiting o16) (stacks-avail n1)
start-order o17 n1 n0 :: cost: 0
    add: (stacks-avail n0) (started o17)
    del: (waiting o17) (stacks-avail n1)
start-order o18 n1 n0 :: cost: 0
    add: (stacks-avail n0) (started o18)
    del: (waiting o18) (stacks-avail n1)
start-order o19 n1 n0 :: cost: 0
    add: (stacks-avail n0) (started o19)
    del: (waiting o19) (stacks-avail n1)
start-order o20 n1 n0 :: cost: 0
    add: (stacks-avail n0) (started o20)
    del: (waiting o20) (stacks-avail n1)
start-order o21 n1 n0 :: cost: 0
    add: (stacks-avail n0) (started o21)
    del: (waiting o21) (stacks-avail n1)
start-order o22 n1 n0 :: cost: 0
    add: (stacks-avail n0) (started o22)
    del: (waiting o22) (stacks-avail n1)
start-order o23 n1 n0 :: cost: 0
    add: (stacks-avail n0) (started o23)
    del: (waiting o23) (stacks-avail n1)
start-order o24 n1 n0 :: cost: 0
    add: (stacks-avail n0) (started o24)
    del: (waiting o24) (stacks-avail n1)
start-order o25 n1 n0 :: cost: 0
    add: (stacks-avail n0) (started o25)
    del: (waiting o25) (stacks-avail n1)
start-order o26 n1 n0 :: cost: 0
    add: (stacks-avail n0) (started o26)
    del: (waiting o26) (stacks-avail n1)
start-order o27 n1 n0 :: cost: 0
    add: (stacks-avail n0) (started o27)
    del: (waiting o27) (stacks-avail n1)
start-order o28 n1 n0 :: cost: 0
    add: (stacks-avail n0) (started o28)
    del: (waiting o28) (stacks-avail n1)
start-order o29 n1 n0 :: cost: 0
    add: (stacks-avail n0) (started o29)
    del: (waiting o29) (stacks-avail n1)
start-order o30 n1 n0 :: cost: 0
    add: (stacks-avail n0) (started o30)
    del: (waiting o30) (stacks-avail n1)
start-order o31 n1 n0 :: cost: 0
    add: (stacks-avail n0) (started o31)
    del: (waiting o31) (stacks-avail n1)
start-order o32 n1 n0 :: cost: 0
    add: (stacks-avail n0) (started o32)
    del: (waiting o32) (stacks-avail n1)
start-order o33 n1 n0 :: cost: 0
    add: (stacks-avail n0) (started o33)
    del: (waiting o33) (stacks-avail n1)
start-order o34 n1 n0 :: cost: 0
    add: (stacks-avail n0) (started o34)
    del: (waiting o34) (stacks-avail n1)
start-order o35 n1 n0 :: cost: 0
    add: (stacks-avail n0) (started o35)
    del: (waiting o35) (stacks-avail n1)
