begin_version
3
end_version
begin_metric
1
end_metric
21
begin_variable
var0
-1
2
today d1
none-of-those
end_variable
begin_variable
var1
-1
2
today d10
none-of-those
end_variable
begin_variable
var2
-1
2
today d2
none-of-those
end_variable
begin_variable
var3
-1
2
today d3
none-of-those
end_variable
begin_variable
var4
-1
2
today d4
none-of-those
end_variable
begin_variable
var5
-1
2
today d7
none-of-those
end_variable
begin_variable
var6
-1
2
today d8
none-of-those
end_variable
begin_variable
var7
-1
2
done ap1
none-of-those
end_variable
begin_variable
var8
-1
2
done ap10
none-of-those
end_variable
begin_variable
var9
-1
2
done ap2
none-of-those
end_variable
begin_variable
var10
-1
2
done ap3
none-of-those
end_variable
begin_variable
var11
-1
2
done ap4
none-of-those
end_variable
begin_variable
var12
-1
2
done ap5
none-of-those
end_variable
begin_variable
var13
-1
2
done ap6
none-of-those
end_variable
begin_variable
var14
-1
2
done ap7
none-of-those
end_variable
begin_variable
var15
-1
2
done ap8
none-of-those
end_variable
begin_variable
var16
-1
2
done ap9
none-of-those
end_variable
begin_variable
var17
-1
2
NOT-0:0:0:today d1-1:0:2:today d10
0:0:0:today d1-1:0:2:today d10
end_variable
begin_variable
var18
-1
2
NOT-0:0:0:today d1-16:1:33:none-of-those
0:0:0:today d1-16:1:33:none-of-those
end_variable
begin_variable
var19
-1
2
NOT-0:0:0:today d1-1:0:2:today d10-16:1:33:none-of-those
0:0:0:today d1-1:0:2:today d10-16:1:33:none-of-those
end_variable
begin_variable
var20
-1
2
NOT-0:1:1:none-of-those-1:0:2:today d10
0:1:1:none-of-those-1:0:2:today d10
end_variable
0
begin_state
0
0
0
0
0
0
0
1
1
1
1
1
1
1
1
1
1
1
1
1
0
end_state
begin_goal
10
7 0
8 0
9 0
10 0
11 0
12 0
13 0
14 0
15 0
16 0
end_goal
41
begin_operator
workat d1 ber
6
1 1
16 0
17 0
18 0
19 0
20 0
2
0 0 0 1
0 11 -1 0
1
end_operator
begin_operator
workat d1 ber
5
1 1
16 1
17 0
19 0
20 0
3
0 0 0 1
0 11 -1 0
0 18 1 0
1
end_operator
begin_operator
workat d1 ber
4
1 0
16 0
18 0
19 0
4
0 0 0 1
0 11 -1 0
0 17 1 0
0 20 0 1
1
end_operator
begin_operator
workat d1 ber
2
1 0
16 1
6
0 0 0 1
0 11 -1 0
0 17 1 0
0 18 1 0
0 19 1 0
0 20 0 1
1
end_operator
begin_operator
workat d1 fra
6
1 1
16 0
17 0
18 0
19 0
20 0
2
0 0 0 1
0 12 -1 0
1
end_operator
begin_operator
workat d1 fra
5
1 1
16 1
17 0
19 0
20 0
3
0 0 0 1
0 12 -1 0
0 18 1 0
1
end_operator
begin_operator
workat d1 fra
4
1 0
16 0
18 0
19 0
4
0 0 0 1
0 12 -1 0
0 17 1 0
0 20 0 1
1
end_operator
begin_operator
workat d1 fra
2
1 0
16 1
6
0 0 0 1
0 12 -1 0
0 17 1 0
0 18 1 0
0 19 1 0
0 20 0 1
1
end_operator
begin_operator
workat d1 ham
6
1 1
16 0
17 0
18 0
19 0
20 0
1
0 0 0 1
1
end_operator
begin_operator
workat d1 ham
5
1 1
16 1
17 0
19 0
20 0
2
0 0 0 1
0 18 1 0
1
end_operator
begin_operator
workat d1 ham
4
1 0
16 0
18 0
19 0
3
0 0 0 1
0 17 1 0
0 20 0 1
1
end_operator
begin_operator
workat d1 ham
2
1 0
16 1
5
0 0 0 1
0 17 1 0
0 18 1 0
0 19 1 0
0 20 0 1
1
end_operator
begin_operator
workat d10 ber
4
0 1
16 0
17 0
19 0
3
0 1 0 1
0 10 -1 0
0 20 1 0
1
end_operator
begin_operator
workat d10 ber
4
0 1
16 1
17 0
19 0
3
0 1 0 1
0 10 -1 0
0 20 1 0
1
end_operator
begin_operator
workat d10 ber
4
0 0
16 0
19 0
20 0
3
0 1 0 1
0 10 -1 0
0 17 1 0
1
end_operator
begin_operator
workat d10 ber
3
0 0
16 1
20 0
4
0 1 0 1
0 10 -1 0
0 17 1 0
0 19 1 0
1
end_operator
begin_operator
workat d10 fra
4
0 1
17 0
18 0
19 0
4
0 1 0 1
0 15 -1 0
0 16 -1 0
0 20 1 0
1
end_operator
begin_operator
workat d10 fra
4
0 0
18 0
19 0
20 0
4
0 1 0 1
0 15 -1 0
0 16 -1 0
0 17 1 0
1
end_operator
begin_operator
workat d10 fra
2
0 0
20 0
6
0 1 0 1
0 15 -1 0
0 16 1 0
0 17 1 0
0 18 1 0
0 19 1 0
1
end_operator
begin_operator
workat d10 ham
4
0 1
16 0
17 0
19 0
2
0 1 0 1
0 20 1 0
1
end_operator
begin_operator
workat d10 ham
4
0 1
16 1
17 0
19 0
2
0 1 0 1
0 20 1 0
1
end_operator
begin_operator
workat d10 ham
4
0 0
16 0
19 0
20 0
2
0 1 0 1
0 17 1 0
1
end_operator
begin_operator
workat d10 ham
3
0 0
16 1
20 0
3
0 1 0 1
0 17 1 0
0 19 1 0
1
end_operator
begin_operator
workat d2 ber
0
2
0 2 0 1
0 8 -1 0
1
end_operator
begin_operator
workat d2 fra
0
1
0 2 0 1
1
end_operator
begin_operator
workat d2 ham
0
2
0 2 0 1
0 13 -1 0
1
end_operator
begin_operator
workat d3 ber
0
4
0 3 0 1
0 10 -1 0
0 12 -1 0
0 14 -1 0
1
end_operator
begin_operator
workat d3 fra
4
0 0
1 0
18 0
19 0
2
0 3 0 1
0 16 -1 0
1
end_operator
begin_operator
workat d3 fra
4
0 0
1 1
18 0
19 0
2
0 3 0 1
0 16 -1 0
1
end_operator
begin_operator
workat d3 fra
4
0 1
1 0
18 0
19 0
2
0 3 0 1
0 16 -1 0
1
end_operator
begin_operator
workat d3 fra
4
0 1
1 1
18 0
19 0
2
0 3 0 1
0 16 -1 0
1
end_operator
begin_operator
workat d3 fra
3
0 0
1 1
19 0
3
0 3 0 1
0 16 1 0
0 18 1 0
1
end_operator
begin_operator
workat d3 fra
2
0 0
1 0
4
0 3 0 1
0 16 1 0
0 18 1 0
0 19 1 0
1
end_operator
begin_operator
workat d3 ham
0
2
0 3 0 1
0 14 -1 0
1
end_operator
begin_operator
workat d4 ber
0
5
0 4 0 1
0 7 -1 0
0 8 -1 0
0 9 -1 0
0 11 -1 0
1
end_operator
begin_operator
workat d4 fra
0
1
0 4 0 1
1
end_operator
begin_operator
workat d7 ber
0
1
0 5 0 1
1
end_operator
begin_operator
workat d7 fra
0
2
0 5 0 1
0 9 -1 0
1
end_operator
begin_operator
workat d8 ber
0
3
0 6 0 1
0 7 -1 0
0 15 -1 0
1
end_operator
begin_operator
workat d8 fra
0
2
0 6 0 1
0 13 -1 0
1
end_operator
begin_operator
workat d8 ham
0
1
0 6 0 1
1
end_operator
0
