Step 0 (at camel0 gelgaudiskis)
size: 37
travel camel0 gelgaudiskis simnas :: cost: 1
    add:
    del:
travel camel0 gelgaudiskis kudirkosnaumiestis :: cost: 1
    add:
    del:
buy camel0 food gelgaudiskis :: cost: 1
    add:
    del:
buy camel0 expensiverugs gelgaudiskis :: cost: 1
    add:
    del:
buy camel0 coffee gelgaudiskis :: cost: 1
    add:
    del:
buy camel0 cattle gelgaudiskis :: cost: 1
    add:
    del:
buy camel0 water gelgaudiskis :: cost: 1
    add:
    del:
buy camel0 cars gelgaudiskis :: cost: 1
    add:
    del:
buy camel0 gummybears gelgaudiskis :: cost: 1
    add:
    del:
buy camel0 computers gelgaudiskis :: cost: 1
    add:
    del:
buy camel0 laminatefloor gelgaudiskis :: cost: 1
    add:
    del:
buy camel0 copper gelgaudiskis :: cost: 1
    add:
    del:
buy camel0 footballs gelgaudiskis :: cost: 1
    add:
    del:
buy camel0 kittens gelgaudiskis :: cost: 1
    add:
    del:
buy camel0 minerals gelgaudiskis :: cost: 1
    add:
    del:
buy camel0 gold gelgaudiskis :: cost: 1
    add:
    del:
buy camel0 platinum gelgaudiskis :: cost: 1
    add:
    del:
buy camel0 dvds gelgaudiskis :: cost: 1
    add:
    del:
buy camel0 turingmachines gelgaudiskis :: cost: 1
    add:
    del:
upgrade camel0 :: cost: 1
    add:
    del:
sell camel0 food gelgaudiskis :: cost: 1
    add:
    del:
sell camel0 expensiverugs gelgaudiskis :: cost: 1
    add:
    del:
sell camel0 coffee gelgaudiskis :: cost: 1
    add:
    del:
sell camel0 cattle gelgaudiskis :: cost: 1
    add:
    del:
sell camel0 water gelgaudiskis :: cost: 1
    add:
    del:
sell camel0 cars gelgaudiskis :: cost: 1
    add:
    del:
sell camel0 gummybears gelgaudiskis :: cost: 1
    add:
    del:
sell camel0 computers gelgaudiskis :: cost: 1
    add:
    del:
sell camel0 laminatefloor gelgaudiskis :: cost: 1
    add:
    del:
sell camel0 copper gelgaudiskis :: cost: 1
    add:
    del:
sell camel0 footballs gelgaudiskis :: cost: 1
    add:
    del:
sell camel0 kittens gelgaudiskis :: cost: 1
    add:
    del:
sell camel0 minerals gelgaudiskis :: cost: 1
    add:
    del:
sell camel0 gold gelgaudiskis :: cost: 1
    add:
    del:
sell camel0 platinum gelgaudiskis :: cost: 1
    add:
    del:
sell camel0 dvds gelgaudiskis :: cost: 1
    add:
    del:
sell camel0 turingmachines gelgaudiskis :: cost: 1
    add:
    del:
Step 1 (at camel0 gelgaudiskis)
size: 37
travel camel0 gelgaudiskis simnas :: cost: 1
    add:
    del:
travel camel0 gelgaudiskis kudirkosnaumiestis :: cost: 1
    add:
    del:
buy camel0 food gelgaudiskis :: cost: 1
    add:
    del:
buy camel0 expensiverugs gelgaudiskis :: cost: 1
    add:
    del:
buy camel0 coffee gelgaudiskis :: cost: 1
    add:
    del:
buy camel0 cattle gelgaudiskis :: cost: 1
    add:
    del:
buy camel0 water gelgaudiskis :: cost: 1
    add:
    del:
buy camel0 cars gelgaudiskis :: cost: 1
    add:
    del:
buy camel0 gummybears gelgaudiskis :: cost: 1
    add:
    del:
buy camel0 computers gelgaudiskis :: cost: 1
    add:
    del:
buy camel0 laminatefloor gelgaudiskis :: cost: 1
    add:
    del:
buy camel0 copper gelgaudiskis :: cost: 1
    add:
    del:
buy camel0 footballs gelgaudiskis :: cost: 1
    add:
    del:
buy camel0 kittens gelgaudiskis :: cost: 1
    add:
    del:
buy camel0 minerals gelgaudiskis :: cost: 1
    add:
    del:
buy camel0 gold gelgaudiskis :: cost: 1
    add:
    del:
buy camel0 platinum gelgaudiskis :: cost: 1
    add:
    del:
buy camel0 dvds gelgaudiskis :: cost: 1
    add:
    del:
buy camel0 turingmachines gelgaudiskis :: cost: 1
    add:
    del:
upgrade camel0 :: cost: 1
    add:
    del:
sell camel0 food gelgaudiskis :: cost: 1
    add:
    del:
sell camel0 expensiverugs gelgaudiskis :: cost: 1
    add:
    del:
sell camel0 coffee gelgaudiskis :: cost: 1
    add:
    del:
sell camel0 cattle gelgaudiskis :: cost: 1
    add:
    del:
sell camel0 water gelgaudiskis :: cost: 1
    add:
    del:
sell camel0 cars gelgaudiskis :: cost: 1
    add:
    del:
sell camel0 gummybears gelgaudiskis :: cost: 1
    add:
    del:
sell camel0 computers gelgaudiskis :: cost: 1
    add:
    del:
sell camel0 laminatefloor gelgaudiskis :: cost: 1
    add:
    del:
sell camel0 copper gelgaudiskis :: cost: 1
    add:
    del:
sell camel0 footballs gelgaudiskis :: cost: 1
    add:
    del:
sell camel0 kittens gelgaudiskis :: cost: 1
    add:
    del:
sell camel0 minerals gelgaudiskis :: cost: 1
    add:
    del:
sell camel0 gold gelgaudiskis :: cost: 1
    add:
    del:
sell camel0 platinum gelgaudiskis :: cost: 1
    add:
    del:
sell camel0 dvds gelgaudiskis :: cost: 1
    add:
    del:
sell camel0 turingmachines gelgaudiskis :: cost: 1
    add:
    del:
Step 2 (at camel0 gelgaudiskis)
size: 37
travel camel0 gelgaudiskis simnas :: cost: 1
    add:
    del:
travel camel0 gelgaudiskis kudirkosnaumiestis :: cost: 1
    add:
    del:
buy camel0 food gelgaudiskis :: cost: 1
    add:
    del:
buy camel0 expensiverugs gelgaudiskis :: cost: 1
    add:
    del:
buy camel0 coffee gelgaudiskis :: cost: 1
    add:
    del:
buy camel0 cattle gelgaudiskis :: cost: 1
    add:
    del:
buy camel0 water gelgaudiskis :: cost: 1
    add:
    del:
buy camel0 cars gelgaudiskis :: cost: 1
    add:
    del:
buy camel0 gummybears gelgaudiskis :: cost: 1
    add:
    del:
buy camel0 computers gelgaudiskis :: cost: 1
    add:
    del:
buy camel0 laminatefloor gelgaudiskis :: cost: 1
    add:
    del:
buy camel0 copper gelgaudiskis :: cost: 1
    add:
    del:
buy camel0 footballs gelgaudiskis :: cost: 1
    add:
    del:
buy camel0 kittens gelgaudiskis :: cost: 1
    add:
    del:
buy camel0 minerals gelgaudiskis :: cost: 1
    add:
    del:
buy camel0 gold gelgaudiskis :: cost: 1
    add:
    del:
buy camel0 platinum gelgaudiskis :: cost: 1
    add:
    del:
buy camel0 dvds gelgaudiskis :: cost: 1
    add:
    del:
buy camel0 turingmachines gelgaudiskis :: cost: 1
    add:
    del:
upgrade camel0 :: cost: 1
    add:
    del:
sell camel0 food gelgaudiskis :: cost: 1
    add:
    del:
sell camel0 expensiverugs gelgaudiskis :: cost: 1
    add:
    del:
sell camel0 coffee gelgaudiskis :: cost: 1
    add:
    del:
sell camel0 cattle gelgaudiskis :: cost: 1
    add:
    del:
sell camel0 water gelgaudiskis :: cost: 1
    add:
    del:
sell camel0 cars gelgaudiskis :: cost: 1
    add:
    del:
sell camel0 gummybears gelgaudiskis :: cost: 1
    add:
    del:
sell camel0 computers gelgaudiskis :: cost: 1
    add:
    del:
sell camel0 laminatefloor gelgaudiskis :: cost: 1
    add:
    del:
sell camel0 copper gelgaudiskis :: cost: 1
    add:
    del:
sell camel0 footballs gelgaudiskis :: cost: 1
    add:
    del:
sell camel0 kittens gelgaudiskis :: cost: 1
    add:
    del:
sell camel0 minerals gelgaudiskis :: cost: 1
    add:
    del:
sell camel0 gold gelgaudiskis :: cost: 1
    add:
    del:
sell camel0 platinum gelgaudiskis :: cost: 1
    add:
    del:
sell camel0 dvds gelgaudiskis :: cost: 1
    add:
    del:
sell camel0 turingmachines gelgaudiskis :: cost: 1
    add:
    del:
Step 3 (at camel0 gelgaudiskis)
size: 37
travel camel0 gelgaudiskis simnas :: cost: 1
    add:
    del:
travel camel0 gelgaudiskis kudirkosnaumiestis :: cost: 1
    add:
    del:
buy camel0 food gelgaudiskis :: cost: 1
    add:
    del:
buy camel0 expensiverugs gelgaudiskis :: cost: 1
    add:
    del:
buy camel0 coffee gelgaudiskis :: cost: 1
    add:
    del:
buy camel0 cattle gelgaudiskis :: cost: 1
    add:
    del:
buy camel0 water gelgaudiskis :: cost: 1
    add:
    del:
buy camel0 cars gelgaudiskis :: cost: 1
    add:
    del:
buy camel0 gummybears gelgaudiskis :: cost: 1
    add:
    del:
buy camel0 computers gelgaudiskis :: cost: 1
    add:
    del:
buy camel0 laminatefloor gelgaudiskis :: cost: 1
    add:
    del:
buy camel0 copper gelgaudiskis :: cost: 1
    add:
    del:
buy camel0 footballs gelgaudiskis :: cost: 1
    add:
    del:
buy camel0 kittens gelgaudiskis :: cost: 1
    add:
    del:
buy camel0 minerals gelgaudiskis :: cost: 1
    add:
    del:
buy camel0 gold gelgaudiskis :: cost: 1
    add:
    del:
buy camel0 platinum gelgaudiskis :: cost: 1
    add:
    del:
buy camel0 dvds gelgaudiskis :: cost: 1
    add:
    del:
buy camel0 turingmachines gelgaudiskis :: cost: 1
    add:
    del:
upgrade camel0 :: cost: 1
    add:
    del:
sell camel0 food gelgaudiskis :: cost: 1
    add:
    del:
sell camel0 expensiverugs gelgaudiskis :: cost: 1
    add:
    del:
sell camel0 coffee gelgaudiskis :: cost: 1
    add:
    del:
sell camel0 cattle gelgaudiskis :: cost: 1
    add:
    del:
sell camel0 water gelgaudiskis :: cost: 1
    add:
    del:
sell camel0 cars gelgaudiskis :: cost: 1
    add:
    del:
sell camel0 gummybears gelgaudiskis :: cost: 1
    add:
    del:
sell camel0 computers gelgaudiskis :: cost: 1
    add:
    del:
sell camel0 laminatefloor gelgaudiskis :: cost: 1
    add:
    del:
sell camel0 copper gelgaudiskis :: cost: 1
    add:
    del:
sell camel0 footballs gelgaudiskis :: cost: 1
    add:
    del:
sell camel0 kittens gelgaudiskis :: cost: 1
    add:
    del:
sell camel0 minerals gelgaudiskis :: cost: 1
    add:
    del:
sell camel0 gold gelgaudiskis :: cost: 1
    add:
    del:
sell camel0 platinum gelgaudiskis :: cost: 1
    add:
    del:
sell camel0 dvds gelgaudiskis :: cost: 1
    add:
    del:
sell camel0 turingmachines gelgaudiskis :: cost: 1
    add:
    del:
Step 4 (at camel0 gelgaudiskis)
size: 37
travel camel0 gelgaudiskis simnas :: cost: 1
    add:
    del:
travel camel0 gelgaudiskis kudirkosnaumiestis :: cost: 1
    add:
    del:
buy camel0 food gelgaudiskis :: cost: 1
    add:
    del:
buy camel0 expensiverugs gelgaudiskis :: cost: 1
    add:
    del:
buy camel0 coffee gelgaudiskis :: cost: 1
    add:
    del:
buy camel0 cattle gelgaudiskis :: cost: 1
    add:
    del:
buy camel0 water gelgaudiskis :: cost: 1
    add:
    del:
buy camel0 cars gelgaudiskis :: cost: 1
    add:
    del:
buy camel0 gummybears gelgaudiskis :: cost: 1
    add:
    del:
buy camel0 computers gelgaudiskis :: cost: 1
    add:
    del:
buy camel0 laminatefloor gelgaudiskis :: cost: 1
    add:
    del:
buy camel0 copper gelgaudiskis :: cost: 1
    add:
    del:
buy camel0 footballs gelgaudiskis :: cost: 1
    add:
    del:
buy camel0 kittens gelgaudiskis :: cost: 1
    add:
    del:
buy camel0 minerals gelgaudiskis :: cost: 1
    add:
    del:
buy camel0 gold gelgaudiskis :: cost: 1
    add:
    del:
buy camel0 platinum gelgaudiskis :: cost: 1
    add:
    del:
buy camel0 dvds gelgaudiskis :: cost: 1
    add:
    del:
buy camel0 turingmachines gelgaudiskis :: cost: 1
    add:
    del:
upgrade camel0 :: cost: 1
    add:
    del:
sell camel0 food gelgaudiskis :: cost: 1
    add:
    del:
sell camel0 expensiverugs gelgaudiskis :: cost: 1
    add:
    del:
sell camel0 coffee gelgaudiskis :: cost: 1
    add:
    del:
sell camel0 cattle gelgaudiskis :: cost: 1
    add:
    del:
sell camel0 water gelgaudiskis :: cost: 1
    add:
    del:
sell camel0 cars gelgaudiskis :: cost: 1
    add:
    del:
sell camel0 gummybears gelgaudiskis :: cost: 1
    add:
    del:
sell camel0 computers gelgaudiskis :: cost: 1
    add:
    del:
sell camel0 laminatefloor gelgaudiskis :: cost: 1
    add:
    del:
sell camel0 copper gelgaudiskis :: cost: 1
    add:
    del:
sell camel0 footballs gelgaudiskis :: cost: 1
    add:
    del:
sell camel0 kittens gelgaudiskis :: cost: 1
    add:
    del:
sell camel0 minerals gelgaudiskis :: cost: 1
    add:
    del:
sell camel0 gold gelgaudiskis :: cost: 1
    add:
    del:
sell camel0 platinum gelgaudiskis :: cost: 1
    add:
    del:
sell camel0 dvds gelgaudiskis :: cost: 1
    add:
    del:
sell camel0 turingmachines gelgaudiskis :: cost: 1
    add:
    del:
Step 5 (at camel0 gelgaudiskis)
size: 37
travel camel0 gelgaudiskis simnas :: cost: 1
    add:
    del:
travel camel0 gelgaudiskis kudirkosnaumiestis :: cost: 1
    add:
    del:
buy camel0 food gelgaudiskis :: cost: 1
    add:
    del:
buy camel0 expensiverugs gelgaudiskis :: cost: 1
    add:
    del:
buy camel0 coffee gelgaudiskis :: cost: 1
    add:
    del:
buy camel0 cattle gelgaudiskis :: cost: 1
    add:
    del:
buy camel0 water gelgaudiskis :: cost: 1
    add:
    del:
buy camel0 cars gelgaudiskis :: cost: 1
    add:
    del:
buy camel0 gummybears gelgaudiskis :: cost: 1
    add:
    del:
buy camel0 computers gelgaudiskis :: cost: 1
    add:
    del:
buy camel0 laminatefloor gelgaudiskis :: cost: 1
    add:
    del:
buy camel0 copper gelgaudiskis :: cost: 1
    add:
    del:
buy camel0 footballs gelgaudiskis :: cost: 1
    add:
    del:
buy camel0 kittens gelgaudiskis :: cost: 1
    add:
    del:
buy camel0 minerals gelgaudiskis :: cost: 1
    add:
    del:
buy camel0 gold gelgaudiskis :: cost: 1
    add:
    del:
buy camel0 platinum gelgaudiskis :: cost: 1
    add:
    del:
buy camel0 dvds gelgaudiskis :: cost: 1
    add:
    del:
buy camel0 turingmachines gelgaudiskis :: cost: 1
    add:
    del:
upgrade camel0 :: cost: 1
    add:
    del:
sell camel0 food gelgaudiskis :: cost: 1
    add:
    del:
sell camel0 expensiverugs gelgaudiskis :: cost: 1
    add:
    del:
sell camel0 coffee gelgaudiskis :: cost: 1
    add:
    del:
sell camel0 cattle gelgaudiskis :: cost: 1
    add:
    del:
sell camel0 water gelgaudiskis :: cost: 1
    add:
    del:
sell camel0 cars gelgaudiskis :: cost: 1
    add:
    del:
sell camel0 gummybears gelgaudiskis :: cost: 1
    add:
    del:
sell camel0 computers gelgaudiskis :: cost: 1
    add:
    del:
sell camel0 laminatefloor gelgaudiskis :: cost: 1
    add:
    del:
sell camel0 copper gelgaudiskis :: cost: 1
    add:
    del:
sell camel0 footballs gelgaudiskis :: cost: 1
    add:
    del:
sell camel0 kittens gelgaudiskis :: cost: 1
    add:
    del:
sell camel0 minerals gelgaudiskis :: cost: 1
    add:
    del:
sell camel0 gold gelgaudiskis :: cost: 1
    add:
    del:
sell camel0 platinum gelgaudiskis :: cost: 1
    add:
    del:
sell camel0 dvds gelgaudiskis :: cost: 1
    add:
    del:
sell camel0 turingmachines gelgaudiskis :: cost: 1
    add:
    del:
Step 6 (at camel0 gelgaudiskis)
size: 37
travel camel0 gelgaudiskis simnas :: cost: 1
    add:
    del:
travel camel0 gelgaudiskis kudirkosnaumiestis :: cost: 1
    add:
    del:
buy camel0 food gelgaudiskis :: cost: 1
    add:
    del:
buy camel0 expensiverugs gelgaudiskis :: cost: 1
    add:
    del:
buy camel0 coffee gelgaudiskis :: cost: 1
    add:
    del:
buy camel0 cattle gelgaudiskis :: cost: 1
    add:
    del:
buy camel0 water gelgaudiskis :: cost: 1
    add:
    del:
buy camel0 cars gelgaudiskis :: cost: 1
    add:
    del:
buy camel0 gummybears gelgaudiskis :: cost: 1
    add:
    del:
buy camel0 computers gelgaudiskis :: cost: 1
    add:
    del:
buy camel0 laminatefloor gelgaudiskis :: cost: 1
    add:
    del:
buy camel0 copper gelgaudiskis :: cost: 1
    add:
    del:
buy camel0 footballs gelgaudiskis :: cost: 1
    add:
    del:
buy camel0 kittens gelgaudiskis :: cost: 1
    add:
    del:
buy camel0 minerals gelgaudiskis :: cost: 1
    add:
    del:
buy camel0 gold gelgaudiskis :: cost: 1
    add:
    del:
buy camel0 platinum gelgaudiskis :: cost: 1
    add:
    del:
buy camel0 dvds gelgaudiskis :: cost: 1
    add:
    del:
buy camel0 turingmachines gelgaudiskis :: cost: 1
    add:
    del:
upgrade camel0 :: cost: 1
    add:
    del:
sell camel0 food gelgaudiskis :: cost: 1
    add:
    del:
sell camel0 expensiverugs gelgaudiskis :: cost: 1
    add:
    del:
sell camel0 coffee gelgaudiskis :: cost: 1
    add:
    del:
sell camel0 cattle gelgaudiskis :: cost: 1
    add:
    del:
sell camel0 water gelgaudiskis :: cost: 1
    add:
    del:
sell camel0 cars gelgaudiskis :: cost: 1
    add:
    del:
sell camel0 gummybears gelgaudiskis :: cost: 1
    add:
    del:
sell camel0 computers gelgaudiskis :: cost: 1
    add:
    del:
sell camel0 laminatefloor gelgaudiskis :: cost: 1
    add:
    del:
sell camel0 copper gelgaudiskis :: cost: 1
    add:
    del:
sell camel0 footballs gelgaudiskis :: cost: 1
    add:
    del:
sell camel0 kittens gelgaudiskis :: cost: 1
    add:
    del:
sell camel0 minerals gelgaudiskis :: cost: 1
    add:
    del:
sell camel0 gold gelgaudiskis :: cost: 1
    add:
    del:
sell camel0 platinum gelgaudiskis :: cost: 1
    add:
    del:
sell camel0 dvds gelgaudiskis :: cost: 1
    add:
    del:
sell camel0 turingmachines gelgaudiskis :: cost: 1
    add:
    del:
Step 7 (at camel0 gelgaudiskis)
size: 37
travel camel0 gelgaudiskis simnas :: cost: 1
    add:
    del:
travel camel0 gelgaudiskis kudirkosnaumiestis :: cost: 1
    add:
    del:
buy camel0 food gelgaudiskis :: cost: 1
    add:
    del:
buy camel0 expensiverugs gelgaudiskis :: cost: 1
    add:
    del:
buy camel0 coffee gelgaudiskis :: cost: 1
    add:
    del:
buy camel0 cattle gelgaudiskis :: cost: 1
    add:
    del:
buy camel0 water gelgaudiskis :: cost: 1
    add:
    del:
buy camel0 cars gelgaudiskis :: cost: 1
    add:
    del:
buy camel0 gummybears gelgaudiskis :: cost: 1
    add:
    del:
buy camel0 computers gelgaudiskis :: cost: 1
    add:
    del:
buy camel0 laminatefloor gelgaudiskis :: cost: 1
    add:
    del:
buy camel0 copper gelgaudiskis :: cost: 1
    add:
    del:
buy camel0 footballs gelgaudiskis :: cost: 1
    add:
    del:
buy camel0 kittens gelgaudiskis :: cost: 1
    add:
    del:
buy camel0 minerals gelgaudiskis :: cost: 1
    add:
    del:
buy camel0 gold gelgaudiskis :: cost: 1
    add:
    del:
buy camel0 platinum gelgaudiskis :: cost: 1
    add:
    del:
buy camel0 dvds gelgaudiskis :: cost: 1
    add:
    del:
buy camel0 turingmachines gelgaudiskis :: cost: 1
    add:
    del:
upgrade camel0 :: cost: 1
    add:
    del:
sell camel0 food gelgaudiskis :: cost: 1
    add:
    del:
sell camel0 expensiverugs gelgaudiskis :: cost: 1
    add:
    del:
sell camel0 coffee gelgaudiskis :: cost: 1
    add:
    del:
sell camel0 cattle gelgaudiskis :: cost: 1
    add:
    del:
sell camel0 water gelgaudiskis :: cost: 1
    add:
    del:
sell camel0 cars gelgaudiskis :: cost: 1
    add:
    del:
sell camel0 gummybears gelgaudiskis :: cost: 1
    add:
    del:
sell camel0 computers gelgaudiskis :: cost: 1
    add:
    del:
sell camel0 laminatefloor gelgaudiskis :: cost: 1
    add:
    del:
sell camel0 copper gelgaudiskis :: cost: 1
    add:
    del:
sell camel0 footballs gelgaudiskis :: cost: 1
    add:
    del:
sell camel0 kittens gelgaudiskis :: cost: 1
    add:
    del:
sell camel0 minerals gelgaudiskis :: cost: 1
    add:
    del:
sell camel0 gold gelgaudiskis :: cost: 1
    add:
    del:
sell camel0 platinum gelgaudiskis :: cost: 1
    add:
    del:
sell camel0 dvds gelgaudiskis :: cost: 1
    add:
    del:
sell camel0 turingmachines gelgaudiskis :: cost: 1
    add:
    del:
Step 8 (at camel0 gelgaudiskis)
size: 37
travel camel0 gelgaudiskis simnas :: cost: 1
    add:
    del:
travel camel0 gelgaudiskis kudirkosnaumiestis :: cost: 1
    add:
    del:
buy camel0 food gelgaudiskis :: cost: 1
    add:
    del:
buy camel0 expensiverugs gelgaudiskis :: cost: 1
    add:
    del:
buy camel0 coffee gelgaudiskis :: cost: 1
    add:
    del:
buy camel0 cattle gelgaudiskis :: cost: 1
    add:
    del:
buy camel0 water gelgaudiskis :: cost: 1
    add:
    del:
buy camel0 cars gelgaudiskis :: cost: 1
    add:
    del:
buy camel0 gummybears gelgaudiskis :: cost: 1
    add:
    del:
buy camel0 computers gelgaudiskis :: cost: 1
    add:
    del:
buy camel0 laminatefloor gelgaudiskis :: cost: 1
    add:
    del:
buy camel0 copper gelgaudiskis :: cost: 1
    add:
    del:
buy camel0 footballs gelgaudiskis :: cost: 1
    add:
    del:
buy camel0 kittens gelgaudiskis :: cost: 1
    add:
    del:
buy camel0 minerals gelgaudiskis :: cost: 1
    add:
    del:
buy camel0 gold gelgaudiskis :: cost: 1
    add:
    del:
buy camel0 platinum gelgaudiskis :: cost: 1
    add:
    del:
buy camel0 dvds gelgaudiskis :: cost: 1
    add:
    del:
buy camel0 turingmachines gelgaudiskis :: cost: 1
    add:
    del:
upgrade camel0 :: cost: 1
    add:
    del:
sell camel0 food gelgaudiskis :: cost: 1
    add:
    del:
sell camel0 expensiverugs gelgaudiskis :: cost: 1
    add:
    del:
sell camel0 coffee gelgaudiskis :: cost: 1
    add:
    del:
sell camel0 cattle gelgaudiskis :: cost: 1
    add:
    del:
sell camel0 water gelgaudiskis :: cost: 1
    add:
    del:
sell camel0 cars gelgaudiskis :: cost: 1
    add:
    del:
sell camel0 gummybears gelgaudiskis :: cost: 1
    add:
    del:
sell camel0 computers gelgaudiskis :: cost: 1
    add:
    del:
sell camel0 laminatefloor gelgaudiskis :: cost: 1
    add:
    del:
sell camel0 copper gelgaudiskis :: cost: 1
    add:
    del:
sell camel0 footballs gelgaudiskis :: cost: 1
    add:
    del:
sell camel0 kittens gelgaudiskis :: cost: 1
    add:
    del:
sell camel0 minerals gelgaudiskis :: cost: 1
    add:
    del:
sell camel0 gold gelgaudiskis :: cost: 1
    add:
    del:
sell camel0 platinum gelgaudiskis :: cost: 1
    add:
    del:
sell camel0 dvds gelgaudiskis :: cost: 1
    add:
    del:
sell camel0 turingmachines gelgaudiskis :: cost: 1
    add:
    del:
Step 9 (at camel0 gelgaudiskis)
size: 37
travel camel0 gelgaudiskis simnas :: cost: 1
    add:
    del:
travel camel0 gelgaudiskis kudirkosnaumiestis :: cost: 1
    add:
    del:
buy camel0 food gelgaudiskis :: cost: 1
    add:
    del:
buy camel0 expensiverugs gelgaudiskis :: cost: 1
    add:
    del:
buy camel0 coffee gelgaudiskis :: cost: 1
    add:
    del:
buy camel0 cattle gelgaudiskis :: cost: 1
    add:
    del:
buy camel0 water gelgaudiskis :: cost: 1
    add:
    del:
buy camel0 cars gelgaudiskis :: cost: 1
    add:
    del:
buy camel0 gummybears gelgaudiskis :: cost: 1
    add:
    del:
buy camel0 computers gelgaudiskis :: cost: 1
    add:
    del:
buy camel0 laminatefloor gelgaudiskis :: cost: 1
    add:
    del:
buy camel0 copper gelgaudiskis :: cost: 1
    add:
    del:
buy camel0 footballs gelgaudiskis :: cost: 1
    add:
    del:
buy camel0 kittens gelgaudiskis :: cost: 1
    add:
    del:
buy camel0 minerals gelgaudiskis :: cost: 1
    add:
    del:
buy camel0 gold gelgaudiskis :: cost: 1
    add:
    del:
buy camel0 platinum gelgaudiskis :: cost: 1
    add:
    del:
buy camel0 dvds gelgaudiskis :: cost: 1
    add:
    del:
buy camel0 turingmachines gelgaudiskis :: cost: 1
    add:
    del:
upgrade camel0 :: cost: 1
    add:
    del:
sell camel0 food gelgaudiskis :: cost: 1
    add:
    del:
sell camel0 expensiverugs gelgaudiskis :: cost: 1
    add:
    del:
sell camel0 coffee gelgaudiskis :: cost: 1
    add:
    del:
sell camel0 cattle gelgaudiskis :: cost: 1
    add:
    del:
sell camel0 water gelgaudiskis :: cost: 1
    add:
    del:
sell camel0 cars gelgaudiskis :: cost: 1
    add:
    del:
sell camel0 gummybears gelgaudiskis :: cost: 1
    add:
    del:
sell camel0 computers gelgaudiskis :: cost: 1
    add:
    del:
sell camel0 laminatefloor gelgaudiskis :: cost: 1
    add:
    del:
sell camel0 copper gelgaudiskis :: cost: 1
    add:
    del:
sell camel0 footballs gelgaudiskis :: cost: 1
    add:
    del:
sell camel0 kittens gelgaudiskis :: cost: 1
    add:
    del:
sell camel0 minerals gelgaudiskis :: cost: 1
    add:
    del:
sell camel0 gold gelgaudiskis :: cost: 1
    add:
    del:
sell camel0 platinum gelgaudiskis :: cost: 1
    add:
    del:
sell camel0 dvds gelgaudiskis :: cost: 1
    add:
    del:
sell camel0 turingmachines gelgaudiskis :: cost: 1
    add:
    del:
