(=)
  in-init: 0
  in-pre: 1
  in-pre-neg: 1
  in-goal: 0
  in-goal-neg: 0
  in-eff: 0
(cw)
  in-init: 1
  in-pre: 1
  in-pre-neg: 0
  in-goal: 1
  in-goal-neg: 0
  in-eff: 1
(normal)
  in-init: 1
  in-pre: 1
  in-pre-neg: 0
  in-goal: 1
  in-goal-neg: 0
  in-eff: 1
(inverted)
  in-init: 0
  in-pre: 1
  in-pre-neg: 0
  in-goal: 1
  in-goal-neg: 0
  in-eff: 1
(idle)
  in-init: 1
  in-pre: 1
  in-pre-neg: 0
  in-goal: 0
  in-goal-neg: 0
  in-eff: 1
(cutting)
  in-init: 0
  in-pre: 1
  in-pre-neg: 0
  in-goal: 0
  in-goal-neg: 0
  in-eff: 1
(have-cut)
  in-init: 0
  in-pre: 1
  in-pre-neg: 0
  in-goal: 0
  in-goal-neg: 0
  in-eff: 1
(splicing)
  in-init: 0
  in-pre: 1
  in-pre-neg: 0
  in-goal: 0
  in-goal-neg: 0
  in-eff: 1
(splice-next)
  in-init: 0
  in-pre: 1
  in-pre-neg: 0
  in-goal: 0
  in-goal-neg: 0
  in-eff: 1
(splicing-last)
  in-init: 0
  in-pre: 1
  in-pre-neg: 0
  in-goal: 0
  in-goal-neg: 0
  in-eff: 1
(inverse-splicing)
  in-init: 0
  in-pre: 1
  in-pre-neg: 0
  in-goal: 0
  in-goal-neg: 0
  in-eff: 1
(inverse-splice-next)
  in-init: 0
  in-pre: 1
  in-pre-neg: 0
  in-goal: 0
  in-goal-neg: 0
  in-eff: 1
(inverse-splicing-last)
  in-init: 0
  in-pre: 1
  in-pre-neg: 0
  in-goal: 0
  in-goal-neg: 0
  in-eff: 1
(finished)
  in-init: 0
  in-pre: 1
  in-pre-neg: 0
  in-goal: 0
  in-goal-neg: 0
  in-eff: 1
(cut-point-1)
  in-init: 0
  in-pre: 1
  in-pre-neg: 0
  in-goal: 0
  in-goal-neg: 0
  in-eff: 1
(cut-point-2)
  in-init: 0
  in-pre: 1
  in-pre-neg: 0
  in-goal: 0
  in-goal-neg: 0
  in-eff: 1
(last-cut-point)
  in-init: 0
  in-pre: 1
  in-pre-neg: 0
  in-goal: 0
  in-goal-neg: 0
  in-eff: 1
(splice-point-1)
  in-init: 0
  in-pre: 1
  in-pre-neg: 0
  in-goal: 0
  in-goal-neg: 0
  in-eff: 1
(splice-point-2)
  in-init: 0
  in-pre: 1
  in-pre-neg: 0
  in-goal: 0
  in-goal-neg: 0
  in-eff: 1
(s-first)
  in-init: 0
  in-pre: 1
  in-pre-neg: 0
  in-goal: 0
  in-goal-neg: 0
  in-eff: 1
(s-next)
  in-init: 0
  in-pre: 1
  in-pre-neg: 0
  in-goal: 0
  in-goal-neg: 0
  in-eff: 1
(s-last)
  in-init: 0
  in-pre: 1
  in-pre-neg: 0
  in-goal: 0
  in-goal-neg: 0
  in-eff: 1
(total-cost)
  in-init: 1
  init-all-nonneg: 1
  init-all-nonpos: 1
  init-all-int: 1
  in-pre: 0
  in-goal: 0
  in-metric: 1
  is-metric-alone: 1
  on-num-op-rhs: 0
  in-eff: 1
  in-eff-by-assign-or-scale: 0
  in-eff-in-cond-eff: 0
  write-delta-nonneg: 1
  write-delta-nonneg-int: 1
  rhs-funcs:
global
  has-cond-eff: 0
  has-num-cmp: 0
  has-eq-pred: 1
  has-non-static-neg-cond: 0
  action-cost-func: (total-cost)
  has-int-action-cost-func: 1
  is-unit-cost: 0
  is-numeric: 0
