Require:
  - :equality
Predicate:
  + (equal object object)
Action:
  - move-car-to-car: ?car - car ?carsrc - car ?cardest - car
      pre: (and (at-curb ?cardest) (behind-car ?car ?carsrc) (car-clear ?car) (car-clear ?cardest) (not (= ?car ?carsrc)) (not (= ?carsrc ?cardest)))
      eff: (and (behind-car ?car ?cardest) (car-clear ?carsrc) (increase (total-cost) 1) (not (behind-car ?car ?carsrc)) (not (car-clear ?cardest)))
  + move-car-to-car: ?car - car ?carsrc - car ?cardest - car
      pre: (and (at-curb ?cardest) (behind-car ?car ?carsrc) (car-clear ?car) (car-clear ?cardest) (not (equal ?car ?carsrc)) (not (equal ?carsrc ?cardest)))
      eff: (and (behind-car ?car ?cardest) (car-clear ?carsrc) (increase (total-cost) 1) (not (behind-car ?car ?carsrc)) (not (car-clear ?cardest)))
  - move-car-to-curb: ?car - car ?carsrc - car ?curbdest - curb
      pre: (and (behind-car ?car ?carsrc) (car-clear ?car) (curb-clear ?curbdest) (not (= ?car ?carsrc)))
      eff: (and (at-curb ?car) (at-curb-num ?car ?curbdest) (car-clear ?carsrc) (increase (total-cost) 1) (not (behind-car ?car ?carsrc)) (not (curb-clear ?curbdest)))
  + move-car-to-curb: ?car - car ?carsrc - car ?curbdest - curb
      pre: (and (behind-car ?car ?carsrc) (car-clear ?car) (curb-clear ?curbdest) (not (equal ?car ?carsrc)))
      eff: (and (at-curb ?car) (at-curb-num ?car ?curbdest) (car-clear ?carsrc) (increase (total-cost) 1) (not (behind-car ?car ?carsrc)) (not (curb-clear ?curbdest)))
  - move-curb-to-curb: ?car - car ?curbsrc - curb ?curbdest - curb
      pre: (and (at-curb-num ?car ?curbsrc) (car-clear ?car) (curb-clear ?curbdest) (not (= ?curbsrc ?curbdest)))
      eff: (and (at-curb-num ?car ?curbdest) (curb-clear ?curbsrc) (increase (total-cost) 1) (not (at-curb-num ?car ?curbsrc)) (not (curb-clear ?curbdest)))
  + move-curb-to-curb: ?car - car ?curbsrc - curb ?curbdest - curb
      pre: (and (at-curb-num ?car ?curbsrc) (car-clear ?car) (curb-clear ?curbdest) (not (equal ?curbsrc ?curbdest)))
      eff: (and (at-curb-num ?car ?curbdest) (curb-clear ?curbsrc) (increase (total-cost) 1) (not (at-curb-num ?car ?curbsrc)) (not (curb-clear ?curbdest)))
Init:
  + (equal car_00 car_00)
  + (equal car_01 car_01)
  + (equal car_02 car_02)
  + (equal car_03 car_03)
  + (equal car_04 car_04)
  + (equal car_05 car_05)
  + (equal car_06 car_06)
  + (equal car_07 car_07)
  + (equal car_08 car_08)
  + (equal car_09 car_09)
  + (equal car_10 car_10)
  + (equal car_11 car_11)
  + (equal car_12 car_12)
  + (equal car_13 car_13)
  + (equal car_14 car_14)
  + (equal car_15 car_15)
  + (equal car_16 car_16)
  + (equal car_17 car_17)
  + (equal car_18 car_18)
  + (equal car_19 car_19)
  + (equal car_20 car_20)
  + (equal car_21 car_21)
  + (equal curb_00 curb_00)
  + (equal curb_01 curb_01)
  + (equal curb_02 curb_02)
  + (equal curb_03 curb_03)
  + (equal curb_04 curb_04)
  + (equal curb_05 curb_05)
  + (equal curb_06 curb_06)
  + (equal curb_07 curb_07)
  + (equal curb_08 curb_08)
  + (equal curb_09 curb_09)
  + (equal curb_10 curb_10)
  + (equal curb_11 curb_11)
Pred prop:
  - (= object object): in_pre in_pre_neg
  + (equal object object): in_init in_pre in_pre_neg
