(d)
  init-count: 1
  init-all-nonneg: 1
  init-all-nonpos: 1
  init-all-int: 1
  in-pre: 0
  in-goal: 1
  in-metric: 0
  is-metric-alone: 0
  on-num-op-rhs: 0
  written: 1
  written-by-assign-or-scale: 0
  written-in-cond-eff: 0
  write-size: 3
  write-delta-nonneg: 0
  write-delta-nonneg-int: 0
  rhs-funcs: (v) (a)
(v)
  init-count: 1
  init-all-nonneg: 1
  init-all-nonpos: 1
  init-all-int: 1
  in-pre: 1
  in-goal: 1
  in-metric: 0
  is-metric-alone: 0
  on-num-op-rhs: 1
  written: 1
  written-by-assign-or-scale: 0
  written-in-cond-eff: 0
  write-size: 3
  write-delta-nonneg: 0
  write-delta-nonneg-int: 0
  rhs-funcs: (a)
(a)
  init-count: 1
  init-all-nonneg: 1
  init-all-nonpos: 1
  init-all-int: 1
  in-pre: 1
  in-goal: 1
  in-metric: 0
  is-metric-alone: 0
  on-num-op-rhs: 1
  written: 1
  written-by-assign-or-scale: 0
  written-in-cond-eff: 0
  write-size: 2
  write-delta-nonneg: 0
  write-delta-nonneg-int: 0
  rhs-funcs: (acc_step)
(max_acceleration)
  init-count: 1
  init-all-nonneg: 1
  init-all-nonpos: 0
  init-all-int: 1
  in-pre: 1
  in-goal: 0
  in-metric: 0
  is-metric-alone: 0
  on-num-op-rhs: 0
  written: 0
  written-by-assign-or-scale: 0
  written-in-cond-eff: 0
  write-size: 0
  write-delta-nonneg: 1
  write-delta-nonneg-int: 1
  rhs-funcs:
(min_acceleration)
  init-count: 1
  init-all-nonneg: 0
  init-all-nonpos: 1
  init-all-int: 1
  in-pre: 1
  in-goal: 0
  in-metric: 0
  is-metric-alone: 0
  on-num-op-rhs: 0
  written: 0
  written-by-assign-or-scale: 0
  written-in-cond-eff: 0
  write-size: 0
  write-delta-nonneg: 1
  write-delta-nonneg-int: 1
  rhs-funcs:
(max_speed)
  init-count: 1
  init-all-nonneg: 1
  init-all-nonpos: 0
  init-all-int: 1
  in-pre: 1
  in-goal: 0
  in-metric: 0
  is-metric-alone: 0
  on-num-op-rhs: 0
  written: 0
  written-by-assign-or-scale: 0
  written-in-cond-eff: 0
  write-size: 0
  write-delta-nonneg: 1
  write-delta-nonneg-int: 1
  rhs-funcs:
(acc_step)
  init-count: 1
  init-all-nonneg: 1
  init-all-nonpos: 0
  init-all-int: 1
  in-pre: 1
  in-goal: 0
  in-metric: 0
  is-metric-alone: 0
  on-num-op-rhs: 1
  written: 0
  written-by-assign-or-scale: 0
  written-in-cond-eff: 0
  write-size: 0
  write-delta-nonneg: 1
  write-delta-nonneg-int: 1
  rhs-funcs:
(fuel)
  init-count: 1
  init-all-nonneg: 1
  init-all-nonpos: 0
  init-all-int: 1
  in-pre: 1
  in-goal: 1
  in-metric: 0
  is-metric-alone: 0
  on-num-op-rhs: 0
  written: 1
  written-by-assign-or-scale: 0
  written-in-cond-eff: 0
  write-size: 3
  write-delta-nonneg: 0
  write-delta-nonneg-int: 0
  rhs-funcs: (gear_fuel_aligned) (gear_fuel_under) (gear_fuel_over)
(fuel_used)
  init-count: 1
  init-all-nonneg: 1
  init-all-nonpos: 1
  init-all-int: 1
  in-pre: 0
  in-goal: 1
  in-metric: 0
  is-metric-alone: 0
  on-num-op-rhs: 0
  written: 1
  written-by-assign-or-scale: 0
  written-in-cond-eff: 0
  write-size: 3
  write-delta-nonneg: 1
  write-delta-nonneg-int: 1
  rhs-funcs: (gear_fuel_aligned) (gear_fuel_under) (gear_fuel_over)
(cost)
  init-count: 1
  init-all-nonneg: 1
  init-all-nonpos: 1
  init-all-int: 1
  in-pre: 0
  in-goal: 0
  in-metric: 1
  is-metric-alone: 1
  on-num-op-rhs: 0
  written: 1
  written-by-assign-or-scale: 0
  written-in-cond-eff: 0
  write-size: 5
  write-delta-nonneg: 1
  write-delta-nonneg-int: 1
  rhs-funcs: (alpha) (beta) (gear_fuel_aligned) (gear_fuel_under) (gear_fuel_over)
(alpha)
  init-count: 1
  init-all-nonneg: 1
  init-all-nonpos: 0
  init-all-int: 1
  in-pre: 0
  in-goal: 0
  in-metric: 0
  is-metric-alone: 0
  on-num-op-rhs: 1
  written: 0
  written-by-assign-or-scale: 0
  written-in-cond-eff: 0
  write-size: 0
  write-delta-nonneg: 1
  write-delta-nonneg-int: 1
  rhs-funcs:
(beta)
  init-count: 1
  init-all-nonneg: 1
  init-all-nonpos: 0
  init-all-int: 1
  in-pre: 0
  in-goal: 0
  in-metric: 0
  is-metric-alone: 0
  on-num-op-rhs: 1
  written: 0
  written-by-assign-or-scale: 0
  written-in-cond-eff: 0
  write-size: 0
  write-delta-nonneg: 1
  write-delta-nonneg-int: 1
  rhs-funcs:
(gear_v_min)
  init-count: 2
  init-all-nonneg: 1
  init-all-nonpos: 0
  init-all-int: 1
  in-pre: 1
  in-goal: 0
  in-metric: 0
  is-metric-alone: 0
  on-num-op-rhs: 0
  written: 0
  written-by-assign-or-scale: 0
  written-in-cond-eff: 0
  write-size: 0
  write-delta-nonneg: 1
  write-delta-nonneg-int: 1
  rhs-funcs:
(gear_v_max)
  init-count: 2
  init-all-nonneg: 1
  init-all-nonpos: 0
  init-all-int: 1
  in-pre: 1
  in-goal: 0
  in-metric: 0
  is-metric-alone: 0
  on-num-op-rhs: 0
  written: 0
  written-by-assign-or-scale: 0
  written-in-cond-eff: 0
  write-size: 0
  write-delta-nonneg: 1
  write-delta-nonneg-int: 1
  rhs-funcs:
(gear_min_acceleration)
  init-count: 2
  init-all-nonneg: 0
  init-all-nonpos: 1
  init-all-int: 1
  in-pre: 1
  in-goal: 0
  in-metric: 0
  is-metric-alone: 0
  on-num-op-rhs: 0
  written: 0
  written-by-assign-or-scale: 0
  written-in-cond-eff: 0
  write-size: 0
  write-delta-nonneg: 1
  write-delta-nonneg-int: 1
  rhs-funcs:
(gear_max_acceleration)
  init-count: 2
  init-all-nonneg: 1
  init-all-nonpos: 0
  init-all-int: 1
  in-pre: 1
  in-goal: 0
  in-metric: 0
  is-metric-alone: 0
  on-num-op-rhs: 0
  written: 0
  written-by-assign-or-scale: 0
  written-in-cond-eff: 0
  write-size: 0
  write-delta-nonneg: 1
  write-delta-nonneg-int: 1
  rhs-funcs:
(gear_fuel_aligned)
  init-count: 2
  init-all-nonneg: 1
  init-all-nonpos: 0
  init-all-int: 1
  in-pre: 1
  in-goal: 0
  in-metric: 0
  is-metric-alone: 0
  on-num-op-rhs: 1
  written: 0
  written-by-assign-or-scale: 0
  written-in-cond-eff: 0
  write-size: 0
  write-delta-nonneg: 1
  write-delta-nonneg-int: 1
  rhs-funcs:
(gear_fuel_under)
  init-count: 2
  init-all-nonneg: 1
  init-all-nonpos: 0
  init-all-int: 1
  in-pre: 1
  in-goal: 0
  in-metric: 0
  is-metric-alone: 0
  on-num-op-rhs: 1
  written: 0
  written-by-assign-or-scale: 0
  written-in-cond-eff: 0
  write-size: 0
  write-delta-nonneg: 1
  write-delta-nonneg-int: 1
  rhs-funcs:
(gear_fuel_over)
  init-count: 2
  init-all-nonneg: 1
  init-all-nonpos: 0
  init-all-int: 1
  in-pre: 1
  in-goal: 0
  in-metric: 0
  is-metric-alone: 0
  on-num-op-rhs: 1
  written: 0
  written-by-assign-or-scale: 0
  written-in-cond-eff: 0
  write-size: 0
  write-delta-nonneg: 1
  write-delta-nonneg-int: 1
  rhs-funcs:
