Step 0 (current_gear g1)
size: 6
accelerate g1 :: cost: 0
    add:
    del:
decelerate g1 :: cost: 0
    add:
    del:
gear_up g1 g2 :: cost: 0
    add: (current_gear g2)
    del: (current_gear g1)
drive_aligned_gear g1 :: cost: 0
    add:
    del:
drive_under_gear g1 :: cost: 0
    add:
    del:
drive_over_gear g1 :: cost: 0
    add:
    del:
Step 1 (current_gear g1)
size: 6
accelerate g1 :: cost: 0
    add:
    del:
decelerate g1 :: cost: 0
    add:
    del:
gear_up g1 g2 :: cost: 0
    add: (current_gear g2)
    del: (current_gear g1)
drive_aligned_gear g1 :: cost: 0
    add:
    del:
drive_under_gear g1 :: cost: 0
    add:
    del:
drive_over_gear g1 :: cost: 0
    add:
    del:
Step 2 (current_gear g1)
size: 6
accelerate g1 :: cost: 0
    add:
    del:
decelerate g1 :: cost: 0
    add:
    del:
gear_up g1 g2 :: cost: 0
    add: (current_gear g2)
    del: (current_gear g1)
drive_aligned_gear g1 :: cost: 0
    add:
    del:
drive_under_gear g1 :: cost: 0
    add:
    del:
drive_over_gear g1 :: cost: 0
    add:
    del:
Step 3 (current_gear g2)
size: 6
accelerate g2 :: cost: 0
    add:
    del:
decelerate g2 :: cost: 0
    add:
    del:
gear_down g2 g1 :: cost: 0
    add: (current_gear g1)
    del: (current_gear g2)
drive_aligned_gear g2 :: cost: 0
    add:
    del:
drive_under_gear g2 :: cost: 0
    add:
    del:
drive_over_gear g2 :: cost: 0
    add:
    del:
Step 4 (current_gear g2)
size: 6
accelerate g2 :: cost: 0
    add:
    del:
decelerate g2 :: cost: 0
    add:
    del:
gear_down g2 g1 :: cost: 0
    add: (current_gear g1)
    del: (current_gear g2)
drive_aligned_gear g2 :: cost: 0
    add:
    del:
drive_under_gear g2 :: cost: 0
    add:
    del:
drive_over_gear g2 :: cost: 0
    add:
    del:
Step 5 (current_gear g2)
size: 6
accelerate g2 :: cost: 0
    add:
    del:
decelerate g2 :: cost: 0
    add:
    del:
gear_down g2 g1 :: cost: 0
    add: (current_gear g1)
    del: (current_gear g2)
drive_aligned_gear g2 :: cost: 0
    add:
    del:
drive_under_gear g2 :: cost: 0
    add:
    del:
drive_over_gear g2 :: cost: 0
    add:
    del:
Step 6 (current_gear g2)
size: 6
accelerate g2 :: cost: 0
    add:
    del:
decelerate g2 :: cost: 0
    add:
    del:
gear_down g2 g1 :: cost: 0
    add: (current_gear g1)
    del: (current_gear g2)
drive_aligned_gear g2 :: cost: 0
    add:
    del:
drive_under_gear g2 :: cost: 0
    add:
    del:
drive_over_gear g2 :: cost: 0
    add:
    del:
Step 7 (current_gear g2)
size: 6
accelerate g2 :: cost: 0
    add:
    del:
decelerate g2 :: cost: 0
    add:
    del:
gear_down g2 g1 :: cost: 0
    add: (current_gear g1)
    del: (current_gear g2)
drive_aligned_gear g2 :: cost: 0
    add:
    del:
drive_under_gear g2 :: cost: 0
    add:
    del:
drive_over_gear g2 :: cost: 0
    add:
    del:
Step 8 (current_gear g2)
size: 6
accelerate g2 :: cost: 0
    add:
    del:
decelerate g2 :: cost: 0
    add:
    del:
gear_down g2 g1 :: cost: 0
    add: (current_gear g1)
    del: (current_gear g2)
drive_aligned_gear g2 :: cost: 0
    add:
    del:
drive_under_gear g2 :: cost: 0
    add:
    del:
drive_over_gear g2 :: cost: 0
    add:
    del:
Step 9 (current_gear g1)
size: 6
accelerate g1 :: cost: 0
    add:
    del:
decelerate g1 :: cost: 0
    add:
    del:
gear_up g1 g2 :: cost: 0
    add: (current_gear g2)
    del: (current_gear g1)
drive_aligned_gear g1 :: cost: 0
    add:
    del:
drive_under_gear g1 :: cost: 0
    add:
    del:
drive_over_gear g1 :: cost: 0
    add:
    del:
