Domain: car_linear_gears_numeric
Problem: car_linear_gears_p01
Require: 103
Type[2]:
    [0]: object, parent: -1
    [1]: gear, parent: 0
Obj-by-Type:
    [0]: 0 1
    [1]: 0 1
Obj[2]:
    [0]: g1, type: 1, is-constant: 0, is-private: 0, owner: -1, is-agent: 0
    [1]: g2, type: 1, is-constant: 0, is-private: 0, owner: -1, is-agent: 0
Predicate[3]:
    =: 0 0 :: read: 0, write: 0, in-init: 0
    current_gear: 1 :: read: 1, write: 1, in-init: 1
    gear_next: 1 1 :: read: 1, write: 0, in-init: 1
Function[19]:
    d: :: read: 1, write: 1, in-init: 1
    v: :: read: 1, write: 1, in-init: 1
    a: :: read: 1, write: 1, in-init: 1
    max_acceleration: :: read: 1, write: 0, in-init: 1
    min_acceleration: :: read: 1, write: 0, in-init: 1
    max_speed: :: read: 1, write: 0, in-init: 1
    acc_step: :: read: 1, write: 0, in-init: 1
    fuel: :: read: 1, write: 1, in-init: 1
    fuel_used: :: read: 1, write: 1, in-init: 1
    alpha: :: read: 1, write: 0, in-init: 1
    beta: :: read: 1, write: 0, in-init: 1
    gear_v_min: 1 :: read: 1, write: 0, in-init: 1
    gear_v_max: 1 :: read: 1, write: 0, in-init: 1
    gear_min_acceleration: 1 :: read: 1, write: 0, in-init: 1
    gear_max_acceleration: 1 :: read: 1, write: 0, in-init: 1
    gear_fuel_aligned: 1 :: read: 1, write: 0, in-init: 1
    gear_fuel_under: 1 :: read: 1, write: 0, in-init: 1
    gear_fuel_over: 1 :: read: 1, write: 0, in-init: 1
    total-cost: :: read: 1, write: 1, in-init: 1
Action[7]:
    accelerate: ?g:1
        pre: (and (RW:current_gear ?g) (>= (v) 0) (<= (v) (max_speed)) (>= (fuel) 0) (>= (a) (min_acceleration)) (<= (a) (max_acceleration)) (<= (+ (a) (acc_step)) (max_acceleration)) (>= (a) (gear_min_acceleration ?g)) (<= (a) (gear_max_acceleration ?g)) (<= (+ (a) (acc_step)) (gear_max_acceleration ?g)))
        eff: (and (increase (a) (acc_step)))
    decelerate: ?g:1
        pre: (and (RW:current_gear ?g) (>= (v) 0) (<= (v) (max_speed)) (>= (fuel) 0) (>= (a) (min_acceleration)) (<= (a) (max_acceleration)) (>= (- (a) (acc_step)) (min_acceleration)) (>= (a) (gear_min_acceleration ?g)) (<= (a) (gear_max_acceleration ?g)) (>= (- (a) (acc_step)) (gear_min_acceleration ?g)))
        eff: (and (decrease (a) (acc_step)))
    gear_up: ?from:1 ?to:1
        pre: (and (R:gear_next ?from ?to) (RW:current_gear ?from) (>= (v) 0) (<= (v) (max_speed)) (>= (fuel) 0) (>= (a) (min_acceleration)) (<= (a) (max_acceleration)) (>= (a) (gear_min_acceleration ?to)) (<= (a) (gear_max_acceleration ?to)) (= (a) 0))
        eff: (and (N:RW:current_gear ?from) (RW:current_gear ?to) (increase (total-cost) 1))
    gear_down: ?from:1 ?to:1
        pre: (and (R:gear_next ?to ?from) (RW:current_gear ?from) (>= (v) 0) (<= (v) (max_speed)) (>= (fuel) 0) (>= (a) (min_acceleration)) (<= (a) (max_acceleration)) (>= (a) (gear_min_acceleration ?to)) (<= (a) (gear_max_acceleration ?to)) (= (a) 0))
        eff: (and (N:RW:current_gear ?from) (RW:current_gear ?to) (increase (total-cost) 1))
    drive_aligned_gear: ?g:1
        pre: (and (RW:current_gear ?g) (>= (v) 0) (<= (v) (max_speed)) (>= (+ (v) (a)) 0) (<= (+ (v) (a)) (max_speed)) (>= (fuel) 0) (>= (fuel) (gear_fuel_aligned ?g)) (>= (a) (min_acceleration)) (<= (a) (max_acceleration)) (>= (a) (gear_min_acceleration ?g)) (<= (a) (gear_max_acceleration ?g)) (>= (v) (gear_v_min ?g)) (<= (v) (gear_v_max ?g)))
        eff: (and (increase (d) (+ (* 2 (v)) (a))) (increase (v) (a)) (decrease (fuel) (gear_fuel_aligned ?g)) (increase (fuel_used) (gear_fuel_aligned ?g)) (increase (total-cost) (+ (alpha) (* (beta) (gear_fuel_aligned ?g)))))
    drive_under_gear: ?g:1
        pre: (and (RW:current_gear ?g) (>= (v) 0) (<= (v) (max_speed)) (>= (+ (v) (a)) 0) (<= (+ (v) (a)) (max_speed)) (>= (fuel) 0) (>= (fuel) (gear_fuel_under ?g)) (>= (a) (min_acceleration)) (<= (a) (max_acceleration)) (>= (a) (gear_min_acceleration ?g)) (<= (a) (gear_max_acceleration ?g)) (< (v) (gear_v_min ?g)))
        eff: (and (increase (d) (+ (* 2 (v)) (a))) (increase (v) (a)) (decrease (fuel) (gear_fuel_under ?g)) (increase (fuel_used) (gear_fuel_under ?g)) (increase (total-cost) (+ (alpha) (* (beta) (gear_fuel_under ?g)))))
    drive_over_gear: ?g:1
        pre: (and (RW:current_gear ?g) (>= (v) 0) (<= (v) (max_speed)) (>= (+ (v) (a)) 0) (<= (+ (v) (a)) (max_speed)) (>= (fuel) 0) (>= (fuel) (gear_fuel_over ?g)) (>= (a) (min_acceleration)) (<= (a) (max_acceleration)) (>= (a) (gear_min_acceleration ?g)) (<= (a) (gear_max_acceleration ?g)) (> (v) (gear_v_max ?g)))
        eff: (and (increase (d) (+ (* 2 (v)) (a))) (increase (v) (a)) (decrease (fuel) (gear_fuel_over ?g)) (increase (fuel_used) (gear_fuel_over ?g)) (increase (total-cost) (+ (alpha) (* (beta) (gear_fuel_over ?g)))))
Init[2]:
  S:(gear_next g1 g2)
  (current_gear g1)
Init[26]:
  (= (d) 0)
  (= (v) 0)
  (= (a) 0)
  (= (max_acceleration) 2)
  (= (min_acceleration) -1)
  (= (max_speed) 4)
  (= (acc_step) 1)
  (= (fuel) 200)
  (= (fuel_used) 0)
  (= (alpha) 19536)
  (= (beta) 48)
  (= (gear_v_min g1) 0)
  (= (gear_v_max g1) 2)
  (= (gear_min_acceleration g1) -1)
  (= (gear_max_acceleration g1) 2)
  (= (gear_fuel_aligned g1) 11)
  (= (gear_fuel_under g1) 18)
  (= (gear_fuel_over g1) 17)
  (= (gear_v_min g2) 2)
  (= (gear_v_max g2) 4)
  (= (gear_min_acceleration g2) -1)
  (= (gear_max_acceleration g2) 0)
  (= (gear_fuel_aligned g2) 9)
  (= (gear_fuel_under g2) 17)
  (= (gear_fuel_over g2) 14)
  (= (total-cost) 0)
Goal: (and (RW:current_gear g1) (>= (d) 50) (<= (d) 52) (= (v) 0) (= (a) 0) (>= (fuel) 0) (> (fuel_used) 0))
Metric: (total-cost)
