Require:
  + :negative-preconditions
Action:
  - rotate-second-pass: ?n1 - node ?n1x - coord ?n1y - coord ?n1dir - direction ?n2 - node ?n2x - coord ?n2y - coord
      pre: (and (= ?n1dir down) (= ?n1x ?n2x) (at ?n1 ?n1x ?n1y) (connected ?n1 ?n2) (coord-inc ?n2y ?n1y) (free ?n2x ?n2y) (heading ?n1 down) (node-second-pass-next ?n1))
      eff: (and (at ?n2 ?n2x ?n2y) (increase (total-cost) (update-cost)) (node-second-pass-next ?n2) (not (free ?n2x ?n2y)) (not (node-second-pass-next ?n1)))
  - rotate-second-pass: ?n1 - node ?n1x - coord ?n1y - coord ?n1dir - direction ?n2 - node ?n2x - coord ?n2y - coord
      pre: (and (= ?n1dir left) (= ?n1y ?n2y) (at ?n1 ?n1x ?n1y) (connected ?n1 ?n2) (coord-inc ?n2x ?n1x) (free ?n2x ?n2y) (heading ?n1 left) (node-second-pass-next ?n1))
      eff: (and (at ?n2 ?n2x ?n2y) (increase (total-cost) (update-cost)) (node-second-pass-next ?n2) (not (free ?n2x ?n2y)) (not (node-second-pass-next ?n1)))
  - rotate-second-pass: ?n1 - node ?n1x - coord ?n1y - coord ?n1dir - direction ?n2 - node ?n2x - coord ?n2y - coord
      pre: (and (= ?n1dir right) (= ?n1y ?n2y) (at ?n1 ?n1x ?n1y) (connected ?n1 ?n2) (coord-inc ?n1x ?n2x) (free ?n2x ?n2y) (heading ?n1 right) (node-second-pass-next ?n1))
      eff: (and (at ?n2 ?n2x ?n2y) (increase (total-cost) (update-cost)) (node-second-pass-next ?n2) (not (free ?n2x ?n2y)) (not (node-second-pass-next ?n1)))
  - rotate-second-pass: ?n1 - node ?n1x - coord ?n1y - coord ?n1dir - direction ?n2 - node ?n2x - coord ?n2y - coord
      pre: (and (= ?n1dir up) (= ?n1x ?n2x) (at ?n1 ?n1x ?n1y) (connected ?n1 ?n2) (coord-inc ?n1y ?n2y) (free ?n2x ?n2y) (heading ?n1 up) (node-second-pass-next ?n1))
      eff: (and (at ?n2 ?n2x ?n2y) (increase (total-cost) (update-cost)) (node-second-pass-next ?n2) (not (free ?n2x ?n2y)) (not (node-second-pass-next ?n1)))
  + rotate-second-pass: ?n1 - node ?n1x - coord ?n1y - coord ?n1dir - direction ?n2 - node ?n2x - coord ?n2y - coord
      pre: (and (= ?n1dir down) (= ?n1x ?n2x) (at ?n1 ?n1x ?n1y) (connected ?n1 ?n2) (coord-inc ?n2y ?n1y) (free ?n2x ?n2y) (heading ?n1 down) (node-second-pass-next ?n1) (not (= ?n1y ?n2y)))
      eff: (and (at ?n2 ?n2x ?n2y) (increase (total-cost) (update-cost)) (node-second-pass-next ?n2) (not (free ?n2x ?n2y)) (not (node-second-pass-next ?n1)))
  + rotate-second-pass: ?n1 - node ?n1x - coord ?n1y - coord ?n1dir - direction ?n2 - node ?n2x - coord ?n2y - coord
      pre: (and (= ?n1dir left) (= ?n1y ?n2y) (at ?n1 ?n1x ?n1y) (connected ?n1 ?n2) (coord-inc ?n2x ?n1x) (free ?n2x ?n2y) (heading ?n1 left) (node-second-pass-next ?n1) (not (= ?n1x ?n2x)))
      eff: (and (at ?n2 ?n2x ?n2y) (increase (total-cost) (update-cost)) (node-second-pass-next ?n2) (not (free ?n2x ?n2y)) (not (node-second-pass-next ?n1)))
  + rotate-second-pass: ?n1 - node ?n1x - coord ?n1y - coord ?n1dir - direction ?n2 - node ?n2x - coord ?n2y - coord
      pre: (and (= ?n1dir right) (= ?n1y ?n2y) (at ?n1 ?n1x ?n1y) (connected ?n1 ?n2) (coord-inc ?n1x ?n2x) (free ?n2x ?n2y) (heading ?n1 right) (node-second-pass-next ?n1) (not (= ?n1x ?n2x)))
      eff: (and (at ?n2 ?n2x ?n2y) (increase (total-cost) (update-cost)) (node-second-pass-next ?n2) (not (free ?n2x ?n2y)) (not (node-second-pass-next ?n1)))
  + rotate-second-pass: ?n1 - node ?n1x - coord ?n1y - coord ?n1dir - direction ?n2 - node ?n2x - coord ?n2y - coord
      pre: (and (= ?n1dir up) (= ?n1x ?n2x) (at ?n1 ?n1x ?n1y) (connected ?n1 ?n2) (coord-inc ?n1y ?n2y) (free ?n2x ?n2y) (heading ?n1 up) (node-second-pass-next ?n1) (not (= ?n1y ?n2y)))
      eff: (and (at ?n2 ?n2x ?n2y) (increase (total-cost) (update-cost)) (node-second-pass-next ?n2) (not (free ?n2x ?n2y)) (not (node-second-pass-next ?n1)))
Pred prop:
  - (= object object): in_pre
  + (= object object): in_pre in_pre_neg
