(=)
  in-init: 0
  in-pre: 1
  in-goal: 0
  in-eff: 0
(cell-capacity-inc)
  in-init: 1
  in-pre: 1
  in-goal: 0
  in-eff: 0
(cell-capacity)
  in-init: 1
  in-pre: 1
  in-goal: 1
  in-eff: 1
(cell-edge)
  in-init: 1
  in-pre: 1
  in-goal: 0
  in-eff: 0
(node-degree0)
  in-init: 1
  in-pre: 1
  in-goal: 0
  in-eff: 1
(node-degree1)
  in-init: 0
  in-pre: 1
  in-goal: 0
  in-eff: 1
(NOT-node-degree1)
  in-init: 1
  in-pre: 0
  in-goal: 1
  in-eff: 1
(NOT-linked)
  in-init: 1
  in-pre: 1
  in-goal: 0
  in-eff: 1
(NOT-disable-link-0-0)
  in-init: 1
  in-pre: 1
  in-goal: 0
  in-eff: 1
