Step 0 (card-at card0 pos0 pos0) (card-at card1 pos1 pos0) (card-at card2 pos2 pos0) (card-at card3 pos3 pos0) (card-at card4 pos4 pos0) (card-at card5 pos0 pos1) (card-at card6 pos1 pos1) (card-at card7 pos2 pos1) (card-at card8 pos3 pos1) (card-at card9 pos4 pos1) (card-at card11 pos0 pos2) (card-at card12 pos1 pos2) (card-at card13 pos2 pos2) (card-at card14 pos3 pos2) (card-at card10 pos4 pos2) (card-at card15 pos0 pos3) (card-at card16 pos1 pos3) (card-at card17 pos2 pos3) (card-at card18 pos3 pos3) (card-at card19 pos4 pos3) (card-at card20 pos0 pos4) (card-at card21 pos1 pos4) (card-at card22 pos2 pos4) (card-at card23 pos3 pos4) (card-at card24 pos4 pos4) (robot-at card0) (NOT-robot-at card1) (NOT-robot-at card2) (NOT-robot-at card3) (NOT-robot-at card4) (NOT-robot-at card5) (NOT-robot-at card6) (NOT-robot-at card7) (NOT-robot-at card8) (NOT-robot-at card9) (NOT-robot-at card10) (NOT-robot-at card11) (NOT-robot-at card12) (NOT-robot-at card13) (NOT-robot-at card14) (NOT-robot-at card15) (NOT-robot-at card16) (NOT-robot-at card17) (NOT-robot-at card18) (NOT-robot-at card19) (NOT-robot-at card20) (NOT-robot-at card21) (NOT-robot-at card22) (NOT-robot-at card23) (NOT-robot-at card24) (NOT-cards-moving) (NOT-cards-moving-west) (NOT-cards-moving-east) (NOT-cards-moving-south) (NOT-cards-moving-north)
size: 19
move-east card0 pos0 pos0 e card1 pos1 pos0 w :: cost: 1
    add: (NOT-robot-at card0) (robot-at card1)
    del: (robot-at card0) (NOT-robot-at card1)
start-move-card-west card5 pos0 pos1 card6 pos1 :: cost: 1
    add: (new-headtail-card card5) (next-moving-card card6) (cards-moving) (cards-moving-west)
    del: (card-at card5 pos0 pos1) (NOT-cards-moving) (NOT-cards-moving-west)
start-move-card-west card11 pos0 pos2 card12 pos1 :: cost: 1
    add: (cards-moving) (cards-moving-west) (new-headtail-card card11) (next-moving-card card12)
    del: (card-at card11 pos0 pos2) (NOT-cards-moving) (NOT-cards-moving-west)
start-move-card-west card15 pos0 pos3 card16 pos1 :: cost: 1
    add: (cards-moving) (cards-moving-west) (new-headtail-card card15) (next-moving-card card16)
    del: (card-at card15 pos0 pos3) (NOT-cards-moving) (NOT-cards-moving-west)
start-move-card-west card20 pos0 pos4 card21 pos1 :: cost: 1
    add: (cards-moving) (cards-moving-west) (new-headtail-card card20) (next-moving-card card21)
    del: (card-at card20 pos0 pos4) (NOT-cards-moving) (NOT-cards-moving-west)
start-move-card-east card4 pos4 pos0 card3 pos3 :: cost: 1
    add: (cards-moving) (new-headtail-card card4) (next-moving-card card3) (cards-moving-east)
    del: (card-at card4 pos4 pos0) (NOT-cards-moving) (NOT-cards-moving-east)
start-move-card-east card9 pos4 pos1 card8 pos3 :: cost: 1
    add: (cards-moving) (cards-moving-east) (new-headtail-card card9) (next-moving-card card8)
    del: (card-at card9 pos4 pos1) (NOT-cards-moving) (NOT-cards-moving-east)
start-move-card-east card10 pos4 pos2 card14 pos3 :: cost: 1
    add: (cards-moving) (cards-moving-east) (new-headtail-card card10) (next-moving-card card14)
    del: (card-at card10 pos4 pos2) (NOT-cards-moving) (NOT-cards-moving-east)
start-move-card-east card19 pos4 pos3 card18 pos3 :: cost: 1
    add: (cards-moving) (cards-moving-east) (new-headtail-card card19) (next-moving-card card18)
    del: (card-at card19 pos4 pos3) (NOT-cards-moving) (NOT-cards-moving-east)
start-move-card-east card24 pos4 pos4 card23 pos3 :: cost: 1
    add: (cards-moving) (cards-moving-east) (new-headtail-card card24) (next-moving-card card23)
    del: (card-at card24 pos4 pos4) (NOT-cards-moving) (NOT-cards-moving-east)
start-move-card-north card1 pos1 pos0 card6 pos1 :: cost: 1
    add: (next-moving-card card6) (cards-moving) (new-headtail-card card1) (cards-moving-north)
    del: (card-at card1 pos1 pos0) (NOT-cards-moving) (NOT-cards-moving-north)
start-move-card-north card2 pos2 pos0 card7 pos1 :: cost: 1
    add: (cards-moving) (cards-moving-north) (new-headtail-card card2) (next-moving-card card7)
    del: (card-at card2 pos2 pos0) (NOT-cards-moving) (NOT-cards-moving-north)
start-move-card-north card3 pos3 pos0 card8 pos1 :: cost: 1
    add: (cards-moving) (next-moving-card card8) (cards-moving-north) (new-headtail-card card3)
    del: (card-at card3 pos3 pos0) (NOT-cards-moving) (NOT-cards-moving-north)
start-move-card-north card4 pos4 pos0 card9 pos1 :: cost: 1
    add: (cards-moving) (new-headtail-card card4) (cards-moving-north) (next-moving-card card9)
    del: (card-at card4 pos4 pos0) (NOT-cards-moving) (NOT-cards-moving-north)
start-move-card-south card20 pos0 pos4 card15 pos3 :: cost: 1
    add: (cards-moving) (new-headtail-card card20) (next-moving-card card15) (cards-moving-south)
    del: (card-at card20 pos0 pos4) (NOT-cards-moving) (NOT-cards-moving-south)
start-move-card-south card21 pos1 pos4 card16 pos3 :: cost: 1
    add: (cards-moving) (next-moving-card card16) (cards-moving-south) (new-headtail-card card21)
    del: (card-at card21 pos1 pos4) (NOT-cards-moving) (NOT-cards-moving-south)
start-move-card-south card22 pos2 pos4 card17 pos3 :: cost: 1
    add: (cards-moving) (cards-moving-south) (new-headtail-card card22) (next-moving-card card17)
    del: (card-at card22 pos2 pos4) (NOT-cards-moving) (NOT-cards-moving-south)
start-move-card-south card23 pos3 pos4 card18 pos3 :: cost: 1
    add: (cards-moving) (next-moving-card card18) (cards-moving-south) (new-headtail-card card23)
    del: (card-at card23 pos3 pos4) (NOT-cards-moving) (NOT-cards-moving-south)
start-move-card-south card24 pos4 pos4 card19 pos3 :: cost: 1
    add: (cards-moving) (new-headtail-card card24) (cards-moving-south) (next-moving-card card19)
    del: (card-at card24 pos4 pos4) (NOT-cards-moving) (NOT-cards-moving-south)
Step 1 (card-at card0 pos0 pos0) (card-at card1 pos1 pos0) (card-at card2 pos2 pos0) (card-at card3 pos3 pos0) (card-at card4 pos4 pos0) (card-at card5 pos0 pos1) (card-at card6 pos1 pos1) (card-at card7 pos2 pos1) (card-at card8 pos3 pos1) (card-at card9 pos4 pos1) (card-at card11 pos0 pos2) (card-at card12 pos1 pos2) (card-at card13 pos2 pos2) (card-at card14 pos3 pos2) (card-at card10 pos4 pos2) (card-at card15 pos0 pos3) (card-at card16 pos1 pos3) (card-at card17 pos2 pos3) (card-at card18 pos3 pos3) (card-at card19 pos4 pos3) (card-at card20 pos0 pos4) (card-at card21 pos1 pos4) (card-at card22 pos2 pos4) (card-at card23 pos3 pos4) (card-at card24 pos4 pos4) (NOT-robot-at card2) (NOT-robot-at card3) (NOT-robot-at card4) (NOT-robot-at card5) (NOT-robot-at card6) (NOT-robot-at card7) (NOT-robot-at card8) (NOT-robot-at card9) (NOT-robot-at card10) (NOT-robot-at card11) (NOT-robot-at card12) (NOT-robot-at card13) (NOT-robot-at card14) (NOT-robot-at card15) (NOT-robot-at card16) (NOT-robot-at card17) (NOT-robot-at card18) (NOT-robot-at card19) (NOT-robot-at card20) (NOT-robot-at card21) (NOT-robot-at card22) (NOT-robot-at card23) (NOT-robot-at card24) (NOT-cards-moving) (NOT-cards-moving-west) (NOT-cards-moving-east) (NOT-cards-moving-south) (NOT-cards-moving-north) (NOT-robot-at card0) (robot-at card1)
size: 21
move-west card1 pos1 pos0 w card0 pos0 pos0 e :: cost: 1
    add: (robot-at card0) (NOT-robot-at card1)
    del: (NOT-robot-at card0) (robot-at card1)
move-east card1 pos1 pos0 e card2 pos2 pos0 w :: cost: 1
    add: (NOT-robot-at card1) (robot-at card2)
    del: (NOT-robot-at card2) (robot-at card1)
start-move-card-west card0 pos0 pos0 card1 pos1 :: cost: 1
    add: (cards-moving) (cards-moving-west) (new-headtail-card card0) (next-moving-card card1)
    del: (card-at card0 pos0 pos0) (NOT-cards-moving) (NOT-cards-moving-west)
start-move-card-west card5 pos0 pos1 card6 pos1 :: cost: 1
    add: (new-headtail-card card5) (next-moving-card card6) (cards-moving) (cards-moving-west)
    del: (card-at card5 pos0 pos1) (NOT-cards-moving) (NOT-cards-moving-west)
start-move-card-west card11 pos0 pos2 card12 pos1 :: cost: 1
    add: (cards-moving) (cards-moving-west) (new-headtail-card card11) (next-moving-card card12)
    del: (card-at card11 pos0 pos2) (NOT-cards-moving) (NOT-cards-moving-west)
start-move-card-west card15 pos0 pos3 card16 pos1 :: cost: 1
    add: (cards-moving) (cards-moving-west) (new-headtail-card card15) (next-moving-card card16)
    del: (card-at card15 pos0 pos3) (NOT-cards-moving) (NOT-cards-moving-west)
start-move-card-west card20 pos0 pos4 card21 pos1 :: cost: 1
    add: (cards-moving) (cards-moving-west) (new-headtail-card card20) (next-moving-card card21)
    del: (card-at card20 pos0 pos4) (NOT-cards-moving) (NOT-cards-moving-west)
start-move-card-east card4 pos4 pos0 card3 pos3 :: cost: 1
    add: (cards-moving) (new-headtail-card card4) (next-moving-card card3) (cards-moving-east)
    del: (card-at card4 pos4 pos0) (NOT-cards-moving) (NOT-cards-moving-east)
start-move-card-east card9 pos4 pos1 card8 pos3 :: cost: 1
    add: (cards-moving) (cards-moving-east) (new-headtail-card card9) (next-moving-card card8)
    del: (card-at card9 pos4 pos1) (NOT-cards-moving) (NOT-cards-moving-east)
start-move-card-east card10 pos4 pos2 card14 pos3 :: cost: 1
    add: (cards-moving) (cards-moving-east) (new-headtail-card card10) (next-moving-card card14)
    del: (card-at card10 pos4 pos2) (NOT-cards-moving) (NOT-cards-moving-east)
start-move-card-east card19 pos4 pos3 card18 pos3 :: cost: 1
    add: (cards-moving) (cards-moving-east) (new-headtail-card card19) (next-moving-card card18)
    del: (card-at card19 pos4 pos3) (NOT-cards-moving) (NOT-cards-moving-east)
start-move-card-east card24 pos4 pos4 card23 pos3 :: cost: 1
    add: (cards-moving) (cards-moving-east) (new-headtail-card card24) (next-moving-card card23)
    del: (card-at card24 pos4 pos4) (NOT-cards-moving) (NOT-cards-moving-east)
start-move-card-north card0 pos0 pos0 card5 pos1 :: cost: 1
    add: (cards-moving) (cards-moving-north) (new-headtail-card card0) (next-moving-card card5)
    del: (card-at card0 pos0 pos0) (NOT-cards-moving) (NOT-cards-moving-north)
start-move-card-north card2 pos2 pos0 card7 pos1 :: cost: 1
    add: (cards-moving) (cards-moving-north) (new-headtail-card card2) (next-moving-card card7)
    del: (card-at card2 pos2 pos0) (NOT-cards-moving) (NOT-cards-moving-north)
start-move-card-north card3 pos3 pos0 card8 pos1 :: cost: 1
    add: (cards-moving) (next-moving-card card8) (cards-moving-north) (new-headtail-card card3)
    del: (card-at card3 pos3 pos0) (NOT-cards-moving) (NOT-cards-moving-north)
start-move-card-north card4 pos4 pos0 card9 pos1 :: cost: 1
    add: (cards-moving) (new-headtail-card card4) (cards-moving-north) (next-moving-card card9)
    del: (card-at card4 pos4 pos0) (NOT-cards-moving) (NOT-cards-moving-north)
start-move-card-south card20 pos0 pos4 card15 pos3 :: cost: 1
    add: (cards-moving) (new-headtail-card card20) (next-moving-card card15) (cards-moving-south)
    del: (card-at card20 pos0 pos4) (NOT-cards-moving) (NOT-cards-moving-south)
start-move-card-south card21 pos1 pos4 card16 pos3 :: cost: 1
    add: (cards-moving) (next-moving-card card16) (cards-moving-south) (new-headtail-card card21)
    del: (card-at card21 pos1 pos4) (NOT-cards-moving) (NOT-cards-moving-south)
start-move-card-south card22 pos2 pos4 card17 pos3 :: cost: 1
    add: (cards-moving) (cards-moving-south) (new-headtail-card card22) (next-moving-card card17)
    del: (card-at card22 pos2 pos4) (NOT-cards-moving) (NOT-cards-moving-south)
start-move-card-south card23 pos3 pos4 card18 pos3 :: cost: 1
    add: (cards-moving) (next-moving-card card18) (cards-moving-south) (new-headtail-card card23)
    del: (card-at card23 pos3 pos4) (NOT-cards-moving) (NOT-cards-moving-south)
start-move-card-south card24 pos4 pos4 card19 pos3 :: cost: 1
    add: (cards-moving) (new-headtail-card card24) (cards-moving-south) (next-moving-card card19)
    del: (card-at card24 pos4 pos4) (NOT-cards-moving) (NOT-cards-moving-south)
Step 2 (card-at card0 pos0 pos0) (card-at card1 pos1 pos0) (card-at card2 pos2 pos0) (card-at card3 pos3 pos0) (card-at card4 pos4 pos0) (card-at card5 pos0 pos1) (card-at card6 pos1 pos1) (card-at card7 pos2 pos1) (card-at card8 pos3 pos1) (card-at card9 pos4 pos1) (card-at card11 pos0 pos2) (card-at card12 pos1 pos2) (card-at card13 pos2 pos2) (card-at card14 pos3 pos2) (card-at card10 pos4 pos2) (card-at card15 pos0 pos3) (card-at card16 pos1 pos3) (card-at card17 pos2 pos3) (card-at card18 pos3 pos3) (card-at card19 pos4 pos3) (card-at card20 pos0 pos4) (card-at card21 pos1 pos4) (card-at card22 pos2 pos4) (card-at card23 pos3 pos4) (card-at card24 pos4 pos4) (NOT-robot-at card1) (NOT-robot-at card3) (NOT-robot-at card4) (NOT-robot-at card5) (NOT-robot-at card6) (NOT-robot-at card7) (NOT-robot-at card8) (NOT-robot-at card9) (NOT-robot-at card10) (NOT-robot-at card11) (NOT-robot-at card12) (NOT-robot-at card13) (NOT-robot-at card14) (NOT-robot-at card15) (NOT-robot-at card16) (NOT-robot-at card17) (NOT-robot-at card18) (NOT-robot-at card19) (NOT-robot-at card20) (NOT-robot-at card21) (NOT-robot-at card22) (NOT-robot-at card23) (NOT-robot-at card24) (NOT-cards-moving) (NOT-cards-moving-west) (NOT-cards-moving-east) (NOT-cards-moving-south) (NOT-cards-moving-north) (NOT-robot-at card0) (robot-at card2)
size: 21
move-west card2 pos2 pos0 w card1 pos1 pos0 e :: cost: 1
    add: (NOT-robot-at card2) (robot-at card1)
    del: (NOT-robot-at card1) (robot-at card2)
move-east card2 pos2 pos0 e card3 pos3 pos0 w :: cost: 1
    add: (NOT-robot-at card2) (robot-at card3)
    del: (NOT-robot-at card3) (robot-at card2)
start-move-card-west card0 pos0 pos0 card1 pos1 :: cost: 1
    add: (cards-moving) (cards-moving-west) (new-headtail-card card0) (next-moving-card card1)
    del: (card-at card0 pos0 pos0) (NOT-cards-moving) (NOT-cards-moving-west)
start-move-card-west card5 pos0 pos1 card6 pos1 :: cost: 1
    add: (new-headtail-card card5) (next-moving-card card6) (cards-moving) (cards-moving-west)
    del: (card-at card5 pos0 pos1) (NOT-cards-moving) (NOT-cards-moving-west)
start-move-card-west card11 pos0 pos2 card12 pos1 :: cost: 1
    add: (cards-moving) (cards-moving-west) (new-headtail-card card11) (next-moving-card card12)
    del: (card-at card11 pos0 pos2) (NOT-cards-moving) (NOT-cards-moving-west)
start-move-card-west card15 pos0 pos3 card16 pos1 :: cost: 1
    add: (cards-moving) (cards-moving-west) (new-headtail-card card15) (next-moving-card card16)
    del: (card-at card15 pos0 pos3) (NOT-cards-moving) (NOT-cards-moving-west)
start-move-card-west card20 pos0 pos4 card21 pos1 :: cost: 1
    add: (cards-moving) (cards-moving-west) (new-headtail-card card20) (next-moving-card card21)
    del: (card-at card20 pos0 pos4) (NOT-cards-moving) (NOT-cards-moving-west)
start-move-card-east card4 pos4 pos0 card3 pos3 :: cost: 1
    add: (cards-moving) (new-headtail-card card4) (next-moving-card card3) (cards-moving-east)
    del: (card-at card4 pos4 pos0) (NOT-cards-moving) (NOT-cards-moving-east)
start-move-card-east card9 pos4 pos1 card8 pos3 :: cost: 1
    add: (cards-moving) (cards-moving-east) (new-headtail-card card9) (next-moving-card card8)
    del: (card-at card9 pos4 pos1) (NOT-cards-moving) (NOT-cards-moving-east)
start-move-card-east card10 pos4 pos2 card14 pos3 :: cost: 1
    add: (cards-moving) (cards-moving-east) (new-headtail-card card10) (next-moving-card card14)
    del: (card-at card10 pos4 pos2) (NOT-cards-moving) (NOT-cards-moving-east)
start-move-card-east card19 pos4 pos3 card18 pos3 :: cost: 1
    add: (cards-moving) (cards-moving-east) (new-headtail-card card19) (next-moving-card card18)
    del: (card-at card19 pos4 pos3) (NOT-cards-moving) (NOT-cards-moving-east)
start-move-card-east card24 pos4 pos4 card23 pos3 :: cost: 1
    add: (cards-moving) (cards-moving-east) (new-headtail-card card24) (next-moving-card card23)
    del: (card-at card24 pos4 pos4) (NOT-cards-moving) (NOT-cards-moving-east)
start-move-card-north card0 pos0 pos0 card5 pos1 :: cost: 1
    add: (cards-moving) (cards-moving-north) (new-headtail-card card0) (next-moving-card card5)
    del: (card-at card0 pos0 pos0) (NOT-cards-moving) (NOT-cards-moving-north)
start-move-card-north card1 pos1 pos0 card6 pos1 :: cost: 1
    add: (next-moving-card card6) (cards-moving) (new-headtail-card card1) (cards-moving-north)
    del: (card-at card1 pos1 pos0) (NOT-cards-moving) (NOT-cards-moving-north)
start-move-card-north card3 pos3 pos0 card8 pos1 :: cost: 1
    add: (cards-moving) (next-moving-card card8) (cards-moving-north) (new-headtail-card card3)
    del: (card-at card3 pos3 pos0) (NOT-cards-moving) (NOT-cards-moving-north)
start-move-card-north card4 pos4 pos0 card9 pos1 :: cost: 1
    add: (cards-moving) (new-headtail-card card4) (cards-moving-north) (next-moving-card card9)
    del: (card-at card4 pos4 pos0) (NOT-cards-moving) (NOT-cards-moving-north)
start-move-card-south card20 pos0 pos4 card15 pos3 :: cost: 1
    add: (cards-moving) (new-headtail-card card20) (next-moving-card card15) (cards-moving-south)
    del: (card-at card20 pos0 pos4) (NOT-cards-moving) (NOT-cards-moving-south)
start-move-card-south card21 pos1 pos4 card16 pos3 :: cost: 1
    add: (cards-moving) (next-moving-card card16) (cards-moving-south) (new-headtail-card card21)
    del: (card-at card21 pos1 pos4) (NOT-cards-moving) (NOT-cards-moving-south)
start-move-card-south card22 pos2 pos4 card17 pos3 :: cost: 1
    add: (cards-moving) (cards-moving-south) (new-headtail-card card22) (next-moving-card card17)
    del: (card-at card22 pos2 pos4) (NOT-cards-moving) (NOT-cards-moving-south)
start-move-card-south card23 pos3 pos4 card18 pos3 :: cost: 1
    add: (cards-moving) (next-moving-card card18) (cards-moving-south) (new-headtail-card card23)
    del: (card-at card23 pos3 pos4) (NOT-cards-moving) (NOT-cards-moving-south)
start-move-card-south card24 pos4 pos4 card19 pos3 :: cost: 1
    add: (cards-moving) (new-headtail-card card24) (cards-moving-south) (next-moving-card card19)
    del: (card-at card24 pos4 pos4) (NOT-cards-moving) (NOT-cards-moving-south)
Step 3 (card-at card1 pos1 pos0) (card-at card2 pos2 pos0) (card-at card3 pos3 pos0) (card-at card4 pos4 pos0) (card-at card5 pos0 pos1) (card-at card6 pos1 pos1) (card-at card7 pos2 pos1) (card-at card8 pos3 pos1) (card-at card9 pos4 pos1) (card-at card11 pos0 pos2) (card-at card12 pos1 pos2) (card-at card13 pos2 pos2) (card-at card14 pos3 pos2) (card-at card10 pos4 pos2) (card-at card15 pos0 pos3) (card-at card16 pos1 pos3) (card-at card17 pos2 pos3) (card-at card18 pos3 pos3) (card-at card19 pos4 pos3) (card-at card20 pos0 pos4) (card-at card21 pos1 pos4) (card-at card22 pos2 pos4) (card-at card23 pos3 pos4) (card-at card24 pos4 pos4) (NOT-robot-at card1) (NOT-robot-at card3) (NOT-robot-at card4) (NOT-robot-at card5) (NOT-robot-at card6) (NOT-robot-at card7) (NOT-robot-at card8) (NOT-robot-at card9) (NOT-robot-at card10) (NOT-robot-at card11) (NOT-robot-at card12) (NOT-robot-at card13) (NOT-robot-at card14) (NOT-robot-at card15) (NOT-robot-at card16) (NOT-robot-at card17) (NOT-robot-at card18) (NOT-robot-at card19) (NOT-robot-at card20) (NOT-robot-at card21) (NOT-robot-at card22) (NOT-robot-at card23) (NOT-robot-at card24) (NOT-cards-moving-east) (NOT-cards-moving-south) (NOT-cards-moving-north) (NOT-robot-at card0) (cards-moving) (cards-moving-west) (robot-at card2) (new-headtail-card card0) (next-moving-card card1)
size: 1
move-card-west card1 pos1 pos0 card2 pos2 pos0 :: cost: 0
    add: (card-at card1 pos0 pos0) (next-moving-card card2)
    del: (card-at card1 pos1 pos0) (next-moving-card card1)
Step 4 (card-at card2 pos2 pos0) (card-at card3 pos3 pos0) (card-at card4 pos4 pos0) (card-at card5 pos0 pos1) (card-at card6 pos1 pos1) (card-at card7 pos2 pos1) (card-at card8 pos3 pos1) (card-at card9 pos4 pos1) (card-at card11 pos0 pos2) (card-at card12 pos1 pos2) (card-at card13 pos2 pos2) (card-at card14 pos3 pos2) (card-at card10 pos4 pos2) (card-at card15 pos0 pos3) (card-at card16 pos1 pos3) (card-at card17 pos2 pos3) (card-at card18 pos3 pos3) (card-at card19 pos4 pos3) (card-at card20 pos0 pos4) (card-at card21 pos1 pos4) (card-at card22 pos2 pos4) (card-at card23 pos3 pos4) (card-at card24 pos4 pos4) (NOT-robot-at card1) (NOT-robot-at card3) (NOT-robot-at card4) (NOT-robot-at card5) (NOT-robot-at card6) (NOT-robot-at card7) (NOT-robot-at card8) (NOT-robot-at card9) (NOT-robot-at card10) (NOT-robot-at card11) (NOT-robot-at card12) (NOT-robot-at card13) (NOT-robot-at card14) (NOT-robot-at card15) (NOT-robot-at card16) (NOT-robot-at card17) (NOT-robot-at card18) (NOT-robot-at card19) (NOT-robot-at card20) (NOT-robot-at card21) (NOT-robot-at card22) (NOT-robot-at card23) (NOT-robot-at card24) (NOT-cards-moving-east) (NOT-cards-moving-south) (NOT-cards-moving-north) (NOT-robot-at card0) (cards-moving) (cards-moving-west) (robot-at card2) (new-headtail-card card0) (card-at card1 pos0 pos0) (next-moving-card card2)
size: 0
