Init: (location sheet1 some_feeder_tray) (location sheet2 some_feeder_tray) (location sheet3 some_feeder_tray) (location sheet4 some_feeder_tray) (location sheet5 some_feeder_tray) (notprintedwith sheet1 back black) (notprintedwith sheet1 back color) (notprintedwith sheet1 front black) (notprintedwith sheet1 front color) (notprintedwith sheet2 back black) (notprintedwith sheet2 back color) (notprintedwith sheet2 front black) (notprintedwith sheet2 front color) (notprintedwith sheet3 back black) (notprintedwith sheet3 back color) (notprintedwith sheet3 front black) (notprintedwith sheet3 front color) (notprintedwith sheet4 back black) (notprintedwith sheet4 back color) (notprintedwith sheet4 front black) (notprintedwith sheet4 front color) (notprintedwith sheet5 back black) (notprintedwith sheet5 back color) (notprintedwith sheet5 front black) (notprintedwith sheet5 front color)
Unreachable facts [83/108]:
  (available fe1-rsrc)
  (available hw1-rsrc)
  (available lc1-rsrc)
  (available lime-rsrc)
  (available sys-rsrc)
  (available uc1-rsrc)
  (available uime-rsrc)
  (hasimage sheet1 front image-1)
  (hasimage sheet2 back image-2b)
  (hasimage sheet2 front image-2)
  (hasimage sheet3 front image-3)
  (hasimage sheet4 front image-4)
  (hasimage sheet5 front image-5)
  (location sheet1 fe1_exit-hw1_leftentry)
  (location sheet1 hw1_rightexit-sys_entry)
  (location sheet1 hw1_toprightentry-uc1_exit)
  (location sheet1 lc1_entry-hw1_bottomleftexit)
  (location sheet1 lc1_entryfromime-lime_exit)
  (location sheet1 lc1_exit-hw1_bottomrightentry)
  (location sheet1 lime_entry-lc1_exittoime)
  (location sheet1 some_finisher_tray)
  (location sheet1 uc1_entry-hw1_topleftexit)
  (location sheet1 uc1_exittoime-uime_entry)
  (location sheet1 uime_exit-uc1_entryfromime)
  (location sheet2 fe1_exit-hw1_leftentry)
  (location sheet2 hw1_rightexit-sys_entry)
  (location sheet2 hw1_toprightentry-uc1_exit)
  (location sheet2 lc1_entry-hw1_bottomleftexit)
  (location sheet2 lc1_entryfromime-lime_exit)
  (location sheet2 lc1_exit-hw1_bottomrightentry)
  (location sheet2 lime_entry-lc1_exittoime)
  (location sheet2 some_finisher_tray)
  (location sheet2 uc1_entry-hw1_topleftexit)
  (location sheet2 uc1_exittoime-uime_entry)
  (location sheet2 uime_exit-uc1_entryfromime)
  (location sheet3 fe1_exit-hw1_leftentry)
  (location sheet3 hw1_rightexit-sys_entry)
  (location sheet3 hw1_toprightentry-uc1_exit)
  (location sheet3 lc1_entry-hw1_bottomleftexit)
  (location sheet3 lc1_entryfromime-lime_exit)
  (location sheet3 lc1_exit-hw1_bottomrightentry)
  (location sheet3 lime_entry-lc1_exittoime)
  (location sheet3 some_finisher_tray)
  (location sheet3 uc1_entry-hw1_topleftexit)
  (location sheet3 uc1_exittoime-uime_entry)
  (location sheet3 uime_exit-uc1_entryfromime)
  (location sheet4 fe1_exit-hw1_leftentry)
  (location sheet4 hw1_rightexit-sys_entry)
  (location sheet4 hw1_toprightentry-uc1_exit)
  (location sheet4 lc1_entry-hw1_bottomleftexit)
  (location sheet4 lc1_entryfromime-lime_exit)
  (location sheet4 lc1_exit-hw1_bottomrightentry)
  (location sheet4 lime_entry-lc1_exittoime)
  (location sheet4 some_finisher_tray)
  (location sheet4 uc1_entry-hw1_topleftexit)
  (location sheet4 uc1_exittoime-uime_entry)
  (location sheet4 uime_exit-uc1_entryfromime)
  (location sheet5 fe1_exit-hw1_leftentry)
  (location sheet5 hw1_rightexit-sys_entry)
  (location sheet5 hw1_toprightentry-uc1_exit)
  (location sheet5 lc1_entry-hw1_bottomleftexit)
  (location sheet5 lc1_entryfromime-lime_exit)
  (location sheet5 lc1_exit-hw1_bottomrightentry)
  (location sheet5 lime_entry-lc1_exittoime)
  (location sheet5 uc1_entry-hw1_topleftexit)
  (location sheet5 uc1_exittoime-uime_entry)
  (location sheet5 uime_exit-uc1_entryfromime)
  (sideup sheet1 back)
  (sideup sheet1 front)
  (sideup sheet2 back)
  (sideup sheet2 front)
  (sideup sheet3 back)
  (sideup sheet3 front)
  (sideup sheet4 back)
  (sideup sheet4 front)
  (sideup sheet5 back)
  (sideup sheet5 front)
  (stackedin sheet1 sys_outputtray)
  (stackedin sheet2 sys_outputtray)
  (stackedin sheet3 sys_outputtray)
  (stackedin sheet4 sys_outputtray)
  (stackedin sheet5 sys_outputtray)
  (uninitialized)
Unreachable ops [191/191]:
  (fe1-feedmsi-letter sheet1)
  (fe1-feedmsi-letter sheet2)
  (fe1-feedmsi-letter sheet3)
  (fe1-feedmsi-letter sheet4)
  (fe1-feedmsi-letter sheet5)
  (hw1-bottomrightentrytobottomleftexit-letter sheet1)
  (hw1-bottomrightentrytobottomleftexit-letter sheet2)
  (hw1-bottomrightentrytobottomleftexit-letter sheet3)
  (hw1-bottomrightentrytobottomleftexit-letter sheet4)
  (hw1-bottomrightentrytobottomleftexit-letter sheet5)
  (hw1-bottomrightentrytorightexit-letter sheet1)
  (hw1-bottomrightentrytorightexit-letter sheet2)
  (hw1-bottomrightentrytorightexit-letter sheet3)
  (hw1-bottomrightentrytorightexit-letter sheet4)
  (hw1-bottomrightentrytorightexit-letter sheet5)
  (hw1-bottomrightentrytotopleftexit-letter sheet1)
  (hw1-bottomrightentrytotopleftexit-letter sheet2)
  (hw1-bottomrightentrytotopleftexit-letter sheet3)
  (hw1-bottomrightentrytotopleftexit-letter sheet4)
  (hw1-bottomrightentrytotopleftexit-letter sheet5)
  (hw1-leftentrytobottomleftexit-letter sheet1)
  (hw1-leftentrytobottomleftexit-letter sheet2)
  (hw1-leftentrytobottomleftexit-letter sheet3)
  (hw1-leftentrytobottomleftexit-letter sheet4)
  (hw1-leftentrytobottomleftexit-letter sheet5)
  (hw1-leftentrytotopleftexit-letter sheet1)
  (hw1-leftentrytotopleftexit-letter sheet2)
  (hw1-leftentrytotopleftexit-letter sheet3)
  (hw1-leftentrytotopleftexit-letter sheet4)
  (hw1-leftentrytotopleftexit-letter sheet5)
  (hw1-toprightentrytobottomleftexit-letter sheet1)
  (hw1-toprightentrytobottomleftexit-letter sheet2)
  (hw1-toprightentrytobottomleftexit-letter sheet3)
  (hw1-toprightentrytobottomleftexit-letter sheet4)
  (hw1-toprightentrytobottomleftexit-letter sheet5)
  (hw1-toprightentrytorightexit-letter sheet1)
  (hw1-toprightentrytorightexit-letter sheet2)
  (hw1-toprightentrytorightexit-letter sheet3)
  (hw1-toprightentrytorightexit-letter sheet4)
  (hw1-toprightentrytorightexit-letter sheet5)
  (hw1-toprightentrytotopleftexit-letter sheet1)
  (hw1-toprightentrytotopleftexit-letter sheet2)
  (hw1-toprightentrytotopleftexit-letter sheet3)
  (hw1-toprightentrytotopleftexit-letter sheet4)
  (hw1-toprightentrytotopleftexit-letter sheet5)
  (initialize)
  (lc1-fromime-letter sheet1)
  (lc1-fromime-letter sheet2)
  (lc1-fromime-letter sheet3)
  (lc1-fromime-letter sheet4)
  (lc1-fromime-letter sheet5)
  (lc1-invertfromime-letter sheet1 back front)
  (lc1-invertfromime-letter sheet1 front back)
  (lc1-invertfromime-letter sheet2 back front)
  (lc1-invertfromime-letter sheet2 front back)
  (lc1-invertfromime-letter sheet3 back front)
  (lc1-invertfromime-letter sheet3 front back)
  (lc1-invertfromime-letter sheet4 back front)
  (lc1-invertfromime-letter sheet4 front back)
  (lc1-invertfromime-letter sheet5 back front)
  (lc1-invertfromime-letter sheet5 front back)
  (lc1-inverttoime-letter sheet1 back front)
  (lc1-inverttoime-letter sheet1 front back)
  (lc1-inverttoime-letter sheet2 back front)
  (lc1-inverttoime-letter sheet2 front back)
  (lc1-inverttoime-letter sheet3 back front)
  (lc1-inverttoime-letter sheet3 front back)
  (lc1-inverttoime-letter sheet4 back front)
  (lc1-inverttoime-letter sheet4 front back)
  (lc1-inverttoime-letter sheet5 back front)
  (lc1-inverttoime-letter sheet5 front back)
  (lc1-toime-letter sheet1)
  (lc1-toime-letter sheet2)
  (lc1-toime-letter sheet3)
  (lc1-toime-letter sheet4)
  (lc1-toime-letter sheet5)
  (lime-simplex-letter sheet1 back image-2)
  (lime-simplex-letter sheet1 back image-2b)
  (lime-simplex-letter sheet1 back image-4)
  (lime-simplex-letter sheet1 back image-5)
  (lime-simplex-letter sheet1 front image-2)
  (lime-simplex-letter sheet1 front image-2b)
  (lime-simplex-letter sheet1 front image-4)
  (lime-simplex-letter sheet1 front image-5)
  (lime-simplex-letter sheet2 back image-2)
  (lime-simplex-letter sheet2 back image-2b)
  (lime-simplex-letter sheet2 back image-4)
  (lime-simplex-letter sheet2 back image-5)
  (lime-simplex-letter sheet2 front image-2)
  (lime-simplex-letter sheet2 front image-2b)
  (lime-simplex-letter sheet2 front image-4)
  (lime-simplex-letter sheet2 front image-5)
  (lime-simplex-letter sheet3 back image-2)
  (lime-simplex-letter sheet3 back image-2b)
  (lime-simplex-letter sheet3 back image-4)
  (lime-simplex-letter sheet3 back image-5)
  (lime-simplex-letter sheet3 front image-2)
  (lime-simplex-letter sheet3 front image-2b)
  (lime-simplex-letter sheet3 front image-4)
  (lime-simplex-letter sheet3 front image-5)
  (lime-simplex-letter sheet4 back image-2)
  (lime-simplex-letter sheet4 back image-2b)
  (lime-simplex-letter sheet4 back image-4)
  (lime-simplex-letter sheet4 back image-5)
  (lime-simplex-letter sheet4 front image-2)
  (lime-simplex-letter sheet4 front image-2b)
  (lime-simplex-letter sheet4 front image-4)
  (lime-simplex-letter sheet4 front image-5)
  (lime-simplex-letter sheet5 back image-2)
  (lime-simplex-letter sheet5 back image-2b)
  (lime-simplex-letter sheet5 back image-4)
  (lime-simplex-letter sheet5 back image-5)
  (lime-simplex-letter sheet5 front image-2)
  (lime-simplex-letter sheet5 front image-2b)
  (lime-simplex-letter sheet5 front image-4)
  (lime-simplex-letter sheet5 front image-5)
  (lime-simplexmono-letter sheet1 back image-1)
  (lime-simplexmono-letter sheet1 back image-3)
  (lime-simplexmono-letter sheet1 front image-1)
  (lime-simplexmono-letter sheet1 front image-3)
  (lime-simplexmono-letter sheet2 back image-1)
  (lime-simplexmono-letter sheet2 back image-3)
  (lime-simplexmono-letter sheet2 front image-1)
  (lime-simplexmono-letter sheet2 front image-3)
  (lime-simplexmono-letter sheet3 back image-1)
  (lime-simplexmono-letter sheet3 back image-3)
  (lime-simplexmono-letter sheet3 front image-1)
  (lime-simplexmono-letter sheet3 front image-3)
  (lime-simplexmono-letter sheet4 back image-1)
  (lime-simplexmono-letter sheet4 back image-3)
  (lime-simplexmono-letter sheet4 front image-1)
  (lime-simplexmono-letter sheet4 front image-3)
  (lime-simplexmono-letter sheet5 back image-1)
  (lime-simplexmono-letter sheet5 back image-3)
  (lime-simplexmono-letter sheet5 front image-1)
  (lime-simplexmono-letter sheet5 front image-3)
  (sys-stack-letter sheet1 dummy-sheet)
  (sys-stack-letter sheet2 sheet1)
  (sys-stack-letter sheet3 sheet2)
  (sys-stack-letter sheet4 sheet3)
  (sys-stack-letter sheet5 sheet4)
  (uc1-fromime-letter sheet1)
  (uc1-fromime-letter sheet2)
  (uc1-fromime-letter sheet3)
  (uc1-fromime-letter sheet4)
  (uc1-fromime-letter sheet5)
  (uc1-invertfromime-letter sheet1 back front)
  (uc1-invertfromime-letter sheet1 front back)
  (uc1-invertfromime-letter sheet2 back front)
  (uc1-invertfromime-letter sheet2 front back)
  (uc1-invertfromime-letter sheet3 back front)
  (uc1-invertfromime-letter sheet3 front back)
  (uc1-invertfromime-letter sheet4 back front)
  (uc1-invertfromime-letter sheet4 front back)
  (uc1-invertfromime-letter sheet5 back front)
  (uc1-invertfromime-letter sheet5 front back)
  (uc1-inverttoime-letter sheet1 back front)
  (uc1-inverttoime-letter sheet1 front back)
  (uc1-inverttoime-letter sheet2 back front)
  (uc1-inverttoime-letter sheet2 front back)
  (uc1-inverttoime-letter sheet3 back front)
  (uc1-inverttoime-letter sheet3 front back)
  (uc1-inverttoime-letter sheet4 back front)
  (uc1-inverttoime-letter sheet4 front back)
  (uc1-inverttoime-letter sheet5 back front)
  (uc1-inverttoime-letter sheet5 front back)
  (uc1-toime-letter sheet1)
  (uc1-toime-letter sheet2)
  (uc1-toime-letter sheet3)
  (uc1-toime-letter sheet4)
  (uc1-toime-letter sheet5)
  (uime-simplex-letter sheet1 back image-1)
  (uime-simplex-letter sheet1 back image-3)
  (uime-simplex-letter sheet1 front image-1)
  (uime-simplex-letter sheet1 front image-3)
  (uime-simplex-letter sheet2 back image-1)
  (uime-simplex-letter sheet2 back image-3)
  (uime-simplex-letter sheet2 front image-1)
  (uime-simplex-letter sheet2 front image-3)
  (uime-simplex-letter sheet3 back image-1)
  (uime-simplex-letter sheet3 back image-3)
  (uime-simplex-letter sheet3 front image-1)
  (uime-simplex-letter sheet3 front image-3)
  (uime-simplex-letter sheet4 back image-1)
  (uime-simplex-letter sheet4 back image-3)
  (uime-simplex-letter sheet4 front image-1)
  (uime-simplex-letter sheet4 front image-3)
  (uime-simplex-letter sheet5 back image-1)
  (uime-simplex-letter sheet5 back image-3)
  (uime-simplex-letter sheet5 front image-1)
  (uime-simplex-letter sheet5 front image-3)
