Fact[179]:
  (breaker-ar-status-is-auto_breaker_x11_x12 0-0-0)
  (none-of-those 0-1-1)
  (breaker-state-is-closed_breaker_x11_x12 1-0-2)
  (none-of-those 1-1-3)
  (breaker-state-is-unknown_breaker_x11_x12 2-0-4)
  (none-of-those 2-1-5)
  (breaker-state-is-unknown_breaker_x19_x20 3-0-6)
  (none-of-those 3-1-7)
  (dominates-2_hyp1_count-as-fault_breaker_x17_x18 4-0-8)
  (none-of-those 4-1-9)
  (dominates-2_hyp1_count-as-fault_line_x13_x14 5-0-10)
  (none-of-those 5-1-11)
  (dominates-2_hyp2_count-as-fault_breaker_x17_x18 6-0-12)
  (none-of-those 6-1-13)
  (dominates-2_hyp2_count-as-fault_breaker_x19_x20 7-0-14)
  (none-of-those 7-1-15)
  (dominates-2_hyp3_count-as-fault_breaker_x19_x20 8-0-16)
  (none-of-those 8-1-17)
  (dominates-2_hyp3_count-as-fault_line_x15_x16 9-0-18)
  (none-of-those 9-1-19)
  (line-iso-state-may-have-changed_line_x13_x14_obs1410 10-0-20)
  (none-of-those 10-1-21)
  (line-iso-state-may-have-changed_line_x13_x14_obs1412 11-0-22)
  (none-of-those 11-1-23)
  (line-iso-state-may-have-changed_line_x15_x16_obs1407 12-0-24)
  (none-of-those 12-1-25)
  (fault-count-2_count-as-fault_line_x13_x14_n0 13-0-26)
  (fault-count-2_count-as-fault_line_x13_x14_n1 13-1-27)
  (line-iso-trip-in-progress_line_x13_x14_obs1410 13-2-28)
  (line-iso-trip-in-progress_line_x13_x14_obs1412 13-3-29)
  (none-of-those 13-4-30)
  (breaker-ar-status-is-auto_breaker_x17_x18 14-0-31)
  (breaker-ar-status-is-non-auto_breaker_x17_x18 14-1-32)
  (breaker-ar-status-is-unknown_breaker_x17_x18 14-2-33)
  (breaker-ar-status-is-auto_breaker_x19_x20 15-0-34)
  (breaker-ar-status-is-non-auto_breaker_x19_x20 15-1-35)
  (breaker-ar-status-is-unknown_breaker_x19_x20 15-2-36)
  (breaker-auto-reclose-wait_breaker_x19_x20_obs1412 16-0-37)
  (future_obs1412 16-1-38)
  (pending_obs1412 16-2-39)
  (none-of-those 16-3-40)
  (breaker-commanded-ar-non-auto_breaker_x7_x8_obs1401 17-0-41)
  (future_obs1401 17-1-42)
  (pending_obs1401 17-2-43)
  (breaker-commanded-ar-non-auto_breaker_x9_x10_obs1402 18-0-44)
  (future_obs1402 18-1-45)
  (pending_obs1402 18-2-46)
  (breaker-commanded-open_breaker_x11_x12_obs1406 19-0-47)
  (future_obs1406 19-1-48)
  (pending_obs1406 19-2-49)
  (breaker-state-is-closed_breaker_x17_x18 20-0-50)
  (breaker-state-is-open_breaker_x17_x18 20-1-51)
  (breaker-state-is-unknown_breaker_x17_x18 20-2-52)
  (breaker-state-is-closed_breaker_x5_x6 21-0-53)
  (breaker-state-is-open_breaker_x5_x6 21-1-54)
  (breaker-state-is-unknown_breaker_x5_x6 21-2-55)
  (fault-count-2_count-as-fault_breaker_x11_x12_n1 22-0-56)
  (future_obs1400 22-1-57)
  (pending_obs1400 22-2-58)
  (none-of-those 22-3-59)
  (future_obs1403 23-0-60)
  (observed_obs1403 23-1-61)
  (pending_obs1403 23-2-62)
  (future_obs1404 24-0-63)
  (observed_obs1404 24-1-64)
  (pending_obs1404 24-2-65)
  (future_obs1405 25-0-66)
  (observed_obs1405 25-1-67)
  (pending_obs1405 25-2-68)
  (future_obs1407 26-0-69)
  (line-iso-trip-in-progress_line_x15_x16_obs1407 26-1-70)
  (pending_obs1407 26-2-71)
  (none-of-those 26-3-72)
  (future_obs1408 27-0-73)
  (observed_obs1408 27-1-74)
  (pending_obs1408 27-2-75)
  (future_obs1409 28-0-76)
  (observed_obs1409 28-1-77)
  (pending_obs1409 28-2-78)
  (future_obs1410 29-0-79)
  (observed_obs1410 29-1-80)
  (pending_obs1410 29-2-81)
  (future_obs1411 30-0-82)
  (observed_obs1411 30-1-83)
  (pending_obs1411 30-2-84)
  (future_obs1413 31-0-85)
  (observed_obs1413 31-1-86)
  (pending_obs1413 31-2-87)
  (future_obs1414 32-0-88)
  (observed_obs1414 32-1-89)
  (pending_obs1414 32-2-90)
  (future_obs1415 33-0-91)
  (line-iso-state-may-have-changed_line_x15_x16_obs1415 33-1-92)
  (pending_obs1415 33-2-93)
  (future_obs1416 34-0-94)
  (line-iso-state-may-have-changed_line_x13_x14_obs1416 34-1-95)
  (pending_obs1416 34-2-96)
  (future_obs1417 35-0-97)
  (observed_obs1417 35-1-98)
  (pending_obs1417 35-2-99)
  (achieved_constraint0 36-0-100)
  (not_at_end_constraint0 36-1-101)
  (achieved_constraint1 37-0-102)
  (not_at_end_constraint1 37-1-103)
  (achieved_constraint2 38-0-104)
  (not_at_end_constraint2 38-1-105)
  (breaker-commanded-open_breaker_x19_x20_obs1398 39-0-106)
  (pending_obs1398 39-1-107)
  (breaker-state-is-open_breaker_x22_x23 40-0-108)
  (breaker-state-is-unknown_breaker_x22_x23 40-1-109)
  (none-of-those 40-2-110)
  (breaker-state-is-open_breaker_x26_x27 41-0-111)
  (breaker-state-is-unknown_breaker_x26_x27 41-1-112)
  (none-of-those 41-2-113)
  (breaker-state-is-open_breaker_x28_x29 42-0-114)
  (breaker-state-is-unknown_breaker_x28_x29 42-1-115)
  (none-of-those 42-2-116)
  (fault-count-2_count-as-fault_breaker_x11_x12_n0 43-0-117)
  (observed_obs1400 43-1-118)
  (fault-count-2_count-as-fault_breaker_x19_x20_n0 44-0-119)
  (fault-count-2_count-as-fault_breaker_x19_x20_n1 44-1-120)
  (none-of-those 44-2-121)
  (fault-count-2_count-as-fault_breaker_x5_x6_n0 45-0-122)
  (observed_obs1415 45-1-123)
  (fault-count-2_count-as-fault_line_x15_x16_n0 46-0-124)
  (fault-count-2_count-as-fault_line_x15_x16_n1 46-1-125)
  (none-of-those 46-2-126)
  (observed_obs1399 47-0-127)
  (pending_obs1399 47-1-128)
  (breaker-ar-status-is-unknown_breaker_x11_x12 48-0-129)
  (none-of-those 48-1-130)
  (fault-count-2_count-as-fault_breaker_x17_x18_n0 49-0-131)
  (none-of-those 49-1-132)
  (fault-count-2_count-as-fault_breaker_x3_x4_n0 50-0-133)
  (none-of-those 50-1-134)
  (fault-count-2_count-as-fault_breaker_x7_x8_n0 51-0-135)
  (none-of-those 51-1-136)
  (fault-count-2_count-as-fault_breaker_x9_x10_n0 52-0-137)
  (none-of-those 52-1-138)
  (fault-count-2_count-as-fault_bus_x21_n0 53-0-139)
  (none-of-those 53-1-140)
  (observed_obs1398 54-0-141)
  (none-of-those 54-1-142)
  (observed_obs1401 55-0-143)
  (none-of-those 55-1-144)
  (observed_obs1402 56-0-145)
  (none-of-those 56-1-146)
  (observed_obs1406 57-0-147)
  (none-of-those 57-1-148)
  (observed_obs1407 58-0-149)
  (none-of-those 58-1-150)
  (observed_obs1412 59-0-151)
  (none-of-those 59-1-152)
  (observed_obs1416 60-0-153)
  (none-of-those 60-1-154)
  (breaker-ar-status-is-non-auto_breaker_x11_x12 61-0-155)
  (none-of-those 61-1-156)
  (breaker-state-is-closed_breaker_x19_x20 62-0-157)
  (none-of-those 62-1-158)
  (breaker-state-is-open_breaker_x11_x12 63-0-159)
  (none-of-those 63-1-160)
  (breaker-state-is-open_breaker_x19_x20 64-0-161)
  (none-of-those 64-1-162)
  (line-iso-state-changed_line_x15_x16_obs1407 65-0-163)
  (none-of-those 65-1-164)
  (line-isolated_line_x13_x14 66-0-165)
  (none-of-those 66-1-166)
  (line-isolated_line_x15_x16 67-0-167)
  (none-of-those 67-1-168)
  (not_line-iso-trip-in-progress_line_x13_x14_obs1410 68-0-169)
  (none-of-those 68-1-170)
  (not_line-iso-trip-in-progress_line_x13_x14_obs1412 69-0-171)
  (none-of-those 69-1-172)
  (not_line-iso-trip-in-progress_line_x15_x16_obs1407 70-0-173)
  (none-of-those 70-1-174)
  (not_line-isolated_line_x13_x14 71-0-175)
  (none-of-those 71-1-176)
  (not_line-isolated_line_x15_x16 72-0-177)
  (none-of-those 72-1-178)
Op[93]:
  (advance-to-obs_obs1400), cost: 1
    pre: (future_obs1400 22-1-57) (not_at_end_constraint0 36-1-101) (not_at_end_constraint1 37-1-103) (not_at_end_constraint2 38-1-105) (observed_obs1399 47-0-127) (observed_obs1398 54-0-141)
    add: (pending_obs1400 22-2-58)
    del: (future_obs1400 22-1-57)
  (advance-to-obs_obs1401), cost: 1
    pre: (future_obs1401 17-1-42) (not_at_end_constraint0 36-1-101) (not_at_end_constraint1 37-1-103) (not_at_end_constraint2 38-1-105) (observed_obs1400 43-1-118)
    add: (pending_obs1401 17-2-43)
    del: (future_obs1401 17-1-42)
  (advance-to-obs_obs1402), cost: 1
    pre: (future_obs1402 18-1-45) (not_at_end_constraint0 36-1-101) (not_at_end_constraint1 37-1-103) (not_at_end_constraint2 38-1-105) (observed_obs1400 43-1-118)
    add: (pending_obs1402 18-2-46)
    del: (future_obs1402 18-1-45)
  (advance-to-obs_obs1403), cost: 1
    pre: (future_obs1403 23-0-60) (not_at_end_constraint0 36-1-101) (not_at_end_constraint1 37-1-103) (not_at_end_constraint2 38-1-105) (observed_obs1401 55-0-143) (observed_obs1402 56-0-145)
    add: (pending_obs1403 23-2-62)
    del: (future_obs1403 23-0-60)
  (advance-to-obs_obs1404), cost: 1
    pre: (observed_obs1403 23-1-61) (future_obs1404 24-0-63) (not_at_end_constraint0 36-1-101) (not_at_end_constraint1 37-1-103) (not_at_end_constraint2 38-1-105)
    add: (pending_obs1404 24-2-65)
    del: (future_obs1404 24-0-63)
  (advance-to-obs_obs1405), cost: 1
    pre: (observed_obs1404 24-1-64) (future_obs1405 25-0-66) (not_at_end_constraint0 36-1-101) (not_at_end_constraint1 37-1-103) (not_at_end_constraint2 38-1-105)
    add: (pending_obs1405 25-2-68)
    del: (future_obs1405 25-0-66)
  (advance-to-obs_obs1406), cost: 1
    pre: (future_obs1406 19-1-48) (observed_obs1405 25-1-67) (not_at_end_constraint0 36-1-101) (not_at_end_constraint1 37-1-103) (not_at_end_constraint2 38-1-105)
    add: (pending_obs1406 19-2-49)
    del: (future_obs1406 19-1-48)
  (advance-to-obs_obs1407), cost: 1
    pre: (future_obs1407 26-0-69) (not_at_end_constraint0 36-1-101) (not_at_end_constraint1 37-1-103) (not_at_end_constraint2 38-1-105) (observed_obs1406 57-0-147)
    add: (pending_obs1407 26-2-71)
    del: (future_obs1407 26-0-69)
  (advance-to-obs_obs1408), cost: 1
    pre: (future_obs1408 27-0-73) (not_at_end_constraint0 36-1-101) (not_at_end_constraint1 37-1-103) (not_at_end_constraint2 38-1-105) (observed_obs1407 58-0-149)
    add: (pending_obs1408 27-2-75)
    del: (future_obs1408 27-0-73)
  (advance-to-obs_obs1409), cost: 1
    pre: (observed_obs1408 27-1-74) (future_obs1409 28-0-76) (not_at_end_constraint0 36-1-101) (not_at_end_constraint1 37-1-103) (not_at_end_constraint2 38-1-105) (not_line-iso-trip-in-progress_line_x15_x16_obs1407 70-0-173)
    add: (pending_obs1409 28-2-78)
    del: (future_obs1409 28-0-76)
  (advance-to-obs_obs1410), cost: 1
    pre: (observed_obs1409 28-1-77) (future_obs1410 29-0-79) (not_at_end_constraint0 36-1-101) (not_at_end_constraint1 37-1-103) (not_at_end_constraint2 38-1-105)
    add: (pending_obs1410 29-2-81)
    del: (future_obs1410 29-0-79)
  (advance-to-obs_obs1411), cost: 1
    pre: (observed_obs1410 29-1-80) (future_obs1411 30-0-82) (not_at_end_constraint0 36-1-101) (not_at_end_constraint1 37-1-103) (not_at_end_constraint2 38-1-105) (not_line-iso-trip-in-progress_line_x13_x14_obs1410 68-0-169)
    add: (pending_obs1411 30-2-84)
    del: (future_obs1411 30-0-82)
  (advance-to-obs_obs1412), cost: 1
    pre: (future_obs1412 16-1-38) (observed_obs1410 29-1-80) (not_at_end_constraint0 36-1-101) (not_at_end_constraint1 37-1-103) (not_at_end_constraint2 38-1-105) (not_line-iso-trip-in-progress_line_x13_x14_obs1410 68-0-169)
    add: (pending_obs1412 16-2-39)
    del: (future_obs1412 16-1-38)
  (advance-to-obs_obs1413), cost: 1
    pre: (observed_obs1410 29-1-80) (future_obs1413 31-0-85) (not_at_end_constraint0 36-1-101) (not_at_end_constraint1 37-1-103) (not_at_end_constraint2 38-1-105) (not_line-iso-trip-in-progress_line_x13_x14_obs1410 68-0-169)
    add: (pending_obs1413 31-2-87)
    del: (future_obs1413 31-0-85)
  (advance-to-obs_obs1414), cost: 1
    pre: (observed_obs1411 30-1-83) (observed_obs1413 31-1-86) (future_obs1414 32-0-88) (not_at_end_constraint0 36-1-101) (not_at_end_constraint1 37-1-103) (not_at_end_constraint2 38-1-105) (observed_obs1412 59-0-151) (not_line-iso-trip-in-progress_line_x13_x14_obs1412 69-0-171)
    add: (pending_obs1414 32-2-90)
    del: (future_obs1414 32-0-88)
  (advance-to-obs_obs1415), cost: 1
    pre: (observed_obs1414 32-1-89) (future_obs1415 33-0-91) (not_at_end_constraint0 36-1-101) (not_at_end_constraint1 37-1-103) (not_at_end_constraint2 38-1-105)
    add: (none-of-those 12-1-25) (pending_obs1415 33-2-93) (none-of-those 65-1-164)
    del: (line-iso-state-may-have-changed_line_x15_x16_obs1407 12-0-24) (future_obs1415 33-0-91) (line-iso-state-changed_line_x15_x16_obs1407 65-0-163)
  (advance-to-obs_obs1416), cost: 1
    pre: (future_obs1416 34-0-94) (not_at_end_constraint0 36-1-101) (not_at_end_constraint1 37-1-103) (not_at_end_constraint2 38-1-105) (observed_obs1415 45-1-123)
    add: (none-of-those 10-1-21) (pending_obs1416 34-2-96)
    del: (line-iso-state-may-have-changed_line_x13_x14_obs1410 10-0-20) (future_obs1416 34-0-94)
  (advance-to-obs_obs1417), cost: 1
    pre: (future_obs1417 35-0-97) (not_at_end_constraint0 36-1-101) (not_at_end_constraint1 37-1-103) (not_at_end_constraint2 38-1-105) (observed_obs1416 60-0-153)
    add: (none-of-those 11-1-23) (pending_obs1417 35-2-99)
    del: (line-iso-state-may-have-changed_line_x13_x14_obs1412 11-0-22) (future_obs1417 35-0-97)
  (breaker-ar-status-non-auto-1_breaker_x7_x8_obs1403_obs1401), cost: 1
    pre: (breaker-commanded-ar-non-auto_breaker_x7_x8_obs1401 17-0-41) (pending_obs1403 23-2-62) (not_at_end_constraint0 36-1-101) (not_at_end_constraint1 37-1-103) (not_at_end_constraint2 38-1-105)
    add: (observed_obs1403 23-1-61)
    del: (pending_obs1403 23-2-62)
  (breaker-ar-status-non-auto-1_breaker_x9_x10_obs1404_obs1402), cost: 1
    pre: (breaker-commanded-ar-non-auto_breaker_x9_x10_obs1402 18-0-44) (pending_obs1404 24-2-65) (not_at_end_constraint0 36-1-101) (not_at_end_constraint1 37-1-103) (not_at_end_constraint2 38-1-105)
    add: (observed_obs1404 24-1-64)
    del: (pending_obs1404 24-2-65)
  (breaker-ar-status-non-auto-unexplained-1_breaker_x11_x12_obs1400_n0_n1), cost: 1
    pre: (pending_obs1400 22-2-58) (not_at_end_constraint0 36-1-101) (not_at_end_constraint1 37-1-103) (not_at_end_constraint2 38-1-105) (fault-count-2_count-as-fault_breaker_x11_x12_n0 43-0-117)
    add: (none-of-those 0-1-1) (fault-count-2_count-as-fault_breaker_x11_x12_n1 22-0-56) (observed_obs1400 43-1-118) (breaker-ar-status-is-non-auto_breaker_x11_x12 61-0-155)
    del: (breaker-ar-status-is-auto_breaker_x11_x12 0-0-0) (pending_obs1400 22-2-58) (fault-count-2_count-as-fault_breaker_x11_x12_n0 43-0-117) (none-of-those 61-1-156)
  (breaker-ar-status-non-auto-unexplained-1_breaker_x3_x4_obs1408_n0_n1), cost: 1
    pre: (pending_obs1408 27-2-75) (not_at_end_constraint0 36-1-101) (not_at_end_constraint1 37-1-103) (not_at_end_constraint2 38-1-105) (fault-count-2_count-as-fault_breaker_x3_x4_n0 50-0-133)
    add: (observed_obs1408 27-1-74) (none-of-those 50-1-134)
    del: (pending_obs1408 27-2-75) (fault-count-2_count-as-fault_breaker_x3_x4_n0 50-0-133)
  (breaker-ar-status-non-auto-unexplained-1_breaker_x7_x8_obs1403_n0_n1), cost: 1
    pre: (pending_obs1403 23-2-62) (not_at_end_constraint0 36-1-101) (not_at_end_constraint1 37-1-103) (not_at_end_constraint2 38-1-105) (fault-count-2_count-as-fault_breaker_x7_x8_n0 51-0-135)
    add: (observed_obs1403 23-1-61) (none-of-those 51-1-136)
    del: (pending_obs1403 23-2-62) (fault-count-2_count-as-fault_breaker_x7_x8_n0 51-0-135)
  (breaker-ar-status-non-auto-unexplained-1_breaker_x9_x10_obs1404_n0_n1), cost: 1
    pre: (pending_obs1404 24-2-65) (not_at_end_constraint0 36-1-101) (not_at_end_constraint1 37-1-103) (not_at_end_constraint2 38-1-105) (fault-count-2_count-as-fault_breaker_x9_x10_n0 52-0-137)
    add: (observed_obs1404 24-1-64) (none-of-those 52-1-138)
    del: (pending_obs1404 24-2-65) (fault-count-2_count-as-fault_breaker_x9_x10_n0 52-0-137)
  (breaker-close-unexplained_breaker_x19_x20_obs1416_n0_n1), cost: 1
    pre: (pending_obs1416 34-2-96) (not_at_end_constraint0 36-1-101) (not_at_end_constraint1 37-1-103) (not_at_end_constraint2 38-1-105) (fault-count-2_count-as-fault_breaker_x19_x20_n0 44-0-119) (breaker-state-is-open_breaker_x19_x20 64-0-161)
    add: (none-of-those 7-1-15) (none-of-those 8-1-17) (line-iso-state-may-have-changed_line_x13_x14_obs1416 34-1-95) (fault-count-2_count-as-fault_breaker_x19_x20_n1 44-1-120) (observed_obs1416 60-0-153) (breaker-state-is-closed_breaker_x19_x20 62-0-157) (none-of-those 64-1-162)
    del: (dominates-2_hyp2_count-as-fault_breaker_x19_x20 7-0-14) (dominates-2_hyp3_count-as-fault_breaker_x19_x20 8-0-16) (pending_obs1416 34-2-96) (fault-count-2_count-as-fault_breaker_x19_x20_n0 44-0-119) (none-of-those 60-1-154) (none-of-those 62-1-158) (breaker-state-is-open_breaker_x19_x20 64-0-161)
  (breaker-close-unexplained_breaker_x19_x20_obs1416_n1_n2), cost: 1
    pre: (pending_obs1416 34-2-96) (not_at_end_constraint0 36-1-101) (not_at_end_constraint1 37-1-103) (not_at_end_constraint2 38-1-105) (fault-count-2_count-as-fault_breaker_x19_x20_n1 44-1-120) (breaker-state-is-open_breaker_x19_x20 64-0-161)
    add: (line-iso-state-may-have-changed_line_x13_x14_obs1416 34-1-95) (none-of-those 44-2-121) (observed_obs1416 60-0-153) (breaker-state-is-closed_breaker_x19_x20 62-0-157) (none-of-those 64-1-162)
    del: (pending_obs1416 34-2-96) (fault-count-2_count-as-fault_breaker_x19_x20_n1 44-1-120) (none-of-those 60-1-154) (none-of-those 62-1-158) (breaker-state-is-open_breaker_x19_x20 64-0-161)
  (breaker-close-unexplained_breaker_x5_x6_obs1415_n0_n1), cost: 1
    pre: (breaker-state-is-open_breaker_x5_x6 21-1-54) (pending_obs1415 33-2-93) (not_at_end_constraint0 36-1-101) (not_at_end_constraint1 37-1-103) (not_at_end_constraint2 38-1-105) (fault-count-2_count-as-fault_breaker_x5_x6_n0 45-0-122)
    add: (breaker-state-is-closed_breaker_x5_x6 21-0-53) (line-iso-state-may-have-changed_line_x15_x16_obs1415 33-1-92) (observed_obs1415 45-1-123)
    del: (breaker-state-is-open_breaker_x5_x6 21-1-54) (pending_obs1415 33-2-93) (fault-count-2_count-as-fault_breaker_x5_x6_n0 45-0-122)
  (breaker-command-ar-non-auto-1_breaker_x11_x12_obs1411), cost: 1
    pre: (pending_obs1411 30-2-84) (not_at_end_constraint0 36-1-101) (not_at_end_constraint1 37-1-103) (not_at_end_constraint2 38-1-105)
    add: (observed_obs1411 30-1-83)
    del: (pending_obs1411 30-2-84)
  (breaker-command-ar-non-auto-1_breaker_x1_x2_obs1417), cost: 1
    pre: (pending_obs1417 35-2-99) (not_at_end_constraint0 36-1-101) (not_at_end_constraint1 37-1-103) (not_at_end_constraint2 38-1-105)
    add: (observed_obs1417 35-1-98)
    del: (pending_obs1417 35-2-99)
  (breaker-command-ar-non-auto-1_breaker_x7_x8_obs1401), cost: 1
    pre: (pending_obs1401 17-2-43) (not_at_end_constraint0 36-1-101) (not_at_end_constraint1 37-1-103) (not_at_end_constraint2 38-1-105)
    add: (breaker-commanded-ar-non-auto_breaker_x7_x8_obs1401 17-0-41) (observed_obs1401 55-0-143)
    del: (pending_obs1401 17-2-43) (none-of-those 55-1-144)
  (breaker-command-ar-non-auto-1_breaker_x9_x10_obs1402), cost: 1
    pre: (pending_obs1402 18-2-46) (not_at_end_constraint0 36-1-101) (not_at_end_constraint1 37-1-103) (not_at_end_constraint2 38-1-105)
    add: (breaker-commanded-ar-non-auto_breaker_x9_x10_obs1402 18-0-44) (observed_obs1402 56-0-145)
    del: (pending_obs1402 18-2-46) (none-of-those 56-1-146)
  (breaker-command-open_breaker_x11_x12_obs1406), cost: 1
    pre: (pending_obs1406 19-2-49) (not_at_end_constraint0 36-1-101) (not_at_end_constraint1 37-1-103) (not_at_end_constraint2 38-1-105)
    add: (breaker-commanded-open_breaker_x11_x12_obs1406 19-0-47) (observed_obs1406 57-0-147)
    del: (pending_obs1406 19-2-49) (none-of-those 57-1-148)
  (breaker-command-open_breaker_x19_x20_obs1398), cost: 1
    pre: (not_at_end_constraint0 36-1-101) (not_at_end_constraint1 37-1-103) (not_at_end_constraint2 38-1-105) (pending_obs1398 39-1-107)
    add: (breaker-commanded-open_breaker_x19_x20_obs1398 39-0-106) (observed_obs1398 54-0-141)
    del: (pending_obs1398 39-1-107) (none-of-those 54-1-142)
  (breaker-command-open_breaker_x7_x8_obs1405), cost: 1
    pre: (pending_obs1405 25-2-68) (not_at_end_constraint0 36-1-101) (not_at_end_constraint1 37-1-103) (not_at_end_constraint2 38-1-105)
    add: (observed_obs1405 25-1-67)
    del: (pending_obs1405 25-2-68)
  (breaker-command-open_breaker_x9_x10_obs1414), cost: 1
    pre: (pending_obs1414 32-2-90) (not_at_end_constraint0 36-1-101) (not_at_end_constraint1 37-1-103) (not_at_end_constraint2 38-1-105)
    add: (observed_obs1414 32-1-89)
    del: (pending_obs1414 32-2-90)
  (breaker-init-ar-status-was-auto_breaker_x11_x12), cost: 1
    pre: (not_at_end_constraint0 36-1-101) (not_at_end_constraint1 37-1-103) (not_at_end_constraint2 38-1-105) (breaker-ar-status-is-unknown_breaker_x11_x12 48-0-129)
    add: (breaker-ar-status-is-auto_breaker_x11_x12 0-0-0) (none-of-those 48-1-130)
    del: (none-of-those 0-1-1) (breaker-ar-status-is-unknown_breaker_x11_x12 48-0-129)
  (breaker-init-ar-status-was-auto_breaker_x17_x18), cost: 1
    pre: (breaker-ar-status-is-unknown_breaker_x17_x18 14-2-33) (not_at_end_constraint0 36-1-101) (not_at_end_constraint1 37-1-103) (not_at_end_constraint2 38-1-105)
    add: (breaker-ar-status-is-auto_breaker_x17_x18 14-0-31)
    del: (breaker-ar-status-is-unknown_breaker_x17_x18 14-2-33)
  (breaker-init-ar-status-was-auto_breaker_x19_x20), cost: 1
    pre: (breaker-ar-status-is-unknown_breaker_x19_x20 15-2-36) (not_at_end_constraint0 36-1-101) (not_at_end_constraint1 37-1-103) (not_at_end_constraint2 38-1-105)
    add: (breaker-ar-status-is-auto_breaker_x19_x20 15-0-34)
    del: (breaker-ar-status-is-unknown_breaker_x19_x20 15-2-36)
  (breaker-init-ar-status-was-non-auto_breaker_x11_x12), cost: 1
    pre: (not_at_end_constraint0 36-1-101) (not_at_end_constraint1 37-1-103) (not_at_end_constraint2 38-1-105) (breaker-ar-status-is-unknown_breaker_x11_x12 48-0-129)
    add: (none-of-those 48-1-130) (breaker-ar-status-is-non-auto_breaker_x11_x12 61-0-155)
    del: (breaker-ar-status-is-unknown_breaker_x11_x12 48-0-129) (none-of-those 61-1-156)
  (breaker-init-ar-status-was-non-auto_breaker_x17_x18), cost: 1
    pre: (breaker-ar-status-is-unknown_breaker_x17_x18 14-2-33) (not_at_end_constraint0 36-1-101) (not_at_end_constraint1 37-1-103) (not_at_end_constraint2 38-1-105)
    add: (breaker-ar-status-is-non-auto_breaker_x17_x18 14-1-32)
    del: (breaker-ar-status-is-unknown_breaker_x17_x18 14-2-33)
  (breaker-init-ar-status-was-non-auto_breaker_x19_x20), cost: 1
    pre: (breaker-ar-status-is-unknown_breaker_x19_x20 15-2-36) (not_at_end_constraint0 36-1-101) (not_at_end_constraint1 37-1-103) (not_at_end_constraint2 38-1-105)
    add: (breaker-ar-status-is-non-auto_breaker_x19_x20 15-1-35)
    del: (breaker-ar-status-is-unknown_breaker_x19_x20 15-2-36)
  (breaker-init-state-was-closed_breaker_x11_x12), cost: 1
    pre: (breaker-state-is-unknown_breaker_x11_x12 2-0-4) (not_at_end_constraint0 36-1-101) (not_at_end_constraint1 37-1-103) (not_at_end_constraint2 38-1-105)
    add: (breaker-state-is-closed_breaker_x11_x12 1-0-2) (none-of-those 2-1-5)
    del: (none-of-those 1-1-3) (breaker-state-is-unknown_breaker_x11_x12 2-0-4)
  (breaker-init-state-was-closed_breaker_x17_x18), cost: 1
    pre: (breaker-state-is-unknown_breaker_x17_x18 20-2-52) (not_at_end_constraint0 36-1-101) (not_at_end_constraint1 37-1-103) (not_at_end_constraint2 38-1-105)
    add: (breaker-state-is-closed_breaker_x17_x18 20-0-50)
    del: (breaker-state-is-unknown_breaker_x17_x18 20-2-52)
  (breaker-init-state-was-closed_breaker_x19_x20), cost: 1
    pre: (breaker-state-is-unknown_breaker_x19_x20 3-0-6) (not_at_end_constraint0 36-1-101) (not_at_end_constraint1 37-1-103) (not_at_end_constraint2 38-1-105)
    add: (none-of-those 3-1-7) (breaker-state-is-closed_breaker_x19_x20 62-0-157)
    del: (breaker-state-is-unknown_breaker_x19_x20 3-0-6) (none-of-those 62-1-158)
  (breaker-init-state-was-closed_breaker_x22_x23), cost: 1
    pre: (not_at_end_constraint0 36-1-101) (not_at_end_constraint1 37-1-103) (not_at_end_constraint2 38-1-105) (breaker-state-is-unknown_breaker_x22_x23 40-1-109)
    add: (none-of-those 40-2-110)
    del: (breaker-state-is-unknown_breaker_x22_x23 40-1-109)
  (breaker-init-state-was-closed_breaker_x26_x27), cost: 1
    pre: (not_at_end_constraint0 36-1-101) (not_at_end_constraint1 37-1-103) (not_at_end_constraint2 38-1-105) (breaker-state-is-unknown_breaker_x26_x27 41-1-112)
    add: (none-of-those 41-2-113)
    del: (breaker-state-is-unknown_breaker_x26_x27 41-1-112)
  (breaker-init-state-was-closed_breaker_x28_x29), cost: 1
    pre: (not_at_end_constraint0 36-1-101) (not_at_end_constraint1 37-1-103) (not_at_end_constraint2 38-1-105) (breaker-state-is-unknown_breaker_x28_x29 42-1-115)
    add: (none-of-those 42-2-116)
    del: (breaker-state-is-unknown_breaker_x28_x29 42-1-115)
  (breaker-init-state-was-closed_breaker_x5_x6), cost: 1
    pre: (breaker-state-is-unknown_breaker_x5_x6 21-2-55) (not_at_end_constraint0 36-1-101) (not_at_end_constraint1 37-1-103) (not_at_end_constraint2 38-1-105)
    add: (breaker-state-is-closed_breaker_x5_x6 21-0-53)
    del: (breaker-state-is-unknown_breaker_x5_x6 21-2-55)
  (breaker-init-state-was-open_breaker_x11_x12), cost: 1
    pre: (breaker-state-is-unknown_breaker_x11_x12 2-0-4) (not_at_end_constraint0 36-1-101) (not_at_end_constraint1 37-1-103) (not_at_end_constraint2 38-1-105)
    add: (none-of-those 2-1-5) (breaker-state-is-open_breaker_x11_x12 63-0-159)
    del: (breaker-state-is-unknown_breaker_x11_x12 2-0-4) (none-of-those 63-1-160)
  (breaker-init-state-was-open_breaker_x17_x18), cost: 1
    pre: (breaker-state-is-unknown_breaker_x17_x18 20-2-52) (not_at_end_constraint0 36-1-101) (not_at_end_constraint1 37-1-103) (not_at_end_constraint2 38-1-105)
    add: (breaker-state-is-open_breaker_x17_x18 20-1-51)
    del: (breaker-state-is-unknown_breaker_x17_x18 20-2-52)
  (breaker-init-state-was-open_breaker_x19_x20), cost: 1
    pre: (breaker-state-is-unknown_breaker_x19_x20 3-0-6) (not_at_end_constraint0 36-1-101) (not_at_end_constraint1 37-1-103) (not_at_end_constraint2 38-1-105)
    add: (none-of-those 3-1-7) (breaker-state-is-open_breaker_x19_x20 64-0-161)
    del: (breaker-state-is-unknown_breaker_x19_x20 3-0-6) (none-of-those 64-1-162)
  (breaker-init-state-was-open_breaker_x22_x23), cost: 1
    pre: (not_at_end_constraint0 36-1-101) (not_at_end_constraint1 37-1-103) (not_at_end_constraint2 38-1-105) (breaker-state-is-unknown_breaker_x22_x23 40-1-109)
    add: (breaker-state-is-open_breaker_x22_x23 40-0-108)
    del: (breaker-state-is-unknown_breaker_x22_x23 40-1-109)
  (breaker-init-state-was-open_breaker_x26_x27), cost: 1
    pre: (not_at_end_constraint0 36-1-101) (not_at_end_constraint1 37-1-103) (not_at_end_constraint2 38-1-105) (breaker-state-is-unknown_breaker_x26_x27 41-1-112)
    add: (breaker-state-is-open_breaker_x26_x27 41-0-111)
    del: (breaker-state-is-unknown_breaker_x26_x27 41-1-112)
  (breaker-init-state-was-open_breaker_x28_x29), cost: 1
    pre: (not_at_end_constraint0 36-1-101) (not_at_end_constraint1 37-1-103) (not_at_end_constraint2 38-1-105) (breaker-state-is-unknown_breaker_x28_x29 42-1-115)
    add: (breaker-state-is-open_breaker_x28_x29 42-0-114)
    del: (breaker-state-is-unknown_breaker_x28_x29 42-1-115)
  (breaker-init-state-was-open_breaker_x5_x6), cost: 1
    pre: (breaker-state-is-unknown_breaker_x5_x6 21-2-55) (not_at_end_constraint0 36-1-101) (not_at_end_constraint1 37-1-103) (not_at_end_constraint2 38-1-105)
    add: (breaker-state-is-open_breaker_x5_x6 21-1-54)
    del: (breaker-state-is-unknown_breaker_x5_x6 21-2-55)
  (breaker-open-on-command_breaker_x11_x12_obs1410_obs1406), cost: 1
    pre: (breaker-commanded-open_breaker_x11_x12_obs1406 19-0-47) (pending_obs1410 29-2-81) (not_at_end_constraint0 36-1-101) (not_at_end_constraint1 37-1-103) (not_at_end_constraint2 38-1-105)
    add: (none-of-those 1-1-3) (none-of-those 2-1-5) (line-iso-state-may-have-changed_line_x13_x14_obs1410 10-0-20) (observed_obs1410 29-1-80) (breaker-state-is-open_breaker_x11_x12 63-0-159)
    del: (breaker-state-is-closed_breaker_x11_x12 1-0-2) (breaker-state-is-unknown_breaker_x11_x12 2-0-4) (none-of-those 10-1-21) (pending_obs1410 29-2-81) (none-of-those 63-1-160)
  (breaker-open-on-command_breaker_x19_x20_obs1412_obs1398), cost: 1
    pre: (pending_obs1412 16-2-39) (not_at_end_constraint0 36-1-101) (not_at_end_constraint1 37-1-103) (not_at_end_constraint2 38-1-105) (breaker-commanded-open_breaker_x19_x20_obs1398 39-0-106)
    add: (none-of-those 3-1-7) (line-iso-state-may-have-changed_line_x13_x14_obs1412 11-0-22) (none-of-those 16-3-40) (observed_obs1412 59-0-151) (none-of-those 62-1-158) (breaker-state-is-open_breaker_x19_x20 64-0-161)
    del: (breaker-state-is-unknown_breaker_x19_x20 3-0-6) (none-of-those 11-1-23) (pending_obs1412 16-2-39) (none-of-those 59-1-152) (breaker-state-is-closed_breaker_x19_x20 62-0-157) (none-of-those 64-1-162)
  (breaker-open-unexplained_breaker_x11_x12_obs1410_n1_n2), cost: 1
    pre: (breaker-state-is-closed_breaker_x11_x12 1-0-2) (fault-count-2_count-as-fault_breaker_x11_x12_n1 22-0-56) (pending_obs1410 29-2-81) (not_at_end_constraint0 36-1-101) (not_at_end_constraint1 37-1-103) (not_at_end_constraint2 38-1-105)
    add: (none-of-those 1-1-3) (line-iso-state-may-have-changed_line_x13_x14_obs1410 10-0-20) (none-of-those 22-3-59) (observed_obs1410 29-1-80) (breaker-state-is-open_breaker_x11_x12 63-0-159)
    del: (breaker-state-is-closed_breaker_x11_x12 1-0-2) (none-of-those 10-1-21) (fault-count-2_count-as-fault_breaker_x11_x12_n1 22-0-56) (pending_obs1410 29-2-81) (none-of-those 63-1-160)
  (breaker-open-unexplained_breaker_x17_x18_obs1407_n0_n1), cost: 1
    pre: (breaker-state-is-closed_breaker_x17_x18 20-0-50) (pending_obs1407 26-2-71) (not_at_end_constraint0 36-1-101) (not_at_end_constraint1 37-1-103) (not_at_end_constraint2 38-1-105) (fault-count-2_count-as-fault_breaker_x17_x18_n0 49-0-131)
    add: (none-of-those 4-1-9) (none-of-those 6-1-13) (line-iso-state-may-have-changed_line_x15_x16_obs1407 12-0-24) (breaker-state-is-open_breaker_x17_x18 20-1-51) (none-of-those 26-3-72) (none-of-those 49-1-132) (observed_obs1407 58-0-149)
    del: (dominates-2_hyp1_count-as-fault_breaker_x17_x18 4-0-8) (dominates-2_hyp2_count-as-fault_breaker_x17_x18 6-0-12) (none-of-those 12-1-25) (breaker-state-is-closed_breaker_x17_x18 20-0-50) (pending_obs1407 26-2-71) (fault-count-2_count-as-fault_breaker_x17_x18_n0 49-0-131) (none-of-those 58-1-150)
  (breaker-open-unexplained_breaker_x19_x20_obs1412_n0_n1), cost: 1
    pre: (pending_obs1412 16-2-39) (not_at_end_constraint0 36-1-101) (not_at_end_constraint1 37-1-103) (not_at_end_constraint2 38-1-105) (fault-count-2_count-as-fault_breaker_x19_x20_n0 44-0-119) (breaker-state-is-closed_breaker_x19_x20 62-0-157)
    add: (none-of-those 7-1-15) (none-of-those 8-1-17) (line-iso-state-may-have-changed_line_x13_x14_obs1412 11-0-22) (none-of-those 16-3-40) (fault-count-2_count-as-fault_breaker_x19_x20_n1 44-1-120) (observed_obs1412 59-0-151) (none-of-those 62-1-158) (breaker-state-is-open_breaker_x19_x20 64-0-161)
    del: (dominates-2_hyp2_count-as-fault_breaker_x19_x20 7-0-14) (dominates-2_hyp3_count-as-fault_breaker_x19_x20 8-0-16) (none-of-those 11-1-23) (pending_obs1412 16-2-39) (fault-count-2_count-as-fault_breaker_x19_x20_n0 44-0-119) (none-of-those 59-1-152) (breaker-state-is-closed_breaker_x19_x20 62-0-157) (none-of-those 64-1-162)
  (breaker-reclose_breaker_x19_x20_obs1416_obs1412), cost: 1
    pre: (breaker-auto-reclose-wait_breaker_x19_x20_obs1412 16-0-37) (pending_obs1416 34-2-96) (not_at_end_constraint0 36-1-101) (not_at_end_constraint1 37-1-103) (not_at_end_constraint2 38-1-105) (breaker-state-is-open_breaker_x19_x20 64-0-161)
    add: (line-iso-state-may-have-changed_line_x13_x14_obs1416 34-1-95) (observed_obs1416 60-0-153) (breaker-state-is-closed_breaker_x19_x20 62-0-157) (none-of-those 64-1-162)
    del: (pending_obs1416 34-2-96) (none-of-those 60-1-154) (none-of-those 62-1-158) (breaker-state-is-open_breaker_x19_x20 64-0-161)
  (breaker-trip-unexplained_breaker_x11_x12_obs1410_n1_n2), cost: 1
    pre: (breaker-ar-status-is-auto_breaker_x11_x12 0-0-0) (breaker-state-is-closed_breaker_x11_x12 1-0-2) (fault-count-2_count-as-fault_breaker_x11_x12_n1 22-0-56) (pending_obs1410 29-2-81) (not_at_end_constraint0 36-1-101) (not_at_end_constraint1 37-1-103) (not_at_end_constraint2 38-1-105)
    add: (none-of-those 1-1-3) (line-iso-state-may-have-changed_line_x13_x14_obs1410 10-0-20) (none-of-those 22-3-59) (observed_obs1410 29-1-80) (breaker-state-is-open_breaker_x11_x12 63-0-159)
    del: (breaker-state-is-closed_breaker_x11_x12 1-0-2) (none-of-those 10-1-21) (fault-count-2_count-as-fault_breaker_x11_x12_n1 22-0-56) (pending_obs1410 29-2-81) (none-of-those 63-1-160)
  (breaker-trip-unexplained_breaker_x17_x18_obs1407_n0_n1), cost: 1
    pre: (breaker-ar-status-is-auto_breaker_x17_x18 14-0-31) (breaker-state-is-closed_breaker_x17_x18 20-0-50) (pending_obs1407 26-2-71) (not_at_end_constraint0 36-1-101) (not_at_end_constraint1 37-1-103) (not_at_end_constraint2 38-1-105) (fault-count-2_count-as-fault_breaker_x17_x18_n0 49-0-131)
    add: (none-of-those 4-1-9) (none-of-those 6-1-13) (line-iso-state-may-have-changed_line_x15_x16_obs1407 12-0-24) (breaker-state-is-open_breaker_x17_x18 20-1-51) (none-of-those 26-3-72) (none-of-those 49-1-132) (observed_obs1407 58-0-149)
    del: (dominates-2_hyp1_count-as-fault_breaker_x17_x18 4-0-8) (dominates-2_hyp2_count-as-fault_breaker_x17_x18 6-0-12) (none-of-those 12-1-25) (breaker-state-is-closed_breaker_x17_x18 20-0-50) (pending_obs1407 26-2-71) (fault-count-2_count-as-fault_breaker_x17_x18_n0 49-0-131) (none-of-those 58-1-150)
  (breaker-trip-unexplained_breaker_x19_x20_obs1412_n0_n1), cost: 1
    pre: (breaker-ar-status-is-auto_breaker_x19_x20 15-0-34) (pending_obs1412 16-2-39) (not_at_end_constraint0 36-1-101) (not_at_end_constraint1 37-1-103) (not_at_end_constraint2 38-1-105) (fault-count-2_count-as-fault_breaker_x19_x20_n0 44-0-119) (breaker-state-is-closed_breaker_x19_x20 62-0-157)
    add: (none-of-those 7-1-15) (none-of-those 8-1-17) (line-iso-state-may-have-changed_line_x13_x14_obs1412 11-0-22) (breaker-auto-reclose-wait_breaker_x19_x20_obs1412 16-0-37) (fault-count-2_count-as-fault_breaker_x19_x20_n1 44-1-120) (observed_obs1412 59-0-151) (none-of-those 62-1-158) (breaker-state-is-open_breaker_x19_x20 64-0-161)
    del: (dominates-2_hyp2_count-as-fault_breaker_x19_x20 7-0-14) (dominates-2_hyp3_count-as-fault_breaker_x19_x20 8-0-16) (none-of-those 11-1-23) (pending_obs1412 16-2-39) (fault-count-2_count-as-fault_breaker_x19_x20_n0 44-0-119) (none-of-those 59-1-152) (breaker-state-is-closed_breaker_x19_x20 62-0-157) (none-of-those 64-1-162)
  (bus-voltage-goes-normal-unexplained_bus_x21_obs1413_n0_n1), cost: 1
    pre: (pending_obs1413 31-2-87) (not_at_end_constraint0 36-1-101) (not_at_end_constraint1 37-1-103) (not_at_end_constraint2 38-1-105) (fault-count-2_count-as-fault_bus_x21_n0 53-0-139)
    add: (observed_obs1413 31-1-86) (none-of-those 53-1-140)
    del: (pending_obs1413 31-2-87) (fault-count-2_count-as-fault_bus_x21_n0 53-0-139)
  (line-finish-iso-trip-3_line_x13_x14_breaker_x22_x23_breaker_x11_x12_breaker_x19_x20_obs1410), cost: 1
    pre: (line-iso-trip-in-progress_line_x13_x14_obs1410 13-2-28) (not_at_end_constraint0 36-1-101) (not_at_end_constraint1 37-1-103) (not_at_end_constraint2 38-1-105) (breaker-state-is-open_breaker_x22_x23 40-0-108) (breaker-state-is-open_breaker_x11_x12 63-0-159) (breaker-state-is-open_breaker_x19_x20 64-0-161)
    add: (none-of-those 13-4-30) (line-isolated_line_x13_x14 66-0-165) (not_line-iso-trip-in-progress_line_x13_x14_obs1410 68-0-169) (none-of-those 71-1-176)
    del: (line-iso-trip-in-progress_line_x13_x14_obs1410 13-2-28) (none-of-those 66-1-166) (none-of-those 68-1-170) (not_line-isolated_line_x13_x14 71-0-175)
  (line-finish-iso-trip-3_line_x13_x14_breaker_x22_x23_breaker_x11_x12_breaker_x19_x20_obs1412), cost: 1
    pre: (line-iso-trip-in-progress_line_x13_x14_obs1412 13-3-29) (not_at_end_constraint0 36-1-101) (not_at_end_constraint1 37-1-103) (not_at_end_constraint2 38-1-105) (breaker-state-is-open_breaker_x22_x23 40-0-108) (breaker-state-is-open_breaker_x11_x12 63-0-159) (breaker-state-is-open_breaker_x19_x20 64-0-161)
    add: (none-of-those 13-4-30) (line-isolated_line_x13_x14 66-0-165) (not_line-iso-trip-in-progress_line_x13_x14_obs1412 69-0-171) (none-of-those 71-1-176)
    del: (line-iso-trip-in-progress_line_x13_x14_obs1412 13-3-29) (none-of-those 66-1-166) (none-of-those 69-1-172) (not_line-isolated_line_x13_x14 71-0-175)
  (line-finish-iso-trip-4_line_x15_x16_breaker_x17_x18_breaker_x26_x27_breaker_x28_x29_breaker_x5_x6_obs1407), cost: 1
    pre: (breaker-state-is-open_breaker_x17_x18 20-1-51) (breaker-state-is-open_breaker_x5_x6 21-1-54) (line-iso-trip-in-progress_line_x15_x16_obs1407 26-1-70) (not_at_end_constraint0 36-1-101) (not_at_end_constraint1 37-1-103) (not_at_end_constraint2 38-1-105) (breaker-state-is-open_breaker_x26_x27 41-0-111) (breaker-state-is-open_breaker_x28_x29 42-0-114)
    add: (none-of-those 26-3-72) (line-iso-state-changed_line_x15_x16_obs1407 65-0-163) (line-isolated_line_x15_x16 67-0-167) (not_line-iso-trip-in-progress_line_x15_x16_obs1407 70-0-173) (none-of-those 72-1-178)
    del: (line-iso-trip-in-progress_line_x15_x16_obs1407 26-1-70) (none-of-those 65-1-164) (none-of-those 67-1-168) (none-of-those 70-1-174) (not_line-isolated_line_x15_x16 72-0-177)
  (line-init-state-isolated-3_line_x13_x14_breaker_x22_x23_breaker_x11_x12_breaker_x19_x20), cost: 1
    pre: (not_at_end_constraint0 36-1-101) (not_at_end_constraint1 37-1-103) (not_at_end_constraint2 38-1-105) (breaker-state-is-open_breaker_x22_x23 40-0-108) (breaker-state-is-open_breaker_x11_x12 63-0-159) (breaker-state-is-open_breaker_x19_x20 64-0-161)
    add: (line-isolated_line_x13_x14 66-0-165) (none-of-those 71-1-176)
    del: (none-of-those 66-1-166) (not_line-isolated_line_x13_x14 71-0-175)
  (line-init-state-isolated-4_line_x15_x16_breaker_x17_x18_breaker_x26_x27_breaker_x28_x29_breaker_x5_x6), cost: 1
    pre: (breaker-state-is-open_breaker_x17_x18 20-1-51) (breaker-state-is-open_breaker_x5_x6 21-1-54) (not_at_end_constraint0 36-1-101) (not_at_end_constraint1 37-1-103) (not_at_end_constraint2 38-1-105) (breaker-state-is-open_breaker_x26_x27 41-0-111) (breaker-state-is-open_breaker_x28_x29 42-0-114)
    add: (line-isolated_line_x15_x16 67-0-167) (none-of-those 72-1-178)
    del: (none-of-those 67-1-168) (not_line-isolated_line_x15_x16 72-0-177)
  (line-iso-trip-first-breaker-simple-trip-1_line_x13_x14_breaker_x11_x12_breaker_x11_x12_obs1410_n1_n2), cost: 1
    pre: (breaker-ar-status-is-auto_breaker_x11_x12 0-0-0) (breaker-state-is-closed_breaker_x11_x12 1-0-2) (fault-count-2_count-as-fault_line_x13_x14_n1 13-1-27) (pending_obs1410 29-2-81) (not_at_end_constraint0 36-1-101) (not_at_end_constraint1 37-1-103) (not_at_end_constraint2 38-1-105) (not_line-isolated_line_x13_x14 71-0-175)
    add: (none-of-those 1-1-3) (none-of-those 5-1-11) (line-iso-trip-in-progress_line_x13_x14_obs1410 13-2-28) (observed_obs1410 29-1-80) (breaker-state-is-open_breaker_x11_x12 63-0-159) (none-of-those 68-1-170)
    del: (breaker-state-is-closed_breaker_x11_x12 1-0-2) (dominates-2_hyp1_count-as-fault_line_x13_x14 5-0-10) (fault-count-2_count-as-fault_line_x13_x14_n1 13-1-27) (pending_obs1410 29-2-81) (none-of-those 63-1-160) (not_line-iso-trip-in-progress_line_x13_x14_obs1410 68-0-169)
  (line-iso-trip-first-breaker-simple-trip-1_line_x13_x14_breaker_x19_x20_breaker_x19_x20_obs1412_n1_n2), cost: 1
    pre: (fault-count-2_count-as-fault_line_x13_x14_n1 13-1-27) (breaker-ar-status-is-auto_breaker_x19_x20 15-0-34) (pending_obs1412 16-2-39) (not_at_end_constraint0 36-1-101) (not_at_end_constraint1 37-1-103) (not_at_end_constraint2 38-1-105) (breaker-state-is-closed_breaker_x19_x20 62-0-157) (not_line-isolated_line_x13_x14 71-0-175)
    add: (none-of-those 5-1-11) (line-iso-trip-in-progress_line_x13_x14_obs1412 13-3-29) (breaker-auto-reclose-wait_breaker_x19_x20_obs1412 16-0-37) (observed_obs1412 59-0-151) (none-of-those 62-1-158) (breaker-state-is-open_breaker_x19_x20 64-0-161) (none-of-those 69-1-172)
    del: (dominates-2_hyp1_count-as-fault_line_x13_x14 5-0-10) (fault-count-2_count-as-fault_line_x13_x14_n1 13-1-27) (pending_obs1412 16-2-39) (none-of-those 59-1-152) (breaker-state-is-closed_breaker_x19_x20 62-0-157) (none-of-those 64-1-162) (not_line-iso-trip-in-progress_line_x13_x14_obs1412 69-0-171)
  (line-iso-trip-first-breaker-simple-trip-1_line_x15_x16_breaker_x17_x18_breaker_x17_x18_obs1407_n0_n1), cost: 1
    pre: (breaker-ar-status-is-auto_breaker_x17_x18 14-0-31) (breaker-state-is-closed_breaker_x17_x18 20-0-50) (pending_obs1407 26-2-71) (not_at_end_constraint0 36-1-101) (not_at_end_constraint1 37-1-103) (not_at_end_constraint2 38-1-105) (fault-count-2_count-as-fault_line_x15_x16_n0 46-0-124) (not_line-isolated_line_x15_x16 72-0-177)
    add: (none-of-those 9-1-19) (breaker-state-is-open_breaker_x17_x18 20-1-51) (line-iso-trip-in-progress_line_x15_x16_obs1407 26-1-70) (fault-count-2_count-as-fault_line_x15_x16_n1 46-1-125) (observed_obs1407 58-0-149) (none-of-those 70-1-174)
    del: (dominates-2_hyp3_count-as-fault_line_x15_x16 9-0-18) (breaker-state-is-closed_breaker_x17_x18 20-0-50) (pending_obs1407 26-2-71) (fault-count-2_count-as-fault_line_x15_x16_n0 46-0-124) (none-of-those 58-1-150) (not_line-iso-trip-in-progress_line_x15_x16_obs1407 70-0-173)
  (line-iso-trip-first-breaker-simple-trip-2_line_x13_x14_breaker_x11_x12_breaker_x11_x12_obs1410_n1_n2), cost: 1
    pre: (breaker-state-is-closed_breaker_x11_x12 1-0-2) (fault-count-2_count-as-fault_line_x13_x14_n1 13-1-27) (pending_obs1410 29-2-81) (not_at_end_constraint0 36-1-101) (not_at_end_constraint1 37-1-103) (not_at_end_constraint2 38-1-105) (breaker-ar-status-is-non-auto_breaker_x11_x12 61-0-155) (not_line-isolated_line_x13_x14 71-0-175)
    add: (none-of-those 1-1-3) (none-of-those 5-1-11) (line-iso-trip-in-progress_line_x13_x14_obs1410 13-2-28) (observed_obs1410 29-1-80) (breaker-state-is-open_breaker_x11_x12 63-0-159) (none-of-those 68-1-170)
    del: (breaker-state-is-closed_breaker_x11_x12 1-0-2) (dominates-2_hyp1_count-as-fault_line_x13_x14 5-0-10) (fault-count-2_count-as-fault_line_x13_x14_n1 13-1-27) (pending_obs1410 29-2-81) (none-of-those 63-1-160) (not_line-iso-trip-in-progress_line_x13_x14_obs1410 68-0-169)
  (line-iso-trip-first-breaker-simple-trip-2_line_x13_x14_breaker_x19_x20_breaker_x19_x20_obs1412_n1_n2), cost: 1
    pre: (fault-count-2_count-as-fault_line_x13_x14_n1 13-1-27) (breaker-ar-status-is-non-auto_breaker_x19_x20 15-1-35) (pending_obs1412 16-2-39) (not_at_end_constraint0 36-1-101) (not_at_end_constraint1 37-1-103) (not_at_end_constraint2 38-1-105) (breaker-state-is-closed_breaker_x19_x20 62-0-157) (not_line-isolated_line_x13_x14 71-0-175)
    add: (none-of-those 5-1-11) (line-iso-trip-in-progress_line_x13_x14_obs1412 13-3-29) (none-of-those 16-3-40) (observed_obs1412 59-0-151) (none-of-those 62-1-158) (breaker-state-is-open_breaker_x19_x20 64-0-161) (none-of-those 69-1-172)
    del: (dominates-2_hyp1_count-as-fault_line_x13_x14 5-0-10) (fault-count-2_count-as-fault_line_x13_x14_n1 13-1-27) (pending_obs1412 16-2-39) (none-of-those 59-1-152) (breaker-state-is-closed_breaker_x19_x20 62-0-157) (none-of-those 64-1-162) (not_line-iso-trip-in-progress_line_x13_x14_obs1412 69-0-171)
  (line-iso-trip-first-breaker-simple-trip-2_line_x15_x16_breaker_x17_x18_breaker_x17_x18_obs1407_n0_n1), cost: 1
    pre: (breaker-ar-status-is-non-auto_breaker_x17_x18 14-1-32) (breaker-state-is-closed_breaker_x17_x18 20-0-50) (pending_obs1407 26-2-71) (not_at_end_constraint0 36-1-101) (not_at_end_constraint1 37-1-103) (not_at_end_constraint2 38-1-105) (fault-count-2_count-as-fault_line_x15_x16_n0 46-0-124) (not_line-isolated_line_x15_x16 72-0-177)
    add: (none-of-those 9-1-19) (breaker-state-is-open_breaker_x17_x18 20-1-51) (line-iso-trip-in-progress_line_x15_x16_obs1407 26-1-70) (fault-count-2_count-as-fault_line_x15_x16_n1 46-1-125) (observed_obs1407 58-0-149) (none-of-those 70-1-174)
    del: (dominates-2_hyp3_count-as-fault_line_x15_x16 9-0-18) (breaker-state-is-closed_breaker_x17_x18 20-0-50) (pending_obs1407 26-2-71) (fault-count-2_count-as-fault_line_x15_x16_n0 46-0-124) (none-of-those 58-1-150) (not_line-iso-trip-in-progress_line_x15_x16_obs1407 70-0-173)
  (line-re-energise-isolated-3c_line_x13_x14_breaker_x22_x23_breaker_x11_x12_breaker_x19_x20_obs1410), cost: 1
    pre: (line-iso-state-may-have-changed_line_x13_x14_obs1410 10-0-20) (not_at_end_constraint0 36-1-101) (not_at_end_constraint1 37-1-103) (not_at_end_constraint2 38-1-105) (breaker-state-is-closed_breaker_x19_x20 62-0-157) (line-isolated_line_x13_x14 66-0-165)
    add: (none-of-those 66-1-166) (not_line-isolated_line_x13_x14 71-0-175)
    del: (line-isolated_line_x13_x14 66-0-165) (none-of-those 71-1-176)
  (line-re-energise-isolated-3c_line_x13_x14_breaker_x22_x23_breaker_x11_x12_breaker_x19_x20_obs1412), cost: 1
    pre: (line-iso-state-may-have-changed_line_x13_x14_obs1412 11-0-22) (not_at_end_constraint0 36-1-101) (not_at_end_constraint1 37-1-103) (not_at_end_constraint2 38-1-105) (breaker-state-is-closed_breaker_x19_x20 62-0-157) (line-isolated_line_x13_x14 66-0-165)
    add: (none-of-those 66-1-166) (not_line-isolated_line_x13_x14 71-0-175)
    del: (line-isolated_line_x13_x14 66-0-165) (none-of-those 71-1-176)
  (line-re-energise-isolated-3c_line_x13_x14_breaker_x22_x23_breaker_x11_x12_breaker_x19_x20_obs1416), cost: 1
    pre: (line-iso-state-may-have-changed_line_x13_x14_obs1416 34-1-95) (not_at_end_constraint0 36-1-101) (not_at_end_constraint1 37-1-103) (not_at_end_constraint2 38-1-105) (breaker-state-is-closed_breaker_x19_x20 62-0-157) (line-isolated_line_x13_x14 66-0-165)
    add: (none-of-those 66-1-166) (not_line-isolated_line_x13_x14 71-0-175)
    del: (line-isolated_line_x13_x14 66-0-165) (none-of-those 71-1-176)
  (line-re-energise-isolated-4d_line_x15_x16_breaker_x17_x18_breaker_x26_x27_breaker_x28_x29_breaker_x5_x6_obs1415), cost: 1
    pre: (breaker-state-is-closed_breaker_x5_x6 21-0-53) (line-iso-state-may-have-changed_line_x15_x16_obs1415 33-1-92) (not_at_end_constraint0 36-1-101) (not_at_end_constraint1 37-1-103) (not_at_end_constraint2 38-1-105) (line-isolated_line_x15_x16 67-0-167)
    add: (none-of-those 67-1-168) (not_line-isolated_line_x15_x16 72-0-177)
    del: (line-isolated_line_x15_x16 67-0-167) (none-of-those 72-1-178)
  (line-set-state-isolated-3_line_x13_x14_breaker_x22_x23_breaker_x11_x12_breaker_x19_x20_obs1410), cost: 1
    pre: (line-iso-state-may-have-changed_line_x13_x14_obs1410 10-0-20) (not_at_end_constraint0 36-1-101) (not_at_end_constraint1 37-1-103) (not_at_end_constraint2 38-1-105) (breaker-state-is-open_breaker_x22_x23 40-0-108) (breaker-state-is-open_breaker_x11_x12 63-0-159) (breaker-state-is-open_breaker_x19_x20 64-0-161)
    add: (line-isolated_line_x13_x14 66-0-165) (none-of-those 71-1-176)
    del: (none-of-those 66-1-166) (not_line-isolated_line_x13_x14 71-0-175)
  (line-set-state-isolated-3_line_x13_x14_breaker_x22_x23_breaker_x11_x12_breaker_x19_x20_obs1412), cost: 1
    pre: (line-iso-state-may-have-changed_line_x13_x14_obs1412 11-0-22) (not_at_end_constraint0 36-1-101) (not_at_end_constraint1 37-1-103) (not_at_end_constraint2 38-1-105) (breaker-state-is-open_breaker_x22_x23 40-0-108) (breaker-state-is-open_breaker_x11_x12 63-0-159) (breaker-state-is-open_breaker_x19_x20 64-0-161)
    add: (line-isolated_line_x13_x14 66-0-165) (none-of-those 71-1-176)
    del: (none-of-those 66-1-166) (not_line-isolated_line_x13_x14 71-0-175)
  (line-set-state-isolated-4_line_x15_x16_breaker_x17_x18_breaker_x26_x27_breaker_x28_x29_breaker_x5_x6_obs1407), cost: 1
    pre: (line-iso-state-may-have-changed_line_x15_x16_obs1407 12-0-24) (breaker-state-is-open_breaker_x17_x18 20-1-51) (breaker-state-is-open_breaker_x5_x6 21-1-54) (not_at_end_constraint0 36-1-101) (not_at_end_constraint1 37-1-103) (not_at_end_constraint2 38-1-105) (breaker-state-is-open_breaker_x26_x27 41-0-111) (breaker-state-is-open_breaker_x28_x29 42-0-114)
    add: (line-iso-state-changed_line_x15_x16_obs1407 65-0-163) (line-isolated_line_x15_x16 67-0-167) (none-of-those 72-1-178)
    del: (none-of-those 65-1-164) (none-of-those 67-1-168) (not_line-isolated_line_x15_x16 72-0-177)
  (line-voltage-goes-to-zero-unexplained-1_line_x13_x14_obs1399_n0_n1), cost: 1
    pre: (fault-count-2_count-as-fault_line_x13_x14_n0 13-0-26) (not_at_end_constraint0 36-1-101) (not_at_end_constraint1 37-1-103) (not_at_end_constraint2 38-1-105) (pending_obs1399 47-1-128)
    add: (fault-count-2_count-as-fault_line_x13_x14_n1 13-1-27) (observed_obs1399 47-0-127)
    del: (fault-count-2_count-as-fault_line_x13_x14_n0 13-0-26) (pending_obs1399 47-1-128)
  (line-voltage-goes-to-zero-unexplained-1_line_x15_x16_obs1409_n0_n1), cost: 1
    pre: (pending_obs1409 28-2-78) (not_at_end_constraint0 36-1-101) (not_at_end_constraint1 37-1-103) (not_at_end_constraint2 38-1-105) (fault-count-2_count-as-fault_line_x15_x16_n0 46-0-124)
    add: (none-of-those 9-1-19) (observed_obs1409 28-1-77) (fault-count-2_count-as-fault_line_x15_x16_n1 46-1-125)
    del: (dominates-2_hyp3_count-as-fault_line_x15_x16 9-0-18) (pending_obs1409 28-2-78) (fault-count-2_count-as-fault_line_x15_x16_n0 46-0-124)
  (line-voltage-goes-to-zero-unexplained-1_line_x15_x16_obs1409_n1_n2), cost: 1
    pre: (pending_obs1409 28-2-78) (not_at_end_constraint0 36-1-101) (not_at_end_constraint1 37-1-103) (not_at_end_constraint2 38-1-105) (fault-count-2_count-as-fault_line_x15_x16_n1 46-1-125)
    add: (observed_obs1409 28-1-77) (none-of-those 46-2-126)
    del: (pending_obs1409 28-2-78) (fault-count-2_count-as-fault_line_x15_x16_n1 46-1-125)
  (line-voltage-goes-to-zero-when-isolated-1_line_x15_x16_obs1409_obs1407), cost: 1
    pre: (pending_obs1409 28-2-78) (not_at_end_constraint0 36-1-101) (not_at_end_constraint1 37-1-103) (not_at_end_constraint2 38-1-105) (line-iso-state-changed_line_x15_x16_obs1407 65-0-163) (line-isolated_line_x15_x16 67-0-167)
    add: (observed_obs1409 28-1-77)
    del: (pending_obs1409 28-2-78)
  (set_goal_1_constraint0), cost: 1
    pre: (dominates-2_hyp3_count-as-fault_breaker_x19_x20 8-0-16) (observed_obs1403 23-1-61) (observed_obs1404 24-1-64) (observed_obs1405 25-1-67) (observed_obs1408 27-1-74) (observed_obs1409 28-1-77) (observed_obs1410 29-1-80) (observed_obs1411 30-1-83) (observed_obs1413 31-1-86) (observed_obs1414 32-1-89) (observed_obs1417 35-1-98) (not_at_end_constraint0 36-1-101) (not_at_end_constraint1 37-1-103) (not_at_end_constraint2 38-1-105) (observed_obs1400 43-1-118) (observed_obs1415 45-1-123) (observed_obs1399 47-0-127) (observed_obs1398 54-0-141) (observed_obs1401 55-0-143) (observed_obs1402 56-0-145) (observed_obs1406 57-0-147) (observed_obs1407 58-0-149) (observed_obs1412 59-0-151) (observed_obs1416 60-0-153)
    add: (achieved_constraint0 36-0-100)
    del: (not_at_end_constraint0 36-1-101)
  (set_goal_1_constraint1), cost: 1
    pre: (dominates-2_hyp2_count-as-fault_breaker_x17_x18 6-0-12) (observed_obs1403 23-1-61) (observed_obs1404 24-1-64) (observed_obs1405 25-1-67) (observed_obs1408 27-1-74) (observed_obs1409 28-1-77) (observed_obs1410 29-1-80) (observed_obs1411 30-1-83) (observed_obs1413 31-1-86) (observed_obs1414 32-1-89) (observed_obs1417 35-1-98) (achieved_constraint0 36-0-100) (not_at_end_constraint1 37-1-103) (not_at_end_constraint2 38-1-105) (observed_obs1400 43-1-118) (observed_obs1415 45-1-123) (observed_obs1399 47-0-127) (observed_obs1398 54-0-141) (observed_obs1401 55-0-143) (observed_obs1402 56-0-145) (observed_obs1406 57-0-147) (observed_obs1407 58-0-149) (observed_obs1412 59-0-151) (observed_obs1416 60-0-153)
    add: (achieved_constraint1 37-0-102)
    del: (not_at_end_constraint1 37-1-103)
  (set_goal_1_constraint2), cost: 1
    pre: (dominates-2_hyp1_count-as-fault_breaker_x17_x18 4-0-8) (observed_obs1403 23-1-61) (observed_obs1404 24-1-64) (observed_obs1405 25-1-67) (observed_obs1408 27-1-74) (observed_obs1409 28-1-77) (observed_obs1410 29-1-80) (observed_obs1411 30-1-83) (observed_obs1413 31-1-86) (observed_obs1414 32-1-89) (observed_obs1417 35-1-98) (achieved_constraint0 36-0-100) (achieved_constraint1 37-0-102) (not_at_end_constraint2 38-1-105) (observed_obs1400 43-1-118) (observed_obs1415 45-1-123) (observed_obs1399 47-0-127) (observed_obs1398 54-0-141) (observed_obs1401 55-0-143) (observed_obs1402 56-0-145) (observed_obs1406 57-0-147) (observed_obs1407 58-0-149) (observed_obs1412 59-0-151) (observed_obs1416 60-0-153)
    add: (achieved_constraint2 38-0-104)
    del: (not_at_end_constraint2 38-1-105)
  (set_goal_2_constraint1), cost: 1
    pre: (dominates-2_hyp2_count-as-fault_breaker_x19_x20 7-0-14) (observed_obs1403 23-1-61) (observed_obs1404 24-1-64) (observed_obs1405 25-1-67) (observed_obs1408 27-1-74) (observed_obs1409 28-1-77) (observed_obs1410 29-1-80) (observed_obs1411 30-1-83) (observed_obs1413 31-1-86) (observed_obs1414 32-1-89) (observed_obs1417 35-1-98) (achieved_constraint0 36-0-100) (not_at_end_constraint1 37-1-103) (not_at_end_constraint2 38-1-105) (observed_obs1400 43-1-118) (observed_obs1415 45-1-123) (observed_obs1399 47-0-127) (observed_obs1398 54-0-141) (observed_obs1401 55-0-143) (observed_obs1402 56-0-145) (observed_obs1406 57-0-147) (observed_obs1407 58-0-149) (observed_obs1412 59-0-151) (observed_obs1416 60-0-153)
    add: (achieved_constraint1 37-0-102)
    del: (not_at_end_constraint1 37-1-103)
  (set_goal_5_constraint2), cost: 1
    pre: (dominates-2_hyp1_count-as-fault_line_x13_x14 5-0-10) (observed_obs1403 23-1-61) (observed_obs1404 24-1-64) (observed_obs1405 25-1-67) (observed_obs1408 27-1-74) (observed_obs1409 28-1-77) (observed_obs1410 29-1-80) (observed_obs1411 30-1-83) (observed_obs1413 31-1-86) (observed_obs1414 32-1-89) (observed_obs1417 35-1-98) (achieved_constraint0 36-0-100) (achieved_constraint1 37-0-102) (not_at_end_constraint2 38-1-105) (observed_obs1400 43-1-118) (observed_obs1415 45-1-123) (observed_obs1399 47-0-127) (observed_obs1398 54-0-141) (observed_obs1401 55-0-143) (observed_obs1402 56-0-145) (observed_obs1406 57-0-147) (observed_obs1407 58-0-149) (observed_obs1412 59-0-151) (observed_obs1416 60-0-153)
    add: (achieved_constraint2 38-0-104)
    del: (not_at_end_constraint2 38-1-105)
  (set_goal_6_constraint0), cost: 1
    pre: (dominates-2_hyp3_count-as-fault_line_x15_x16 9-0-18) (observed_obs1403 23-1-61) (observed_obs1404 24-1-64) (observed_obs1405 25-1-67) (observed_obs1408 27-1-74) (observed_obs1409 28-1-77) (observed_obs1410 29-1-80) (observed_obs1411 30-1-83) (observed_obs1413 31-1-86) (observed_obs1414 32-1-89) (observed_obs1417 35-1-98) (not_at_end_constraint0 36-1-101) (not_at_end_constraint1 37-1-103) (not_at_end_constraint2 38-1-105) (observed_obs1400 43-1-118) (observed_obs1415 45-1-123) (observed_obs1399 47-0-127) (observed_obs1398 54-0-141) (observed_obs1401 55-0-143) (observed_obs1402 56-0-145) (observed_obs1406 57-0-147) (observed_obs1407 58-0-149) (observed_obs1412 59-0-151) (observed_obs1416 60-0-153)
    add: (achieved_constraint0 36-0-100)
    del: (not_at_end_constraint0 36-1-101)
Init State: (none-of-those 0-1-1) (none-of-those 1-1-3) (breaker-state-is-unknown_breaker_x11_x12 2-0-4) (breaker-state-is-unknown_breaker_x19_x20 3-0-6) (dominates-2_hyp1_count-as-fault_breaker_x17_x18 4-0-8) (dominates-2_hyp1_count-as-fault_line_x13_x14 5-0-10) (dominates-2_hyp2_count-as-fault_breaker_x17_x18 6-0-12) (dominates-2_hyp2_count-as-fault_breaker_x19_x20 7-0-14) (dominates-2_hyp3_count-as-fault_breaker_x19_x20 8-0-16) (dominates-2_hyp3_count-as-fault_line_x15_x16 9-0-18) (none-of-those 10-1-21) (none-of-those 11-1-23) (none-of-those 12-1-25) (fault-count-2_count-as-fault_line_x13_x14_n0 13-0-26) (breaker-ar-status-is-unknown_breaker_x17_x18 14-2-33) (breaker-ar-status-is-unknown_breaker_x19_x20 15-2-36) (future_obs1412 16-1-38) (future_obs1401 17-1-42) (future_obs1402 18-1-45) (future_obs1406 19-1-48) (breaker-state-is-unknown_breaker_x17_x18 20-2-52) (breaker-state-is-unknown_breaker_x5_x6 21-2-55) (future_obs1400 22-1-57) (future_obs1403 23-0-60) (future_obs1404 24-0-63) (future_obs1405 25-0-66) (future_obs1407 26-0-69) (future_obs1408 27-0-73) (future_obs1409 28-0-76) (future_obs1410 29-0-79) (future_obs1411 30-0-82) (future_obs1413 31-0-85) (future_obs1414 32-0-88) (future_obs1415 33-0-91) (future_obs1416 34-0-94) (future_obs1417 35-0-97) (not_at_end_constraint0 36-1-101) (not_at_end_constraint1 37-1-103) (not_at_end_constraint2 38-1-105) (pending_obs1398 39-1-107) (breaker-state-is-unknown_breaker_x22_x23 40-1-109) (breaker-state-is-unknown_breaker_x26_x27 41-1-112) (breaker-state-is-unknown_breaker_x28_x29 42-1-115) (fault-count-2_count-as-fault_breaker_x11_x12_n0 43-0-117) (fault-count-2_count-as-fault_breaker_x19_x20_n0 44-0-119) (fault-count-2_count-as-fault_breaker_x5_x6_n0 45-0-122) (fault-count-2_count-as-fault_line_x15_x16_n0 46-0-124) (pending_obs1399 47-1-128) (breaker-ar-status-is-unknown_breaker_x11_x12 48-0-129) (fault-count-2_count-as-fault_breaker_x17_x18_n0 49-0-131) (fault-count-2_count-as-fault_breaker_x3_x4_n0 50-0-133) (fault-count-2_count-as-fault_breaker_x7_x8_n0 51-0-135) (fault-count-2_count-as-fault_breaker_x9_x10_n0 52-0-137) (fault-count-2_count-as-fault_bus_x21_n0 53-0-139) (none-of-those 54-1-142) (none-of-those 55-1-144) (none-of-those 56-1-146) (none-of-those 57-1-148) (none-of-those 58-1-150) (none-of-those 59-1-152) (none-of-those 60-1-154) (none-of-those 61-1-156) (none-of-those 62-1-158) (none-of-those 63-1-160) (none-of-those 64-1-162) (none-of-those 65-1-164) (none-of-those 66-1-166) (none-of-those 67-1-168) (not_line-iso-trip-in-progress_line_x13_x14_obs1410 68-0-169) (not_line-iso-trip-in-progress_line_x13_x14_obs1412 69-0-171) (not_line-iso-trip-in-progress_line_x15_x16_obs1407 70-0-173) (not_line-isolated_line_x13_x14 71-0-175) (not_line-isolated_line_x15_x16 72-0-177)
Goal: (observed_obs1403 23-1-61) (observed_obs1404 24-1-64) (observed_obs1405 25-1-67) (observed_obs1408 27-1-74) (observed_obs1409 28-1-77) (observed_obs1410 29-1-80) (observed_obs1411 30-1-83) (observed_obs1413 31-1-86) (observed_obs1414 32-1-89) (observed_obs1417 35-1-98) (achieved_constraint0 36-0-100) (achieved_constraint1 37-0-102) (achieved_constraint2 38-0-104) (observed_obs1400 43-1-118) (observed_obs1415 45-1-123) (observed_obs1399 47-0-127) (observed_obs1398 54-0-141) (observed_obs1401 55-0-143) (observed_obs1402 56-0-145) (observed_obs1406 57-0-147) (observed_obs1407 58-0-149) (observed_obs1412 59-0-151) (observed_obs1416 60-0-153)
Value: 43
