step 0: state 7 applicable 11
    state: (potential vehicle0) (potential vehicle1) (potential vehicle2) (potential vehicle3) (potential vehicle4) (potential vehicle5) (potential vehicle6)
    num: (labour) = 0 (housing location0) = 0 (available wood location0) = 0 (carts-at location0) = 0 (available timber location0) = 0 (available ore location0) = 0 (available stone location0) = 0 (available iron location0) = 0 (available coal location0) = 0 (housing location1) = 0 (available wood location1) = 0 (carts-at location1) = 0 (available timber location1) = 0 (available ore location1) = 0 (available stone location1) = 0 (available iron location1) = 0 (available coal location1) = 0 (housing location2) = 0 (available wood location2) = 0 (carts-at location2) = 0 (available timber location2) = 0 (available ore location2) = 0 (available stone location2) = 0 (available iron location2) = 0 (available coal location2) = 0 (housing location3) = 0 (available wood location3) = 0 (carts-at location3) = 0 (available timber location3) = 0 (available ore location3) = 0 (available stone location3) = 0 (available iron location3) = 0 (available coal location3) = 0 (housing location4) = 0 (available wood location4) = 0 (carts-at location4) = 0 (available timber location4) = 0 (available ore location4) = 0 (available stone location4) = 0 (available iron location4) = 0 (available coal location4) = 0 (housing location5) = 0 (available wood location5) = 0 (carts-at location5) = 0 (available timber location5) = 0 (available ore location5) = 0 (available stone location5) = 0 (available iron location5) = 0 (available coal location5) = 0 (housing location6) = 0 (available wood location6) = 0 (carts-at location6) = 0 (available timber location6) = 0 (available ore location6) = 0 (available stone location6) = 0 (available iron location6) = 0 (available coal location6) = 0 (housing location7) = 0 (available wood location7) = 0 (carts-at location7) = 0 (available timber location7) = 0 (available ore location7) = 0 (available stone location7) = 0 (available iron location7) = 0 (available coal location7) = 0
build-cabin location0 :: cost: 2 [successor]
    add: (has-cabin location0)
    del:
    num: (labour) 0 -> 1
build-cabin location1 :: cost: 2
    add: (has-cabin location1)
    del:
    num: (labour) 0 -> 1
build-cabin location2 :: cost: 2
    add: (has-cabin location2)
    del:
    num: (labour) 0 -> 1
step 1: state 8 applicable 12
    state: (has-cabin location0) (potential vehicle0) (potential vehicle1) (potential vehicle2) (potential vehicle3) (potential vehicle4) (potential vehicle5) (potential vehicle6)
    num: (labour) = 1 (housing location0) = 0 (available wood location0) = 0 (carts-at location0) = 0 (available timber location0) = 0 (available ore location0) = 0 (available stone location0) = 0 (available iron location0) = 0 (available coal location0) = 0 (housing location1) = 0 (available wood location1) = 0 (carts-at location1) = 0 (available timber location1) = 0 (available ore location1) = 0 (available stone location1) = 0 (available iron location1) = 0 (available coal location1) = 0 (housing location2) = 0 (available wood location2) = 0 (carts-at location2) = 0 (available timber location2) = 0 (available ore location2) = 0 (available stone location2) = 0 (available iron location2) = 0 (available coal location2) = 0 (housing location3) = 0 (available wood location3) = 0 (carts-at location3) = 0 (available timber location3) = 0 (available ore location3) = 0 (available stone location3) = 0 (available iron location3) = 0 (available coal location3) = 0 (housing location4) = 0 (available wood location4) = 0 (carts-at location4) = 0 (available timber location4) = 0 (available ore location4) = 0 (available stone location4) = 0 (available iron location4) = 0 (available coal location4) = 0 (housing location5) = 0 (available wood location5) = 0 (carts-at location5) = 0 (available timber location5) = 0 (available ore location5) = 0 (available stone location5) = 0 (available iron location5) = 0 (available coal location5) = 0 (housing location6) = 0 (available wood location6) = 0 (carts-at location6) = 0 (available timber location6) = 0 (available ore location6) = 0 (available stone location6) = 0 (available iron location6) = 0 (available coal location6) = 0 (housing location7) = 0 (available wood location7) = 0 (carts-at location7) = 0 (available timber location7) = 0 (available ore location7) = 0 (available stone location7) = 0 (available iron location7) = 0 (available coal location7) = 0
build-cabin location0 :: cost: 4
    add:
    del:
    num: (labour) 1 -> 2
build-cabin location1 :: cost: 4 [successor]
    add: (has-cabin location1)
    del:
    num: (labour) 1 -> 2
build-cabin location2 :: cost: 4
    add: (has-cabin location2)
    del:
    num: (labour) 1 -> 2
step 2: state 9 applicable 13
    state: (has-cabin location0) (has-cabin location1) (potential vehicle0) (potential vehicle1) (potential vehicle2) (potential vehicle3) (potential vehicle4) (potential vehicle5) (potential vehicle6)
    num: (labour) = 2 (housing location0) = 0 (available wood location0) = 0 (carts-at location0) = 0 (available timber location0) = 0 (available ore location0) = 0 (available stone location0) = 0 (available iron location0) = 0 (available coal location0) = 0 (housing location1) = 0 (available wood location1) = 0 (carts-at location1) = 0 (available timber location1) = 0 (available ore location1) = 0 (available stone location1) = 0 (available iron location1) = 0 (available coal location1) = 0 (housing location2) = 0 (available wood location2) = 0 (carts-at location2) = 0 (available timber location2) = 0 (available ore location2) = 0 (available stone location2) = 0 (available iron location2) = 0 (available coal location2) = 0 (housing location3) = 0 (available wood location3) = 0 (carts-at location3) = 0 (available timber location3) = 0 (available ore location3) = 0 (available stone location3) = 0 (available iron location3) = 0 (available coal location3) = 0 (housing location4) = 0 (available wood location4) = 0 (carts-at location4) = 0 (available timber location4) = 0 (available ore location4) = 0 (available stone location4) = 0 (available iron location4) = 0 (available coal location4) = 0 (housing location5) = 0 (available wood location5) = 0 (carts-at location5) = 0 (available timber location5) = 0 (available ore location5) = 0 (available stone location5) = 0 (available iron location5) = 0 (available coal location5) = 0 (housing location6) = 0 (available wood location6) = 0 (carts-at location6) = 0 (available timber location6) = 0 (available ore location6) = 0 (available stone location6) = 0 (available iron location6) = 0 (available coal location6) = 0 (housing location7) = 0 (available wood location7) = 0 (carts-at location7) = 0 (available timber location7) = 0 (available ore location7) = 0 (available stone location7) = 0 (available iron location7) = 0 (available coal location7) = 0
build-cabin location0 :: cost: 6
    add:
    del:
    num: (labour) 2 -> 3
build-cabin location1 :: cost: 6
    add:
    del:
    num: (labour) 2 -> 3
build-cabin location2 :: cost: 6 [successor]
    add: (has-cabin location2)
    del:
    num: (labour) 2 -> 3
step 3: state 10 applicable 14
    state: (has-cabin location0) (has-cabin location1) (has-cabin location2) (potential vehicle0) (potential vehicle1) (potential vehicle2) (potential vehicle3) (potential vehicle4) (potential vehicle5) (potential vehicle6)
    num: (labour) = 3 (housing location0) = 0 (available wood location0) = 0 (carts-at location0) = 0 (available timber location0) = 0 (available ore location0) = 0 (available stone location0) = 0 (available iron location0) = 0 (available coal location0) = 0 (housing location1) = 0 (available wood location1) = 0 (carts-at location1) = 0 (available timber location1) = 0 (available ore location1) = 0 (available stone location1) = 0 (available iron location1) = 0 (available coal location1) = 0 (housing location2) = 0 (available wood location2) = 0 (carts-at location2) = 0 (available timber location2) = 0 (available ore location2) = 0 (available stone location2) = 0 (available iron location2) = 0 (available coal location2) = 0 (housing location3) = 0 (available wood location3) = 0 (carts-at location3) = 0 (available timber location3) = 0 (available ore location3) = 0 (available stone location3) = 0 (available iron location3) = 0 (available coal location3) = 0 (housing location4) = 0 (available wood location4) = 0 (carts-at location4) = 0 (available timber location4) = 0 (available ore location4) = 0 (available stone location4) = 0 (available iron location4) = 0 (available coal location4) = 0 (housing location5) = 0 (available wood location5) = 0 (carts-at location5) = 0 (available timber location5) = 0 (available ore location5) = 0 (available stone location5) = 0 (available iron location5) = 0 (available coal location5) = 0 (housing location6) = 0 (available wood location6) = 0 (carts-at location6) = 0 (available timber location6) = 0 (available ore location6) = 0 (available stone location6) = 0 (available iron location6) = 0 (available coal location6) = 0 (housing location7) = 0 (available wood location7) = 0 (carts-at location7) = 0 (available timber location7) = 0 (available ore location7) = 0 (available stone location7) = 0 (available iron location7) = 0 (available coal location7) = 0
build-cabin location0 :: cost: 8
    add:
    del:
    num: (labour) 3 -> 4
build-cabin location1 :: cost: 8
    add:
    del:
    num: (labour) 3 -> 4
build-cabin location2 :: cost: 8
    add:
    del:
    num: (labour) 3 -> 4
    successor: build-cabin location3
step 4: state 11 applicable 15
    state: (has-cabin location0) (has-cabin location1) (has-cabin location2) (has-cabin location3) (potential vehicle0) (potential vehicle1) (potential vehicle2) (potential vehicle3) (potential vehicle4) (potential vehicle5) (potential vehicle6)
    num: (labour) = 4 (housing location0) = 0 (available wood location0) = 0 (carts-at location0) = 0 (available timber location0) = 0 (available ore location0) = 0 (available stone location0) = 0 (available iron location0) = 0 (available coal location0) = 0 (housing location1) = 0 (available wood location1) = 0 (carts-at location1) = 0 (available timber location1) = 0 (available ore location1) = 0 (available stone location1) = 0 (available iron location1) = 0 (available coal location1) = 0 (housing location2) = 0 (available wood location2) = 0 (carts-at location2) = 0 (available timber location2) = 0 (available ore location2) = 0 (available stone location2) = 0 (available iron location2) = 0 (available coal location2) = 0 (housing location3) = 0 (available wood location3) = 0 (carts-at location3) = 0 (available timber location3) = 0 (available ore location3) = 0 (available stone location3) = 0 (available iron location3) = 0 (available coal location3) = 0 (housing location4) = 0 (available wood location4) = 0 (carts-at location4) = 0 (available timber location4) = 0 (available ore location4) = 0 (available stone location4) = 0 (available iron location4) = 0 (available coal location4) = 0 (housing location5) = 0 (available wood location5) = 0 (carts-at location5) = 0 (available timber location5) = 0 (available ore location5) = 0 (available stone location5) = 0 (available iron location5) = 0 (available coal location5) = 0 (housing location6) = 0 (available wood location6) = 0 (carts-at location6) = 0 (available timber location6) = 0 (available ore location6) = 0 (available stone location6) = 0 (available iron location6) = 0 (available coal location6) = 0 (housing location7) = 0 (available wood location7) = 0 (carts-at location7) = 0 (available timber location7) = 0 (available ore location7) = 0 (available stone location7) = 0 (available iron location7) = 0 (available coal location7) = 0
build-cabin location0 :: cost: 10
    add:
    del:
    num: (labour) 4 -> 5
build-cabin location1 :: cost: 10
    add:
    del:
    num: (labour) 4 -> 5
build-cabin location2 :: cost: 10
    add:
    del:
    num: (labour) 4 -> 5
    successor: build-cabin location4
ground atoms: 18 groundings: 15
