Init: (at package-1 city-loc-13) (at package-2 city-loc-12) (at package-3 city-loc-4) (at package-4 city-loc-9) (at package-5 city-loc-4) (at package-6 city-loc-5) (at package-7 city-loc-8) (at truck-1 city-loc-4) (at truck-2 city-loc-11) (at truck-3 city-loc-12) (capacity truck-1 capacity-2) (capacity truck-2 capacity-2)
Unreachable facts [12/176]:
  (capacity truck-3 capacity-0)
  (capacity truck-3 capacity-1)
  (capacity truck-3 capacity-2)
  (capacity truck-3 capacity-3)
  (capacity truck-3 capacity-4)
  (in package-1 truck-3)
  (in package-2 truck-3)
  (in package-3 truck-3)
  (in package-4 truck-3)
  (in package-5 truck-3)
  (in package-6 truck-3)
  (in package-7 truck-3)
Unreachable ops [784/2466]:
  (drop truck-3 city-loc-1 package-1 capacity-0 capacity-1)
  (drop truck-3 city-loc-1 package-1 capacity-1 capacity-2)
  (drop truck-3 city-loc-1 package-1 capacity-2 capacity-3)
  (drop truck-3 city-loc-1 package-1 capacity-3 capacity-4)
  (drop truck-3 city-loc-1 package-2 capacity-0 capacity-1)
  (drop truck-3 city-loc-1 package-2 capacity-1 capacity-2)
  (drop truck-3 city-loc-1 package-2 capacity-2 capacity-3)
  (drop truck-3 city-loc-1 package-2 capacity-3 capacity-4)
  (drop truck-3 city-loc-1 package-3 capacity-0 capacity-1)
  (drop truck-3 city-loc-1 package-3 capacity-1 capacity-2)
  (drop truck-3 city-loc-1 package-3 capacity-2 capacity-3)
  (drop truck-3 city-loc-1 package-3 capacity-3 capacity-4)
  (drop truck-3 city-loc-1 package-4 capacity-0 capacity-1)
  (drop truck-3 city-loc-1 package-4 capacity-1 capacity-2)
  (drop truck-3 city-loc-1 package-4 capacity-2 capacity-3)
  (drop truck-3 city-loc-1 package-4 capacity-3 capacity-4)
  (drop truck-3 city-loc-1 package-5 capacity-0 capacity-1)
  (drop truck-3 city-loc-1 package-5 capacity-1 capacity-2)
  (drop truck-3 city-loc-1 package-5 capacity-2 capacity-3)
  (drop truck-3 city-loc-1 package-5 capacity-3 capacity-4)
  (drop truck-3 city-loc-1 package-6 capacity-0 capacity-1)
  (drop truck-3 city-loc-1 package-6 capacity-1 capacity-2)
  (drop truck-3 city-loc-1 package-6 capacity-2 capacity-3)
  (drop truck-3 city-loc-1 package-6 capacity-3 capacity-4)
  (drop truck-3 city-loc-1 package-7 capacity-0 capacity-1)
  (drop truck-3 city-loc-1 package-7 capacity-1 capacity-2)
  (drop truck-3 city-loc-1 package-7 capacity-2 capacity-3)
  (drop truck-3 city-loc-1 package-7 capacity-3 capacity-4)
  (drop truck-3 city-loc-10 package-1 capacity-0 capacity-1)
  (drop truck-3 city-loc-10 package-1 capacity-1 capacity-2)
  (drop truck-3 city-loc-10 package-1 capacity-2 capacity-3)
  (drop truck-3 city-loc-10 package-1 capacity-3 capacity-4)
  (drop truck-3 city-loc-10 package-2 capacity-0 capacity-1)
  (drop truck-3 city-loc-10 package-2 capacity-1 capacity-2)
  (drop truck-3 city-loc-10 package-2 capacity-2 capacity-3)
  (drop truck-3 city-loc-10 package-2 capacity-3 capacity-4)
  (drop truck-3 city-loc-10 package-3 capacity-0 capacity-1)
  (drop truck-3 city-loc-10 package-3 capacity-1 capacity-2)
  (drop truck-3 city-loc-10 package-3 capacity-2 capacity-3)
  (drop truck-3 city-loc-10 package-3 capacity-3 capacity-4)
  (drop truck-3 city-loc-10 package-4 capacity-0 capacity-1)
  (drop truck-3 city-loc-10 package-4 capacity-1 capacity-2)
  (drop truck-3 city-loc-10 package-4 capacity-2 capacity-3)
  (drop truck-3 city-loc-10 package-4 capacity-3 capacity-4)
  (drop truck-3 city-loc-10 package-5 capacity-0 capacity-1)
  (drop truck-3 city-loc-10 package-5 capacity-1 capacity-2)
  (drop truck-3 city-loc-10 package-5 capacity-2 capacity-3)
  (drop truck-3 city-loc-10 package-5 capacity-3 capacity-4)
  (drop truck-3 city-loc-10 package-6 capacity-0 capacity-1)
  (drop truck-3 city-loc-10 package-6 capacity-1 capacity-2)
  (drop truck-3 city-loc-10 package-6 capacity-2 capacity-3)
  (drop truck-3 city-loc-10 package-6 capacity-3 capacity-4)
  (drop truck-3 city-loc-10 package-7 capacity-0 capacity-1)
  (drop truck-3 city-loc-10 package-7 capacity-1 capacity-2)
  (drop truck-3 city-loc-10 package-7 capacity-2 capacity-3)
  (drop truck-3 city-loc-10 package-7 capacity-3 capacity-4)
  (drop truck-3 city-loc-11 package-1 capacity-0 capacity-1)
  (drop truck-3 city-loc-11 package-1 capacity-1 capacity-2)
  (drop truck-3 city-loc-11 package-1 capacity-2 capacity-3)
  (drop truck-3 city-loc-11 package-1 capacity-3 capacity-4)
  (drop truck-3 city-loc-11 package-2 capacity-0 capacity-1)
  (drop truck-3 city-loc-11 package-2 capacity-1 capacity-2)
  (drop truck-3 city-loc-11 package-2 capacity-2 capacity-3)
  (drop truck-3 city-loc-11 package-2 capacity-3 capacity-4)
  (drop truck-3 city-loc-11 package-3 capacity-0 capacity-1)
  (drop truck-3 city-loc-11 package-3 capacity-1 capacity-2)
  (drop truck-3 city-loc-11 package-3 capacity-2 capacity-3)
  (drop truck-3 city-loc-11 package-3 capacity-3 capacity-4)
  (drop truck-3 city-loc-11 package-4 capacity-0 capacity-1)
  (drop truck-3 city-loc-11 package-4 capacity-1 capacity-2)
  (drop truck-3 city-loc-11 package-4 capacity-2 capacity-3)
  (drop truck-3 city-loc-11 package-4 capacity-3 capacity-4)
  (drop truck-3 city-loc-11 package-5 capacity-0 capacity-1)
  (drop truck-3 city-loc-11 package-5 capacity-1 capacity-2)
  (drop truck-3 city-loc-11 package-5 capacity-2 capacity-3)
  (drop truck-3 city-loc-11 package-5 capacity-3 capacity-4)
  (drop truck-3 city-loc-11 package-6 capacity-0 capacity-1)
  (drop truck-3 city-loc-11 package-6 capacity-1 capacity-2)
  (drop truck-3 city-loc-11 package-6 capacity-2 capacity-3)
  (drop truck-3 city-loc-11 package-6 capacity-3 capacity-4)
  (drop truck-3 city-loc-11 package-7 capacity-0 capacity-1)
  (drop truck-3 city-loc-11 package-7 capacity-1 capacity-2)
  (drop truck-3 city-loc-11 package-7 capacity-2 capacity-3)
  (drop truck-3 city-loc-11 package-7 capacity-3 capacity-4)
  (drop truck-3 city-loc-12 package-1 capacity-0 capacity-1)
  (drop truck-3 city-loc-12 package-1 capacity-1 capacity-2)
  (drop truck-3 city-loc-12 package-1 capacity-2 capacity-3)
  (drop truck-3 city-loc-12 package-1 capacity-3 capacity-4)
  (drop truck-3 city-loc-12 package-2 capacity-0 capacity-1)
  (drop truck-3 city-loc-12 package-2 capacity-1 capacity-2)
  (drop truck-3 city-loc-12 package-2 capacity-2 capacity-3)
  (drop truck-3 city-loc-12 package-2 capacity-3 capacity-4)
  (drop truck-3 city-loc-12 package-3 capacity-0 capacity-1)
  (drop truck-3 city-loc-12 package-3 capacity-1 capacity-2)
  (drop truck-3 city-loc-12 package-3 capacity-2 capacity-3)
  (drop truck-3 city-loc-12 package-3 capacity-3 capacity-4)
  (drop truck-3 city-loc-12 package-4 capacity-0 capacity-1)
  (drop truck-3 city-loc-12 package-4 capacity-1 capacity-2)
  (drop truck-3 city-loc-12 package-4 capacity-2 capacity-3)
  (drop truck-3 city-loc-12 package-4 capacity-3 capacity-4)
  (drop truck-3 city-loc-12 package-5 capacity-0 capacity-1)
  (drop truck-3 city-loc-12 package-5 capacity-1 capacity-2)
  (drop truck-3 city-loc-12 package-5 capacity-2 capacity-3)
  (drop truck-3 city-loc-12 package-5 capacity-3 capacity-4)
  (drop truck-3 city-loc-12 package-6 capacity-0 capacity-1)
  (drop truck-3 city-loc-12 package-6 capacity-1 capacity-2)
  (drop truck-3 city-loc-12 package-6 capacity-2 capacity-3)
  (drop truck-3 city-loc-12 package-6 capacity-3 capacity-4)
  (drop truck-3 city-loc-12 package-7 capacity-0 capacity-1)
  (drop truck-3 city-loc-12 package-7 capacity-1 capacity-2)
  (drop truck-3 city-loc-12 package-7 capacity-2 capacity-3)
  (drop truck-3 city-loc-12 package-7 capacity-3 capacity-4)
  (drop truck-3 city-loc-13 package-1 capacity-0 capacity-1)
  (drop truck-3 city-loc-13 package-1 capacity-1 capacity-2)
  (drop truck-3 city-loc-13 package-1 capacity-2 capacity-3)
  (drop truck-3 city-loc-13 package-1 capacity-3 capacity-4)
  (drop truck-3 city-loc-13 package-2 capacity-0 capacity-1)
  (drop truck-3 city-loc-13 package-2 capacity-1 capacity-2)
  (drop truck-3 city-loc-13 package-2 capacity-2 capacity-3)
  (drop truck-3 city-loc-13 package-2 capacity-3 capacity-4)
  (drop truck-3 city-loc-13 package-3 capacity-0 capacity-1)
  (drop truck-3 city-loc-13 package-3 capacity-1 capacity-2)
  (drop truck-3 city-loc-13 package-3 capacity-2 capacity-3)
  (drop truck-3 city-loc-13 package-3 capacity-3 capacity-4)
  (drop truck-3 city-loc-13 package-4 capacity-0 capacity-1)
  (drop truck-3 city-loc-13 package-4 capacity-1 capacity-2)
  (drop truck-3 city-loc-13 package-4 capacity-2 capacity-3)
  (drop truck-3 city-loc-13 package-4 capacity-3 capacity-4)
  (drop truck-3 city-loc-13 package-5 capacity-0 capacity-1)
  (drop truck-3 city-loc-13 package-5 capacity-1 capacity-2)
  (drop truck-3 city-loc-13 package-5 capacity-2 capacity-3)
  (drop truck-3 city-loc-13 package-5 capacity-3 capacity-4)
  (drop truck-3 city-loc-13 package-6 capacity-0 capacity-1)
  (drop truck-3 city-loc-13 package-6 capacity-1 capacity-2)
  (drop truck-3 city-loc-13 package-6 capacity-2 capacity-3)
  (drop truck-3 city-loc-13 package-6 capacity-3 capacity-4)
  (drop truck-3 city-loc-13 package-7 capacity-0 capacity-1)
  (drop truck-3 city-loc-13 package-7 capacity-1 capacity-2)
  (drop truck-3 city-loc-13 package-7 capacity-2 capacity-3)
  (drop truck-3 city-loc-13 package-7 capacity-3 capacity-4)
  (drop truck-3 city-loc-14 package-1 capacity-0 capacity-1)
  (drop truck-3 city-loc-14 package-1 capacity-1 capacity-2)
  (drop truck-3 city-loc-14 package-1 capacity-2 capacity-3)
  (drop truck-3 city-loc-14 package-1 capacity-3 capacity-4)
  (drop truck-3 city-loc-14 package-2 capacity-0 capacity-1)
  (drop truck-3 city-loc-14 package-2 capacity-1 capacity-2)
  (drop truck-3 city-loc-14 package-2 capacity-2 capacity-3)
  (drop truck-3 city-loc-14 package-2 capacity-3 capacity-4)
  (drop truck-3 city-loc-14 package-3 capacity-0 capacity-1)
  (drop truck-3 city-loc-14 package-3 capacity-1 capacity-2)
  (drop truck-3 city-loc-14 package-3 capacity-2 capacity-3)
  (drop truck-3 city-loc-14 package-3 capacity-3 capacity-4)
  (drop truck-3 city-loc-14 package-4 capacity-0 capacity-1)
  (drop truck-3 city-loc-14 package-4 capacity-1 capacity-2)
  (drop truck-3 city-loc-14 package-4 capacity-2 capacity-3)
  (drop truck-3 city-loc-14 package-4 capacity-3 capacity-4)
  (drop truck-3 city-loc-14 package-5 capacity-0 capacity-1)
  (drop truck-3 city-loc-14 package-5 capacity-1 capacity-2)
  (drop truck-3 city-loc-14 package-5 capacity-2 capacity-3)
  (drop truck-3 city-loc-14 package-5 capacity-3 capacity-4)
  (drop truck-3 city-loc-14 package-6 capacity-0 capacity-1)
  (drop truck-3 city-loc-14 package-6 capacity-1 capacity-2)
  (drop truck-3 city-loc-14 package-6 capacity-2 capacity-3)
  (drop truck-3 city-loc-14 package-6 capacity-3 capacity-4)
  (drop truck-3 city-loc-14 package-7 capacity-0 capacity-1)
  (drop truck-3 city-loc-14 package-7 capacity-1 capacity-2)
  (drop truck-3 city-loc-14 package-7 capacity-2 capacity-3)
  (drop truck-3 city-loc-14 package-7 capacity-3 capacity-4)
  (drop truck-3 city-loc-2 package-1 capacity-0 capacity-1)
  (drop truck-3 city-loc-2 package-1 capacity-1 capacity-2)
  (drop truck-3 city-loc-2 package-1 capacity-2 capacity-3)
  (drop truck-3 city-loc-2 package-1 capacity-3 capacity-4)
  (drop truck-3 city-loc-2 package-2 capacity-0 capacity-1)
  (drop truck-3 city-loc-2 package-2 capacity-1 capacity-2)
  (drop truck-3 city-loc-2 package-2 capacity-2 capacity-3)
  (drop truck-3 city-loc-2 package-2 capacity-3 capacity-4)
  (drop truck-3 city-loc-2 package-3 capacity-0 capacity-1)
  (drop truck-3 city-loc-2 package-3 capacity-1 capacity-2)
  (drop truck-3 city-loc-2 package-3 capacity-2 capacity-3)
  (drop truck-3 city-loc-2 package-3 capacity-3 capacity-4)
  (drop truck-3 city-loc-2 package-4 capacity-0 capacity-1)
  (drop truck-3 city-loc-2 package-4 capacity-1 capacity-2)
  (drop truck-3 city-loc-2 package-4 capacity-2 capacity-3)
  (drop truck-3 city-loc-2 package-4 capacity-3 capacity-4)
  (drop truck-3 city-loc-2 package-5 capacity-0 capacity-1)
  (drop truck-3 city-loc-2 package-5 capacity-1 capacity-2)
  (drop truck-3 city-loc-2 package-5 capacity-2 capacity-3)
  (drop truck-3 city-loc-2 package-5 capacity-3 capacity-4)
  (drop truck-3 city-loc-2 package-6 capacity-0 capacity-1)
  (drop truck-3 city-loc-2 package-6 capacity-1 capacity-2)
  (drop truck-3 city-loc-2 package-6 capacity-2 capacity-3)
  (drop truck-3 city-loc-2 package-6 capacity-3 capacity-4)
  (drop truck-3 city-loc-2 package-7 capacity-0 capacity-1)
  (drop truck-3 city-loc-2 package-7 capacity-1 capacity-2)
  (drop truck-3 city-loc-2 package-7 capacity-2 capacity-3)
  (drop truck-3 city-loc-2 package-7 capacity-3 capacity-4)
  (drop truck-3 city-loc-3 package-1 capacity-0 capacity-1)
  (drop truck-3 city-loc-3 package-1 capacity-1 capacity-2)
  (drop truck-3 city-loc-3 package-1 capacity-2 capacity-3)
  (drop truck-3 city-loc-3 package-1 capacity-3 capacity-4)
  (drop truck-3 city-loc-3 package-2 capacity-0 capacity-1)
  (drop truck-3 city-loc-3 package-2 capacity-1 capacity-2)
  (drop truck-3 city-loc-3 package-2 capacity-2 capacity-3)
  (drop truck-3 city-loc-3 package-2 capacity-3 capacity-4)
  (drop truck-3 city-loc-3 package-3 capacity-0 capacity-1)
  (drop truck-3 city-loc-3 package-3 capacity-1 capacity-2)
  (drop truck-3 city-loc-3 package-3 capacity-2 capacity-3)
  (drop truck-3 city-loc-3 package-3 capacity-3 capacity-4)
  (drop truck-3 city-loc-3 package-4 capacity-0 capacity-1)
  (drop truck-3 city-loc-3 package-4 capacity-1 capacity-2)
  (drop truck-3 city-loc-3 package-4 capacity-2 capacity-3)
  (drop truck-3 city-loc-3 package-4 capacity-3 capacity-4)
  (drop truck-3 city-loc-3 package-5 capacity-0 capacity-1)
  (drop truck-3 city-loc-3 package-5 capacity-1 capacity-2)
  (drop truck-3 city-loc-3 package-5 capacity-2 capacity-3)
  (drop truck-3 city-loc-3 package-5 capacity-3 capacity-4)
  (drop truck-3 city-loc-3 package-6 capacity-0 capacity-1)
  (drop truck-3 city-loc-3 package-6 capacity-1 capacity-2)
  (drop truck-3 city-loc-3 package-6 capacity-2 capacity-3)
  (drop truck-3 city-loc-3 package-6 capacity-3 capacity-4)
  (drop truck-3 city-loc-3 package-7 capacity-0 capacity-1)
  (drop truck-3 city-loc-3 package-7 capacity-1 capacity-2)
  (drop truck-3 city-loc-3 package-7 capacity-2 capacity-3)
  (drop truck-3 city-loc-3 package-7 capacity-3 capacity-4)
  (drop truck-3 city-loc-4 package-1 capacity-0 capacity-1)
  (drop truck-3 city-loc-4 package-1 capacity-1 capacity-2)
  (drop truck-3 city-loc-4 package-1 capacity-2 capacity-3)
  (drop truck-3 city-loc-4 package-1 capacity-3 capacity-4)
  (drop truck-3 city-loc-4 package-2 capacity-0 capacity-1)
  (drop truck-3 city-loc-4 package-2 capacity-1 capacity-2)
  (drop truck-3 city-loc-4 package-2 capacity-2 capacity-3)
  (drop truck-3 city-loc-4 package-2 capacity-3 capacity-4)
  (drop truck-3 city-loc-4 package-3 capacity-0 capacity-1)
  (drop truck-3 city-loc-4 package-3 capacity-1 capacity-2)
  (drop truck-3 city-loc-4 package-3 capacity-2 capacity-3)
  (drop truck-3 city-loc-4 package-3 capacity-3 capacity-4)
  (drop truck-3 city-loc-4 package-4 capacity-0 capacity-1)
  (drop truck-3 city-loc-4 package-4 capacity-1 capacity-2)
  (drop truck-3 city-loc-4 package-4 capacity-2 capacity-3)
  (drop truck-3 city-loc-4 package-4 capacity-3 capacity-4)
  (drop truck-3 city-loc-4 package-5 capacity-0 capacity-1)
  (drop truck-3 city-loc-4 package-5 capacity-1 capacity-2)
  (drop truck-3 city-loc-4 package-5 capacity-2 capacity-3)
  (drop truck-3 city-loc-4 package-5 capacity-3 capacity-4)
  (drop truck-3 city-loc-4 package-6 capacity-0 capacity-1)
  (drop truck-3 city-loc-4 package-6 capacity-1 capacity-2)
  (drop truck-3 city-loc-4 package-6 capacity-2 capacity-3)
  (drop truck-3 city-loc-4 package-6 capacity-3 capacity-4)
  (drop truck-3 city-loc-4 package-7 capacity-0 capacity-1)
  (drop truck-3 city-loc-4 package-7 capacity-1 capacity-2)
  (drop truck-3 city-loc-4 package-7 capacity-2 capacity-3)
  (drop truck-3 city-loc-4 package-7 capacity-3 capacity-4)
  (drop truck-3 city-loc-5 package-1 capacity-0 capacity-1)
  (drop truck-3 city-loc-5 package-1 capacity-1 capacity-2)
  (drop truck-3 city-loc-5 package-1 capacity-2 capacity-3)
  (drop truck-3 city-loc-5 package-1 capacity-3 capacity-4)
  (drop truck-3 city-loc-5 package-2 capacity-0 capacity-1)
  (drop truck-3 city-loc-5 package-2 capacity-1 capacity-2)
  (drop truck-3 city-loc-5 package-2 capacity-2 capacity-3)
  (drop truck-3 city-loc-5 package-2 capacity-3 capacity-4)
  (drop truck-3 city-loc-5 package-3 capacity-0 capacity-1)
  (drop truck-3 city-loc-5 package-3 capacity-1 capacity-2)
  (drop truck-3 city-loc-5 package-3 capacity-2 capacity-3)
  (drop truck-3 city-loc-5 package-3 capacity-3 capacity-4)
  (drop truck-3 city-loc-5 package-4 capacity-0 capacity-1)
  (drop truck-3 city-loc-5 package-4 capacity-1 capacity-2)
  (drop truck-3 city-loc-5 package-4 capacity-2 capacity-3)
  (drop truck-3 city-loc-5 package-4 capacity-3 capacity-4)
  (drop truck-3 city-loc-5 package-5 capacity-0 capacity-1)
  (drop truck-3 city-loc-5 package-5 capacity-1 capacity-2)
  (drop truck-3 city-loc-5 package-5 capacity-2 capacity-3)
  (drop truck-3 city-loc-5 package-5 capacity-3 capacity-4)
  (drop truck-3 city-loc-5 package-6 capacity-0 capacity-1)
  (drop truck-3 city-loc-5 package-6 capacity-1 capacity-2)
  (drop truck-3 city-loc-5 package-6 capacity-2 capacity-3)
  (drop truck-3 city-loc-5 package-6 capacity-3 capacity-4)
  (drop truck-3 city-loc-5 package-7 capacity-0 capacity-1)
  (drop truck-3 city-loc-5 package-7 capacity-1 capacity-2)
  (drop truck-3 city-loc-5 package-7 capacity-2 capacity-3)
  (drop truck-3 city-loc-5 package-7 capacity-3 capacity-4)
  (drop truck-3 city-loc-6 package-1 capacity-0 capacity-1)
  (drop truck-3 city-loc-6 package-1 capacity-1 capacity-2)
  (drop truck-3 city-loc-6 package-1 capacity-2 capacity-3)
  (drop truck-3 city-loc-6 package-1 capacity-3 capacity-4)
  (drop truck-3 city-loc-6 package-2 capacity-0 capacity-1)
  (drop truck-3 city-loc-6 package-2 capacity-1 capacity-2)
  (drop truck-3 city-loc-6 package-2 capacity-2 capacity-3)
  (drop truck-3 city-loc-6 package-2 capacity-3 capacity-4)
  (drop truck-3 city-loc-6 package-3 capacity-0 capacity-1)
  (drop truck-3 city-loc-6 package-3 capacity-1 capacity-2)
  (drop truck-3 city-loc-6 package-3 capacity-2 capacity-3)
  (drop truck-3 city-loc-6 package-3 capacity-3 capacity-4)
  (drop truck-3 city-loc-6 package-4 capacity-0 capacity-1)
  (drop truck-3 city-loc-6 package-4 capacity-1 capacity-2)
  (drop truck-3 city-loc-6 package-4 capacity-2 capacity-3)
  (drop truck-3 city-loc-6 package-4 capacity-3 capacity-4)
  (drop truck-3 city-loc-6 package-5 capacity-0 capacity-1)
  (drop truck-3 city-loc-6 package-5 capacity-1 capacity-2)
  (drop truck-3 city-loc-6 package-5 capacity-2 capacity-3)
  (drop truck-3 city-loc-6 package-5 capacity-3 capacity-4)
  (drop truck-3 city-loc-6 package-6 capacity-0 capacity-1)
  (drop truck-3 city-loc-6 package-6 capacity-1 capacity-2)
  (drop truck-3 city-loc-6 package-6 capacity-2 capacity-3)
  (drop truck-3 city-loc-6 package-6 capacity-3 capacity-4)
  (drop truck-3 city-loc-6 package-7 capacity-0 capacity-1)
  (drop truck-3 city-loc-6 package-7 capacity-1 capacity-2)
  (drop truck-3 city-loc-6 package-7 capacity-2 capacity-3)
  (drop truck-3 city-loc-6 package-7 capacity-3 capacity-4)
  (drop truck-3 city-loc-7 package-1 capacity-0 capacity-1)
  (drop truck-3 city-loc-7 package-1 capacity-1 capacity-2)
  (drop truck-3 city-loc-7 package-1 capacity-2 capacity-3)
  (drop truck-3 city-loc-7 package-1 capacity-3 capacity-4)
  (drop truck-3 city-loc-7 package-2 capacity-0 capacity-1)
  (drop truck-3 city-loc-7 package-2 capacity-1 capacity-2)
  (drop truck-3 city-loc-7 package-2 capacity-2 capacity-3)
  (drop truck-3 city-loc-7 package-2 capacity-3 capacity-4)
  (drop truck-3 city-loc-7 package-3 capacity-0 capacity-1)
  (drop truck-3 city-loc-7 package-3 capacity-1 capacity-2)
  (drop truck-3 city-loc-7 package-3 capacity-2 capacity-3)
  (drop truck-3 city-loc-7 package-3 capacity-3 capacity-4)
  (drop truck-3 city-loc-7 package-4 capacity-0 capacity-1)
  (drop truck-3 city-loc-7 package-4 capacity-1 capacity-2)
  (drop truck-3 city-loc-7 package-4 capacity-2 capacity-3)
  (drop truck-3 city-loc-7 package-4 capacity-3 capacity-4)
  (drop truck-3 city-loc-7 package-5 capacity-0 capacity-1)
  (drop truck-3 city-loc-7 package-5 capacity-1 capacity-2)
  (drop truck-3 city-loc-7 package-5 capacity-2 capacity-3)
  (drop truck-3 city-loc-7 package-5 capacity-3 capacity-4)
  (drop truck-3 city-loc-7 package-6 capacity-0 capacity-1)
  (drop truck-3 city-loc-7 package-6 capacity-1 capacity-2)
  (drop truck-3 city-loc-7 package-6 capacity-2 capacity-3)
  (drop truck-3 city-loc-7 package-6 capacity-3 capacity-4)
  (drop truck-3 city-loc-7 package-7 capacity-0 capacity-1)
  (drop truck-3 city-loc-7 package-7 capacity-1 capacity-2)
  (drop truck-3 city-loc-7 package-7 capacity-2 capacity-3)
  (drop truck-3 city-loc-7 package-7 capacity-3 capacity-4)
  (drop truck-3 city-loc-8 package-1 capacity-0 capacity-1)
  (drop truck-3 city-loc-8 package-1 capacity-1 capacity-2)
  (drop truck-3 city-loc-8 package-1 capacity-2 capacity-3)
  (drop truck-3 city-loc-8 package-1 capacity-3 capacity-4)
  (drop truck-3 city-loc-8 package-2 capacity-0 capacity-1)
  (drop truck-3 city-loc-8 package-2 capacity-1 capacity-2)
  (drop truck-3 city-loc-8 package-2 capacity-2 capacity-3)
  (drop truck-3 city-loc-8 package-2 capacity-3 capacity-4)
  (drop truck-3 city-loc-8 package-3 capacity-0 capacity-1)
  (drop truck-3 city-loc-8 package-3 capacity-1 capacity-2)
  (drop truck-3 city-loc-8 package-3 capacity-2 capacity-3)
  (drop truck-3 city-loc-8 package-3 capacity-3 capacity-4)
  (drop truck-3 city-loc-8 package-4 capacity-0 capacity-1)
  (drop truck-3 city-loc-8 package-4 capacity-1 capacity-2)
  (drop truck-3 city-loc-8 package-4 capacity-2 capacity-3)
  (drop truck-3 city-loc-8 package-4 capacity-3 capacity-4)
  (drop truck-3 city-loc-8 package-5 capacity-0 capacity-1)
  (drop truck-3 city-loc-8 package-5 capacity-1 capacity-2)
  (drop truck-3 city-loc-8 package-5 capacity-2 capacity-3)
  (drop truck-3 city-loc-8 package-5 capacity-3 capacity-4)
  (drop truck-3 city-loc-8 package-6 capacity-0 capacity-1)
  (drop truck-3 city-loc-8 package-6 capacity-1 capacity-2)
  (drop truck-3 city-loc-8 package-6 capacity-2 capacity-3)
  (drop truck-3 city-loc-8 package-6 capacity-3 capacity-4)
  (drop truck-3 city-loc-8 package-7 capacity-0 capacity-1)
  (drop truck-3 city-loc-8 package-7 capacity-1 capacity-2)
  (drop truck-3 city-loc-8 package-7 capacity-2 capacity-3)
  (drop truck-3 city-loc-8 package-7 capacity-3 capacity-4)
  (drop truck-3 city-loc-9 package-1 capacity-0 capacity-1)
  (drop truck-3 city-loc-9 package-1 capacity-1 capacity-2)
  (drop truck-3 city-loc-9 package-1 capacity-2 capacity-3)
  (drop truck-3 city-loc-9 package-1 capacity-3 capacity-4)
  (drop truck-3 city-loc-9 package-2 capacity-0 capacity-1)
  (drop truck-3 city-loc-9 package-2 capacity-1 capacity-2)
  (drop truck-3 city-loc-9 package-2 capacity-2 capacity-3)
  (drop truck-3 city-loc-9 package-2 capacity-3 capacity-4)
  (drop truck-3 city-loc-9 package-3 capacity-0 capacity-1)
  (drop truck-3 city-loc-9 package-3 capacity-1 capacity-2)
  (drop truck-3 city-loc-9 package-3 capacity-2 capacity-3)
  (drop truck-3 city-loc-9 package-3 capacity-3 capacity-4)
  (drop truck-3 city-loc-9 package-4 capacity-0 capacity-1)
  (drop truck-3 city-loc-9 package-4 capacity-1 capacity-2)
  (drop truck-3 city-loc-9 package-4 capacity-2 capacity-3)
  (drop truck-3 city-loc-9 package-4 capacity-3 capacity-4)
  (drop truck-3 city-loc-9 package-5 capacity-0 capacity-1)
  (drop truck-3 city-loc-9 package-5 capacity-1 capacity-2)
  (drop truck-3 city-loc-9 package-5 capacity-2 capacity-3)
  (drop truck-3 city-loc-9 package-5 capacity-3 capacity-4)
  (drop truck-3 city-loc-9 package-6 capacity-0 capacity-1)
  (drop truck-3 city-loc-9 package-6 capacity-1 capacity-2)
  (drop truck-3 city-loc-9 package-6 capacity-2 capacity-3)
  (drop truck-3 city-loc-9 package-6 capacity-3 capacity-4)
  (drop truck-3 city-loc-9 package-7 capacity-0 capacity-1)
  (drop truck-3 city-loc-9 package-7 capacity-1 capacity-2)
  (drop truck-3 city-loc-9 package-7 capacity-2 capacity-3)
  (drop truck-3 city-loc-9 package-7 capacity-3 capacity-4)
  (pick-up truck-3 city-loc-1 package-1 capacity-0 capacity-1)
  (pick-up truck-3 city-loc-1 package-1 capacity-1 capacity-2)
  (pick-up truck-3 city-loc-1 package-1 capacity-2 capacity-3)
  (pick-up truck-3 city-loc-1 package-1 capacity-3 capacity-4)
  (pick-up truck-3 city-loc-1 package-2 capacity-0 capacity-1)
  (pick-up truck-3 city-loc-1 package-2 capacity-1 capacity-2)
  (pick-up truck-3 city-loc-1 package-2 capacity-2 capacity-3)
  (pick-up truck-3 city-loc-1 package-2 capacity-3 capacity-4)
  (pick-up truck-3 city-loc-1 package-3 capacity-0 capacity-1)
  (pick-up truck-3 city-loc-1 package-3 capacity-1 capacity-2)
  (pick-up truck-3 city-loc-1 package-3 capacity-2 capacity-3)
  (pick-up truck-3 city-loc-1 package-3 capacity-3 capacity-4)
  (pick-up truck-3 city-loc-1 package-4 capacity-0 capacity-1)
  (pick-up truck-3 city-loc-1 package-4 capacity-1 capacity-2)
  (pick-up truck-3 city-loc-1 package-4 capacity-2 capacity-3)
  (pick-up truck-3 city-loc-1 package-4 capacity-3 capacity-4)
  (pick-up truck-3 city-loc-1 package-5 capacity-0 capacity-1)
  (pick-up truck-3 city-loc-1 package-5 capacity-1 capacity-2)
  (pick-up truck-3 city-loc-1 package-5 capacity-2 capacity-3)
  (pick-up truck-3 city-loc-1 package-5 capacity-3 capacity-4)
  (pick-up truck-3 city-loc-1 package-6 capacity-0 capacity-1)
  (pick-up truck-3 city-loc-1 package-6 capacity-1 capacity-2)
  (pick-up truck-3 city-loc-1 package-6 capacity-2 capacity-3)
  (pick-up truck-3 city-loc-1 package-6 capacity-3 capacity-4)
  (pick-up truck-3 city-loc-1 package-7 capacity-0 capacity-1)
  (pick-up truck-3 city-loc-1 package-7 capacity-1 capacity-2)
  (pick-up truck-3 city-loc-1 package-7 capacity-2 capacity-3)
  (pick-up truck-3 city-loc-1 package-7 capacity-3 capacity-4)
  (pick-up truck-3 city-loc-10 package-1 capacity-0 capacity-1)
  (pick-up truck-3 city-loc-10 package-1 capacity-1 capacity-2)
  (pick-up truck-3 city-loc-10 package-1 capacity-2 capacity-3)
  (pick-up truck-3 city-loc-10 package-1 capacity-3 capacity-4)
  (pick-up truck-3 city-loc-10 package-2 capacity-0 capacity-1)
  (pick-up truck-3 city-loc-10 package-2 capacity-1 capacity-2)
  (pick-up truck-3 city-loc-10 package-2 capacity-2 capacity-3)
  (pick-up truck-3 city-loc-10 package-2 capacity-3 capacity-4)
  (pick-up truck-3 city-loc-10 package-3 capacity-0 capacity-1)
  (pick-up truck-3 city-loc-10 package-3 capacity-1 capacity-2)
  (pick-up truck-3 city-loc-10 package-3 capacity-2 capacity-3)
  (pick-up truck-3 city-loc-10 package-3 capacity-3 capacity-4)
  (pick-up truck-3 city-loc-10 package-4 capacity-0 capacity-1)
  (pick-up truck-3 city-loc-10 package-4 capacity-1 capacity-2)
  (pick-up truck-3 city-loc-10 package-4 capacity-2 capacity-3)
  (pick-up truck-3 city-loc-10 package-4 capacity-3 capacity-4)
  (pick-up truck-3 city-loc-10 package-5 capacity-0 capacity-1)
  (pick-up truck-3 city-loc-10 package-5 capacity-1 capacity-2)
  (pick-up truck-3 city-loc-10 package-5 capacity-2 capacity-3)
  (pick-up truck-3 city-loc-10 package-5 capacity-3 capacity-4)
  (pick-up truck-3 city-loc-10 package-6 capacity-0 capacity-1)
  (pick-up truck-3 city-loc-10 package-6 capacity-1 capacity-2)
  (pick-up truck-3 city-loc-10 package-6 capacity-2 capacity-3)
  (pick-up truck-3 city-loc-10 package-6 capacity-3 capacity-4)
  (pick-up truck-3 city-loc-10 package-7 capacity-0 capacity-1)
  (pick-up truck-3 city-loc-10 package-7 capacity-1 capacity-2)
  (pick-up truck-3 city-loc-10 package-7 capacity-2 capacity-3)
  (pick-up truck-3 city-loc-10 package-7 capacity-3 capacity-4)
  (pick-up truck-3 city-loc-11 package-1 capacity-0 capacity-1)
  (pick-up truck-3 city-loc-11 package-1 capacity-1 capacity-2)
  (pick-up truck-3 city-loc-11 package-1 capacity-2 capacity-3)
  (pick-up truck-3 city-loc-11 package-1 capacity-3 capacity-4)
  (pick-up truck-3 city-loc-11 package-2 capacity-0 capacity-1)
  (pick-up truck-3 city-loc-11 package-2 capacity-1 capacity-2)
  (pick-up truck-3 city-loc-11 package-2 capacity-2 capacity-3)
  (pick-up truck-3 city-loc-11 package-2 capacity-3 capacity-4)
  (pick-up truck-3 city-loc-11 package-3 capacity-0 capacity-1)
  (pick-up truck-3 city-loc-11 package-3 capacity-1 capacity-2)
  (pick-up truck-3 city-loc-11 package-3 capacity-2 capacity-3)
  (pick-up truck-3 city-loc-11 package-3 capacity-3 capacity-4)
  (pick-up truck-3 city-loc-11 package-4 capacity-0 capacity-1)
  (pick-up truck-3 city-loc-11 package-4 capacity-1 capacity-2)
  (pick-up truck-3 city-loc-11 package-4 capacity-2 capacity-3)
  (pick-up truck-3 city-loc-11 package-4 capacity-3 capacity-4)
  (pick-up truck-3 city-loc-11 package-5 capacity-0 capacity-1)
  (pick-up truck-3 city-loc-11 package-5 capacity-1 capacity-2)
  (pick-up truck-3 city-loc-11 package-5 capacity-2 capacity-3)
  (pick-up truck-3 city-loc-11 package-5 capacity-3 capacity-4)
  (pick-up truck-3 city-loc-11 package-6 capacity-0 capacity-1)
  (pick-up truck-3 city-loc-11 package-6 capacity-1 capacity-2)
  (pick-up truck-3 city-loc-11 package-6 capacity-2 capacity-3)
  (pick-up truck-3 city-loc-11 package-6 capacity-3 capacity-4)
  (pick-up truck-3 city-loc-11 package-7 capacity-0 capacity-1)
  (pick-up truck-3 city-loc-11 package-7 capacity-1 capacity-2)
  (pick-up truck-3 city-loc-11 package-7 capacity-2 capacity-3)
  (pick-up truck-3 city-loc-11 package-7 capacity-3 capacity-4)
  (pick-up truck-3 city-loc-12 package-1 capacity-0 capacity-1)
  (pick-up truck-3 city-loc-12 package-1 capacity-1 capacity-2)
  (pick-up truck-3 city-loc-12 package-1 capacity-2 capacity-3)
  (pick-up truck-3 city-loc-12 package-1 capacity-3 capacity-4)
  (pick-up truck-3 city-loc-12 package-2 capacity-0 capacity-1)
  (pick-up truck-3 city-loc-12 package-2 capacity-1 capacity-2)
  (pick-up truck-3 city-loc-12 package-2 capacity-2 capacity-3)
  (pick-up truck-3 city-loc-12 package-2 capacity-3 capacity-4)
  (pick-up truck-3 city-loc-12 package-3 capacity-0 capacity-1)
  (pick-up truck-3 city-loc-12 package-3 capacity-1 capacity-2)
  (pick-up truck-3 city-loc-12 package-3 capacity-2 capacity-3)
  (pick-up truck-3 city-loc-12 package-3 capacity-3 capacity-4)
  (pick-up truck-3 city-loc-12 package-4 capacity-0 capacity-1)
  (pick-up truck-3 city-loc-12 package-4 capacity-1 capacity-2)
  (pick-up truck-3 city-loc-12 package-4 capacity-2 capacity-3)
  (pick-up truck-3 city-loc-12 package-4 capacity-3 capacity-4)
  (pick-up truck-3 city-loc-12 package-5 capacity-0 capacity-1)
  (pick-up truck-3 city-loc-12 package-5 capacity-1 capacity-2)
  (pick-up truck-3 city-loc-12 package-5 capacity-2 capacity-3)
  (pick-up truck-3 city-loc-12 package-5 capacity-3 capacity-4)
  (pick-up truck-3 city-loc-12 package-6 capacity-0 capacity-1)
  (pick-up truck-3 city-loc-12 package-6 capacity-1 capacity-2)
  (pick-up truck-3 city-loc-12 package-6 capacity-2 capacity-3)
  (pick-up truck-3 city-loc-12 package-6 capacity-3 capacity-4)
  (pick-up truck-3 city-loc-12 package-7 capacity-0 capacity-1)
  (pick-up truck-3 city-loc-12 package-7 capacity-1 capacity-2)
  (pick-up truck-3 city-loc-12 package-7 capacity-2 capacity-3)
  (pick-up truck-3 city-loc-12 package-7 capacity-3 capacity-4)
  (pick-up truck-3 city-loc-13 package-1 capacity-0 capacity-1)
  (pick-up truck-3 city-loc-13 package-1 capacity-1 capacity-2)
  (pick-up truck-3 city-loc-13 package-1 capacity-2 capacity-3)
  (pick-up truck-3 city-loc-13 package-1 capacity-3 capacity-4)
  (pick-up truck-3 city-loc-13 package-2 capacity-0 capacity-1)
  (pick-up truck-3 city-loc-13 package-2 capacity-1 capacity-2)
  (pick-up truck-3 city-loc-13 package-2 capacity-2 capacity-3)
  (pick-up truck-3 city-loc-13 package-2 capacity-3 capacity-4)
  (pick-up truck-3 city-loc-13 package-3 capacity-0 capacity-1)
  (pick-up truck-3 city-loc-13 package-3 capacity-1 capacity-2)
  (pick-up truck-3 city-loc-13 package-3 capacity-2 capacity-3)
  (pick-up truck-3 city-loc-13 package-3 capacity-3 capacity-4)
  (pick-up truck-3 city-loc-13 package-4 capacity-0 capacity-1)
  (pick-up truck-3 city-loc-13 package-4 capacity-1 capacity-2)
  (pick-up truck-3 city-loc-13 package-4 capacity-2 capacity-3)
  (pick-up truck-3 city-loc-13 package-4 capacity-3 capacity-4)
  (pick-up truck-3 city-loc-13 package-5 capacity-0 capacity-1)
  (pick-up truck-3 city-loc-13 package-5 capacity-1 capacity-2)
  (pick-up truck-3 city-loc-13 package-5 capacity-2 capacity-3)
  (pick-up truck-3 city-loc-13 package-5 capacity-3 capacity-4)
  (pick-up truck-3 city-loc-13 package-6 capacity-0 capacity-1)
  (pick-up truck-3 city-loc-13 package-6 capacity-1 capacity-2)
  (pick-up truck-3 city-loc-13 package-6 capacity-2 capacity-3)
  (pick-up truck-3 city-loc-13 package-6 capacity-3 capacity-4)
  (pick-up truck-3 city-loc-13 package-7 capacity-0 capacity-1)
  (pick-up truck-3 city-loc-13 package-7 capacity-1 capacity-2)
  (pick-up truck-3 city-loc-13 package-7 capacity-2 capacity-3)
  (pick-up truck-3 city-loc-13 package-7 capacity-3 capacity-4)
  (pick-up truck-3 city-loc-14 package-1 capacity-0 capacity-1)
  (pick-up truck-3 city-loc-14 package-1 capacity-1 capacity-2)
  (pick-up truck-3 city-loc-14 package-1 capacity-2 capacity-3)
  (pick-up truck-3 city-loc-14 package-1 capacity-3 capacity-4)
  (pick-up truck-3 city-loc-14 package-2 capacity-0 capacity-1)
  (pick-up truck-3 city-loc-14 package-2 capacity-1 capacity-2)
  (pick-up truck-3 city-loc-14 package-2 capacity-2 capacity-3)
  (pick-up truck-3 city-loc-14 package-2 capacity-3 capacity-4)
  (pick-up truck-3 city-loc-14 package-3 capacity-0 capacity-1)
  (pick-up truck-3 city-loc-14 package-3 capacity-1 capacity-2)
  (pick-up truck-3 city-loc-14 package-3 capacity-2 capacity-3)
  (pick-up truck-3 city-loc-14 package-3 capacity-3 capacity-4)
  (pick-up truck-3 city-loc-14 package-4 capacity-0 capacity-1)
  (pick-up truck-3 city-loc-14 package-4 capacity-1 capacity-2)
  (pick-up truck-3 city-loc-14 package-4 capacity-2 capacity-3)
  (pick-up truck-3 city-loc-14 package-4 capacity-3 capacity-4)
  (pick-up truck-3 city-loc-14 package-5 capacity-0 capacity-1)
  (pick-up truck-3 city-loc-14 package-5 capacity-1 capacity-2)
  (pick-up truck-3 city-loc-14 package-5 capacity-2 capacity-3)
  (pick-up truck-3 city-loc-14 package-5 capacity-3 capacity-4)
  (pick-up truck-3 city-loc-14 package-6 capacity-0 capacity-1)
  (pick-up truck-3 city-loc-14 package-6 capacity-1 capacity-2)
  (pick-up truck-3 city-loc-14 package-6 capacity-2 capacity-3)
  (pick-up truck-3 city-loc-14 package-6 capacity-3 capacity-4)
  (pick-up truck-3 city-loc-14 package-7 capacity-0 capacity-1)
  (pick-up truck-3 city-loc-14 package-7 capacity-1 capacity-2)
  (pick-up truck-3 city-loc-14 package-7 capacity-2 capacity-3)
  (pick-up truck-3 city-loc-14 package-7 capacity-3 capacity-4)
  (pick-up truck-3 city-loc-2 package-1 capacity-0 capacity-1)
  (pick-up truck-3 city-loc-2 package-1 capacity-1 capacity-2)
  (pick-up truck-3 city-loc-2 package-1 capacity-2 capacity-3)
  (pick-up truck-3 city-loc-2 package-1 capacity-3 capacity-4)
  (pick-up truck-3 city-loc-2 package-2 capacity-0 capacity-1)
  (pick-up truck-3 city-loc-2 package-2 capacity-1 capacity-2)
  (pick-up truck-3 city-loc-2 package-2 capacity-2 capacity-3)
  (pick-up truck-3 city-loc-2 package-2 capacity-3 capacity-4)
  (pick-up truck-3 city-loc-2 package-3 capacity-0 capacity-1)
  (pick-up truck-3 city-loc-2 package-3 capacity-1 capacity-2)
  (pick-up truck-3 city-loc-2 package-3 capacity-2 capacity-3)
  (pick-up truck-3 city-loc-2 package-3 capacity-3 capacity-4)
  (pick-up truck-3 city-loc-2 package-4 capacity-0 capacity-1)
  (pick-up truck-3 city-loc-2 package-4 capacity-1 capacity-2)
  (pick-up truck-3 city-loc-2 package-4 capacity-2 capacity-3)
  (pick-up truck-3 city-loc-2 package-4 capacity-3 capacity-4)
  (pick-up truck-3 city-loc-2 package-5 capacity-0 capacity-1)
  (pick-up truck-3 city-loc-2 package-5 capacity-1 capacity-2)
  (pick-up truck-3 city-loc-2 package-5 capacity-2 capacity-3)
  (pick-up truck-3 city-loc-2 package-5 capacity-3 capacity-4)
  (pick-up truck-3 city-loc-2 package-6 capacity-0 capacity-1)
  (pick-up truck-3 city-loc-2 package-6 capacity-1 capacity-2)
  (pick-up truck-3 city-loc-2 package-6 capacity-2 capacity-3)
  (pick-up truck-3 city-loc-2 package-6 capacity-3 capacity-4)
  (pick-up truck-3 city-loc-2 package-7 capacity-0 capacity-1)
  (pick-up truck-3 city-loc-2 package-7 capacity-1 capacity-2)
  (pick-up truck-3 city-loc-2 package-7 capacity-2 capacity-3)
  (pick-up truck-3 city-loc-2 package-7 capacity-3 capacity-4)
  (pick-up truck-3 city-loc-3 package-1 capacity-0 capacity-1)
  (pick-up truck-3 city-loc-3 package-1 capacity-1 capacity-2)
  (pick-up truck-3 city-loc-3 package-1 capacity-2 capacity-3)
  (pick-up truck-3 city-loc-3 package-1 capacity-3 capacity-4)
  (pick-up truck-3 city-loc-3 package-2 capacity-0 capacity-1)
  (pick-up truck-3 city-loc-3 package-2 capacity-1 capacity-2)
  (pick-up truck-3 city-loc-3 package-2 capacity-2 capacity-3)
  (pick-up truck-3 city-loc-3 package-2 capacity-3 capacity-4)
  (pick-up truck-3 city-loc-3 package-3 capacity-0 capacity-1)
  (pick-up truck-3 city-loc-3 package-3 capacity-1 capacity-2)
  (pick-up truck-3 city-loc-3 package-3 capacity-2 capacity-3)
  (pick-up truck-3 city-loc-3 package-3 capacity-3 capacity-4)
  (pick-up truck-3 city-loc-3 package-4 capacity-0 capacity-1)
  (pick-up truck-3 city-loc-3 package-4 capacity-1 capacity-2)
  (pick-up truck-3 city-loc-3 package-4 capacity-2 capacity-3)
  (pick-up truck-3 city-loc-3 package-4 capacity-3 capacity-4)
  (pick-up truck-3 city-loc-3 package-5 capacity-0 capacity-1)
  (pick-up truck-3 city-loc-3 package-5 capacity-1 capacity-2)
  (pick-up truck-3 city-loc-3 package-5 capacity-2 capacity-3)
  (pick-up truck-3 city-loc-3 package-5 capacity-3 capacity-4)
  (pick-up truck-3 city-loc-3 package-6 capacity-0 capacity-1)
  (pick-up truck-3 city-loc-3 package-6 capacity-1 capacity-2)
  (pick-up truck-3 city-loc-3 package-6 capacity-2 capacity-3)
  (pick-up truck-3 city-loc-3 package-6 capacity-3 capacity-4)
  (pick-up truck-3 city-loc-3 package-7 capacity-0 capacity-1)
  (pick-up truck-3 city-loc-3 package-7 capacity-1 capacity-2)
  (pick-up truck-3 city-loc-3 package-7 capacity-2 capacity-3)
  (pick-up truck-3 city-loc-3 package-7 capacity-3 capacity-4)
  (pick-up truck-3 city-loc-4 package-1 capacity-0 capacity-1)
  (pick-up truck-3 city-loc-4 package-1 capacity-1 capacity-2)
  (pick-up truck-3 city-loc-4 package-1 capacity-2 capacity-3)
  (pick-up truck-3 city-loc-4 package-1 capacity-3 capacity-4)
  (pick-up truck-3 city-loc-4 package-2 capacity-0 capacity-1)
  (pick-up truck-3 city-loc-4 package-2 capacity-1 capacity-2)
  (pick-up truck-3 city-loc-4 package-2 capacity-2 capacity-3)
  (pick-up truck-3 city-loc-4 package-2 capacity-3 capacity-4)
  (pick-up truck-3 city-loc-4 package-3 capacity-0 capacity-1)
  (pick-up truck-3 city-loc-4 package-3 capacity-1 capacity-2)
  (pick-up truck-3 city-loc-4 package-3 capacity-2 capacity-3)
  (pick-up truck-3 city-loc-4 package-3 capacity-3 capacity-4)
  (pick-up truck-3 city-loc-4 package-4 capacity-0 capacity-1)
  (pick-up truck-3 city-loc-4 package-4 capacity-1 capacity-2)
  (pick-up truck-3 city-loc-4 package-4 capacity-2 capacity-3)
  (pick-up truck-3 city-loc-4 package-4 capacity-3 capacity-4)
  (pick-up truck-3 city-loc-4 package-5 capacity-0 capacity-1)
  (pick-up truck-3 city-loc-4 package-5 capacity-1 capacity-2)
  (pick-up truck-3 city-loc-4 package-5 capacity-2 capacity-3)
  (pick-up truck-3 city-loc-4 package-5 capacity-3 capacity-4)
  (pick-up truck-3 city-loc-4 package-6 capacity-0 capacity-1)
  (pick-up truck-3 city-loc-4 package-6 capacity-1 capacity-2)
  (pick-up truck-3 city-loc-4 package-6 capacity-2 capacity-3)
  (pick-up truck-3 city-loc-4 package-6 capacity-3 capacity-4)
  (pick-up truck-3 city-loc-4 package-7 capacity-0 capacity-1)
  (pick-up truck-3 city-loc-4 package-7 capacity-1 capacity-2)
  (pick-up truck-3 city-loc-4 package-7 capacity-2 capacity-3)
  (pick-up truck-3 city-loc-4 package-7 capacity-3 capacity-4)
  (pick-up truck-3 city-loc-5 package-1 capacity-0 capacity-1)
  (pick-up truck-3 city-loc-5 package-1 capacity-1 capacity-2)
  (pick-up truck-3 city-loc-5 package-1 capacity-2 capacity-3)
  (pick-up truck-3 city-loc-5 package-1 capacity-3 capacity-4)
  (pick-up truck-3 city-loc-5 package-2 capacity-0 capacity-1)
  (pick-up truck-3 city-loc-5 package-2 capacity-1 capacity-2)
  (pick-up truck-3 city-loc-5 package-2 capacity-2 capacity-3)
  (pick-up truck-3 city-loc-5 package-2 capacity-3 capacity-4)
  (pick-up truck-3 city-loc-5 package-3 capacity-0 capacity-1)
  (pick-up truck-3 city-loc-5 package-3 capacity-1 capacity-2)
  (pick-up truck-3 city-loc-5 package-3 capacity-2 capacity-3)
  (pick-up truck-3 city-loc-5 package-3 capacity-3 capacity-4)
  (pick-up truck-3 city-loc-5 package-4 capacity-0 capacity-1)
  (pick-up truck-3 city-loc-5 package-4 capacity-1 capacity-2)
  (pick-up truck-3 city-loc-5 package-4 capacity-2 capacity-3)
  (pick-up truck-3 city-loc-5 package-4 capacity-3 capacity-4)
  (pick-up truck-3 city-loc-5 package-5 capacity-0 capacity-1)
  (pick-up truck-3 city-loc-5 package-5 capacity-1 capacity-2)
  (pick-up truck-3 city-loc-5 package-5 capacity-2 capacity-3)
  (pick-up truck-3 city-loc-5 package-5 capacity-3 capacity-4)
  (pick-up truck-3 city-loc-5 package-6 capacity-0 capacity-1)
  (pick-up truck-3 city-loc-5 package-6 capacity-1 capacity-2)
  (pick-up truck-3 city-loc-5 package-6 capacity-2 capacity-3)
  (pick-up truck-3 city-loc-5 package-6 capacity-3 capacity-4)
  (pick-up truck-3 city-loc-5 package-7 capacity-0 capacity-1)
  (pick-up truck-3 city-loc-5 package-7 capacity-1 capacity-2)
  (pick-up truck-3 city-loc-5 package-7 capacity-2 capacity-3)
  (pick-up truck-3 city-loc-5 package-7 capacity-3 capacity-4)
  (pick-up truck-3 city-loc-6 package-1 capacity-0 capacity-1)
  (pick-up truck-3 city-loc-6 package-1 capacity-1 capacity-2)
  (pick-up truck-3 city-loc-6 package-1 capacity-2 capacity-3)
  (pick-up truck-3 city-loc-6 package-1 capacity-3 capacity-4)
  (pick-up truck-3 city-loc-6 package-2 capacity-0 capacity-1)
  (pick-up truck-3 city-loc-6 package-2 capacity-1 capacity-2)
  (pick-up truck-3 city-loc-6 package-2 capacity-2 capacity-3)
  (pick-up truck-3 city-loc-6 package-2 capacity-3 capacity-4)
  (pick-up truck-3 city-loc-6 package-3 capacity-0 capacity-1)
  (pick-up truck-3 city-loc-6 package-3 capacity-1 capacity-2)
  (pick-up truck-3 city-loc-6 package-3 capacity-2 capacity-3)
  (pick-up truck-3 city-loc-6 package-3 capacity-3 capacity-4)
  (pick-up truck-3 city-loc-6 package-4 capacity-0 capacity-1)
  (pick-up truck-3 city-loc-6 package-4 capacity-1 capacity-2)
  (pick-up truck-3 city-loc-6 package-4 capacity-2 capacity-3)
  (pick-up truck-3 city-loc-6 package-4 capacity-3 capacity-4)
  (pick-up truck-3 city-loc-6 package-5 capacity-0 capacity-1)
  (pick-up truck-3 city-loc-6 package-5 capacity-1 capacity-2)
  (pick-up truck-3 city-loc-6 package-5 capacity-2 capacity-3)
  (pick-up truck-3 city-loc-6 package-5 capacity-3 capacity-4)
  (pick-up truck-3 city-loc-6 package-6 capacity-0 capacity-1)
  (pick-up truck-3 city-loc-6 package-6 capacity-1 capacity-2)
  (pick-up truck-3 city-loc-6 package-6 capacity-2 capacity-3)
  (pick-up truck-3 city-loc-6 package-6 capacity-3 capacity-4)
  (pick-up truck-3 city-loc-6 package-7 capacity-0 capacity-1)
  (pick-up truck-3 city-loc-6 package-7 capacity-1 capacity-2)
  (pick-up truck-3 city-loc-6 package-7 capacity-2 capacity-3)
  (pick-up truck-3 city-loc-6 package-7 capacity-3 capacity-4)
  (pick-up truck-3 city-loc-7 package-1 capacity-0 capacity-1)
  (pick-up truck-3 city-loc-7 package-1 capacity-1 capacity-2)
  (pick-up truck-3 city-loc-7 package-1 capacity-2 capacity-3)
  (pick-up truck-3 city-loc-7 package-1 capacity-3 capacity-4)
  (pick-up truck-3 city-loc-7 package-2 capacity-0 capacity-1)
  (pick-up truck-3 city-loc-7 package-2 capacity-1 capacity-2)
  (pick-up truck-3 city-loc-7 package-2 capacity-2 capacity-3)
  (pick-up truck-3 city-loc-7 package-2 capacity-3 capacity-4)
  (pick-up truck-3 city-loc-7 package-3 capacity-0 capacity-1)
  (pick-up truck-3 city-loc-7 package-3 capacity-1 capacity-2)
  (pick-up truck-3 city-loc-7 package-3 capacity-2 capacity-3)
  (pick-up truck-3 city-loc-7 package-3 capacity-3 capacity-4)
  (pick-up truck-3 city-loc-7 package-4 capacity-0 capacity-1)
  (pick-up truck-3 city-loc-7 package-4 capacity-1 capacity-2)
  (pick-up truck-3 city-loc-7 package-4 capacity-2 capacity-3)
  (pick-up truck-3 city-loc-7 package-4 capacity-3 capacity-4)
  (pick-up truck-3 city-loc-7 package-5 capacity-0 capacity-1)
  (pick-up truck-3 city-loc-7 package-5 capacity-1 capacity-2)
  (pick-up truck-3 city-loc-7 package-5 capacity-2 capacity-3)
  (pick-up truck-3 city-loc-7 package-5 capacity-3 capacity-4)
  (pick-up truck-3 city-loc-7 package-6 capacity-0 capacity-1)
  (pick-up truck-3 city-loc-7 package-6 capacity-1 capacity-2)
  (pick-up truck-3 city-loc-7 package-6 capacity-2 capacity-3)
  (pick-up truck-3 city-loc-7 package-6 capacity-3 capacity-4)
  (pick-up truck-3 city-loc-7 package-7 capacity-0 capacity-1)
  (pick-up truck-3 city-loc-7 package-7 capacity-1 capacity-2)
  (pick-up truck-3 city-loc-7 package-7 capacity-2 capacity-3)
  (pick-up truck-3 city-loc-7 package-7 capacity-3 capacity-4)
  (pick-up truck-3 city-loc-8 package-1 capacity-0 capacity-1)
  (pick-up truck-3 city-loc-8 package-1 capacity-1 capacity-2)
  (pick-up truck-3 city-loc-8 package-1 capacity-2 capacity-3)
  (pick-up truck-3 city-loc-8 package-1 capacity-3 capacity-4)
  (pick-up truck-3 city-loc-8 package-2 capacity-0 capacity-1)
  (pick-up truck-3 city-loc-8 package-2 capacity-1 capacity-2)
  (pick-up truck-3 city-loc-8 package-2 capacity-2 capacity-3)
  (pick-up truck-3 city-loc-8 package-2 capacity-3 capacity-4)
  (pick-up truck-3 city-loc-8 package-3 capacity-0 capacity-1)
  (pick-up truck-3 city-loc-8 package-3 capacity-1 capacity-2)
  (pick-up truck-3 city-loc-8 package-3 capacity-2 capacity-3)
  (pick-up truck-3 city-loc-8 package-3 capacity-3 capacity-4)
  (pick-up truck-3 city-loc-8 package-4 capacity-0 capacity-1)
  (pick-up truck-3 city-loc-8 package-4 capacity-1 capacity-2)
  (pick-up truck-3 city-loc-8 package-4 capacity-2 capacity-3)
  (pick-up truck-3 city-loc-8 package-4 capacity-3 capacity-4)
  (pick-up truck-3 city-loc-8 package-5 capacity-0 capacity-1)
  (pick-up truck-3 city-loc-8 package-5 capacity-1 capacity-2)
  (pick-up truck-3 city-loc-8 package-5 capacity-2 capacity-3)
  (pick-up truck-3 city-loc-8 package-5 capacity-3 capacity-4)
  (pick-up truck-3 city-loc-8 package-6 capacity-0 capacity-1)
  (pick-up truck-3 city-loc-8 package-6 capacity-1 capacity-2)
  (pick-up truck-3 city-loc-8 package-6 capacity-2 capacity-3)
  (pick-up truck-3 city-loc-8 package-6 capacity-3 capacity-4)
  (pick-up truck-3 city-loc-8 package-7 capacity-0 capacity-1)
  (pick-up truck-3 city-loc-8 package-7 capacity-1 capacity-2)
  (pick-up truck-3 city-loc-8 package-7 capacity-2 capacity-3)
  (pick-up truck-3 city-loc-8 package-7 capacity-3 capacity-4)
  (pick-up truck-3 city-loc-9 package-1 capacity-0 capacity-1)
  (pick-up truck-3 city-loc-9 package-1 capacity-1 capacity-2)
  (pick-up truck-3 city-loc-9 package-1 capacity-2 capacity-3)
  (pick-up truck-3 city-loc-9 package-1 capacity-3 capacity-4)
  (pick-up truck-3 city-loc-9 package-2 capacity-0 capacity-1)
  (pick-up truck-3 city-loc-9 package-2 capacity-1 capacity-2)
  (pick-up truck-3 city-loc-9 package-2 capacity-2 capacity-3)
  (pick-up truck-3 city-loc-9 package-2 capacity-3 capacity-4)
  (pick-up truck-3 city-loc-9 package-3 capacity-0 capacity-1)
  (pick-up truck-3 city-loc-9 package-3 capacity-1 capacity-2)
  (pick-up truck-3 city-loc-9 package-3 capacity-2 capacity-3)
  (pick-up truck-3 city-loc-9 package-3 capacity-3 capacity-4)
  (pick-up truck-3 city-loc-9 package-4 capacity-0 capacity-1)
  (pick-up truck-3 city-loc-9 package-4 capacity-1 capacity-2)
  (pick-up truck-3 city-loc-9 package-4 capacity-2 capacity-3)
  (pick-up truck-3 city-loc-9 package-4 capacity-3 capacity-4)
  (pick-up truck-3 city-loc-9 package-5 capacity-0 capacity-1)
  (pick-up truck-3 city-loc-9 package-5 capacity-1 capacity-2)
  (pick-up truck-3 city-loc-9 package-5 capacity-2 capacity-3)
  (pick-up truck-3 city-loc-9 package-5 capacity-3 capacity-4)
  (pick-up truck-3 city-loc-9 package-6 capacity-0 capacity-1)
  (pick-up truck-3 city-loc-9 package-6 capacity-1 capacity-2)
  (pick-up truck-3 city-loc-9 package-6 capacity-2 capacity-3)
  (pick-up truck-3 city-loc-9 package-6 capacity-3 capacity-4)
  (pick-up truck-3 city-loc-9 package-7 capacity-0 capacity-1)
  (pick-up truck-3 city-loc-9 package-7 capacity-1 capacity-2)
  (pick-up truck-3 city-loc-9 package-7 capacity-2 capacity-3)
  (pick-up truck-3 city-loc-9 package-7 capacity-3 capacity-4)
