RSE-Invertible facts:
0:(at package-1 city-loc-1) in-fam-group
1:(at package-1 city-loc-10) in-fam-group
2:(at package-1 city-loc-11) in-fam-group
3:(at package-1 city-loc-12) in-fam-group
4:(at package-1 city-loc-13) in-fam-group
5:(at package-1 city-loc-14) in-fam-group
6:(at package-1 city-loc-2) in-fam-group
7:(at package-1 city-loc-3) in-fam-group
8:(at package-1 city-loc-4) in-fam-group
9:(at package-1 city-loc-5) in-fam-group
10:(at package-1 city-loc-6) in-fam-group
11:(at package-1 city-loc-7) in-fam-group
12:(at package-1 city-loc-8) in-fam-group
13:(at package-1 city-loc-9) in-fam-group
14:(at package-2 city-loc-1) in-fam-group
15:(at package-2 city-loc-10) in-fam-group
16:(at package-2 city-loc-11) in-fam-group
17:(at package-2 city-loc-12) in-fam-group
18:(at package-2 city-loc-13) in-fam-group
19:(at package-2 city-loc-14) in-fam-group
20:(at package-2 city-loc-2) in-fam-group
21:(at package-2 city-loc-3) in-fam-group
22:(at package-2 city-loc-4) in-fam-group
23:(at package-2 city-loc-5) in-fam-group
24:(at package-2 city-loc-6) in-fam-group
25:(at package-2 city-loc-7) in-fam-group
26:(at package-2 city-loc-8) in-fam-group
27:(at package-2 city-loc-9) in-fam-group
28:(at package-3 city-loc-1) in-fam-group
29:(at package-3 city-loc-10) in-fam-group
30:(at package-3 city-loc-11) in-fam-group
31:(at package-3 city-loc-12) in-fam-group
32:(at package-3 city-loc-13) in-fam-group
33:(at package-3 city-loc-14) in-fam-group
34:(at package-3 city-loc-2) in-fam-group
35:(at package-3 city-loc-3) in-fam-group
36:(at package-3 city-loc-4) in-fam-group
37:(at package-3 city-loc-5) in-fam-group
38:(at package-3 city-loc-6) in-fam-group
39:(at package-3 city-loc-7) in-fam-group
40:(at package-3 city-loc-8) in-fam-group
41:(at package-3 city-loc-9) in-fam-group
42:(at package-4 city-loc-1) in-fam-group
43:(at package-4 city-loc-10) in-fam-group
44:(at package-4 city-loc-11) in-fam-group
45:(at package-4 city-loc-12) in-fam-group
46:(at package-4 city-loc-13) in-fam-group
47:(at package-4 city-loc-14) in-fam-group
48:(at package-4 city-loc-2) in-fam-group
49:(at package-4 city-loc-3) in-fam-group
50:(at package-4 city-loc-4) in-fam-group
51:(at package-4 city-loc-5) in-fam-group
52:(at package-4 city-loc-6) in-fam-group
53:(at package-4 city-loc-7) in-fam-group
54:(at package-4 city-loc-8) in-fam-group
55:(at package-4 city-loc-9) in-fam-group
56:(at package-5 city-loc-1) in-fam-group
57:(at package-5 city-loc-10) in-fam-group
58:(at package-5 city-loc-11) in-fam-group
59:(at package-5 city-loc-12) in-fam-group
60:(at package-5 city-loc-13) in-fam-group
61:(at package-5 city-loc-14) in-fam-group
62:(at package-5 city-loc-2) in-fam-group
63:(at package-5 city-loc-3) in-fam-group
64:(at package-5 city-loc-4) in-fam-group
65:(at package-5 city-loc-5) in-fam-group
66:(at package-5 city-loc-6) in-fam-group
67:(at package-5 city-loc-7) in-fam-group
68:(at package-5 city-loc-8) in-fam-group
69:(at package-5 city-loc-9) in-fam-group
70:(at package-6 city-loc-1) in-fam-group
71:(at package-6 city-loc-10) in-fam-group
72:(at package-6 city-loc-11) in-fam-group
73:(at package-6 city-loc-12) in-fam-group
74:(at package-6 city-loc-13) in-fam-group
75:(at package-6 city-loc-14) in-fam-group
76:(at package-6 city-loc-2) in-fam-group
77:(at package-6 city-loc-3) in-fam-group
78:(at package-6 city-loc-4) in-fam-group
79:(at package-6 city-loc-5) in-fam-group
80:(at package-6 city-loc-6) in-fam-group
81:(at package-6 city-loc-7) in-fam-group
82:(at package-6 city-loc-8) in-fam-group
83:(at package-6 city-loc-9) in-fam-group
84:(at package-7 city-loc-1) in-fam-group
85:(at package-7 city-loc-10) in-fam-group
86:(at package-7 city-loc-11) in-fam-group
87:(at package-7 city-loc-12) in-fam-group
88:(at package-7 city-loc-13) in-fam-group
89:(at package-7 city-loc-14) in-fam-group
90:(at package-7 city-loc-2) in-fam-group
91:(at package-7 city-loc-3) in-fam-group
92:(at package-7 city-loc-4) in-fam-group
93:(at package-7 city-loc-5) in-fam-group
94:(at package-7 city-loc-6) in-fam-group
95:(at package-7 city-loc-7) in-fam-group
96:(at package-7 city-loc-8) in-fam-group
97:(at package-7 city-loc-9) in-fam-group
98:(at truck-1 city-loc-1) in-fam-group
99:(at truck-1 city-loc-10) in-fam-group
100:(at truck-1 city-loc-11) in-fam-group
101:(at truck-1 city-loc-12) in-fam-group
102:(at truck-1 city-loc-13) in-fam-group
103:(at truck-1 city-loc-14) in-fam-group
104:(at truck-1 city-loc-2) in-fam-group
105:(at truck-1 city-loc-3) in-fam-group
106:(at truck-1 city-loc-4) in-fam-group
107:(at truck-1 city-loc-5) in-fam-group
108:(at truck-1 city-loc-6) in-fam-group
109:(at truck-1 city-loc-7) in-fam-group
110:(at truck-1 city-loc-8) in-fam-group
111:(at truck-1 city-loc-9) in-fam-group
112:(at truck-2 city-loc-1) in-fam-group
113:(at truck-2 city-loc-10) in-fam-group
114:(at truck-2 city-loc-11) in-fam-group
115:(at truck-2 city-loc-12) in-fam-group
116:(at truck-2 city-loc-13) in-fam-group
117:(at truck-2 city-loc-14) in-fam-group
118:(at truck-2 city-loc-2) in-fam-group
119:(at truck-2 city-loc-3) in-fam-group
120:(at truck-2 city-loc-4) in-fam-group
121:(at truck-2 city-loc-5) in-fam-group
122:(at truck-2 city-loc-6) in-fam-group
123:(at truck-2 city-loc-7) in-fam-group
124:(at truck-2 city-loc-8) in-fam-group
125:(at truck-2 city-loc-9) in-fam-group
126:(at truck-3 city-loc-1) in-fam-group
127:(at truck-3 city-loc-10) in-fam-group
128:(at truck-3 city-loc-11) in-fam-group
129:(at truck-3 city-loc-12) in-fam-group
130:(at truck-3 city-loc-13) in-fam-group
131:(at truck-3 city-loc-14) in-fam-group
132:(at truck-3 city-loc-2) in-fam-group
133:(at truck-3 city-loc-3) in-fam-group
134:(at truck-3 city-loc-4) in-fam-group
135:(at truck-3 city-loc-5) in-fam-group
136:(at truck-3 city-loc-6) in-fam-group
137:(at truck-3 city-loc-7) in-fam-group
138:(at truck-3 city-loc-8) in-fam-group
139:(at truck-3 city-loc-9) in-fam-group
140:(capacity truck-1 capacity-0) in-fam-group
141:(capacity truck-1 capacity-1) in-fam-group
142:(capacity truck-1 capacity-2) in-fam-group
143:(capacity truck-1 capacity-3) in-fam-group
144:(capacity truck-1 capacity-4) in-fam-group
145:(capacity truck-2 capacity-0) in-fam-group
146:(capacity truck-2 capacity-1) in-fam-group
147:(capacity truck-2 capacity-2) in-fam-group
148:(capacity truck-2 capacity-3) in-fam-group
149:(capacity truck-2 capacity-4) in-fam-group
150:(capacity truck-3 capacity-0) in-fam-group
151:(capacity truck-3 capacity-1) in-fam-group
152:(capacity truck-3 capacity-2) in-fam-group
153:(capacity truck-3 capacity-3) in-fam-group
154:(capacity truck-3 capacity-4) in-fam-group
155:(in package-1 truck-1) in-fam-group
156:(in package-1 truck-2) in-fam-group
157:(in package-1 truck-3) in-fam-group
158:(in package-2 truck-1) in-fam-group
159:(in package-2 truck-2) in-fam-group
160:(in package-2 truck-3) in-fam-group
161:(in package-3 truck-1) in-fam-group
162:(in package-3 truck-2) in-fam-group
163:(in package-3 truck-3) in-fam-group
164:(in package-4 truck-1) in-fam-group
165:(in package-4 truck-2) in-fam-group
166:(in package-4 truck-3) in-fam-group
167:(in package-5 truck-1) in-fam-group
168:(in package-5 truck-2) in-fam-group
169:(in package-5 truck-3) in-fam-group
170:(in package-6 truck-1) in-fam-group
171:(in package-6 truck-2) in-fam-group
172:(in package-6 truck-3) in-fam-group
173:(in package-7 truck-1) in-fam-group
174:(in package-7 truck-2) in-fam-group
175:(in package-7 truck-3) in-fam-group
