Step 0 (active loc-1-0) (active loc-1-1) (active loc-1-2) (active loc-1-3) (active loc-1-4) (active loc-1-5) (active loc-1-6) (active loc-1-7) (active loc-2-0) (active loc-2-1) (active loc-2-2) (active loc-2-3) (active loc-2-4) (active loc-2-5) (active loc-2-6) (active loc-2-7) (active loc-3-0) (active loc-3-1) (active loc-3-2) (active loc-3-3) (active loc-3-4) (active loc-3-5) (active loc-3-6) (active loc-3-7) (active loc-4-0) (active loc-4-1) (active loc-5-0) (active loc-5-1) (active loc-5-2) (active loc-5-3) (active loc-5-4) (active loc-5-5) (active loc-5-6) (active loc-5-7) (active loc-6-0) (active loc-6-1) (active loc-6-2) (active loc-6-3) (active loc-6-4) (active loc-6-5) (active loc-6-6) (active loc-6-7) (active loc-7-0) (active loc-7-1) (active loc-7-2) (active loc-7-3) (active loc-7-4) (active loc-7-5) (active loc-7-6) (active loc-7-7) (person-at p0 loc-0-0) (person-at p1 loc-0-1) (person-at p2 loc-0-2) (person-at p3 loc-0-3) (person-at p4 loc-0-4) (person-at p5 loc-0-5) (person-at p6 loc-0-6) (person-at p7 loc-0-7)
size: 8
move p0 loc-0-0 loc-1-0 :: cost: 1
    add: (person-at p0 loc-1-0)
    del: (active loc-1-0) (person-at p0 loc-0-0)
move p1 loc-0-1 loc-1-1 :: cost: 1
    add: (person-at p1 loc-1-1)
    del: (active loc-1-1) (person-at p1 loc-0-1)
move p2 loc-0-2 loc-1-2 :: cost: 1
    add: (person-at p2 loc-1-2)
    del: (active loc-1-2) (person-at p2 loc-0-2)
move p3 loc-0-3 loc-1-3 :: cost: 1
    add: (person-at p3 loc-1-3)
    del: (active loc-1-3) (person-at p3 loc-0-3)
move p4 loc-0-4 loc-1-4 :: cost: 1
    add: (person-at p4 loc-1-4)
    del: (active loc-1-4) (person-at p4 loc-0-4)
move p5 loc-0-5 loc-1-5 :: cost: 1
    add: (person-at p5 loc-1-5)
    del: (active loc-1-5) (person-at p5 loc-0-5)
move p6 loc-0-6 loc-1-6 :: cost: 1
    add: (person-at p6 loc-1-6)
    del: (active loc-1-6) (person-at p6 loc-0-6)
move p7 loc-0-7 loc-1-7 :: cost: 1
    add: (person-at p7 loc-1-7)
    del: (active loc-1-7) (person-at p7 loc-0-7)
Step 1 (active loc-1-1) (active loc-1-2) (active loc-1-3) (active loc-1-4) (active loc-1-5) (active loc-1-6) (active loc-1-7) (active loc-2-0) (active loc-2-1) (active loc-2-2) (active loc-2-3) (active loc-2-4) (active loc-2-5) (active loc-2-6) (active loc-2-7) (active loc-3-0) (active loc-3-1) (active loc-3-2) (active loc-3-3) (active loc-3-4) (active loc-3-5) (active loc-3-6) (active loc-3-7) (active loc-4-0) (active loc-4-1) (active loc-5-0) (active loc-5-1) (active loc-5-2) (active loc-5-3) (active loc-5-4) (active loc-5-5) (active loc-5-6) (active loc-5-7) (active loc-6-0) (active loc-6-1) (active loc-6-2) (active loc-6-3) (active loc-6-4) (active loc-6-5) (active loc-6-6) (active loc-6-7) (active loc-7-0) (active loc-7-1) (active loc-7-2) (active loc-7-3) (active loc-7-4) (active loc-7-5) (active loc-7-6) (active loc-7-7) (person-at p1 loc-0-1) (person-at p2 loc-0-2) (person-at p3 loc-0-3) (person-at p4 loc-0-4) (person-at p5 loc-0-5) (person-at p6 loc-0-6) (person-at p7 loc-0-7) (person-at p0 loc-1-0)
size: 9
move p0 loc-1-0 loc-1-1 :: cost: 1
    add: (person-at p0 loc-1-1)
    del: (active loc-1-1) (person-at p0 loc-1-0)
move p0 loc-1-0 loc-2-0 :: cost: 1
    add: (person-at p0 loc-2-0)
    del: (active loc-2-0) (person-at p0 loc-1-0)
move p1 loc-0-1 loc-1-1 :: cost: 1
    add: (person-at p1 loc-1-1)
    del: (active loc-1-1) (person-at p1 loc-0-1)
move p2 loc-0-2 loc-1-2 :: cost: 1
    add: (person-at p2 loc-1-2)
    del: (active loc-1-2) (person-at p2 loc-0-2)
move p3 loc-0-3 loc-1-3 :: cost: 1
    add: (person-at p3 loc-1-3)
    del: (active loc-1-3) (person-at p3 loc-0-3)
move p4 loc-0-4 loc-1-4 :: cost: 1
    add: (person-at p4 loc-1-4)
    del: (active loc-1-4) (person-at p4 loc-0-4)
move p5 loc-0-5 loc-1-5 :: cost: 1
    add: (person-at p5 loc-1-5)
    del: (active loc-1-5) (person-at p5 loc-0-5)
move p6 loc-0-6 loc-1-6 :: cost: 1
    add: (person-at p6 loc-1-6)
    del: (active loc-1-6) (person-at p6 loc-0-6)
move p7 loc-0-7 loc-1-7 :: cost: 1
    add: (person-at p7 loc-1-7)
    del: (active loc-1-7) (person-at p7 loc-0-7)
Step 2 (active loc-1-1) (active loc-1-2) (active loc-1-3) (active loc-1-4) (active loc-1-5) (active loc-1-6) (active loc-1-7) (active loc-2-1) (active loc-2-2) (active loc-2-3) (active loc-2-4) (active loc-2-5) (active loc-2-6) (active loc-2-7) (active loc-3-0) (active loc-3-1) (active loc-3-2) (active loc-3-3) (active loc-3-4) (active loc-3-5) (active loc-3-6) (active loc-3-7) (active loc-4-0) (active loc-4-1) (active loc-5-0) (active loc-5-1) (active loc-5-2) (active loc-5-3) (active loc-5-4) (active loc-5-5) (active loc-5-6) (active loc-5-7) (active loc-6-0) (active loc-6-1) (active loc-6-2) (active loc-6-3) (active loc-6-4) (active loc-6-5) (active loc-6-6) (active loc-6-7) (active loc-7-0) (active loc-7-1) (active loc-7-2) (active loc-7-3) (active loc-7-4) (active loc-7-5) (active loc-7-6) (active loc-7-7) (person-at p1 loc-0-1) (person-at p2 loc-0-2) (person-at p3 loc-0-3) (person-at p4 loc-0-4) (person-at p5 loc-0-5) (person-at p6 loc-0-6) (person-at p7 loc-0-7) (person-at p0 loc-2-0)
size: 9
move p0 loc-2-0 loc-2-1 :: cost: 1
    add: (person-at p0 loc-2-1)
    del: (active loc-2-1) (person-at p0 loc-2-0)
move p0 loc-2-0 loc-3-0 :: cost: 1
    add: (person-at p0 loc-3-0)
    del: (active loc-3-0) (person-at p0 loc-2-0)
move p1 loc-0-1 loc-1-1 :: cost: 1
    add: (person-at p1 loc-1-1)
    del: (active loc-1-1) (person-at p1 loc-0-1)
move p2 loc-0-2 loc-1-2 :: cost: 1
    add: (person-at p2 loc-1-2)
    del: (active loc-1-2) (person-at p2 loc-0-2)
move p3 loc-0-3 loc-1-3 :: cost: 1
    add: (person-at p3 loc-1-3)
    del: (active loc-1-3) (person-at p3 loc-0-3)
move p4 loc-0-4 loc-1-4 :: cost: 1
    add: (person-at p4 loc-1-4)
    del: (active loc-1-4) (person-at p4 loc-0-4)
move p5 loc-0-5 loc-1-5 :: cost: 1
    add: (person-at p5 loc-1-5)
    del: (active loc-1-5) (person-at p5 loc-0-5)
move p6 loc-0-6 loc-1-6 :: cost: 1
    add: (person-at p6 loc-1-6)
    del: (active loc-1-6) (person-at p6 loc-0-6)
move p7 loc-0-7 loc-1-7 :: cost: 1
    add: (person-at p7 loc-1-7)
    del: (active loc-1-7) (person-at p7 loc-0-7)
Step 3 (active loc-1-2) (active loc-1-3) (active loc-1-4) (active loc-1-5) (active loc-1-6) (active loc-1-7) (active loc-2-1) (active loc-2-2) (active loc-2-3) (active loc-2-4) (active loc-2-5) (active loc-2-6) (active loc-2-7) (active loc-3-0) (active loc-3-1) (active loc-3-2) (active loc-3-3) (active loc-3-4) (active loc-3-5) (active loc-3-6) (active loc-3-7) (active loc-4-0) (active loc-4-1) (active loc-5-0) (active loc-5-1) (active loc-5-2) (active loc-5-3) (active loc-5-4) (active loc-5-5) (active loc-5-6) (active loc-5-7) (active loc-6-0) (active loc-6-1) (active loc-6-2) (active loc-6-3) (active loc-6-4) (active loc-6-5) (active loc-6-6) (active loc-6-7) (active loc-7-0) (active loc-7-1) (active loc-7-2) (active loc-7-3) (active loc-7-4) (active loc-7-5) (active loc-7-6) (active loc-7-7) (person-at p2 loc-0-2) (person-at p3 loc-0-3) (person-at p4 loc-0-4) (person-at p5 loc-0-5) (person-at p6 loc-0-6) (person-at p7 loc-0-7) (person-at p1 loc-1-1) (person-at p0 loc-2-0)
size: 10
move p0 loc-2-0 loc-2-1 :: cost: 1
    add: (person-at p0 loc-2-1)
    del: (active loc-2-1) (person-at p0 loc-2-0)
move p0 loc-2-0 loc-3-0 :: cost: 1
    add: (person-at p0 loc-3-0)
    del: (active loc-3-0) (person-at p0 loc-2-0)
move p1 loc-1-1 loc-1-2 :: cost: 1
    add: (person-at p1 loc-1-2)
    del: (active loc-1-2) (person-at p1 loc-1-1)
move p1 loc-1-1 loc-2-1 :: cost: 1
    add: (person-at p1 loc-2-1)
    del: (active loc-2-1) (person-at p1 loc-1-1)
move p2 loc-0-2 loc-1-2 :: cost: 1
    add: (person-at p2 loc-1-2)
    del: (active loc-1-2) (person-at p2 loc-0-2)
move p3 loc-0-3 loc-1-3 :: cost: 1
    add: (person-at p3 loc-1-3)
    del: (active loc-1-3) (person-at p3 loc-0-3)
move p4 loc-0-4 loc-1-4 :: cost: 1
    add: (person-at p4 loc-1-4)
    del: (active loc-1-4) (person-at p4 loc-0-4)
move p5 loc-0-5 loc-1-5 :: cost: 1
    add: (person-at p5 loc-1-5)
    del: (active loc-1-5) (person-at p5 loc-0-5)
move p6 loc-0-6 loc-1-6 :: cost: 1
    add: (person-at p6 loc-1-6)
    del: (active loc-1-6) (person-at p6 loc-0-6)
move p7 loc-0-7 loc-1-7 :: cost: 1
    add: (person-at p7 loc-1-7)
    del: (active loc-1-7) (person-at p7 loc-0-7)
Step 4 (active loc-1-2) (active loc-1-3) (active loc-1-4) (active loc-1-5) (active loc-1-6) (active loc-1-7) (active loc-2-2) (active loc-2-3) (active loc-2-4) (active loc-2-5) (active loc-2-6) (active loc-2-7) (active loc-3-0) (active loc-3-1) (active loc-3-2) (active loc-3-3) (active loc-3-4) (active loc-3-5) (active loc-3-6) (active loc-3-7) (active loc-4-0) (active loc-4-1) (active loc-5-0) (active loc-5-1) (active loc-5-2) (active loc-5-3) (active loc-5-4) (active loc-5-5) (active loc-5-6) (active loc-5-7) (active loc-6-0) (active loc-6-1) (active loc-6-2) (active loc-6-3) (active loc-6-4) (active loc-6-5) (active loc-6-6) (active loc-6-7) (active loc-7-0) (active loc-7-1) (active loc-7-2) (active loc-7-3) (active loc-7-4) (active loc-7-5) (active loc-7-6) (active loc-7-7) (person-at p2 loc-0-2) (person-at p3 loc-0-3) (person-at p4 loc-0-4) (person-at p5 loc-0-5) (person-at p6 loc-0-6) (person-at p7 loc-0-7) (person-at p0 loc-2-0) (person-at p1 loc-2-1)
size: 9
move p0 loc-2-0 loc-3-0 :: cost: 1
    add: (person-at p0 loc-3-0)
    del: (active loc-3-0) (person-at p0 loc-2-0)
move p1 loc-2-1 loc-2-2 :: cost: 1
    add: (person-at p1 loc-2-2)
    del: (active loc-2-2) (person-at p1 loc-2-1)
move p1 loc-2-1 loc-3-1 :: cost: 1
    add: (person-at p1 loc-3-1)
    del: (active loc-3-1) (person-at p1 loc-2-1)
move p2 loc-0-2 loc-1-2 :: cost: 1
    add: (person-at p2 loc-1-2)
    del: (active loc-1-2) (person-at p2 loc-0-2)
move p3 loc-0-3 loc-1-3 :: cost: 1
    add: (person-at p3 loc-1-3)
    del: (active loc-1-3) (person-at p3 loc-0-3)
move p4 loc-0-4 loc-1-4 :: cost: 1
    add: (person-at p4 loc-1-4)
    del: (active loc-1-4) (person-at p4 loc-0-4)
move p5 loc-0-5 loc-1-5 :: cost: 1
    add: (person-at p5 loc-1-5)
    del: (active loc-1-5) (person-at p5 loc-0-5)
move p6 loc-0-6 loc-1-6 :: cost: 1
    add: (person-at p6 loc-1-6)
    del: (active loc-1-6) (person-at p6 loc-0-6)
move p7 loc-0-7 loc-1-7 :: cost: 1
    add: (person-at p7 loc-1-7)
    del: (active loc-1-7) (person-at p7 loc-0-7)
Step 5 (active loc-1-2) (active loc-1-4) (active loc-1-5) (active loc-1-6) (active loc-1-7) (active loc-2-2) (active loc-2-3) (active loc-2-4) (active loc-2-5) (active loc-2-6) (active loc-2-7) (active loc-3-0) (active loc-3-1) (active loc-3-2) (active loc-3-3) (active loc-3-4) (active loc-3-5) (active loc-3-6) (active loc-3-7) (active loc-4-0) (active loc-4-1) (active loc-5-0) (active loc-5-1) (active loc-5-2) (active loc-5-3) (active loc-5-4) (active loc-5-5) (active loc-5-6) (active loc-5-7) (active loc-6-0) (active loc-6-1) (active loc-6-2) (active loc-6-3) (active loc-6-4) (active loc-6-5) (active loc-6-6) (active loc-6-7) (active loc-7-0) (active loc-7-1) (active loc-7-2) (active loc-7-3) (active loc-7-4) (active loc-7-5) (active loc-7-6) (active loc-7-7) (person-at p2 loc-0-2) (person-at p4 loc-0-4) (person-at p5 loc-0-5) (person-at p6 loc-0-6) (person-at p7 loc-0-7) (person-at p3 loc-1-3) (person-at p0 loc-2-0) (person-at p1 loc-2-1)
size: 11
move p0 loc-2-0 loc-3-0 :: cost: 1
    add: (person-at p0 loc-3-0)
    del: (active loc-3-0) (person-at p0 loc-2-0)
move p1 loc-2-1 loc-2-2 :: cost: 1
    add: (person-at p1 loc-2-2)
    del: (active loc-2-2) (person-at p1 loc-2-1)
move p1 loc-2-1 loc-3-1 :: cost: 1
    add: (person-at p1 loc-3-1)
    del: (active loc-3-1) (person-at p1 loc-2-1)
move p2 loc-0-2 loc-1-2 :: cost: 1
    add: (person-at p2 loc-1-2)
    del: (active loc-1-2) (person-at p2 loc-0-2)
move p3 loc-1-3 loc-1-2 :: cost: 1
    add: (person-at p3 loc-1-2)
    del: (active loc-1-2) (person-at p3 loc-1-3)
move p3 loc-1-3 loc-1-4 :: cost: 1
    add: (person-at p3 loc-1-4)
    del: (active loc-1-4) (person-at p3 loc-1-3)
move p3 loc-1-3 loc-2-3 :: cost: 1
    add: (person-at p3 loc-2-3)
    del: (active loc-2-3) (person-at p3 loc-1-3)
move p4 loc-0-4 loc-1-4 :: cost: 1
    add: (person-at p4 loc-1-4)
    del: (active loc-1-4) (person-at p4 loc-0-4)
move p5 loc-0-5 loc-1-5 :: cost: 1
    add: (person-at p5 loc-1-5)
    del: (active loc-1-5) (person-at p5 loc-0-5)
move p6 loc-0-6 loc-1-6 :: cost: 1
    add: (person-at p6 loc-1-6)
    del: (active loc-1-6) (person-at p6 loc-0-6)
move p7 loc-0-7 loc-1-7 :: cost: 1
    add: (person-at p7 loc-1-7)
    del: (active loc-1-7) (person-at p7 loc-0-7)
Step 6 (active loc-1-2) (active loc-1-5) (active loc-1-6) (active loc-1-7) (active loc-2-2) (active loc-2-3) (active loc-2-4) (active loc-2-5) (active loc-2-6) (active loc-2-7) (active loc-3-0) (active loc-3-1) (active loc-3-2) (active loc-3-3) (active loc-3-4) (active loc-3-5) (active loc-3-6) (active loc-3-7) (active loc-4-0) (active loc-4-1) (active loc-5-0) (active loc-5-1) (active loc-5-2) (active loc-5-3) (active loc-5-4) (active loc-5-5) (active loc-5-6) (active loc-5-7) (active loc-6-0) (active loc-6-1) (active loc-6-2) (active loc-6-3) (active loc-6-4) (active loc-6-5) (active loc-6-6) (active loc-6-7) (active loc-7-0) (active loc-7-1) (active loc-7-2) (active loc-7-3) (active loc-7-4) (active loc-7-5) (active loc-7-6) (active loc-7-7) (person-at p2 loc-0-2) (person-at p4 loc-0-4) (person-at p5 loc-0-5) (person-at p6 loc-0-6) (person-at p7 loc-0-7) (person-at p0 loc-2-0) (person-at p1 loc-2-1) (person-at p3 loc-1-4)
size: 9
move p0 loc-2-0 loc-3-0 :: cost: 1
    add: (person-at p0 loc-3-0)
    del: (active loc-3-0) (person-at p0 loc-2-0)
move p1 loc-2-1 loc-2-2 :: cost: 1
    add: (person-at p1 loc-2-2)
    del: (active loc-2-2) (person-at p1 loc-2-1)
move p1 loc-2-1 loc-3-1 :: cost: 1
    add: (person-at p1 loc-3-1)
    del: (active loc-3-1) (person-at p1 loc-2-1)
move p2 loc-0-2 loc-1-2 :: cost: 1
    add: (person-at p2 loc-1-2)
    del: (active loc-1-2) (person-at p2 loc-0-2)
move p3 loc-1-4 loc-1-5 :: cost: 1
    add: (person-at p3 loc-1-5)
    del: (active loc-1-5) (person-at p3 loc-1-4)
move p3 loc-1-4 loc-2-4 :: cost: 1
    add: (person-at p3 loc-2-4)
    del: (active loc-2-4) (person-at p3 loc-1-4)
move p5 loc-0-5 loc-1-5 :: cost: 1
    add: (person-at p5 loc-1-5)
    del: (active loc-1-5) (person-at p5 loc-0-5)
move p6 loc-0-6 loc-1-6 :: cost: 1
    add: (person-at p6 loc-1-6)
    del: (active loc-1-6) (person-at p6 loc-0-6)
move p7 loc-0-7 loc-1-7 :: cost: 1
    add: (person-at p7 loc-1-7)
    del: (active loc-1-7) (person-at p7 loc-0-7)
Step 7 (active loc-1-2) (active loc-1-6) (active loc-1-7) (active loc-2-2) (active loc-2-3) (active loc-2-4) (active loc-2-5) (active loc-2-6) (active loc-2-7) (active loc-3-0) (active loc-3-1) (active loc-3-2) (active loc-3-3) (active loc-3-4) (active loc-3-5) (active loc-3-6) (active loc-3-7) (active loc-4-0) (active loc-4-1) (active loc-5-0) (active loc-5-1) (active loc-5-2) (active loc-5-3) (active loc-5-4) (active loc-5-5) (active loc-5-6) (active loc-5-7) (active loc-6-0) (active loc-6-1) (active loc-6-2) (active loc-6-3) (active loc-6-4) (active loc-6-5) (active loc-6-6) (active loc-6-7) (active loc-7-0) (active loc-7-1) (active loc-7-2) (active loc-7-3) (active loc-7-4) (active loc-7-5) (active loc-7-6) (active loc-7-7) (person-at p2 loc-0-2) (person-at p4 loc-0-4) (person-at p6 loc-0-6) (person-at p7 loc-0-7) (person-at p5 loc-1-5) (person-at p0 loc-2-0) (person-at p1 loc-2-1) (person-at p3 loc-1-4)
size: 9
move p0 loc-2-0 loc-3-0 :: cost: 1
    add: (person-at p0 loc-3-0)
    del: (active loc-3-0) (person-at p0 loc-2-0)
move p1 loc-2-1 loc-2-2 :: cost: 1
    add: (person-at p1 loc-2-2)
    del: (active loc-2-2) (person-at p1 loc-2-1)
move p1 loc-2-1 loc-3-1 :: cost: 1
    add: (person-at p1 loc-3-1)
    del: (active loc-3-1) (person-at p1 loc-2-1)
move p2 loc-0-2 loc-1-2 :: cost: 1
    add: (person-at p2 loc-1-2)
    del: (active loc-1-2) (person-at p2 loc-0-2)
move p3 loc-1-4 loc-2-4 :: cost: 1
    add: (person-at p3 loc-2-4)
    del: (active loc-2-4) (person-at p3 loc-1-4)
move p5 loc-1-5 loc-1-6 :: cost: 1
    add: (person-at p5 loc-1-6)
    del: (active loc-1-6) (person-at p5 loc-1-5)
move p5 loc-1-5 loc-2-5 :: cost: 1
    add: (person-at p5 loc-2-5)
    del: (active loc-2-5) (person-at p5 loc-1-5)
move p6 loc-0-6 loc-1-6 :: cost: 1
    add: (person-at p6 loc-1-6)
    del: (active loc-1-6) (person-at p6 loc-0-6)
move p7 loc-0-7 loc-1-7 :: cost: 1
    add: (person-at p7 loc-1-7)
    del: (active loc-1-7) (person-at p7 loc-0-7)
Step 8 (active loc-1-2) (active loc-1-7) (active loc-2-2) (active loc-2-3) (active loc-2-4) (active loc-2-5) (active loc-2-6) (active loc-2-7) (active loc-3-0) (active loc-3-1) (active loc-3-2) (active loc-3-3) (active loc-3-4) (active loc-3-5) (active loc-3-6) (active loc-3-7) (active loc-4-0) (active loc-4-1) (active loc-5-0) (active loc-5-1) (active loc-5-2) (active loc-5-3) (active loc-5-4) (active loc-5-5) (active loc-5-6) (active loc-5-7) (active loc-6-0) (active loc-6-1) (active loc-6-2) (active loc-6-3) (active loc-6-4) (active loc-6-5) (active loc-6-6) (active loc-6-7) (active loc-7-0) (active loc-7-1) (active loc-7-2) (active loc-7-3) (active loc-7-4) (active loc-7-5) (active loc-7-6) (active loc-7-7) (person-at p2 loc-0-2) (person-at p4 loc-0-4) (person-at p7 loc-0-7) (person-at p5 loc-1-5) (person-at p6 loc-1-6) (person-at p0 loc-2-0) (person-at p1 loc-2-1) (person-at p3 loc-1-4)
size: 9
move p0 loc-2-0 loc-3-0 :: cost: 1
    add: (person-at p0 loc-3-0)
    del: (active loc-3-0) (person-at p0 loc-2-0)
move p1 loc-2-1 loc-2-2 :: cost: 1
    add: (person-at p1 loc-2-2)
    del: (active loc-2-2) (person-at p1 loc-2-1)
move p1 loc-2-1 loc-3-1 :: cost: 1
    add: (person-at p1 loc-3-1)
    del: (active loc-3-1) (person-at p1 loc-2-1)
move p2 loc-0-2 loc-1-2 :: cost: 1
    add: (person-at p2 loc-1-2)
    del: (active loc-1-2) (person-at p2 loc-0-2)
move p3 loc-1-4 loc-2-4 :: cost: 1
    add: (person-at p3 loc-2-4)
    del: (active loc-2-4) (person-at p3 loc-1-4)
move p5 loc-1-5 loc-2-5 :: cost: 1
    add: (person-at p5 loc-2-5)
    del: (active loc-2-5) (person-at p5 loc-1-5)
move p6 loc-1-6 loc-1-7 :: cost: 1
    add: (person-at p6 loc-1-7)
    del: (active loc-1-7) (person-at p6 loc-1-6)
move p6 loc-1-6 loc-2-6 :: cost: 1
    add: (person-at p6 loc-2-6)
    del: (active loc-2-6) (person-at p6 loc-1-6)
move p7 loc-0-7 loc-1-7 :: cost: 1
    add: (person-at p7 loc-1-7)
    del: (active loc-1-7) (person-at p7 loc-0-7)
Step 9 (active loc-1-2) (active loc-2-2) (active loc-2-3) (active loc-2-4) (active loc-2-5) (active loc-2-6) (active loc-2-7) (active loc-3-0) (active loc-3-1) (active loc-3-2) (active loc-3-3) (active loc-3-4) (active loc-3-5) (active loc-3-6) (active loc-3-7) (active loc-4-0) (active loc-4-1) (active loc-5-0) (active loc-5-1) (active loc-5-2) (active loc-5-3) (active loc-5-4) (active loc-5-5) (active loc-5-6) (active loc-5-7) (active loc-6-0) (active loc-6-1) (active loc-6-2) (active loc-6-3) (active loc-6-4) (active loc-6-5) (active loc-6-6) (active loc-6-7) (active loc-7-0) (active loc-7-1) (active loc-7-2) (active loc-7-3) (active loc-7-4) (active loc-7-5) (active loc-7-6) (active loc-7-7) (person-at p2 loc-0-2) (person-at p4 loc-0-4) (person-at p5 loc-1-5) (person-at p6 loc-1-6) (person-at p7 loc-1-7) (person-at p0 loc-2-0) (person-at p1 loc-2-1) (person-at p3 loc-1-4)
size: 8
move p0 loc-2-0 loc-3-0 :: cost: 1
    add: (person-at p0 loc-3-0)
    del: (active loc-3-0) (person-at p0 loc-2-0)
move p1 loc-2-1 loc-2-2 :: cost: 1
    add: (person-at p1 loc-2-2)
    del: (active loc-2-2) (person-at p1 loc-2-1)
move p1 loc-2-1 loc-3-1 :: cost: 1
    add: (person-at p1 loc-3-1)
    del: (active loc-3-1) (person-at p1 loc-2-1)
move p2 loc-0-2 loc-1-2 :: cost: 1
    add: (person-at p2 loc-1-2)
    del: (active loc-1-2) (person-at p2 loc-0-2)
move p3 loc-1-4 loc-2-4 :: cost: 1
    add: (person-at p3 loc-2-4)
    del: (active loc-2-4) (person-at p3 loc-1-4)
move p5 loc-1-5 loc-2-5 :: cost: 1
    add: (person-at p5 loc-2-5)
    del: (active loc-2-5) (person-at p5 loc-1-5)
move p6 loc-1-6 loc-2-6 :: cost: 1
    add: (person-at p6 loc-2-6)
    del: (active loc-2-6) (person-at p6 loc-1-6)
move p7 loc-1-7 loc-2-7 :: cost: 1
    add: (person-at p7 loc-2-7)
    del: (active loc-2-7) (person-at p7 loc-1-7)
