Domain: expedition
Problem: instance_2_sled_2
Require:
  :conditional-effects
  :disjunctive-preconditions
  :equality
  :existential-preconditions
  :negative-preconditions
  :numeric-fluents
  :object-fluents
  :strips
  :typing
  :universal-preconditions
Type:
  object
  sled - object
  waypoint - object
Obj:
  s0 - sled
  s1 - sled
  wa0 - waypoint
  wa1 - waypoint
  wa2 - waypoint
  wa3 - waypoint
  wa4 - waypoint
  wa5 - waypoint
  wa6 - waypoint
  wb0 - waypoint
  wb1 - waypoint
  wb2 - waypoint
  wb3 - waypoint
  wb4 - waypoint
  wb5 - waypoint
  wb6 - waypoint
Predicate:
  (= object object) :eq
  (at sled waypoint)
  (is_next waypoint waypoint)
Function:
  (sled_capacity sled)
  (sled_supplies sled)
  (waypoint_supplies waypoint)
Action:
  move_backwards: ?s - sled ?w1 - waypoint ?w2 - waypoint
      pre: (and (>= (sled_supplies ?s) 1) (at ?s ?w1) (is_next ?w2 ?w1))
      eff: (and (at ?s ?w2) (decrease (sled_supplies ?s) 1) (not (at ?s ?w1)))
  move_forwards: ?s - sled ?w1 - waypoint ?w2 - waypoint
      pre: (and (>= (sled_supplies ?s) 1) (at ?s ?w1) (is_next ?w1 ?w2))
      eff: (and (at ?s ?w2) (decrease (sled_supplies ?s) 1) (not (at ?s ?w1)))
  retrieve_supplies: ?s - sled ?w - waypoint
      pre: (and (> (sled_capacity ?s) (sled_supplies ?s)) (>= (waypoint_supplies ?w) 1) (at ?s ?w))
      eff: (and (decrease (waypoint_supplies ?w) 1) (increase (sled_supplies ?s) 1))
  store_supplies: ?s - sled ?w - waypoint
      pre: (and (>= (sled_supplies ?s) 1) (at ?s ?w))
      eff: (and (decrease (sled_supplies ?s) 1) (increase (waypoint_supplies ?w) 1))
Init:
  (= (sled_capacity s0) 4)
  (= (sled_capacity s1) 4)
  (= (sled_supplies s0) 1)
  (= (sled_supplies s1) 1)
  (= (waypoint_supplies wa0) 1000)
  (= (waypoint_supplies wa1) 0)
  (= (waypoint_supplies wa2) 0)
  (= (waypoint_supplies wa3) 0)
  (= (waypoint_supplies wa4) 0)
  (= (waypoint_supplies wa5) 0)
  (= (waypoint_supplies wa6) 0)
  (= (waypoint_supplies wb0) 1000)
  (= (waypoint_supplies wb1) 0)
  (= (waypoint_supplies wb2) 0)
  (= (waypoint_supplies wb3) 0)
  (= (waypoint_supplies wb4) 0)
  (= (waypoint_supplies wb5) 0)
  (= (waypoint_supplies wb6) 0)
  (at s0 wa0)
  (at s1 wb0)
  (is_next wa0 wa1)
  (is_next wa1 wa2)
  (is_next wa2 wa3)
  (is_next wa3 wa4)
  (is_next wa4 wa5)
  (is_next wa5 wa6)
  (is_next wb0 wb1)
  (is_next wb1 wb2)
  (is_next wb2 wb3)
  (is_next wb3 wb4)
  (is_next wb4 wb5)
  (is_next wb5 wb6)
Goal:
  (and (at s0 wa6) (at s1 wb6))
Metric:
Pred prop:
  (at sled waypoint): in_init in_pre in_goal in_eff
  (is_next waypoint waypoint): in_init in_pre
Func prop:
  (sled_capacity sled): in_init init_all_nonneg init_all_int in_pre write_delta_nonneg write_delta_nonneg_int
  (sled_supplies sled): in_init init_all_nonneg init_all_int in_pre in_eff
  (waypoint_supplies waypoint): in_init init_all_nonneg init_all_int in_pre in_eff
Global prop:
  has_num_cmp
  is_numeric
  is_unit_cost
