Require:
  - :negative-preconditions
Predicate:
  + (NOT-in_place road) neg-of (in_place)
  - (in_place road)
  + (in_place road) neg-of (NOT-in_place)
Action:
  - build_diagonal_oneway: ?xy_initial - junction ?xy_final - junction ?r1 - road
      pre: (and (clear ?xy_final) (diagonal ?xy_initial ?xy_final) (not (in_place ?r1)))
      eff: (and (in_place ?r1) (increase (total-cost) 30) (road_connect ?r1 ?xy_initial ?xy_final))
  + build_diagonal_oneway: ?xy_initial - junction ?xy_final - junction ?r1 - road
      pre: (and (NOT-in_place ?r1) (clear ?xy_final) (diagonal ?xy_initial ?xy_final))
      eff: (and (in_place ?r1) (increase (total-cost) 30) (not (NOT-in_place ?r1)) (road_connect ?r1 ?xy_initial ?xy_final))
  - build_straight_oneway: ?xy_initial - junction ?xy_final - junction ?r1 - road
      pre: (and (clear ?xy_final) (not (in_place ?r1)) (same_line ?xy_initial ?xy_final))
      eff: (and (in_place ?r1) (increase (total-cost) 20) (road_connect ?r1 ?xy_initial ?xy_final))
  + build_straight_oneway: ?xy_initial - junction ?xy_final - junction ?r1 - road
      pre: (and (NOT-in_place ?r1) (clear ?xy_final) (same_line ?xy_initial ?xy_final))
      eff: (and (in_place ?r1) (increase (total-cost) 20) (not (NOT-in_place ?r1)) (road_connect ?r1 ?xy_initial ?xy_final))
  - destroy_road: ?xy_initial - junction ?xy_final - junction ?r1 - road
      pre: (and (in_place ?r1) (road_connect ?r1 ?xy_initial ?xy_final))
      eff: (and (increase (total-cost) 10) (not (in_place ?r1)) (not (road_connect ?r1 ?xy_initial ?xy_final)) (when (at_car_road car0 ?r1) (and (at_car_jun car0 ?xy_initial) (not (at_car_road car0 ?r1)))) (when (at_car_road car1 ?r1) (and (at_car_jun car1 ?xy_initial) (not (at_car_road car1 ?r1)))) (when (at_car_road car2 ?r1) (and (at_car_jun car2 ?xy_initial) (not (at_car_road car2 ?r1)))))
  + destroy_road: ?xy_initial - junction ?xy_final - junction ?r1 - road
      pre: (and (in_place ?r1) (road_connect ?r1 ?xy_initial ?xy_final))
      eff: (and (NOT-in_place ?r1) (increase (total-cost) 10) (not (in_place ?r1)) (not (road_connect ?r1 ?xy_initial ?xy_final)) (when (at_car_road car0 ?r1) (and (at_car_jun car0 ?xy_initial) (not (at_car_road car0 ?r1)))) (when (at_car_road car1 ?r1) (and (at_car_jun car1 ?xy_initial) (not (at_car_road car1 ?r1)))) (when (at_car_road car2 ?r1) (and (at_car_jun car2 ?xy_initial) (not (at_car_road car2 ?r1)))))
Init:
  + (NOT-in_place road0)
  + (NOT-in_place road1)
  + (NOT-in_place road2)
  + (NOT-in_place road3)
  + (NOT-in_place road4)
Pred prop:
  + (NOT-in_place road): in_init in_pre in_eff
  - (in_place road): in_pre in_pre_neg in_eff
  + (in_place road): in_pre in_eff
