Step 0 (lift-at f0) (NOT-served p0) (NOT-served p1)
size: 4
stop f0 :: cost: 1
    add:
    del:
up f0 f1 :: cost: 1
    add: (lift-at f1)
    del: (lift-at f0)
up f0 f2 :: cost: 1
    add: (lift-at f2)
    del: (lift-at f0)
up f0 f3 :: cost: 1
    add: (lift-at f3)
    del: (lift-at f0)
Step 1 (lift-at f0) (NOT-served p0) (NOT-served p1)
size: 4
stop f0 :: cost: 1
    add:
    del:
up f0 f1 :: cost: 1
    add: (lift-at f1)
    del: (lift-at f0)
up f0 f2 :: cost: 1
    add: (lift-at f2)
    del: (lift-at f0)
up f0 f3 :: cost: 1
    add: (lift-at f3)
    del: (lift-at f0)
Step 2 (NOT-served p0) (NOT-served p1) (lift-at f1)
size: 4
stop f1 :: cost: 1
    add: (boarded p1)
    del:
up f1 f2 :: cost: 1
    add: (lift-at f2)
    del: (lift-at f1)
up f1 f3 :: cost: 1
    add: (lift-at f3)
    del: (lift-at f1)
down f1 f0 :: cost: 1
    add: (lift-at f0)
    del: (lift-at f1)
Step 3 (NOT-served p0) (NOT-served p1) (lift-at f3)
size: 4
stop f3 :: cost: 1
    add: (boarded p0)
    del:
down f3 f0 :: cost: 1
    add: (lift-at f0)
    del: (lift-at f3)
down f3 f1 :: cost: 1
    add: (lift-at f1)
    del: (lift-at f3)
down f3 f2 :: cost: 1
    add: (lift-at f2)
    del: (lift-at f3)
Step 4 (NOT-served p0) (NOT-served p1) (lift-at f2)
size: 4
stop f2 :: cost: 1
    add:
    del:
up f2 f3 :: cost: 1
    add: (lift-at f3)
    del: (lift-at f2)
down f2 f0 :: cost: 1
    add: (lift-at f0)
    del: (lift-at f2)
down f2 f1 :: cost: 1
    add: (lift-at f1)
    del: (lift-at f2)
Step 5 (NOT-served p0) (NOT-served p1) (lift-at f2)
size: 4
stop f2 :: cost: 1
    add:
    del:
up f2 f3 :: cost: 1
    add: (lift-at f3)
    del: (lift-at f2)
down f2 f0 :: cost: 1
    add: (lift-at f0)
    del: (lift-at f2)
down f2 f1 :: cost: 1
    add: (lift-at f1)
    del: (lift-at f2)
Step 6 (NOT-served p0) (NOT-served p1) (lift-at f3)
size: 4
stop f3 :: cost: 1
    add: (boarded p0)
    del:
down f3 f0 :: cost: 1
    add: (lift-at f0)
    del: (lift-at f3)
down f3 f1 :: cost: 1
    add: (lift-at f1)
    del: (lift-at f3)
down f3 f2 :: cost: 1
    add: (lift-at f2)
    del: (lift-at f3)
Step 7 (NOT-served p0) (NOT-served p1) (lift-at f1)
size: 4
stop f1 :: cost: 1
    add: (boarded p1)
    del:
up f1 f2 :: cost: 1
    add: (lift-at f2)
    del: (lift-at f1)
up f1 f3 :: cost: 1
    add: (lift-at f3)
    del: (lift-at f1)
down f1 f0 :: cost: 1
    add: (lift-at f0)
    del: (lift-at f1)
Step 8 (lift-at f0) (NOT-served p0) (NOT-served p1)
size: 4
stop f0 :: cost: 1
    add:
    del:
up f0 f1 :: cost: 1
    add: (lift-at f1)
    del: (lift-at f0)
up f0 f2 :: cost: 1
    add: (lift-at f2)
    del: (lift-at f0)
up f0 f3 :: cost: 1
    add: (lift-at f3)
    del: (lift-at f0)
Step 9 (lift-at f0) (NOT-served p0) (NOT-served p1)
size: 4
stop f0 :: cost: 1
    add:
    del:
up f0 f1 :: cost: 1
    add: (lift-at f1)
    del: (lift-at f0)
up f0 f2 :: cost: 1
    add: (lift-at f2)
    del: (lift-at f0)
up f0 f3 :: cost: 1
    add: (lift-at f3)
    del: (lift-at f0)
