begin_version
3
end_version
begin_metric
1
end_metric
18
begin_variable
var0
-1
9
in crate0 truck0
in crate0 truck1
lifting hoist0 crate0
lifting hoist1 crate0
lifting hoist2 crate0
on crate0 crate1
on crate0 pallet0
on crate0 pallet1
on crate0 pallet2
end_variable
begin_variable
var1
-1
9
in crate1 truck0
in crate1 truck1
lifting hoist0 crate1
lifting hoist1 crate1
lifting hoist2 crate1
on crate1 crate0
on crate1 pallet0
on crate1 pallet1
on crate1 pallet2
end_variable
begin_variable
var2
-1
4
at crate0 depot0
at crate0 distributor0
at crate0 distributor1
none-of-those
end_variable
begin_variable
var3
-1
4
at crate1 depot0
at crate1 distributor0
at crate1 distributor1
none-of-those
end_variable
begin_variable
var4
-1
3
at truck0 depot0
at truck0 distributor0
at truck0 distributor1
end_variable
begin_variable
var5
-1
3
at truck1 depot0
at truck1 distributor0
at truck1 distributor1
end_variable
begin_variable
var6
-1
2
available hoist0
none-of-those
end_variable
begin_variable
var7
-1
2
available hoist1
none-of-those
end_variable
begin_variable
var8
-1
2
available hoist2
none-of-those
end_variable
begin_variable
var9
-1
2
clear crate0
none-of-those
end_variable
begin_variable
var10
-1
2
clear crate1
none-of-those
end_variable
begin_variable
var11
-1
2
clear pallet0
none-of-those
end_variable
begin_variable
var12
-1
2
clear pallet1
none-of-those
end_variable
begin_variable
var13
-1
2
clear pallet2
none-of-those
end_variable
begin_variable
var14
-1
2
NOT-0:0:0:in crate0 truck0-1:0:9:in crate1 truck0
0:0:0:in crate0 truck0-1:0:9:in crate1 truck0
end_variable
begin_variable
var15
-1
2
NOT-0:0:0:in crate0 truck0-13:1:47:none-of-those
0:0:0:in crate0 truck0-13:1:47:none-of-those
end_variable
begin_variable
var16
-1
2
NOT-0:0:0:in crate0 truck0-1:0:9:in crate1 truck0-13:1:47:none-of-those
0:0:0:in crate0 truck0-1:0:9:in crate1 truck0-13:1:47:none-of-those
end_variable
begin_variable
var17
-1
2
NOT-0:1:1:in crate0 truck1-1:0:9:in crate1 truck0
0:1:1:in crate0 truck1-1:0:9:in crate1 truck0
end_variable
0
begin_state
7
6
1
0
2
0
0
0
0
0
0
1
1
0
0
0
0
0
end_state
begin_goal
2
0 8
1 7
end_goal
251
begin_operator
drive truck0 depot0 distributor0
0
1
0 4 0 1
1
end_operator
begin_operator
drive truck0 depot0 distributor1
0
1
0 4 0 2
1
end_operator
begin_operator
drive truck0 distributor0 depot0
0
1
0 4 1 0
1
end_operator
begin_operator
drive truck0 distributor0 distributor1
0
1
0 4 1 2
1
end_operator
begin_operator
drive truck0 distributor1 depot0
0
1
0 4 2 0
1
end_operator
begin_operator
drive truck0 distributor1 distributor0
0
1
0 4 2 1
1
end_operator
begin_operator
drive truck1 depot0 distributor0
0
1
0 5 0 1
1
end_operator
begin_operator
drive truck1 depot0 distributor1
0
1
0 5 0 2
1
end_operator
begin_operator
drive truck1 distributor0 depot0
0
1
0 5 1 0
1
end_operator
begin_operator
drive truck1 distributor0 distributor1
0
1
0 5 1 2
1
end_operator
begin_operator
drive truck1 distributor1 depot0
0
1
0 5 2 0
1
end_operator
begin_operator
drive truck1 distributor1 distributor0
0
1
0 5 2 1
1
end_operator
begin_operator
drop hoist0 crate0 crate1 depot0
1
3 0
5
0 0 2 5
0 2 -1 0
0 6 -1 0
0 9 -1 0
0 10 0 1
1
end_operator
begin_operator
drop hoist0 crate0 pallet0 depot0
0
5
0 0 2 6
0 2 -1 0
0 6 -1 0
0 9 -1 0
0 11 0 1
1
end_operator
begin_operator
drop hoist0 crate1 crate0 depot0
1
2 0
5
0 1 2 5
0 3 -1 0
0 6 -1 0
0 9 0 1
0 10 -1 0
1
end_operator
begin_operator
drop hoist0 crate1 pallet0 depot0
0
5
0 1 2 6
0 3 -1 0
0 6 -1 0
0 10 -1 0
0 11 0 1
1
end_operator
begin_operator
drop hoist1 crate0 crate1 distributor0
1
3 1
5
0 0 3 5
0 2 -1 1
0 7 -1 0
0 9 -1 0
0 10 0 1
1
end_operator
begin_operator
drop hoist1 crate0 pallet1 distributor0
0
5
0 0 3 7
0 2 -1 1
0 7 -1 0
0 9 -1 0
0 12 0 1
1
end_operator
begin_operator
drop hoist1 crate1 crate0 distributor0
1
2 1
5
0 1 3 5
0 3 -1 1
0 7 -1 0
0 9 0 1
0 10 -1 0
1
end_operator
begin_operator
drop hoist1 crate1 pallet1 distributor0
0
5
0 1 3 7
0 3 -1 1
0 7 -1 0
0 10 -1 0
0 12 0 1
1
end_operator
begin_operator
drop hoist2 crate0 crate1 distributor1
1
3 2
5
0 0 4 5
0 2 -1 2
0 8 -1 0
0 9 -1 0
0 10 0 1
1
end_operator
begin_operator
drop hoist2 crate0 pallet2 distributor1
0
5
0 0 4 8
0 2 -1 2
0 8 -1 0
0 9 -1 0
0 13 0 1
1
end_operator
begin_operator
drop hoist2 crate1 crate0 distributor1
1
2 2
5
0 1 4 5
0 3 -1 2
0 8 -1 0
0 9 0 1
0 10 -1 0
1
end_operator
begin_operator
drop hoist2 crate1 pallet2 distributor1
1
0 0
6
0 1 4 8
0 3 -1 2
0 8 -1 0
0 10 -1 0
0 13 0 1
0 15 0 1
1
end_operator
begin_operator
drop hoist2 crate1 pallet2 distributor1
2
0 1
15 0
5
0 1 4 8
0 3 -1 2
0 8 -1 0
0 10 -1 0
0 13 0 1
1
end_operator
begin_operator
drop hoist2 crate1 pallet2 distributor1
2
0 2
15 0
5
0 1 4 8
0 3 -1 2
0 8 -1 0
0 10 -1 0
0 13 0 1
1
end_operator
begin_operator
drop hoist2 crate1 pallet2 distributor1
2
0 3
15 0
5
0 1 4 8
0 3 -1 2
0 8 -1 0
0 10 -1 0
0 13 0 1
1
end_operator
begin_operator
drop hoist2 crate1 pallet2 distributor1
2
0 6
15 0
5
0 1 4 8
0 3 -1 2
0 8 -1 0
0 10 -1 0
0 13 0 1
1
end_operator
begin_operator
drop hoist2 crate1 pallet2 distributor1
2
0 7
15 0
5
0 1 4 8
0 3 -1 2
0 8 -1 0
0 10 -1 0
0 13 0 1
1
end_operator
begin_operator
lift hoist0 crate0 crate1 depot0
0
5
0 0 5 2
0 2 0 3
0 6 0 1
0 9 0 1
0 10 -1 0
1
end_operator
begin_operator
lift hoist0 crate0 pallet0 depot0
0
5
0 0 6 2
0 2 0 3
0 6 0 1
0 9 0 1
0 11 -1 0
1
end_operator
begin_operator
lift hoist0 crate1 crate0 depot0
0
5
0 1 5 2
0 3 0 3
0 6 0 1
0 9 -1 0
0 10 0 1
1
end_operator
begin_operator
lift hoist0 crate1 pallet0 depot0
0
5
0 1 6 2
0 3 0 3
0 6 0 1
0 10 0 1
0 11 -1 0
1
end_operator
begin_operator
lift hoist1 crate0 crate1 distributor0
0
5
0 0 5 3
0 2 1 3
0 7 0 1
0 9 0 1
0 10 -1 0
1
end_operator
begin_operator
lift hoist1 crate0 pallet1 distributor0
0
5
0 0 7 3
0 2 1 3
0 7 0 1
0 9 0 1
0 12 -1 0
1
end_operator
begin_operator
lift hoist1 crate1 crate0 distributor0
0
5
0 1 5 3
0 3 1 3
0 7 0 1
0 9 -1 0
0 10 0 1
1
end_operator
begin_operator
lift hoist1 crate1 pallet1 distributor0
0
5
0 1 7 3
0 3 1 3
0 7 0 1
0 10 0 1
0 12 -1 0
1
end_operator
begin_operator
lift hoist2 crate0 crate1 distributor1
0
5
0 0 5 4
0 2 2 3
0 8 0 1
0 9 0 1
0 10 -1 0
1
end_operator
begin_operator
lift hoist2 crate0 pallet2 distributor1
0
5
0 0 8 4
0 2 2 3
0 8 0 1
0 9 0 1
0 13 -1 0
1
end_operator
begin_operator
lift hoist2 crate1 crate0 distributor1
0
5
0 1 5 4
0 3 2 3
0 8 0 1
0 9 -1 0
0 10 0 1
1
end_operator
begin_operator
lift hoist2 crate1 pallet2 distributor1
2
0 0
15 0
5
0 1 8 4
0 3 2 3
0 8 0 1
0 10 0 1
0 13 -1 0
1
end_operator
begin_operator
lift hoist2 crate1 pallet2 distributor1
2
0 1
15 0
5
0 1 8 4
0 3 2 3
0 8 0 1
0 10 0 1
0 13 -1 0
1
end_operator
begin_operator
lift hoist2 crate1 pallet2 distributor1
2
0 2
15 0
5
0 1 8 4
0 3 2 3
0 8 0 1
0 10 0 1
0 13 -1 0
1
end_operator
begin_operator
lift hoist2 crate1 pallet2 distributor1
2
0 3
15 0
5
0 1 8 4
0 3 2 3
0 8 0 1
0 10 0 1
0 13 -1 0
1
end_operator
begin_operator
lift hoist2 crate1 pallet2 distributor1
2
0 6
15 0
5
0 1 8 4
0 3 2 3
0 8 0 1
0 10 0 1
0 13 -1 0
1
end_operator
begin_operator
lift hoist2 crate1 pallet2 distributor1
2
0 7
15 0
5
0 1 8 4
0 3 2 3
0 8 0 1
0 10 0 1
0 13 -1 0
1
end_operator
begin_operator
lift hoist2 crate1 pallet2 distributor1
1
0 0
6
0 1 8 4
0 3 2 3
0 8 0 1
0 10 0 1
0 13 1 0
0 15 1 0
1
end_operator
begin_operator
load hoist0 crate0 truck0 depot0
5
1 0
4 0
13 0
15 0
16 0
3
0 0 2 0
0 6 -1 0
0 14 0 1
1
end_operator
begin_operator
load hoist0 crate0 truck0 depot0
3
1 0
4 0
13 1
5
0 0 2 0
0 6 -1 0
0 14 0 1
0 15 0 1
0 16 0 1
1
end_operator
begin_operator
load hoist0 crate0 truck0 depot0
6
1 1
4 0
13 0
14 0
15 0
16 0
2
0 0 2 0
0 6 -1 0
1
end_operator
begin_operator
load hoist0 crate0 truck0 depot0
5
1 1
4 0
13 1
14 0
16 0
3
0 0 2 0
0 6 -1 0
0 15 0 1
1
end_operator
begin_operator
load hoist0 crate0 truck0 depot0
6
1 3
4 0
13 0
14 0
15 0
16 0
2
0 0 2 0
0 6 -1 0
1
end_operator
begin_operator
load hoist0 crate0 truck0 depot0
5
1 3
4 0
13 1
14 0
16 0
3
0 0 2 0
0 6 -1 0
0 15 0 1
1
end_operator
begin_operator
load hoist0 crate0 truck0 depot0
6
1 4
4 0
13 0
14 0
15 0
16 0
2
0 0 2 0
0 6 -1 0
1
end_operator
begin_operator
load hoist0 crate0 truck0 depot0
5
1 4
4 0
13 1
14 0
16 0
3
0 0 2 0
0 6 -1 0
0 15 0 1
1
end_operator
begin_operator
load hoist0 crate0 truck0 depot0
6
1 6
4 0
13 0
14 0
15 0
16 0
2
0 0 2 0
0 6 -1 0
1
end_operator
begin_operator
load hoist0 crate0 truck0 depot0
5
1 6
4 0
13 1
14 0
16 0
3
0 0 2 0
0 6 -1 0
0 15 0 1
1
end_operator
begin_operator
load hoist0 crate0 truck0 depot0
6
1 7
4 0
13 0
14 0
15 0
16 0
2
0 0 2 0
0 6 -1 0
1
end_operator
begin_operator
load hoist0 crate0 truck0 depot0
5
1 7
4 0
13 1
14 0
16 0
3
0 0 2 0
0 6 -1 0
0 15 0 1
1
end_operator
begin_operator
load hoist0 crate0 truck0 depot0
5
1 8
4 0
13 1
14 0
16 0
3
0 0 2 0
0 6 -1 0
0 15 0 1
1
end_operator
begin_operator
load hoist0 crate0 truck1 depot0
2
1 0
5 0
3
0 0 2 1
0 6 -1 0
0 17 0 1
1
end_operator
begin_operator
load hoist0 crate0 truck1 depot0
3
1 1
5 0
17 0
2
0 0 2 1
0 6 -1 0
1
end_operator
begin_operator
load hoist0 crate0 truck1 depot0
3
1 3
5 0
17 0
2
0 0 2 1
0 6 -1 0
1
end_operator
begin_operator
load hoist0 crate0 truck1 depot0
3
1 4
5 0
17 0
2
0 0 2 1
0 6 -1 0
1
end_operator
begin_operator
load hoist0 crate0 truck1 depot0
3
1 6
5 0
17 0
2
0 0 2 1
0 6 -1 0
1
end_operator
begin_operator
load hoist0 crate0 truck1 depot0
3
1 7
5 0
17 0
2
0 0 2 1
0 6 -1 0
1
end_operator
begin_operator
load hoist0 crate0 truck1 depot0
3
1 8
5 0
17 0
2
0 0 2 1
0 6 -1 0
1
end_operator
begin_operator
load hoist0 crate1 truck0 depot0
5
0 0
4 0
13 0
16 0
17 0
3
0 1 2 0
0 6 -1 0
0 14 0 1
1
end_operator
begin_operator
load hoist0 crate1 truck0 depot0
4
0 0
4 0
13 1
17 0
4
0 1 2 0
0 6 -1 0
0 14 0 1
0 16 0 1
1
end_operator
begin_operator
load hoist0 crate1 truck0 depot0
5
0 1
4 0
13 0
14 0
16 0
3
0 1 2 0
0 6 -1 0
0 17 0 1
1
end_operator
begin_operator
load hoist0 crate1 truck0 depot0
5
0 1
4 0
13 1
14 0
16 0
3
0 1 2 0
0 6 -1 0
0 17 0 1
1
end_operator
begin_operator
load hoist0 crate1 truck0 depot0
6
0 3
4 0
13 0
14 0
16 0
17 0
2
0 1 2 0
0 6 -1 0
1
end_operator
begin_operator
load hoist0 crate1 truck0 depot0
6
0 3
4 0
13 1
14 0
16 0
17 0
2
0 1 2 0
0 6 -1 0
1
end_operator
begin_operator
load hoist0 crate1 truck0 depot0
6
0 4
4 0
13 0
14 0
16 0
17 0
2
0 1 2 0
0 6 -1 0
1
end_operator
begin_operator
load hoist0 crate1 truck0 depot0
6
0 4
4 0
13 1
14 0
16 0
17 0
2
0 1 2 0
0 6 -1 0
1
end_operator
begin_operator
load hoist0 crate1 truck0 depot0
6
0 6
4 0
13 0
14 0
16 0
17 0
2
0 1 2 0
0 6 -1 0
1
end_operator
begin_operator
load hoist0 crate1 truck0 depot0
6
0 6
4 0
13 1
14 0
16 0
17 0
2
0 1 2 0
0 6 -1 0
1
end_operator
begin_operator
load hoist0 crate1 truck0 depot0
6
0 7
4 0
13 0
14 0
16 0
17 0
2
0 1 2 0
0 6 -1 0
1
end_operator
begin_operator
load hoist0 crate1 truck0 depot0
6
0 7
4 0
13 1
14 0
16 0
17 0
2
0 1 2 0
0 6 -1 0
1
end_operator
begin_operator
load hoist0 crate1 truck0 depot0
6
0 8
4 0
13 1
14 0
16 0
17 0
2
0 1 2 0
0 6 -1 0
1
end_operator
begin_operator
load hoist0 crate1 truck1 depot0
1
5 0
2
0 1 2 1
0 6 -1 0
1
end_operator
begin_operator
load hoist1 crate0 truck0 distributor0
5
1 0
4 1
13 0
15 0
16 0
3
0 0 3 0
0 7 -1 0
0 14 0 1
1
end_operator
begin_operator
load hoist1 crate0 truck0 distributor0
3
1 0
4 1
13 1
5
0 0 3 0
0 7 -1 0
0 14 0 1
0 15 0 1
0 16 0 1
1
end_operator
begin_operator
load hoist1 crate0 truck0 distributor0
6
1 1
4 1
13 0
14 0
15 0
16 0
2
0 0 3 0
0 7 -1 0
1
end_operator
begin_operator
load hoist1 crate0 truck0 distributor0
5
1 1
4 1
13 1
14 0
16 0
3
0 0 3 0
0 7 -1 0
0 15 0 1
1
end_operator
begin_operator
load hoist1 crate0 truck0 distributor0
6
1 2
4 1
13 0
14 0
15 0
16 0
2
0 0 3 0
0 7 -1 0
1
end_operator
begin_operator
load hoist1 crate0 truck0 distributor0
5
1 2
4 1
13 1
14 0
16 0
3
0 0 3 0
0 7 -1 0
0 15 0 1
1
end_operator
begin_operator
load hoist1 crate0 truck0 distributor0
6
1 4
4 1
13 0
14 0
15 0
16 0
2
0 0 3 0
0 7 -1 0
1
end_operator
begin_operator
load hoist1 crate0 truck0 distributor0
5
1 4
4 1
13 1
14 0
16 0
3
0 0 3 0
0 7 -1 0
0 15 0 1
1
end_operator
begin_operator
load hoist1 crate0 truck0 distributor0
6
1 6
4 1
13 0
14 0
15 0
16 0
2
0 0 3 0
0 7 -1 0
1
end_operator
begin_operator
load hoist1 crate0 truck0 distributor0
5
1 6
4 1
13 1
14 0
16 0
3
0 0 3 0
0 7 -1 0
0 15 0 1
1
end_operator
begin_operator
load hoist1 crate0 truck0 distributor0
6
1 7
4 1
13 0
14 0
15 0
16 0
2
0 0 3 0
0 7 -1 0
1
end_operator
begin_operator
load hoist1 crate0 truck0 distributor0
5
1 7
4 1
13 1
14 0
16 0
3
0 0 3 0
0 7 -1 0
0 15 0 1
1
end_operator
begin_operator
load hoist1 crate0 truck0 distributor0
5
1 8
4 1
13 1
14 0
16 0
3
0 0 3 0
0 7 -1 0
0 15 0 1
1
end_operator
begin_operator
load hoist1 crate0 truck1 distributor0
2
1 0
5 1
3
0 0 3 1
0 7 -1 0
0 17 0 1
1
end_operator
begin_operator
load hoist1 crate0 truck1 distributor0
3
1 1
5 1
17 0
2
0 0 3 1
0 7 -1 0
1
end_operator
begin_operator
load hoist1 crate0 truck1 distributor0
3
1 2
5 1
17 0
2
0 0 3 1
0 7 -1 0
1
end_operator
begin_operator
load hoist1 crate0 truck1 distributor0
3
1 4
5 1
17 0
2
0 0 3 1
0 7 -1 0
1
end_operator
begin_operator
load hoist1 crate0 truck1 distributor0
3
1 6
5 1
17 0
2
0 0 3 1
0 7 -1 0
1
end_operator
begin_operator
load hoist1 crate0 truck1 distributor0
3
1 7
5 1
17 0
2
0 0 3 1
0 7 -1 0
1
end_operator
begin_operator
load hoist1 crate0 truck1 distributor0
3
1 8
5 1
17 0
2
0 0 3 1
0 7 -1 0
1
end_operator
begin_operator
load hoist1 crate1 truck0 distributor0
5
0 0
4 1
13 0
16 0
17 0
3
0 1 3 0
0 7 -1 0
0 14 0 1
1
end_operator
begin_operator
load hoist1 crate1 truck0 distributor0
4
0 0
4 1
13 1
17 0
4
0 1 3 0
0 7 -1 0
0 14 0 1
0 16 0 1
1
end_operator
begin_operator
load hoist1 crate1 truck0 distributor0
5
0 1
4 1
13 0
14 0
16 0
3
0 1 3 0
0 7 -1 0
0 17 0 1
1
end_operator
begin_operator
load hoist1 crate1 truck0 distributor0
5
0 1
4 1
13 1
14 0
16 0
3
0 1 3 0
0 7 -1 0
0 17 0 1
1
end_operator
begin_operator
load hoist1 crate1 truck0 distributor0
6
0 2
4 1
13 0
14 0
16 0
17 0
2
0 1 3 0
0 7 -1 0
1
end_operator
begin_operator
load hoist1 crate1 truck0 distributor0
6
0 2
4 1
13 1
14 0
16 0
17 0
2
0 1 3 0
0 7 -1 0
1
end_operator
begin_operator
load hoist1 crate1 truck0 distributor0
6
0 4
4 1
13 0
14 0
16 0
17 0
2
0 1 3 0
0 7 -1 0
1
end_operator
begin_operator
load hoist1 crate1 truck0 distributor0
6
0 4
4 1
13 1
14 0
16 0
17 0
2
0 1 3 0
0 7 -1 0
1
end_operator
begin_operator
load hoist1 crate1 truck0 distributor0
6
0 6
4 1
13 0
14 0
16 0
17 0
2
0 1 3 0
0 7 -1 0
1
end_operator
begin_operator
load hoist1 crate1 truck0 distributor0
6
0 6
4 1
13 1
14 0
16 0
17 0
2
0 1 3 0
0 7 -1 0
1
end_operator
begin_operator
load hoist1 crate1 truck0 distributor0
6
0 7
4 1
13 0
14 0
16 0
17 0
2
0 1 3 0
0 7 -1 0
1
end_operator
begin_operator
load hoist1 crate1 truck0 distributor0
6
0 7
4 1
13 1
14 0
16 0
17 0
2
0 1 3 0
0 7 -1 0
1
end_operator
begin_operator
load hoist1 crate1 truck0 distributor0
6
0 8
4 1
13 1
14 0
16 0
17 0
2
0 1 3 0
0 7 -1 0
1
end_operator
begin_operator
load hoist1 crate1 truck1 distributor0
1
5 1
2
0 1 3 1
0 7 -1 0
1
end_operator
begin_operator
load hoist2 crate0 truck0 distributor1
5
1 0
4 2
13 0
15 0
16 0
3
0 0 4 0
0 8 -1 0
0 14 0 1
1
end_operator
begin_operator
load hoist2 crate0 truck0 distributor1
3
1 0
4 2
13 1
5
0 0 4 0
0 8 -1 0
0 14 0 1
0 15 0 1
0 16 0 1
1
end_operator
begin_operator
load hoist2 crate0 truck0 distributor1
6
1 1
4 2
13 0
14 0
15 0
16 0
2
0 0 4 0
0 8 -1 0
1
end_operator
begin_operator
load hoist2 crate0 truck0 distributor1
5
1 1
4 2
13 1
14 0
16 0
3
0 0 4 0
0 8 -1 0
0 15 0 1
1
end_operator
begin_operator
load hoist2 crate0 truck0 distributor1
6
1 2
4 2
13 0
14 0
15 0
16 0
2
0 0 4 0
0 8 -1 0
1
end_operator
begin_operator
load hoist2 crate0 truck0 distributor1
5
1 2
4 2
13 1
14 0
16 0
3
0 0 4 0
0 8 -1 0
0 15 0 1
1
end_operator
begin_operator
load hoist2 crate0 truck0 distributor1
6
1 3
4 2
13 0
14 0
15 0
16 0
2
0 0 4 0
0 8 -1 0
1
end_operator
begin_operator
load hoist2 crate0 truck0 distributor1
5
1 3
4 2
13 1
14 0
16 0
3
0 0 4 0
0 8 -1 0
0 15 0 1
1
end_operator
begin_operator
load hoist2 crate0 truck0 distributor1
6
1 6
4 2
13 0
14 0
15 0
16 0
2
0 0 4 0
0 8 -1 0
1
end_operator
begin_operator
load hoist2 crate0 truck0 distributor1
5
1 6
4 2
13 1
14 0
16 0
3
0 0 4 0
0 8 -1 0
0 15 0 1
1
end_operator
begin_operator
load hoist2 crate0 truck0 distributor1
6
1 7
4 2
13 0
14 0
15 0
16 0
2
0 0 4 0
0 8 -1 0
1
end_operator
begin_operator
load hoist2 crate0 truck0 distributor1
5
1 7
4 2
13 1
14 0
16 0
3
0 0 4 0
0 8 -1 0
0 15 0 1
1
end_operator
begin_operator
load hoist2 crate0 truck0 distributor1
5
1 8
4 2
13 1
14 0
16 0
3
0 0 4 0
0 8 -1 0
0 15 0 1
1
end_operator
begin_operator
load hoist2 crate0 truck1 distributor1
2
1 0
5 2
3
0 0 4 1
0 8 -1 0
0 17 0 1
1
end_operator
begin_operator
load hoist2 crate0 truck1 distributor1
3
1 1
5 2
17 0
2
0 0 4 1
0 8 -1 0
1
end_operator
begin_operator
load hoist2 crate0 truck1 distributor1
3
1 2
5 2
17 0
2
0 0 4 1
0 8 -1 0
1
end_operator
begin_operator
load hoist2 crate0 truck1 distributor1
3
1 3
5 2
17 0
2
0 0 4 1
0 8 -1 0
1
end_operator
begin_operator
load hoist2 crate0 truck1 distributor1
3
1 6
5 2
17 0
2
0 0 4 1
0 8 -1 0
1
end_operator
begin_operator
load hoist2 crate0 truck1 distributor1
3
1 7
5 2
17 0
2
0 0 4 1
0 8 -1 0
1
end_operator
begin_operator
load hoist2 crate0 truck1 distributor1
3
1 8
5 2
17 0
2
0 0 4 1
0 8 -1 0
1
end_operator
begin_operator
load hoist2 crate1 truck0 distributor1
5
0 0
4 2
13 0
16 0
17 0
3
0 1 4 0
0 8 -1 0
0 14 0 1
1
end_operator
begin_operator
load hoist2 crate1 truck0 distributor1
4
0 0
4 2
13 1
17 0
4
0 1 4 0
0 8 -1 0
0 14 0 1
0 16 0 1
1
end_operator
begin_operator
load hoist2 crate1 truck0 distributor1
5
0 1
4 2
13 0
14 0
16 0
3
0 1 4 0
0 8 -1 0
0 17 0 1
1
end_operator
begin_operator
load hoist2 crate1 truck0 distributor1
5
0 1
4 2
13 1
14 0
16 0
3
0 1 4 0
0 8 -1 0
0 17 0 1
1
end_operator
begin_operator
load hoist2 crate1 truck0 distributor1
6
0 2
4 2
13 0
14 0
16 0
17 0
2
0 1 4 0
0 8 -1 0
1
end_operator
begin_operator
load hoist2 crate1 truck0 distributor1
6
0 2
4 2
13 1
14 0
16 0
17 0
2
0 1 4 0
0 8 -1 0
1
end_operator
begin_operator
load hoist2 crate1 truck0 distributor1
6
0 3
4 2
13 0
14 0
16 0
17 0
2
0 1 4 0
0 8 -1 0
1
end_operator
begin_operator
load hoist2 crate1 truck0 distributor1
6
0 3
4 2
13 1
14 0
16 0
17 0
2
0 1 4 0
0 8 -1 0
1
end_operator
begin_operator
load hoist2 crate1 truck0 distributor1
6
0 6
4 2
13 0
14 0
16 0
17 0
2
0 1 4 0
0 8 -1 0
1
end_operator
begin_operator
load hoist2 crate1 truck0 distributor1
6
0 6
4 2
13 1
14 0
16 0
17 0
2
0 1 4 0
0 8 -1 0
1
end_operator
begin_operator
load hoist2 crate1 truck0 distributor1
6
0 7
4 2
13 0
14 0
16 0
17 0
2
0 1 4 0
0 8 -1 0
1
end_operator
begin_operator
load hoist2 crate1 truck0 distributor1
6
0 7
4 2
13 1
14 0
16 0
17 0
2
0 1 4 0
0 8 -1 0
1
end_operator
begin_operator
load hoist2 crate1 truck0 distributor1
6
0 8
4 2
13 1
14 0
16 0
17 0
2
0 1 4 0
0 8 -1 0
1
end_operator
begin_operator
load hoist2 crate1 truck1 distributor1
1
5 2
2
0 1 4 1
0 8 -1 0
1
end_operator
begin_operator
unload hoist0 crate0 truck0 depot0
6
1 1
4 0
13 0
14 0
15 0
16 0
2
0 0 0 2
0 6 0 1
1
end_operator
begin_operator
unload hoist0 crate0 truck0 depot0
6
1 3
4 0
13 0
14 0
15 0
16 0
2
0 0 0 2
0 6 0 1
1
end_operator
begin_operator
unload hoist0 crate0 truck0 depot0
6
1 4
4 0
13 0
14 0
15 0
16 0
2
0 0 0 2
0 6 0 1
1
end_operator
begin_operator
unload hoist0 crate0 truck0 depot0
6
1 6
4 0
13 0
14 0
15 0
16 0
2
0 0 0 2
0 6 0 1
1
end_operator
begin_operator
unload hoist0 crate0 truck0 depot0
6
1 7
4 0
13 0
14 0
15 0
16 0
2
0 0 0 2
0 6 0 1
1
end_operator
begin_operator
unload hoist0 crate0 truck0 depot0
5
1 1
4 0
13 1
14 0
16 0
3
0 0 0 2
0 6 0 1
0 15 1 0
1
end_operator
begin_operator
unload hoist0 crate0 truck0 depot0
5
1 3
4 0
13 1
14 0
16 0
3
0 0 0 2
0 6 0 1
0 15 1 0
1
end_operator
begin_operator
unload hoist0 crate0 truck0 depot0
5
1 4
4 0
13 1
14 0
16 0
3
0 0 0 2
0 6 0 1
0 15 1 0
1
end_operator
begin_operator
unload hoist0 crate0 truck0 depot0
5
1 6
4 0
13 1
14 0
16 0
3
0 0 0 2
0 6 0 1
0 15 1 0
1
end_operator
begin_operator
unload hoist0 crate0 truck0 depot0
5
1 7
4 0
13 1
14 0
16 0
3
0 0 0 2
0 6 0 1
0 15 1 0
1
end_operator
begin_operator
unload hoist0 crate0 truck0 depot0
5
1 8
4 0
13 1
14 0
16 0
3
0 0 0 2
0 6 0 1
0 15 1 0
1
end_operator
begin_operator
unload hoist0 crate0 truck0 depot0
5
1 0
4 0
13 0
15 0
16 0
3
0 0 0 2
0 6 0 1
0 14 1 0
1
end_operator
begin_operator
unload hoist0 crate0 truck0 depot0
3
1 0
4 0
13 1
5
0 0 0 2
0 6 0 1
0 14 1 0
0 15 1 0
0 16 1 0
1
end_operator
begin_operator
unload hoist0 crate0 truck1 depot0
3
1 1
5 0
17 0
2
0 0 1 2
0 6 0 1
1
end_operator
begin_operator
unload hoist0 crate0 truck1 depot0
3
1 3
5 0
17 0
2
0 0 1 2
0 6 0 1
1
end_operator
begin_operator
unload hoist0 crate0 truck1 depot0
3
1 4
5 0
17 0
2
0 0 1 2
0 6 0 1
1
end_operator
begin_operator
unload hoist0 crate0 truck1 depot0
3
1 6
5 0
17 0
2
0 0 1 2
0 6 0 1
1
end_operator
begin_operator
unload hoist0 crate0 truck1 depot0
3
1 7
5 0
17 0
2
0 0 1 2
0 6 0 1
1
end_operator
begin_operator
unload hoist0 crate0 truck1 depot0
3
1 8
5 0
17 0
2
0 0 1 2
0 6 0 1
1
end_operator
begin_operator
unload hoist0 crate0 truck1 depot0
2
1 0
5 0
3
0 0 1 2
0 6 0 1
0 17 1 0
1
end_operator
begin_operator
unload hoist0 crate1 truck0 depot0
6
0 3
4 0
13 0
14 0
16 0
17 0
2
0 1 0 2
0 6 0 1
1
end_operator
begin_operator
unload hoist0 crate1 truck0 depot0
6
0 3
4 0
13 1
14 0
16 0
17 0
2
0 1 0 2
0 6 0 1
1
end_operator
begin_operator
unload hoist0 crate1 truck0 depot0
6
0 4
4 0
13 0
14 0
16 0
17 0
2
0 1 0 2
0 6 0 1
1
end_operator
begin_operator
unload hoist0 crate1 truck0 depot0
6
0 4
4 0
13 1
14 0
16 0
17 0
2
0 1 0 2
0 6 0 1
1
end_operator
begin_operator
unload hoist0 crate1 truck0 depot0
6
0 6
4 0
13 0
14 0
16 0
17 0
2
0 1 0 2
0 6 0 1
1
end_operator
begin_operator
unload hoist0 crate1 truck0 depot0
6
0 6
4 0
13 1
14 0
16 0
17 0
2
0 1 0 2
0 6 0 1
1
end_operator
begin_operator
unload hoist0 crate1 truck0 depot0
6
0 7
4 0
13 0
14 0
16 0
17 0
2
0 1 0 2
0 6 0 1
1
end_operator
begin_operator
unload hoist0 crate1 truck0 depot0
6
0 7
4 0
13 1
14 0
16 0
17 0
2
0 1 0 2
0 6 0 1
1
end_operator
begin_operator
unload hoist0 crate1 truck0 depot0
6
0 8
4 0
13 1
14 0
16 0
17 0
2
0 1 0 2
0 6 0 1
1
end_operator
begin_operator
unload hoist0 crate1 truck0 depot0
5
0 1
4 0
13 0
14 0
16 0
3
0 1 0 2
0 6 0 1
0 17 1 0
1
end_operator
begin_operator
unload hoist0 crate1 truck0 depot0
5
0 1
4 0
13 1
14 0
16 0
3
0 1 0 2
0 6 0 1
0 17 1 0
1
end_operator
begin_operator
unload hoist0 crate1 truck0 depot0
5
0 0
4 0
13 0
16 0
17 0
3
0 1 0 2
0 6 0 1
0 14 1 0
1
end_operator
begin_operator
unload hoist0 crate1 truck0 depot0
4
0 0
4 0
13 1
17 0
4
0 1 0 2
0 6 0 1
0 14 1 0
0 16 1 0
1
end_operator
begin_operator
unload hoist0 crate1 truck1 depot0
1
5 0
2
0 1 1 2
0 6 0 1
1
end_operator
begin_operator
unload hoist1 crate0 truck0 distributor0
6
1 1
4 1
13 0
14 0
15 0
16 0
2
0 0 0 3
0 7 0 1
1
end_operator
begin_operator
unload hoist1 crate0 truck0 distributor0
6
1 2
4 1
13 0
14 0
15 0
16 0
2
0 0 0 3
0 7 0 1
1
end_operator
begin_operator
unload hoist1 crate0 truck0 distributor0
6
1 4
4 1
13 0
14 0
15 0
16 0
2
0 0 0 3
0 7 0 1
1
end_operator
begin_operator
unload hoist1 crate0 truck0 distributor0
6
1 6
4 1
13 0
14 0
15 0
16 0
2
0 0 0 3
0 7 0 1
1
end_operator
begin_operator
unload hoist1 crate0 truck0 distributor0
6
1 7
4 1
13 0
14 0
15 0
16 0
2
0 0 0 3
0 7 0 1
1
end_operator
begin_operator
unload hoist1 crate0 truck0 distributor0
5
1 1
4 1
13 1
14 0
16 0
3
0 0 0 3
0 7 0 1
0 15 1 0
1
end_operator
begin_operator
unload hoist1 crate0 truck0 distributor0
5
1 2
4 1
13 1
14 0
16 0
3
0 0 0 3
0 7 0 1
0 15 1 0
1
end_operator
begin_operator
unload hoist1 crate0 truck0 distributor0
5
1 4
4 1
13 1
14 0
16 0
3
0 0 0 3
0 7 0 1
0 15 1 0
1
end_operator
begin_operator
unload hoist1 crate0 truck0 distributor0
5
1 6
4 1
13 1
14 0
16 0
3
0 0 0 3
0 7 0 1
0 15 1 0
1
end_operator
begin_operator
unload hoist1 crate0 truck0 distributor0
5
1 7
4 1
13 1
14 0
16 0
3
0 0 0 3
0 7 0 1
0 15 1 0
1
end_operator
begin_operator
unload hoist1 crate0 truck0 distributor0
5
1 8
4 1
13 1
14 0
16 0
3
0 0 0 3
0 7 0 1
0 15 1 0
1
end_operator
begin_operator
unload hoist1 crate0 truck0 distributor0
5
1 0
4 1
13 0
15 0
16 0
3
0 0 0 3
0 7 0 1
0 14 1 0
1
end_operator
begin_operator
unload hoist1 crate0 truck0 distributor0
3
1 0
4 1
13 1
5
0 0 0 3
0 7 0 1
0 14 1 0
0 15 1 0
0 16 1 0
1
end_operator
begin_operator
unload hoist1 crate0 truck1 distributor0
3
1 1
5 1
17 0
2
0 0 1 3
0 7 0 1
1
end_operator
begin_operator
unload hoist1 crate0 truck1 distributor0
3
1 2
5 1
17 0
2
0 0 1 3
0 7 0 1
1
end_operator
begin_operator
unload hoist1 crate0 truck1 distributor0
3
1 4
5 1
17 0
2
0 0 1 3
0 7 0 1
1
end_operator
begin_operator
unload hoist1 crate0 truck1 distributor0
3
1 6
5 1
17 0
2
0 0 1 3
0 7 0 1
1
end_operator
begin_operator
unload hoist1 crate0 truck1 distributor0
3
1 7
5 1
17 0
2
0 0 1 3
0 7 0 1
1
end_operator
begin_operator
unload hoist1 crate0 truck1 distributor0
3
1 8
5 1
17 0
2
0 0 1 3
0 7 0 1
1
end_operator
begin_operator
unload hoist1 crate0 truck1 distributor0
2
1 0
5 1
3
0 0 1 3
0 7 0 1
0 17 1 0
1
end_operator
begin_operator
unload hoist1 crate1 truck0 distributor0
6
0 2
4 1
13 0
14 0
16 0
17 0
2
0 1 0 3
0 7 0 1
1
end_operator
begin_operator
unload hoist1 crate1 truck0 distributor0
6
0 2
4 1
13 1
14 0
16 0
17 0
2
0 1 0 3
0 7 0 1
1
end_operator
begin_operator
unload hoist1 crate1 truck0 distributor0
6
0 4
4 1
13 0
14 0
16 0
17 0
2
0 1 0 3
0 7 0 1
1
end_operator
begin_operator
unload hoist1 crate1 truck0 distributor0
6
0 4
4 1
13 1
14 0
16 0
17 0
2
0 1 0 3
0 7 0 1
1
end_operator
begin_operator
unload hoist1 crate1 truck0 distributor0
6
0 6
4 1
13 0
14 0
16 0
17 0
2
0 1 0 3
0 7 0 1
1
end_operator
begin_operator
unload hoist1 crate1 truck0 distributor0
6
0 6
4 1
13 1
14 0
16 0
17 0
2
0 1 0 3
0 7 0 1
1
end_operator
begin_operator
unload hoist1 crate1 truck0 distributor0
6
0 7
4 1
13 0
14 0
16 0
17 0
2
0 1 0 3
0 7 0 1
1
end_operator
begin_operator
unload hoist1 crate1 truck0 distributor0
6
0 7
4 1
13 1
14 0
16 0
17 0
2
0 1 0 3
0 7 0 1
1
end_operator
begin_operator
unload hoist1 crate1 truck0 distributor0
6
0 8
4 1
13 1
14 0
16 0
17 0
2
0 1 0 3
0 7 0 1
1
end_operator
begin_operator
unload hoist1 crate1 truck0 distributor0
5
0 1
4 1
13 0
14 0
16 0
3
0 1 0 3
0 7 0 1
0 17 1 0
1
end_operator
begin_operator
unload hoist1 crate1 truck0 distributor0
5
0 1
4 1
13 1
14 0
16 0
3
0 1 0 3
0 7 0 1
0 17 1 0
1
end_operator
begin_operator
unload hoist1 crate1 truck0 distributor0
5
0 0
4 1
13 0
16 0
17 0
3
0 1 0 3
0 7 0 1
0 14 1 0
1
end_operator
begin_operator
unload hoist1 crate1 truck0 distributor0
4
0 0
4 1
13 1
17 0
4
0 1 0 3
0 7 0 1
0 14 1 0
0 16 1 0
1
end_operator
begin_operator
unload hoist1 crate1 truck1 distributor0
1
5 1
2
0 1 1 3
0 7 0 1
1
end_operator
begin_operator
unload hoist2 crate0 truck0 distributor1
6
1 1
4 2
13 0
14 0
15 0
16 0
2
0 0 0 4
0 8 0 1
1
end_operator
begin_operator
unload hoist2 crate0 truck0 distributor1
6
1 2
4 2
13 0
14 0
15 0
16 0
2
0 0 0 4
0 8 0 1
1
end_operator
begin_operator
unload hoist2 crate0 truck0 distributor1
6
1 3
4 2
13 0
14 0
15 0
16 0
2
0 0 0 4
0 8 0 1
1
end_operator
begin_operator
unload hoist2 crate0 truck0 distributor1
6
1 6
4 2
13 0
14 0
15 0
16 0
2
0 0 0 4
0 8 0 1
1
end_operator
begin_operator
unload hoist2 crate0 truck0 distributor1
6
1 7
4 2
13 0
14 0
15 0
16 0
2
0 0 0 4
0 8 0 1
1
end_operator
begin_operator
unload hoist2 crate0 truck0 distributor1
5
1 1
4 2
13 1
14 0
16 0
3
0 0 0 4
0 8 0 1
0 15 1 0
1
end_operator
begin_operator
unload hoist2 crate0 truck0 distributor1
5
1 2
4 2
13 1
14 0
16 0
3
0 0 0 4
0 8 0 1
0 15 1 0
1
end_operator
begin_operator
unload hoist2 crate0 truck0 distributor1
5
1 3
4 2
13 1
14 0
16 0
3
0 0 0 4
0 8 0 1
0 15 1 0
1
end_operator
begin_operator
unload hoist2 crate0 truck0 distributor1
5
1 6
4 2
13 1
14 0
16 0
3
0 0 0 4
0 8 0 1
0 15 1 0
1
end_operator
begin_operator
unload hoist2 crate0 truck0 distributor1
5
1 7
4 2
13 1
14 0
16 0
3
0 0 0 4
0 8 0 1
0 15 1 0
1
end_operator
begin_operator
unload hoist2 crate0 truck0 distributor1
5
1 8
4 2
13 1
14 0
16 0
3
0 0 0 4
0 8 0 1
0 15 1 0
1
end_operator
begin_operator
unload hoist2 crate0 truck0 distributor1
5
1 0
4 2
13 0
15 0
16 0
3
0 0 0 4
0 8 0 1
0 14 1 0
1
end_operator
begin_operator
unload hoist2 crate0 truck0 distributor1
3
1 0
4 2
13 1
5
0 0 0 4
0 8 0 1
0 14 1 0
0 15 1 0
0 16 1 0
1
end_operator
begin_operator
unload hoist2 crate0 truck1 distributor1
3
1 1
5 2
17 0
2
0 0 1 4
0 8 0 1
1
end_operator
begin_operator
unload hoist2 crate0 truck1 distributor1
3
1 2
5 2
17 0
2
0 0 1 4
0 8 0 1
1
end_operator
begin_operator
unload hoist2 crate0 truck1 distributor1
3
1 3
5 2
17 0
2
0 0 1 4
0 8 0 1
1
end_operator
begin_operator
unload hoist2 crate0 truck1 distributor1
3
1 6
5 2
17 0
2
0 0 1 4
0 8 0 1
1
end_operator
begin_operator
unload hoist2 crate0 truck1 distributor1
3
1 7
5 2
17 0
2
0 0 1 4
0 8 0 1
1
end_operator
begin_operator
unload hoist2 crate0 truck1 distributor1
3
1 8
5 2
17 0
2
0 0 1 4
0 8 0 1
1
end_operator
begin_operator
unload hoist2 crate0 truck1 distributor1
2
1 0
5 2
3
0 0 1 4
0 8 0 1
0 17 1 0
1
end_operator
begin_operator
unload hoist2 crate1 truck0 distributor1
6
0 2
4 2
13 0
14 0
16 0
17 0
2
0 1 0 4
0 8 0 1
1
end_operator
begin_operator
unload hoist2 crate1 truck0 distributor1
6
0 2
4 2
13 1
14 0
16 0
17 0
2
0 1 0 4
0 8 0 1
1
end_operator
begin_operator
unload hoist2 crate1 truck0 distributor1
6
0 3
4 2
13 0
14 0
16 0
17 0
2
0 1 0 4
0 8 0 1
1
end_operator
begin_operator
unload hoist2 crate1 truck0 distributor1
6
0 3
4 2
13 1
14 0
16 0
17 0
2
0 1 0 4
0 8 0 1
1
end_operator
begin_operator
unload hoist2 crate1 truck0 distributor1
6
0 6
4 2
13 0
14 0
16 0
17 0
2
0 1 0 4
0 8 0 1
1
end_operator
begin_operator
unload hoist2 crate1 truck0 distributor1
6
0 6
4 2
13 1
14 0
16 0
17 0
2
0 1 0 4
0 8 0 1
1
end_operator
begin_operator
unload hoist2 crate1 truck0 distributor1
6
0 7
4 2
13 0
14 0
16 0
17 0
2
0 1 0 4
0 8 0 1
1
end_operator
begin_operator
unload hoist2 crate1 truck0 distributor1
6
0 7
4 2
13 1
14 0
16 0
17 0
2
0 1 0 4
0 8 0 1
1
end_operator
begin_operator
unload hoist2 crate1 truck0 distributor1
6
0 8
4 2
13 1
14 0
16 0
17 0
2
0 1 0 4
0 8 0 1
1
end_operator
begin_operator
unload hoist2 crate1 truck0 distributor1
5
0 1
4 2
13 0
14 0
16 0
3
0 1 0 4
0 8 0 1
0 17 1 0
1
end_operator
begin_operator
unload hoist2 crate1 truck0 distributor1
5
0 1
4 2
13 1
14 0
16 0
3
0 1 0 4
0 8 0 1
0 17 1 0
1
end_operator
begin_operator
unload hoist2 crate1 truck0 distributor1
5
0 0
4 2
13 0
16 0
17 0
3
0 1 0 4
0 8 0 1
0 14 1 0
1
end_operator
begin_operator
unload hoist2 crate1 truck0 distributor1
4
0 0
4 2
13 1
17 0
4
0 1 0 4
0 8 0 1
0 14 1 0
0 16 1 0
1
end_operator
begin_operator
unload hoist2 crate1 truck1 distributor1
1
5 2
2
0 1 1 4
0 8 0 1
1
end_operator
0
