begin_version
3
end_version
begin_metric
1
end_metric
40
begin_variable
var0
-1
2
Atom at(truck1, depot0)
<none of those>
end_variable
begin_variable
var1
-1
2
Atom at(truck1, distributor0)
<none of those>
end_variable
begin_variable
var2
-1
2
Atom at(truck1, distributor1)
<none of those>
end_variable
begin_variable
var3
-1
2
Atom at(truck0, depot0)
<none of those>
end_variable
begin_variable
var4
-1
2
Atom at(truck0, distributor0)
<none of those>
end_variable
begin_variable
var5
-1
2
Atom at(truck0, distributor1)
<none of those>
end_variable
begin_variable
var6
-1
2
Atom in(crate0, truck0)
<none of those>
end_variable
begin_variable
var7
-1
2
Atom in(crate0, truck1)
<none of those>
end_variable
begin_variable
var8
-1
2
Atom in(crate1, truck0)
<none of those>
end_variable
begin_variable
var9
-1
2
Atom in(crate1, truck1)
<none of those>
end_variable
begin_variable
var10
-1
2
Atom on(crate0, pallet0)
<none of those>
end_variable
begin_variable
var11
-1
2
Atom on(crate0, pallet1)
<none of those>
end_variable
begin_variable
var12
-1
2
Atom on(crate1, pallet0)
<none of those>
end_variable
begin_variable
var13
-1
2
Atom on(crate1, pallet2)
<none of those>
end_variable
begin_variable
var14
-1
2
Atom at(crate0, depot0)
<none of those>
end_variable
begin_variable
var15
-1
2
Atom on(crate0, crate0)
<none of those>
end_variable
begin_variable
var16
-1
2
Atom at(crate0, distributor0)
<none of those>
end_variable
begin_variable
var17
-1
2
Atom on(crate0, crate1)
<none of those>
end_variable
begin_variable
var18
-1
2
Atom at(crate0, distributor1)
<none of those>
end_variable
begin_variable
var19
-1
2
Atom on(crate1, crate0)
<none of those>
end_variable
begin_variable
var20
-1
2
Atom at(crate1, depot0)
<none of those>
end_variable
begin_variable
var21
-1
2
Atom at(crate1, distributor0)
<none of those>
end_variable
begin_variable
var22
-1
2
Atom on(crate1, crate1)
<none of those>
end_variable
begin_variable
var23
-1
2
Atom at(crate1, distributor1)
<none of those>
end_variable
begin_variable
var24
-1
2
Atom clear(pallet0)
<none of those>
end_variable
begin_variable
var25
-1
2
Atom lifting(hoist0, crate0)
<none of those>
end_variable
begin_variable
var26
-1
2
Atom lifting(hoist0, crate1)
<none of those>
end_variable
begin_variable
var27
-1
2
Atom available(hoist0)
<none of those>
end_variable
begin_variable
var28
-1
2
Atom clear(pallet1)
<none of those>
end_variable
begin_variable
var29
-1
2
Atom clear(pallet2)
<none of those>
end_variable
begin_variable
var30
-1
2
Atom lifting(hoist1, crate0)
<none of those>
end_variable
begin_variable
var31
-1
2
Atom lifting(hoist1, crate1)
<none of those>
end_variable
begin_variable
var32
-1
2
Atom lifting(hoist2, crate0)
<none of those>
end_variable
begin_variable
var33
-1
2
Atom lifting(hoist2, crate1)
<none of those>
end_variable
begin_variable
var34
-1
2
Atom available(hoist1)
<none of those>
end_variable
begin_variable
var35
-1
2
Atom clear(crate0)
<none of those>
end_variable
begin_variable
var36
-1
2
Atom clear(crate1)
<none of those>
end_variable
begin_variable
var37
-1
2
Atom available(hoist2)
<none of those>
end_variable
begin_variable
var38
-1
2
Atom on(crate0, pallet2)
<none of those>
end_variable
begin_variable
var39
-1
2
Atom on(crate1, pallet1)
<none of those>
end_variable
0
begin_state
0
1
1
1
1
0
1
1
1
1
1
0
0
1
1
1
0
1
1
1
0
1
1
1
1
1
1
0
1
0
1
1
1
1
0
0
0
0
1
1
end_state
begin_goal
2
38 0
39 0
end_goal
84
begin_operator
drive truck0 depot0 distributor0
0
2
0 3 0 1
0 4 -1 0
1
end_operator
begin_operator
drive truck0 depot0 distributor1
0
2
0 3 0 1
0 5 -1 0
1
end_operator
begin_operator
drive truck0 distributor0 depot0
0
2
0 3 -1 0
0 4 0 1
1
end_operator
begin_operator
drive truck0 distributor0 distributor1
0
2
0 4 0 1
0 5 -1 0
1
end_operator
begin_operator
drive truck0 distributor1 depot0
0
2
0 3 -1 0
0 5 0 1
1
end_operator
begin_operator
drive truck0 distributor1 distributor0
0
2
0 4 -1 0
0 5 0 1
1
end_operator
begin_operator
drive truck1 depot0 distributor0
0
2
0 0 0 1
0 1 -1 0
1
end_operator
begin_operator
drive truck1 depot0 distributor1
0
2
0 0 0 1
0 2 -1 0
1
end_operator
begin_operator
drive truck1 distributor0 depot0
0
2
0 0 -1 0
0 1 0 1
1
end_operator
begin_operator
drive truck1 distributor0 distributor1
0
2
0 1 0 1
0 2 -1 0
1
end_operator
begin_operator
drive truck1 distributor1 depot0
0
2
0 0 -1 0
0 2 0 1
1
end_operator
begin_operator
drive truck1 distributor1 distributor0
0
2
0 1 -1 0
0 2 0 1
1
end_operator
begin_operator
drop hoist0 crate0 crate0 depot0
2
14 0
35 0
3
0 15 -1 0
0 25 0 1
0 27 -1 0
1
end_operator
begin_operator
drop hoist0 crate0 crate1 depot0
1
20 0
6
0 14 -1 0
0 17 -1 0
0 25 0 1
0 27 -1 0
0 35 -1 0
0 36 0 1
1
end_operator
begin_operator
drop hoist0 crate0 pallet0 depot0
0
6
0 10 -1 0
0 14 -1 0
0 24 0 1
0 25 0 1
0 27 -1 0
0 35 -1 0
1
end_operator
begin_operator
drop hoist0 crate1 crate0 depot0
1
14 0
6
0 19 -1 0
0 20 -1 0
0 26 0 1
0 27 -1 0
0 35 0 1
0 36 -1 0
1
end_operator
begin_operator
drop hoist0 crate1 crate1 depot0
2
20 0
36 0
3
0 22 -1 0
0 26 0 1
0 27 -1 0
1
end_operator
begin_operator
drop hoist0 crate1 pallet0 depot0
0
6
0 12 -1 0
0 20 -1 0
0 24 0 1
0 26 0 1
0 27 -1 0
0 36 -1 0
1
end_operator
begin_operator
drop hoist1 crate0 crate0 distributor0
2
16 0
35 0
3
0 15 -1 0
0 30 0 1
0 34 -1 0
1
end_operator
begin_operator
drop hoist1 crate0 crate1 distributor0
1
21 0
6
0 16 -1 0
0 17 -1 0
0 30 0 1
0 34 -1 0
0 35 -1 0
0 36 0 1
1
end_operator
begin_operator
drop hoist1 crate0 pallet1 distributor0
0
6
0 11 -1 0
0 16 -1 0
0 28 0 1
0 30 0 1
0 34 -1 0
0 35 -1 0
1
end_operator
begin_operator
drop hoist1 crate1 crate0 distributor0
1
16 0
6
0 19 -1 0
0 21 -1 0
0 31 0 1
0 34 -1 0
0 35 0 1
0 36 -1 0
1
end_operator
begin_operator
drop hoist1 crate1 crate1 distributor0
2
21 0
36 0
3
0 22 -1 0
0 31 0 1
0 34 -1 0
1
end_operator
begin_operator
drop hoist1 crate1 pallet1 distributor0
0
6
0 21 -1 0
0 28 0 1
0 31 0 1
0 34 -1 0
0 36 -1 0
0 39 -1 0
1
end_operator
begin_operator
drop hoist2 crate0 crate0 distributor1
2
18 0
35 0
3
0 15 -1 0
0 32 0 1
0 37 -1 0
1
end_operator
begin_operator
drop hoist2 crate0 crate1 distributor1
1
23 0
6
0 17 -1 0
0 18 -1 0
0 32 0 1
0 35 -1 0
0 36 0 1
0 37 -1 0
1
end_operator
begin_operator
drop hoist2 crate0 pallet2 distributor1
0
6
0 18 -1 0
0 29 0 1
0 32 0 1
0 35 -1 0
0 37 -1 0
0 38 -1 0
1
end_operator
begin_operator
drop hoist2 crate1 crate0 distributor1
1
18 0
6
0 19 -1 0
0 23 -1 0
0 33 0 1
0 35 0 1
0 36 -1 0
0 37 -1 0
1
end_operator
begin_operator
drop hoist2 crate1 crate1 distributor1
2
23 0
36 0
3
0 22 -1 0
0 33 0 1
0 37 -1 0
1
end_operator
begin_operator
drop hoist2 crate1 pallet2 distributor1
0
6
0 13 -1 0
0 23 -1 0
0 29 0 1
0 33 0 1
0 36 -1 0
0 37 -1 0
1
end_operator
begin_operator
lift hoist0 crate0 crate0 depot0
1
35 0
4
0 14 0 1
0 15 0 1
0 25 -1 0
0 27 0 1
1
end_operator
begin_operator
lift hoist0 crate0 crate1 depot0
0
6
0 14 0 1
0 17 0 1
0 25 -1 0
0 27 0 1
0 35 0 1
0 36 -1 0
1
end_operator
begin_operator
lift hoist0 crate0 pallet0 depot0
0
6
0 10 0 1
0 14 0 1
0 24 -1 0
0 25 -1 0
0 27 0 1
0 35 0 1
1
end_operator
begin_operator
lift hoist0 crate0 pallet1 depot0
0
6
0 11 0 1
0 14 0 1
0 25 -1 0
0 27 0 1
0 28 -1 0
0 35 0 1
1
end_operator
begin_operator
lift hoist0 crate0 pallet2 depot0
0
6
0 14 0 1
0 25 -1 0
0 27 0 1
0 29 -1 0
0 35 0 1
0 38 0 1
1
end_operator
begin_operator
lift hoist0 crate1 crate0 depot0
0
6
0 19 0 1
0 20 0 1
0 26 -1 0
0 27 0 1
0 35 -1 0
0 36 0 1
1
end_operator
begin_operator
lift hoist0 crate1 crate1 depot0
1
36 0
4
0 20 0 1
0 22 0 1
0 26 -1 0
0 27 0 1
1
end_operator
begin_operator
lift hoist0 crate1 pallet0 depot0
0
6
0 12 0 1
0 20 0 1
0 24 -1 0
0 26 -1 0
0 27 0 1
0 36 0 1
1
end_operator
begin_operator
lift hoist0 crate1 pallet1 depot0
0
6
0 20 0 1
0 26 -1 0
0 27 0 1
0 28 -1 0
0 36 0 1
0 39 0 1
1
end_operator
begin_operator
lift hoist0 crate1 pallet2 depot0
0
6
0 13 0 1
0 20 0 1
0 26 -1 0
0 27 0 1
0 29 -1 0
0 36 0 1
1
end_operator
begin_operator
lift hoist1 crate0 crate0 distributor0
1
35 0
4
0 15 0 1
0 16 0 1
0 30 -1 0
0 34 0 1
1
end_operator
begin_operator
lift hoist1 crate0 crate1 distributor0
0
6
0 16 0 1
0 17 0 1
0 30 -1 0
0 34 0 1
0 35 0 1
0 36 -1 0
1
end_operator
begin_operator
lift hoist1 crate0 pallet0 distributor0
0
6
0 10 0 1
0 16 0 1
0 24 -1 0
0 30 -1 0
0 34 0 1
0 35 0 1
1
end_operator
begin_operator
lift hoist1 crate0 pallet1 distributor0
0
6
0 11 0 1
0 16 0 1
0 28 -1 0
0 30 -1 0
0 34 0 1
0 35 0 1
1
end_operator
begin_operator
lift hoist1 crate0 pallet2 distributor0
0
6
0 16 0 1
0 29 -1 0
0 30 -1 0
0 34 0 1
0 35 0 1
0 38 0 1
1
end_operator
begin_operator
lift hoist1 crate1 crate0 distributor0
0
6
0 19 0 1
0 21 0 1
0 31 -1 0
0 34 0 1
0 35 -1 0
0 36 0 1
1
end_operator
begin_operator
lift hoist1 crate1 crate1 distributor0
1
36 0
4
0 21 0 1
0 22 0 1
0 31 -1 0
0 34 0 1
1
end_operator
begin_operator
lift hoist1 crate1 pallet0 distributor0
0
6
0 12 0 1
0 21 0 1
0 24 -1 0
0 31 -1 0
0 34 0 1
0 36 0 1
1
end_operator
begin_operator
lift hoist1 crate1 pallet1 distributor0
0
6
0 21 0 1
0 28 -1 0
0 31 -1 0
0 34 0 1
0 36 0 1
0 39 0 1
1
end_operator
begin_operator
lift hoist1 crate1 pallet2 distributor0
0
6
0 13 0 1
0 21 0 1
0 29 -1 0
0 31 -1 0
0 34 0 1
0 36 0 1
1
end_operator
begin_operator
lift hoist2 crate0 crate0 distributor1
1
35 0
4
0 15 0 1
0 18 0 1
0 32 -1 0
0 37 0 1
1
end_operator
begin_operator
lift hoist2 crate0 crate1 distributor1
0
6
0 17 0 1
0 18 0 1
0 32 -1 0
0 35 0 1
0 36 -1 0
0 37 0 1
1
end_operator
begin_operator
lift hoist2 crate0 pallet0 distributor1
0
6
0 10 0 1
0 18 0 1
0 24 -1 0
0 32 -1 0
0 35 0 1
0 37 0 1
1
end_operator
begin_operator
lift hoist2 crate0 pallet1 distributor1
0
6
0 11 0 1
0 18 0 1
0 28 -1 0
0 32 -1 0
0 35 0 1
0 37 0 1
1
end_operator
begin_operator
lift hoist2 crate0 pallet2 distributor1
0
6
0 18 0 1
0 29 -1 0
0 32 -1 0
0 35 0 1
0 37 0 1
0 38 0 1
1
end_operator
begin_operator
lift hoist2 crate1 crate0 distributor1
0
6
0 19 0 1
0 23 0 1
0 33 -1 0
0 35 -1 0
0 36 0 1
0 37 0 1
1
end_operator
begin_operator
lift hoist2 crate1 crate1 distributor1
1
36 0
4
0 22 0 1
0 23 0 1
0 33 -1 0
0 37 0 1
1
end_operator
begin_operator
lift hoist2 crate1 pallet0 distributor1
0
6
0 12 0 1
0 23 0 1
0 24 -1 0
0 33 -1 0
0 36 0 1
0 37 0 1
1
end_operator
begin_operator
lift hoist2 crate1 pallet1 distributor1
0
6
0 23 0 1
0 28 -1 0
0 33 -1 0
0 36 0 1
0 37 0 1
0 39 0 1
1
end_operator
begin_operator
lift hoist2 crate1 pallet2 distributor1
0
6
0 13 0 1
0 23 0 1
0 29 -1 0
0 33 -1 0
0 36 0 1
0 37 0 1
1
end_operator
begin_operator
load hoist0 crate0 truck0 depot0
1
3 0
3
0 6 -1 0
0 25 0 1
0 27 -1 0
1
end_operator
begin_operator
load hoist0 crate0 truck1 depot0
1
0 0
3
0 7 -1 0
0 25 0 1
0 27 -1 0
1
end_operator
begin_operator
load hoist0 crate1 truck0 depot0
1
3 0
3
0 8 -1 0
0 26 0 1
0 27 -1 0
1
end_operator
begin_operator
load hoist0 crate1 truck1 depot0
1
0 0
3
0 9 -1 0
0 26 0 1
0 27 -1 0
1
end_operator
begin_operator
load hoist1 crate0 truck0 distributor0
1
4 0
3
0 6 -1 0
0 30 0 1
0 34 -1 0
1
end_operator
begin_operator
load hoist1 crate0 truck1 distributor0
1
1 0
3
0 7 -1 0
0 30 0 1
0 34 -1 0
1
end_operator
begin_operator
load hoist1 crate1 truck0 distributor0
1
4 0
3
0 8 -1 0
0 31 0 1
0 34 -1 0
1
end_operator
begin_operator
load hoist1 crate1 truck1 distributor0
1
1 0
3
0 9 -1 0
0 31 0 1
0 34 -1 0
1
end_operator
begin_operator
load hoist2 crate0 truck0 distributor1
1
5 0
3
0 6 -1 0
0 32 0 1
0 37 -1 0
1
end_operator
begin_operator
load hoist2 crate0 truck1 distributor1
1
2 0
3
0 7 -1 0
0 32 0 1
0 37 -1 0
1
end_operator
begin_operator
load hoist2 crate1 truck0 distributor1
1
5 0
3
0 8 -1 0
0 33 0 1
0 37 -1 0
1
end_operator
begin_operator
load hoist2 crate1 truck1 distributor1
1
2 0
3
0 9 -1 0
0 33 0 1
0 37 -1 0
1
end_operator
begin_operator
unload hoist0 crate0 truck0 depot0
1
3 0
3
0 6 0 1
0 25 -1 0
0 27 0 1
1
end_operator
begin_operator
unload hoist0 crate0 truck1 depot0
1
0 0
3
0 7 0 1
0 25 -1 0
0 27 0 1
1
end_operator
begin_operator
unload hoist0 crate1 truck0 depot0
1
3 0
3
0 8 0 1
0 26 -1 0
0 27 0 1
1
end_operator
begin_operator
unload hoist0 crate1 truck1 depot0
1
0 0
3
0 9 0 1
0 26 -1 0
0 27 0 1
1
end_operator
begin_operator
unload hoist1 crate0 truck0 distributor0
1
4 0
3
0 6 0 1
0 30 -1 0
0 34 0 1
1
end_operator
begin_operator
unload hoist1 crate0 truck1 distributor0
1
1 0
3
0 7 0 1
0 30 -1 0
0 34 0 1
1
end_operator
begin_operator
unload hoist1 crate1 truck0 distributor0
1
4 0
3
0 8 0 1
0 31 -1 0
0 34 0 1
1
end_operator
begin_operator
unload hoist1 crate1 truck1 distributor0
1
1 0
3
0 9 0 1
0 31 -1 0
0 34 0 1
1
end_operator
begin_operator
unload hoist2 crate0 truck0 distributor1
1
5 0
3
0 6 0 1
0 32 -1 0
0 37 0 1
1
end_operator
begin_operator
unload hoist2 crate0 truck1 distributor1
1
2 0
3
0 7 0 1
0 32 -1 0
0 37 0 1
1
end_operator
begin_operator
unload hoist2 crate1 truck0 distributor1
1
5 0
3
0 8 0 1
0 33 -1 0
0 37 0 1
1
end_operator
begin_operator
unload hoist2 crate1 truck1 distributor1
1
2 0
3
0 9 0 1
0 33 -1 0
0 37 0 1
1
end_operator
0
