Compile-in LMG: BEGIN
Compile-in LMG: Cfg: prune_mutex = true
Compile-in LMG: Cfg: prune_dead_end = true
Compile-in LMG: actions: 13, lifted mgroups: 12
Compile-in LMG: Found dead-end condition for action 'cut-board-small' and mgroup {unused V0:part, wood V0:part V1:awood}: (and (not (= ?w teak)) (= ?p p1))
Compile-in LMG: Found dead-end condition for action 'cut-board-small' and mgroup {unused V0:part, wood V0:part V1:awood}: (and (not (= ?w mahogany)) (= ?p p3))
Compile-in LMG: Found dead-end condition for action 'cut-board-small' and mgroup {unused V0:part, wood V0:part V1:awood}: (and (not (= ?w teak)) (= ?p p4))
Compile-in LMG: Precondition of action 'cut-board-small' extended with (or (and (= ?w teak) (not (= ?p p3))) (and (not (= ?p p4)) (not (= ?p p1)) (= ?w mahogany)) (and (not (= ?p p4)) (not (= ?p p1)) (not (= ?p p3))))
Compile-in LMG: Found dead-end condition for action 'cut-board-medium' and mgroup {unused V0:part, wood V0:part V1:awood}: (and (not (= ?w teak)) (= ?p p1))
Compile-in LMG: Found dead-end condition for action 'cut-board-medium' and mgroup {unused V0:part, wood V0:part V1:awood}: (and (not (= ?w mahogany)) (= ?p p3))
Compile-in LMG: Found dead-end condition for action 'cut-board-medium' and mgroup {unused V0:part, wood V0:part V1:awood}: (and (not (= ?w teak)) (= ?p p4))
Compile-in LMG: Precondition of action 'cut-board-medium' extended with (or (and (= ?w teak) (not (= ?p p3))) (and (not (= ?p p4)) (not (= ?p p1)) (= ?w mahogany)) (and (not (= ?p p4)) (not (= ?p p1)) (not (= ?p p3))))
Compile-in LMG: Found dead-end condition for action 'cut-board-large' and mgroup {unused V0:part, wood V0:part V1:awood}: (and (not (= ?w teak)) (= ?p p1))
Compile-in LMG: Found dead-end condition for action 'cut-board-large' and mgroup {unused V0:part, wood V0:part V1:awood}: (and (not (= ?w mahogany)) (= ?p p3))
Compile-in LMG: Found dead-end condition for action 'cut-board-large' and mgroup {unused V0:part, wood V0:part V1:awood}: (and (not (= ?w teak)) (= ?p p4))
Compile-in LMG: Precondition of action 'cut-board-large' extended with (or (and (= ?w teak) (not (= ?p p3))) (and (not (= ?p p4)) (not (= ?p p1)) (= ?w mahogany)) (and (not (= ?p p4)) (not (= ?p p1)) (not (= ?p p3))))
Compile-in LMG: Found dead-end condition for action 'do-saw-small' and mgroup {unused V0:part, wood V0:part V1:awood}: (and (not (= ?w teak)) (= ?p p1))
Compile-in LMG: Found dead-end condition for action 'do-saw-small' and mgroup {unused V0:part, wood V0:part V1:awood}: (and (not (= ?w mahogany)) (= ?p p3))
Compile-in LMG: Found dead-end condition for action 'do-saw-small' and mgroup {unused V0:part, wood V0:part V1:awood}: (and (not (= ?w teak)) (= ?p p4))
Compile-in LMG: Precondition of action 'do-saw-small' extended with (or (and (= ?w teak) (not (= ?p p3))) (and (not (= ?p p4)) (not (= ?p p1)) (= ?w mahogany)) (and (not (= ?p p4)) (not (= ?p p1)) (not (= ?p p3))))
Compile-in LMG: Found dead-end condition for action 'do-saw-medium' and mgroup {unused V0:part, wood V0:part V1:awood}: (and (not (= ?w teak)) (= ?p p1))
Compile-in LMG: Found dead-end condition for action 'do-saw-medium' and mgroup {unused V0:part, wood V0:part V1:awood}: (and (not (= ?w mahogany)) (= ?p p3))
Compile-in LMG: Found dead-end condition for action 'do-saw-medium' and mgroup {unused V0:part, wood V0:part V1:awood}: (and (not (= ?w teak)) (= ?p p4))
Compile-in LMG: Precondition of action 'do-saw-medium' extended with (or (and (= ?w teak) (not (= ?p p3))) (and (not (= ?p p4)) (not (= ?p p1)) (= ?w mahogany)) (and (not (= ?p p4)) (not (= ?p p1)) (not (= ?p p3))))
Compile-in LMG: Found dead-end condition for action 'do-saw-large' and mgroup {unused V0:part, wood V0:part V1:awood}: (and (not (= ?w teak)) (= ?p p1))
Compile-in LMG: Found dead-end condition for action 'do-saw-large' and mgroup {unused V0:part, wood V0:part V1:awood}: (and (not (= ?w mahogany)) (= ?p p3))
Compile-in LMG: Found dead-end condition for action 'do-saw-large' and mgroup {unused V0:part, wood V0:part V1:awood}: (and (not (= ?w teak)) (= ?p p4))
Compile-in LMG: Precondition of action 'do-saw-large' extended with (or (and (= ?w teak) (not (= ?p p3))) (and (not (= ?p p4)) (not (= ?p p1)) (= ?w mahogany)) (and (not (= ?p p4)) (not (= ?p p1)) (not (= ?p p3))))
Compile-in LMG: PDDL-Norm: BEGIN
Compile-in LMG: PDDL-Norm: Before normalization: types: 18, objects: 37, predicates: 16, functions: 5, actions: 13, action-pre-size: [min: 17, max: 5, avg: 9.38, med: 1.00]
Compile-in LMG: PDDL-Norm: Neg-Cond: BEGIN
Compile-in LMG: PDDL-Norm: Neg-Cond: Cfg: only_dymanic: true
Compile-in LMG: PDDL-Norm: Neg-Cond: Cfg: only_goal: false
Compile-in LMG: PDDL-Norm: Neg-Cond: Cfg: only_relevant_facts_in_init: true
Compile-in LMG: PDDL-Norm: Neg-Cond: Extending initial state...
Compile-in LMG: PDDL-Norm: Neg-Cond: Looking for datalog rules in action do-immersion-varnish
Compile-in LMG: PDDL-Norm: Neg-Cond: Looking for datalog rules in action do-spray-varnish
Compile-in LMG: PDDL-Norm: Neg-Cond: Looking for datalog rules in action do-glaze
Compile-in LMG: PDDL-Norm: Neg-Cond: Looking for datalog rules in action do-grind
Compile-in LMG: PDDL-Norm: Neg-Cond: Looking for datalog rules in action do-plane
Compile-in LMG: PDDL-Norm: Neg-Cond: Looking for datalog rules in action load-highspeed-saw
Compile-in LMG: PDDL-Norm: Neg-Cond: Looking for datalog rules in action unload-highspeed-saw
Compile-in LMG: PDDL-Norm: Neg-Cond: Looking for datalog rules in action cut-board-small
Compile-in LMG: PDDL-Norm: Neg-Cond: Looking for datalog rules in action cut-board-medium
Compile-in LMG: PDDL-Norm: Neg-Cond: Looking for datalog rules in action cut-board-large
Compile-in LMG: PDDL-Norm: Neg-Cond: Looking for datalog rules in action do-saw-small
Compile-in LMG: PDDL-Norm: Neg-Cond: Looking for datalog rules in action do-saw-medium
Compile-in LMG: PDDL-Norm: Neg-Cond: Looking for datalog rules in action do-saw-large
Compile-in LMG: PDDL-Norm: Neg-Cond: Looking for datalog rules in action cut-board-small
Compile-in LMG: PDDL-Norm: Neg-Cond: Looking for datalog rules in action cut-board-small
Compile-in LMG: PDDL-Norm: Neg-Cond: Looking for datalog rules in action cut-board-medium
Compile-in LMG: PDDL-Norm: Neg-Cond: Looking for datalog rules in action cut-board-medium
Compile-in LMG: PDDL-Norm: Neg-Cond: Looking for datalog rules in action cut-board-large
Compile-in LMG: PDDL-Norm: Neg-Cond: Looking for datalog rules in action cut-board-large
Compile-in LMG: PDDL-Norm: Neg-Cond: Looking for datalog rules in action do-saw-small
Compile-in LMG: PDDL-Norm: Neg-Cond: Looking for datalog rules in action do-saw-small
Compile-in LMG: PDDL-Norm: Neg-Cond: Looking for datalog rules in action do-saw-medium
Compile-in LMG: PDDL-Norm: Neg-Cond: Looking for datalog rules in action do-saw-medium
Compile-in LMG: PDDL-Norm: Neg-Cond: Looking for datalog rules in action do-saw-large
Compile-in LMG: PDDL-Norm: Neg-Cond: Looking for datalog rules in action do-saw-large
Compile-in LMG: PDDL-Norm: Neg-Cond: DL Normal form: BEGIN
Compile-in LMG: PDDL-Norm: Neg-Cond: DL Normal form: Normal form of the datalog program start (consts: 37, vars: 9, predicates: 34, rules: 144)
Compile-in LMG: PDDL-Norm: Neg-Cond: DL Normal form: reduce-rule-set: Nothing to reduce
Compile-in LMG: PDDL-Norm: Neg-Cond: DL Normal form: Normal form of the datalog program DONE (consts: 37, vars: 9, predicates: 34, rules: 144)
Compile-in LMG: PDDL-Norm: Neg-Cond: DL Normal form: END
Compile-in LMG: PDDL-Norm: Neg-Cond: DL Canonical Model: BEGIN
Compile-in LMG: PDDL-Norm: Neg-Cond: DL Canonical Model: start (consts: 37, vars: 9, predicates: 34, rules: 144)
Compile-in LMG: PDDL-Norm: Neg-Cond: DL Canonical Model: Added initial facts: 144
Compile-in LMG: PDDL-Norm: Neg-Cond: DL Canonical Model: DONE (facts: 144, db-mem: 0MB)
Compile-in LMG: PDDL-Norm: Neg-Cond: DL Canonical Model: END
Compile-in LMG: PDDL-Norm: Neg-Cond: Number of added NOT- predicates: 0
Compile-in LMG: PDDL-Norm: Neg-Cond: Initial state extended.
Compile-in LMG: PDDL-Norm: Neg-Cond: Compiled away negative conditions of 0 predicates
Compile-in LMG: PDDL-Norm: Neg-Cond: END
Compile-in LMG: PDDL-Norm: PDDL task normalized. types: 18, objects: 37, predicates: 16, functions: 5, actions: 25, action-pre-size: [min: 12, max: 5, avg: 8.72, med: 11.00]
Compile-in LMG: PDDL-Norm: END
Compile-in LMG: DONE. actions: 25
Compile-in LMG: END
Domain: woodworking
Problem: wood-prob
Require: 200ff
Type[18]:
    [0]: object, parent: -1
    [1]: acolour, parent: 0
    [2]: awood, parent: 0
    [3]: woodobj, parent: 0
    [4]: machine, parent: 0
    [5]: surface, parent: 0
    [6]: treatmentstatus, parent: 0
    [7]: aboardsize, parent: 0
    [8]: apartsize, parent: 0
    [9]: highspeed-saw, parent: 4
    [10]: glazer, parent: 4
    [11]: grinder, parent: 4
    [12]: immersion-varnisher, parent: 4
    [13]: planer, parent: 4
    [14]: saw, parent: 4
    [15]: spray-varnisher, parent: 4
    [16]: board, parent: 3
    [17]: part, parent: 3
Obj-by-Type:
    [0]: 0 1 2 3 4 5 6 7 8 9 10 11 12 13 14 15 16 17 18 19 20 21 22 23 24 25 26 27 28 29 30 31 32 33 34 35 36
    [1]: 7 18 19 20 21
    [2]: 22 23
    [3]: 24 25 26 27 28 29 30
    [4]: 11 12 13 14 15 16 17
    [5]: 0 1 2
    [6]: 3 4 5 6
    [7]: 31 32 33 34 35 36
    [8]: 8 9 10
    [9]: 15
    [10]: 12
    [11]: 11
    [12]: 13
    [13]: 14
    [14]: 17
    [15]: 16
    [16]: 29 30
    [17]: 24 25 26 27 28
Obj[37]:
    [0]: verysmooth, type: 5, is-constant: 1, is-private: 0, owner: -1, is-agent: 0
    [1]: smooth, type: 5, is-constant: 1, is-private: 0, owner: -1, is-agent: 0
    [2]: rough, type: 5, is-constant: 1, is-private: 0, owner: -1, is-agent: 0
    [3]: varnished, type: 6, is-constant: 1, is-private: 0, owner: -1, is-agent: 0
    [4]: glazed, type: 6, is-constant: 1, is-private: 0, owner: -1, is-agent: 0
    [5]: untreated, type: 6, is-constant: 1, is-private: 0, owner: -1, is-agent: 0
    [6]: colourfragments, type: 6, is-constant: 1, is-private: 0, owner: -1, is-agent: 0
    [7]: natural, type: 1, is-constant: 1, is-private: 0, owner: -1, is-agent: 0
    [8]: small, type: 8, is-constant: 1, is-private: 0, owner: -1, is-agent: 0
    [9]: medium, type: 8, is-constant: 1, is-private: 0, owner: -1, is-agent: 0
    [10]: large, type: 8, is-constant: 1, is-private: 0, owner: -1, is-agent: 0
    [11]: grinder0, type: 11, is-constant: 0, is-private: 0, owner: -1, is-agent: 0
    [12]: glazer0, type: 10, is-constant: 0, is-private: 0, owner: -1, is-agent: 0
    [13]: immersion-varnisher0, type: 12, is-constant: 0, is-private: 0, owner: -1, is-agent: 0
    [14]: planer0, type: 13, is-constant: 0, is-private: 0, owner: -1, is-agent: 0
    [15]: highspeed-saw0, type: 9, is-constant: 0, is-private: 0, owner: -1, is-agent: 0
    [16]: spray-varnisher0, type: 15, is-constant: 0, is-private: 0, owner: -1, is-agent: 0
    [17]: saw0, type: 14, is-constant: 0, is-private: 0, owner: -1, is-agent: 0
    [18]: green, type: 1, is-constant: 0, is-private: 0, owner: -1, is-agent: 0
    [19]: white, type: 1, is-constant: 0, is-private: 0, owner: -1, is-agent: 0
    [20]: red, type: 1, is-constant: 0, is-private: 0, owner: -1, is-agent: 0
    [21]: black, type: 1, is-constant: 0, is-private: 0, owner: -1, is-agent: 0
    [22]: teak, type: 2, is-constant: 0, is-private: 0, owner: -1, is-agent: 0
    [23]: mahogany, type: 2, is-constant: 0, is-private: 0, owner: -1, is-agent: 0
    [24]: p0, type: 17, is-constant: 0, is-private: 0, owner: -1, is-agent: 0
    [25]: p1, type: 17, is-constant: 0, is-private: 0, owner: -1, is-agent: 0
    [26]: p2, type: 17, is-constant: 0, is-private: 0, owner: -1, is-agent: 0
    [27]: p3, type: 17, is-constant: 0, is-private: 0, owner: -1, is-agent: 0
    [28]: p4, type: 17, is-constant: 0, is-private: 0, owner: -1, is-agent: 0
    [29]: b0, type: 16, is-constant: 0, is-private: 0, owner: -1, is-agent: 0
    [30]: b1, type: 16, is-constant: 0, is-private: 0, owner: -1, is-agent: 0
    [31]: s0, type: 7, is-constant: 0, is-private: 0, owner: -1, is-agent: 0
    [32]: s1, type: 7, is-constant: 0, is-private: 0, owner: -1, is-agent: 0
    [33]: s2, type: 7, is-constant: 0, is-private: 0, owner: -1, is-agent: 0
    [34]: s3, type: 7, is-constant: 0, is-private: 0, owner: -1, is-agent: 0
    [35]: s4, type: 7, is-constant: 0, is-private: 0, owner: -1, is-agent: 0
    [36]: s5, type: 7, is-constant: 0, is-private: 0, owner: -1, is-agent: 0
Predicate[16]:
    =: 0 0 :: read: 1, write: 0, in-init: 0
    unused: 17 :: read: 1, write: 1, in-init: 1
    available: 3 :: read: 1, write: 1, in-init: 1
    surface-condition: 3 5 :: read: 1, write: 1, in-init: 1
    treatment: 17 6 :: read: 1, write: 1, in-init: 1
    colour: 17 1 :: read: 1, write: 1, in-init: 1
    wood: 3 2 :: read: 1, write: 1, in-init: 1
    boardsize: 16 7 :: read: 1, write: 1, in-init: 1
    goalsize: 17 8 :: read: 1, write: 0, in-init: 1
    boardsize-successor: 7 7 :: read: 1, write: 0, in-init: 1
    in-highspeed-saw: 16 9 :: read: 1, write: 1, in-init: 0
    empty: 9 :: read: 1, write: 1, in-init: 1
    has-colour: 4 1 :: read: 1, write: 0, in-init: 1
    contains-part: 16 17 :: read: 0, write: 0, in-init: 0
    grind-treatment-change: 6 6 :: read: 1, write: 0, in-init: 1
    is-smooth: 5 :: read: 1, write: 0, in-init: 1
Function[5]:
    total-cost: :: read: 0, write: 1, in-init: 1
    spray-varnish-cost: 17 :: read: 1, write: 0, in-init: 1
    glaze-cost: 17 :: read: 1, write: 0, in-init: 1
    grind-cost: 17 :: read: 1, write: 0, in-init: 1
    plane-cost: 17 :: read: 1, write: 0, in-init: 1
Action[25]:
    do-immersion-varnish: ?x:17 ?m:12 ?newcolour:1 ?surface:5
        pre: (and (R:has-colour ?m ?newcolour) (R:is-smooth ?surface) (RW:available ?x) (RW:surface-condition ?x ?surface) (RW:treatment ?x untreated))
        eff: (and (RW:treatment ?x varnished) (N:RW:treatment ?x untreated) (N:RW:colour ?x natural) (RW:colour ?x ?newcolour) (increase (total-cost) 10))
    do-spray-varnish: ?x:17 ?m:15 ?newcolour:1 ?surface:5
        pre: (and (R:has-colour ?m ?newcolour) (R:is-smooth ?surface) (RW:available ?x) (RW:surface-condition ?x ?surface) (RW:treatment ?x untreated))
        eff: (and (RW:treatment ?x varnished) (N:RW:treatment ?x untreated) (N:RW:colour ?x natural) (RW:colour ?x ?newcolour) (increase (total-cost) (spray-varnish-cost ?x)))
    do-glaze: ?x:17 ?m:10 ?newcolour:1
        pre: (and (R:has-colour ?m ?newcolour) (RW:available ?x) (RW:treatment ?x untreated))
        eff: (and (RW:treatment ?x glazed) (N:RW:treatment ?x untreated) (N:RW:colour ?x natural) (RW:colour ?x ?newcolour) (increase (total-cost) (glaze-cost ?x)))
    do-grind: ?x:17 ?m:11 ?oldsurface:5 ?oldcolour:1 ?oldtreatment:6 ?newtreatment:6
        pre: (and (R:grind-treatment-change ?oldtreatment ?newtreatment) (R:is-smooth ?oldsurface) (RW:available ?x) (RW:surface-condition ?x ?oldsurface) (RW:treatment ?x ?oldtreatment) (RW:colour ?x ?oldcolour))
        eff: (and (RW:surface-condition ?x verysmooth) (N:RW:surface-condition ?x ?oldsurface) (N:RW:treatment ?x ?oldtreatment) (RW:treatment ?x ?newtreatment) (RW:colour ?x natural) (N:RW:colour ?x ?oldcolour) (increase (total-cost) (grind-cost ?x)))
    do-plane: ?x:17 ?m:13 ?oldsurface:5 ?oldcolour:1 ?oldtreatment:6
        pre: (and (RW:available ?x) (RW:surface-condition ?x ?oldsurface) (RW:treatment ?x ?oldtreatment) (RW:colour ?x ?oldcolour))
        eff: (and (RW:surface-condition ?x smooth) (N:RW:surface-condition ?x ?oldsurface) (RW:treatment ?x untreated) (N:RW:treatment ?x ?oldtreatment) (RW:colour ?x natural) (N:RW:colour ?x ?oldcolour) (increase (total-cost) (plane-cost ?x)))
    load-highspeed-saw: ?b:16 ?m:9
        pre: (and (RW:available ?b) (RW:empty ?m))
        eff: (and (N:RW:available ?b) (RW:in-highspeed-saw ?b ?m) (N:RW:empty ?m) (increase (total-cost) 30))
    unload-highspeed-saw: ?b:16 ?m:9
        pre: (and (RW:in-highspeed-saw ?b ?m))
        eff: (and (RW:available ?b) (N:RW:in-highspeed-saw ?b ?m) (RW:empty ?m) (increase (total-cost) 10))
    cut-board-small: ?b:16 ?p:17 ?m:9 ?w:2 ?surface:5 ?size_before:7 ?size_after:7
        pre: (and (N:R:= ?p p3) (R:= ?w teak) (R:goalsize ?p small) (R:boardsize-successor ?size_after ?size_before) (RW:unused ?p) (RW:surface-condition ?b ?surface) (RW:wood ?b teak) (RW:boardsize ?b ?size_before) (RW:in-highspeed-saw ?b ?m))
        eff: (and (N:RW:unused ?p) (RW:available ?p) (RW:surface-condition ?p ?surface) (RW:treatment ?p untreated) (RW:colour ?p natural) (RW:wood ?p teak) (RW:boardsize ?b ?size_after) (increase (total-cost) 10))
    cut-board-medium: ?b:16 ?p:17 ?m:9 ?w:2 ?surface:5 ?size_before:7 ?s1:7 ?size_after:7
        pre: (and (N:R:= ?p p3) (R:= ?w teak) (R:goalsize ?p medium) (R:boardsize-successor ?s1 ?size_before) (R:boardsize-successor ?size_after ?s1) (RW:unused ?p) (RW:surface-condition ?b ?surface) (RW:wood ?b teak) (RW:boardsize ?b ?size_before) (RW:in-highspeed-saw ?b ?m))
        eff: (and (N:RW:unused ?p) (RW:available ?p) (RW:surface-condition ?p ?surface) (RW:treatment ?p untreated) (RW:colour ?p natural) (RW:wood ?p teak) (RW:boardsize ?b ?size_after) (increase (total-cost) 10))
    cut-board-large: ?b:16 ?p:17 ?m:9 ?w:2 ?surface:5 ?size_before:7 ?s1:7 ?s2:7 ?size_after:7
        pre: (and (N:R:= ?p p3) (R:= ?w teak) (R:goalsize ?p large) (R:boardsize-successor ?s1 ?s2) (R:boardsize-successor ?s2 ?size_before) (R:boardsize-successor ?size_after ?s1) (RW:unused ?p) (RW:surface-condition ?b ?surface) (RW:wood ?b teak) (RW:boardsize ?b ?size_before) (RW:in-highspeed-saw ?b ?m))
        eff: (and (N:RW:unused ?p) (RW:available ?p) (RW:surface-condition ?p ?surface) (RW:treatment ?p untreated) (RW:colour ?p natural) (RW:wood ?p teak) (RW:boardsize ?b ?size_after) (increase (total-cost) 10))
    do-saw-small: ?b:16 ?p:17 ?m:14 ?w:2 ?surface:5 ?size_before:7 ?size_after:7
        pre: (and (N:R:= ?p p3) (R:= ?w teak) (R:goalsize ?p small) (R:boardsize-successor ?size_after ?size_before) (RW:unused ?p) (RW:available ?b) (RW:surface-condition ?b ?surface) (RW:wood ?b teak) (RW:boardsize ?b ?size_before))
        eff: (and (N:RW:unused ?p) (RW:available ?p) (RW:surface-condition ?p ?surface) (RW:treatment ?p untreated) (RW:colour ?p natural) (RW:wood ?p teak) (RW:boardsize ?b ?size_after) (increase (total-cost) 30))
    do-saw-medium: ?b:16 ?p:17 ?m:14 ?w:2 ?surface:5 ?size_before:7 ?s1:7 ?size_after:7
        pre: (and (N:R:= ?p p3) (R:= ?w teak) (R:goalsize ?p medium) (R:boardsize-successor ?s1 ?size_before) (R:boardsize-successor ?size_after ?s1) (RW:unused ?p) (RW:available ?b) (RW:surface-condition ?b ?surface) (RW:wood ?b teak) (RW:boardsize ?b ?size_before))
        eff: (and (N:RW:unused ?p) (RW:available ?p) (RW:surface-condition ?p ?surface) (RW:treatment ?p untreated) (RW:colour ?p natural) (RW:wood ?p teak) (RW:boardsize ?b ?size_after) (increase (total-cost) 30))
    do-saw-large: ?b:16 ?p:17 ?m:14 ?w:2 ?surface:5 ?size_before:7 ?s1:7 ?s2:7 ?size_after:7
        pre: (and (N:R:= ?p p3) (R:= ?w teak) (R:goalsize ?p large) (R:boardsize-successor ?s1 ?s2) (R:boardsize-successor ?s2 ?size_before) (R:boardsize-successor ?size_after ?s1) (RW:unused ?p) (RW:available ?b) (RW:surface-condition ?b ?surface) (RW:wood ?b teak) (RW:boardsize ?b ?size_before))
        eff: (and (N:RW:unused ?p) (RW:available ?p) (RW:surface-condition ?p ?surface) (RW:treatment ?p untreated) (RW:colour ?p natural) (RW:wood ?p teak) (RW:boardsize ?b ?size_after) (increase (total-cost) 30))
    cut-board-small: ?b:16 ?p:17 ?m:9 ?w:2 ?surface:5 ?size_before:7 ?size_after:7
        pre: (and (N:R:= ?p p1) (N:R:= ?p p4) (R:= ?w mahogany) (R:goalsize ?p small) (R:boardsize-successor ?size_after ?size_before) (RW:unused ?p) (RW:surface-condition ?b ?surface) (RW:wood ?b mahogany) (RW:boardsize ?b ?size_before) (RW:in-highspeed-saw ?b ?m))
        eff: (and (N:RW:unused ?p) (RW:available ?p) (RW:surface-condition ?p ?surface) (RW:treatment ?p untreated) (RW:colour ?p natural) (RW:wood ?p mahogany) (RW:boardsize ?b ?size_after) (increase (total-cost) 10))
    cut-board-small: ?b:16 ?p:17 ?m:9 ?w:2 ?surface:5 ?size_before:7 ?size_after:7
        pre: (and (N:R:= ?p p1) (N:R:= ?p p3) (N:R:= ?p p4) (R:goalsize ?p small) (R:boardsize-successor ?size_after ?size_before) (RW:unused ?p) (RW:surface-condition ?b ?surface) (RW:wood ?b ?w) (RW:boardsize ?b ?size_before) (RW:in-highspeed-saw ?b ?m))
        eff: (and (N:RW:unused ?p) (RW:available ?p) (RW:surface-condition ?p ?surface) (RW:treatment ?p untreated) (RW:colour ?p natural) (RW:wood ?p ?w) (RW:boardsize ?b ?size_after) (increase (total-cost) 10))
    cut-board-medium: ?b:16 ?p:17 ?m:9 ?w:2 ?surface:5 ?size_before:7 ?s1:7 ?size_after:7
        pre: (and (N:R:= ?p p1) (N:R:= ?p p4) (R:= ?w mahogany) (R:goalsize ?p medium) (R:boardsize-successor ?s1 ?size_before) (R:boardsize-successor ?size_after ?s1) (RW:unused ?p) (RW:surface-condition ?b ?surface) (RW:wood ?b mahogany) (RW:boardsize ?b ?size_before) (RW:in-highspeed-saw ?b ?m))
        eff: (and (N:RW:unused ?p) (RW:available ?p) (RW:surface-condition ?p ?surface) (RW:treatment ?p untreated) (RW:colour ?p natural) (RW:wood ?p mahogany) (RW:boardsize ?b ?size_after) (increase (total-cost) 10))
    cut-board-medium: ?b:16 ?p:17 ?m:9 ?w:2 ?surface:5 ?size_before:7 ?s1:7 ?size_after:7
        pre: (and (N:R:= ?p p1) (N:R:= ?p p3) (N:R:= ?p p4) (R:goalsize ?p medium) (R:boardsize-successor ?s1 ?size_before) (R:boardsize-successor ?size_after ?s1) (RW:unused ?p) (RW:surface-condition ?b ?surface) (RW:wood ?b ?w) (RW:boardsize ?b ?size_before) (RW:in-highspeed-saw ?b ?m))
        eff: (and (N:RW:unused ?p) (RW:available ?p) (RW:surface-condition ?p ?surface) (RW:treatment ?p untreated) (RW:colour ?p natural) (RW:wood ?p ?w) (RW:boardsize ?b ?size_after) (increase (total-cost) 10))
    cut-board-large: ?b:16 ?p:17 ?m:9 ?w:2 ?surface:5 ?size_before:7 ?s1:7 ?s2:7 ?size_after:7
        pre: (and (N:R:= ?p p1) (N:R:= ?p p4) (R:= ?w mahogany) (R:goalsize ?p large) (R:boardsize-successor ?s1 ?s2) (R:boardsize-successor ?s2 ?size_before) (R:boardsize-successor ?size_after ?s1) (RW:unused ?p) (RW:surface-condition ?b ?surface) (RW:wood ?b mahogany) (RW:boardsize ?b ?size_before) (RW:in-highspeed-saw ?b ?m))
        eff: (and (N:RW:unused ?p) (RW:available ?p) (RW:surface-condition ?p ?surface) (RW:treatment ?p untreated) (RW:colour ?p natural) (RW:wood ?p mahogany) (RW:boardsize ?b ?size_after) (increase (total-cost) 10))
    cut-board-large: ?b:16 ?p:17 ?m:9 ?w:2 ?surface:5 ?size_before:7 ?s1:7 ?s2:7 ?size_after:7
        pre: (and (N:R:= ?p p1) (N:R:= ?p p3) (N:R:= ?p p4) (R:goalsize ?p large) (R:boardsize-successor ?s1 ?s2) (R:boardsize-successor ?s2 ?size_before) (R:boardsize-successor ?size_after ?s1) (RW:unused ?p) (RW:surface-condition ?b ?surface) (RW:wood ?b ?w) (RW:boardsize ?b ?size_before) (RW:in-highspeed-saw ?b ?m))
        eff: (and (N:RW:unused ?p) (RW:available ?p) (RW:surface-condition ?p ?surface) (RW:treatment ?p untreated) (RW:colour ?p natural) (RW:wood ?p ?w) (RW:boardsize ?b ?size_after) (increase (total-cost) 10))
    do-saw-small: ?b:16 ?p:17 ?m:14 ?w:2 ?surface:5 ?size_before:7 ?size_after:7
        pre: (and (N:R:= ?p p1) (N:R:= ?p p4) (R:= ?w mahogany) (R:goalsize ?p small) (R:boardsize-successor ?size_after ?size_before) (RW:unused ?p) (RW:available ?b) (RW:surface-condition ?b ?surface) (RW:wood ?b mahogany) (RW:boardsize ?b ?size_before))
        eff: (and (N:RW:unused ?p) (RW:available ?p) (RW:surface-condition ?p ?surface) (RW:treatment ?p untreated) (RW:colour ?p natural) (RW:wood ?p mahogany) (RW:boardsize ?b ?size_after) (increase (total-cost) 30))
    do-saw-small: ?b:16 ?p:17 ?m:14 ?w:2 ?surface:5 ?size_before:7 ?size_after:7
        pre: (and (N:R:= ?p p1) (N:R:= ?p p3) (N:R:= ?p p4) (R:goalsize ?p small) (R:boardsize-successor ?size_after ?size_before) (RW:unused ?p) (RW:available ?b) (RW:surface-condition ?b ?surface) (RW:wood ?b ?w) (RW:boardsize ?b ?size_before))
        eff: (and (N:RW:unused ?p) (RW:available ?p) (RW:surface-condition ?p ?surface) (RW:treatment ?p untreated) (RW:colour ?p natural) (RW:wood ?p ?w) (RW:boardsize ?b ?size_after) (increase (total-cost) 30))
    do-saw-medium: ?b:16 ?p:17 ?m:14 ?w:2 ?surface:5 ?size_before:7 ?s1:7 ?size_after:7
        pre: (and (N:R:= ?p p1) (N:R:= ?p p4) (R:= ?w mahogany) (R:goalsize ?p medium) (R:boardsize-successor ?s1 ?size_before) (R:boardsize-successor ?size_after ?s1) (RW:unused ?p) (RW:available ?b) (RW:surface-condition ?b ?surface) (RW:wood ?b mahogany) (RW:boardsize ?b ?size_before))
        eff: (and (N:RW:unused ?p) (RW:available ?p) (RW:surface-condition ?p ?surface) (RW:treatment ?p untreated) (RW:colour ?p natural) (RW:wood ?p mahogany) (RW:boardsize ?b ?size_after) (increase (total-cost) 30))
    do-saw-medium: ?b:16 ?p:17 ?m:14 ?w:2 ?surface:5 ?size_before:7 ?s1:7 ?size_after:7
        pre: (and (N:R:= ?p p1) (N:R:= ?p p3) (N:R:= ?p p4) (R:goalsize ?p medium) (R:boardsize-successor ?s1 ?size_before) (R:boardsize-successor ?size_after ?s1) (RW:unused ?p) (RW:available ?b) (RW:surface-condition ?b ?surface) (RW:wood ?b ?w) (RW:boardsize ?b ?size_before))
        eff: (and (N:RW:unused ?p) (RW:available ?p) (RW:surface-condition ?p ?surface) (RW:treatment ?p untreated) (RW:colour ?p natural) (RW:wood ?p ?w) (RW:boardsize ?b ?size_after) (increase (total-cost) 30))
    do-saw-large: ?b:16 ?p:17 ?m:14 ?w:2 ?surface:5 ?size_before:7 ?s1:7 ?s2:7 ?size_after:7
        pre: (and (N:R:= ?p p1) (N:R:= ?p p4) (R:= ?w mahogany) (R:goalsize ?p large) (R:boardsize-successor ?s1 ?s2) (R:boardsize-successor ?s2 ?size_before) (R:boardsize-successor ?size_after ?s1) (RW:unused ?p) (RW:available ?b) (RW:surface-condition ?b ?surface) (RW:wood ?b mahogany) (RW:boardsize ?b ?size_before))
        eff: (and (N:RW:unused ?p) (RW:available ?p) (RW:surface-condition ?p ?surface) (RW:treatment ?p untreated) (RW:colour ?p natural) (RW:wood ?p mahogany) (RW:boardsize ?b ?size_after) (increase (total-cost) 30))
    do-saw-large: ?b:16 ?p:17 ?m:14 ?w:2 ?surface:5 ?size_before:7 ?s1:7 ?s2:7 ?size_after:7
        pre: (and (N:R:= ?p p1) (N:R:= ?p p3) (N:R:= ?p p4) (R:goalsize ?p large) (R:boardsize-successor ?s1 ?s2) (R:boardsize-successor ?s2 ?size_before) (R:boardsize-successor ?size_after ?s1) (RW:unused ?p) (RW:available ?b) (RW:surface-condition ?b ?surface) (RW:wood ?b ?w) (RW:boardsize ?b ?size_before))
        eff: (and (N:RW:unused ?p) (RW:available ?p) (RW:surface-condition ?p ?surface) (RW:treatment ?p untreated) (RW:colour ?p natural) (RW:wood ?p ?w) (RW:boardsize ?b ?size_after) (increase (total-cost) 30))
Init[37]:
  S:(goalsize p0 medium)
  S:(goalsize p1 small)
  S:(goalsize p2 small)
  S:(goalsize p3 large)
  S:(goalsize p4 medium)
  S:(boardsize-successor s0 s1)
  S:(boardsize-successor s1 s2)
  S:(boardsize-successor s2 s3)
  S:(boardsize-successor s3 s4)
  S:(boardsize-successor s4 s5)
  S:(has-colour glazer0 green)
  S:(has-colour immersion-varnisher0 green)
  S:(has-colour spray-varnisher0 green)
  S:(grind-treatment-change varnished colourfragments)
  S:(grind-treatment-change glazed untreated)
  S:(grind-treatment-change untreated untreated)
  S:(grind-treatment-change colourfragments untreated)
  S:(is-smooth verysmooth)
  S:(is-smooth smooth)
  (unused p0)
  (unused p1)
  (unused p3)
  (unused p4)
  (available p2)
  (available b0)
  (available b1)
  (surface-condition p2 rough)
  (surface-condition b0 rough)
  (surface-condition b1 rough)
  (treatment p2 colourfragments)
  (colour p2 black)
  (wood p2 mahogany)
  (wood b0 teak)
  (wood b1 mahogany)
  (boardsize b0 s3)
  (boardsize b1 s5)
  (empty highspeed-saw0)
Init[21]:
  (= (total-cost) 0)
  (= (spray-varnish-cost p0) 10)
  (= (glaze-cost p0) 15)
  (= (grind-cost p0) 30)
  (= (plane-cost p0) 20)
  (= (spray-varnish-cost p1) 5)
  (= (glaze-cost p1) 10)
  (= (grind-cost p1) 15)
  (= (plane-cost p1) 10)
  (= (spray-varnish-cost p2) 5)
  (= (glaze-cost p2) 10)
  (= (grind-cost p2) 15)
  (= (plane-cost p2) 10)
  (= (spray-varnish-cost p3) 15)
  (= (glaze-cost p3) 20)
  (= (grind-cost p3) 45)
  (= (plane-cost p3) 30)
  (= (spray-varnish-cost p4) 10)
  (= (glaze-cost p4) 15)
  (= (grind-cost p4) 30)
  (= (plane-cost p4) 20)
Goal: (and (RW:available p0) (RW:available p1) (RW:available p2) (RW:available p3) (RW:available p4) (RW:surface-condition p0 smooth) (RW:surface-condition p1 smooth) (RW:surface-condition p2 smooth) (RW:surface-condition p3 smooth) (RW:treatment p0 varnished) (RW:treatment p1 varnished) (RW:treatment p4 glazed) (RW:colour p2 green) (RW:wood p1 teak) (RW:wood p3 mahogany) (RW:wood p4 teak))
Metric: (total-cost)
