Monotonicity invariants:
< {doublebond V0:chemical_atom V1:chemical_atom}
, {doublebond V0:chemical_atom C1:chemical_atom}
, {doublebond C1:chemical_atom V0:chemical_atom}
>
FD Mutex Groups:
< {doublebond c019 C0:chemical_atom}
, {doublebond c020 C0:chemical_atom}
, {doublebond c021 C0:chemical_atom}
, {doublebond c022 C0:chemical_atom}
, {doublebond c023 C0:chemical_atom}
, {doublebond c024 C0:chemical_atom}
, {doublebond o068 C0:chemical_atom}:=1:S
, {doublebond o069 C0:chemical_atom}:=1:S
, {doublebond C0:chemical_atom c019}
, {doublebond C0:chemical_atom c020}
, {doublebond C0:chemical_atom c021}
, {doublebond C0:chemical_atom c022}
, {doublebond C0:chemical_atom c023}
, {doublebond C0:chemical_atom c024}
, {doublebond C0:chemical_atom o068}:=1:S
, {doublebond C0:chemical_atom o069}:=1:S
, {doublebond V0:chemical_atom V1:chemical_atom}
>
