begin_version
3
end_version
begin_metric
1
end_metric
11
begin_variable
var0
-1
3
bond h180 o178
none-of-those
tnf-unkown
end_variable
begin_variable
var1
-1
2
bond c032 o066
bond c032 o178
end_variable
begin_variable
var2
-1
3
bond h061 o066
bond h061 o178
tnf-unknown
end_variable
begin_variable
var3
-1
2
bond c016 o066
none-of-those
end_variable
begin_variable
var4
-1
3
bond cl073 s072
none-of-those
tnf-unknown
end_variable
begin_variable
var5
-1
2
bond o066 c016
none-of-those
end_variable
begin_variable
var6
-1
3
bond o066 c032
none-of-those
tnf-unkown
end_variable
begin_variable
var7
-1
3
bond o066 h061
none-of-those
tnf-unkown
end_variable
begin_variable
var8
-1
3
bond o178 h061
none-of-those
tnf-unkown
end_variable
begin_variable
var9
-1
3
bond o178 h180
none-of-those
tnf-unknown
end_variable
begin_variable
var10
-1
3
bond o178 s072
none-of-those
tnf-unkown
end_variable
5
begin_mutex_group
1
3 0
end_mutex_group
begin_mutex_group
1
4 0
end_mutex_group
begin_mutex_group
1
0 0
end_mutex_group
begin_mutex_group
2
1 0
1 1
end_mutex_group
begin_mutex_group
2
2 0
2 1
end_mutex_group
begin_state
0
1
0
0
0
0
1
0
1
0
1
end_state
begin_goal
11
0 2
1 0
2 2
3 0
4 2
5 0
6 0
7 2
8 2
9 2
10 2
end_goal
18
begin_operator
etherformationbysulfonatedisplacement h061 o066 c032 o178 o068 s072 h133 c021 o069 c033 h133 c016
2
3 0
10 0
5
0 1 1 0
0 2 0 1
0 6 2 0
0 7 2 1
0 8 2 0
1
end_operator
begin_operator
sulfonylationofalcohol h180 o178 s072 cl073 c032 o068 c021 o069
1
1 1
4
0 0 2 1
0 4 0 1
0 9 0 1
0 10 2 0
1
end_operator
begin_operator
tnf-forget-0-0
0
1
0 0 0 2
0
end_operator
begin_operator
tnf-forget-0-1
0
1
0 0 1 2
0
end_operator
begin_operator
tnf-forget-2-0
0
1
0 2 0 2
0
end_operator
begin_operator
tnf-forget-2-1
0
1
0 2 1 2
0
end_operator
begin_operator
tnf-forget-4-0
0
1
0 4 0 2
0
end_operator
begin_operator
tnf-forget-4-1
0
1
0 4 1 2
0
end_operator
begin_operator
tnf-forget-6-0
0
1
0 6 0 2
0
end_operator
begin_operator
tnf-forget-6-1
0
1
0 6 1 2
0
end_operator
begin_operator
tnf-forget-7-0
0
1
0 7 0 2
0
end_operator
begin_operator
tnf-forget-7-1
0
1
0 7 1 2
0
end_operator
begin_operator
tnf-forget-8-0
0
1
0 8 0 2
0
end_operator
begin_operator
tnf-forget-8-1
0
1
0 8 1 2
0
end_operator
begin_operator
tnf-forget-9-0
0
1
0 9 0 2
0
end_operator
begin_operator
tnf-forget-9-1
0
1
0 9 1 2
0
end_operator
begin_operator
tnf-forget-10-0
0
1
0 10 0 2
0
end_operator
begin_operator
tnf-forget-10-1
0
1
0 10 1 2
0
end_operator
0
