Collapsing type 3:card with 36 objects
Reduced 46 -> 11
Domain: spider
Problem: spider-4-1-9-6-2-600
Require: 200ff
Type[6]:
    [0]: object, parent: -1
    [1]: cardposition, parent: 0
    [2]: card_or_tableau, parent: 1
    [3]: card, parent: 2
    [4]: tableau, parent: 2
    [5]: deal, parent: 1
Obj-by-Type:
    [0]: 0 1 2 3 4 5 6 7 8 9 10
    [1]: 0 1 2 3 4 5 6 7 8 9 10
    [2]: 1 2 3 4 5 6 7
    [3]: 1
    [4]: 2 3 4 5 6 7
    [5]: 8 9 10
Obj[11]:
    [0]: discard, type: 1, is-constant: 1, is-private: 0, owner: -1, is-agent: 0
    [1]: card-d0-s0-v0, type: 3, is-constant: 0, is-private: 0, owner: -1, is-agent: 0
    [2]: pile-0, type: 4, is-constant: 0, is-private: 0, owner: -1, is-agent: 0
    [3]: pile-1, type: 4, is-constant: 0, is-private: 0, owner: -1, is-agent: 0
    [4]: pile-2, type: 4, is-constant: 0, is-private: 0, owner: -1, is-agent: 0
    [5]: pile-3, type: 4, is-constant: 0, is-private: 0, owner: -1, is-agent: 0
    [6]: pile-4, type: 4, is-constant: 0, is-private: 0, owner: -1, is-agent: 0
    [7]: pile-5, type: 4, is-constant: 0, is-private: 0, owner: -1, is-agent: 0
    [8]: deal-0, type: 5, is-constant: 0, is-private: 0, owner: -1, is-agent: 0
    [9]: deal-1, type: 5, is-constant: 0, is-private: 0, owner: -1, is-agent: 0
    [10]: deal-2, type: 5, is-constant: 0, is-private: 0, owner: -1, is-agent: 0
Predicate[28]:
    =: 0 0 :: is-private: 0, owner-param: -1, read: 0, write: 0
    on: 3 1 :: is-private: 0, owner-param: -1, read: 1, write: 1
    clear: 1 :: is-private: 0, owner-param: -1, read: 1, write: 1
    in-play: 3 :: is-private: 0, owner-param: -1, read: 1, write: 1
    current-deal: 5 :: is-private: 0, owner-param: -1, read: 1, write: 1
    can-continue-group: 3 1 :: is-private: 0, owner-param: -1, read: 1, write: 0
    can-be-placed-on: 3 3 :: is-private: 0, owner-param: -1, read: 1, write: 0
    is-ace: 3 :: is-private: 0, owner-param: -1, read: 1, write: 0
    is-king: 3 :: is-private: 0, owner-param: -1, read: 1, write: 0
    next-deal: 5 5 :: is-private: 0, owner-param: -1, read: 1, write: 0
    to-deal: 3 4 5 1 :: is-private: 0, owner-param: -1, read: 1, write: 0
    currently-dealing: :: is-private: 0, owner-param: -1, read: 1, write: 1, neg-of: 22
    currently-collecting-deck: :: is-private: 0, owner-param: -1, read: 1, write: 1, neg-of: 23
    collect-card: 1 :: is-private: 0, owner-param: -1, read: 1, write: 1
    part-of-tableau: 1 4 :: is-private: 0, owner-param: -1, read: 1, write: 1
    movable: 3 :: is-private: 0, owner-param: -1, read: 1, write: 1, neg-of: 24
    currently-updating-unmovable: :: is-private: 0, owner-param: -1, read: 1, write: 1, neg-of: 25
    make-unmovable: 3 :: is-private: 0, owner-param: -1, read: 1, write: 1
    currently-updating-movable: :: is-private: 0, owner-param: -1, read: 1, write: 1, neg-of: 26
    make-movable: 1 :: is-private: 0, owner-param: -1, read: 1, write: 1
    currently-updating-part-of-tableau: :: is-private: 0, owner-param: -1, read: 1, write: 1, neg-of: 27
    make-part-of-tableau: 3 4 :: is-private: 0, owner-param: -1, read: 1, write: 1
    NOT-currently-dealing: :: is-private: 0, owner-param: -1, read: 1, write: 1, neg-of: 11
    NOT-currently-collecting-deck: :: is-private: 0, owner-param: -1, read: 1, write: 1, neg-of: 12
    NOT-movable: 3 :: is-private: 0, owner-param: -1, read: 1, write: 1, neg-of: 15
    NOT-currently-updating-unmovable: :: is-private: 0, owner-param: -1, read: 1, write: 1, neg-of: 16
    NOT-currently-updating-movable: :: is-private: 0, owner-param: -1, read: 1, write: 1, neg-of: 18
    NOT-currently-updating-part-of-tableau: :: is-private: 0, owner-param: -1, read: 1, write: 1, neg-of: 20
Function[1]:
    total-cost: :: is-private: 0, owner-param: -1, read: 0, write: 0
Action[16]:
    start-dealing: 
        pre: (and (RW:NOT-currently-updating-movable) (RW:NOT-currently-updating-unmovable) (RW:NOT-currently-updating-part-of-tableau) (RW:NOT-currently-collecting-deck) (RW:NOT-currently-dealing))
        eff: (and (increase (total-cost) 1) (RW:currently-dealing) (N:RW:NOT-currently-dealing))
    deal-card: ?c:3 ?from:1 ?fromdeal:5 ?to:3 ?totableau:4
        pre: (and (RW:currently-dealing) (RW:NOT-currently-updating-movable) (RW:NOT-currently-updating-unmovable) (RW:NOT-currently-updating-part-of-tableau) (RW:NOT-currently-collecting-deck) (RW:current-deal ?fromdeal) (R:to-deal ?c ?totableau ?fromdeal ?from) (RW:clear ?c) (RW:on ?c ?from) (RW:part-of-tableau ?to ?totableau) (RW:clear ?to))
        eff: (and (RW:on ?c ?to) (RW:clear ?from) (RW:in-play ?c) (RW:part-of-tableau ?c ?totableau) (when TRUE (and (RW:make-unmovable ?to) (RW:currently-updating-unmovable) (N:RW:NOT-currently-updating-unmovable))) (RW:movable ?c))
    finish-dealing: ?d:5 ?nd:5
        pre: (and (RW:currently-dealing) (RW:NOT-currently-updating-movable) (RW:NOT-currently-updating-unmovable) (RW:NOT-currently-updating-part-of-tableau) (RW:NOT-currently-collecting-deck) (RW:current-deal ?d) (RW:clear ?d) (R:next-deal ?d ?nd))
        eff: (and (N:RW:current-deal ?d) (RW:current-deal ?nd) (N:RW:currently-dealing) (RW:NOT-currently-dealing))
    move-to-card: ?c:3 ?from:2 ?to:3 ?totableau:4
        pre: (and (RW:NOT-currently-updating-movable) (RW:NOT-currently-updating-unmovable) (RW:NOT-currently-collecting-deck) (RW:NOT-currently-updating-part-of-tableau) (RW:NOT-currently-dealing) (RW:movable ?c) (RW:in-play ?c) (RW:clear ?to) (RW:in-play ?to) (RW:part-of-tableau ?to ?totableau) (R:can-be-placed-on ?c ?to) (RW:on ?c ?from))
        eff: (and (RW:on ?c ?to) (RW:clear ?from) (when TRUE (and (RW:make-movable ?from) (RW:currently-updating-movable) (N:RW:NOT-currently-updating-movable))) (when TRUE (and (RW:make-unmovable ?to) (RW:currently-updating-unmovable) (N:RW:NOT-currently-updating-unmovable))) (RW:make-part-of-tableau ?c ?totableau) (increase (total-cost) 1) (RW:currently-updating-part-of-tableau) (N:RW:NOT-currently-updating-part-of-tableau))
    move-to-tableau: ?c:3 ?from:2 ?to:4
        pre: (and (RW:NOT-currently-updating-movable) (RW:NOT-currently-updating-unmovable) (RW:NOT-currently-collecting-deck) (RW:NOT-currently-updating-part-of-tableau) (RW:NOT-currently-dealing) (RW:movable ?c) (RW:in-play ?c) (RW:clear ?to) (RW:on ?c ?from))
        eff: (and (RW:on ?c ?to) (N:RW:clear ?to) (RW:clear ?from) (when TRUE (and (RW:make-movable ?from) (RW:currently-updating-movable) (N:RW:NOT-currently-updating-movable))) (RW:make-part-of-tableau ?c ?to) (increase (total-cost) 1) (RW:currently-updating-part-of-tableau) (N:RW:NOT-currently-updating-part-of-tableau))
    change-tableau-and-continue: ?c:3 ?tbefore:4 ?t:4 ?next:3
        pre: (and (RW:currently-updating-part-of-tableau) (RW:NOT-currently-collecting-deck) (RW:on ?next ?c) (RW:make-part-of-tableau ?c ?t) (RW:part-of-tableau ?c ?tbefore))
        eff: (and (RW:part-of-tableau ?c ?t) (RW:make-part-of-tableau ?next ?t))
    change-tableau-and-stop: ?c:3 ?tbefore:4 ?t:4
        pre: (and (RW:currently-updating-part-of-tableau) (RW:NOT-currently-collecting-deck) (RW:make-part-of-tableau ?c ?t) (RW:part-of-tableau ?c ?tbefore) (RW:clear ?c))
        eff: (and (RW:part-of-tableau ?c ?t) (N:RW:currently-updating-part-of-tableau) (RW:NOT-currently-updating-part-of-tableau))
    make-unmovable-and-continue: ?c:3 ?nextcard:3
        pre: (and (RW:currently-updating-unmovable) (RW:NOT-currently-collecting-deck) (RW:NOT-currently-updating-part-of-tableau) (RW:on ?c ?nextcard) (RW:make-unmovable ?c) (R:can-continue-group ?c ?nextcard) (RW:movable ?nextcard))
        eff: (and (RW:make-unmovable ?nextcard) (RW:NOT-movable ?c))
    make-unmovable-and-stop-at-tableau: ?c:3 ?t:4
        pre: (and (RW:currently-updating-unmovable) (RW:NOT-currently-collecting-deck) (RW:NOT-currently-updating-part-of-tableau) (RW:on ?c ?t) (RW:make-unmovable ?c))
        eff: (and (RW:NOT-movable ?c) (N:RW:currently-updating-unmovable) (RW:NOT-currently-updating-unmovable))
    make-unmovable-and-stop-at-unmovable: ?c:3 ?nextcard:3
        pre: (and (RW:currently-updating-unmovable) (RW:NOT-currently-collecting-deck) (RW:NOT-currently-updating-part-of-tableau) (RW:on ?c ?nextcard) (RW:make-unmovable ?c) (RW:NOT-movable ?nextcard))
        eff: (and (RW:NOT-movable ?c) (N:RW:currently-updating-unmovable) (RW:NOT-currently-updating-unmovable) (N:RW:currently-updating-part-of-tableau) (RW:NOT-currently-updating-part-of-tableau))
    make-movable-and-continue: ?c:3 ?nextcard:3
        pre: (and (RW:currently-updating-movable) (RW:NOT-currently-updating-unmovable) (RW:NOT-currently-updating-part-of-tableau) (RW:NOT-currently-collecting-deck) (RW:on ?c ?nextcard) (RW:make-movable ?c) (R:can-continue-group ?c ?nextcard))
        eff: (and (RW:make-movable ?nextcard) (RW:movable ?c))
    make-movable-ignore-pile: ?p:4
        pre: (and (RW:currently-updating-movable) (RW:NOT-currently-updating-unmovable) (RW:NOT-currently-updating-part-of-tableau) (RW:NOT-currently-collecting-deck) (RW:make-movable ?p))
        eff: (and (N:RW:make-movable ?p) (N:RW:currently-updating-movable) (RW:NOT-currently-updating-movable))
    make-movable-and-stop: ?c:3 ?nextcard:1
        pre: (and (RW:currently-updating-movable) (RW:NOT-currently-updating-unmovable) (RW:NOT-currently-updating-part-of-tableau) (RW:NOT-currently-collecting-deck) (RW:on ?c ?nextcard) (RW:make-movable ?c))
        eff: (and (RW:movable ?c) (N:RW:currently-updating-movable) (RW:NOT-currently-updating-movable))
    start-collecting-deck: ?c:3
        pre: (and (RW:NOT-currently-updating-movable) (RW:NOT-currently-updating-unmovable) (RW:NOT-currently-updating-part-of-tableau) (RW:NOT-currently-collecting-deck) (RW:NOT-currently-dealing) (RW:clear ?c) (R:is-ace ?c) (RW:in-play ?c))
        eff: (and (RW:collect-card ?c) (increase (total-cost) 1) (RW:currently-collecting-deck) (N:RW:NOT-currently-collecting-deck))
    collect-card: ?c:3 ?nextcard:1 ?p:4
        pre: (and (RW:currently-collecting-deck) (RW:NOT-currently-updating-movable) (RW:NOT-currently-updating-unmovable) (RW:NOT-currently-updating-part-of-tableau) (RW:NOT-currently-dealing) (RW:collect-card ?c) (RW:on ?c ?nextcard) (RW:in-play ?c) (RW:part-of-tableau ?c ?p) (R:can-continue-group ?c ?nextcard))
        eff: (and (RW:on ?c discard) (RW:clear ?nextcard) (RW:collect-card ?nextcard) (RW:NOT-movable ?c))
    finish-collecting-deck: ?c:3 ?nextcard:1 ?p:4
        pre: (and (RW:currently-collecting-deck) (RW:NOT-currently-updating-movable) (RW:NOT-currently-updating-unmovable) (RW:NOT-currently-updating-part-of-tableau) (RW:NOT-currently-dealing) (RW:on ?c ?nextcard) (RW:collect-card ?c) (R:is-king ?c) (RW:in-play ?c) (RW:part-of-tableau ?c ?p))
        eff: (and (RW:on ?c discard) (RW:clear ?nextcard) (RW:make-movable ?nextcard) (N:RW:currently-collecting-deck) (RW:NOT-currently-collecting-deck) (RW:NOT-movable ?c) (RW:currently-updating-movable) (N:RW:NOT-currently-updating-movable))
Init[418]:
  (on card-d0-s0-v0 card-d0-s0-v0)
  (on card-d0-s0-v0 card-d0-s0-v0)
  (on card-d0-s0-v0 card-d0-s0-v0)
  (on card-d0-s0-v0 pile-0)
  (clear card-d0-s0-v0)
  (part-of-tableau pile-0 pile-0)
  (part-of-tableau card-d0-s0-v0 pile-0)
  (part-of-tableau card-d0-s0-v0 pile-0)
  (part-of-tableau card-d0-s0-v0 pile-0)
  (part-of-tableau card-d0-s0-v0 pile-0)
  (movable card-d0-s0-v0)
  (in-play card-d0-s0-v0)
  (in-play card-d0-s0-v0)
  (in-play card-d0-s0-v0)
  (in-play card-d0-s0-v0)
  (on card-d0-s0-v0 card-d0-s0-v0)
  (on card-d0-s0-v0 card-d0-s0-v0)
  (on card-d0-s0-v0 card-d0-s0-v0)
  (on card-d0-s0-v0 pile-1)
  (clear card-d0-s0-v0)
  (part-of-tableau pile-1 pile-1)
  (part-of-tableau card-d0-s0-v0 pile-1)
  (part-of-tableau card-d0-s0-v0 pile-1)
  (part-of-tableau card-d0-s0-v0 pile-1)
  (part-of-tableau card-d0-s0-v0 pile-1)
  (movable card-d0-s0-v0)
  (in-play card-d0-s0-v0)
  (in-play card-d0-s0-v0)
  (in-play card-d0-s0-v0)
  (in-play card-d0-s0-v0)
  (on card-d0-s0-v0 card-d0-s0-v0)
  (on card-d0-s0-v0 card-d0-s0-v0)
  (on card-d0-s0-v0 card-d0-s0-v0)
  (on card-d0-s0-v0 pile-2)
  (clear card-d0-s0-v0)
  (part-of-tableau pile-2 pile-2)
  (part-of-tableau card-d0-s0-v0 pile-2)
  (part-of-tableau card-d0-s0-v0 pile-2)
  (part-of-tableau card-d0-s0-v0 pile-2)
  (part-of-tableau card-d0-s0-v0 pile-2)
  (movable card-d0-s0-v0)
  (in-play card-d0-s0-v0)
  (in-play card-d0-s0-v0)
  (in-play card-d0-s0-v0)
  (in-play card-d0-s0-v0)
  (on card-d0-s0-v0 card-d0-s0-v0)
  (on card-d0-s0-v0 card-d0-s0-v0)
  (on card-d0-s0-v0 card-d0-s0-v0)
  (on card-d0-s0-v0 pile-3)
  (clear card-d0-s0-v0)
  (part-of-tableau pile-3 pile-3)
  (part-of-tableau card-d0-s0-v0 pile-3)
  (part-of-tableau card-d0-s0-v0 pile-3)
  (part-of-tableau card-d0-s0-v0 pile-3)
  (part-of-tableau card-d0-s0-v0 pile-3)
  (movable card-d0-s0-v0)
  (in-play card-d0-s0-v0)
  (in-play card-d0-s0-v0)
  (in-play card-d0-s0-v0)
  (in-play card-d0-s0-v0)
  (on card-d0-s0-v0 card-d0-s0-v0)
  (on card-d0-s0-v0 card-d0-s0-v0)
  (on card-d0-s0-v0 card-d0-s0-v0)
  (on card-d0-s0-v0 pile-4)
  (clear card-d0-s0-v0)
  (part-of-tableau pile-4 pile-4)
  (part-of-tableau card-d0-s0-v0 pile-4)
  (part-of-tableau card-d0-s0-v0 pile-4)
  (part-of-tableau card-d0-s0-v0 pile-4)
  (part-of-tableau card-d0-s0-v0 pile-4)
  (movable card-d0-s0-v0)
  (in-play card-d0-s0-v0)
  (in-play card-d0-s0-v0)
  (in-play card-d0-s0-v0)
  (in-play card-d0-s0-v0)
  (on card-d0-s0-v0 card-d0-s0-v0)
  (on card-d0-s0-v0 card-d0-s0-v0)
  (on card-d0-s0-v0 card-d0-s0-v0)
  (on card-d0-s0-v0 pile-5)
  (clear card-d0-s0-v0)
  (part-of-tableau pile-5 pile-5)
  (part-of-tableau card-d0-s0-v0 pile-5)
  (part-of-tableau card-d0-s0-v0 pile-5)
  (part-of-tableau card-d0-s0-v0 pile-5)
  (part-of-tableau card-d0-s0-v0 pile-5)
  (movable card-d0-s0-v0)
  (in-play card-d0-s0-v0)
  (in-play card-d0-s0-v0)
  (in-play card-d0-s0-v0)
  (in-play card-d0-s0-v0)
  (on card-d0-s0-v0 deal-0)
  (on card-d0-s0-v0 card-d0-s0-v0)
  (on card-d0-s0-v0 card-d0-s0-v0)
  (on card-d0-s0-v0 card-d0-s0-v0)
  (on card-d0-s0-v0 card-d0-s0-v0)
  (on card-d0-s0-v0 card-d0-s0-v0)
  (clear card-d0-s0-v0)
  (on card-d0-s0-v0 deal-1)
  (on card-d0-s0-v0 card-d0-s0-v0)
  (on card-d0-s0-v0 card-d0-s0-v0)
  (on card-d0-s0-v0 card-d0-s0-v0)
  (on card-d0-s0-v0 card-d0-s0-v0)
  (on card-d0-s0-v0 card-d0-s0-v0)
  (clear card-d0-s0-v0)
  (current-deal deal-0)
  S:(can-continue-group card-d0-s0-v0 card-d0-s0-v0)
  S:(can-continue-group card-d0-s0-v0 card-d0-s0-v0)
  S:(can-continue-group card-d0-s0-v0 card-d0-s0-v0)
  S:(can-continue-group card-d0-s0-v0 card-d0-s0-v0)
  S:(can-continue-group card-d0-s0-v0 card-d0-s0-v0)
  S:(can-continue-group card-d0-s0-v0 card-d0-s0-v0)
  S:(can-continue-group card-d0-s0-v0 card-d0-s0-v0)
  S:(can-continue-group card-d0-s0-v0 card-d0-s0-v0)
  S:(can-continue-group card-d0-s0-v0 card-d0-s0-v0)
  S:(can-continue-group card-d0-s0-v0 card-d0-s0-v0)
  S:(can-continue-group card-d0-s0-v0 card-d0-s0-v0)
  S:(can-continue-group card-d0-s0-v0 card-d0-s0-v0)
  S:(can-continue-group card-d0-s0-v0 card-d0-s0-v0)
  S:(can-continue-group card-d0-s0-v0 card-d0-s0-v0)
  S:(can-continue-group card-d0-s0-v0 card-d0-s0-v0)
  S:(can-continue-group card-d0-s0-v0 card-d0-s0-v0)
  S:(can-continue-group card-d0-s0-v0 card-d0-s0-v0)
  S:(can-continue-group card-d0-s0-v0 card-d0-s0-v0)
  S:(can-continue-group card-d0-s0-v0 card-d0-s0-v0)
  S:(can-continue-group card-d0-s0-v0 card-d0-s0-v0)
  S:(can-continue-group card-d0-s0-v0 card-d0-s0-v0)
  S:(can-continue-group card-d0-s0-v0 card-d0-s0-v0)
  S:(can-continue-group card-d0-s0-v0 card-d0-s0-v0)
  S:(can-continue-group card-d0-s0-v0 card-d0-s0-v0)
  S:(can-continue-group card-d0-s0-v0 card-d0-s0-v0)
  S:(can-continue-group card-d0-s0-v0 card-d0-s0-v0)
  S:(can-continue-group card-d0-s0-v0 card-d0-s0-v0)
  S:(can-continue-group card-d0-s0-v0 card-d0-s0-v0)
  S:(can-continue-group card-d0-s0-v0 card-d0-s0-v0)
  S:(can-continue-group card-d0-s0-v0 card-d0-s0-v0)
  S:(can-continue-group card-d0-s0-v0 card-d0-s0-v0)
  S:(can-continue-group card-d0-s0-v0 card-d0-s0-v0)
  S:(can-continue-group card-d0-s0-v0 card-d0-s0-v0)
  S:(can-continue-group card-d0-s0-v0 card-d0-s0-v0)
  S:(can-continue-group card-d0-s0-v0 card-d0-s0-v0)
  S:(can-continue-group card-d0-s0-v0 card-d0-s0-v0)
  S:(can-continue-group card-d0-s0-v0 card-d0-s0-v0)
  S:(can-continue-group card-d0-s0-v0 card-d0-s0-v0)
  S:(can-continue-group card-d0-s0-v0 card-d0-s0-v0)
  S:(can-continue-group card-d0-s0-v0 card-d0-s0-v0)
  S:(can-continue-group card-d0-s0-v0 card-d0-s0-v0)
  S:(can-continue-group card-d0-s0-v0 card-d0-s0-v0)
  S:(can-continue-group card-d0-s0-v0 card-d0-s0-v0)
  S:(can-continue-group card-d0-s0-v0 card-d0-s0-v0)
  S:(can-continue-group card-d0-s0-v0 card-d0-s0-v0)
  S:(can-continue-group card-d0-s0-v0 card-d0-s0-v0)
  S:(can-continue-group card-d0-s0-v0 card-d0-s0-v0)
  S:(can-continue-group card-d0-s0-v0 card-d0-s0-v0)
  S:(can-continue-group card-d0-s0-v0 card-d0-s0-v0)
  S:(can-continue-group card-d0-s0-v0 card-d0-s0-v0)
  S:(can-continue-group card-d0-s0-v0 card-d0-s0-v0)
  S:(can-continue-group card-d0-s0-v0 card-d0-s0-v0)
  S:(can-continue-group card-d0-s0-v0 card-d0-s0-v0)
  S:(can-continue-group card-d0-s0-v0 card-d0-s0-v0)
  S:(can-continue-group card-d0-s0-v0 card-d0-s0-v0)
  S:(can-continue-group card-d0-s0-v0 card-d0-s0-v0)
  S:(can-continue-group card-d0-s0-v0 card-d0-s0-v0)
  S:(can-continue-group card-d0-s0-v0 card-d0-s0-v0)
  S:(can-continue-group card-d0-s0-v0 card-d0-s0-v0)
  S:(can-continue-group card-d0-s0-v0 card-d0-s0-v0)
  S:(can-continue-group card-d0-s0-v0 card-d0-s0-v0)
  S:(can-continue-group card-d0-s0-v0 card-d0-s0-v0)
  S:(can-continue-group card-d0-s0-v0 card-d0-s0-v0)
  S:(can-continue-group card-d0-s0-v0 card-d0-s0-v0)
  S:(can-continue-group card-d0-s0-v0 card-d0-s0-v0)
  S:(can-continue-group card-d0-s0-v0 card-d0-s0-v0)
  S:(can-continue-group card-d0-s0-v0 card-d0-s0-v0)
  S:(can-continue-group card-d0-s0-v0 card-d0-s0-v0)
  S:(can-continue-group card-d0-s0-v0 card-d0-s0-v0)
  S:(can-continue-group card-d0-s0-v0 card-d0-s0-v0)
  S:(can-continue-group card-d0-s0-v0 card-d0-s0-v0)
  S:(can-continue-group card-d0-s0-v0 card-d0-s0-v0)
  S:(can-continue-group card-d0-s0-v0 card-d0-s0-v0)
  S:(can-continue-group card-d0-s0-v0 card-d0-s0-v0)
  S:(can-continue-group card-d0-s0-v0 card-d0-s0-v0)
  S:(can-continue-group card-d0-s0-v0 card-d0-s0-v0)
  S:(can-continue-group card-d0-s0-v0 card-d0-s0-v0)
  S:(can-continue-group card-d0-s0-v0 card-d0-s0-v0)
  S:(can-continue-group card-d0-s0-v0 card-d0-s0-v0)
  S:(can-continue-group card-d0-s0-v0 card-d0-s0-v0)
  S:(can-continue-group card-d0-s0-v0 card-d0-s0-v0)
  S:(can-continue-group card-d0-s0-v0 card-d0-s0-v0)
  S:(can-continue-group card-d0-s0-v0 card-d0-s0-v0)
  S:(can-continue-group card-d0-s0-v0 card-d0-s0-v0)
  S:(can-continue-group card-d0-s0-v0 card-d0-s0-v0)
  S:(can-continue-group card-d0-s0-v0 card-d0-s0-v0)
  S:(can-continue-group card-d0-s0-v0 card-d0-s0-v0)
  S:(can-continue-group card-d0-s0-v0 card-d0-s0-v0)
  S:(can-continue-group card-d0-s0-v0 card-d0-s0-v0)
  S:(can-continue-group card-d0-s0-v0 card-d0-s0-v0)
  S:(can-continue-group card-d0-s0-v0 card-d0-s0-v0)
  S:(can-continue-group card-d0-s0-v0 card-d0-s0-v0)
  S:(can-continue-group card-d0-s0-v0 card-d0-s0-v0)
  S:(can-continue-group card-d0-s0-v0 card-d0-s0-v0)
  S:(can-continue-group card-d0-s0-v0 card-d0-s0-v0)
  S:(can-continue-group card-d0-s0-v0 card-d0-s0-v0)
  S:(can-continue-group card-d0-s0-v0 card-d0-s0-v0)
  S:(can-continue-group card-d0-s0-v0 card-d0-s0-v0)
  S:(can-continue-group card-d0-s0-v0 card-d0-s0-v0)
  S:(can-continue-group card-d0-s0-v0 card-d0-s0-v0)
  S:(can-continue-group card-d0-s0-v0 card-d0-s0-v0)
  S:(can-continue-group card-d0-s0-v0 card-d0-s0-v0)
  S:(can-continue-group card-d0-s0-v0 card-d0-s0-v0)
  S:(can-continue-group card-d0-s0-v0 card-d0-s0-v0)
  S:(can-continue-group card-d0-s0-v0 card-d0-s0-v0)
  S:(can-continue-group card-d0-s0-v0 card-d0-s0-v0)
  S:(can-continue-group card-d0-s0-v0 card-d0-s0-v0)
  S:(can-continue-group card-d0-s0-v0 card-d0-s0-v0)
  S:(can-continue-group card-d0-s0-v0 card-d0-s0-v0)
  S:(can-continue-group card-d0-s0-v0 card-d0-s0-v0)
  S:(can-continue-group card-d0-s0-v0 card-d0-s0-v0)
  S:(can-continue-group card-d0-s0-v0 card-d0-s0-v0)
  S:(can-continue-group card-d0-s0-v0 card-d0-s0-v0)
  S:(can-continue-group card-d0-s0-v0 card-d0-s0-v0)
  S:(can-continue-group card-d0-s0-v0 card-d0-s0-v0)
  S:(can-continue-group card-d0-s0-v0 card-d0-s0-v0)
  S:(can-continue-group card-d0-s0-v0 card-d0-s0-v0)
  S:(can-continue-group card-d0-s0-v0 card-d0-s0-v0)
  S:(can-continue-group card-d0-s0-v0 card-d0-s0-v0)
  S:(can-continue-group card-d0-s0-v0 card-d0-s0-v0)
  S:(can-continue-group card-d0-s0-v0 card-d0-s0-v0)
  S:(can-continue-group card-d0-s0-v0 card-d0-s0-v0)
  S:(can-continue-group card-d0-s0-v0 card-d0-s0-v0)
  S:(can-continue-group card-d0-s0-v0 card-d0-s0-v0)
  S:(can-continue-group card-d0-s0-v0 card-d0-s0-v0)
  S:(can-continue-group card-d0-s0-v0 card-d0-s0-v0)
  S:(can-continue-group card-d0-s0-v0 card-d0-s0-v0)
  S:(can-continue-group card-d0-s0-v0 card-d0-s0-v0)
  S:(can-be-placed-on card-d0-s0-v0 card-d0-s0-v0)
  S:(can-be-placed-on card-d0-s0-v0 card-d0-s0-v0)
  S:(can-be-placed-on card-d0-s0-v0 card-d0-s0-v0)
  S:(can-be-placed-on card-d0-s0-v0 card-d0-s0-v0)
  S:(can-be-placed-on card-d0-s0-v0 card-d0-s0-v0)
  S:(can-be-placed-on card-d0-s0-v0 card-d0-s0-v0)
  S:(can-be-placed-on card-d0-s0-v0 card-d0-s0-v0)
  S:(can-be-placed-on card-d0-s0-v0 card-d0-s0-v0)
  S:(can-be-placed-on card-d0-s0-v0 card-d0-s0-v0)
  S:(can-be-placed-on card-d0-s0-v0 card-d0-s0-v0)
  S:(can-be-placed-on card-d0-s0-v0 card-d0-s0-v0)
  S:(can-be-placed-on card-d0-s0-v0 card-d0-s0-v0)
  S:(can-be-placed-on card-d0-s0-v0 card-d0-s0-v0)
  S:(can-be-placed-on card-d0-s0-v0 card-d0-s0-v0)
  S:(can-be-placed-on card-d0-s0-v0 card-d0-s0-v0)
  S:(can-be-placed-on card-d0-s0-v0 card-d0-s0-v0)
  S:(can-be-placed-on card-d0-s0-v0 card-d0-s0-v0)
  S:(can-be-placed-on card-d0-s0-v0 card-d0-s0-v0)
  S:(can-be-placed-on card-d0-s0-v0 card-d0-s0-v0)
  S:(can-be-placed-on card-d0-s0-v0 card-d0-s0-v0)
  S:(can-be-placed-on card-d0-s0-v0 card-d0-s0-v0)
  S:(can-be-placed-on card-d0-s0-v0 card-d0-s0-v0)
  S:(can-be-placed-on card-d0-s0-v0 card-d0-s0-v0)
  S:(can-be-placed-on card-d0-s0-v0 card-d0-s0-v0)
  S:(can-be-placed-on card-d0-s0-v0 card-d0-s0-v0)
  S:(can-be-placed-on card-d0-s0-v0 card-d0-s0-v0)
  S:(can-be-placed-on card-d0-s0-v0 card-d0-s0-v0)
  S:(can-be-placed-on card-d0-s0-v0 card-d0-s0-v0)
  S:(can-be-placed-on card-d0-s0-v0 card-d0-s0-v0)
  S:(can-be-placed-on card-d0-s0-v0 card-d0-s0-v0)
  S:(can-be-placed-on card-d0-s0-v0 card-d0-s0-v0)
  S:(can-be-placed-on card-d0-s0-v0 card-d0-s0-v0)
  S:(can-be-placed-on card-d0-s0-v0 card-d0-s0-v0)
  S:(can-be-placed-on card-d0-s0-v0 card-d0-s0-v0)
  S:(can-be-placed-on card-d0-s0-v0 card-d0-s0-v0)
  S:(can-be-placed-on card-d0-s0-v0 card-d0-s0-v0)
  S:(can-be-placed-on card-d0-s0-v0 card-d0-s0-v0)
  S:(can-be-placed-on card-d0-s0-v0 card-d0-s0-v0)
  S:(can-be-placed-on card-d0-s0-v0 card-d0-s0-v0)
  S:(can-be-placed-on card-d0-s0-v0 card-d0-s0-v0)
  S:(can-be-placed-on card-d0-s0-v0 card-d0-s0-v0)
  S:(can-be-placed-on card-d0-s0-v0 card-d0-s0-v0)
  S:(can-be-placed-on card-d0-s0-v0 card-d0-s0-v0)
  S:(can-be-placed-on card-d0-s0-v0 card-d0-s0-v0)
  S:(can-be-placed-on card-d0-s0-v0 card-d0-s0-v0)
  S:(can-be-placed-on card-d0-s0-v0 card-d0-s0-v0)
  S:(can-be-placed-on card-d0-s0-v0 card-d0-s0-v0)
  S:(can-be-placed-on card-d0-s0-v0 card-d0-s0-v0)
  S:(can-be-placed-on card-d0-s0-v0 card-d0-s0-v0)
  S:(can-be-placed-on card-d0-s0-v0 card-d0-s0-v0)
  S:(can-be-placed-on card-d0-s0-v0 card-d0-s0-v0)
  S:(can-be-placed-on card-d0-s0-v0 card-d0-s0-v0)
  S:(can-be-placed-on card-d0-s0-v0 card-d0-s0-v0)
  S:(can-be-placed-on card-d0-s0-v0 card-d0-s0-v0)
  S:(can-be-placed-on card-d0-s0-v0 card-d0-s0-v0)
  S:(can-be-placed-on card-d0-s0-v0 card-d0-s0-v0)
  S:(can-be-placed-on card-d0-s0-v0 card-d0-s0-v0)
  S:(can-be-placed-on card-d0-s0-v0 card-d0-s0-v0)
  S:(can-be-placed-on card-d0-s0-v0 card-d0-s0-v0)
  S:(can-be-placed-on card-d0-s0-v0 card-d0-s0-v0)
  S:(can-be-placed-on card-d0-s0-v0 card-d0-s0-v0)
  S:(can-be-placed-on card-d0-s0-v0 card-d0-s0-v0)
  S:(can-be-placed-on card-d0-s0-v0 card-d0-s0-v0)
  S:(can-be-placed-on card-d0-s0-v0 card-d0-s0-v0)
  S:(can-be-placed-on card-d0-s0-v0 card-d0-s0-v0)
  S:(can-be-placed-on card-d0-s0-v0 card-d0-s0-v0)
  S:(can-be-placed-on card-d0-s0-v0 card-d0-s0-v0)
  S:(can-be-placed-on card-d0-s0-v0 card-d0-s0-v0)
  S:(can-be-placed-on card-d0-s0-v0 card-d0-s0-v0)
  S:(can-be-placed-on card-d0-s0-v0 card-d0-s0-v0)
  S:(can-be-placed-on card-d0-s0-v0 card-d0-s0-v0)
  S:(can-be-placed-on card-d0-s0-v0 card-d0-s0-v0)
  S:(can-be-placed-on card-d0-s0-v0 card-d0-s0-v0)
  S:(can-be-placed-on card-d0-s0-v0 card-d0-s0-v0)
  S:(can-be-placed-on card-d0-s0-v0 card-d0-s0-v0)
  S:(can-be-placed-on card-d0-s0-v0 card-d0-s0-v0)
  S:(can-be-placed-on card-d0-s0-v0 card-d0-s0-v0)
  S:(can-be-placed-on card-d0-s0-v0 card-d0-s0-v0)
  S:(can-be-placed-on card-d0-s0-v0 card-d0-s0-v0)
  S:(can-be-placed-on card-d0-s0-v0 card-d0-s0-v0)
  S:(can-be-placed-on card-d0-s0-v0 card-d0-s0-v0)
  S:(can-be-placed-on card-d0-s0-v0 card-d0-s0-v0)
  S:(can-be-placed-on card-d0-s0-v0 card-d0-s0-v0)
  S:(can-be-placed-on card-d0-s0-v0 card-d0-s0-v0)
  S:(can-be-placed-on card-d0-s0-v0 card-d0-s0-v0)
  S:(can-be-placed-on card-d0-s0-v0 card-d0-s0-v0)
  S:(can-be-placed-on card-d0-s0-v0 card-d0-s0-v0)
  S:(can-be-placed-on card-d0-s0-v0 card-d0-s0-v0)
  S:(can-be-placed-on card-d0-s0-v0 card-d0-s0-v0)
  S:(can-be-placed-on card-d0-s0-v0 card-d0-s0-v0)
  S:(can-be-placed-on card-d0-s0-v0 card-d0-s0-v0)
  S:(can-be-placed-on card-d0-s0-v0 card-d0-s0-v0)
  S:(can-be-placed-on card-d0-s0-v0 card-d0-s0-v0)
  S:(can-be-placed-on card-d0-s0-v0 card-d0-s0-v0)
  S:(can-be-placed-on card-d0-s0-v0 card-d0-s0-v0)
  S:(can-be-placed-on card-d0-s0-v0 card-d0-s0-v0)
  S:(can-be-placed-on card-d0-s0-v0 card-d0-s0-v0)
  S:(can-be-placed-on card-d0-s0-v0 card-d0-s0-v0)
  S:(can-be-placed-on card-d0-s0-v0 card-d0-s0-v0)
  S:(can-be-placed-on card-d0-s0-v0 card-d0-s0-v0)
  S:(can-be-placed-on card-d0-s0-v0 card-d0-s0-v0)
  S:(can-be-placed-on card-d0-s0-v0 card-d0-s0-v0)
  S:(can-be-placed-on card-d0-s0-v0 card-d0-s0-v0)
  S:(can-be-placed-on card-d0-s0-v0 card-d0-s0-v0)
  S:(can-be-placed-on card-d0-s0-v0 card-d0-s0-v0)
  S:(can-be-placed-on card-d0-s0-v0 card-d0-s0-v0)
  S:(can-be-placed-on card-d0-s0-v0 card-d0-s0-v0)
  S:(can-be-placed-on card-d0-s0-v0 card-d0-s0-v0)
  S:(can-be-placed-on card-d0-s0-v0 card-d0-s0-v0)
  S:(can-be-placed-on card-d0-s0-v0 card-d0-s0-v0)
  S:(can-be-placed-on card-d0-s0-v0 card-d0-s0-v0)
  S:(can-be-placed-on card-d0-s0-v0 card-d0-s0-v0)
  S:(can-be-placed-on card-d0-s0-v0 card-d0-s0-v0)
  S:(can-be-placed-on card-d0-s0-v0 card-d0-s0-v0)
  S:(can-be-placed-on card-d0-s0-v0 card-d0-s0-v0)
  S:(can-be-placed-on card-d0-s0-v0 card-d0-s0-v0)
  S:(can-be-placed-on card-d0-s0-v0 card-d0-s0-v0)
  S:(can-be-placed-on card-d0-s0-v0 card-d0-s0-v0)
  S:(can-be-placed-on card-d0-s0-v0 card-d0-s0-v0)
  S:(can-be-placed-on card-d0-s0-v0 card-d0-s0-v0)
  S:(can-be-placed-on card-d0-s0-v0 card-d0-s0-v0)
  S:(can-be-placed-on card-d0-s0-v0 card-d0-s0-v0)
  S:(can-be-placed-on card-d0-s0-v0 card-d0-s0-v0)
  S:(can-be-placed-on card-d0-s0-v0 card-d0-s0-v0)
  S:(can-be-placed-on card-d0-s0-v0 card-d0-s0-v0)
  S:(can-be-placed-on card-d0-s0-v0 card-d0-s0-v0)
  S:(can-be-placed-on card-d0-s0-v0 card-d0-s0-v0)
  S:(can-be-placed-on card-d0-s0-v0 card-d0-s0-v0)
  S:(is-ace card-d0-s0-v0)
  S:(is-ace card-d0-s0-v0)
  S:(is-ace card-d0-s0-v0)
  S:(is-ace card-d0-s0-v0)
  S:(is-king card-d0-s0-v0)
  S:(is-king card-d0-s0-v0)
  S:(is-king card-d0-s0-v0)
  S:(is-king card-d0-s0-v0)
  S:(next-deal deal-0 deal-1)
  S:(next-deal deal-1 deal-2)
  S:(to-deal card-d0-s0-v0 pile-5 deal-0 deal-0)
  S:(to-deal card-d0-s0-v0 pile-0 deal-0 card-d0-s0-v0)
  S:(to-deal card-d0-s0-v0 pile-1 deal-0 card-d0-s0-v0)
  S:(to-deal card-d0-s0-v0 pile-2 deal-0 card-d0-s0-v0)
  S:(to-deal card-d0-s0-v0 pile-3 deal-0 card-d0-s0-v0)
  S:(to-deal card-d0-s0-v0 pile-4 deal-0 card-d0-s0-v0)
  S:(to-deal card-d0-s0-v0 pile-5 deal-1 deal-1)
  S:(to-deal card-d0-s0-v0 pile-0 deal-1 card-d0-s0-v0)
  S:(to-deal card-d0-s0-v0 pile-1 deal-1 card-d0-s0-v0)
  S:(to-deal card-d0-s0-v0 pile-2 deal-1 card-d0-s0-v0)
  S:(to-deal card-d0-s0-v0 pile-3 deal-1 card-d0-s0-v0)
  S:(to-deal card-d0-s0-v0 pile-4 deal-1 card-d0-s0-v0)
  (NOT-currently-dealing)
  (NOT-currently-collecting-deck)
  (NOT-movable card-d0-s0-v0)
  (NOT-movable card-d0-s0-v0)
  (NOT-movable card-d0-s0-v0)
  (NOT-movable card-d0-s0-v0)
  (NOT-movable card-d0-s0-v0)
  (NOT-movable card-d0-s0-v0)
  (NOT-movable card-d0-s0-v0)
  (NOT-movable card-d0-s0-v0)
  (NOT-movable card-d0-s0-v0)
  (NOT-movable card-d0-s0-v0)
  (NOT-movable card-d0-s0-v0)
  (NOT-movable card-d0-s0-v0)
  (NOT-movable card-d0-s0-v0)
  (NOT-movable card-d0-s0-v0)
  (NOT-movable card-d0-s0-v0)
  (NOT-movable card-d0-s0-v0)
  (NOT-movable card-d0-s0-v0)
  (NOT-movable card-d0-s0-v0)
  (NOT-movable card-d0-s0-v0)
  (NOT-movable card-d0-s0-v0)
  (NOT-movable card-d0-s0-v0)
  (NOT-movable card-d0-s0-v0)
  (NOT-movable card-d0-s0-v0)
  (NOT-movable card-d0-s0-v0)
  (NOT-movable card-d0-s0-v0)
  (NOT-movable card-d0-s0-v0)
  (NOT-movable card-d0-s0-v0)
  (NOT-movable card-d0-s0-v0)
  (NOT-movable card-d0-s0-v0)
  (NOT-movable card-d0-s0-v0)
  (NOT-currently-updating-unmovable)
  (NOT-currently-updating-movable)
  (NOT-currently-updating-part-of-tableau)
Init[1]:
  (= (total-cost) 0)
Goal: (and (RW:clear pile-0) (RW:clear pile-1) (RW:clear pile-2) (RW:clear pile-3) (RW:clear pile-4) (RW:clear pile-5) (RW:clear deal-0) (RW:clear deal-1) (RW:on card-d0-s0-v0 discard) (RW:on card-d0-s0-v0 discard) (RW:on card-d0-s0-v0 discard) (RW:on card-d0-s0-v0 discard) (RW:on card-d0-s0-v0 discard) (RW:on card-d0-s0-v0 discard) (RW:on card-d0-s0-v0 discard) (RW:on card-d0-s0-v0 discard) (RW:on card-d0-s0-v0 discard) (RW:on card-d0-s0-v0 discard) (RW:on card-d0-s0-v0 discard) (RW:on card-d0-s0-v0 discard) (RW:on card-d0-s0-v0 discard) (RW:on card-d0-s0-v0 discard) (RW:on card-d0-s0-v0 discard) (RW:on card-d0-s0-v0 discard) (RW:on card-d0-s0-v0 discard) (RW:on card-d0-s0-v0 discard) (RW:on card-d0-s0-v0 discard) (RW:on card-d0-s0-v0 discard) (RW:on card-d0-s0-v0 discard) (RW:on card-d0-s0-v0 discard) (RW:on card-d0-s0-v0 discard) (RW:on card-d0-s0-v0 discard) (RW:on card-d0-s0-v0 discard) (RW:on card-d0-s0-v0 discard) (RW:on card-d0-s0-v0 discard) (RW:on card-d0-s0-v0 discard) (RW:on card-d0-s0-v0 discard) (RW:on card-d0-s0-v0 discard) (RW:on card-d0-s0-v0 discard) (RW:on card-d0-s0-v0 discard) (RW:on card-d0-s0-v0 discard) (RW:on card-d0-s0-v0 discard) (RW:on card-d0-s0-v0 discard) (RW:on card-d0-s0-v0 discard))
Metric: 1
