Domain: spider
Problem: spider-4-1-9-6-2-600
Require:
  :action-costs
  :conditional-effects
  :negative-preconditions
  :strips
  :typing
Type:
  card - card_or_tableau
  card_or_tableau - cardposition
  cardposition - object
  deal - cardposition
  object
  tableau - card_or_tableau
Obj:
  card-d0-s0-v0 - card
  card-d0-s0-v1 - card
  card-d0-s0-v2 - card
  card-d0-s0-v3 - card
  card-d0-s0-v4 - card
  card-d0-s0-v5 - card
  card-d0-s0-v6 - card
  card-d0-s0-v7 - card
  card-d0-s0-v8 - card
  card-d1-s0-v0 - card
  card-d1-s0-v1 - card
  card-d1-s0-v2 - card
  card-d1-s0-v3 - card
  card-d1-s0-v4 - card
  card-d1-s0-v5 - card
  card-d1-s0-v6 - card
  card-d1-s0-v7 - card
  card-d1-s0-v8 - card
  card-d2-s0-v0 - card
  card-d2-s0-v1 - card
  card-d2-s0-v2 - card
  card-d2-s0-v3 - card
  card-d2-s0-v4 - card
  card-d2-s0-v5 - card
  card-d2-s0-v6 - card
  card-d2-s0-v7 - card
  card-d2-s0-v8 - card
  card-d3-s0-v0 - card
  card-d3-s0-v1 - card
  card-d3-s0-v2 - card
  card-d3-s0-v3 - card
  card-d3-s0-v4 - card
  card-d3-s0-v5 - card
  card-d3-s0-v6 - card
  card-d3-s0-v7 - card
  card-d3-s0-v8 - card
  deal-0 - deal
  deal-1 - deal
  deal-2 - deal
  discard - cardposition :constant
  pile-0 - tableau
  pile-1 - tableau
  pile-2 - tableau
  pile-3 - tableau
  pile-4 - tableau
  pile-5 - tableau
Predicate:
  (= object object) :eq
  (NOT-currently-collecting-deck) neg-of (currently-collecting-deck)
  (NOT-currently-dealing) neg-of (currently-dealing)
  (NOT-currently-updating-movable) neg-of (currently-updating-movable)
  (NOT-currently-updating-part-of-tableau) neg-of (currently-updating-part-of-tableau)
  (NOT-currently-updating-unmovable) neg-of (currently-updating-unmovable)
  (NOT-movable card) neg-of (movable)
  (can-be-placed-on card card)
  (can-continue-group card cardposition)
  (clear cardposition)
  (collect-card cardposition)
  (current-deal deal)
  (currently-collecting-deck) neg-of (NOT-currently-collecting-deck)
  (currently-dealing) neg-of (NOT-currently-dealing)
  (currently-updating-movable) neg-of (NOT-currently-updating-movable)
  (currently-updating-part-of-tableau) neg-of (NOT-currently-updating-part-of-tableau)
  (currently-updating-unmovable) neg-of (NOT-currently-updating-unmovable)
  (in-play card)
  (is-ace card)
  (is-king card)
  (make-movable cardposition)
  (make-part-of-tableau card tableau)
  (make-unmovable card)
  (movable card) neg-of (NOT-movable)
  (next-deal deal deal)
  (on card cardposition)
  (part-of-tableau cardposition tableau)
  (to-deal card tableau deal cardposition)
Function:
  (total-cost) :total-cost
Action:
  change-tableau-and-continue: ?c - card ?tbefore - tableau ?t - tableau ?next - card
      pre: (and (NOT-currently-collecting-deck) (currently-updating-part-of-tableau) (make-part-of-tableau ?c ?t) (on ?next ?c) (part-of-tableau ?c ?tbefore))
      eff: (and (make-part-of-tableau ?next ?t) (not (make-part-of-tableau ?c ?t)) (not (part-of-tableau ?c ?tbefore)) (part-of-tableau ?c ?t))
  change-tableau-and-stop: ?c - card ?tbefore - tableau ?t - tableau
      pre: (and (NOT-currently-collecting-deck) (clear ?c) (currently-updating-part-of-tableau) (make-part-of-tableau ?c ?t) (part-of-tableau ?c ?tbefore))
      eff: (and (NOT-currently-updating-part-of-tableau) (not (currently-updating-part-of-tableau)) (not (make-part-of-tableau ?c ?t)) (not (part-of-tableau ?c ?tbefore)) (part-of-tableau ?c ?t))
  collect-card: ?c - card ?nextcard - cardposition ?p - tableau
      pre: (and (NOT-currently-dealing) (NOT-currently-updating-movable) (NOT-currently-updating-part-of-tableau) (NOT-currently-updating-unmovable) (can-continue-group ?c ?nextcard) (collect-card ?c) (currently-collecting-deck) (in-play ?c) (on ?c ?nextcard) (part-of-tableau ?c ?p))
      eff: (and (NOT-movable ?c) (clear ?nextcard) (collect-card ?nextcard) (not (collect-card ?c)) (not (in-play ?c)) (not (movable ?c)) (not (on ?c ?nextcard)) (not (part-of-tableau ?c ?p)) (on ?c discard))
  deal-card: ?c - card ?from - cardposition ?fromdeal - deal ?to - card ?totableau - tableau
      pre: (and (NOT-currently-collecting-deck) (NOT-currently-updating-movable) (NOT-currently-updating-part-of-tableau) (NOT-currently-updating-unmovable) (clear ?c) (clear ?to) (current-deal ?fromdeal) (currently-dealing) (on ?c ?from) (part-of-tableau ?to ?totableau) (to-deal ?c ?totableau ?fromdeal ?from))
      eff: (and (clear ?from) (in-play ?c) (movable ?c) (not (NOT-movable ?c)) (not (clear ?to)) (not (on ?c ?from)) (on ?c ?to) (part-of-tableau ?c ?totableau) (when (not (can-continue-group ?c ?to)) (and (currently-updating-unmovable) (make-unmovable ?to) (not (NOT-currently-updating-unmovable)))))
  finish-collecting-deck: ?c - card ?nextcard - cardposition ?p - tableau
      pre: (and (NOT-currently-dealing) (NOT-currently-updating-movable) (NOT-currently-updating-part-of-tableau) (NOT-currently-updating-unmovable) (collect-card ?c) (currently-collecting-deck) (in-play ?c) (is-king ?c) (on ?c ?nextcard) (part-of-tableau ?c ?p))
      eff: (and (NOT-currently-collecting-deck) (NOT-movable ?c) (clear ?nextcard) (currently-updating-movable) (make-movable ?nextcard) (not (NOT-currently-updating-movable)) (not (collect-card ?c)) (not (currently-collecting-deck)) (not (in-play ?c)) (not (movable ?c)) (not (on ?c ?nextcard)) (not (part-of-tableau ?c ?p)) (on ?c discard))
  finish-dealing: ?d - deal ?nd - deal
      pre: (and (NOT-currently-collecting-deck) (NOT-currently-updating-movable) (NOT-currently-updating-part-of-tableau) (NOT-currently-updating-unmovable) (clear ?d) (current-deal ?d) (currently-dealing) (next-deal ?d ?nd))
      eff: (and (NOT-currently-dealing) (current-deal ?nd) (not (current-deal ?d)) (not (currently-dealing)))
  make-movable-and-continue: ?c - card ?nextcard - card
      pre: (and (NOT-currently-collecting-deck) (NOT-currently-updating-part-of-tableau) (NOT-currently-updating-unmovable) (can-continue-group ?c ?nextcard) (currently-updating-movable) (make-movable ?c) (on ?c ?nextcard))
      eff: (and (make-movable ?nextcard) (movable ?c) (not (NOT-movable ?c)) (not (make-movable ?c)))
  make-movable-and-stop: ?c - card ?nextcard - cardposition
      pre: (and (NOT-currently-collecting-deck) (NOT-currently-updating-part-of-tableau) (NOT-currently-updating-unmovable) (currently-updating-movable) (make-movable ?c) (not (can-continue-group ?c ?nextcard)) (on ?c ?nextcard))
      eff: (and (NOT-currently-updating-movable) (movable ?c) (not (NOT-movable ?c)) (not (currently-updating-movable)) (not (make-movable ?c)))
  make-movable-ignore-pile: ?p - tableau
      pre: (and (NOT-currently-collecting-deck) (NOT-currently-updating-part-of-tableau) (NOT-currently-updating-unmovable) (currently-updating-movable) (make-movable ?p))
      eff: (and (NOT-currently-updating-movable) (not (currently-updating-movable)) (not (make-movable ?p)))
  make-unmovable-and-continue: ?c - card ?nextcard - card
      pre: (and (NOT-currently-collecting-deck) (NOT-currently-updating-part-of-tableau) (can-continue-group ?c ?nextcard) (currently-updating-unmovable) (make-unmovable ?c) (movable ?nextcard) (on ?c ?nextcard))
      eff: (and (NOT-movable ?c) (make-unmovable ?nextcard) (not (make-unmovable ?c)) (not (movable ?c)))
  make-unmovable-and-stop-at-tableau: ?c - card ?t - tableau
      pre: (and (NOT-currently-collecting-deck) (NOT-currently-updating-part-of-tableau) (currently-updating-unmovable) (make-unmovable ?c) (on ?c ?t))
      eff: (and (NOT-currently-updating-unmovable) (NOT-movable ?c) (not (currently-updating-unmovable)) (not (make-unmovable ?c)) (not (movable ?c)))
  make-unmovable-and-stop-at-unmovable: ?c - card ?nextcard - card
      pre: (and (NOT-currently-collecting-deck) (NOT-currently-updating-part-of-tableau) (NOT-movable ?nextcard) (currently-updating-unmovable) (make-unmovable ?c) (on ?c ?nextcard))
      eff: (and (NOT-currently-updating-part-of-tableau) (NOT-currently-updating-unmovable) (NOT-movable ?c) (not (currently-updating-part-of-tableau)) (not (currently-updating-unmovable)) (not (make-unmovable ?c)) (not (movable ?c)))
  move-to-card: ?c - card ?from - card_or_tableau ?to - card ?totableau - tableau
      pre: (and (NOT-currently-collecting-deck) (NOT-currently-dealing) (NOT-currently-updating-movable) (NOT-currently-updating-part-of-tableau) (NOT-currently-updating-unmovable) (can-be-placed-on ?c ?to) (clear ?to) (in-play ?c) (in-play ?to) (movable ?c) (on ?c ?from) (part-of-tableau ?to ?totableau))
      eff: (and (clear ?from) (currently-updating-part-of-tableau) (increase (total-cost) 1) (make-part-of-tableau ?c ?totableau) (not (NOT-currently-updating-part-of-tableau)) (not (clear ?to)) (not (on ?c ?from)) (on ?c ?to) (when (not (can-continue-group ?c ?from)) (and (currently-updating-movable) (make-movable ?from) (not (NOT-currently-updating-movable)))) (when (not (can-continue-group ?c ?to)) (and (currently-updating-unmovable) (make-unmovable ?to) (not (NOT-currently-updating-unmovable)))))
  move-to-tableau: ?c - card ?from - card_or_tableau ?to - tableau
      pre: (and (NOT-currently-collecting-deck) (NOT-currently-dealing) (NOT-currently-updating-movable) (NOT-currently-updating-part-of-tableau) (NOT-currently-updating-unmovable) (clear ?to) (in-play ?c) (movable ?c) (on ?c ?from))
      eff: (and (clear ?from) (currently-updating-part-of-tableau) (increase (total-cost) 1) (make-part-of-tableau ?c ?to) (not (NOT-currently-updating-part-of-tableau)) (not (clear ?to)) (not (on ?c ?from)) (on ?c ?to) (when (not (can-continue-group ?c ?from)) (and (currently-updating-movable) (make-movable ?from) (not (NOT-currently-updating-movable)))))
  start-collecting-deck: ?c - card
      pre: (and (NOT-currently-collecting-deck) (NOT-currently-dealing) (NOT-currently-updating-movable) (NOT-currently-updating-part-of-tableau) (NOT-currently-updating-unmovable) (clear ?c) (in-play ?c) (is-ace ?c))
      eff: (and (collect-card ?c) (currently-collecting-deck) (increase (total-cost) 1) (not (NOT-currently-collecting-deck)))
  start-dealing:
      pre: (and (NOT-currently-collecting-deck) (NOT-currently-dealing) (NOT-currently-updating-movable) (NOT-currently-updating-part-of-tableau) (NOT-currently-updating-unmovable))
      eff: (and (currently-dealing) (increase (total-cost) 1) (not (NOT-currently-dealing)))
Init:
  (= (total-cost) 0)
  (NOT-currently-collecting-deck)
  (NOT-currently-dealing)
  (NOT-currently-updating-movable)
  (NOT-currently-updating-part-of-tableau)
  (NOT-currently-updating-unmovable)
  (NOT-movable card-d0-s0-v0)
  (NOT-movable card-d0-s0-v1)
  (NOT-movable card-d0-s0-v2)
  (NOT-movable card-d0-s0-v3)
  (NOT-movable card-d0-s0-v4)
  (NOT-movable card-d0-s0-v5)
  (NOT-movable card-d0-s0-v6)
  (NOT-movable card-d0-s0-v7)
  (NOT-movable card-d0-s0-v8)
  (NOT-movable card-d1-s0-v0)
  (NOT-movable card-d1-s0-v1)
  (NOT-movable card-d1-s0-v2)
  (NOT-movable card-d1-s0-v3)
  (NOT-movable card-d1-s0-v4)
  (NOT-movable card-d1-s0-v5)
  (NOT-movable card-d1-s0-v6)
  (NOT-movable card-d1-s0-v7)
  (NOT-movable card-d1-s0-v8)
  (NOT-movable card-d2-s0-v0)
  (NOT-movable card-d2-s0-v2)
  (NOT-movable card-d2-s0-v4)
  (NOT-movable card-d2-s0-v5)
  (NOT-movable card-d2-s0-v6)
  (NOT-movable card-d2-s0-v7)
  (NOT-movable card-d2-s0-v8)
  (NOT-movable card-d3-s0-v0)
  (NOT-movable card-d3-s0-v3)
  (NOT-movable card-d3-s0-v4)
  (NOT-movable card-d3-s0-v7)
  (NOT-movable card-d3-s0-v8)
  (can-be-placed-on card-d0-s0-v0 card-d0-s0-v1)
  (can-be-placed-on card-d0-s0-v0 card-d1-s0-v1)
  (can-be-placed-on card-d0-s0-v0 card-d2-s0-v1)
  (can-be-placed-on card-d0-s0-v0 card-d3-s0-v1)
  (can-be-placed-on card-d0-s0-v1 card-d0-s0-v2)
  (can-be-placed-on card-d0-s0-v1 card-d1-s0-v2)
  (can-be-placed-on card-d0-s0-v1 card-d2-s0-v2)
  (can-be-placed-on card-d0-s0-v1 card-d3-s0-v2)
  (can-be-placed-on card-d0-s0-v2 card-d0-s0-v3)
  (can-be-placed-on card-d0-s0-v2 card-d1-s0-v3)
  (can-be-placed-on card-d0-s0-v2 card-d2-s0-v3)
  (can-be-placed-on card-d0-s0-v2 card-d3-s0-v3)
  (can-be-placed-on card-d0-s0-v3 card-d0-s0-v4)
  (can-be-placed-on card-d0-s0-v3 card-d1-s0-v4)
  (can-be-placed-on card-d0-s0-v3 card-d2-s0-v4)
  (can-be-placed-on card-d0-s0-v3 card-d3-s0-v4)
  (can-be-placed-on card-d0-s0-v4 card-d0-s0-v5)
  (can-be-placed-on card-d0-s0-v4 card-d1-s0-v5)
  (can-be-placed-on card-d0-s0-v4 card-d2-s0-v5)
  (can-be-placed-on card-d0-s0-v4 card-d3-s0-v5)
  (can-be-placed-on card-d0-s0-v5 card-d0-s0-v6)
  (can-be-placed-on card-d0-s0-v5 card-d1-s0-v6)
  (can-be-placed-on card-d0-s0-v5 card-d2-s0-v6)
  (can-be-placed-on card-d0-s0-v5 card-d3-s0-v6)
  (can-be-placed-on card-d0-s0-v6 card-d0-s0-v7)
  (can-be-placed-on card-d0-s0-v6 card-d1-s0-v7)
  (can-be-placed-on card-d0-s0-v6 card-d2-s0-v7)
  (can-be-placed-on card-d0-s0-v6 card-d3-s0-v7)
  (can-be-placed-on card-d0-s0-v7 card-d0-s0-v8)
  (can-be-placed-on card-d0-s0-v7 card-d1-s0-v8)
  (can-be-placed-on card-d0-s0-v7 card-d2-s0-v8)
  (can-be-placed-on card-d0-s0-v7 card-d3-s0-v8)
  (can-be-placed-on card-d1-s0-v0 card-d0-s0-v1)
  (can-be-placed-on card-d1-s0-v0 card-d1-s0-v1)
  (can-be-placed-on card-d1-s0-v0 card-d2-s0-v1)
  (can-be-placed-on card-d1-s0-v0 card-d3-s0-v1)
  (can-be-placed-on card-d1-s0-v1 card-d0-s0-v2)
  (can-be-placed-on card-d1-s0-v1 card-d1-s0-v2)
  (can-be-placed-on card-d1-s0-v1 card-d2-s0-v2)
  (can-be-placed-on card-d1-s0-v1 card-d3-s0-v2)
  (can-be-placed-on card-d1-s0-v2 card-d0-s0-v3)
  (can-be-placed-on card-d1-s0-v2 card-d1-s0-v3)
  (can-be-placed-on card-d1-s0-v2 card-d2-s0-v3)
  (can-be-placed-on card-d1-s0-v2 card-d3-s0-v3)
  (can-be-placed-on card-d1-s0-v3 card-d0-s0-v4)
  (can-be-placed-on card-d1-s0-v3 card-d1-s0-v4)
  (can-be-placed-on card-d1-s0-v3 card-d2-s0-v4)
  (can-be-placed-on card-d1-s0-v3 card-d3-s0-v4)
  (can-be-placed-on card-d1-s0-v4 card-d0-s0-v5)
  (can-be-placed-on card-d1-s0-v4 card-d1-s0-v5)
  (can-be-placed-on card-d1-s0-v4 card-d2-s0-v5)
  (can-be-placed-on card-d1-s0-v4 card-d3-s0-v5)
  (can-be-placed-on card-d1-s0-v5 card-d0-s0-v6)
  (can-be-placed-on card-d1-s0-v5 card-d1-s0-v6)
  (can-be-placed-on card-d1-s0-v5 card-d2-s0-v6)
  (can-be-placed-on card-d1-s0-v5 card-d3-s0-v6)
  (can-be-placed-on card-d1-s0-v6 card-d0-s0-v7)
  (can-be-placed-on card-d1-s0-v6 card-d1-s0-v7)
  (can-be-placed-on card-d1-s0-v6 card-d2-s0-v7)
  (can-be-placed-on card-d1-s0-v6 card-d3-s0-v7)
  (can-be-placed-on card-d1-s0-v7 card-d0-s0-v8)
  (can-be-placed-on card-d1-s0-v7 card-d1-s0-v8)
  (can-be-placed-on card-d1-s0-v7 card-d2-s0-v8)
  (can-be-placed-on card-d1-s0-v7 card-d3-s0-v8)
  (can-be-placed-on card-d2-s0-v0 card-d0-s0-v1)
  (can-be-placed-on card-d2-s0-v0 card-d1-s0-v1)
  (can-be-placed-on card-d2-s0-v0 card-d2-s0-v1)
  (can-be-placed-on card-d2-s0-v0 card-d3-s0-v1)
  (can-be-placed-on card-d2-s0-v1 card-d0-s0-v2)
  (can-be-placed-on card-d2-s0-v1 card-d1-s0-v2)
  (can-be-placed-on card-d2-s0-v1 card-d2-s0-v2)
  (can-be-placed-on card-d2-s0-v1 card-d3-s0-v2)
  (can-be-placed-on card-d2-s0-v2 card-d0-s0-v3)
  (can-be-placed-on card-d2-s0-v2 card-d1-s0-v3)
  (can-be-placed-on card-d2-s0-v2 card-d2-s0-v3)
  (can-be-placed-on card-d2-s0-v2 card-d3-s0-v3)
  (can-be-placed-on card-d2-s0-v3 card-d0-s0-v4)
  (can-be-placed-on card-d2-s0-v3 card-d1-s0-v4)
  (can-be-placed-on card-d2-s0-v3 card-d2-s0-v4)
  (can-be-placed-on card-d2-s0-v3 card-d3-s0-v4)
  (can-be-placed-on card-d2-s0-v4 card-d0-s0-v5)
  (can-be-placed-on card-d2-s0-v4 card-d1-s0-v5)
  (can-be-placed-on card-d2-s0-v4 card-d2-s0-v5)
  (can-be-placed-on card-d2-s0-v4 card-d3-s0-v5)
  (can-be-placed-on card-d2-s0-v5 card-d0-s0-v6)
  (can-be-placed-on card-d2-s0-v5 card-d1-s0-v6)
  (can-be-placed-on card-d2-s0-v5 card-d2-s0-v6)
  (can-be-placed-on card-d2-s0-v5 card-d3-s0-v6)
  (can-be-placed-on card-d2-s0-v6 card-d0-s0-v7)
  (can-be-placed-on card-d2-s0-v6 card-d1-s0-v7)
  (can-be-placed-on card-d2-s0-v6 card-d2-s0-v7)
  (can-be-placed-on card-d2-s0-v6 card-d3-s0-v7)
  (can-be-placed-on card-d2-s0-v7 card-d0-s0-v8)
  (can-be-placed-on card-d2-s0-v7 card-d1-s0-v8)
  (can-be-placed-on card-d2-s0-v7 card-d2-s0-v8)
  (can-be-placed-on card-d2-s0-v7 card-d3-s0-v8)
  (can-be-placed-on card-d3-s0-v0 card-d0-s0-v1)
  (can-be-placed-on card-d3-s0-v0 card-d1-s0-v1)
  (can-be-placed-on card-d3-s0-v0 card-d2-s0-v1)
  (can-be-placed-on card-d3-s0-v0 card-d3-s0-v1)
  (can-be-placed-on card-d3-s0-v1 card-d0-s0-v2)
  (can-be-placed-on card-d3-s0-v1 card-d1-s0-v2)
  (can-be-placed-on card-d3-s0-v1 card-d2-s0-v2)
  (can-be-placed-on card-d3-s0-v1 card-d3-s0-v2)
  (can-be-placed-on card-d3-s0-v2 card-d0-s0-v3)
  (can-be-placed-on card-d3-s0-v2 card-d1-s0-v3)
  (can-be-placed-on card-d3-s0-v2 card-d2-s0-v3)
  (can-be-placed-on card-d3-s0-v2 card-d3-s0-v3)
  (can-be-placed-on card-d3-s0-v3 card-d0-s0-v4)
  (can-be-placed-on card-d3-s0-v3 card-d1-s0-v4)
  (can-be-placed-on card-d3-s0-v3 card-d2-s0-v4)
  (can-be-placed-on card-d3-s0-v3 card-d3-s0-v4)
  (can-be-placed-on card-d3-s0-v4 card-d0-s0-v5)
  (can-be-placed-on card-d3-s0-v4 card-d1-s0-v5)
  (can-be-placed-on card-d3-s0-v4 card-d2-s0-v5)
  (can-be-placed-on card-d3-s0-v4 card-d3-s0-v5)
  (can-be-placed-on card-d3-s0-v5 card-d0-s0-v6)
  (can-be-placed-on card-d3-s0-v5 card-d1-s0-v6)
  (can-be-placed-on card-d3-s0-v5 card-d2-s0-v6)
  (can-be-placed-on card-d3-s0-v5 card-d3-s0-v6)
  (can-be-placed-on card-d3-s0-v6 card-d0-s0-v7)
  (can-be-placed-on card-d3-s0-v6 card-d1-s0-v7)
  (can-be-placed-on card-d3-s0-v6 card-d2-s0-v7)
  (can-be-placed-on card-d3-s0-v6 card-d3-s0-v7)
  (can-be-placed-on card-d3-s0-v7 card-d0-s0-v8)
  (can-be-placed-on card-d3-s0-v7 card-d1-s0-v8)
  (can-be-placed-on card-d3-s0-v7 card-d2-s0-v8)
  (can-be-placed-on card-d3-s0-v7 card-d3-s0-v8)
  (can-continue-group card-d0-s0-v0 card-d0-s0-v1)
  (can-continue-group card-d0-s0-v0 card-d1-s0-v1)
  (can-continue-group card-d0-s0-v0 card-d2-s0-v1)
  (can-continue-group card-d0-s0-v0 card-d3-s0-v1)
  (can-continue-group card-d0-s0-v1 card-d0-s0-v2)
  (can-continue-group card-d0-s0-v1 card-d1-s0-v2)
  (can-continue-group card-d0-s0-v1 card-d2-s0-v2)
  (can-continue-group card-d0-s0-v1 card-d3-s0-v2)
  (can-continue-group card-d0-s0-v2 card-d0-s0-v3)
  (can-continue-group card-d0-s0-v2 card-d1-s0-v3)
  (can-continue-group card-d0-s0-v2 card-d2-s0-v3)
  (can-continue-group card-d0-s0-v2 card-d3-s0-v3)
  (can-continue-group card-d0-s0-v3 card-d0-s0-v4)
  (can-continue-group card-d0-s0-v3 card-d1-s0-v4)
  (can-continue-group card-d0-s0-v3 card-d2-s0-v4)
  (can-continue-group card-d0-s0-v3 card-d3-s0-v4)
  (can-continue-group card-d0-s0-v4 card-d0-s0-v5)
  (can-continue-group card-d0-s0-v4 card-d1-s0-v5)
  (can-continue-group card-d0-s0-v4 card-d2-s0-v5)
  (can-continue-group card-d0-s0-v4 card-d3-s0-v5)
  (can-continue-group card-d0-s0-v5 card-d0-s0-v6)
  (can-continue-group card-d0-s0-v5 card-d1-s0-v6)
  (can-continue-group card-d0-s0-v5 card-d2-s0-v6)
  (can-continue-group card-d0-s0-v5 card-d3-s0-v6)
  (can-continue-group card-d0-s0-v6 card-d0-s0-v7)
  (can-continue-group card-d0-s0-v6 card-d1-s0-v7)
  (can-continue-group card-d0-s0-v6 card-d2-s0-v7)
  (can-continue-group card-d0-s0-v6 card-d3-s0-v7)
  (can-continue-group card-d0-s0-v7 card-d0-s0-v8)
  (can-continue-group card-d0-s0-v7 card-d1-s0-v8)
  (can-continue-group card-d0-s0-v7 card-d2-s0-v8)
  (can-continue-group card-d0-s0-v7 card-d3-s0-v8)
  (can-continue-group card-d1-s0-v0 card-d0-s0-v1)
  (can-continue-group card-d1-s0-v0 card-d1-s0-v1)
  (can-continue-group card-d1-s0-v0 card-d2-s0-v1)
  (can-continue-group card-d1-s0-v0 card-d3-s0-v1)
  (can-continue-group card-d1-s0-v1 card-d0-s0-v2)
  (can-continue-group card-d1-s0-v1 card-d1-s0-v2)
  (can-continue-group card-d1-s0-v1 card-d2-s0-v2)
  (can-continue-group card-d1-s0-v1 card-d3-s0-v2)
  (can-continue-group card-d1-s0-v2 card-d0-s0-v3)
  (can-continue-group card-d1-s0-v2 card-d1-s0-v3)
  (can-continue-group card-d1-s0-v2 card-d2-s0-v3)
  (can-continue-group card-d1-s0-v2 card-d3-s0-v3)
  (can-continue-group card-d1-s0-v3 card-d0-s0-v4)
  (can-continue-group card-d1-s0-v3 card-d1-s0-v4)
  (can-continue-group card-d1-s0-v3 card-d2-s0-v4)
  (can-continue-group card-d1-s0-v3 card-d3-s0-v4)
  (can-continue-group card-d1-s0-v4 card-d0-s0-v5)
  (can-continue-group card-d1-s0-v4 card-d1-s0-v5)
  (can-continue-group card-d1-s0-v4 card-d2-s0-v5)
  (can-continue-group card-d1-s0-v4 card-d3-s0-v5)
  (can-continue-group card-d1-s0-v5 card-d0-s0-v6)
  (can-continue-group card-d1-s0-v5 card-d1-s0-v6)
  (can-continue-group card-d1-s0-v5 card-d2-s0-v6)
  (can-continue-group card-d1-s0-v5 card-d3-s0-v6)
  (can-continue-group card-d1-s0-v6 card-d0-s0-v7)
  (can-continue-group card-d1-s0-v6 card-d1-s0-v7)
  (can-continue-group card-d1-s0-v6 card-d2-s0-v7)
  (can-continue-group card-d1-s0-v6 card-d3-s0-v7)
  (can-continue-group card-d1-s0-v7 card-d0-s0-v8)
  (can-continue-group card-d1-s0-v7 card-d1-s0-v8)
  (can-continue-group card-d1-s0-v7 card-d2-s0-v8)
  (can-continue-group card-d1-s0-v7 card-d3-s0-v8)
  (can-continue-group card-d2-s0-v0 card-d0-s0-v1)
  (can-continue-group card-d2-s0-v0 card-d1-s0-v1)
  (can-continue-group card-d2-s0-v0 card-d2-s0-v1)
  (can-continue-group card-d2-s0-v0 card-d3-s0-v1)
  (can-continue-group card-d2-s0-v1 card-d0-s0-v2)
  (can-continue-group card-d2-s0-v1 card-d1-s0-v2)
  (can-continue-group card-d2-s0-v1 card-d2-s0-v2)
  (can-continue-group card-d2-s0-v1 card-d3-s0-v2)
  (can-continue-group card-d2-s0-v2 card-d0-s0-v3)
  (can-continue-group card-d2-s0-v2 card-d1-s0-v3)
  (can-continue-group card-d2-s0-v2 card-d2-s0-v3)
  (can-continue-group card-d2-s0-v2 card-d3-s0-v3)
  (can-continue-group card-d2-s0-v3 card-d0-s0-v4)
  (can-continue-group card-d2-s0-v3 card-d1-s0-v4)
  (can-continue-group card-d2-s0-v3 card-d2-s0-v4)
  (can-continue-group card-d2-s0-v3 card-d3-s0-v4)
  (can-continue-group card-d2-s0-v4 card-d0-s0-v5)
  (can-continue-group card-d2-s0-v4 card-d1-s0-v5)
  (can-continue-group card-d2-s0-v4 card-d2-s0-v5)
  (can-continue-group card-d2-s0-v4 card-d3-s0-v5)
  (can-continue-group card-d2-s0-v5 card-d0-s0-v6)
  (can-continue-group card-d2-s0-v5 card-d1-s0-v6)
  (can-continue-group card-d2-s0-v5 card-d2-s0-v6)
  (can-continue-group card-d2-s0-v5 card-d3-s0-v6)
  (can-continue-group card-d2-s0-v6 card-d0-s0-v7)
  (can-continue-group card-d2-s0-v6 card-d1-s0-v7)
  (can-continue-group card-d2-s0-v6 card-d2-s0-v7)
  (can-continue-group card-d2-s0-v6 card-d3-s0-v7)
  (can-continue-group card-d2-s0-v7 card-d0-s0-v8)
  (can-continue-group card-d2-s0-v7 card-d1-s0-v8)
  (can-continue-group card-d2-s0-v7 card-d2-s0-v8)
  (can-continue-group card-d2-s0-v7 card-d3-s0-v8)
  (can-continue-group card-d3-s0-v0 card-d0-s0-v1)
  (can-continue-group card-d3-s0-v0 card-d1-s0-v1)
  (can-continue-group card-d3-s0-v0 card-d2-s0-v1)
  (can-continue-group card-d3-s0-v0 card-d3-s0-v1)
  (can-continue-group card-d3-s0-v1 card-d0-s0-v2)
  (can-continue-group card-d3-s0-v1 card-d1-s0-v2)
  (can-continue-group card-d3-s0-v1 card-d2-s0-v2)
  (can-continue-group card-d3-s0-v1 card-d3-s0-v2)
  (can-continue-group card-d3-s0-v2 card-d0-s0-v3)
  (can-continue-group card-d3-s0-v2 card-d1-s0-v3)
  (can-continue-group card-d3-s0-v2 card-d2-s0-v3)
  (can-continue-group card-d3-s0-v2 card-d3-s0-v3)
  (can-continue-group card-d3-s0-v3 card-d0-s0-v4)
  (can-continue-group card-d3-s0-v3 card-d1-s0-v4)
  (can-continue-group card-d3-s0-v3 card-d2-s0-v4)
  (can-continue-group card-d3-s0-v3 card-d3-s0-v4)
  (can-continue-group card-d3-s0-v4 card-d0-s0-v5)
  (can-continue-group card-d3-s0-v4 card-d1-s0-v5)
  (can-continue-group card-d3-s0-v4 card-d2-s0-v5)
  (can-continue-group card-d3-s0-v4 card-d3-s0-v5)
  (can-continue-group card-d3-s0-v5 card-d0-s0-v6)
  (can-continue-group card-d3-s0-v5 card-d1-s0-v6)
  (can-continue-group card-d3-s0-v5 card-d2-s0-v6)
  (can-continue-group card-d3-s0-v5 card-d3-s0-v6)
  (can-continue-group card-d3-s0-v6 card-d0-s0-v7)
  (can-continue-group card-d3-s0-v6 card-d1-s0-v7)
  (can-continue-group card-d3-s0-v6 card-d2-s0-v7)
  (can-continue-group card-d3-s0-v6 card-d3-s0-v7)
  (can-continue-group card-d3-s0-v7 card-d0-s0-v8)
  (can-continue-group card-d3-s0-v7 card-d1-s0-v8)
  (can-continue-group card-d3-s0-v7 card-d2-s0-v8)
  (can-continue-group card-d3-s0-v7 card-d3-s0-v8)
  (clear card-d0-s0-v8)
  (clear card-d2-s0-v1)
  (clear card-d2-s0-v3)
  (clear card-d2-s0-v6)
  (clear card-d3-s0-v1)
  (clear card-d3-s0-v2)
  (clear card-d3-s0-v5)
  (clear card-d3-s0-v6)
  (current-deal deal-0)
  (in-play card-d0-s0-v0)
  (in-play card-d0-s0-v1)
  (in-play card-d0-s0-v2)
  (in-play card-d0-s0-v3)
  (in-play card-d0-s0-v5)
  (in-play card-d0-s0-v7)
  (in-play card-d1-s0-v2)
  (in-play card-d1-s0-v3)
  (in-play card-d1-s0-v4)
  (in-play card-d1-s0-v5)
  (in-play card-d1-s0-v6)
  (in-play card-d2-s0-v1)
  (in-play card-d2-s0-v3)
  (in-play card-d2-s0-v4)
  (in-play card-d2-s0-v5)
  (in-play card-d2-s0-v7)
  (in-play card-d2-s0-v8)
  (in-play card-d3-s0-v0)
  (in-play card-d3-s0-v1)
  (in-play card-d3-s0-v2)
  (in-play card-d3-s0-v4)
  (in-play card-d3-s0-v5)
  (in-play card-d3-s0-v6)
  (in-play card-d3-s0-v7)
  (is-ace card-d0-s0-v0)
  (is-ace card-d1-s0-v0)
  (is-ace card-d2-s0-v0)
  (is-ace card-d3-s0-v0)
  (is-king card-d0-s0-v8)
  (is-king card-d1-s0-v8)
  (is-king card-d2-s0-v8)
  (is-king card-d3-s0-v8)
  (movable card-d2-s0-v1)
  (movable card-d2-s0-v3)
  (movable card-d3-s0-v1)
  (movable card-d3-s0-v2)
  (movable card-d3-s0-v5)
  (movable card-d3-s0-v6)
  (next-deal deal-0 deal-1)
  (next-deal deal-1 deal-2)
  (on card-d0-s0-v0 card-d3-s0-v0)
  (on card-d0-s0-v1 card-d2-s0-v5)
  (on card-d0-s0-v2 card-d2-s0-v4)
  (on card-d0-s0-v3 card-d2-s0-v7)
  (on card-d0-s0-v4 card-d2-s0-v2)
  (on card-d0-s0-v5 pile-0)
  (on card-d0-s0-v6 deal-0)
  (on card-d0-s0-v7 card-d0-s0-v3)
  (on card-d0-s0-v8 card-d3-s0-v3)
  (on card-d1-s0-v0 card-d1-s0-v8)
  (on card-d1-s0-v1 card-d0-s0-v6)
  (on card-d1-s0-v2 pile-1)
  (on card-d1-s0-v3 card-d1-s0-v5)
  (on card-d1-s0-v4 card-d2-s0-v8)
  (on card-d1-s0-v5 card-d3-s0-v4)
  (on card-d1-s0-v6 card-d0-s0-v0)
  (on card-d1-s0-v7 card-d2-s0-v0)
  (on card-d1-s0-v8 card-d3-s0-v8)
  (on card-d2-s0-v0 card-d0-s0-v4)
  (on card-d2-s0-v1 card-d1-s0-v6)
  (on card-d2-s0-v2 deal-1)
  (on card-d2-s0-v3 card-d0-s0-v2)
  (on card-d2-s0-v4 card-d1-s0-v2)
  (on card-d2-s0-v5 card-d0-s0-v5)
  (on card-d2-s0-v6 card-d1-s0-v0)
  (on card-d2-s0-v7 pile-2)
  (on card-d2-s0-v8 pile-4)
  (on card-d3-s0-v0 pile-3)
  (on card-d3-s0-v1 card-d0-s0-v7)
  (on card-d3-s0-v2 card-d3-s0-v7)
  (on card-d3-s0-v3 card-d1-s0-v7)
  (on card-d3-s0-v4 pile-5)
  (on card-d3-s0-v5 card-d0-s0-v1)
  (on card-d3-s0-v6 card-d1-s0-v3)
  (on card-d3-s0-v7 card-d1-s0-v4)
  (on card-d3-s0-v8 card-d1-s0-v1)
  (part-of-tableau card-d0-s0-v0 pile-3)
  (part-of-tableau card-d0-s0-v1 pile-0)
  (part-of-tableau card-d0-s0-v2 pile-1)
  (part-of-tableau card-d0-s0-v3 pile-2)
  (part-of-tableau card-d0-s0-v5 pile-0)
  (part-of-tableau card-d0-s0-v7 pile-2)
  (part-of-tableau card-d1-s0-v2 pile-1)
  (part-of-tableau card-d1-s0-v3 pile-5)
  (part-of-tableau card-d1-s0-v4 pile-4)
  (part-of-tableau card-d1-s0-v5 pile-5)
  (part-of-tableau card-d1-s0-v6 pile-3)
  (part-of-tableau card-d2-s0-v1 pile-3)
  (part-of-tableau card-d2-s0-v3 pile-1)
  (part-of-tableau card-d2-s0-v4 pile-1)
  (part-of-tableau card-d2-s0-v5 pile-0)
  (part-of-tableau card-d2-s0-v7 pile-2)
  (part-of-tableau card-d2-s0-v8 pile-4)
  (part-of-tableau card-d3-s0-v0 pile-3)
  (part-of-tableau card-d3-s0-v1 pile-2)
  (part-of-tableau card-d3-s0-v2 pile-4)
  (part-of-tableau card-d3-s0-v4 pile-5)
  (part-of-tableau card-d3-s0-v5 pile-0)
  (part-of-tableau card-d3-s0-v6 pile-5)
  (part-of-tableau card-d3-s0-v7 pile-4)
  (part-of-tableau pile-0 pile-0)
  (part-of-tableau pile-1 pile-1)
  (part-of-tableau pile-2 pile-2)
  (part-of-tableau pile-3 pile-3)
  (part-of-tableau pile-4 pile-4)
  (part-of-tableau pile-5 pile-5)
  (to-deal card-d0-s0-v4 pile-4 deal-1 card-d2-s0-v2)
  (to-deal card-d0-s0-v6 pile-5 deal-0 deal-0)
  (to-deal card-d0-s0-v8 pile-0 deal-1 card-d3-s0-v3)
  (to-deal card-d1-s0-v0 pile-1 deal-0 card-d1-s0-v8)
  (to-deal card-d1-s0-v1 pile-4 deal-0 card-d0-s0-v6)
  (to-deal card-d1-s0-v7 pile-2 deal-1 card-d2-s0-v0)
  (to-deal card-d1-s0-v8 pile-2 deal-0 card-d3-s0-v8)
  (to-deal card-d2-s0-v0 pile-3 deal-1 card-d0-s0-v4)
  (to-deal card-d2-s0-v2 pile-5 deal-1 deal-1)
  (to-deal card-d2-s0-v6 pile-0 deal-0 card-d1-s0-v0)
  (to-deal card-d3-s0-v3 pile-1 deal-1 card-d1-s0-v7)
  (to-deal card-d3-s0-v8 pile-3 deal-0 card-d1-s0-v1)
Goal:
  (and (clear deal-0) (clear deal-1) (clear pile-0) (clear pile-1) (clear pile-2) (clear pile-3) (clear pile-4) (clear pile-5) (on card-d0-s0-v0 discard) (on card-d0-s0-v1 discard) (on card-d0-s0-v2 discard) (on card-d0-s0-v3 discard) (on card-d0-s0-v4 discard) (on card-d0-s0-v5 discard) (on card-d0-s0-v6 discard) (on card-d0-s0-v7 discard) (on card-d0-s0-v8 discard) (on card-d1-s0-v0 discard) (on card-d1-s0-v1 discard) (on card-d1-s0-v2 discard) (on card-d1-s0-v3 discard) (on card-d1-s0-v4 discard) (on card-d1-s0-v5 discard) (on card-d1-s0-v6 discard) (on card-d1-s0-v7 discard) (on card-d1-s0-v8 discard) (on card-d2-s0-v0 discard) (on card-d2-s0-v1 discard) (on card-d2-s0-v2 discard) (on card-d2-s0-v3 discard) (on card-d2-s0-v4 discard) (on card-d2-s0-v5 discard) (on card-d2-s0-v6 discard) (on card-d2-s0-v7 discard) (on card-d2-s0-v8 discard) (on card-d3-s0-v0 discard) (on card-d3-s0-v1 discard) (on card-d3-s0-v2 discard) (on card-d3-s0-v3 discard) (on card-d3-s0-v4 discard) (on card-d3-s0-v5 discard) (on card-d3-s0-v6 discard) (on card-d3-s0-v7 discard) (on card-d3-s0-v8 discard))
Metric:
  (total-cost)
Pred prop:
  (NOT-currently-collecting-deck): in_init in_pre in_eff
  (NOT-currently-dealing): in_init in_pre in_eff
  (NOT-currently-updating-movable): in_init in_pre in_eff
  (NOT-currently-updating-part-of-tableau): in_init in_pre in_eff
  (NOT-currently-updating-unmovable): in_init in_pre in_eff
  (NOT-movable card): in_init in_pre in_eff
  (can-be-placed-on card card): in_init in_pre
  (can-continue-group card cardposition): in_init in_pre in_pre_neg
  (clear cardposition): in_init in_pre in_goal in_eff
  (collect-card cardposition): in_pre in_eff
  (current-deal deal): in_init in_pre in_eff
  (currently-collecting-deck): in_pre in_eff
  (currently-dealing): in_pre in_eff
  (currently-updating-movable): in_pre in_eff
  (currently-updating-part-of-tableau): in_pre in_eff
  (currently-updating-unmovable): in_pre in_eff
  (in-play card): in_init in_pre in_eff
  (is-ace card): in_init in_pre
  (is-king card): in_init in_pre
  (make-movable cardposition): in_pre in_eff
  (make-part-of-tableau card tableau): in_pre in_eff
  (make-unmovable card): in_pre in_eff
  (movable card): in_init in_pre in_eff
  (next-deal deal deal): in_init in_pre
  (on card cardposition): in_init in_pre in_goal in_eff
  (part-of-tableau cardposition tableau): in_init in_pre in_eff
  (to-deal card tableau deal cardposition): in_init in_pre
Func prop:
  (total-cost): in_init init_all_nonneg init_all_nonpos init_all_int in_metric is_metric_alone in_eff write_delta_nonneg write_delta_nonneg_int
Global prop:
  action_cost_func:(total-cost)
  has_cond_eff
  has_int_action_cost_func
