Require:
  + :negative-preconditions
Action:
  - deliver: ?p - package ?l - location ?t1 - time ?t2 - time
      pre: (and (at ?p ?l) (le ?t1 ?t2) (time-now ?t1))
      eff: (and (at-destination ?p ?l) (delivered ?p ?l ?t2) (not (at ?p ?l)))
  + deliver: ?p - package ?l - location ?t1 - time ?t2 - time
      pre: (and (= ?l l1) (= ?t2 t8) (at ?p l1) (le ?t1 t8) (not (= ?p package1)) (not (= ?p package2)) (not (= ?p package8)) (not (= ?p package9)) (time-now ?t1))
      eff: (and (at-destination ?p l1) (delivered ?p l1 t8) (not (at ?p l1)))
  + deliver: ?p - package ?l - location ?t1 - time ?t2 - time
      pre: (and (= ?l l1) (at ?p l1) (le ?t1 ?t2) (not (= ?p package1)) (not (= ?p package2)) (not (= ?p package6)) (not (= ?p package8)) (not (= ?p package9)) (time-now ?t1))
      eff: (and (at-destination ?p l1) (delivered ?p l1 ?t2) (not (at ?p l1)))
  + deliver: ?p - package ?l - location ?t1 - time ?t2 - time
      pre: (and (= ?l l3) (= ?t2 t12) (at ?p l3) (le ?t1 t12) (not (= ?p package1)) (not (= ?p package2)) (not (= ?p package3)) (not (= ?p package4)) (not (= ?p package5)) (not (= ?p package6)) (not (= ?p package7)) (time-now ?t1))
      eff: (and (at-destination ?p l3) (delivered ?p l3 t12) (not (at ?p l3)))
  + deliver: ?p - package ?l - location ?t1 - time ?t2 - time
      pre: (and (= ?l l3) (= ?t2 t4) (at ?p l3) (le ?t1 t4) (not (= ?p package1)) (not (= ?p package3)) (not (= ?p package4)) (not (= ?p package5)) (not (= ?p package6)) (not (= ?p package7)) (not (= ?p package8)) (not (= ?p package9)) (time-now ?t1))
      eff: (and (at-destination ?p l3) (delivered ?p l3 t4) (not (at ?p l3)))
  + deliver: ?p - package ?l - location ?t1 - time ?t2 - time
      pre: (and (= ?l l4) (= ?t2 t4) (at ?p l4) (le ?t1 t4) (not (= ?p package2)) (not (= ?p package3)) (not (= ?p package4)) (not (= ?p package5)) (not (= ?p package6)) (not (= ?p package7)) (not (= ?p package8)) (not (= ?p package9)) (time-now ?t1))
      eff: (and (at-destination ?p l4) (delivered ?p l4 t4) (not (at ?p l4)))
  + deliver: ?p - package ?l - location ?t1 - time ?t2 - time
      pre: (and (at ?p ?l) (le ?t1 ?t2) (not (= ?p package1)) (not (= ?p package2)) (not (= ?p package3)) (not (= ?p package4)) (not (= ?p package5)) (not (= ?p package6)) (not (= ?p package7)) (not (= ?p package8)) (not (= ?p package9)) (time-now ?t1))
      eff: (and (at-destination ?p ?l) (delivered ?p ?l ?t2) (not (at ?p ?l)))
  - load: ?p - package ?t - truck ?a1 - truckarea ?l - location
      pre: (and (= ?a1 a1) (at ?p ?l) (at ?t ?l) (free a1 ?t))
      eff: (and (in ?p ?t a1) (not (at ?p ?l)) (not (free a1 ?t)))
  - load: ?p - package ?t - truck ?a1 - truckarea ?l - location
      pre: (and (= ?a1 a2) (at ?p ?l) (at ?t ?l) (free a1 ?t) (free a2 ?t))
      eff: (and (in ?p ?t a2) (not (at ?p ?l)) (not (free a2 ?t)))
  - load: ?p - package ?t - truck ?a1 - truckarea ?l - location
      pre: (and (= ?a1 a3) (at ?p ?l) (at ?t ?l) (free a1 ?t) (free a2 ?t) (free a3 ?t))
      eff: (and (in ?p ?t a3) (not (at ?p ?l)) (not (free a3 ?t)))
  + load: ?p - package ?t - truck ?a1 - truckarea ?l - location
      pre: (and (= ?a1 a1) (= ?t truck1) (at ?p ?l) (at truck1 ?l) (free a1 truck1))
      eff: (and (in ?p truck1 a1) (not (at ?p ?l)) (not (free a1 truck1)))
  + load: ?p - package ?t - truck ?a1 - truckarea ?l - location
      pre: (and (= ?a1 a1) (at ?p ?l) (at ?t ?l) (free a1 ?t) (not (= ?p package1)) (not (= ?p package2)) (not (= ?p package3)) (not (= ?p package4)) (not (= ?p package5)) (not (= ?p package6)) (not (= ?p package7)) (not (= ?p package8)) (not (= ?p package9)))
      eff: (and (in ?p ?t a1) (not (at ?p ?l)) (not (free a1 ?t)))
  + load: ?p - package ?t - truck ?a1 - truckarea ?l - location
      pre: (and (= ?a1 a2) (= ?t truck1) (at ?p ?l) (at truck1 ?l) (free a1 truck1) (free a2 truck1))
      eff: (and (in ?p truck1 a2) (not (at ?p ?l)) (not (free a2 truck1)))
  + load: ?p - package ?t - truck ?a1 - truckarea ?l - location
      pre: (and (= ?a1 a2) (at ?p ?l) (at ?t ?l) (free a1 ?t) (free a2 ?t) (not (= ?p package1)) (not (= ?p package2)) (not (= ?p package3)) (not (= ?p package4)) (not (= ?p package5)) (not (= ?p package6)) (not (= ?p package7)) (not (= ?p package8)) (not (= ?p package9)))
      eff: (and (in ?p ?t a2) (not (at ?p ?l)) (not (free a2 ?t)))
  + load: ?p - package ?t - truck ?a1 - truckarea ?l - location
      pre: (and (= ?a1 a3) (= ?t truck1) (at ?p ?l) (at truck1 ?l) (free a1 truck1) (free a2 truck1) (free a3 truck1))
      eff: (and (in ?p truck1 a3) (not (at ?p ?l)) (not (free a3 truck1)))
  + load: ?p - package ?t - truck ?a1 - truckarea ?l - location
      pre: (and (= ?a1 a3) (at ?p ?l) (at ?t ?l) (free a1 ?t) (free a2 ?t) (free a3 ?t) (not (= ?p package1)) (not (= ?p package2)) (not (= ?p package3)) (not (= ?p package4)) (not (= ?p package5)) (not (= ?p package6)) (not (= ?p package7)) (not (= ?p package8)) (not (= ?p package9)))
      eff: (and (in ?p ?t a3) (not (at ?p ?l)) (not (free a3 ?t)))
