0 | \phi: | plan: 12 | (board-truck driver1 truck1 s0)
1 | \phi: | plan: 13 | (board-truck driver1 truck1 s1)
2 | \phi: | plan: 14 | (board-truck driver1 truck1 s2)
3 | \phi: | plan: 15 | (board-truck driver1 truck2 s0)
4 | \phi: | plan: 16 | (board-truck driver1 truck2 s1)
5 | \phi: | plan: 17 | (board-truck driver1 truck2 s2)
6 | \phi: | plan: 18 | (board-truck driver2 truck1 s0)
7 | \phi: | plan: 19 | (board-truck driver2 truck1 s1)
8 | \phi: | plan: 20 | (board-truck driver2 truck1 s2)
9 | \phi: | plan: 21 | (board-truck driver2 truck2 s0)
10 | \phi: | plan: 22 | (board-truck driver2 truck2 s1)
11 | \phi: | plan: 23 | (board-truck driver2 truck2 s2)
12 | \phi: | plan: 0 | (disembark-truck driver1 truck1 s0)
13 | \phi: | plan: 1 | (disembark-truck driver1 truck1 s1)
14 | \phi: | plan: 2 | (disembark-truck driver1 truck1 s2)
15 | \phi: | plan: 3 | (disembark-truck driver1 truck2 s0)
16 | \phi: | plan: 4 | (disembark-truck driver1 truck2 s1)
17 | \phi: | plan: 5 | (disembark-truck driver1 truck2 s2)
18 | \phi: | plan: 6 | (disembark-truck driver2 truck1 s0)
19 | \phi: | plan: 7 | (disembark-truck driver2 truck1 s1)
20 | \phi: | plan: 8 | (disembark-truck driver2 truck1 s2)
21 | \phi: | plan: 9 | (disembark-truck driver2 truck2 s0)
22 | \phi: | plan: 10 | (disembark-truck driver2 truck2 s1)
23 | \phi: | plan: 11 | (disembark-truck driver2 truck2 s2)
24 | \phi: | plan: 28 | (drive-truck truck1 s0 s1 driver1)
25 | \phi: | plan: 29 | (drive-truck truck1 s0 s1 driver2)
26 | \phi: | plan: 32 | (drive-truck truck1 s0 s2 driver1)
27 | \phi: | plan: 33 | (drive-truck truck1 s0 s2 driver2)
28 | \phi: | plan: 24 | (drive-truck truck1 s1 s0 driver1)
29 | \phi: | plan: 25 | (drive-truck truck1 s1 s0 driver2)
30 | \phi: | plan: 34 | (drive-truck truck1 s1 s2 driver1)
31 | \phi: | plan: 35 | (drive-truck truck1 s1 s2 driver2)
32 | \phi: | plan: 26 | (drive-truck truck1 s2 s0 driver1)
33 | \phi: | plan: 27 | (drive-truck truck1 s2 s0 driver2)
34 | \phi: | plan: 30 | (drive-truck truck1 s2 s1 driver1)
35 | \phi: | plan: 31 | (drive-truck truck1 s2 s1 driver2)
36 | \phi: | plan: 40 | (drive-truck truck2 s0 s1 driver1)
37 | \phi: | plan: 41 | (drive-truck truck2 s0 s1 driver2)
38 | \phi: | plan: 44 | (drive-truck truck2 s0 s2 driver1)
39 | \phi: | plan: 45 | (drive-truck truck2 s0 s2 driver2)
40 | \phi: | plan: 36 | (drive-truck truck2 s1 s0 driver1)
41 | \phi: | plan: 37 | (drive-truck truck2 s1 s0 driver2)
42 | \phi: | plan: 46 | (drive-truck truck2 s1 s2 driver1)
43 | \phi: | plan: 47 | (drive-truck truck2 s1 s2 driver2)
44 | \phi: | plan: 38 | (drive-truck truck2 s2 s0 driver1)
45 | \phi: | plan: 39 | (drive-truck truck2 s2 s0 driver2)
46 | \phi: | plan: 42 | (drive-truck truck2 s2 s1 driver1)
47 | \phi: | plan: 43 | (drive-truck truck2 s2 s1 driver2)
48 | \phi: | plan: 60 | (load-truck package1 truck1 s0)
49 | \phi: | plan: 61 | (load-truck package1 truck1 s1)
50 | \phi: | plan: 62 | (load-truck package1 truck1 s2)
51 | \phi: | plan: 63 | (load-truck package1 truck2 s0)
52 | \phi: | plan: 64 | (load-truck package1 truck2 s1)
53 | \phi: | plan: 65 | (load-truck package1 truck2 s2)
54 | \phi: | plan: 66 | (load-truck package2 truck1 s0)
55 | \phi: | plan: 67 | (load-truck package2 truck1 s1)
56 | \phi: | plan: 68 | (load-truck package2 truck1 s2)
57 | \phi: | plan: 69 | (load-truck package2 truck2 s0)
58 | \phi: | plan: 70 | (load-truck package2 truck2 s1)
59 | \phi: | plan: 71 | (load-truck package2 truck2 s2)
60 | \phi: | plan: 48 | (unload-truck package1 truck1 s0)
61 | \phi: | plan: 49 | (unload-truck package1 truck1 s1)
62 | \phi: | plan: 50 | (unload-truck package1 truck1 s2)
63 | \phi: | plan: 51 | (unload-truck package1 truck2 s0)
64 | \phi: | plan: 52 | (unload-truck package1 truck2 s1)
65 | \phi: | plan: 53 | (unload-truck package1 truck2 s2)
66 | \phi: | plan: 54 | (unload-truck package2 truck1 s0)
67 | \phi: | plan: 55 | (unload-truck package2 truck1 s1)
68 | \phi: | plan: 56 | (unload-truck package2 truck1 s2)
69 | \phi: | plan: 57 | (unload-truck package2 truck2 s0)
70 | \phi: | plan: 58 | (unload-truck package2 truck2 s1)
71 | \phi: | plan: 59 | (unload-truck package2 truck2 s2)
72 | \phi: | plan: 76 | (walk driver1 p1-0 s0)
73 | \phi: | plan: 77 | (walk driver1 p1-0 s1)
74 | \phi: | plan: 78 | (walk driver1 p1-2 s1)
75 | \phi: | plan: 79 | (walk driver1 p1-2 s2)
76 | \phi: | plan: 72 | (walk driver1 s0 p1-0)
77 | \phi: | plan: 73 | (walk driver1 s1 p1-0)
78 | \phi: | plan: 74 | (walk driver1 s1 p1-2)
79 | \phi: | plan: 75 | (walk driver1 s2 p1-2)
80 | \phi: | plan: 84 | (walk driver2 p1-0 s0)
81 | \phi: | plan: 85 | (walk driver2 p1-0 s1)
82 | \phi: | plan: 86 | (walk driver2 p1-2 s1)
83 | \phi: | plan: 87 | (walk driver2 p1-2 s2)
84 | \phi: | plan: 80 | (walk driver2 s0 p1-0)
85 | \phi: | plan: 81 | (walk driver2 s1 p1-0)
86 | \phi: | plan: 82 | (walk driver2 s1 p1-2)
87 | \phi: | plan: 83 | (walk driver2 s2 p1-2)
