Step 0
size: 16
go_north_east b0 :: cost: 1
    add:
    del:
go_north_east b1 :: cost: 1
    add:
    del:
go_north_west b0 :: cost: 1
    add:
    del:
go_north_west b1 :: cost: 1
    add:
    del:
go_est b0 :: cost: 1
    add:
    del:
go_est b1 :: cost: 1
    add:
    del:
go_west b0 :: cost: 1
    add:
    del:
go_west b1 :: cost: 1
    add:
    del:
go_south_west b0 :: cost: 1
    add:
    del:
go_south_west b1 :: cost: 1
    add:
    del:
go_south_east b0 :: cost: 1
    add:
    del:
go_south_east b1 :: cost: 1
    add:
    del:
go_south b0 :: cost: 1
    add:
    del:
go_south b1 :: cost: 1
    add:
    del:
save_person b0 p0 :: cost: 1
    add: (saved p0)
    del:
save_person b1 p0 :: cost: 1
    add: (saved p0)
    del:
Step 1
size: 16
go_north_east b0 :: cost: 1
    add:
    del:
go_north_east b1 :: cost: 1
    add:
    del:
go_north_west b0 :: cost: 1
    add:
    del:
go_north_west b1 :: cost: 1
    add:
    del:
go_est b0 :: cost: 1
    add:
    del:
go_est b1 :: cost: 1
    add:
    del:
go_west b0 :: cost: 1
    add:
    del:
go_west b1 :: cost: 1
    add:
    del:
go_south_west b0 :: cost: 1
    add:
    del:
go_south_west b1 :: cost: 1
    add:
    del:
go_south_east b0 :: cost: 1
    add:
    del:
go_south_east b1 :: cost: 1
    add:
    del:
go_south b0 :: cost: 1
    add:
    del:
go_south b1 :: cost: 1
    add:
    del:
save_person b0 p0 :: cost: 1
    add: (saved p0)
    del:
save_person b1 p0 :: cost: 1
    add: (saved p0)
    del:
Step 2
size: 16
go_north_east b0 :: cost: 1
    add:
    del:
go_north_east b1 :: cost: 1
    add:
    del:
go_north_west b0 :: cost: 1
    add:
    del:
go_north_west b1 :: cost: 1
    add:
    del:
go_est b0 :: cost: 1
    add:
    del:
go_est b1 :: cost: 1
    add:
    del:
go_west b0 :: cost: 1
    add:
    del:
go_west b1 :: cost: 1
    add:
    del:
go_south_west b0 :: cost: 1
    add:
    del:
go_south_west b1 :: cost: 1
    add:
    del:
go_south_east b0 :: cost: 1
    add:
    del:
go_south_east b1 :: cost: 1
    add:
    del:
go_south b0 :: cost: 1
    add:
    del:
go_south b1 :: cost: 1
    add:
    del:
save_person b0 p0 :: cost: 1
    add: (saved p0)
    del:
save_person b1 p0 :: cost: 1
    add: (saved p0)
    del:
Step 3
size: 16
go_north_east b0 :: cost: 1
    add:
    del:
go_north_east b1 :: cost: 1
    add:
    del:
go_north_west b0 :: cost: 1
    add:
    del:
go_north_west b1 :: cost: 1
    add:
    del:
go_est b0 :: cost: 1
    add:
    del:
go_est b1 :: cost: 1
    add:
    del:
go_west b0 :: cost: 1
    add:
    del:
go_west b1 :: cost: 1
    add:
    del:
go_south_west b0 :: cost: 1
    add:
    del:
go_south_west b1 :: cost: 1
    add:
    del:
go_south_east b0 :: cost: 1
    add:
    del:
go_south_east b1 :: cost: 1
    add:
    del:
go_south b0 :: cost: 1
    add:
    del:
go_south b1 :: cost: 1
    add:
    del:
save_person b0 p0 :: cost: 1
    add: (saved p0)
    del:
save_person b1 p0 :: cost: 1
    add: (saved p0)
    del:
Step 4
size: 16
go_north_east b0 :: cost: 1
    add:
    del:
go_north_east b1 :: cost: 1
    add:
    del:
go_north_west b0 :: cost: 1
    add:
    del:
go_north_west b1 :: cost: 1
    add:
    del:
go_est b0 :: cost: 1
    add:
    del:
go_est b1 :: cost: 1
    add:
    del:
go_west b0 :: cost: 1
    add:
    del:
go_west b1 :: cost: 1
    add:
    del:
go_south_west b0 :: cost: 1
    add:
    del:
go_south_west b1 :: cost: 1
    add:
    del:
go_south_east b0 :: cost: 1
    add:
    del:
go_south_east b1 :: cost: 1
    add:
    del:
go_south b0 :: cost: 1
    add:
    del:
go_south b1 :: cost: 1
    add:
    del:
save_person b0 p0 :: cost: 1
    add: (saved p0)
    del:
save_person b1 p0 :: cost: 1
    add: (saved p0)
    del:
Step 5
size: 16
go_north_east b0 :: cost: 1
    add:
    del:
go_north_east b1 :: cost: 1
    add:
    del:
go_north_west b0 :: cost: 1
    add:
    del:
go_north_west b1 :: cost: 1
    add:
    del:
go_est b0 :: cost: 1
    add:
    del:
go_est b1 :: cost: 1
    add:
    del:
go_west b0 :: cost: 1
    add:
    del:
go_west b1 :: cost: 1
    add:
    del:
go_south_west b0 :: cost: 1
    add:
    del:
go_south_west b1 :: cost: 1
    add:
    del:
go_south_east b0 :: cost: 1
    add:
    del:
go_south_east b1 :: cost: 1
    add:
    del:
go_south b0 :: cost: 1
    add:
    del:
go_south b1 :: cost: 1
    add:
    del:
save_person b0 p0 :: cost: 1
    add: (saved p0)
    del:
save_person b1 p0 :: cost: 1
    add: (saved p0)
    del:
Step 6
size: 16
go_north_east b0 :: cost: 1
    add:
    del:
go_north_east b1 :: cost: 1
    add:
    del:
go_north_west b0 :: cost: 1
    add:
    del:
go_north_west b1 :: cost: 1
    add:
    del:
go_est b0 :: cost: 1
    add:
    del:
go_est b1 :: cost: 1
    add:
    del:
go_west b0 :: cost: 1
    add:
    del:
go_west b1 :: cost: 1
    add:
    del:
go_south_west b0 :: cost: 1
    add:
    del:
go_south_west b1 :: cost: 1
    add:
    del:
go_south_east b0 :: cost: 1
    add:
    del:
go_south_east b1 :: cost: 1
    add:
    del:
go_south b0 :: cost: 1
    add:
    del:
go_south b1 :: cost: 1
    add:
    del:
save_person b0 p0 :: cost: 1
    add: (saved p0)
    del:
save_person b1 p0 :: cost: 1
    add: (saved p0)
    del:
Step 7
size: 16
go_north_east b0 :: cost: 1
    add:
    del:
go_north_east b1 :: cost: 1
    add:
    del:
go_north_west b0 :: cost: 1
    add:
    del:
go_north_west b1 :: cost: 1
    add:
    del:
go_est b0 :: cost: 1
    add:
    del:
go_est b1 :: cost: 1
    add:
    del:
go_west b0 :: cost: 1
    add:
    del:
go_west b1 :: cost: 1
    add:
    del:
go_south_west b0 :: cost: 1
    add:
    del:
go_south_west b1 :: cost: 1
    add:
    del:
go_south_east b0 :: cost: 1
    add:
    del:
go_south_east b1 :: cost: 1
    add:
    del:
go_south b0 :: cost: 1
    add:
    del:
go_south b1 :: cost: 1
    add:
    del:
save_person b0 p0 :: cost: 1
    add: (saved p0)
    del:
save_person b1 p0 :: cost: 1
    add: (saved p0)
    del:
Step 8
size: 16
go_north_east b0 :: cost: 1
    add:
    del:
go_north_east b1 :: cost: 1
    add:
    del:
go_north_west b0 :: cost: 1
    add:
    del:
go_north_west b1 :: cost: 1
    add:
    del:
go_est b0 :: cost: 1
    add:
    del:
go_est b1 :: cost: 1
    add:
    del:
go_west b0 :: cost: 1
    add:
    del:
go_west b1 :: cost: 1
    add:
    del:
go_south_west b0 :: cost: 1
    add:
    del:
go_south_west b1 :: cost: 1
    add:
    del:
go_south_east b0 :: cost: 1
    add:
    del:
go_south_east b1 :: cost: 1
    add:
    del:
go_south b0 :: cost: 1
    add:
    del:
go_south b1 :: cost: 1
    add:
    del:
save_person b0 p0 :: cost: 1
    add: (saved p0)
    del:
save_person b1 p0 :: cost: 1
    add: (saved p0)
    del:
Step 9
size: 16
go_north_east b0 :: cost: 1
    add:
    del:
go_north_east b1 :: cost: 1
    add:
    del:
go_north_west b0 :: cost: 1
    add:
    del:
go_north_west b1 :: cost: 1
    add:
    del:
go_est b0 :: cost: 1
    add:
    del:
go_est b1 :: cost: 1
    add:
    del:
go_west b0 :: cost: 1
    add:
    del:
go_west b1 :: cost: 1
    add:
    del:
go_south_west b0 :: cost: 1
    add:
    del:
go_south_west b1 :: cost: 1
    add:
    del:
go_south_east b0 :: cost: 1
    add:
    del:
go_south_east b1 :: cost: 1
    add:
    del:
go_south b0 :: cost: 1
    add:
    del:
go_south b1 :: cost: 1
    add:
    del:
save_person b0 p0 :: cost: 1
    add: (saved p0)
    del:
save_person b1 p0 :: cost: 1
    add: (saved p0)
    del:
