Domain: tetris
Problem: tetris-10-4-4404685
Require: 20017
Type[5]:
    [0]: object, parent: -1
    [1]: pieces, parent: 0
    [2]: two_straight, parent: 1
    [3]: right_l, parent: 1
    [4]: position, parent: 0
Obj-by-Type:
    [0]: 0 1 2 3 4 5 6 7 8 9 10 11 12 13 14 15 16 17 18 19 20 21 22 23 24 25 26 27 28 29 30 31 32 33 34 35 36 37 38 39 40 41 42 43 44 45 46 47 48
    [1]: 40 41 42 43 44 45 46 47 48
    [2]: 40 41 42 43 44 45
    [3]: 46 47 48
    [4]: 0 1 2 3 4 5 6 7 8 9 10 11 12 13 14 15 16 17 18 19 20 21 22 23 24 25 26 27 28 29 30 31 32 33 34 35 36 37 38 39
Obj[49]:
    [0]: f0-0f, type: 4, is-constant: 0, is-private: 0, owner: -1, is-agent: 0
    [1]: f0-1f, type: 4, is-constant: 0, is-private: 0, owner: -1, is-agent: 0
    [2]: f0-2f, type: 4, is-constant: 0, is-private: 0, owner: -1, is-agent: 0
    [3]: f0-3f, type: 4, is-constant: 0, is-private: 0, owner: -1, is-agent: 0
    [4]: f1-0f, type: 4, is-constant: 0, is-private: 0, owner: -1, is-agent: 0
    [5]: f1-1f, type: 4, is-constant: 0, is-private: 0, owner: -1, is-agent: 0
    [6]: f1-2f, type: 4, is-constant: 0, is-private: 0, owner: -1, is-agent: 0
    [7]: f1-3f, type: 4, is-constant: 0, is-private: 0, owner: -1, is-agent: 0
    [8]: f2-0f, type: 4, is-constant: 0, is-private: 0, owner: -1, is-agent: 0
    [9]: f2-1f, type: 4, is-constant: 0, is-private: 0, owner: -1, is-agent: 0
    [10]: f2-2f, type: 4, is-constant: 0, is-private: 0, owner: -1, is-agent: 0
    [11]: f2-3f, type: 4, is-constant: 0, is-private: 0, owner: -1, is-agent: 0
    [12]: f3-0f, type: 4, is-constant: 0, is-private: 0, owner: -1, is-agent: 0
    [13]: f3-1f, type: 4, is-constant: 0, is-private: 0, owner: -1, is-agent: 0
    [14]: f3-2f, type: 4, is-constant: 0, is-private: 0, owner: -1, is-agent: 0
    [15]: f3-3f, type: 4, is-constant: 0, is-private: 0, owner: -1, is-agent: 0
    [16]: f4-0f, type: 4, is-constant: 0, is-private: 0, owner: -1, is-agent: 0
    [17]: f4-1f, type: 4, is-constant: 0, is-private: 0, owner: -1, is-agent: 0
    [18]: f4-2f, type: 4, is-constant: 0, is-private: 0, owner: -1, is-agent: 0
    [19]: f4-3f, type: 4, is-constant: 0, is-private: 0, owner: -1, is-agent: 0
    [20]: f5-0f, type: 4, is-constant: 0, is-private: 0, owner: -1, is-agent: 0
    [21]: f5-1f, type: 4, is-constant: 0, is-private: 0, owner: -1, is-agent: 0
    [22]: f5-2f, type: 4, is-constant: 0, is-private: 0, owner: -1, is-agent: 0
    [23]: f5-3f, type: 4, is-constant: 0, is-private: 0, owner: -1, is-agent: 0
    [24]: f6-0f, type: 4, is-constant: 0, is-private: 0, owner: -1, is-agent: 0
    [25]: f6-1f, type: 4, is-constant: 0, is-private: 0, owner: -1, is-agent: 0
    [26]: f6-2f, type: 4, is-constant: 0, is-private: 0, owner: -1, is-agent: 0
    [27]: f6-3f, type: 4, is-constant: 0, is-private: 0, owner: -1, is-agent: 0
    [28]: f7-0f, type: 4, is-constant: 0, is-private: 0, owner: -1, is-agent: 0
    [29]: f7-1f, type: 4, is-constant: 0, is-private: 0, owner: -1, is-agent: 0
    [30]: f7-2f, type: 4, is-constant: 0, is-private: 0, owner: -1, is-agent: 0
    [31]: f7-3f, type: 4, is-constant: 0, is-private: 0, owner: -1, is-agent: 0
    [32]: f8-0f, type: 4, is-constant: 0, is-private: 0, owner: -1, is-agent: 0
    [33]: f8-1f, type: 4, is-constant: 0, is-private: 0, owner: -1, is-agent: 0
    [34]: f8-2f, type: 4, is-constant: 0, is-private: 0, owner: -1, is-agent: 0
    [35]: f8-3f, type: 4, is-constant: 0, is-private: 0, owner: -1, is-agent: 0
    [36]: f9-0f, type: 4, is-constant: 0, is-private: 0, owner: -1, is-agent: 0
    [37]: f9-1f, type: 4, is-constant: 0, is-private: 0, owner: -1, is-agent: 0
    [38]: f9-2f, type: 4, is-constant: 0, is-private: 0, owner: -1, is-agent: 0
    [39]: f9-3f, type: 4, is-constant: 0, is-private: 0, owner: -1, is-agent: 0
    [40]: nothing-, type: 2, is-constant: 0, is-private: 0, owner: -1, is-agent: 0
    [41]: one_square, type: 2, is-constant: 0, is-private: 0, owner: -1, is-agent: 0
    [42]: straight0, type: 2, is-constant: 0, is-private: 0, owner: -1, is-agent: 0
    [43]: straight1, type: 2, is-constant: 0, is-private: 0, owner: -1, is-agent: 0
    [44]: straight2, type: 2, is-constant: 0, is-private: 0, owner: -1, is-agent: 0
    [45]: straight3, type: 2, is-constant: 0, is-private: 0, owner: -1, is-agent: 0
    [46]: rightl0, type: 3, is-constant: 0, is-private: 0, owner: -1, is-agent: 0
    [47]: rightl1, type: 3, is-constant: 0, is-private: 0, owner: -1, is-agent: 0
    [48]: rightl2, type: 3, is-constant: 0, is-private: 0, owner: -1, is-agent: 0
Predicate[5]:
    =: 0 0 :: read: 1, write: 0, in-init: 0
    clear: 4 :: read: 1, write: 1, in-init: 1
    connected: 4 4 :: read: 1, write: 0, in-init: 1
    at_two: 2 4 4 :: read: 1, write: 1, in-init: 1
    at_right_l: 3 4 4 4 :: read: 1, write: 1, in-init: 1
Function[1]:
    total-cost: :: read: 1, write: 1, in-init: 0
Action[3]:
    move_two: ?xy_initial1:4 ?xy_initial2:4 ?xy_final:4 ?element:2
        pre: (and (R:connected ?xy_initial2 ?xy_final) (RW:clear ?xy_final) (RW:at_two ?element ?xy_initial1 ?xy_initial2))
        eff: (and (RW:clear ?xy_initial1) (N:RW:clear ?xy_final) (N:RW:at_two ?element ?xy_initial1 ?xy_initial2) (RW:at_two ?element ?xy_initial2 ?xy_final) (increase (total-cost) 2))
    move_l_left: ?xy_initial1:4 ?xy_initial2:4 ?xy_initial3:4 ?xy_final:4 ?xy_final2:4 ?element:3
        pre: (and (N:R:= ?xy_final ?xy_final2) (R:connected ?xy_initial1 ?xy_final) (R:connected ?xy_initial2 ?xy_final2) (R:connected ?xy_final2 ?xy_final) (RW:clear ?xy_final) (RW:clear ?xy_final2) (RW:at_right_l ?element ?xy_initial1 ?xy_initial2 ?xy_initial3))
        eff: (and (RW:clear ?xy_initial1) (RW:clear ?xy_initial3) (N:RW:clear ?xy_final) (N:RW:clear ?xy_final2) (N:RW:at_right_l ?element ?xy_initial1 ?xy_initial2 ?xy_initial3) (RW:at_right_l ?element ?xy_final ?xy_final2 ?xy_initial2) (increase (total-cost) 3))
    move_l_down: ?xy_initial1:4 ?xy_initial2:4 ?xy_initial3:4 ?xy_final:4 ?xy_final2:4 ?element:3
        pre: (and (N:R:= ?xy_final ?xy_final2) (R:connected ?xy_initial2 ?xy_final) (R:connected ?xy_initial3 ?xy_final2) (R:connected ?xy_final2 ?xy_final) (RW:clear ?xy_final) (RW:clear ?xy_final2) (RW:at_right_l ?element ?xy_initial1 ?xy_initial2 ?xy_initial3))
        eff: (and (RW:clear ?xy_initial1) (RW:clear ?xy_initial3) (N:RW:clear ?xy_final) (N:RW:clear ?xy_final2) (N:RW:at_right_l ?element ?xy_initial1 ?xy_initial2 ?xy_initial3) (RW:at_right_l ?element ?xy_initial2 ?xy_final ?xy_final2) (increase (total-cost) 3))
Init[162]:
  S:(connected f0-0f f0-1f)
  S:(connected f0-0f f1-0f)
  S:(connected f0-1f f0-0f)
  S:(connected f0-1f f0-2f)
  S:(connected f0-1f f1-1f)
  S:(connected f0-2f f0-1f)
  S:(connected f0-2f f0-3f)
  S:(connected f0-2f f1-2f)
  S:(connected f0-3f f0-2f)
  S:(connected f0-3f f1-3f)
  S:(connected f1-0f f0-0f)
  S:(connected f1-0f f1-1f)
  S:(connected f1-0f f2-0f)
  S:(connected f1-1f f0-1f)
  S:(connected f1-1f f1-0f)
  S:(connected f1-1f f1-2f)
  S:(connected f1-1f f2-1f)
  S:(connected f1-2f f0-2f)
  S:(connected f1-2f f1-1f)
  S:(connected f1-2f f1-3f)
  S:(connected f1-2f f2-2f)
  S:(connected f1-3f f0-3f)
  S:(connected f1-3f f1-2f)
  S:(connected f1-3f f2-3f)
  S:(connected f2-0f f1-0f)
  S:(connected f2-0f f2-1f)
  S:(connected f2-0f f3-0f)
  S:(connected f2-1f f1-1f)
  S:(connected f2-1f f2-0f)
  S:(connected f2-1f f2-2f)
  S:(connected f2-1f f3-1f)
  S:(connected f2-2f f1-2f)
  S:(connected f2-2f f2-1f)
  S:(connected f2-2f f2-3f)
  S:(connected f2-2f f3-2f)
  S:(connected f2-3f f1-3f)
  S:(connected f2-3f f2-2f)
  S:(connected f2-3f f3-3f)
  S:(connected f3-0f f2-0f)
  S:(connected f3-0f f3-1f)
  S:(connected f3-0f f4-0f)
  S:(connected f3-1f f2-1f)
  S:(connected f3-1f f3-0f)
  S:(connected f3-1f f3-2f)
  S:(connected f3-1f f4-1f)
  S:(connected f3-2f f2-2f)
  S:(connected f3-2f f3-1f)
  S:(connected f3-2f f3-3f)
  S:(connected f3-2f f4-2f)
  S:(connected f3-3f f2-3f)
  S:(connected f3-3f f3-2f)
  S:(connected f3-3f f4-3f)
  S:(connected f4-0f f3-0f)
  S:(connected f4-0f f4-1f)
  S:(connected f4-0f f5-0f)
  S:(connected f4-1f f3-1f)
  S:(connected f4-1f f4-0f)
  S:(connected f4-1f f4-2f)
  S:(connected f4-1f f5-1f)
  S:(connected f4-2f f3-2f)
  S:(connected f4-2f f4-1f)
  S:(connected f4-2f f4-3f)
  S:(connected f4-2f f5-2f)
  S:(connected f4-3f f3-3f)
  S:(connected f4-3f f4-2f)
  S:(connected f4-3f f5-3f)
  S:(connected f5-0f f4-0f)
  S:(connected f5-0f f5-1f)
  S:(connected f5-0f f6-0f)
  S:(connected f5-1f f4-1f)
  S:(connected f5-1f f5-0f)
  S:(connected f5-1f f5-2f)
  S:(connected f5-1f f6-1f)
  S:(connected f5-2f f4-2f)
  S:(connected f5-2f f5-1f)
  S:(connected f5-2f f5-3f)
  S:(connected f5-2f f6-2f)
  S:(connected f5-3f f4-3f)
  S:(connected f5-3f f5-2f)
  S:(connected f5-3f f6-3f)
  S:(connected f6-0f f5-0f)
  S:(connected f6-0f f6-1f)
  S:(connected f6-0f f7-0f)
  S:(connected f6-1f f5-1f)
  S:(connected f6-1f f6-0f)
  S:(connected f6-1f f6-2f)
  S:(connected f6-1f f7-1f)
  S:(connected f6-2f f5-2f)
  S:(connected f6-2f f6-1f)
  S:(connected f6-2f f6-3f)
  S:(connected f6-2f f7-2f)
  S:(connected f6-3f f5-3f)
  S:(connected f6-3f f6-2f)
  S:(connected f6-3f f7-3f)
  S:(connected f7-0f f6-0f)
  S:(connected f7-0f f7-1f)
  S:(connected f7-0f f8-0f)
  S:(connected f7-1f f6-1f)
  S:(connected f7-1f f7-0f)
  S:(connected f7-1f f7-2f)
  S:(connected f7-1f f8-1f)
  S:(connected f7-2f f6-2f)
  S:(connected f7-2f f7-1f)
  S:(connected f7-2f f7-3f)
  S:(connected f7-2f f8-2f)
  S:(connected f7-3f f6-3f)
  S:(connected f7-3f f7-2f)
  S:(connected f7-3f f8-3f)
  S:(connected f8-0f f7-0f)
  S:(connected f8-0f f8-1f)
  S:(connected f8-0f f9-0f)
  S:(connected f8-1f f7-1f)
  S:(connected f8-1f f8-0f)
  S:(connected f8-1f f8-2f)
  S:(connected f8-1f f9-1f)
  S:(connected f8-2f f7-2f)
  S:(connected f8-2f f8-1f)
  S:(connected f8-2f f8-3f)
  S:(connected f8-2f f9-2f)
  S:(connected f8-3f f7-3f)
  S:(connected f8-3f f8-2f)
  S:(connected f8-3f f9-3f)
  S:(connected f9-0f f8-0f)
  S:(connected f9-0f f9-1f)
  S:(connected f9-1f f8-1f)
  S:(connected f9-1f f9-0f)
  S:(connected f9-1f f9-2f)
  S:(connected f9-2f f8-2f)
  S:(connected f9-2f f9-1f)
  S:(connected f9-2f f9-3f)
  S:(connected f9-3f f8-3f)
  S:(connected f9-3f f9-2f)
  (clear f0-2f)
  (clear f0-3f)
  (clear f1-3f)
  (clear f2-3f)
  (clear f3-3f)
  (clear f4-1f)
  (clear f4-3f)
  (clear f6-0f)
  (clear f6-1f)
  (clear f6-2f)
  (clear f6-3f)
  (clear f7-0f)
  (clear f7-1f)
  (clear f7-2f)
  (clear f7-3f)
  (clear f8-0f)
  (clear f8-1f)
  (clear f8-2f)
  (clear f8-3f)
  (clear f9-0f)
  (clear f9-1f)
  (clear f9-2f)
  (clear f9-3f)
  (at_two straight0 f0-0f f1-0f)
  (at_two straight1 f2-0f f3-0f)
  (at_two straight2 f2-1f f3-1f)
  (at_two straight3 f2-2f f3-2f)
  (at_right_l rightl0 f4-0f f5-0f f5-1f)
  (at_right_l rightl1 f4-2f f5-2f f5-3f)
  (at_right_l rightl2 f0-1f f1-1f f1-2f)
Init[0]:
Goal: (and (RW:clear f0-0f) (RW:clear f0-1f) (RW:clear f0-2f) (RW:clear f0-3f) (RW:clear f1-0f) (RW:clear f1-1f) (RW:clear f1-2f) (RW:clear f1-3f) (RW:clear f2-0f) (RW:clear f2-1f) (RW:clear f2-2f) (RW:clear f2-3f) (RW:clear f3-0f) (RW:clear f3-1f) (RW:clear f3-2f) (RW:clear f3-3f) (RW:clear f4-0f) (RW:clear f4-1f) (RW:clear f4-2f) (RW:clear f4-3f))
Metric: (total-cost)
