Domain: rover
Problem: roverprob--s1026--m25--r2--w12--o7--c7--g5--p0--p1--c10
Require: ff
Type[9]:
    [0]: object, parent: -1
    [1]: rover, parent: 0
    [2]: waypoint, parent: 0
    [3]: store, parent: 0
    [4]: camera, parent: 0
    [5]: mode, parent: 0
    [6]: lander, parent: 0
    [7]: objective, parent: 0
    [8]: energylevel, parent: 0
Obj-by-Type:
    [0]: 0 1 2 3 4 5 6 7 8 9 10 11 12 13 14 15 16 17 18 19 20 21 22 23 24 25 26 27 28 29 30 31 32 33 34 35 36 37 38 39 40 41 42 43 44 45 46 47 48 49 50 51 52 53 54 55 56 57 58 59 60 61 62 63 64 65 66 67 68 69 70 71 72 73 74 75 76 77 78 79 80 81 82 83 84 85 86 87 88 89 90 91
    [1]: 4 5
    [2]: 8 9 10 11 12 13 14 15 16 17 18 19
    [3]: 6 7
    [4]: 20 21 22 23 24 25 26 27 28 29 30 31 32 33
    [5]: 1 2 3
    [6]: 0
    [7]: 34 35 36 37 38 39 40
    [8]: 41 42 43 44 45 46 47 48 49 50 51 52 53 54 55 56 57 58 59 60 61 62 63 64 65 66 67 68 69 70 71 72 73 74 75 76 77 78 79 80 81 82 83 84 85 86 87 88 89 90 91
Obj[92]:
    [0]: general, type: 6, is-constant: 0, is-private: 0, owner: -1, is-agent: 0
    [1]: colour, type: 5, is-constant: 0, is-private: 0, owner: -1, is-agent: 0
    [2]: high_res, type: 5, is-constant: 0, is-private: 0, owner: -1, is-agent: 0
    [3]: low_res, type: 5, is-constant: 0, is-private: 0, owner: -1, is-agent: 0
    [4]: rover0, type: 1, is-constant: 0, is-private: 0, owner: -1, is-agent: 0
    [5]: rover1, type: 1, is-constant: 0, is-private: 0, owner: -1, is-agent: 0
    [6]: rover0store, type: 3, is-constant: 0, is-private: 0, owner: -1, is-agent: 0
    [7]: rover1store, type: 3, is-constant: 0, is-private: 0, owner: -1, is-agent: 0
    [8]: waypoint0, type: 2, is-constant: 0, is-private: 0, owner: -1, is-agent: 0
    [9]: waypoint1, type: 2, is-constant: 0, is-private: 0, owner: -1, is-agent: 0
    [10]: waypoint2, type: 2, is-constant: 0, is-private: 0, owner: -1, is-agent: 0
    [11]: waypoint3, type: 2, is-constant: 0, is-private: 0, owner: -1, is-agent: 0
    [12]: waypoint4, type: 2, is-constant: 0, is-private: 0, owner: -1, is-agent: 0
    [13]: waypoint5, type: 2, is-constant: 0, is-private: 0, owner: -1, is-agent: 0
    [14]: waypoint6, type: 2, is-constant: 0, is-private: 0, owner: -1, is-agent: 0
    [15]: waypoint7, type: 2, is-constant: 0, is-private: 0, owner: -1, is-agent: 0
    [16]: waypoint8, type: 2, is-constant: 0, is-private: 0, owner: -1, is-agent: 0
    [17]: waypoint9, type: 2, is-constant: 0, is-private: 0, owner: -1, is-agent: 0
    [18]: waypoint10, type: 2, is-constant: 0, is-private: 0, owner: -1, is-agent: 0
    [19]: waypoint11, type: 2, is-constant: 0, is-private: 0, owner: -1, is-agent: 0
    [20]: camera0, type: 4, is-constant: 0, is-private: 0, owner: -1, is-agent: 0
    [21]: camera1, type: 4, is-constant: 0, is-private: 0, owner: -1, is-agent: 0
    [22]: camera2, type: 4, is-constant: 0, is-private: 0, owner: -1, is-agent: 0
    [23]: camera3, type: 4, is-constant: 0, is-private: 0, owner: -1, is-agent: 0
    [24]: camera4, type: 4, is-constant: 0, is-private: 0, owner: -1, is-agent: 0
    [25]: camera5, type: 4, is-constant: 0, is-private: 0, owner: -1, is-agent: 0
    [26]: camera6, type: 4, is-constant: 0, is-private: 0, owner: -1, is-agent: 0
    [27]: camera7, type: 4, is-constant: 0, is-private: 0, owner: -1, is-agent: 0
    [28]: camera8, type: 4, is-constant: 0, is-private: 0, owner: -1, is-agent: 0
    [29]: camera9, type: 4, is-constant: 0, is-private: 0, owner: -1, is-agent: 0
    [30]: camera10, type: 4, is-constant: 0, is-private: 0, owner: -1, is-agent: 0
    [31]: camera11, type: 4, is-constant: 0, is-private: 0, owner: -1, is-agent: 0
    [32]: camera12, type: 4, is-constant: 0, is-private: 0, owner: -1, is-agent: 0
    [33]: camera13, type: 4, is-constant: 0, is-private: 0, owner: -1, is-agent: 0
    [34]: objective0, type: 7, is-constant: 0, is-private: 0, owner: -1, is-agent: 0
    [35]: objective1, type: 7, is-constant: 0, is-private: 0, owner: -1, is-agent: 0
    [36]: objective2, type: 7, is-constant: 0, is-private: 0, owner: -1, is-agent: 0
    [37]: objective3, type: 7, is-constant: 0, is-private: 0, owner: -1, is-agent: 0
    [38]: objective4, type: 7, is-constant: 0, is-private: 0, owner: -1, is-agent: 0
    [39]: objective5, type: 7, is-constant: 0, is-private: 0, owner: -1, is-agent: 0
    [40]: objective6, type: 7, is-constant: 0, is-private: 0, owner: -1, is-agent: 0
    [41]: level0, type: 8, is-constant: 0, is-private: 0, owner: -1, is-agent: 0
    [42]: level1, type: 8, is-constant: 0, is-private: 0, owner: -1, is-agent: 0
    [43]: level2, type: 8, is-constant: 0, is-private: 0, owner: -1, is-agent: 0
    [44]: level3, type: 8, is-constant: 0, is-private: 0, owner: -1, is-agent: 0
    [45]: level4, type: 8, is-constant: 0, is-private: 0, owner: -1, is-agent: 0
    [46]: level5, type: 8, is-constant: 0, is-private: 0, owner: -1, is-agent: 0
    [47]: level6, type: 8, is-constant: 0, is-private: 0, owner: -1, is-agent: 0
    [48]: level7, type: 8, is-constant: 0, is-private: 0, owner: -1, is-agent: 0
    [49]: level8, type: 8, is-constant: 0, is-private: 0, owner: -1, is-agent: 0
    [50]: level9, type: 8, is-constant: 0, is-private: 0, owner: -1, is-agent: 0
    [51]: level10, type: 8, is-constant: 0, is-private: 0, owner: -1, is-agent: 0
    [52]: level11, type: 8, is-constant: 0, is-private: 0, owner: -1, is-agent: 0
    [53]: level12, type: 8, is-constant: 0, is-private: 0, owner: -1, is-agent: 0
    [54]: level13, type: 8, is-constant: 0, is-private: 0, owner: -1, is-agent: 0
    [55]: level14, type: 8, is-constant: 0, is-private: 0, owner: -1, is-agent: 0
    [56]: level15, type: 8, is-constant: 0, is-private: 0, owner: -1, is-agent: 0
    [57]: level16, type: 8, is-constant: 0, is-private: 0, owner: -1, is-agent: 0
    [58]: level17, type: 8, is-constant: 0, is-private: 0, owner: -1, is-agent: 0
    [59]: level18, type: 8, is-constant: 0, is-private: 0, owner: -1, is-agent: 0
    [60]: level19, type: 8, is-constant: 0, is-private: 0, owner: -1, is-agent: 0
    [61]: level20, type: 8, is-constant: 0, is-private: 0, owner: -1, is-agent: 0
    [62]: level21, type: 8, is-constant: 0, is-private: 0, owner: -1, is-agent: 0
    [63]: level22, type: 8, is-constant: 0, is-private: 0, owner: -1, is-agent: 0
    [64]: level23, type: 8, is-constant: 0, is-private: 0, owner: -1, is-agent: 0
    [65]: level24, type: 8, is-constant: 0, is-private: 0, owner: -1, is-agent: 0
    [66]: level25, type: 8, is-constant: 0, is-private: 0, owner: -1, is-agent: 0
    [67]: level26, type: 8, is-constant: 0, is-private: 0, owner: -1, is-agent: 0
    [68]: level27, type: 8, is-constant: 0, is-private: 0, owner: -1, is-agent: 0
    [69]: level28, type: 8, is-constant: 0, is-private: 0, owner: -1, is-agent: 0
    [70]: level29, type: 8, is-constant: 0, is-private: 0, owner: -1, is-agent: 0
    [71]: level30, type: 8, is-constant: 0, is-private: 0, owner: -1, is-agent: 0
    [72]: level31, type: 8, is-constant: 0, is-private: 0, owner: -1, is-agent: 0
    [73]: level32, type: 8, is-constant: 0, is-private: 0, owner: -1, is-agent: 0
    [74]: level33, type: 8, is-constant: 0, is-private: 0, owner: -1, is-agent: 0
    [75]: level34, type: 8, is-constant: 0, is-private: 0, owner: -1, is-agent: 0
    [76]: level35, type: 8, is-constant: 0, is-private: 0, owner: -1, is-agent: 0
    [77]: level36, type: 8, is-constant: 0, is-private: 0, owner: -1, is-agent: 0
    [78]: level37, type: 8, is-constant: 0, is-private: 0, owner: -1, is-agent: 0
    [79]: level38, type: 8, is-constant: 0, is-private: 0, owner: -1, is-agent: 0
    [80]: level39, type: 8, is-constant: 0, is-private: 0, owner: -1, is-agent: 0
    [81]: level40, type: 8, is-constant: 0, is-private: 0, owner: -1, is-agent: 0
    [82]: level41, type: 8, is-constant: 0, is-private: 0, owner: -1, is-agent: 0
    [83]: level42, type: 8, is-constant: 0, is-private: 0, owner: -1, is-agent: 0
    [84]: level43, type: 8, is-constant: 0, is-private: 0, owner: -1, is-agent: 0
    [85]: level44, type: 8, is-constant: 0, is-private: 0, owner: -1, is-agent: 0
    [86]: level45, type: 8, is-constant: 0, is-private: 0, owner: -1, is-agent: 0
    [87]: level46, type: 8, is-constant: 0, is-private: 0, owner: -1, is-agent: 0
    [88]: level47, type: 8, is-constant: 0, is-private: 0, owner: -1, is-agent: 0
    [89]: level48, type: 8, is-constant: 0, is-private: 0, owner: -1, is-agent: 0
    [90]: level49, type: 8, is-constant: 0, is-private: 0, owner: -1, is-agent: 0
    [91]: level50, type: 8, is-constant: 0, is-private: 0, owner: -1, is-agent: 0
Predicate[29]:
    =: 0 0 :: read: 0, write: 0, in-init: 0
    at: 1 2 :: read: 1, write: 1, in-init: 1
    at_lander: 6 2 :: read: 1, write: 0, in-init: 1
    can_traverse: 1 2 2 :: read: 1, write: 0, in-init: 1
    equipped_for_soil_analysis: 1 :: read: 1, write: 0, in-init: 1
    equipped_for_rock_analysis: 1 :: read: 1, write: 0, in-init: 1
    equipped_for_imaging: 1 :: read: 1, write: 0, in-init: 1
    empty: 3 :: read: 1, write: 1, in-init: 1
    have_rock_analysis: 1 2 :: read: 1, write: 1, in-init: 0
    have_soil_analysis: 1 2 :: read: 1, write: 1, in-init: 0
    full: 3 :: read: 1, write: 1, in-init: 0
    calibrated: 4 1 :: read: 1, write: 1, in-init: 0
    supports: 4 5 :: read: 1, write: 0, in-init: 1
    available: 1 :: read: 1, write: 1, in-init: 1
    visible: 2 2 :: read: 1, write: 0, in-init: 1
    have_image: 1 7 5 :: read: 1, write: 1, in-init: 0
    communicated_soil_data: 2 :: read: 1, write: 1, in-init: 0
    communicated_rock_data: 2 :: read: 1, write: 1, in-init: 0
    communicated_image_data: 7 5 :: read: 1, write: 1, in-init: 0
    at_soil_sample: 2 :: read: 1, write: 1, in-init: 1
    at_rock_sample: 2 :: read: 1, write: 1, in-init: 1
    visible_from: 7 2 :: read: 1, write: 0, in-init: 1
    store_of: 3 1 :: read: 1, write: 0, in-init: 1
    calibration_target: 4 7 :: read: 1, write: 0, in-init: 1
    on_board: 4 1 :: read: 1, write: 0, in-init: 1
    channel_free: 6 :: read: 1, write: 1, in-init: 1
    energy: 1 8 :: read: 1, write: 1, in-init: 1
    energycost: 8 2 2 :: read: 1, write: 0, in-init: 1
    sum: 8 8 8 :: read: 1, write: 0, in-init: 1
Function[0]:
Action[9]:
    navigate: ?x:1 ?y:2 ?z:2 ?energypost:8 ?energydelta:8 ?energypre:8
        pre: (and (R:can_traverse ?x ?y ?z) (R:visible ?y ?z) (R:energycost ?energydelta ?y ?z) (R:sum ?energypost ?energydelta ?energypre) (RW:at ?x ?y) (RW:available ?x) (RW:energy ?x ?energypre))
        eff: (and (N:RW:at ?x ?y) (RW:at ?x ?z) (RW:energy ?x ?energypost) (N:RW:energy ?x ?energypre))
    sample_soil: ?x:1 ?s:3 ?p:2
        pre: (and (R:equipped_for_soil_analysis ?x) (R:store_of ?s ?x) (RW:at ?x ?p) (RW:empty ?s) (RW:at_soil_sample ?p))
        eff: (and (N:RW:empty ?s) (RW:have_soil_analysis ?x ?p) (RW:full ?s) (N:RW:at_soil_sample ?p))
    sample_rock: ?x:1 ?s:3 ?p:2
        pre: (and (R:equipped_for_rock_analysis ?x) (R:store_of ?s ?x) (RW:at ?x ?p) (RW:empty ?s) (RW:at_rock_sample ?p))
        eff: (and (N:RW:empty ?s) (RW:have_rock_analysis ?x ?p) (RW:full ?s) (N:RW:at_rock_sample ?p))
    drop: ?x:1 ?y:3
        pre: (and (R:store_of ?y ?x) (RW:full ?y))
        eff: (and (RW:empty ?y) (N:RW:full ?y))
    calibrate: ?r:1 ?i:4 ?t:7 ?w:2
        pre: (and (R:equipped_for_imaging ?r) (R:visible_from ?t ?w) (R:calibration_target ?i ?t) (R:on_board ?i ?r) (RW:at ?r ?w))
        eff: (and (RW:calibrated ?i ?r))
    take_image: ?r:1 ?p:2 ?o:7 ?i:4 ?m:5
        pre: (and (R:equipped_for_imaging ?r) (R:supports ?i ?m) (R:visible_from ?o ?p) (R:on_board ?i ?r) (RW:at ?r ?p) (RW:calibrated ?i ?r))
        eff: (and (N:RW:calibrated ?i ?r) (RW:have_image ?r ?o ?m))
    communicate_soil_data: ?r:1 ?l:6 ?p:2 ?x:2 ?y:2
        pre: (and (R:at_lander ?l ?y) (R:visible ?x ?y) (RW:at ?r ?x) (RW:have_soil_analysis ?r ?p) (RW:available ?r) (RW:channel_free ?l))
        eff: (and (RW:available ?r) (RW:communicated_soil_data ?p) (RW:channel_free ?l))
    communicate_rock_data: ?r:1 ?l:6 ?p:2 ?x:2 ?y:2
        pre: (and (R:at_lander ?l ?y) (R:visible ?x ?y) (RW:at ?r ?x) (RW:have_rock_analysis ?r ?p) (RW:available ?r) (RW:channel_free ?l))
        eff: (and (RW:available ?r) (RW:communicated_rock_data ?p) (RW:channel_free ?l))
    communicate_image_data: ?r:1 ?l:6 ?o:7 ?m:5 ?x:2 ?y:2
        pre: (and (R:at_lander ?l ?y) (R:visible ?x ?y) (RW:at ?r ?x) (RW:available ?r) (RW:have_image ?r ?o ?m) (RW:channel_free ?l))
        eff: (and (RW:available ?r) (RW:communicated_image_data ?o ?m) (RW:channel_free ?l))
Init[1758]:
  S:(at_lander general waypoint2)
  S:(can_traverse rover0 waypoint0 waypoint2)
  S:(can_traverse rover0 waypoint0 waypoint7)
  S:(can_traverse rover0 waypoint0 waypoint8)
  S:(can_traverse rover0 waypoint0 waypoint10)
  S:(can_traverse rover0 waypoint0 waypoint11)
  S:(can_traverse rover0 waypoint1 waypoint2)
  S:(can_traverse rover0 waypoint1 waypoint3)
  S:(can_traverse rover0 waypoint1 waypoint4)
  S:(can_traverse rover0 waypoint1 waypoint5)
  S:(can_traverse rover0 waypoint1 waypoint6)
  S:(can_traverse rover0 waypoint1 waypoint7)
  S:(can_traverse rover0 waypoint1 waypoint8)
  S:(can_traverse rover0 waypoint1 waypoint9)
  S:(can_traverse rover0 waypoint2 waypoint0)
  S:(can_traverse rover0 waypoint2 waypoint1)
  S:(can_traverse rover0 waypoint2 waypoint3)
  S:(can_traverse rover0 waypoint2 waypoint4)
  S:(can_traverse rover0 waypoint2 waypoint6)
  S:(can_traverse rover0 waypoint2 waypoint8)
  S:(can_traverse rover0 waypoint2 waypoint9)
  S:(can_traverse rover0 waypoint2 waypoint10)
  S:(can_traverse rover0 waypoint3 waypoint1)
  S:(can_traverse rover0 waypoint3 waypoint2)
  S:(can_traverse rover0 waypoint3 waypoint6)
  S:(can_traverse rover0 waypoint3 waypoint8)
  S:(can_traverse rover0 waypoint3 waypoint9)
  S:(can_traverse rover0 waypoint3 waypoint10)
  S:(can_traverse rover0 waypoint3 waypoint11)
  S:(can_traverse rover0 waypoint4 waypoint1)
  S:(can_traverse rover0 waypoint4 waypoint2)
  S:(can_traverse rover0 waypoint4 waypoint7)
  S:(can_traverse rover0 waypoint4 waypoint11)
  S:(can_traverse rover0 waypoint5 waypoint1)
  S:(can_traverse rover0 waypoint5 waypoint8)
  S:(can_traverse rover0 waypoint5 waypoint9)
  S:(can_traverse rover0 waypoint5 waypoint11)
  S:(can_traverse rover0 waypoint6 waypoint1)
  S:(can_traverse rover0 waypoint6 waypoint2)
  S:(can_traverse rover0 waypoint6 waypoint3)
  S:(can_traverse rover0 waypoint6 waypoint7)
  S:(can_traverse rover0 waypoint6 waypoint8)
  S:(can_traverse rover0 waypoint6 waypoint9)
  S:(can_traverse rover0 waypoint6 waypoint11)
  S:(can_traverse rover0 waypoint7 waypoint0)
  S:(can_traverse rover0 waypoint7 waypoint1)
  S:(can_traverse rover0 waypoint7 waypoint4)
  S:(can_traverse rover0 waypoint7 waypoint6)
  S:(can_traverse rover0 waypoint7 waypoint9)
  S:(can_traverse rover0 waypoint7 waypoint10)
  S:(can_traverse rover0 waypoint7 waypoint11)
  S:(can_traverse rover0 waypoint8 waypoint0)
  S:(can_traverse rover0 waypoint8 waypoint1)
  S:(can_traverse rover0 waypoint8 waypoint2)
  S:(can_traverse rover0 waypoint8 waypoint3)
  S:(can_traverse rover0 waypoint8 waypoint5)
  S:(can_traverse rover0 waypoint8 waypoint6)
  S:(can_traverse rover0 waypoint8 waypoint9)
  S:(can_traverse rover0 waypoint8 waypoint10)
  S:(can_traverse rover0 waypoint9 waypoint1)
  S:(can_traverse rover0 waypoint9 waypoint2)
  S:(can_traverse rover0 waypoint9 waypoint3)
  S:(can_traverse rover0 waypoint9 waypoint5)
  S:(can_traverse rover0 waypoint9 waypoint6)
  S:(can_traverse rover0 waypoint9 waypoint7)
  S:(can_traverse rover0 waypoint9 waypoint8)
  S:(can_traverse rover0 waypoint9 waypoint10)
  S:(can_traverse rover0 waypoint10 waypoint0)
  S:(can_traverse rover0 waypoint10 waypoint2)
  S:(can_traverse rover0 waypoint10 waypoint3)
  S:(can_traverse rover0 waypoint10 waypoint7)
  S:(can_traverse rover0 waypoint10 waypoint8)
  S:(can_traverse rover0 waypoint10 waypoint9)
  S:(can_traverse rover0 waypoint10 waypoint11)
  S:(can_traverse rover0 waypoint11 waypoint0)
  S:(can_traverse rover0 waypoint11 waypoint3)
  S:(can_traverse rover0 waypoint11 waypoint4)
  S:(can_traverse rover0 waypoint11 waypoint5)
  S:(can_traverse rover0 waypoint11 waypoint6)
  S:(can_traverse rover0 waypoint11 waypoint7)
  S:(can_traverse rover0 waypoint11 waypoint10)
  S:(equipped_for_soil_analysis rover0)
  S:(equipped_for_rock_analysis rover0)
  S:(equipped_for_imaging rover0)
  S:(supports camera0 colour)
  S:(supports camera0 high_res)
  S:(supports camera0 low_res)
  S:(supports camera1 high_res)
  S:(supports camera2 colour)
  S:(supports camera3 colour)
  S:(supports camera4 high_res)
  S:(supports camera5 high_res)
  S:(supports camera5 low_res)
  S:(supports camera6 colour)
  S:(supports camera6 low_res)
  S:(supports camera7 colour)
  S:(supports camera7 high_res)
  S:(supports camera7 low_res)
  S:(supports camera8 high_res)
  S:(supports camera9 colour)
  S:(supports camera10 colour)
  S:(supports camera11 high_res)
  S:(supports camera12 high_res)
  S:(supports camera12 low_res)
  S:(supports camera13 colour)
  S:(supports camera13 low_res)
  S:(visible waypoint0 waypoint2)
  S:(visible waypoint0 waypoint7)
  S:(visible waypoint0 waypoint8)
  S:(visible waypoint0 waypoint10)
  S:(visible waypoint0 waypoint11)
  S:(visible waypoint1 waypoint2)
  S:(visible waypoint1 waypoint3)
  S:(visible waypoint1 waypoint4)
  S:(visible waypoint1 waypoint5)
  S:(visible waypoint1 waypoint6)
  S:(visible waypoint1 waypoint7)
  S:(visible waypoint1 waypoint8)
  S:(visible waypoint1 waypoint9)
  S:(visible waypoint2 waypoint0)
  S:(visible waypoint2 waypoint1)
  S:(visible waypoint2 waypoint3)
  S:(visible waypoint2 waypoint4)
  S:(visible waypoint2 waypoint6)
  S:(visible waypoint2 waypoint8)
  S:(visible waypoint2 waypoint9)
  S:(visible waypoint2 waypoint10)
  S:(visible waypoint3 waypoint1)
  S:(visible waypoint3 waypoint2)
  S:(visible waypoint3 waypoint6)
  S:(visible waypoint3 waypoint8)
  S:(visible waypoint3 waypoint9)
  S:(visible waypoint3 waypoint10)
  S:(visible waypoint3 waypoint11)
  S:(visible waypoint4 waypoint1)
  S:(visible waypoint4 waypoint2)
  S:(visible waypoint4 waypoint7)
  S:(visible waypoint4 waypoint11)
  S:(visible waypoint5 waypoint1)
  S:(visible waypoint5 waypoint8)
  S:(visible waypoint5 waypoint9)
  S:(visible waypoint5 waypoint11)
  S:(visible waypoint6 waypoint1)
  S:(visible waypoint6 waypoint2)
  S:(visible waypoint6 waypoint3)
  S:(visible waypoint6 waypoint7)
  S:(visible waypoint6 waypoint8)
  S:(visible waypoint6 waypoint9)
  S:(visible waypoint6 waypoint11)
  S:(visible waypoint7 waypoint0)
  S:(visible waypoint7 waypoint1)
  S:(visible waypoint7 waypoint4)
  S:(visible waypoint7 waypoint6)
  S:(visible waypoint7 waypoint9)
  S:(visible waypoint7 waypoint10)
  S:(visible waypoint7 waypoint11)
  S:(visible waypoint8 waypoint0)
  S:(visible waypoint8 waypoint1)
  S:(visible waypoint8 waypoint2)
  S:(visible waypoint8 waypoint3)
  S:(visible waypoint8 waypoint5)
  S:(visible waypoint8 waypoint6)
  S:(visible waypoint8 waypoint9)
  S:(visible waypoint8 waypoint10)
  S:(visible waypoint9 waypoint1)
  S:(visible waypoint9 waypoint2)
  S:(visible waypoint9 waypoint3)
  S:(visible waypoint9 waypoint5)
  S:(visible waypoint9 waypoint6)
  S:(visible waypoint9 waypoint7)
  S:(visible waypoint9 waypoint8)
  S:(visible waypoint9 waypoint10)
  S:(visible waypoint10 waypoint0)
  S:(visible waypoint10 waypoint2)
  S:(visible waypoint10 waypoint3)
  S:(visible waypoint10 waypoint7)
  S:(visible waypoint10 waypoint8)
  S:(visible waypoint10 waypoint9)
  S:(visible waypoint10 waypoint11)
  S:(visible waypoint11 waypoint0)
  S:(visible waypoint11 waypoint3)
  S:(visible waypoint11 waypoint4)
  S:(visible waypoint11 waypoint5)
  S:(visible waypoint11 waypoint6)
  S:(visible waypoint11 waypoint7)
  S:(visible waypoint11 waypoint10)
  S:(visible_from objective0 waypoint0)
  S:(visible_from objective0 waypoint3)
  S:(visible_from objective0 waypoint4)
  S:(visible_from objective0 waypoint6)
  S:(visible_from objective0 waypoint7)
  S:(visible_from objective0 waypoint8)
  S:(visible_from objective0 waypoint9)
  S:(visible_from objective0 waypoint11)
  S:(visible_from objective1 waypoint3)
  S:(visible_from objective1 waypoint4)
  S:(visible_from objective1 waypoint8)
  S:(visible_from objective1 waypoint9)
  S:(visible_from objective1 waypoint10)
  S:(visible_from objective1 waypoint11)
  S:(visible_from objective2 waypoint1)
  S:(visible_from objective2 waypoint3)
  S:(visible_from objective2 waypoint4)
  S:(visible_from objective2 waypoint5)
  S:(visible_from objective2 waypoint8)
  S:(visible_from objective3 waypoint1)
  S:(visible_from objective3 waypoint5)
  S:(visible_from objective3 waypoint8)
  S:(visible_from objective3 waypoint9)
  S:(visible_from objective4 waypoint0)
  S:(visible_from objective4 waypoint4)
  S:(visible_from objective4 waypoint5)
  S:(visible_from objective4 waypoint7)
  S:(visible_from objective4 waypoint8)
  S:(visible_from objective4 waypoint10)
  S:(visible_from objective4 waypoint11)
  S:(visible_from objective5 waypoint0)
  S:(visible_from objective5 waypoint1)
  S:(visible_from objective5 waypoint2)
  S:(visible_from objective5 waypoint4)
  S:(visible_from objective5 waypoint6)
  S:(visible_from objective5 waypoint7)
  S:(visible_from objective5 waypoint10)
  S:(visible_from objective6 waypoint2)
  S:(visible_from objective6 waypoint3)
  S:(visible_from objective6 waypoint9)
  S:(store_of rover0store rover0)
  S:(calibration_target camera0 objective0)
  S:(calibration_target camera0 objective1)
  S:(calibration_target camera0 objective2)
  S:(calibration_target camera0 objective3)
  S:(calibration_target camera0 objective4)
  S:(calibration_target camera0 objective5)
  S:(calibration_target camera0 objective6)
  S:(calibration_target camera1 objective0)
  S:(calibration_target camera1 objective1)
  S:(calibration_target camera1 objective2)
  S:(calibration_target camera1 objective3)
  S:(calibration_target camera1 objective4)
  S:(calibration_target camera1 objective5)
  S:(calibration_target camera1 objective6)
  S:(calibration_target camera2 objective0)
  S:(calibration_target camera2 objective1)
  S:(calibration_target camera2 objective2)
  S:(calibration_target camera2 objective3)
  S:(calibration_target camera2 objective4)
  S:(calibration_target camera2 objective5)
  S:(calibration_target camera2 objective6)
  S:(calibration_target camera3 objective0)
  S:(calibration_target camera3 objective1)
  S:(calibration_target camera3 objective2)
  S:(calibration_target camera3 objective3)
  S:(calibration_target camera3 objective4)
  S:(calibration_target camera3 objective5)
  S:(calibration_target camera3 objective6)
  S:(calibration_target camera4 objective0)
  S:(calibration_target camera4 objective1)
  S:(calibration_target camera4 objective2)
  S:(calibration_target camera4 objective3)
  S:(calibration_target camera4 objective4)
  S:(calibration_target camera4 objective5)
  S:(calibration_target camera4 objective6)
  S:(calibration_target camera5 objective0)
  S:(calibration_target camera5 objective1)
  S:(calibration_target camera5 objective2)
  S:(calibration_target camera5 objective3)
  S:(calibration_target camera5 objective4)
  S:(calibration_target camera5 objective5)
  S:(calibration_target camera5 objective6)
  S:(calibration_target camera6 objective0)
  S:(calibration_target camera6 objective1)
  S:(calibration_target camera6 objective2)
  S:(calibration_target camera6 objective3)
  S:(calibration_target camera6 objective4)
  S:(calibration_target camera6 objective5)
  S:(calibration_target camera6 objective6)
  S:(calibration_target camera7 objective0)
  S:(calibration_target camera7 objective1)
  S:(calibration_target camera7 objective2)
  S:(calibration_target camera7 objective3)
  S:(calibration_target camera7 objective4)
  S:(calibration_target camera7 objective5)
  S:(calibration_target camera7 objective6)
  S:(calibration_target camera8 objective0)
  S:(calibration_target camera8 objective1)
  S:(calibration_target camera8 objective2)
  S:(calibration_target camera8 objective3)
  S:(calibration_target camera8 objective4)
  S:(calibration_target camera8 objective5)
  S:(calibration_target camera8 objective6)
  S:(calibration_target camera9 objective0)
  S:(calibration_target camera9 objective1)
  S:(calibration_target camera9 objective2)
  S:(calibration_target camera9 objective3)
  S:(calibration_target camera9 objective4)
  S:(calibration_target camera9 objective5)
  S:(calibration_target camera9 objective6)
  S:(calibration_target camera10 objective0)
  S:(calibration_target camera10 objective1)
  S:(calibration_target camera10 objective2)
  S:(calibration_target camera10 objective3)
  S:(calibration_target camera10 objective4)
  S:(calibration_target camera10 objective5)
  S:(calibration_target camera10 objective6)
  S:(calibration_target camera11 objective0)
  S:(calibration_target camera11 objective1)
  S:(calibration_target camera11 objective2)
  S:(calibration_target camera11 objective3)
  S:(calibration_target camera11 objective4)
  S:(calibration_target camera11 objective5)
  S:(calibration_target camera11 objective6)
  S:(calibration_target camera12 objective0)
  S:(calibration_target camera12 objective1)
  S:(calibration_target camera12 objective2)
  S:(calibration_target camera12 objective3)
  S:(calibration_target camera12 objective4)
  S:(calibration_target camera12 objective5)
  S:(calibration_target camera12 objective6)
  S:(calibration_target camera13 objective0)
  S:(calibration_target camera13 objective1)
  S:(calibration_target camera13 objective2)
  S:(calibration_target camera13 objective3)
  S:(calibration_target camera13 objective4)
  S:(calibration_target camera13 objective5)
  S:(calibration_target camera13 objective6)
  S:(on_board camera0 rover0)
  S:(on_board camera1 rover0)
  S:(on_board camera2 rover0)
  S:(on_board camera3 rover0)
  S:(on_board camera4 rover0)
  S:(on_board camera5 rover0)
  S:(on_board camera6 rover0)
  S:(on_board camera7 rover1)
  S:(on_board camera8 rover1)
  S:(on_board camera9 rover1)
  S:(on_board camera10 rover1)
  S:(on_board camera11 rover1)
  S:(on_board camera12 rover1)
  S:(on_board camera13 rover1)
  S:(energycost level2 waypoint1 waypoint7)
  S:(energycost level2 waypoint2 waypoint9)
  S:(energycost level2 waypoint3 waypoint6)
  S:(energycost level2 waypoint6 waypoint3)
  S:(energycost level2 waypoint6 waypoint9)
  S:(energycost level2 waypoint7 waypoint1)
  S:(energycost level2 waypoint9 waypoint2)
  S:(energycost level2 waypoint9 waypoint6)
  S:(energycost level3 waypoint0 waypoint7)
  S:(energycost level3 waypoint7 waypoint0)
  S:(energycost level4 waypoint3 waypoint9)
  S:(energycost level4 waypoint3 waypoint10)
  S:(energycost level4 waypoint9 waypoint3)
  S:(energycost level4 waypoint10 waypoint3)
  S:(energycost level5 waypoint2 waypoint4)
  S:(energycost level5 waypoint4 waypoint2)
  S:(energycost level5 waypoint6 waypoint7)
  S:(energycost level5 waypoint7 waypoint6)
  S:(energycost level7 waypoint1 waypoint4)
  S:(energycost level7 waypoint4 waypoint1)
  S:(energycost level7 waypoint7 waypoint9)
  S:(energycost level7 waypoint9 waypoint7)
  S:(energycost level8 waypoint0 waypoint2)
  S:(energycost level8 waypoint1 waypoint9)
  S:(energycost level8 waypoint2 waypoint0)
  S:(energycost level8 waypoint6 waypoint11)
  S:(energycost level8 waypoint7 waypoint11)
  S:(energycost level8 waypoint9 waypoint1)
  S:(energycost level8 waypoint11 waypoint6)
  S:(energycost level8 waypoint11 waypoint7)
  S:(energycost level9 waypoint10 waypoint11)
  S:(energycost level9 waypoint11 waypoint10)
  S:(energycost level10 waypoint1 waypoint5)
  S:(energycost level10 waypoint3 waypoint8)
  S:(energycost level10 waypoint5 waypoint1)
  S:(energycost level10 waypoint8 waypoint3)
  S:(energycost level11 waypoint1 waypoint6)
  S:(energycost level11 waypoint6 waypoint1)
  S:(energycost level11 waypoint8 waypoint10)
  S:(energycost level11 waypoint10 waypoint8)
  S:(energycost level12 waypoint0 waypoint8)
  S:(energycost level12 waypoint8 waypoint0)
  S:(energycost level13 waypoint1 waypoint8)
  S:(energycost level13 waypoint8 waypoint1)
  S:(energycost level14 waypoint3 waypoint11)
  S:(energycost level14 waypoint11 waypoint3)
  S:(energycost level15 waypoint0 waypoint10)
  S:(energycost level15 waypoint10 waypoint0)
  S:(energycost level16 waypoint1 waypoint2)
  S:(energycost level16 waypoint2 waypoint1)
  S:(energycost level16 waypoint5 waypoint9)
  S:(energycost level16 waypoint7 waypoint10)
  S:(energycost level16 waypoint9 waypoint5)
  S:(energycost level16 waypoint9 waypoint10)
  S:(energycost level16 waypoint10 waypoint7)
  S:(energycost level16 waypoint10 waypoint9)
  S:(energycost level17 waypoint4 waypoint7)
  S:(energycost level17 waypoint7 waypoint4)
  S:(energycost level18 waypoint5 waypoint11)
  S:(energycost level18 waypoint11 waypoint5)
  S:(energycost level19 waypoint1 waypoint3)
  S:(energycost level19 waypoint2 waypoint3)
  S:(energycost level19 waypoint2 waypoint10)
  S:(energycost level19 waypoint3 waypoint1)
  S:(energycost level19 waypoint3 waypoint2)
  S:(energycost level19 waypoint4 waypoint11)
  S:(energycost level19 waypoint6 waypoint8)
  S:(energycost level19 waypoint8 waypoint6)
  S:(energycost level19 waypoint10 waypoint2)
  S:(energycost level19 waypoint11 waypoint4)
  S:(energycost level22 waypoint2 waypoint6)
  S:(energycost level22 waypoint6 waypoint2)
  S:(energycost level22 waypoint8 waypoint9)
  S:(energycost level22 waypoint9 waypoint8)
  S:(energycost level23 waypoint5 waypoint8)
  S:(energycost level23 waypoint8 waypoint5)
  S:(energycost level24 waypoint0 waypoint11)
  S:(energycost level24 waypoint2 waypoint8)
  S:(energycost level24 waypoint8 waypoint2)
  S:(energycost level24 waypoint11 waypoint0)
  S:(sum level0 level0 level0)
  S:(sum level0 level1 level1)
  S:(sum level0 level2 level2)
  S:(sum level0 level3 level3)
  S:(sum level0 level4 level4)
  S:(sum level0 level5 level5)
  S:(sum level0 level6 level6)
  S:(sum level0 level7 level7)
  S:(sum level0 level8 level8)
  S:(sum level0 level9 level9)
  S:(sum level0 level10 level10)
  S:(sum level0 level11 level11)
  S:(sum level0 level12 level12)
  S:(sum level0 level13 level13)
  S:(sum level0 level14 level14)
  S:(sum level0 level15 level15)
  S:(sum level0 level16 level16)
  S:(sum level0 level17 level17)
  S:(sum level0 level18 level18)
  S:(sum level0 level19 level19)
  S:(sum level0 level20 level20)
  S:(sum level0 level21 level21)
  S:(sum level0 level22 level22)
  S:(sum level0 level23 level23)
  S:(sum level0 level24 level24)
  S:(sum level0 level25 level25)
  S:(sum level0 level26 level26)
  S:(sum level0 level27 level27)
  S:(sum level0 level28 level28)
  S:(sum level0 level29 level29)
  S:(sum level0 level30 level30)
  S:(sum level0 level31 level31)
  S:(sum level0 level32 level32)
  S:(sum level0 level33 level33)
  S:(sum level0 level34 level34)
  S:(sum level0 level35 level35)
  S:(sum level0 level36 level36)
  S:(sum level0 level37 level37)
  S:(sum level0 level38 level38)
  S:(sum level0 level39 level39)
  S:(sum level0 level40 level40)
  S:(sum level0 level41 level41)
  S:(sum level0 level42 level42)
  S:(sum level0 level43 level43)
  S:(sum level0 level44 level44)
  S:(sum level0 level45 level45)
  S:(sum level0 level46 level46)
  S:(sum level0 level47 level47)
  S:(sum level0 level48 level48)
  S:(sum level0 level49 level49)
  S:(sum level0 level50 level50)
  S:(sum level1 level0 level1)
  S:(sum level1 level1 level2)
  S:(sum level1 level2 level3)
  S:(sum level1 level3 level4)
  S:(sum level1 level4 level5)
  S:(sum level1 level5 level6)
  S:(sum level1 level6 level7)
  S:(sum level1 level7 level8)
  S:(sum level1 level8 level9)
  S:(sum level1 level9 level10)
  S:(sum level1 level10 level11)
  S:(sum level1 level11 level12)
  S:(sum level1 level12 level13)
  S:(sum level1 level13 level14)
  S:(sum level1 level14 level15)
  S:(sum level1 level15 level16)
  S:(sum level1 level16 level17)
  S:(sum level1 level17 level18)
  S:(sum level1 level18 level19)
  S:(sum level1 level19 level20)
  S:(sum level1 level20 level21)
  S:(sum level1 level21 level22)
  S:(sum level1 level22 level23)
  S:(sum level1 level23 level24)
  S:(sum level1 level24 level25)
  S:(sum level1 level25 level26)
  S:(sum level1 level26 level27)
  S:(sum level1 level27 level28)
  S:(sum level1 level28 level29)
  S:(sum level1 level29 level30)
  S:(sum level1 level30 level31)
  S:(sum level1 level31 level32)
  S:(sum level1 level32 level33)
  S:(sum level1 level33 level34)
  S:(sum level1 level34 level35)
  S:(sum level1 level35 level36)
  S:(sum level1 level36 level37)
  S:(sum level1 level37 level38)
  S:(sum level1 level38 level39)
  S:(sum level1 level39 level40)
  S:(sum level1 level40 level41)
  S:(sum level1 level41 level42)
  S:(sum level1 level42 level43)
  S:(sum level1 level43 level44)
  S:(sum level1 level44 level45)
  S:(sum level1 level45 level46)
  S:(sum level1 level46 level47)
  S:(sum level1 level47 level48)
  S:(sum level1 level48 level49)
  S:(sum level1 level49 level50)
  S:(sum level2 level0 level2)
  S:(sum level2 level1 level3)
  S:(sum level2 level2 level4)
  S:(sum level2 level3 level5)
  S:(sum level2 level4 level6)
  S:(sum level2 level5 level7)
  S:(sum level2 level6 level8)
  S:(sum level2 level7 level9)
  S:(sum level2 level8 level10)
  S:(sum level2 level9 level11)
  S:(sum level2 level10 level12)
  S:(sum level2 level11 level13)
  S:(sum level2 level12 level14)
  S:(sum level2 level13 level15)
  S:(sum level2 level14 level16)
  S:(sum level2 level15 level17)
  S:(sum level2 level16 level18)
  S:(sum level2 level17 level19)
  S:(sum level2 level18 level20)
  S:(sum level2 level19 level21)
  S:(sum level2 level20 level22)
  S:(sum level2 level21 level23)
  S:(sum level2 level22 level24)
  S:(sum level2 level23 level25)
  S:(sum level2 level24 level26)
  S:(sum level2 level25 level27)
  S:(sum level2 level26 level28)
  S:(sum level2 level27 level29)
  S:(sum level2 level28 level30)
  S:(sum level2 level29 level31)
  S:(sum level2 level30 level32)
  S:(sum level2 level31 level33)
  S:(sum level2 level32 level34)
  S:(sum level2 level33 level35)
  S:(sum level2 level34 level36)
  S:(sum level2 level35 level37)
  S:(sum level2 level36 level38)
  S:(sum level2 level37 level39)
  S:(sum level2 level38 level40)
  S:(sum level2 level39 level41)
  S:(sum level2 level40 level42)
  S:(sum level2 level41 level43)
  S:(sum level2 level42 level44)
  S:(sum level2 level43 level45)
  S:(sum level2 level44 level46)
  S:(sum level2 level45 level47)
  S:(sum level2 level46 level48)
  S:(sum level2 level47 level49)
  S:(sum level2 level48 level50)
  S:(sum level3 level0 level3)
  S:(sum level3 level1 level4)
  S:(sum level3 level2 level5)
  S:(sum level3 level3 level6)
  S:(sum level3 level4 level7)
  S:(sum level3 level5 level8)
  S:(sum level3 level6 level9)
  S:(sum level3 level7 level10)
  S:(sum level3 level8 level11)
  S:(sum level3 level9 level12)
  S:(sum level3 level10 level13)
  S:(sum level3 level11 level14)
  S:(sum level3 level12 level15)
  S:(sum level3 level13 level16)
  S:(sum level3 level14 level17)
  S:(sum level3 level15 level18)
  S:(sum level3 level16 level19)
  S:(sum level3 level17 level20)
  S:(sum level3 level18 level21)
  S:(sum level3 level19 level22)
  S:(sum level3 level20 level23)
  S:(sum level3 level21 level24)
  S:(sum level3 level22 level25)
  S:(sum level3 level23 level26)
  S:(sum level3 level24 level27)
  S:(sum level3 level25 level28)
  S:(sum level3 level26 level29)
  S:(sum level3 level27 level30)
  S:(sum level3 level28 level31)
  S:(sum level3 level29 level32)
  S:(sum level3 level30 level33)
  S:(sum level3 level31 level34)
  S:(sum level3 level32 level35)
  S:(sum level3 level33 level36)
  S:(sum level3 level34 level37)
  S:(sum level3 level35 level38)
  S:(sum level3 level36 level39)
  S:(sum level3 level37 level40)
  S:(sum level3 level38 level41)
  S:(sum level3 level39 level42)
  S:(sum level3 level40 level43)
  S:(sum level3 level41 level44)
  S:(sum level3 level42 level45)
  S:(sum level3 level43 level46)
  S:(sum level3 level44 level47)
  S:(sum level3 level45 level48)
  S:(sum level3 level46 level49)
  S:(sum level3 level47 level50)
  S:(sum level4 level0 level4)
  S:(sum level4 level1 level5)
  S:(sum level4 level2 level6)
  S:(sum level4 level3 level7)
  S:(sum level4 level4 level8)
  S:(sum level4 level5 level9)
  S:(sum level4 level6 level10)
  S:(sum level4 level7 level11)
  S:(sum level4 level8 level12)
  S:(sum level4 level9 level13)
  S:(sum level4 level10 level14)
  S:(sum level4 level11 level15)
  S:(sum level4 level12 level16)
  S:(sum level4 level13 level17)
  S:(sum level4 level14 level18)
  S:(sum level4 level15 level19)
  S:(sum level4 level16 level20)
  S:(sum level4 level17 level21)
  S:(sum level4 level18 level22)
  S:(sum level4 level19 level23)
  S:(sum level4 level20 level24)
  S:(sum level4 level21 level25)
  S:(sum level4 level22 level26)
  S:(sum level4 level23 level27)
  S:(sum level4 level24 level28)
  S:(sum level4 level25 level29)
  S:(sum level4 level26 level30)
  S:(sum level4 level27 level31)
  S:(sum level4 level28 level32)
  S:(sum level4 level29 level33)
  S:(sum level4 level30 level34)
  S:(sum level4 level31 level35)
  S:(sum level4 level32 level36)
  S:(sum level4 level33 level37)
  S:(sum level4 level34 level38)
  S:(sum level4 level35 level39)
  S:(sum level4 level36 level40)
  S:(sum level4 level37 level41)
  S:(sum level4 level38 level42)
  S:(sum level4 level39 level43)
  S:(sum level4 level40 level44)
  S:(sum level4 level41 level45)
  S:(sum level4 level42 level46)
  S:(sum level4 level43 level47)
  S:(sum level4 level44 level48)
  S:(sum level4 level45 level49)
  S:(sum level4 level46 level50)
  S:(sum level5 level0 level5)
  S:(sum level5 level1 level6)
  S:(sum level5 level2 level7)
  S:(sum level5 level3 level8)
  S:(sum level5 level4 level9)
  S:(sum level5 level5 level10)
  S:(sum level5 level6 level11)
  S:(sum level5 level7 level12)
  S:(sum level5 level8 level13)
  S:(sum level5 level9 level14)
  S:(sum level5 level10 level15)
  S:(sum level5 level11 level16)
  S:(sum level5 level12 level17)
  S:(sum level5 level13 level18)
  S:(sum level5 level14 level19)
  S:(sum level5 level15 level20)
  S:(sum level5 level16 level21)
  S:(sum level5 level17 level22)
  S:(sum level5 level18 level23)
  S:(sum level5 level19 level24)
  S:(sum level5 level20 level25)
  S:(sum level5 level21 level26)
  S:(sum level5 level22 level27)
  S:(sum level5 level23 level28)
  S:(sum level5 level24 level29)
  S:(sum level5 level25 level30)
  S:(sum level5 level26 level31)
  S:(sum level5 level27 level32)
  S:(sum level5 level28 level33)
  S:(sum level5 level29 level34)
  S:(sum level5 level30 level35)
  S:(sum level5 level31 level36)
  S:(sum level5 level32 level37)
  S:(sum level5 level33 level38)
  S:(sum level5 level34 level39)
  S:(sum level5 level35 level40)
  S:(sum level5 level36 level41)
  S:(sum level5 level37 level42)
  S:(sum level5 level38 level43)
  S:(sum level5 level39 level44)
  S:(sum level5 level40 level45)
  S:(sum level5 level41 level46)
  S:(sum level5 level42 level47)
  S:(sum level5 level43 level48)
  S:(sum level5 level44 level49)
  S:(sum level5 level45 level50)
  S:(sum level6 level0 level6)
  S:(sum level6 level1 level7)
  S:(sum level6 level2 level8)
  S:(sum level6 level3 level9)
  S:(sum level6 level4 level10)
  S:(sum level6 level5 level11)
  S:(sum level6 level6 level12)
  S:(sum level6 level7 level13)
  S:(sum level6 level8 level14)
  S:(sum level6 level9 level15)
  S:(sum level6 level10 level16)
  S:(sum level6 level11 level17)
  S:(sum level6 level12 level18)
  S:(sum level6 level13 level19)
  S:(sum level6 level14 level20)
  S:(sum level6 level15 level21)
  S:(sum level6 level16 level22)
  S:(sum level6 level17 level23)
  S:(sum level6 level18 level24)
  S:(sum level6 level19 level25)
  S:(sum level6 level20 level26)
  S:(sum level6 level21 level27)
  S:(sum level6 level22 level28)
  S:(sum level6 level23 level29)
  S:(sum level6 level24 level30)
  S:(sum level6 level25 level31)
  S:(sum level6 level26 level32)
  S:(sum level6 level27 level33)
  S:(sum level6 level28 level34)
  S:(sum level6 level29 level35)
  S:(sum level6 level30 level36)
  S:(sum level6 level31 level37)
  S:(sum level6 level32 level38)
  S:(sum level6 level33 level39)
  S:(sum level6 level34 level40)
  S:(sum level6 level35 level41)
  S:(sum level6 level36 level42)
  S:(sum level6 level37 level43)
  S:(sum level6 level38 level44)
  S:(sum level6 level39 level45)
  S:(sum level6 level40 level46)
  S:(sum level6 level41 level47)
  S:(sum level6 level42 level48)
  S:(sum level6 level43 level49)
  S:(sum level6 level44 level50)
  S:(sum level7 level0 level7)
  S:(sum level7 level1 level8)
  S:(sum level7 level2 level9)
  S:(sum level7 level3 level10)
  S:(sum level7 level4 level11)
  S:(sum level7 level5 level12)
  S:(sum level7 level6 level13)
  S:(sum level7 level7 level14)
  S:(sum level7 level8 level15)
  S:(sum level7 level9 level16)
  S:(sum level7 level10 level17)
  S:(sum level7 level11 level18)
  S:(sum level7 level12 level19)
  S:(sum level7 level13 level20)
  S:(sum level7 level14 level21)
  S:(sum level7 level15 level22)
  S:(sum level7 level16 level23)
  S:(sum level7 level17 level24)
  S:(sum level7 level18 level25)
  S:(sum level7 level19 level26)
  S:(sum level7 level20 level27)
  S:(sum level7 level21 level28)
  S:(sum level7 level22 level29)
  S:(sum level7 level23 level30)
  S:(sum level7 level24 level31)
  S:(sum level7 level25 level32)
  S:(sum level7 level26 level33)
  S:(sum level7 level27 level34)
  S:(sum level7 level28 level35)
  S:(sum level7 level29 level36)
  S:(sum level7 level30 level37)
  S:(sum level7 level31 level38)
  S:(sum level7 level32 level39)
  S:(sum level7 level33 level40)
  S:(sum level7 level34 level41)
  S:(sum level7 level35 level42)
  S:(sum level7 level36 level43)
  S:(sum level7 level37 level44)
  S:(sum level7 level38 level45)
  S:(sum level7 level39 level46)
  S:(sum level7 level40 level47)
  S:(sum level7 level41 level48)
  S:(sum level7 level42 level49)
  S:(sum level7 level43 level50)
  S:(sum level8 level0 level8)
  S:(sum level8 level1 level9)
  S:(sum level8 level2 level10)
  S:(sum level8 level3 level11)
  S:(sum level8 level4 level12)
  S:(sum level8 level5 level13)
  S:(sum level8 level6 level14)
  S:(sum level8 level7 level15)
  S:(sum level8 level8 level16)
  S:(sum level8 level9 level17)
  S:(sum level8 level10 level18)
  S:(sum level8 level11 level19)
  S:(sum level8 level12 level20)
  S:(sum level8 level13 level21)
  S:(sum level8 level14 level22)
  S:(sum level8 level15 level23)
  S:(sum level8 level16 level24)
  S:(sum level8 level17 level25)
  S:(sum level8 level18 level26)
  S:(sum level8 level19 level27)
  S:(sum level8 level20 level28)
  S:(sum level8 level21 level29)
  S:(sum level8 level22 level30)
  S:(sum level8 level23 level31)
  S:(sum level8 level24 level32)
  S:(sum level8 level25 level33)
  S:(sum level8 level26 level34)
  S:(sum level8 level27 level35)
  S:(sum level8 level28 level36)
  S:(sum level8 level29 level37)
  S:(sum level8 level30 level38)
  S:(sum level8 level31 level39)
  S:(sum level8 level32 level40)
  S:(sum level8 level33 level41)
  S:(sum level8 level34 level42)
  S:(sum level8 level35 level43)
  S:(sum level8 level36 level44)
  S:(sum level8 level37 level45)
  S:(sum level8 level38 level46)
  S:(sum level8 level39 level47)
  S:(sum level8 level40 level48)
  S:(sum level8 level41 level49)
  S:(sum level8 level42 level50)
  S:(sum level9 level0 level9)
  S:(sum level9 level1 level10)
  S:(sum level9 level2 level11)
  S:(sum level9 level3 level12)
  S:(sum level9 level4 level13)
  S:(sum level9 level5 level14)
  S:(sum level9 level6 level15)
  S:(sum level9 level7 level16)
  S:(sum level9 level8 level17)
  S:(sum level9 level9 level18)
  S:(sum level9 level10 level19)
  S:(sum level9 level11 level20)
  S:(sum level9 level12 level21)
  S:(sum level9 level13 level22)
  S:(sum level9 level14 level23)
  S:(sum level9 level15 level24)
  S:(sum level9 level16 level25)
  S:(sum level9 level17 level26)
  S:(sum level9 level18 level27)
  S:(sum level9 level19 level28)
  S:(sum level9 level20 level29)
  S:(sum level9 level21 level30)
  S:(sum level9 level22 level31)
  S:(sum level9 level23 level32)
  S:(sum level9 level24 level33)
  S:(sum level9 level25 level34)
  S:(sum level9 level26 level35)
  S:(sum level9 level27 level36)
  S:(sum level9 level28 level37)
  S:(sum level9 level29 level38)
  S:(sum level9 level30 level39)
  S:(sum level9 level31 level40)
  S:(sum level9 level32 level41)
  S:(sum level9 level33 level42)
  S:(sum level9 level34 level43)
  S:(sum level9 level35 level44)
  S:(sum level9 level36 level45)
  S:(sum level9 level37 level46)
  S:(sum level9 level38 level47)
  S:(sum level9 level39 level48)
  S:(sum level9 level40 level49)
  S:(sum level9 level41 level50)
  S:(sum level10 level0 level10)
  S:(sum level10 level1 level11)
  S:(sum level10 level2 level12)
  S:(sum level10 level3 level13)
  S:(sum level10 level4 level14)
  S:(sum level10 level5 level15)
  S:(sum level10 level6 level16)
  S:(sum level10 level7 level17)
  S:(sum level10 level8 level18)
  S:(sum level10 level9 level19)
  S:(sum level10 level10 level20)
  S:(sum level10 level11 level21)
  S:(sum level10 level12 level22)
  S:(sum level10 level13 level23)
  S:(sum level10 level14 level24)
  S:(sum level10 level15 level25)
  S:(sum level10 level16 level26)
  S:(sum level10 level17 level27)
  S:(sum level10 level18 level28)
  S:(sum level10 level19 level29)
  S:(sum level10 level20 level30)
  S:(sum level10 level21 level31)
  S:(sum level10 level22 level32)
  S:(sum level10 level23 level33)
  S:(sum level10 level24 level34)
  S:(sum level10 level25 level35)
  S:(sum level10 level26 level36)
  S:(sum level10 level27 level37)
  S:(sum level10 level28 level38)
  S:(sum level10 level29 level39)
  S:(sum level10 level30 level40)
  S:(sum level10 level31 level41)
  S:(sum level10 level32 level42)
  S:(sum level10 level33 level43)
  S:(sum level10 level34 level44)
  S:(sum level10 level35 level45)
  S:(sum level10 level36 level46)
  S:(sum level10 level37 level47)
  S:(sum level10 level38 level48)
  S:(sum level10 level39 level49)
  S:(sum level10 level40 level50)
  S:(sum level11 level0 level11)
  S:(sum level11 level1 level12)
  S:(sum level11 level2 level13)
  S:(sum level11 level3 level14)
  S:(sum level11 level4 level15)
  S:(sum level11 level5 level16)
  S:(sum level11 level6 level17)
  S:(sum level11 level7 level18)
  S:(sum level11 level8 level19)
  S:(sum level11 level9 level20)
  S:(sum level11 level10 level21)
  S:(sum level11 level11 level22)
  S:(sum level11 level12 level23)
  S:(sum level11 level13 level24)
  S:(sum level11 level14 level25)
  S:(sum level11 level15 level26)
  S:(sum level11 level16 level27)
  S:(sum level11 level17 level28)
  S:(sum level11 level18 level29)
  S:(sum level11 level19 level30)
  S:(sum level11 level20 level31)
  S:(sum level11 level21 level32)
  S:(sum level11 level22 level33)
  S:(sum level11 level23 level34)
  S:(sum level11 level24 level35)
  S:(sum level11 level25 level36)
  S:(sum level11 level26 level37)
  S:(sum level11 level27 level38)
  S:(sum level11 level28 level39)
  S:(sum level11 level29 level40)
  S:(sum level11 level30 level41)
  S:(sum level11 level31 level42)
  S:(sum level11 level32 level43)
  S:(sum level11 level33 level44)
  S:(sum level11 level34 level45)
  S:(sum level11 level35 level46)
  S:(sum level11 level36 level47)
  S:(sum level11 level37 level48)
  S:(sum level11 level38 level49)
  S:(sum level11 level39 level50)
  S:(sum level12 level0 level12)
  S:(sum level12 level1 level13)
  S:(sum level12 level2 level14)
  S:(sum level12 level3 level15)
  S:(sum level12 level4 level16)
  S:(sum level12 level5 level17)
  S:(sum level12 level6 level18)
  S:(sum level12 level7 level19)
  S:(sum level12 level8 level20)
  S:(sum level12 level9 level21)
  S:(sum level12 level10 level22)
  S:(sum level12 level11 level23)
  S:(sum level12 level12 level24)
  S:(sum level12 level13 level25)
  S:(sum level12 level14 level26)
  S:(sum level12 level15 level27)
  S:(sum level12 level16 level28)
  S:(sum level12 level17 level29)
  S:(sum level12 level18 level30)
  S:(sum level12 level19 level31)
  S:(sum level12 level20 level32)
  S:(sum level12 level21 level33)
  S:(sum level12 level22 level34)
  S:(sum level12 level23 level35)
  S:(sum level12 level24 level36)
  S:(sum level12 level25 level37)
  S:(sum level12 level26 level38)
  S:(sum level12 level27 level39)
  S:(sum level12 level28 level40)
  S:(sum level12 level29 level41)
  S:(sum level12 level30 level42)
  S:(sum level12 level31 level43)
  S:(sum level12 level32 level44)
  S:(sum level12 level33 level45)
  S:(sum level12 level34 level46)
  S:(sum level12 level35 level47)
  S:(sum level12 level36 level48)
  S:(sum level12 level37 level49)
  S:(sum level12 level38 level50)
  S:(sum level13 level0 level13)
  S:(sum level13 level1 level14)
  S:(sum level13 level2 level15)
  S:(sum level13 level3 level16)
  S:(sum level13 level4 level17)
  S:(sum level13 level5 level18)
  S:(sum level13 level6 level19)
  S:(sum level13 level7 level20)
  S:(sum level13 level8 level21)
  S:(sum level13 level9 level22)
  S:(sum level13 level10 level23)
  S:(sum level13 level11 level24)
  S:(sum level13 level12 level25)
  S:(sum level13 level13 level26)
  S:(sum level13 level14 level27)
  S:(sum level13 level15 level28)
  S:(sum level13 level16 level29)
  S:(sum level13 level17 level30)
  S:(sum level13 level18 level31)
  S:(sum level13 level19 level32)
  S:(sum level13 level20 level33)
  S:(sum level13 level21 level34)
  S:(sum level13 level22 level35)
  S:(sum level13 level23 level36)
  S:(sum level13 level24 level37)
  S:(sum level13 level25 level38)
  S:(sum level13 level26 level39)
  S:(sum level13 level27 level40)
  S:(sum level13 level28 level41)
  S:(sum level13 level29 level42)
  S:(sum level13 level30 level43)
  S:(sum level13 level31 level44)
  S:(sum level13 level32 level45)
  S:(sum level13 level33 level46)
  S:(sum level13 level34 level47)
  S:(sum level13 level35 level48)
  S:(sum level13 level36 level49)
  S:(sum level13 level37 level50)
  S:(sum level14 level0 level14)
  S:(sum level14 level1 level15)
  S:(sum level14 level2 level16)
  S:(sum level14 level3 level17)
  S:(sum level14 level4 level18)
  S:(sum level14 level5 level19)
  S:(sum level14 level6 level20)
  S:(sum level14 level7 level21)
  S:(sum level14 level8 level22)
  S:(sum level14 level9 level23)
  S:(sum level14 level10 level24)
  S:(sum level14 level11 level25)
  S:(sum level14 level12 level26)
  S:(sum level14 level13 level27)
  S:(sum level14 level14 level28)
  S:(sum level14 level15 level29)
  S:(sum level14 level16 level30)
  S:(sum level14 level17 level31)
  S:(sum level14 level18 level32)
  S:(sum level14 level19 level33)
  S:(sum level14 level20 level34)
  S:(sum level14 level21 level35)
  S:(sum level14 level22 level36)
  S:(sum level14 level23 level37)
  S:(sum level14 level24 level38)
  S:(sum level14 level25 level39)
  S:(sum level14 level26 level40)
  S:(sum level14 level27 level41)
  S:(sum level14 level28 level42)
  S:(sum level14 level29 level43)
  S:(sum level14 level30 level44)
  S:(sum level14 level31 level45)
  S:(sum level14 level32 level46)
  S:(sum level14 level33 level47)
  S:(sum level14 level34 level48)
  S:(sum level14 level35 level49)
  S:(sum level14 level36 level50)
  S:(sum level15 level0 level15)
  S:(sum level15 level1 level16)
  S:(sum level15 level2 level17)
  S:(sum level15 level3 level18)
  S:(sum level15 level4 level19)
  S:(sum level15 level5 level20)
  S:(sum level15 level6 level21)
  S:(sum level15 level7 level22)
  S:(sum level15 level8 level23)
  S:(sum level15 level9 level24)
  S:(sum level15 level10 level25)
  S:(sum level15 level11 level26)
  S:(sum level15 level12 level27)
  S:(sum level15 level13 level28)
  S:(sum level15 level14 level29)
  S:(sum level15 level15 level30)
  S:(sum level15 level16 level31)
  S:(sum level15 level17 level32)
  S:(sum level15 level18 level33)
  S:(sum level15 level19 level34)
  S:(sum level15 level20 level35)
  S:(sum level15 level21 level36)
  S:(sum level15 level22 level37)
  S:(sum level15 level23 level38)
  S:(sum level15 level24 level39)
  S:(sum level15 level25 level40)
  S:(sum level15 level26 level41)
  S:(sum level15 level27 level42)
  S:(sum level15 level28 level43)
  S:(sum level15 level29 level44)
  S:(sum level15 level30 level45)
  S:(sum level15 level31 level46)
  S:(sum level15 level32 level47)
  S:(sum level15 level33 level48)
  S:(sum level15 level34 level49)
  S:(sum level15 level35 level50)
  S:(sum level16 level0 level16)
  S:(sum level16 level1 level17)
  S:(sum level16 level2 level18)
  S:(sum level16 level3 level19)
  S:(sum level16 level4 level20)
  S:(sum level16 level5 level21)
  S:(sum level16 level6 level22)
  S:(sum level16 level7 level23)
  S:(sum level16 level8 level24)
  S:(sum level16 level9 level25)
  S:(sum level16 level10 level26)
  S:(sum level16 level11 level27)
  S:(sum level16 level12 level28)
  S:(sum level16 level13 level29)
  S:(sum level16 level14 level30)
  S:(sum level16 level15 level31)
  S:(sum level16 level16 level32)
  S:(sum level16 level17 level33)
  S:(sum level16 level18 level34)
  S:(sum level16 level19 level35)
  S:(sum level16 level20 level36)
  S:(sum level16 level21 level37)
  S:(sum level16 level22 level38)
  S:(sum level16 level23 level39)
  S:(sum level16 level24 level40)
  S:(sum level16 level25 level41)
  S:(sum level16 level26 level42)
  S:(sum level16 level27 level43)
  S:(sum level16 level28 level44)
  S:(sum level16 level29 level45)
  S:(sum level16 level30 level46)
  S:(sum level16 level31 level47)
  S:(sum level16 level32 level48)
  S:(sum level16 level33 level49)
  S:(sum level16 level34 level50)
  S:(sum level17 level0 level17)
  S:(sum level17 level1 level18)
  S:(sum level17 level2 level19)
  S:(sum level17 level3 level20)
  S:(sum level17 level4 level21)
  S:(sum level17 level5 level22)
  S:(sum level17 level6 level23)
  S:(sum level17 level7 level24)
  S:(sum level17 level8 level25)
  S:(sum level17 level9 level26)
  S:(sum level17 level10 level27)
  S:(sum level17 level11 level28)
  S:(sum level17 level12 level29)
  S:(sum level17 level13 level30)
  S:(sum level17 level14 level31)
  S:(sum level17 level15 level32)
  S:(sum level17 level16 level33)
  S:(sum level17 level17 level34)
  S:(sum level17 level18 level35)
  S:(sum level17 level19 level36)
  S:(sum level17 level20 level37)
  S:(sum level17 level21 level38)
  S:(sum level17 level22 level39)
  S:(sum level17 level23 level40)
  S:(sum level17 level24 level41)
  S:(sum level17 level25 level42)
  S:(sum level17 level26 level43)
  S:(sum level17 level27 level44)
  S:(sum level17 level28 level45)
  S:(sum level17 level29 level46)
  S:(sum level17 level30 level47)
  S:(sum level17 level31 level48)
  S:(sum level17 level32 level49)
  S:(sum level17 level33 level50)
  S:(sum level18 level0 level18)
  S:(sum level18 level1 level19)
  S:(sum level18 level2 level20)
  S:(sum level18 level3 level21)
  S:(sum level18 level4 level22)
  S:(sum level18 level5 level23)
  S:(sum level18 level6 level24)
  S:(sum level18 level7 level25)
  S:(sum level18 level8 level26)
  S:(sum level18 level9 level27)
  S:(sum level18 level10 level28)
  S:(sum level18 level11 level29)
  S:(sum level18 level12 level30)
  S:(sum level18 level13 level31)
  S:(sum level18 level14 level32)
  S:(sum level18 level15 level33)
  S:(sum level18 level16 level34)
  S:(sum level18 level17 level35)
  S:(sum level18 level18 level36)
  S:(sum level18 level19 level37)
  S:(sum level18 level20 level38)
  S:(sum level18 level21 level39)
  S:(sum level18 level22 level40)
  S:(sum level18 level23 level41)
  S:(sum level18 level24 level42)
  S:(sum level18 level25 level43)
  S:(sum level18 level26 level44)
  S:(sum level18 level27 level45)
  S:(sum level18 level28 level46)
  S:(sum level18 level29 level47)
  S:(sum level18 level30 level48)
  S:(sum level18 level31 level49)
  S:(sum level18 level32 level50)
  S:(sum level19 level0 level19)
  S:(sum level19 level1 level20)
  S:(sum level19 level2 level21)
  S:(sum level19 level3 level22)
  S:(sum level19 level4 level23)
  S:(sum level19 level5 level24)
  S:(sum level19 level6 level25)
  S:(sum level19 level7 level26)
  S:(sum level19 level8 level27)
  S:(sum level19 level9 level28)
  S:(sum level19 level10 level29)
  S:(sum level19 level11 level30)
  S:(sum level19 level12 level31)
  S:(sum level19 level13 level32)
  S:(sum level19 level14 level33)
  S:(sum level19 level15 level34)
  S:(sum level19 level16 level35)
  S:(sum level19 level17 level36)
  S:(sum level19 level18 level37)
  S:(sum level19 level19 level38)
  S:(sum level19 level20 level39)
  S:(sum level19 level21 level40)
  S:(sum level19 level22 level41)
  S:(sum level19 level23 level42)
  S:(sum level19 level24 level43)
  S:(sum level19 level25 level44)
  S:(sum level19 level26 level45)
  S:(sum level19 level27 level46)
  S:(sum level19 level28 level47)
  S:(sum level19 level29 level48)
  S:(sum level19 level30 level49)
  S:(sum level19 level31 level50)
  S:(sum level20 level0 level20)
  S:(sum level20 level1 level21)
  S:(sum level20 level2 level22)
  S:(sum level20 level3 level23)
  S:(sum level20 level4 level24)
  S:(sum level20 level5 level25)
  S:(sum level20 level6 level26)
  S:(sum level20 level7 level27)
  S:(sum level20 level8 level28)
  S:(sum level20 level9 level29)
  S:(sum level20 level10 level30)
  S:(sum level20 level11 level31)
  S:(sum level20 level12 level32)
  S:(sum level20 level13 level33)
  S:(sum level20 level14 level34)
  S:(sum level20 level15 level35)
  S:(sum level20 level16 level36)
  S:(sum level20 level17 level37)
  S:(sum level20 level18 level38)
  S:(sum level20 level19 level39)
  S:(sum level20 level20 level40)
  S:(sum level20 level21 level41)
  S:(sum level20 level22 level42)
  S:(sum level20 level23 level43)
  S:(sum level20 level24 level44)
  S:(sum level20 level25 level45)
  S:(sum level20 level26 level46)
  S:(sum level20 level27 level47)
  S:(sum level20 level28 level48)
  S:(sum level20 level29 level49)
  S:(sum level20 level30 level50)
  S:(sum level21 level0 level21)
  S:(sum level21 level1 level22)
  S:(sum level21 level2 level23)
  S:(sum level21 level3 level24)
  S:(sum level21 level4 level25)
  S:(sum level21 level5 level26)
  S:(sum level21 level6 level27)
  S:(sum level21 level7 level28)
  S:(sum level21 level8 level29)
  S:(sum level21 level9 level30)
  S:(sum level21 level10 level31)
  S:(sum level21 level11 level32)
  S:(sum level21 level12 level33)
  S:(sum level21 level13 level34)
  S:(sum level21 level14 level35)
  S:(sum level21 level15 level36)
  S:(sum level21 level16 level37)
  S:(sum level21 level17 level38)
  S:(sum level21 level18 level39)
  S:(sum level21 level19 level40)
  S:(sum level21 level20 level41)
  S:(sum level21 level21 level42)
  S:(sum level21 level22 level43)
  S:(sum level21 level23 level44)
  S:(sum level21 level24 level45)
  S:(sum level21 level25 level46)
  S:(sum level21 level26 level47)
  S:(sum level21 level27 level48)
  S:(sum level21 level28 level49)
  S:(sum level21 level29 level50)
  S:(sum level22 level0 level22)
  S:(sum level22 level1 level23)
  S:(sum level22 level2 level24)
  S:(sum level22 level3 level25)
  S:(sum level22 level4 level26)
  S:(sum level22 level5 level27)
  S:(sum level22 level6 level28)
  S:(sum level22 level7 level29)
  S:(sum level22 level8 level30)
  S:(sum level22 level9 level31)
  S:(sum level22 level10 level32)
  S:(sum level22 level11 level33)
  S:(sum level22 level12 level34)
  S:(sum level22 level13 level35)
  S:(sum level22 level14 level36)
  S:(sum level22 level15 level37)
  S:(sum level22 level16 level38)
  S:(sum level22 level17 level39)
  S:(sum level22 level18 level40)
  S:(sum level22 level19 level41)
  S:(sum level22 level20 level42)
  S:(sum level22 level21 level43)
  S:(sum level22 level22 level44)
  S:(sum level22 level23 level45)
  S:(sum level22 level24 level46)
  S:(sum level22 level25 level47)
  S:(sum level22 level26 level48)
  S:(sum level22 level27 level49)
  S:(sum level22 level28 level50)
  S:(sum level23 level0 level23)
  S:(sum level23 level1 level24)
  S:(sum level23 level2 level25)
  S:(sum level23 level3 level26)
  S:(sum level23 level4 level27)
  S:(sum level23 level5 level28)
  S:(sum level23 level6 level29)
  S:(sum level23 level7 level30)
  S:(sum level23 level8 level31)
  S:(sum level23 level9 level32)
  S:(sum level23 level10 level33)
  S:(sum level23 level11 level34)
  S:(sum level23 level12 level35)
  S:(sum level23 level13 level36)
  S:(sum level23 level14 level37)
  S:(sum level23 level15 level38)
  S:(sum level23 level16 level39)
  S:(sum level23 level17 level40)
  S:(sum level23 level18 level41)
  S:(sum level23 level19 level42)
  S:(sum level23 level20 level43)
  S:(sum level23 level21 level44)
  S:(sum level23 level22 level45)
  S:(sum level23 level23 level46)
  S:(sum level23 level24 level47)
  S:(sum level23 level25 level48)
  S:(sum level23 level26 level49)
  S:(sum level23 level27 level50)
  S:(sum level24 level0 level24)
  S:(sum level24 level1 level25)
  S:(sum level24 level2 level26)
  S:(sum level24 level3 level27)
  S:(sum level24 level4 level28)
  S:(sum level24 level5 level29)
  S:(sum level24 level6 level30)
  S:(sum level24 level7 level31)
  S:(sum level24 level8 level32)
  S:(sum level24 level9 level33)
  S:(sum level24 level10 level34)
  S:(sum level24 level11 level35)
  S:(sum level24 level12 level36)
  S:(sum level24 level13 level37)
  S:(sum level24 level14 level38)
  S:(sum level24 level15 level39)
  S:(sum level24 level16 level40)
  S:(sum level24 level17 level41)
  S:(sum level24 level18 level42)
  S:(sum level24 level19 level43)
  S:(sum level24 level20 level44)
  S:(sum level24 level21 level45)
  S:(sum level24 level22 level46)
  S:(sum level24 level23 level47)
  S:(sum level24 level24 level48)
  S:(sum level24 level25 level49)
  S:(sum level24 level26 level50)
  S:(sum level25 level0 level25)
  S:(sum level25 level1 level26)
  S:(sum level25 level2 level27)
  S:(sum level25 level3 level28)
  S:(sum level25 level4 level29)
  S:(sum level25 level5 level30)
  S:(sum level25 level6 level31)
  S:(sum level25 level7 level32)
  S:(sum level25 level8 level33)
  S:(sum level25 level9 level34)
  S:(sum level25 level10 level35)
  S:(sum level25 level11 level36)
  S:(sum level25 level12 level37)
  S:(sum level25 level13 level38)
  S:(sum level25 level14 level39)
  S:(sum level25 level15 level40)
  S:(sum level25 level16 level41)
  S:(sum level25 level17 level42)
  S:(sum level25 level18 level43)
  S:(sum level25 level19 level44)
  S:(sum level25 level20 level45)
  S:(sum level25 level21 level46)
  S:(sum level25 level22 level47)
  S:(sum level25 level23 level48)
  S:(sum level25 level24 level49)
  S:(sum level25 level25 level50)
  S:(sum level26 level0 level26)
  S:(sum level26 level1 level27)
  S:(sum level26 level2 level28)
  S:(sum level26 level3 level29)
  S:(sum level26 level4 level30)
  S:(sum level26 level5 level31)
  S:(sum level26 level6 level32)
  S:(sum level26 level7 level33)
  S:(sum level26 level8 level34)
  S:(sum level26 level9 level35)
  S:(sum level26 level10 level36)
  S:(sum level26 level11 level37)
  S:(sum level26 level12 level38)
  S:(sum level26 level13 level39)
  S:(sum level26 level14 level40)
  S:(sum level26 level15 level41)
  S:(sum level26 level16 level42)
  S:(sum level26 level17 level43)
  S:(sum level26 level18 level44)
  S:(sum level26 level19 level45)
  S:(sum level26 level20 level46)
  S:(sum level26 level21 level47)
  S:(sum level26 level22 level48)
  S:(sum level26 level23 level49)
  S:(sum level26 level24 level50)
  S:(sum level27 level0 level27)
  S:(sum level27 level1 level28)
  S:(sum level27 level2 level29)
  S:(sum level27 level3 level30)
  S:(sum level27 level4 level31)
  S:(sum level27 level5 level32)
  S:(sum level27 level6 level33)
  S:(sum level27 level7 level34)
  S:(sum level27 level8 level35)
  S:(sum level27 level9 level36)
  S:(sum level27 level10 level37)
  S:(sum level27 level11 level38)
  S:(sum level27 level12 level39)
  S:(sum level27 level13 level40)
  S:(sum level27 level14 level41)
  S:(sum level27 level15 level42)
  S:(sum level27 level16 level43)
  S:(sum level27 level17 level44)
  S:(sum level27 level18 level45)
  S:(sum level27 level19 level46)
  S:(sum level27 level20 level47)
  S:(sum level27 level21 level48)
  S:(sum level27 level22 level49)
  S:(sum level27 level23 level50)
  S:(sum level28 level0 level28)
  S:(sum level28 level1 level29)
  S:(sum level28 level2 level30)
  S:(sum level28 level3 level31)
  S:(sum level28 level4 level32)
  S:(sum level28 level5 level33)
  S:(sum level28 level6 level34)
  S:(sum level28 level7 level35)
  S:(sum level28 level8 level36)
  S:(sum level28 level9 level37)
  S:(sum level28 level10 level38)
  S:(sum level28 level11 level39)
  S:(sum level28 level12 level40)
  S:(sum level28 level13 level41)
  S:(sum level28 level14 level42)
  S:(sum level28 level15 level43)
  S:(sum level28 level16 level44)
  S:(sum level28 level17 level45)
  S:(sum level28 level18 level46)
  S:(sum level28 level19 level47)
  S:(sum level28 level20 level48)
  S:(sum level28 level21 level49)
  S:(sum level28 level22 level50)
  S:(sum level29 level0 level29)
  S:(sum level29 level1 level30)
  S:(sum level29 level2 level31)
  S:(sum level29 level3 level32)
  S:(sum level29 level4 level33)
  S:(sum level29 level5 level34)
  S:(sum level29 level6 level35)
  S:(sum level29 level7 level36)
  S:(sum level29 level8 level37)
  S:(sum level29 level9 level38)
  S:(sum level29 level10 level39)
  S:(sum level29 level11 level40)
  S:(sum level29 level12 level41)
  S:(sum level29 level13 level42)
  S:(sum level29 level14 level43)
  S:(sum level29 level15 level44)
  S:(sum level29 level16 level45)
  S:(sum level29 level17 level46)
  S:(sum level29 level18 level47)
  S:(sum level29 level19 level48)
  S:(sum level29 level20 level49)
  S:(sum level29 level21 level50)
  S:(sum level30 level0 level30)
  S:(sum level30 level1 level31)
  S:(sum level30 level2 level32)
  S:(sum level30 level3 level33)
  S:(sum level30 level4 level34)
  S:(sum level30 level5 level35)
  S:(sum level30 level6 level36)
  S:(sum level30 level7 level37)
  S:(sum level30 level8 level38)
  S:(sum level30 level9 level39)
  S:(sum level30 level10 level40)
  S:(sum level30 level11 level41)
  S:(sum level30 level12 level42)
  S:(sum level30 level13 level43)
  S:(sum level30 level14 level44)
  S:(sum level30 level15 level45)
  S:(sum level30 level16 level46)
  S:(sum level30 level17 level47)
  S:(sum level30 level18 level48)
  S:(sum level30 level19 level49)
  S:(sum level30 level20 level50)
  S:(sum level31 level0 level31)
  S:(sum level31 level1 level32)
  S:(sum level31 level2 level33)
  S:(sum level31 level3 level34)
  S:(sum level31 level4 level35)
  S:(sum level31 level5 level36)
  S:(sum level31 level6 level37)
  S:(sum level31 level7 level38)
  S:(sum level31 level8 level39)
  S:(sum level31 level9 level40)
  S:(sum level31 level10 level41)
  S:(sum level31 level11 level42)
  S:(sum level31 level12 level43)
  S:(sum level31 level13 level44)
  S:(sum level31 level14 level45)
  S:(sum level31 level15 level46)
  S:(sum level31 level16 level47)
  S:(sum level31 level17 level48)
  S:(sum level31 level18 level49)
  S:(sum level31 level19 level50)
  S:(sum level32 level0 level32)
  S:(sum level32 level1 level33)
  S:(sum level32 level2 level34)
  S:(sum level32 level3 level35)
  S:(sum level32 level4 level36)
  S:(sum level32 level5 level37)
  S:(sum level32 level6 level38)
  S:(sum level32 level7 level39)
  S:(sum level32 level8 level40)
  S:(sum level32 level9 level41)
  S:(sum level32 level10 level42)
  S:(sum level32 level11 level43)
  S:(sum level32 level12 level44)
  S:(sum level32 level13 level45)
  S:(sum level32 level14 level46)
  S:(sum level32 level15 level47)
  S:(sum level32 level16 level48)
  S:(sum level32 level17 level49)
  S:(sum level32 level18 level50)
  S:(sum level33 level0 level33)
  S:(sum level33 level1 level34)
  S:(sum level33 level2 level35)
  S:(sum level33 level3 level36)
  S:(sum level33 level4 level37)
  S:(sum level33 level5 level38)
  S:(sum level33 level6 level39)
  S:(sum level33 level7 level40)
  S:(sum level33 level8 level41)
  S:(sum level33 level9 level42)
  S:(sum level33 level10 level43)
  S:(sum level33 level11 level44)
  S:(sum level33 level12 level45)
  S:(sum level33 level13 level46)
  S:(sum level33 level14 level47)
  S:(sum level33 level15 level48)
  S:(sum level33 level16 level49)
  S:(sum level33 level17 level50)
  S:(sum level34 level0 level34)
  S:(sum level34 level1 level35)
  S:(sum level34 level2 level36)
  S:(sum level34 level3 level37)
  S:(sum level34 level4 level38)
  S:(sum level34 level5 level39)
  S:(sum level34 level6 level40)
  S:(sum level34 level7 level41)
  S:(sum level34 level8 level42)
  S:(sum level34 level9 level43)
  S:(sum level34 level10 level44)
  S:(sum level34 level11 level45)
  S:(sum level34 level12 level46)
  S:(sum level34 level13 level47)
  S:(sum level34 level14 level48)
  S:(sum level34 level15 level49)
  S:(sum level34 level16 level50)
  S:(sum level35 level0 level35)
  S:(sum level35 level1 level36)
  S:(sum level35 level2 level37)
  S:(sum level35 level3 level38)
  S:(sum level35 level4 level39)
  S:(sum level35 level5 level40)
  S:(sum level35 level6 level41)
  S:(sum level35 level7 level42)
  S:(sum level35 level8 level43)
  S:(sum level35 level9 level44)
  S:(sum level35 level10 level45)
  S:(sum level35 level11 level46)
  S:(sum level35 level12 level47)
  S:(sum level35 level13 level48)
  S:(sum level35 level14 level49)
  S:(sum level35 level15 level50)
  S:(sum level36 level0 level36)
  S:(sum level36 level1 level37)
  S:(sum level36 level2 level38)
  S:(sum level36 level3 level39)
  S:(sum level36 level4 level40)
  S:(sum level36 level5 level41)
  S:(sum level36 level6 level42)
  S:(sum level36 level7 level43)
  S:(sum level36 level8 level44)
  S:(sum level36 level9 level45)
  S:(sum level36 level10 level46)
  S:(sum level36 level11 level47)
  S:(sum level36 level12 level48)
  S:(sum level36 level13 level49)
  S:(sum level36 level14 level50)
  S:(sum level37 level0 level37)
  S:(sum level37 level1 level38)
  S:(sum level37 level2 level39)
  S:(sum level37 level3 level40)
  S:(sum level37 level4 level41)
  S:(sum level37 level5 level42)
  S:(sum level37 level6 level43)
  S:(sum level37 level7 level44)
  S:(sum level37 level8 level45)
  S:(sum level37 level9 level46)
  S:(sum level37 level10 level47)
  S:(sum level37 level11 level48)
  S:(sum level37 level12 level49)
  S:(sum level37 level13 level50)
  S:(sum level38 level0 level38)
  S:(sum level38 level1 level39)
  S:(sum level38 level2 level40)
  S:(sum level38 level3 level41)
  S:(sum level38 level4 level42)
  S:(sum level38 level5 level43)
  S:(sum level38 level6 level44)
  S:(sum level38 level7 level45)
  S:(sum level38 level8 level46)
  S:(sum level38 level9 level47)
  S:(sum level38 level10 level48)
  S:(sum level38 level11 level49)
  S:(sum level38 level12 level50)
  S:(sum level39 level0 level39)
  S:(sum level39 level1 level40)
  S:(sum level39 level2 level41)
  S:(sum level39 level3 level42)
  S:(sum level39 level4 level43)
  S:(sum level39 level5 level44)
  S:(sum level39 level6 level45)
  S:(sum level39 level7 level46)
  S:(sum level39 level8 level47)
  S:(sum level39 level9 level48)
  S:(sum level39 level10 level49)
  S:(sum level39 level11 level50)
  S:(sum level40 level0 level40)
  S:(sum level40 level1 level41)
  S:(sum level40 level2 level42)
  S:(sum level40 level3 level43)
  S:(sum level40 level4 level44)
  S:(sum level40 level5 level45)
  S:(sum level40 level6 level46)
  S:(sum level40 level7 level47)
  S:(sum level40 level8 level48)
  S:(sum level40 level9 level49)
  S:(sum level40 level10 level50)
  S:(sum level41 level0 level41)
  S:(sum level41 level1 level42)
  S:(sum level41 level2 level43)
  S:(sum level41 level3 level44)
  S:(sum level41 level4 level45)
  S:(sum level41 level5 level46)
  S:(sum level41 level6 level47)
  S:(sum level41 level7 level48)
  S:(sum level41 level8 level49)
  S:(sum level41 level9 level50)
  S:(sum level42 level0 level42)
  S:(sum level42 level1 level43)
  S:(sum level42 level2 level44)
  S:(sum level42 level3 level45)
  S:(sum level42 level4 level46)
  S:(sum level42 level5 level47)
  S:(sum level42 level6 level48)
  S:(sum level42 level7 level49)
  S:(sum level42 level8 level50)
  S:(sum level43 level0 level43)
  S:(sum level43 level1 level44)
  S:(sum level43 level2 level45)
  S:(sum level43 level3 level46)
  S:(sum level43 level4 level47)
  S:(sum level43 level5 level48)
  S:(sum level43 level6 level49)
  S:(sum level43 level7 level50)
  S:(sum level44 level0 level44)
  S:(sum level44 level1 level45)
  S:(sum level44 level2 level46)
  S:(sum level44 level3 level47)
  S:(sum level44 level4 level48)
  S:(sum level44 level5 level49)
  S:(sum level44 level6 level50)
  S:(sum level45 level0 level45)
  S:(sum level45 level1 level46)
  S:(sum level45 level2 level47)
  S:(sum level45 level3 level48)
  S:(sum level45 level4 level49)
  S:(sum level45 level5 level50)
  S:(sum level46 level0 level46)
  S:(sum level46 level1 level47)
  S:(sum level46 level2 level48)
  S:(sum level46 level3 level49)
  S:(sum level46 level4 level50)
  S:(sum level47 level0 level47)
  S:(sum level47 level1 level48)
  S:(sum level47 level2 level49)
  S:(sum level47 level3 level50)
  S:(sum level48 level0 level48)
  S:(sum level48 level1 level49)
  S:(sum level48 level2 level50)
  S:(sum level49 level0 level49)
  S:(sum level49 level1 level50)
  S:(sum level50 level0 level50)
  (at rover0 waypoint7)
  (empty rover0store)
  (available rover0)
  (at_soil_sample waypoint3)
  (at_soil_sample waypoint4)
  (at_soil_sample waypoint6)
  (at_soil_sample waypoint7)
  (at_rock_sample waypoint5)
  (at_rock_sample waypoint7)
  (at_rock_sample waypoint8)
  (at_rock_sample waypoint9)
  (channel_free general)
  (energy rover0 level50)
Init[0]:
Goal: (and (RW:communicated_soil_data waypoint3) (RW:communicated_soil_data waypoint4) (RW:communicated_soil_data waypoint6) (RW:communicated_soil_data waypoint7) (RW:communicated_rock_data waypoint5) (RW:communicated_rock_data waypoint7) (RW:communicated_rock_data waypoint8) (RW:communicated_rock_data waypoint9) (RW:communicated_image_data objective2 colour) (RW:communicated_image_data objective4 colour))
Metric: no-metric
