step 0: state 26 applicable 13
    state: (clear tile_0-2) (clear tile_0-3) (clear tile_0-4) (clear tile_1-1) (clear tile_1-2) (clear tile_1-4) (clear tile_2-1) (clear tile_2-2) (clear tile_2-3) (clear tile_2-4) (clear tile_3-1) (clear tile_3-2) (clear tile_3-3) (clear tile_3-4) (clear tile_4-1) (clear tile_4-2) (clear tile_4-3) (clear tile_4-4) (clear tile_5-1) (clear tile_5-2) (clear tile_5-3) (clear tile_5-4) (robot-at robot1 tile_0-1) (robot-at robot2 tile_1-3) (robot-has robot1 white) (robot-has robot2 black)
change-color robot1 white black :: cost: 5
    add: (robot-has robot1 black)
    del: (robot-has robot1 white)
change-color robot1 white white :: cost: 5 [successor]
    add:
    del:
change-color robot2 black black :: cost: 5
    add:
    del:
step 1: state 26 applicable 13
    state: (clear tile_0-2) (clear tile_0-3) (clear tile_0-4) (clear tile_1-1) (clear tile_1-2) (clear tile_1-4) (clear tile_2-1) (clear tile_2-2) (clear tile_2-3) (clear tile_2-4) (clear tile_3-1) (clear tile_3-2) (clear tile_3-3) (clear tile_3-4) (clear tile_4-1) (clear tile_4-2) (clear tile_4-3) (clear tile_4-4) (clear tile_5-1) (clear tile_5-2) (clear tile_5-3) (clear tile_5-4) (robot-at robot1 tile_0-1) (robot-at robot2 tile_1-3) (robot-has robot1 white) (robot-has robot2 black)
change-color robot1 white black :: cost: 5 [successor]
    add: (robot-has robot1 black)
    del: (robot-has robot1 white)
change-color robot1 white white :: cost: 5
    add:
    del:
change-color robot2 black black :: cost: 5
    add:
    del:
step 2: state 26 applicable 13
    state: (clear tile_0-2) (clear tile_0-3) (clear tile_0-4) (clear tile_1-1) (clear tile_1-2) (clear tile_1-4) (clear tile_2-1) (clear tile_2-2) (clear tile_2-3) (clear tile_2-4) (clear tile_3-1) (clear tile_3-2) (clear tile_3-3) (clear tile_3-4) (clear tile_4-1) (clear tile_4-2) (clear tile_4-3) (clear tile_4-4) (clear tile_5-1) (clear tile_5-2) (clear tile_5-3) (clear tile_5-4) (robot-at robot1 tile_0-1) (robot-at robot2 tile_1-3) (robot-has robot1 black) (robot-has robot2 black)
change-color robot1 black black :: cost: 5
    add:
    del:
change-color robot1 black white :: cost: 5
    add: (robot-has robot1 white)
    del: (robot-has robot1 black)
change-color robot2 black black :: cost: 5
    add:
    del:
    successor: change-color robot2 black white
step 3: state 26 applicable 13
    state: (clear tile_0-2) (clear tile_0-3) (clear tile_0-4) (clear tile_1-1) (clear tile_1-2) (clear tile_1-4) (clear tile_2-1) (clear tile_2-2) (clear tile_2-3) (clear tile_2-4) (clear tile_3-1) (clear tile_3-2) (clear tile_3-3) (clear tile_3-4) (clear tile_4-1) (clear tile_4-2) (clear tile_4-3) (clear tile_4-4) (clear tile_5-1) (clear tile_5-2) (clear tile_5-3) (clear tile_5-4) (robot-at robot1 tile_0-1) (robot-at robot2 tile_1-3) (robot-has robot1 black) (robot-has robot2 white)
change-color robot1 black black :: cost: 5
    add:
    del:
change-color robot1 black white :: cost: 5
    add: (robot-has robot1 white)
    del: (robot-has robot1 black)
change-color robot2 white black :: cost: 5 [successor]
    add: (robot-has robot2 black)
    del: (robot-has robot2 white)
step 4: state 26 applicable 13
    state: (clear tile_0-2) (clear tile_0-3) (clear tile_0-4) (clear tile_1-1) (clear tile_1-2) (clear tile_1-4) (clear tile_2-1) (clear tile_2-2) (clear tile_2-3) (clear tile_2-4) (clear tile_3-1) (clear tile_3-2) (clear tile_3-3) (clear tile_3-4) (clear tile_4-1) (clear tile_4-2) (clear tile_4-3) (clear tile_4-4) (clear tile_5-1) (clear tile_5-2) (clear tile_5-3) (clear tile_5-4) (robot-at robot1 tile_0-1) (robot-at robot2 tile_1-3) (robot-has robot1 black) (robot-has robot2 black)
change-color robot1 black black :: cost: 5
    add:
    del:
change-color robot1 black white :: cost: 5
    add: (robot-has robot1 white)
    del: (robot-has robot1 black)
change-color robot2 black black :: cost: 5
    add:
    del:
    successor: paint-up robot1 tile_1-1 tile_0-1 black
ground atoms: 42 groundings: 20
