Fact[60]:
  (NOT-served p0 0-0-0)
  (served p0 0-1-1)
  (NOT-served p1 1-0-2)
  (served p1 1-1-3)
  (NOT-served p2 2-0-4)
  (served p2 2-1-5)
  (NOT-served p3 3-0-6)
  (served p3 3-1-7)
  (NOT-served p4 4-0-8)
  (served p4 4-1-9)
  (NOT-served p5 5-0-10)
  (served p5 5-1-11)
  (NOT-served p6 6-0-12)
  (served p6 6-1-13)
  (NOT-served p7 7-0-14)
  (served p7 7-1-15)
  (NOT-served p8 8-0-16)
  (served p8 8-1-17)
  (NOT-served p9 9-0-18)
  (served p9 9-1-19)
  (lift-at f0 10-0-20)
  (lift-at f1 10-1-21)
  (lift-at f10 10-2-22)
  (lift-at f11 10-3-23)
  (lift-at f12 10-4-24)
  (lift-at f13 10-5-25)
  (lift-at f14 10-6-26)
  (lift-at f15 10-7-27)
  (lift-at f16 10-8-28)
  (lift-at f17 10-9-29)
  (lift-at f18 10-10-30)
  (lift-at f19 10-11-31)
  (lift-at f2 10-12-32)
  (lift-at f3 10-13-33)
  (lift-at f4 10-14-34)
  (lift-at f5 10-15-35)
  (lift-at f6 10-16-36)
  (lift-at f7 10-17-37)
  (lift-at f8 10-18-38)
  (lift-at f9 10-19-39)
  (NOT-boarded p0 11-0-40)
  (boarded p0 11-1-41)
  (NOT-boarded p1 12-0-42)
  (boarded p1 12-1-43)
  (NOT-boarded p2 13-0-44)
  (boarded p2 13-1-45)
  (NOT-boarded p3 14-0-46)
  (boarded p3 14-1-47)
  (NOT-boarded p7 15-0-48)
  (boarded p7 15-1-49)
  (NOT-boarded p8 16-0-50)
  (boarded p8 16-1-51)
  (boarded p4 17-0-52)
  (none-of-those 17-1-53)
  (boarded p5 18-0-54)
  (none-of-those 18-1-55)
  (boarded p6 19-0-56)
  (none-of-those 19-1-57)
  (boarded p9 20-0-58)
  (none-of-those 20-1-59)
Op[404]:
  (down f1 f0), cost: 1
    pre: (lift-at f1 10-1-21)
    add: (lift-at f0 10-0-20)
    del: (lift-at f1 10-1-21)
  (down f10 f0), cost: 1
    pre: (lift-at f10 10-2-22)
    add: (lift-at f0 10-0-20)
    del: (lift-at f10 10-2-22)
  (down f10 f1), cost: 1
    pre: (lift-at f10 10-2-22)
    add: (lift-at f1 10-1-21)
    del: (lift-at f10 10-2-22)
  (down f10 f2), cost: 1
    pre: (lift-at f10 10-2-22)
    add: (lift-at f2 10-12-32)
    del: (lift-at f10 10-2-22)
  (down f10 f3), cost: 1
    pre: (lift-at f10 10-2-22)
    add: (lift-at f3 10-13-33)
    del: (lift-at f10 10-2-22)
  (down f10 f4), cost: 1
    pre: (lift-at f10 10-2-22)
    add: (lift-at f4 10-14-34)
    del: (lift-at f10 10-2-22)
  (down f10 f5), cost: 1
    pre: (lift-at f10 10-2-22)
    add: (lift-at f5 10-15-35)
    del: (lift-at f10 10-2-22)
  (down f10 f6), cost: 1
    pre: (lift-at f10 10-2-22)
    add: (lift-at f6 10-16-36)
    del: (lift-at f10 10-2-22)
  (down f10 f7), cost: 1
    pre: (lift-at f10 10-2-22)
    add: (lift-at f7 10-17-37)
    del: (lift-at f10 10-2-22)
  (down f10 f8), cost: 1
    pre: (lift-at f10 10-2-22)
    add: (lift-at f8 10-18-38)
    del: (lift-at f10 10-2-22)
  (down f10 f9), cost: 1
    pre: (lift-at f10 10-2-22)
    add: (lift-at f9 10-19-39)
    del: (lift-at f10 10-2-22)
  (down f11 f0), cost: 1
    pre: (lift-at f11 10-3-23)
    add: (lift-at f0 10-0-20)
    del: (lift-at f11 10-3-23)
  (down f11 f1), cost: 1
    pre: (lift-at f11 10-3-23)
    add: (lift-at f1 10-1-21)
    del: (lift-at f11 10-3-23)
  (down f11 f10), cost: 1
    pre: (lift-at f11 10-3-23)
    add: (lift-at f10 10-2-22)
    del: (lift-at f11 10-3-23)
  (down f11 f2), cost: 1
    pre: (lift-at f11 10-3-23)
    add: (lift-at f2 10-12-32)
    del: (lift-at f11 10-3-23)
  (down f11 f3), cost: 1
    pre: (lift-at f11 10-3-23)
    add: (lift-at f3 10-13-33)
    del: (lift-at f11 10-3-23)
  (down f11 f4), cost: 1
    pre: (lift-at f11 10-3-23)
    add: (lift-at f4 10-14-34)
    del: (lift-at f11 10-3-23)
  (down f11 f5), cost: 1
    pre: (lift-at f11 10-3-23)
    add: (lift-at f5 10-15-35)
    del: (lift-at f11 10-3-23)
  (down f11 f6), cost: 1
    pre: (lift-at f11 10-3-23)
    add: (lift-at f6 10-16-36)
    del: (lift-at f11 10-3-23)
  (down f11 f7), cost: 1
    pre: (lift-at f11 10-3-23)
    add: (lift-at f7 10-17-37)
    del: (lift-at f11 10-3-23)
  (down f11 f8), cost: 1
    pre: (lift-at f11 10-3-23)
    add: (lift-at f8 10-18-38)
    del: (lift-at f11 10-3-23)
  (down f11 f9), cost: 1
    pre: (lift-at f11 10-3-23)
    add: (lift-at f9 10-19-39)
    del: (lift-at f11 10-3-23)
  (down f12 f0), cost: 1
    pre: (lift-at f12 10-4-24)
    add: (lift-at f0 10-0-20)
    del: (lift-at f12 10-4-24)
  (down f12 f1), cost: 1
    pre: (lift-at f12 10-4-24)
    add: (lift-at f1 10-1-21)
    del: (lift-at f12 10-4-24)
  (down f12 f10), cost: 1
    pre: (lift-at f12 10-4-24)
    add: (lift-at f10 10-2-22)
    del: (lift-at f12 10-4-24)
  (down f12 f11), cost: 1
    pre: (lift-at f12 10-4-24)
    add: (lift-at f11 10-3-23)
    del: (lift-at f12 10-4-24)
  (down f12 f2), cost: 1
    pre: (lift-at f12 10-4-24)
    add: (lift-at f2 10-12-32)
    del: (lift-at f12 10-4-24)
  (down f12 f3), cost: 1
    pre: (lift-at f12 10-4-24)
    add: (lift-at f3 10-13-33)
    del: (lift-at f12 10-4-24)
  (down f12 f4), cost: 1
    pre: (lift-at f12 10-4-24)
    add: (lift-at f4 10-14-34)
    del: (lift-at f12 10-4-24)
  (down f12 f5), cost: 1
    pre: (lift-at f12 10-4-24)
    add: (lift-at f5 10-15-35)
    del: (lift-at f12 10-4-24)
  (down f12 f6), cost: 1
    pre: (lift-at f12 10-4-24)
    add: (lift-at f6 10-16-36)
    del: (lift-at f12 10-4-24)
  (down f12 f7), cost: 1
    pre: (lift-at f12 10-4-24)
    add: (lift-at f7 10-17-37)
    del: (lift-at f12 10-4-24)
  (down f12 f8), cost: 1
    pre: (lift-at f12 10-4-24)
    add: (lift-at f8 10-18-38)
    del: (lift-at f12 10-4-24)
  (down f12 f9), cost: 1
    pre: (lift-at f12 10-4-24)
    add: (lift-at f9 10-19-39)
    del: (lift-at f12 10-4-24)
  (down f13 f0), cost: 1
    pre: (lift-at f13 10-5-25)
    add: (lift-at f0 10-0-20)
    del: (lift-at f13 10-5-25)
  (down f13 f1), cost: 1
    pre: (lift-at f13 10-5-25)
    add: (lift-at f1 10-1-21)
    del: (lift-at f13 10-5-25)
  (down f13 f10), cost: 1
    pre: (lift-at f13 10-5-25)
    add: (lift-at f10 10-2-22)
    del: (lift-at f13 10-5-25)
  (down f13 f11), cost: 1
    pre: (lift-at f13 10-5-25)
    add: (lift-at f11 10-3-23)
    del: (lift-at f13 10-5-25)
  (down f13 f12), cost: 1
    pre: (lift-at f13 10-5-25)
    add: (lift-at f12 10-4-24)
    del: (lift-at f13 10-5-25)
  (down f13 f2), cost: 1
    pre: (lift-at f13 10-5-25)
    add: (lift-at f2 10-12-32)
    del: (lift-at f13 10-5-25)
  (down f13 f3), cost: 1
    pre: (lift-at f13 10-5-25)
    add: (lift-at f3 10-13-33)
    del: (lift-at f13 10-5-25)
  (down f13 f4), cost: 1
    pre: (lift-at f13 10-5-25)
    add: (lift-at f4 10-14-34)
    del: (lift-at f13 10-5-25)
  (down f13 f5), cost: 1
    pre: (lift-at f13 10-5-25)
    add: (lift-at f5 10-15-35)
    del: (lift-at f13 10-5-25)
  (down f13 f6), cost: 1
    pre: (lift-at f13 10-5-25)
    add: (lift-at f6 10-16-36)
    del: (lift-at f13 10-5-25)
  (down f13 f7), cost: 1
    pre: (lift-at f13 10-5-25)
    add: (lift-at f7 10-17-37)
    del: (lift-at f13 10-5-25)
  (down f13 f8), cost: 1
    pre: (lift-at f13 10-5-25)
    add: (lift-at f8 10-18-38)
    del: (lift-at f13 10-5-25)
  (down f13 f9), cost: 1
    pre: (lift-at f13 10-5-25)
    add: (lift-at f9 10-19-39)
    del: (lift-at f13 10-5-25)
  (down f14 f0), cost: 1
    pre: (lift-at f14 10-6-26)
    add: (lift-at f0 10-0-20)
    del: (lift-at f14 10-6-26)
  (down f14 f1), cost: 1
    pre: (lift-at f14 10-6-26)
    add: (lift-at f1 10-1-21)
    del: (lift-at f14 10-6-26)
  (down f14 f10), cost: 1
    pre: (lift-at f14 10-6-26)
    add: (lift-at f10 10-2-22)
    del: (lift-at f14 10-6-26)
  (down f14 f11), cost: 1
    pre: (lift-at f14 10-6-26)
    add: (lift-at f11 10-3-23)
    del: (lift-at f14 10-6-26)
  (down f14 f12), cost: 1
    pre: (lift-at f14 10-6-26)
    add: (lift-at f12 10-4-24)
    del: (lift-at f14 10-6-26)
  (down f14 f13), cost: 1
    pre: (lift-at f14 10-6-26)
    add: (lift-at f13 10-5-25)
    del: (lift-at f14 10-6-26)
  (down f14 f2), cost: 1
    pre: (lift-at f14 10-6-26)
    add: (lift-at f2 10-12-32)
    del: (lift-at f14 10-6-26)
  (down f14 f3), cost: 1
    pre: (lift-at f14 10-6-26)
    add: (lift-at f3 10-13-33)
    del: (lift-at f14 10-6-26)
  (down f14 f4), cost: 1
    pre: (lift-at f14 10-6-26)
    add: (lift-at f4 10-14-34)
    del: (lift-at f14 10-6-26)
  (down f14 f5), cost: 1
    pre: (lift-at f14 10-6-26)
    add: (lift-at f5 10-15-35)
    del: (lift-at f14 10-6-26)
  (down f14 f6), cost: 1
    pre: (lift-at f14 10-6-26)
    add: (lift-at f6 10-16-36)
    del: (lift-at f14 10-6-26)
  (down f14 f7), cost: 1
    pre: (lift-at f14 10-6-26)
    add: (lift-at f7 10-17-37)
    del: (lift-at f14 10-6-26)
  (down f14 f8), cost: 1
    pre: (lift-at f14 10-6-26)
    add: (lift-at f8 10-18-38)
    del: (lift-at f14 10-6-26)
  (down f14 f9), cost: 1
    pre: (lift-at f14 10-6-26)
    add: (lift-at f9 10-19-39)
    del: (lift-at f14 10-6-26)
  (down f15 f0), cost: 1
    pre: (lift-at f15 10-7-27)
    add: (lift-at f0 10-0-20)
    del: (lift-at f15 10-7-27)
  (down f15 f1), cost: 1
    pre: (lift-at f15 10-7-27)
    add: (lift-at f1 10-1-21)
    del: (lift-at f15 10-7-27)
  (down f15 f10), cost: 1
    pre: (lift-at f15 10-7-27)
    add: (lift-at f10 10-2-22)
    del: (lift-at f15 10-7-27)
  (down f15 f11), cost: 1
    pre: (lift-at f15 10-7-27)
    add: (lift-at f11 10-3-23)
    del: (lift-at f15 10-7-27)
  (down f15 f12), cost: 1
    pre: (lift-at f15 10-7-27)
    add: (lift-at f12 10-4-24)
    del: (lift-at f15 10-7-27)
  (down f15 f13), cost: 1
    pre: (lift-at f15 10-7-27)
    add: (lift-at f13 10-5-25)
    del: (lift-at f15 10-7-27)
  (down f15 f14), cost: 1
    pre: (lift-at f15 10-7-27)
    add: (lift-at f14 10-6-26)
    del: (lift-at f15 10-7-27)
  (down f15 f2), cost: 1
    pre: (lift-at f15 10-7-27)
    add: (lift-at f2 10-12-32)
    del: (lift-at f15 10-7-27)
  (down f15 f3), cost: 1
    pre: (lift-at f15 10-7-27)
    add: (lift-at f3 10-13-33)
    del: (lift-at f15 10-7-27)
  (down f15 f4), cost: 1
    pre: (lift-at f15 10-7-27)
    add: (lift-at f4 10-14-34)
    del: (lift-at f15 10-7-27)
  (down f15 f5), cost: 1
    pre: (lift-at f15 10-7-27)
    add: (lift-at f5 10-15-35)
    del: (lift-at f15 10-7-27)
  (down f15 f6), cost: 1
    pre: (lift-at f15 10-7-27)
    add: (lift-at f6 10-16-36)
    del: (lift-at f15 10-7-27)
  (down f15 f7), cost: 1
    pre: (lift-at f15 10-7-27)
    add: (lift-at f7 10-17-37)
    del: (lift-at f15 10-7-27)
  (down f15 f8), cost: 1
    pre: (lift-at f15 10-7-27)
    add: (lift-at f8 10-18-38)
    del: (lift-at f15 10-7-27)
  (down f15 f9), cost: 1
    pre: (lift-at f15 10-7-27)
    add: (lift-at f9 10-19-39)
    del: (lift-at f15 10-7-27)
  (down f16 f0), cost: 1
    pre: (lift-at f16 10-8-28)
    add: (lift-at f0 10-0-20)
    del: (lift-at f16 10-8-28)
  (down f16 f1), cost: 1
    pre: (lift-at f16 10-8-28)
    add: (lift-at f1 10-1-21)
    del: (lift-at f16 10-8-28)
  (down f16 f10), cost: 1
    pre: (lift-at f16 10-8-28)
    add: (lift-at f10 10-2-22)
    del: (lift-at f16 10-8-28)
  (down f16 f11), cost: 1
    pre: (lift-at f16 10-8-28)
    add: (lift-at f11 10-3-23)
    del: (lift-at f16 10-8-28)
  (down f16 f12), cost: 1
    pre: (lift-at f16 10-8-28)
    add: (lift-at f12 10-4-24)
    del: (lift-at f16 10-8-28)
  (down f16 f13), cost: 1
    pre: (lift-at f16 10-8-28)
    add: (lift-at f13 10-5-25)
    del: (lift-at f16 10-8-28)
  (down f16 f14), cost: 1
    pre: (lift-at f16 10-8-28)
    add: (lift-at f14 10-6-26)
    del: (lift-at f16 10-8-28)
  (down f16 f15), cost: 1
    pre: (lift-at f16 10-8-28)
    add: (lift-at f15 10-7-27)
    del: (lift-at f16 10-8-28)
  (down f16 f2), cost: 1
    pre: (lift-at f16 10-8-28)
    add: (lift-at f2 10-12-32)
    del: (lift-at f16 10-8-28)
  (down f16 f3), cost: 1
    pre: (lift-at f16 10-8-28)
    add: (lift-at f3 10-13-33)
    del: (lift-at f16 10-8-28)
  (down f16 f4), cost: 1
    pre: (lift-at f16 10-8-28)
    add: (lift-at f4 10-14-34)
    del: (lift-at f16 10-8-28)
  (down f16 f5), cost: 1
    pre: (lift-at f16 10-8-28)
    add: (lift-at f5 10-15-35)
    del: (lift-at f16 10-8-28)
  (down f16 f6), cost: 1
    pre: (lift-at f16 10-8-28)
    add: (lift-at f6 10-16-36)
    del: (lift-at f16 10-8-28)
  (down f16 f7), cost: 1
    pre: (lift-at f16 10-8-28)
    add: (lift-at f7 10-17-37)
    del: (lift-at f16 10-8-28)
  (down f16 f8), cost: 1
    pre: (lift-at f16 10-8-28)
    add: (lift-at f8 10-18-38)
    del: (lift-at f16 10-8-28)
  (down f16 f9), cost: 1
    pre: (lift-at f16 10-8-28)
    add: (lift-at f9 10-19-39)
    del: (lift-at f16 10-8-28)
  (down f17 f0), cost: 1
    pre: (lift-at f17 10-9-29)
    add: (lift-at f0 10-0-20)
    del: (lift-at f17 10-9-29)
  (down f17 f1), cost: 1
    pre: (lift-at f17 10-9-29)
    add: (lift-at f1 10-1-21)
    del: (lift-at f17 10-9-29)
  (down f17 f10), cost: 1
    pre: (lift-at f17 10-9-29)
    add: (lift-at f10 10-2-22)
    del: (lift-at f17 10-9-29)
  (down f17 f11), cost: 1
    pre: (lift-at f17 10-9-29)
    add: (lift-at f11 10-3-23)
    del: (lift-at f17 10-9-29)
  (down f17 f12), cost: 1
    pre: (lift-at f17 10-9-29)
    add: (lift-at f12 10-4-24)
    del: (lift-at f17 10-9-29)
  (down f17 f13), cost: 1
    pre: (lift-at f17 10-9-29)
    add: (lift-at f13 10-5-25)
    del: (lift-at f17 10-9-29)
  (down f17 f14), cost: 1
    pre: (lift-at f17 10-9-29)
    add: (lift-at f14 10-6-26)
    del: (lift-at f17 10-9-29)
  (down f17 f15), cost: 1
    pre: (lift-at f17 10-9-29)
    add: (lift-at f15 10-7-27)
    del: (lift-at f17 10-9-29)
  (down f17 f16), cost: 1
    pre: (lift-at f17 10-9-29)
    add: (lift-at f16 10-8-28)
    del: (lift-at f17 10-9-29)
  (down f17 f2), cost: 1
    pre: (lift-at f17 10-9-29)
    add: (lift-at f2 10-12-32)
    del: (lift-at f17 10-9-29)
  (down f17 f3), cost: 1
    pre: (lift-at f17 10-9-29)
    add: (lift-at f3 10-13-33)
    del: (lift-at f17 10-9-29)
  (down f17 f4), cost: 1
    pre: (lift-at f17 10-9-29)
    add: (lift-at f4 10-14-34)
    del: (lift-at f17 10-9-29)
  (down f17 f5), cost: 1
    pre: (lift-at f17 10-9-29)
    add: (lift-at f5 10-15-35)
    del: (lift-at f17 10-9-29)
  (down f17 f6), cost: 1
    pre: (lift-at f17 10-9-29)
    add: (lift-at f6 10-16-36)
    del: (lift-at f17 10-9-29)
  (down f17 f7), cost: 1
    pre: (lift-at f17 10-9-29)
    add: (lift-at f7 10-17-37)
    del: (lift-at f17 10-9-29)
  (down f17 f8), cost: 1
    pre: (lift-at f17 10-9-29)
    add: (lift-at f8 10-18-38)
    del: (lift-at f17 10-9-29)
  (down f17 f9), cost: 1
    pre: (lift-at f17 10-9-29)
    add: (lift-at f9 10-19-39)
    del: (lift-at f17 10-9-29)
  (down f18 f0), cost: 1
    pre: (lift-at f18 10-10-30)
    add: (lift-at f0 10-0-20)
    del: (lift-at f18 10-10-30)
  (down f18 f1), cost: 1
    pre: (lift-at f18 10-10-30)
    add: (lift-at f1 10-1-21)
    del: (lift-at f18 10-10-30)
  (down f18 f10), cost: 1
    pre: (lift-at f18 10-10-30)
    add: (lift-at f10 10-2-22)
    del: (lift-at f18 10-10-30)
  (down f18 f11), cost: 1
    pre: (lift-at f18 10-10-30)
    add: (lift-at f11 10-3-23)
    del: (lift-at f18 10-10-30)
  (down f18 f12), cost: 1
    pre: (lift-at f18 10-10-30)
    add: (lift-at f12 10-4-24)
    del: (lift-at f18 10-10-30)
  (down f18 f13), cost: 1
    pre: (lift-at f18 10-10-30)
    add: (lift-at f13 10-5-25)
    del: (lift-at f18 10-10-30)
  (down f18 f14), cost: 1
    pre: (lift-at f18 10-10-30)
    add: (lift-at f14 10-6-26)
    del: (lift-at f18 10-10-30)
  (down f18 f15), cost: 1
    pre: (lift-at f18 10-10-30)
    add: (lift-at f15 10-7-27)
    del: (lift-at f18 10-10-30)
  (down f18 f16), cost: 1
    pre: (lift-at f18 10-10-30)
    add: (lift-at f16 10-8-28)
    del: (lift-at f18 10-10-30)
  (down f18 f17), cost: 1
    pre: (lift-at f18 10-10-30)
    add: (lift-at f17 10-9-29)
    del: (lift-at f18 10-10-30)
  (down f18 f2), cost: 1
    pre: (lift-at f18 10-10-30)
    add: (lift-at f2 10-12-32)
    del: (lift-at f18 10-10-30)
  (down f18 f3), cost: 1
    pre: (lift-at f18 10-10-30)
    add: (lift-at f3 10-13-33)
    del: (lift-at f18 10-10-30)
  (down f18 f4), cost: 1
    pre: (lift-at f18 10-10-30)
    add: (lift-at f4 10-14-34)
    del: (lift-at f18 10-10-30)
  (down f18 f5), cost: 1
    pre: (lift-at f18 10-10-30)
    add: (lift-at f5 10-15-35)
    del: (lift-at f18 10-10-30)
  (down f18 f6), cost: 1
    pre: (lift-at f18 10-10-30)
    add: (lift-at f6 10-16-36)
    del: (lift-at f18 10-10-30)
  (down f18 f7), cost: 1
    pre: (lift-at f18 10-10-30)
    add: (lift-at f7 10-17-37)
    del: (lift-at f18 10-10-30)
  (down f18 f8), cost: 1
    pre: (lift-at f18 10-10-30)
    add: (lift-at f8 10-18-38)
    del: (lift-at f18 10-10-30)
  (down f18 f9), cost: 1
    pre: (lift-at f18 10-10-30)
    add: (lift-at f9 10-19-39)
    del: (lift-at f18 10-10-30)
  (down f19 f0), cost: 1
    pre: (lift-at f19 10-11-31)
    add: (lift-at f0 10-0-20)
    del: (lift-at f19 10-11-31)
  (down f19 f1), cost: 1
    pre: (lift-at f19 10-11-31)
    add: (lift-at f1 10-1-21)
    del: (lift-at f19 10-11-31)
  (down f19 f10), cost: 1
    pre: (lift-at f19 10-11-31)
    add: (lift-at f10 10-2-22)
    del: (lift-at f19 10-11-31)
  (down f19 f11), cost: 1
    pre: (lift-at f19 10-11-31)
    add: (lift-at f11 10-3-23)
    del: (lift-at f19 10-11-31)
  (down f19 f12), cost: 1
    pre: (lift-at f19 10-11-31)
    add: (lift-at f12 10-4-24)
    del: (lift-at f19 10-11-31)
  (down f19 f13), cost: 1
    pre: (lift-at f19 10-11-31)
    add: (lift-at f13 10-5-25)
    del: (lift-at f19 10-11-31)
  (down f19 f14), cost: 1
    pre: (lift-at f19 10-11-31)
    add: (lift-at f14 10-6-26)
    del: (lift-at f19 10-11-31)
  (down f19 f15), cost: 1
    pre: (lift-at f19 10-11-31)
    add: (lift-at f15 10-7-27)
    del: (lift-at f19 10-11-31)
  (down f19 f16), cost: 1
    pre: (lift-at f19 10-11-31)
    add: (lift-at f16 10-8-28)
    del: (lift-at f19 10-11-31)
  (down f19 f17), cost: 1
    pre: (lift-at f19 10-11-31)
    add: (lift-at f17 10-9-29)
    del: (lift-at f19 10-11-31)
  (down f19 f18), cost: 1
    pre: (lift-at f19 10-11-31)
    add: (lift-at f18 10-10-30)
    del: (lift-at f19 10-11-31)
  (down f19 f2), cost: 1
    pre: (lift-at f19 10-11-31)
    add: (lift-at f2 10-12-32)
    del: (lift-at f19 10-11-31)
  (down f19 f3), cost: 1
    pre: (lift-at f19 10-11-31)
    add: (lift-at f3 10-13-33)
    del: (lift-at f19 10-11-31)
  (down f19 f4), cost: 1
    pre: (lift-at f19 10-11-31)
    add: (lift-at f4 10-14-34)
    del: (lift-at f19 10-11-31)
  (down f19 f5), cost: 1
    pre: (lift-at f19 10-11-31)
    add: (lift-at f5 10-15-35)
    del: (lift-at f19 10-11-31)
  (down f19 f6), cost: 1
    pre: (lift-at f19 10-11-31)
    add: (lift-at f6 10-16-36)
    del: (lift-at f19 10-11-31)
  (down f19 f7), cost: 1
    pre: (lift-at f19 10-11-31)
    add: (lift-at f7 10-17-37)
    del: (lift-at f19 10-11-31)
  (down f19 f8), cost: 1
    pre: (lift-at f19 10-11-31)
    add: (lift-at f8 10-18-38)
    del: (lift-at f19 10-11-31)
  (down f19 f9), cost: 1
    pre: (lift-at f19 10-11-31)
    add: (lift-at f9 10-19-39)
    del: (lift-at f19 10-11-31)
  (down f2 f0), cost: 1
    pre: (lift-at f2 10-12-32)
    add: (lift-at f0 10-0-20)
    del: (lift-at f2 10-12-32)
  (down f2 f1), cost: 1
    pre: (lift-at f2 10-12-32)
    add: (lift-at f1 10-1-21)
    del: (lift-at f2 10-12-32)
  (down f3 f0), cost: 1
    pre: (lift-at f3 10-13-33)
    add: (lift-at f0 10-0-20)
    del: (lift-at f3 10-13-33)
  (down f3 f1), cost: 1
    pre: (lift-at f3 10-13-33)
    add: (lift-at f1 10-1-21)
    del: (lift-at f3 10-13-33)
  (down f3 f2), cost: 1
    pre: (lift-at f3 10-13-33)
    add: (lift-at f2 10-12-32)
    del: (lift-at f3 10-13-33)
  (down f4 f0), cost: 1
    pre: (lift-at f4 10-14-34)
    add: (lift-at f0 10-0-20)
    del: (lift-at f4 10-14-34)
  (down f4 f1), cost: 1
    pre: (lift-at f4 10-14-34)
    add: (lift-at f1 10-1-21)
    del: (lift-at f4 10-14-34)
  (down f4 f2), cost: 1
    pre: (lift-at f4 10-14-34)
    add: (lift-at f2 10-12-32)
    del: (lift-at f4 10-14-34)
  (down f4 f3), cost: 1
    pre: (lift-at f4 10-14-34)
    add: (lift-at f3 10-13-33)
    del: (lift-at f4 10-14-34)
  (down f5 f0), cost: 1
    pre: (lift-at f5 10-15-35)
    add: (lift-at f0 10-0-20)
    del: (lift-at f5 10-15-35)
  (down f5 f1), cost: 1
    pre: (lift-at f5 10-15-35)
    add: (lift-at f1 10-1-21)
    del: (lift-at f5 10-15-35)
  (down f5 f2), cost: 1
    pre: (lift-at f5 10-15-35)
    add: (lift-at f2 10-12-32)
    del: (lift-at f5 10-15-35)
  (down f5 f3), cost: 1
    pre: (lift-at f5 10-15-35)
    add: (lift-at f3 10-13-33)
    del: (lift-at f5 10-15-35)
  (down f5 f4), cost: 1
    pre: (lift-at f5 10-15-35)
    add: (lift-at f4 10-14-34)
    del: (lift-at f5 10-15-35)
  (down f6 f0), cost: 1
    pre: (lift-at f6 10-16-36)
    add: (lift-at f0 10-0-20)
    del: (lift-at f6 10-16-36)
  (down f6 f1), cost: 1
    pre: (lift-at f6 10-16-36)
    add: (lift-at f1 10-1-21)
    del: (lift-at f6 10-16-36)
  (down f6 f2), cost: 1
    pre: (lift-at f6 10-16-36)
    add: (lift-at f2 10-12-32)
    del: (lift-at f6 10-16-36)
  (down f6 f3), cost: 1
    pre: (lift-at f6 10-16-36)
    add: (lift-at f3 10-13-33)
    del: (lift-at f6 10-16-36)
  (down f6 f4), cost: 1
    pre: (lift-at f6 10-16-36)
    add: (lift-at f4 10-14-34)
    del: (lift-at f6 10-16-36)
  (down f6 f5), cost: 1
    pre: (lift-at f6 10-16-36)
    add: (lift-at f5 10-15-35)
    del: (lift-at f6 10-16-36)
  (down f7 f0), cost: 1
    pre: (lift-at f7 10-17-37)
    add: (lift-at f0 10-0-20)
    del: (lift-at f7 10-17-37)
  (down f7 f1), cost: 1
    pre: (lift-at f7 10-17-37)
    add: (lift-at f1 10-1-21)
    del: (lift-at f7 10-17-37)
  (down f7 f2), cost: 1
    pre: (lift-at f7 10-17-37)
    add: (lift-at f2 10-12-32)
    del: (lift-at f7 10-17-37)
  (down f7 f3), cost: 1
    pre: (lift-at f7 10-17-37)
    add: (lift-at f3 10-13-33)
    del: (lift-at f7 10-17-37)
  (down f7 f4), cost: 1
    pre: (lift-at f7 10-17-37)
    add: (lift-at f4 10-14-34)
    del: (lift-at f7 10-17-37)
  (down f7 f5), cost: 1
    pre: (lift-at f7 10-17-37)
    add: (lift-at f5 10-15-35)
    del: (lift-at f7 10-17-37)
  (down f7 f6), cost: 1
    pre: (lift-at f7 10-17-37)
    add: (lift-at f6 10-16-36)
    del: (lift-at f7 10-17-37)
  (down f8 f0), cost: 1
    pre: (lift-at f8 10-18-38)
    add: (lift-at f0 10-0-20)
    del: (lift-at f8 10-18-38)
  (down f8 f1), cost: 1
    pre: (lift-at f8 10-18-38)
    add: (lift-at f1 10-1-21)
    del: (lift-at f8 10-18-38)
  (down f8 f2), cost: 1
    pre: (lift-at f8 10-18-38)
    add: (lift-at f2 10-12-32)
    del: (lift-at f8 10-18-38)
  (down f8 f3), cost: 1
    pre: (lift-at f8 10-18-38)
    add: (lift-at f3 10-13-33)
    del: (lift-at f8 10-18-38)
  (down f8 f4), cost: 1
    pre: (lift-at f8 10-18-38)
    add: (lift-at f4 10-14-34)
    del: (lift-at f8 10-18-38)
  (down f8 f5), cost: 1
    pre: (lift-at f8 10-18-38)
    add: (lift-at f5 10-15-35)
    del: (lift-at f8 10-18-38)
  (down f8 f6), cost: 1
    pre: (lift-at f8 10-18-38)
    add: (lift-at f6 10-16-36)
    del: (lift-at f8 10-18-38)
  (down f8 f7), cost: 1
    pre: (lift-at f8 10-18-38)
    add: (lift-at f7 10-17-37)
    del: (lift-at f8 10-18-38)
  (down f9 f0), cost: 1
    pre: (lift-at f9 10-19-39)
    add: (lift-at f0 10-0-20)
    del: (lift-at f9 10-19-39)
  (down f9 f1), cost: 1
    pre: (lift-at f9 10-19-39)
    add: (lift-at f1 10-1-21)
    del: (lift-at f9 10-19-39)
  (down f9 f2), cost: 1
    pre: (lift-at f9 10-19-39)
    add: (lift-at f2 10-12-32)
    del: (lift-at f9 10-19-39)
  (down f9 f3), cost: 1
    pre: (lift-at f9 10-19-39)
    add: (lift-at f3 10-13-33)
    del: (lift-at f9 10-19-39)
  (down f9 f4), cost: 1
    pre: (lift-at f9 10-19-39)
    add: (lift-at f4 10-14-34)
    del: (lift-at f9 10-19-39)
  (down f9 f5), cost: 1
    pre: (lift-at f9 10-19-39)
    add: (lift-at f5 10-15-35)
    del: (lift-at f9 10-19-39)
  (down f9 f6), cost: 1
    pre: (lift-at f9 10-19-39)
    add: (lift-at f6 10-16-36)
    del: (lift-at f9 10-19-39)
  (down f9 f7), cost: 1
    pre: (lift-at f9 10-19-39)
    add: (lift-at f7 10-17-37)
    del: (lift-at f9 10-19-39)
  (down f9 f8), cost: 1
    pre: (lift-at f9 10-19-39)
    add: (lift-at f8 10-18-38)
    del: (lift-at f9 10-19-39)
  (stop f0), cost: 1
    pre: (NOT-served p8 8-0-16) (lift-at f0 10-0-20)
    add: (boarded p8 16-1-51)
    del: (NOT-boarded p8 16-0-50)
  (stop f1), cost: 1
    pre: (lift-at f1 10-1-21) (boarded p4 17-0-52)
    add: (served p4 4-1-9) (none-of-those 17-1-53)
    del: (NOT-served p4 4-0-8) (boarded p4 17-0-52)
  (stop f10), cost: 1
    pre: (NOT-served p6 6-0-12) (lift-at f10 10-2-22)
    add: (boarded p6 19-0-56)
    del: (none-of-those 19-1-57)
  (stop f12), cost: 1
    pre: (NOT-served p9 9-0-18) (lift-at f12 10-4-24) (NOT-boarded p3 14-0-46)
    add: (boarded p9 20-0-58)
    del: (none-of-those 20-1-59)
  (stop f12), cost: 1
    pre: (NOT-served p9 9-0-18) (lift-at f12 10-4-24) (boarded p3 14-1-47)
    add: (served p3 3-1-7) (NOT-boarded p3 14-0-46) (boarded p9 20-0-58)
    del: (NOT-served p3 3-0-6) (boarded p3 14-1-47) (none-of-those 20-1-59)
  (stop f12), cost: 1
    pre: (served p9 9-1-19) (lift-at f12 10-4-24) (boarded p3 14-1-47)
    add: (served p3 3-1-7) (NOT-boarded p3 14-0-46)
    del: (NOT-served p3 3-0-6) (boarded p3 14-1-47)
  (stop f13), cost: 1
    pre: (NOT-served p2 2-0-4) (lift-at f13 10-5-25)
    add: (boarded p2 13-1-45)
    del: (NOT-boarded p2 13-0-44)
  (stop f15), cost: 1
    pre: (lift-at f15 10-7-27) (NOT-boarded p1 12-0-42) (boarded p2 13-1-45)
    add: (served p2 2-1-5) (NOT-boarded p2 13-0-44)
    del: (NOT-served p2 2-0-4) (boarded p2 13-1-45)
  (stop f15), cost: 1
    pre: (lift-at f15 10-7-27) (boarded p1 12-1-43) (NOT-boarded p2 13-0-44)
    add: (served p1 1-1-3) (NOT-boarded p1 12-0-42)
    del: (NOT-served p1 1-0-2) (boarded p1 12-1-43)
  (stop f15), cost: 1
    pre: (lift-at f15 10-7-27) (boarded p1 12-1-43) (boarded p2 13-1-45)
    add: (served p1 1-1-3) (served p2 2-1-5) (NOT-boarded p1 12-0-42) (NOT-boarded p2 13-0-44)
    del: (NOT-served p1 1-0-2) (NOT-served p2 2-0-4) (boarded p1 12-1-43) (boarded p2 13-1-45)
  (stop f16), cost: 1
    pre: (lift-at f16 10-8-28) (boarded p9 20-0-58)
    add: (served p9 9-1-19) (none-of-those 20-1-59)
    del: (NOT-served p9 9-0-18) (boarded p9 20-0-58)
  (stop f17), cost: 1
    pre: (NOT-served p1 1-0-2) (lift-at f17 10-9-29)
    add: (boarded p1 12-1-43)
    del: (NOT-boarded p1 12-0-42)
  (stop f19), cost: 1
    pre: (lift-at f19 10-11-31) (boarded p6 19-0-56)
    add: (served p6 6-1-13) (none-of-those 19-1-57)
    del: (NOT-served p6 6-0-12) (boarded p6 19-0-56)
  (stop f2), cost: 1
    pre: (NOT-served p5 5-0-10) (lift-at f2 10-12-32)
    add: (boarded p5 18-0-54)
    del: (none-of-those 18-1-55)
  (stop f3), cost: 1
    pre: (NOT-served p0 0-0-0) (NOT-served p7 7-0-14) (lift-at f3 10-13-33)
    add: (boarded p0 11-1-41) (boarded p7 15-1-49)
    del: (NOT-boarded p0 11-0-40) (NOT-boarded p7 15-0-48)
  (stop f6), cost: 1
    pre: (NOT-served p3 3-0-6) (lift-at f6 10-16-36) (NOT-boarded p0 11-0-40) (NOT-boarded p7 15-0-48) (NOT-boarded p8 16-0-50)
    add: (boarded p3 14-1-47)
    del: (NOT-boarded p3 14-0-46)
  (stop f6), cost: 1
    pre: (NOT-served p3 3-0-6) (lift-at f6 10-16-36) (NOT-boarded p0 11-0-40) (NOT-boarded p7 15-0-48) (boarded p8 16-1-51)
    add: (served p8 8-1-17) (boarded p3 14-1-47) (NOT-boarded p8 16-0-50)
    del: (NOT-served p8 8-0-16) (NOT-boarded p3 14-0-46) (boarded p8 16-1-51)
  (stop f6), cost: 1
    pre: (served p3 3-1-7) (lift-at f6 10-16-36) (NOT-boarded p0 11-0-40) (NOT-boarded p7 15-0-48) (boarded p8 16-1-51)
    add: (served p8 8-1-17) (NOT-boarded p8 16-0-50)
    del: (NOT-served p8 8-0-16) (boarded p8 16-1-51)
  (stop f6), cost: 1
    pre: (NOT-served p3 3-0-6) (lift-at f6 10-16-36) (boarded p0 11-1-41) (boarded p7 15-1-49) (NOT-boarded p8 16-0-50)
    add: (served p0 0-1-1) (served p7 7-1-15) (NOT-boarded p0 11-0-40) (boarded p3 14-1-47) (NOT-boarded p7 15-0-48)
    del: (NOT-served p0 0-0-0) (NOT-served p7 7-0-14) (boarded p0 11-1-41) (NOT-boarded p3 14-0-46) (boarded p7 15-1-49)
  (stop f6), cost: 1
    pre: (served p3 3-1-7) (lift-at f6 10-16-36) (boarded p0 11-1-41) (boarded p7 15-1-49) (NOT-boarded p8 16-0-50)
    add: (served p0 0-1-1) (served p7 7-1-15) (NOT-boarded p0 11-0-40) (NOT-boarded p7 15-0-48)
    del: (NOT-served p0 0-0-0) (NOT-served p7 7-0-14) (boarded p0 11-1-41) (boarded p7 15-1-49)
  (stop f6), cost: 1
    pre: (NOT-served p3 3-0-6) (lift-at f6 10-16-36) (boarded p0 11-1-41) (boarded p7 15-1-49) (boarded p8 16-1-51)
    add: (served p0 0-1-1) (served p7 7-1-15) (served p8 8-1-17) (NOT-boarded p0 11-0-40) (boarded p3 14-1-47) (NOT-boarded p7 15-0-48) (NOT-boarded p8 16-0-50)
    del: (NOT-served p0 0-0-0) (NOT-served p7 7-0-14) (NOT-served p8 8-0-16) (boarded p0 11-1-41) (NOT-boarded p3 14-0-46) (boarded p7 15-1-49) (boarded p8 16-1-51)
  (stop f6), cost: 1
    pre: (served p3 3-1-7) (lift-at f6 10-16-36) (boarded p0 11-1-41) (boarded p7 15-1-49) (boarded p8 16-1-51)
    add: (served p0 0-1-1) (served p7 7-1-15) (served p8 8-1-17) (NOT-boarded p0 11-0-40) (NOT-boarded p7 15-0-48) (NOT-boarded p8 16-0-50)
    del: (NOT-served p0 0-0-0) (NOT-served p7 7-0-14) (NOT-served p8 8-0-16) (boarded p0 11-1-41) (boarded p7 15-1-49) (boarded p8 16-1-51)
  (stop f7), cost: 1
    pre: (lift-at f7 10-17-37) (boarded p5 18-0-54)
    add: (served p5 5-1-11) (none-of-those 18-1-55)
    del: (NOT-served p5 5-0-10) (boarded p5 18-0-54)
  (stop f9), cost: 1
    pre: (NOT-served p4 4-0-8) (lift-at f9 10-19-39)
    add: (boarded p4 17-0-52)
    del: (none-of-those 17-1-53)
  (up f0 f1), cost: 1
    pre: (lift-at f0 10-0-20)
    add: (lift-at f1 10-1-21)
    del: (lift-at f0 10-0-20)
  (up f0 f10), cost: 1
    pre: (lift-at f0 10-0-20)
    add: (lift-at f10 10-2-22)
    del: (lift-at f0 10-0-20)
  (up f0 f11), cost: 1
    pre: (lift-at f0 10-0-20)
    add: (lift-at f11 10-3-23)
    del: (lift-at f0 10-0-20)
  (up f0 f12), cost: 1
    pre: (lift-at f0 10-0-20)
    add: (lift-at f12 10-4-24)
    del: (lift-at f0 10-0-20)
  (up f0 f13), cost: 1
    pre: (lift-at f0 10-0-20)
    add: (lift-at f13 10-5-25)
    del: (lift-at f0 10-0-20)
  (up f0 f14), cost: 1
    pre: (lift-at f0 10-0-20)
    add: (lift-at f14 10-6-26)
    del: (lift-at f0 10-0-20)
  (up f0 f15), cost: 1
    pre: (lift-at f0 10-0-20)
    add: (lift-at f15 10-7-27)
    del: (lift-at f0 10-0-20)
  (up f0 f16), cost: 1
    pre: (lift-at f0 10-0-20)
    add: (lift-at f16 10-8-28)
    del: (lift-at f0 10-0-20)
  (up f0 f17), cost: 1
    pre: (lift-at f0 10-0-20)
    add: (lift-at f17 10-9-29)
    del: (lift-at f0 10-0-20)
  (up f0 f18), cost: 1
    pre: (lift-at f0 10-0-20)
    add: (lift-at f18 10-10-30)
    del: (lift-at f0 10-0-20)
  (up f0 f19), cost: 1
    pre: (lift-at f0 10-0-20)
    add: (lift-at f19 10-11-31)
    del: (lift-at f0 10-0-20)
  (up f0 f2), cost: 1
    pre: (lift-at f0 10-0-20)
    add: (lift-at f2 10-12-32)
    del: (lift-at f0 10-0-20)
  (up f0 f3), cost: 1
    pre: (lift-at f0 10-0-20)
    add: (lift-at f3 10-13-33)
    del: (lift-at f0 10-0-20)
  (up f0 f4), cost: 1
    pre: (lift-at f0 10-0-20)
    add: (lift-at f4 10-14-34)
    del: (lift-at f0 10-0-20)
  (up f0 f5), cost: 1
    pre: (lift-at f0 10-0-20)
    add: (lift-at f5 10-15-35)
    del: (lift-at f0 10-0-20)
  (up f0 f6), cost: 1
    pre: (lift-at f0 10-0-20)
    add: (lift-at f6 10-16-36)
    del: (lift-at f0 10-0-20)
  (up f0 f7), cost: 1
    pre: (lift-at f0 10-0-20)
    add: (lift-at f7 10-17-37)
    del: (lift-at f0 10-0-20)
  (up f0 f8), cost: 1
    pre: (lift-at f0 10-0-20)
    add: (lift-at f8 10-18-38)
    del: (lift-at f0 10-0-20)
  (up f0 f9), cost: 1
    pre: (lift-at f0 10-0-20)
    add: (lift-at f9 10-19-39)
    del: (lift-at f0 10-0-20)
  (up f1 f10), cost: 1
    pre: (lift-at f1 10-1-21)
    add: (lift-at f10 10-2-22)
    del: (lift-at f1 10-1-21)
  (up f1 f11), cost: 1
    pre: (lift-at f1 10-1-21)
    add: (lift-at f11 10-3-23)
    del: (lift-at f1 10-1-21)
  (up f1 f12), cost: 1
    pre: (lift-at f1 10-1-21)
    add: (lift-at f12 10-4-24)
    del: (lift-at f1 10-1-21)
  (up f1 f13), cost: 1
    pre: (lift-at f1 10-1-21)
    add: (lift-at f13 10-5-25)
    del: (lift-at f1 10-1-21)
  (up f1 f14), cost: 1
    pre: (lift-at f1 10-1-21)
    add: (lift-at f14 10-6-26)
    del: (lift-at f1 10-1-21)
  (up f1 f15), cost: 1
    pre: (lift-at f1 10-1-21)
    add: (lift-at f15 10-7-27)
    del: (lift-at f1 10-1-21)
  (up f1 f16), cost: 1
    pre: (lift-at f1 10-1-21)
    add: (lift-at f16 10-8-28)
    del: (lift-at f1 10-1-21)
  (up f1 f17), cost: 1
    pre: (lift-at f1 10-1-21)
    add: (lift-at f17 10-9-29)
    del: (lift-at f1 10-1-21)
  (up f1 f18), cost: 1
    pre: (lift-at f1 10-1-21)
    add: (lift-at f18 10-10-30)
    del: (lift-at f1 10-1-21)
  (up f1 f19), cost: 1
    pre: (lift-at f1 10-1-21)
    add: (lift-at f19 10-11-31)
    del: (lift-at f1 10-1-21)
  (up f1 f2), cost: 1
    pre: (lift-at f1 10-1-21)
    add: (lift-at f2 10-12-32)
    del: (lift-at f1 10-1-21)
  (up f1 f3), cost: 1
    pre: (lift-at f1 10-1-21)
    add: (lift-at f3 10-13-33)
    del: (lift-at f1 10-1-21)
  (up f1 f4), cost: 1
    pre: (lift-at f1 10-1-21)
    add: (lift-at f4 10-14-34)
    del: (lift-at f1 10-1-21)
  (up f1 f5), cost: 1
    pre: (lift-at f1 10-1-21)
    add: (lift-at f5 10-15-35)
    del: (lift-at f1 10-1-21)
  (up f1 f6), cost: 1
    pre: (lift-at f1 10-1-21)
    add: (lift-at f6 10-16-36)
    del: (lift-at f1 10-1-21)
  (up f1 f7), cost: 1
    pre: (lift-at f1 10-1-21)
    add: (lift-at f7 10-17-37)
    del: (lift-at f1 10-1-21)
  (up f1 f8), cost: 1
    pre: (lift-at f1 10-1-21)
    add: (lift-at f8 10-18-38)
    del: (lift-at f1 10-1-21)
  (up f1 f9), cost: 1
    pre: (lift-at f1 10-1-21)
    add: (lift-at f9 10-19-39)
    del: (lift-at f1 10-1-21)
  (up f10 f11), cost: 1
    pre: (lift-at f10 10-2-22)
    add: (lift-at f11 10-3-23)
    del: (lift-at f10 10-2-22)
  (up f10 f12), cost: 1
    pre: (lift-at f10 10-2-22)
    add: (lift-at f12 10-4-24)
    del: (lift-at f10 10-2-22)
  (up f10 f13), cost: 1
    pre: (lift-at f10 10-2-22)
    add: (lift-at f13 10-5-25)
    del: (lift-at f10 10-2-22)
  (up f10 f14), cost: 1
    pre: (lift-at f10 10-2-22)
    add: (lift-at f14 10-6-26)
    del: (lift-at f10 10-2-22)
  (up f10 f15), cost: 1
    pre: (lift-at f10 10-2-22)
    add: (lift-at f15 10-7-27)
    del: (lift-at f10 10-2-22)
  (up f10 f16), cost: 1
    pre: (lift-at f10 10-2-22)
    add: (lift-at f16 10-8-28)
    del: (lift-at f10 10-2-22)
  (up f10 f17), cost: 1
    pre: (lift-at f10 10-2-22)
    add: (lift-at f17 10-9-29)
    del: (lift-at f10 10-2-22)
  (up f10 f18), cost: 1
    pre: (lift-at f10 10-2-22)
    add: (lift-at f18 10-10-30)
    del: (lift-at f10 10-2-22)
  (up f10 f19), cost: 1
    pre: (lift-at f10 10-2-22)
    add: (lift-at f19 10-11-31)
    del: (lift-at f10 10-2-22)
  (up f11 f12), cost: 1
    pre: (lift-at f11 10-3-23)
    add: (lift-at f12 10-4-24)
    del: (lift-at f11 10-3-23)
  (up f11 f13), cost: 1
    pre: (lift-at f11 10-3-23)
    add: (lift-at f13 10-5-25)
    del: (lift-at f11 10-3-23)
  (up f11 f14), cost: 1
    pre: (lift-at f11 10-3-23)
    add: (lift-at f14 10-6-26)
    del: (lift-at f11 10-3-23)
  (up f11 f15), cost: 1
    pre: (lift-at f11 10-3-23)
    add: (lift-at f15 10-7-27)
    del: (lift-at f11 10-3-23)
  (up f11 f16), cost: 1
    pre: (lift-at f11 10-3-23)
    add: (lift-at f16 10-8-28)
    del: (lift-at f11 10-3-23)
  (up f11 f17), cost: 1
    pre: (lift-at f11 10-3-23)
    add: (lift-at f17 10-9-29)
    del: (lift-at f11 10-3-23)
  (up f11 f18), cost: 1
    pre: (lift-at f11 10-3-23)
    add: (lift-at f18 10-10-30)
    del: (lift-at f11 10-3-23)
  (up f11 f19), cost: 1
    pre: (lift-at f11 10-3-23)
    add: (lift-at f19 10-11-31)
    del: (lift-at f11 10-3-23)
  (up f12 f13), cost: 1
    pre: (lift-at f12 10-4-24)
    add: (lift-at f13 10-5-25)
    del: (lift-at f12 10-4-24)
  (up f12 f14), cost: 1
    pre: (lift-at f12 10-4-24)
    add: (lift-at f14 10-6-26)
    del: (lift-at f12 10-4-24)
  (up f12 f15), cost: 1
    pre: (lift-at f12 10-4-24)
    add: (lift-at f15 10-7-27)
    del: (lift-at f12 10-4-24)
  (up f12 f16), cost: 1
    pre: (lift-at f12 10-4-24)
    add: (lift-at f16 10-8-28)
    del: (lift-at f12 10-4-24)
  (up f12 f17), cost: 1
    pre: (lift-at f12 10-4-24)
    add: (lift-at f17 10-9-29)
    del: (lift-at f12 10-4-24)
  (up f12 f18), cost: 1
    pre: (lift-at f12 10-4-24)
    add: (lift-at f18 10-10-30)
    del: (lift-at f12 10-4-24)
  (up f12 f19), cost: 1
    pre: (lift-at f12 10-4-24)
    add: (lift-at f19 10-11-31)
    del: (lift-at f12 10-4-24)
  (up f13 f14), cost: 1
    pre: (lift-at f13 10-5-25)
    add: (lift-at f14 10-6-26)
    del: (lift-at f13 10-5-25)
  (up f13 f15), cost: 1
    pre: (lift-at f13 10-5-25)
    add: (lift-at f15 10-7-27)
    del: (lift-at f13 10-5-25)
  (up f13 f16), cost: 1
    pre: (lift-at f13 10-5-25)
    add: (lift-at f16 10-8-28)
    del: (lift-at f13 10-5-25)
  (up f13 f17), cost: 1
    pre: (lift-at f13 10-5-25)
    add: (lift-at f17 10-9-29)
    del: (lift-at f13 10-5-25)
  (up f13 f18), cost: 1
    pre: (lift-at f13 10-5-25)
    add: (lift-at f18 10-10-30)
    del: (lift-at f13 10-5-25)
  (up f13 f19), cost: 1
    pre: (lift-at f13 10-5-25)
    add: (lift-at f19 10-11-31)
    del: (lift-at f13 10-5-25)
  (up f14 f15), cost: 1
    pre: (lift-at f14 10-6-26)
    add: (lift-at f15 10-7-27)
    del: (lift-at f14 10-6-26)
  (up f14 f16), cost: 1
    pre: (lift-at f14 10-6-26)
    add: (lift-at f16 10-8-28)
    del: (lift-at f14 10-6-26)
  (up f14 f17), cost: 1
    pre: (lift-at f14 10-6-26)
    add: (lift-at f17 10-9-29)
    del: (lift-at f14 10-6-26)
  (up f14 f18), cost: 1
    pre: (lift-at f14 10-6-26)
    add: (lift-at f18 10-10-30)
    del: (lift-at f14 10-6-26)
  (up f14 f19), cost: 1
    pre: (lift-at f14 10-6-26)
    add: (lift-at f19 10-11-31)
    del: (lift-at f14 10-6-26)
  (up f15 f16), cost: 1
    pre: (lift-at f15 10-7-27)
    add: (lift-at f16 10-8-28)
    del: (lift-at f15 10-7-27)
  (up f15 f17), cost: 1
    pre: (lift-at f15 10-7-27)
    add: (lift-at f17 10-9-29)
    del: (lift-at f15 10-7-27)
  (up f15 f18), cost: 1
    pre: (lift-at f15 10-7-27)
    add: (lift-at f18 10-10-30)
    del: (lift-at f15 10-7-27)
  (up f15 f19), cost: 1
    pre: (lift-at f15 10-7-27)
    add: (lift-at f19 10-11-31)
    del: (lift-at f15 10-7-27)
  (up f16 f17), cost: 1
    pre: (lift-at f16 10-8-28)
    add: (lift-at f17 10-9-29)
    del: (lift-at f16 10-8-28)
  (up f16 f18), cost: 1
    pre: (lift-at f16 10-8-28)
    add: (lift-at f18 10-10-30)
    del: (lift-at f16 10-8-28)
  (up f16 f19), cost: 1
    pre: (lift-at f16 10-8-28)
    add: (lift-at f19 10-11-31)
    del: (lift-at f16 10-8-28)
  (up f17 f18), cost: 1
    pre: (lift-at f17 10-9-29)
    add: (lift-at f18 10-10-30)
    del: (lift-at f17 10-9-29)
  (up f17 f19), cost: 1
    pre: (lift-at f17 10-9-29)
    add: (lift-at f19 10-11-31)
    del: (lift-at f17 10-9-29)
  (up f18 f19), cost: 1
    pre: (lift-at f18 10-10-30)
    add: (lift-at f19 10-11-31)
    del: (lift-at f18 10-10-30)
  (up f2 f10), cost: 1
    pre: (lift-at f2 10-12-32)
    add: (lift-at f10 10-2-22)
    del: (lift-at f2 10-12-32)
  (up f2 f11), cost: 1
    pre: (lift-at f2 10-12-32)
    add: (lift-at f11 10-3-23)
    del: (lift-at f2 10-12-32)
  (up f2 f12), cost: 1
    pre: (lift-at f2 10-12-32)
    add: (lift-at f12 10-4-24)
    del: (lift-at f2 10-12-32)
  (up f2 f13), cost: 1
    pre: (lift-at f2 10-12-32)
    add: (lift-at f13 10-5-25)
    del: (lift-at f2 10-12-32)
  (up f2 f14), cost: 1
    pre: (lift-at f2 10-12-32)
    add: (lift-at f14 10-6-26)
    del: (lift-at f2 10-12-32)
  (up f2 f15), cost: 1
    pre: (lift-at f2 10-12-32)
    add: (lift-at f15 10-7-27)
    del: (lift-at f2 10-12-32)
  (up f2 f16), cost: 1
    pre: (lift-at f2 10-12-32)
    add: (lift-at f16 10-8-28)
    del: (lift-at f2 10-12-32)
  (up f2 f17), cost: 1
    pre: (lift-at f2 10-12-32)
    add: (lift-at f17 10-9-29)
    del: (lift-at f2 10-12-32)
  (up f2 f18), cost: 1
    pre: (lift-at f2 10-12-32)
    add: (lift-at f18 10-10-30)
    del: (lift-at f2 10-12-32)
  (up f2 f19), cost: 1
    pre: (lift-at f2 10-12-32)
    add: (lift-at f19 10-11-31)
    del: (lift-at f2 10-12-32)
  (up f2 f3), cost: 1
    pre: (lift-at f2 10-12-32)
    add: (lift-at f3 10-13-33)
    del: (lift-at f2 10-12-32)
  (up f2 f4), cost: 1
    pre: (lift-at f2 10-12-32)
    add: (lift-at f4 10-14-34)
    del: (lift-at f2 10-12-32)
  (up f2 f5), cost: 1
    pre: (lift-at f2 10-12-32)
    add: (lift-at f5 10-15-35)
    del: (lift-at f2 10-12-32)
  (up f2 f6), cost: 1
    pre: (lift-at f2 10-12-32)
    add: (lift-at f6 10-16-36)
    del: (lift-at f2 10-12-32)
  (up f2 f7), cost: 1
    pre: (lift-at f2 10-12-32)
    add: (lift-at f7 10-17-37)
    del: (lift-at f2 10-12-32)
  (up f2 f8), cost: 1
    pre: (lift-at f2 10-12-32)
    add: (lift-at f8 10-18-38)
    del: (lift-at f2 10-12-32)
  (up f2 f9), cost: 1
    pre: (lift-at f2 10-12-32)
    add: (lift-at f9 10-19-39)
    del: (lift-at f2 10-12-32)
  (up f3 f10), cost: 1
    pre: (lift-at f3 10-13-33)
    add: (lift-at f10 10-2-22)
    del: (lift-at f3 10-13-33)
  (up f3 f11), cost: 1
    pre: (lift-at f3 10-13-33)
    add: (lift-at f11 10-3-23)
    del: (lift-at f3 10-13-33)
  (up f3 f12), cost: 1
    pre: (lift-at f3 10-13-33)
    add: (lift-at f12 10-4-24)
    del: (lift-at f3 10-13-33)
  (up f3 f13), cost: 1
    pre: (lift-at f3 10-13-33)
    add: (lift-at f13 10-5-25)
    del: (lift-at f3 10-13-33)
  (up f3 f14), cost: 1
    pre: (lift-at f3 10-13-33)
    add: (lift-at f14 10-6-26)
    del: (lift-at f3 10-13-33)
  (up f3 f15), cost: 1
    pre: (lift-at f3 10-13-33)
    add: (lift-at f15 10-7-27)
    del: (lift-at f3 10-13-33)
  (up f3 f16), cost: 1
    pre: (lift-at f3 10-13-33)
    add: (lift-at f16 10-8-28)
    del: (lift-at f3 10-13-33)
  (up f3 f17), cost: 1
    pre: (lift-at f3 10-13-33)
    add: (lift-at f17 10-9-29)
    del: (lift-at f3 10-13-33)
  (up f3 f18), cost: 1
    pre: (lift-at f3 10-13-33)
    add: (lift-at f18 10-10-30)
    del: (lift-at f3 10-13-33)
  (up f3 f19), cost: 1
    pre: (lift-at f3 10-13-33)
    add: (lift-at f19 10-11-31)
    del: (lift-at f3 10-13-33)
  (up f3 f4), cost: 1
    pre: (lift-at f3 10-13-33)
    add: (lift-at f4 10-14-34)
    del: (lift-at f3 10-13-33)
  (up f3 f5), cost: 1
    pre: (lift-at f3 10-13-33)
    add: (lift-at f5 10-15-35)
    del: (lift-at f3 10-13-33)
  (up f3 f6), cost: 1
    pre: (lift-at f3 10-13-33)
    add: (lift-at f6 10-16-36)
    del: (lift-at f3 10-13-33)
  (up f3 f7), cost: 1
    pre: (lift-at f3 10-13-33)
    add: (lift-at f7 10-17-37)
    del: (lift-at f3 10-13-33)
  (up f3 f8), cost: 1
    pre: (lift-at f3 10-13-33)
    add: (lift-at f8 10-18-38)
    del: (lift-at f3 10-13-33)
  (up f3 f9), cost: 1
    pre: (lift-at f3 10-13-33)
    add: (lift-at f9 10-19-39)
    del: (lift-at f3 10-13-33)
  (up f4 f10), cost: 1
    pre: (lift-at f4 10-14-34)
    add: (lift-at f10 10-2-22)
    del: (lift-at f4 10-14-34)
  (up f4 f11), cost: 1
    pre: (lift-at f4 10-14-34)
    add: (lift-at f11 10-3-23)
    del: (lift-at f4 10-14-34)
  (up f4 f12), cost: 1
    pre: (lift-at f4 10-14-34)
    add: (lift-at f12 10-4-24)
    del: (lift-at f4 10-14-34)
  (up f4 f13), cost: 1
    pre: (lift-at f4 10-14-34)
    add: (lift-at f13 10-5-25)
    del: (lift-at f4 10-14-34)
  (up f4 f14), cost: 1
    pre: (lift-at f4 10-14-34)
    add: (lift-at f14 10-6-26)
    del: (lift-at f4 10-14-34)
  (up f4 f15), cost: 1
    pre: (lift-at f4 10-14-34)
    add: (lift-at f15 10-7-27)
    del: (lift-at f4 10-14-34)
  (up f4 f16), cost: 1
    pre: (lift-at f4 10-14-34)
    add: (lift-at f16 10-8-28)
    del: (lift-at f4 10-14-34)
  (up f4 f17), cost: 1
    pre: (lift-at f4 10-14-34)
    add: (lift-at f17 10-9-29)
    del: (lift-at f4 10-14-34)
  (up f4 f18), cost: 1
    pre: (lift-at f4 10-14-34)
    add: (lift-at f18 10-10-30)
    del: (lift-at f4 10-14-34)
  (up f4 f19), cost: 1
    pre: (lift-at f4 10-14-34)
    add: (lift-at f19 10-11-31)
    del: (lift-at f4 10-14-34)
  (up f4 f5), cost: 1
    pre: (lift-at f4 10-14-34)
    add: (lift-at f5 10-15-35)
    del: (lift-at f4 10-14-34)
  (up f4 f6), cost: 1
    pre: (lift-at f4 10-14-34)
    add: (lift-at f6 10-16-36)
    del: (lift-at f4 10-14-34)
  (up f4 f7), cost: 1
    pre: (lift-at f4 10-14-34)
    add: (lift-at f7 10-17-37)
    del: (lift-at f4 10-14-34)
  (up f4 f8), cost: 1
    pre: (lift-at f4 10-14-34)
    add: (lift-at f8 10-18-38)
    del: (lift-at f4 10-14-34)
  (up f4 f9), cost: 1
    pre: (lift-at f4 10-14-34)
    add: (lift-at f9 10-19-39)
    del: (lift-at f4 10-14-34)
  (up f5 f10), cost: 1
    pre: (lift-at f5 10-15-35)
    add: (lift-at f10 10-2-22)
    del: (lift-at f5 10-15-35)
  (up f5 f11), cost: 1
    pre: (lift-at f5 10-15-35)
    add: (lift-at f11 10-3-23)
    del: (lift-at f5 10-15-35)
  (up f5 f12), cost: 1
    pre: (lift-at f5 10-15-35)
    add: (lift-at f12 10-4-24)
    del: (lift-at f5 10-15-35)
  (up f5 f13), cost: 1
    pre: (lift-at f5 10-15-35)
    add: (lift-at f13 10-5-25)
    del: (lift-at f5 10-15-35)
  (up f5 f14), cost: 1
    pre: (lift-at f5 10-15-35)
    add: (lift-at f14 10-6-26)
    del: (lift-at f5 10-15-35)
  (up f5 f15), cost: 1
    pre: (lift-at f5 10-15-35)
    add: (lift-at f15 10-7-27)
    del: (lift-at f5 10-15-35)
  (up f5 f16), cost: 1
    pre: (lift-at f5 10-15-35)
    add: (lift-at f16 10-8-28)
    del: (lift-at f5 10-15-35)
  (up f5 f17), cost: 1
    pre: (lift-at f5 10-15-35)
    add: (lift-at f17 10-9-29)
    del: (lift-at f5 10-15-35)
  (up f5 f18), cost: 1
    pre: (lift-at f5 10-15-35)
    add: (lift-at f18 10-10-30)
    del: (lift-at f5 10-15-35)
  (up f5 f19), cost: 1
    pre: (lift-at f5 10-15-35)
    add: (lift-at f19 10-11-31)
    del: (lift-at f5 10-15-35)
  (up f5 f6), cost: 1
    pre: (lift-at f5 10-15-35)
    add: (lift-at f6 10-16-36)
    del: (lift-at f5 10-15-35)
  (up f5 f7), cost: 1
    pre: (lift-at f5 10-15-35)
    add: (lift-at f7 10-17-37)
    del: (lift-at f5 10-15-35)
  (up f5 f8), cost: 1
    pre: (lift-at f5 10-15-35)
    add: (lift-at f8 10-18-38)
    del: (lift-at f5 10-15-35)
  (up f5 f9), cost: 1
    pre: (lift-at f5 10-15-35)
    add: (lift-at f9 10-19-39)
    del: (lift-at f5 10-15-35)
  (up f6 f10), cost: 1
    pre: (lift-at f6 10-16-36)
    add: (lift-at f10 10-2-22)
    del: (lift-at f6 10-16-36)
  (up f6 f11), cost: 1
    pre: (lift-at f6 10-16-36)
    add: (lift-at f11 10-3-23)
    del: (lift-at f6 10-16-36)
  (up f6 f12), cost: 1
    pre: (lift-at f6 10-16-36)
    add: (lift-at f12 10-4-24)
    del: (lift-at f6 10-16-36)
  (up f6 f13), cost: 1
    pre: (lift-at f6 10-16-36)
    add: (lift-at f13 10-5-25)
    del: (lift-at f6 10-16-36)
  (up f6 f14), cost: 1
    pre: (lift-at f6 10-16-36)
    add: (lift-at f14 10-6-26)
    del: (lift-at f6 10-16-36)
  (up f6 f15), cost: 1
    pre: (lift-at f6 10-16-36)
    add: (lift-at f15 10-7-27)
    del: (lift-at f6 10-16-36)
  (up f6 f16), cost: 1
    pre: (lift-at f6 10-16-36)
    add: (lift-at f16 10-8-28)
    del: (lift-at f6 10-16-36)
  (up f6 f17), cost: 1
    pre: (lift-at f6 10-16-36)
    add: (lift-at f17 10-9-29)
    del: (lift-at f6 10-16-36)
  (up f6 f18), cost: 1
    pre: (lift-at f6 10-16-36)
    add: (lift-at f18 10-10-30)
    del: (lift-at f6 10-16-36)
  (up f6 f19), cost: 1
    pre: (lift-at f6 10-16-36)
    add: (lift-at f19 10-11-31)
    del: (lift-at f6 10-16-36)
  (up f6 f7), cost: 1
    pre: (lift-at f6 10-16-36)
    add: (lift-at f7 10-17-37)
    del: (lift-at f6 10-16-36)
  (up f6 f8), cost: 1
    pre: (lift-at f6 10-16-36)
    add: (lift-at f8 10-18-38)
    del: (lift-at f6 10-16-36)
  (up f6 f9), cost: 1
    pre: (lift-at f6 10-16-36)
    add: (lift-at f9 10-19-39)
    del: (lift-at f6 10-16-36)
  (up f7 f10), cost: 1
    pre: (lift-at f7 10-17-37)
    add: (lift-at f10 10-2-22)
    del: (lift-at f7 10-17-37)
  (up f7 f11), cost: 1
    pre: (lift-at f7 10-17-37)
    add: (lift-at f11 10-3-23)
    del: (lift-at f7 10-17-37)
  (up f7 f12), cost: 1
    pre: (lift-at f7 10-17-37)
    add: (lift-at f12 10-4-24)
    del: (lift-at f7 10-17-37)
  (up f7 f13), cost: 1
    pre: (lift-at f7 10-17-37)
    add: (lift-at f13 10-5-25)
    del: (lift-at f7 10-17-37)
  (up f7 f14), cost: 1
    pre: (lift-at f7 10-17-37)
    add: (lift-at f14 10-6-26)
    del: (lift-at f7 10-17-37)
  (up f7 f15), cost: 1
    pre: (lift-at f7 10-17-37)
    add: (lift-at f15 10-7-27)
    del: (lift-at f7 10-17-37)
  (up f7 f16), cost: 1
    pre: (lift-at f7 10-17-37)
    add: (lift-at f16 10-8-28)
    del: (lift-at f7 10-17-37)
  (up f7 f17), cost: 1
    pre: (lift-at f7 10-17-37)
    add: (lift-at f17 10-9-29)
    del: (lift-at f7 10-17-37)
  (up f7 f18), cost: 1
    pre: (lift-at f7 10-17-37)
    add: (lift-at f18 10-10-30)
    del: (lift-at f7 10-17-37)
  (up f7 f19), cost: 1
    pre: (lift-at f7 10-17-37)
    add: (lift-at f19 10-11-31)
    del: (lift-at f7 10-17-37)
  (up f7 f8), cost: 1
    pre: (lift-at f7 10-17-37)
    add: (lift-at f8 10-18-38)
    del: (lift-at f7 10-17-37)
  (up f7 f9), cost: 1
    pre: (lift-at f7 10-17-37)
    add: (lift-at f9 10-19-39)
    del: (lift-at f7 10-17-37)
  (up f8 f10), cost: 1
    pre: (lift-at f8 10-18-38)
    add: (lift-at f10 10-2-22)
    del: (lift-at f8 10-18-38)
  (up f8 f11), cost: 1
    pre: (lift-at f8 10-18-38)
    add: (lift-at f11 10-3-23)
    del: (lift-at f8 10-18-38)
  (up f8 f12), cost: 1
    pre: (lift-at f8 10-18-38)
    add: (lift-at f12 10-4-24)
    del: (lift-at f8 10-18-38)
  (up f8 f13), cost: 1
    pre: (lift-at f8 10-18-38)
    add: (lift-at f13 10-5-25)
    del: (lift-at f8 10-18-38)
  (up f8 f14), cost: 1
    pre: (lift-at f8 10-18-38)
    add: (lift-at f14 10-6-26)
    del: (lift-at f8 10-18-38)
  (up f8 f15), cost: 1
    pre: (lift-at f8 10-18-38)
    add: (lift-at f15 10-7-27)
    del: (lift-at f8 10-18-38)
  (up f8 f16), cost: 1
    pre: (lift-at f8 10-18-38)
    add: (lift-at f16 10-8-28)
    del: (lift-at f8 10-18-38)
  (up f8 f17), cost: 1
    pre: (lift-at f8 10-18-38)
    add: (lift-at f17 10-9-29)
    del: (lift-at f8 10-18-38)
  (up f8 f18), cost: 1
    pre: (lift-at f8 10-18-38)
    add: (lift-at f18 10-10-30)
    del: (lift-at f8 10-18-38)
  (up f8 f19), cost: 1
    pre: (lift-at f8 10-18-38)
    add: (lift-at f19 10-11-31)
    del: (lift-at f8 10-18-38)
  (up f8 f9), cost: 1
    pre: (lift-at f8 10-18-38)
    add: (lift-at f9 10-19-39)
    del: (lift-at f8 10-18-38)
  (up f9 f10), cost: 1
    pre: (lift-at f9 10-19-39)
    add: (lift-at f10 10-2-22)
    del: (lift-at f9 10-19-39)
  (up f9 f11), cost: 1
    pre: (lift-at f9 10-19-39)
    add: (lift-at f11 10-3-23)
    del: (lift-at f9 10-19-39)
  (up f9 f12), cost: 1
    pre: (lift-at f9 10-19-39)
    add: (lift-at f12 10-4-24)
    del: (lift-at f9 10-19-39)
  (up f9 f13), cost: 1
    pre: (lift-at f9 10-19-39)
    add: (lift-at f13 10-5-25)
    del: (lift-at f9 10-19-39)
  (up f9 f14), cost: 1
    pre: (lift-at f9 10-19-39)
    add: (lift-at f14 10-6-26)
    del: (lift-at f9 10-19-39)
  (up f9 f15), cost: 1
    pre: (lift-at f9 10-19-39)
    add: (lift-at f15 10-7-27)
    del: (lift-at f9 10-19-39)
  (up f9 f16), cost: 1
    pre: (lift-at f9 10-19-39)
    add: (lift-at f16 10-8-28)
    del: (lift-at f9 10-19-39)
  (up f9 f17), cost: 1
    pre: (lift-at f9 10-19-39)
    add: (lift-at f17 10-9-29)
    del: (lift-at f9 10-19-39)
  (up f9 f18), cost: 1
    pre: (lift-at f9 10-19-39)
    add: (lift-at f18 10-10-30)
    del: (lift-at f9 10-19-39)
  (up f9 f19), cost: 1
    pre: (lift-at f9 10-19-39)
    add: (lift-at f19 10-11-31)
    del: (lift-at f9 10-19-39)
Init State: (NOT-served p0 0-0-0) (NOT-served p1 1-0-2) (NOT-served p2 2-0-4) (NOT-served p3 3-0-6) (NOT-served p4 4-0-8) (NOT-served p5 5-0-10) (NOT-served p6 6-0-12) (NOT-served p7 7-0-14) (NOT-served p8 8-0-16) (NOT-served p9 9-0-18) (lift-at f0 10-0-20) (NOT-boarded p0 11-0-40) (NOT-boarded p1 12-0-42) (NOT-boarded p2 13-0-44) (NOT-boarded p3 14-0-46) (NOT-boarded p7 15-0-48) (NOT-boarded p8 16-0-50) (none-of-those 17-1-53) (none-of-those 18-1-55) (none-of-those 19-1-57) (none-of-those 20-1-59)
Goal: (served p0 0-1-1) (served p1 1-1-3) (served p2 2-1-5) (served p3 3-1-7) (served p4 4-1-9) (served p5 5-1-11) (served p6 6-1-13) (served p7 7-1-15) (served p8 8-1-17) (served p9 9-1-19)
Value: 14
