RSE-Invertible facts:
0:(at package1 city1-1) in-fam-group
1:(at package1 city1-2) in-fam-group
2:(at package1 city2-1) in-fam-group
3:(at package1 city2-2) in-fam-group
4:(at package1 city3-1) in-fam-group
5:(at package1 city3-2) in-fam-group
6:(at package1 city4-1) in-fam-group
7:(at package1 city4-2) in-fam-group
8:(at package1 city5-1) in-fam-group
9:(at package1 city5-2) in-fam-group
10:(at package1 city6-1) in-fam-group
11:(at package1 city6-2) in-fam-group
12:(at package2 city1-1) in-fam-group
13:(at package2 city1-2) in-fam-group
14:(at package2 city2-1) in-fam-group
15:(at package2 city2-2) in-fam-group
16:(at package2 city3-1) in-fam-group
17:(at package2 city3-2) in-fam-group
18:(at package2 city4-1) in-fam-group
19:(at package2 city4-2) in-fam-group
20:(at package2 city5-1) in-fam-group
21:(at package2 city5-2) in-fam-group
22:(at package2 city6-1) in-fam-group
23:(at package2 city6-2) in-fam-group
24:(at package3 city1-1) in-fam-group
25:(at package3 city1-2) in-fam-group
26:(at package3 city2-1) in-fam-group
27:(at package3 city2-2) in-fam-group
28:(at package3 city3-1) in-fam-group
29:(at package3 city3-2) in-fam-group
30:(at package3 city4-1) in-fam-group
31:(at package3 city4-2) in-fam-group
32:(at package3 city5-1) in-fam-group
33:(at package3 city5-2) in-fam-group
34:(at package3 city6-1) in-fam-group
35:(at package3 city6-2) in-fam-group
36:(at package4 city1-1) in-fam-group
37:(at package4 city1-2) in-fam-group
38:(at package4 city2-1) in-fam-group
39:(at package4 city2-2) in-fam-group
40:(at package4 city3-1) in-fam-group
41:(at package4 city3-2) in-fam-group
42:(at package4 city4-1) in-fam-group
43:(at package4 city4-2) in-fam-group
44:(at package4 city5-1) in-fam-group
45:(at package4 city5-2) in-fam-group
46:(at package4 city6-1) in-fam-group
47:(at package4 city6-2) in-fam-group
48:(at package5 city1-1) in-fam-group
49:(at package5 city1-2) in-fam-group
50:(at package5 city2-1) in-fam-group
51:(at package5 city2-2) in-fam-group
52:(at package5 city3-1) in-fam-group
53:(at package5 city3-2) in-fam-group
54:(at package5 city4-1) in-fam-group
55:(at package5 city4-2) in-fam-group
56:(at package5 city5-1) in-fam-group
57:(at package5 city5-2) in-fam-group
58:(at package5 city6-1) in-fam-group
59:(at package5 city6-2) in-fam-group
60:(at package6 city1-1) in-fam-group
61:(at package6 city1-2) in-fam-group
62:(at package6 city2-1) in-fam-group
63:(at package6 city2-2) in-fam-group
64:(at package6 city3-1) in-fam-group
65:(at package6 city3-2) in-fam-group
66:(at package6 city4-1) in-fam-group
67:(at package6 city4-2) in-fam-group
68:(at package6 city5-1) in-fam-group
69:(at package6 city5-2) in-fam-group
70:(at package6 city6-1) in-fam-group
71:(at package6 city6-2) in-fam-group
72:(at plane1 city1-2) in-fam-group
73:(at plane1 city2-2) in-fam-group
74:(at plane1 city3-2) in-fam-group
75:(at plane1 city4-2) in-fam-group
76:(at plane1 city5-2) in-fam-group
77:(at plane1 city6-2) in-fam-group
78:(at plane2 city1-2) in-fam-group
79:(at plane2 city2-2) in-fam-group
80:(at plane2 city3-2) in-fam-group
81:(at plane2 city4-2) in-fam-group
82:(at plane2 city5-2) in-fam-group
83:(at plane2 city6-2) in-fam-group
84:(at truck1 city1-1) in-fam-group
85:(at truck1 city1-2) in-fam-group
86:(at truck2 city2-1) in-fam-group
87:(at truck2 city2-2) in-fam-group
88:(at truck3 city3-1) in-fam-group
89:(at truck3 city3-2) in-fam-group
90:(at truck4 city4-1) in-fam-group
91:(at truck4 city4-2) in-fam-group
92:(at truck5 city5-1) in-fam-group
93:(at truck5 city5-2) in-fam-group
94:(at truck6 city6-1) in-fam-group
95:(at truck6 city6-2) in-fam-group
96:(in package1 plane1) in-fam-group
97:(in package1 plane2) in-fam-group
98:(in package1 truck1) in-fam-group
99:(in package1 truck2) in-fam-group
100:(in package1 truck3) in-fam-group
101:(in package1 truck4) in-fam-group
102:(in package1 truck5) in-fam-group
103:(in package1 truck6) in-fam-group
104:(in package2 plane1) in-fam-group
105:(in package2 plane2) in-fam-group
106:(in package2 truck1) in-fam-group
107:(in package2 truck2) in-fam-group
108:(in package2 truck3) in-fam-group
109:(in package2 truck4) in-fam-group
110:(in package2 truck5) in-fam-group
111:(in package2 truck6) in-fam-group
112:(in package3 plane1) in-fam-group
113:(in package3 plane2) in-fam-group
114:(in package3 truck1) in-fam-group
115:(in package3 truck2) in-fam-group
116:(in package3 truck3) in-fam-group
117:(in package3 truck4) in-fam-group
118:(in package3 truck5) in-fam-group
119:(in package3 truck6) in-fam-group
120:(in package4 plane1) in-fam-group
121:(in package4 plane2) in-fam-group
122:(in package4 truck1) in-fam-group
123:(in package4 truck2) in-fam-group
124:(in package4 truck3) in-fam-group
125:(in package4 truck4) in-fam-group
126:(in package4 truck5) in-fam-group
127:(in package4 truck6) in-fam-group
128:(in package5 plane1) in-fam-group
129:(in package5 plane2) in-fam-group
130:(in package5 truck1) in-fam-group
131:(in package5 truck2) in-fam-group
132:(in package5 truck3) in-fam-group
133:(in package5 truck4) in-fam-group
134:(in package5 truck5) in-fam-group
135:(in package5 truck6) in-fam-group
136:(in package6 plane1) in-fam-group
137:(in package6 plane2) in-fam-group
138:(in package6 truck1) in-fam-group
139:(in package6 truck2) in-fam-group
140:(in package6 truck3) in-fam-group
141:(in package6 truck4) in-fam-group
142:(in package6 truck5) in-fam-group
143:(in package6 truck6) in-fam-group
