step 0: state 101 applicable 1
    state: (NOT-made p1) (NOT-made p10) (NOT-made p11) (NOT-made p12) (NOT-made p13) (NOT-made p14) (NOT-made p15) (NOT-made p16) (NOT-made p17) (NOT-made p18) (NOT-made p19) (NOT-made p2) (NOT-made p20) (NOT-made p21) (NOT-made p22) (NOT-made p23) (NOT-made p24) (NOT-made p25) (NOT-made p26) (NOT-made p27) (NOT-made p28) (NOT-made p29) (NOT-made p3) (NOT-made p30) (NOT-made p31) (NOT-made p32) (NOT-made p33) (NOT-made p34) (NOT-made p35) (NOT-made p36) (NOT-made p37) (NOT-made p38) (NOT-made p39) (NOT-made p4) (NOT-made p40) (NOT-made p41) (NOT-made p42) (NOT-made p43) (NOT-made p44) (NOT-made p45) (NOT-made p46) (NOT-made p47) (NOT-made p48) (NOT-made p49) (NOT-made p5) (NOT-made p50) (NOT-made p6) (NOT-made p7) (NOT-made p8) (NOT-made p9) (stacks-avail n0) (waiting o1) (waiting o10) (waiting o11) (waiting o12) (waiting o13) (waiting o14) (waiting o15) (waiting o16) (waiting o17) (waiting o18) (waiting o19) (waiting o2) (waiting o20) (waiting o21) (waiting o22) (waiting o23) (waiting o24) (waiting o25) (waiting o26) (waiting o27) (waiting o28) (waiting o29) (waiting o3) (waiting o30) (waiting o31) (waiting o32) (waiting o33) (waiting o34) (waiting o35) (waiting o36) (waiting o37) (waiting o38) (waiting o39) (waiting o4) (waiting o40) (waiting o41) (waiting o42) (waiting o43) (waiting o44) (waiting o45) (waiting o46) (waiting o47) (waiting o48) (waiting o49) (waiting o5) (waiting o50) (waiting o6) (waiting o7) (waiting o8) (waiting o9)
open-new-stack n0 n1 :: cost: 1 [successor]
    add: (stacks-avail n1)
    del: (stacks-avail n0)
step 1: state 101 applicable 51
    state: (NOT-made p1) (NOT-made p10) (NOT-made p11) (NOT-made p12) (NOT-made p13) (NOT-made p14) (NOT-made p15) (NOT-made p16) (NOT-made p17) (NOT-made p18) (NOT-made p19) (NOT-made p2) (NOT-made p20) (NOT-made p21) (NOT-made p22) (NOT-made p23) (NOT-made p24) (NOT-made p25) (NOT-made p26) (NOT-made p27) (NOT-made p28) (NOT-made p29) (NOT-made p3) (NOT-made p30) (NOT-made p31) (NOT-made p32) (NOT-made p33) (NOT-made p34) (NOT-made p35) (NOT-made p36) (NOT-made p37) (NOT-made p38) (NOT-made p39) (NOT-made p4) (NOT-made p40) (NOT-made p41) (NOT-made p42) (NOT-made p43) (NOT-made p44) (NOT-made p45) (NOT-made p46) (NOT-made p47) (NOT-made p48) (NOT-made p49) (NOT-made p5) (NOT-made p50) (NOT-made p6) (NOT-made p7) (NOT-made p8) (NOT-made p9) (stacks-avail n1) (waiting o1) (waiting o10) (waiting o11) (waiting o12) (waiting o13) (waiting o14) (waiting o15) (waiting o16) (waiting o17) (waiting o18) (waiting o19) (waiting o2) (waiting o20) (waiting o21) (waiting o22) (waiting o23) (waiting o24) (waiting o25) (waiting o26) (waiting o27) (waiting o28) (waiting o29) (waiting o3) (waiting o30) (waiting o31) (waiting o32) (waiting o33) (waiting o34) (waiting o35) (waiting o36) (waiting o37) (waiting o38) (waiting o39) (waiting o4) (waiting o40) (waiting o41) (waiting o42) (waiting o43) (waiting o44) (waiting o45) (waiting o46) (waiting o47) (waiting o48) (waiting o49) (waiting o5) (waiting o50) (waiting o6) (waiting o7) (waiting o8) (waiting o9)
open-new-stack n1 n2 :: cost: 1
    add: (stacks-avail n2)
    del: (stacks-avail n1)
start-order o1 n1 n0 :: cost: 0 [successor]
    add: (stacks-avail n0) (started o1)
    del: (stacks-avail n1) (waiting o1)
start-order o10 n1 n0 :: cost: 0
    add: (stacks-avail n0) (started o10)
    del: (stacks-avail n1) (waiting o10)
step 2: state 101 applicable 1
    state: (NOT-made p1) (NOT-made p10) (NOT-made p11) (NOT-made p12) (NOT-made p13) (NOT-made p14) (NOT-made p15) (NOT-made p16) (NOT-made p17) (NOT-made p18) (NOT-made p19) (NOT-made p2) (NOT-made p20) (NOT-made p21) (NOT-made p22) (NOT-made p23) (NOT-made p24) (NOT-made p25) (NOT-made p26) (NOT-made p27) (NOT-made p28) (NOT-made p29) (NOT-made p3) (NOT-made p30) (NOT-made p31) (NOT-made p32) (NOT-made p33) (NOT-made p34) (NOT-made p35) (NOT-made p36) (NOT-made p37) (NOT-made p38) (NOT-made p39) (NOT-made p4) (NOT-made p40) (NOT-made p41) (NOT-made p42) (NOT-made p43) (NOT-made p44) (NOT-made p45) (NOT-made p46) (NOT-made p47) (NOT-made p48) (NOT-made p49) (NOT-made p5) (NOT-made p50) (NOT-made p6) (NOT-made p7) (NOT-made p8) (NOT-made p9) (stacks-avail n0) (started o1) (waiting o10) (waiting o11) (waiting o12) (waiting o13) (waiting o14) (waiting o15) (waiting o16) (waiting o17) (waiting o18) (waiting o19) (waiting o2) (waiting o20) (waiting o21) (waiting o22) (waiting o23) (waiting o24) (waiting o25) (waiting o26) (waiting o27) (waiting o28) (waiting o29) (waiting o3) (waiting o30) (waiting o31) (waiting o32) (waiting o33) (waiting o34) (waiting o35) (waiting o36) (waiting o37) (waiting o38) (waiting o39) (waiting o4) (waiting o40) (waiting o41) (waiting o42) (waiting o43) (waiting o44) (waiting o45) (waiting o46) (waiting o47) (waiting o48) (waiting o49) (waiting o5) (waiting o50) (waiting o6) (waiting o7) (waiting o8) (waiting o9)
open-new-stack n0 n1 :: cost: 1 [successor]
    add: (stacks-avail n1)
    del: (stacks-avail n0)
step 3: state 101 applicable 50
    state: (NOT-made p1) (NOT-made p10) (NOT-made p11) (NOT-made p12) (NOT-made p13) (NOT-made p14) (NOT-made p15) (NOT-made p16) (NOT-made p17) (NOT-made p18) (NOT-made p19) (NOT-made p2) (NOT-made p20) (NOT-made p21) (NOT-made p22) (NOT-made p23) (NOT-made p24) (NOT-made p25) (NOT-made p26) (NOT-made p27) (NOT-made p28) (NOT-made p29) (NOT-made p3) (NOT-made p30) (NOT-made p31) (NOT-made p32) (NOT-made p33) (NOT-made p34) (NOT-made p35) (NOT-made p36) (NOT-made p37) (NOT-made p38) (NOT-made p39) (NOT-made p4) (NOT-made p40) (NOT-made p41) (NOT-made p42) (NOT-made p43) (NOT-made p44) (NOT-made p45) (NOT-made p46) (NOT-made p47) (NOT-made p48) (NOT-made p49) (NOT-made p5) (NOT-made p50) (NOT-made p6) (NOT-made p7) (NOT-made p8) (NOT-made p9) (stacks-avail n1) (started o1) (waiting o10) (waiting o11) (waiting o12) (waiting o13) (waiting o14) (waiting o15) (waiting o16) (waiting o17) (waiting o18) (waiting o19) (waiting o2) (waiting o20) (waiting o21) (waiting o22) (waiting o23) (waiting o24) (waiting o25) (waiting o26) (waiting o27) (waiting o28) (waiting o29) (waiting o3) (waiting o30) (waiting o31) (waiting o32) (waiting o33) (waiting o34) (waiting o35) (waiting o36) (waiting o37) (waiting o38) (waiting o39) (waiting o4) (waiting o40) (waiting o41) (waiting o42) (waiting o43) (waiting o44) (waiting o45) (waiting o46) (waiting o47) (waiting o48) (waiting o49) (waiting o5) (waiting o50) (waiting o6) (waiting o7) (waiting o8) (waiting o9)
open-new-stack n1 n2 :: cost: 1
    add: (stacks-avail n2)
    del: (stacks-avail n1)
start-order o10 n1 n0 :: cost: 0
    add: (stacks-avail n0) (started o10)
    del: (stacks-avail n1) (waiting o10)
start-order o11 n1 n0 :: cost: 0
    add: (stacks-avail n0) (started o11)
    del: (stacks-avail n1) (waiting o11)
    successor: start-order o4 n1 n0
step 4: state 101 applicable 1
    state: (NOT-made p1) (NOT-made p10) (NOT-made p11) (NOT-made p12) (NOT-made p13) (NOT-made p14) (NOT-made p15) (NOT-made p16) (NOT-made p17) (NOT-made p18) (NOT-made p19) (NOT-made p2) (NOT-made p20) (NOT-made p21) (NOT-made p22) (NOT-made p23) (NOT-made p24) (NOT-made p25) (NOT-made p26) (NOT-made p27) (NOT-made p28) (NOT-made p29) (NOT-made p3) (NOT-made p30) (NOT-made p31) (NOT-made p32) (NOT-made p33) (NOT-made p34) (NOT-made p35) (NOT-made p36) (NOT-made p37) (NOT-made p38) (NOT-made p39) (NOT-made p4) (NOT-made p40) (NOT-made p41) (NOT-made p42) (NOT-made p43) (NOT-made p44) (NOT-made p45) (NOT-made p46) (NOT-made p47) (NOT-made p48) (NOT-made p49) (NOT-made p5) (NOT-made p50) (NOT-made p6) (NOT-made p7) (NOT-made p8) (NOT-made p9) (stacks-avail n0) (started o1) (started o4) (waiting o10) (waiting o11) (waiting o12) (waiting o13) (waiting o14) (waiting o15) (waiting o16) (waiting o17) (waiting o18) (waiting o19) (waiting o2) (waiting o20) (waiting o21) (waiting o22) (waiting o23) (waiting o24) (waiting o25) (waiting o26) (waiting o27) (waiting o28) (waiting o29) (waiting o3) (waiting o30) (waiting o31) (waiting o32) (waiting o33) (waiting o34) (waiting o35) (waiting o36) (waiting o37) (waiting o38) (waiting o39) (waiting o40) (waiting o41) (waiting o42) (waiting o43) (waiting o44) (waiting o45) (waiting o46) (waiting o47) (waiting o48) (waiting o49) (waiting o5) (waiting o50) (waiting o6) (waiting o7) (waiting o8) (waiting o9)
open-new-stack n0 n1 :: cost: 1 [successor]
    add: (stacks-avail n1)
    del: (stacks-avail n0)
ground atoms: 153 groundings: 52
