(=)
  in-init: 0
  in-pre: 0
  in-pre-neg: 0
  in-goal: 0
  in-goal-neg: 0
  in-eff: 0
(on_board)
  in-init: 1
  in-pre: 1
  in-pre-neg: 0
  in-goal: 0
  in-goal-neg: 0
  in-eff: 0
(supports)
  in-init: 1
  in-pre: 1
  in-pre-neg: 0
  in-goal: 0
  in-goal-neg: 0
  in-eff: 0
(pointing)
  in-init: 1
  in-pre: 1
  in-pre-neg: 0
  in-goal: 0
  in-goal-neg: 0
  in-eff: 1
(power_avail)
  in-init: 1
  in-pre: 1
  in-pre-neg: 0
  in-goal: 0
  in-goal-neg: 0
  in-eff: 1
(power_on)
  in-init: 0
  in-pre: 1
  in-pre-neg: 0
  in-goal: 0
  in-goal-neg: 0
  in-eff: 1
(calibrated)
  in-init: 0
  in-pre: 1
  in-pre-neg: 0
  in-goal: 0
  in-goal-neg: 0
  in-eff: 1
(have_image)
  in-init: 0
  in-pre: 0
  in-pre-neg: 0
  in-goal: 1
  in-goal-neg: 0
  in-eff: 1
(calibration_target)
  in-init: 1
  in-pre: 1
  in-pre-neg: 0
  in-goal: 0
  in-goal-neg: 0
  in-eff: 0
(satellite)
  in-init: 1
  in-pre: 1
  in-pre-neg: 0
  in-goal: 0
  in-goal-neg: 0
  in-eff: 0
(direction)
  in-init: 1
  in-pre: 1
  in-pre-neg: 0
  in-goal: 0
  in-goal-neg: 0
  in-eff: 0
(instrument)
  in-init: 1
  in-pre: 1
  in-pre-neg: 0
  in-goal: 0
  in-goal-neg: 0
  in-eff: 0
(mode)
  in-init: 1
  in-pre: 1
  in-pre-neg: 0
  in-goal: 0
  in-goal-neg: 0
  in-eff: 0
