Reduced 75 -> 74
Domain: transport
Problem: transport-three-cities-sequential-20nodes-1000size-4degree-100mindistance-3trucks-7packages-2014seed
Require: 200ff
Type[6]:
    [0]: object, parent: -1
    [1]: location, parent: 0
    [2]: locatable, parent: 0
    [3]: vehicle, parent: 2
    [4]: package, parent: 2
    [5]: capacity-number, parent: 0
Obj-by-Type:
    [0]: 0 1 2 3 4 5 6 7 8 9 10 11 12 13 14 15 16 17 18 19 20 21 22 23 24 25 26 27 28 29 30 31 32 33 34 35 36 37 38 39 40 41 42 43 44 45 46 47 48 49 50 51 52 53 54 55 56 57 58 59 60 61 62 63 64 65 66 67 68 69 70 71 72 73
    [1]: 0 1 2 3 4 5 6 7 8 9 10 11 12 13 14 15 16 17 18 19 20 21 22 23 24 25 26 27 28 29 30 31 32 33 34 35 36 37 38 39 40 41 42 43 44 45 46 47 48 49 50 51 52 53 54 55 56 57 58
    [2]: 59 60 61 62 63 64 65 66 67 68
    [3]: 59 60 61
    [4]: 62 63 64 65 66 67 68
    [5]: 69 70 71 72 73
Obj[74]:
    [0]: city-1-loc-1, type: 1, is-constant: 0, is-private: 0, owner: -1, is-agent: 0
    [1]: city-2-loc-1, type: 1, is-constant: 0, is-private: 0, owner: -1, is-agent: 0
    [2]: city-3-loc-1, type: 1, is-constant: 0, is-private: 0, owner: -1, is-agent: 0
    [3]: city-1-loc-2, type: 1, is-constant: 0, is-private: 0, owner: -1, is-agent: 0
    [4]: city-2-loc-2, type: 1, is-constant: 0, is-private: 0, owner: -1, is-agent: 0
    [5]: city-3-loc-2, type: 1, is-constant: 0, is-private: 0, owner: -1, is-agent: 0
    [6]: city-2-loc-3, type: 1, is-constant: 0, is-private: 0, owner: -1, is-agent: 0
    [7]: city-3-loc-3, type: 1, is-constant: 0, is-private: 0, owner: -1, is-agent: 0
    [8]: city-1-loc-3, type: 1, is-constant: 0, is-private: 0, owner: -1, is-agent: 0
    [9]: city-2-loc-4, type: 1, is-constant: 0, is-private: 0, owner: -1, is-agent: 0
    [10]: city-3-loc-4, type: 1, is-constant: 0, is-private: 0, owner: -1, is-agent: 0
    [11]: city-1-loc-5, type: 1, is-constant: 0, is-private: 0, owner: -1, is-agent: 0
    [12]: city-2-loc-5, type: 1, is-constant: 0, is-private: 0, owner: -1, is-agent: 0
    [13]: city-3-loc-5, type: 1, is-constant: 0, is-private: 0, owner: -1, is-agent: 0
    [14]: city-1-loc-6, type: 1, is-constant: 0, is-private: 0, owner: -1, is-agent: 0
    [15]: city-2-loc-6, type: 1, is-constant: 0, is-private: 0, owner: -1, is-agent: 0
    [16]: city-3-loc-6, type: 1, is-constant: 0, is-private: 0, owner: -1, is-agent: 0
    [17]: city-1-loc-7, type: 1, is-constant: 0, is-private: 0, owner: -1, is-agent: 0
    [18]: city-2-loc-7, type: 1, is-constant: 0, is-private: 0, owner: -1, is-agent: 0
    [19]: city-3-loc-7, type: 1, is-constant: 0, is-private: 0, owner: -1, is-agent: 0
    [20]: city-1-loc-8, type: 1, is-constant: 0, is-private: 0, owner: -1, is-agent: 0
    [21]: city-2-loc-8, type: 1, is-constant: 0, is-private: 0, owner: -1, is-agent: 0
    [22]: city-3-loc-8, type: 1, is-constant: 0, is-private: 0, owner: -1, is-agent: 0
    [23]: city-1-loc-9, type: 1, is-constant: 0, is-private: 0, owner: -1, is-agent: 0
    [24]: city-2-loc-9, type: 1, is-constant: 0, is-private: 0, owner: -1, is-agent: 0
    [25]: city-3-loc-9, type: 1, is-constant: 0, is-private: 0, owner: -1, is-agent: 0
    [26]: city-1-loc-10, type: 1, is-constant: 0, is-private: 0, owner: -1, is-agent: 0
    [27]: city-2-loc-10, type: 1, is-constant: 0, is-private: 0, owner: -1, is-agent: 0
    [28]: city-3-loc-10, type: 1, is-constant: 0, is-private: 0, owner: -1, is-agent: 0
    [29]: city-1-loc-11, type: 1, is-constant: 0, is-private: 0, owner: -1, is-agent: 0
    [30]: city-2-loc-11, type: 1, is-constant: 0, is-private: 0, owner: -1, is-agent: 0
    [31]: city-3-loc-11, type: 1, is-constant: 0, is-private: 0, owner: -1, is-agent: 0
    [32]: city-1-loc-12, type: 1, is-constant: 0, is-private: 0, owner: -1, is-agent: 0
    [33]: city-2-loc-12, type: 1, is-constant: 0, is-private: 0, owner: -1, is-agent: 0
    [34]: city-3-loc-12, type: 1, is-constant: 0, is-private: 0, owner: -1, is-agent: 0
    [35]: city-1-loc-13, type: 1, is-constant: 0, is-private: 0, owner: -1, is-agent: 0
    [36]: city-2-loc-13, type: 1, is-constant: 0, is-private: 0, owner: -1, is-agent: 0
    [37]: city-3-loc-13, type: 1, is-constant: 0, is-private: 0, owner: -1, is-agent: 0
    [38]: city-1-loc-14, type: 1, is-constant: 0, is-private: 0, owner: -1, is-agent: 0
    [39]: city-2-loc-14, type: 1, is-constant: 0, is-private: 0, owner: -1, is-agent: 0
    [40]: city-3-loc-14, type: 1, is-constant: 0, is-private: 0, owner: -1, is-agent: 0
    [41]: city-1-loc-15, type: 1, is-constant: 0, is-private: 0, owner: -1, is-agent: 0
    [42]: city-2-loc-15, type: 1, is-constant: 0, is-private: 0, owner: -1, is-agent: 0
    [43]: city-3-loc-15, type: 1, is-constant: 0, is-private: 0, owner: -1, is-agent: 0
    [44]: city-1-loc-16, type: 1, is-constant: 0, is-private: 0, owner: -1, is-agent: 0
    [45]: city-2-loc-16, type: 1, is-constant: 0, is-private: 0, owner: -1, is-agent: 0
    [46]: city-3-loc-16, type: 1, is-constant: 0, is-private: 0, owner: -1, is-agent: 0
    [47]: city-1-loc-17, type: 1, is-constant: 0, is-private: 0, owner: -1, is-agent: 0
    [48]: city-2-loc-17, type: 1, is-constant: 0, is-private: 0, owner: -1, is-agent: 0
    [49]: city-3-loc-17, type: 1, is-constant: 0, is-private: 0, owner: -1, is-agent: 0
    [50]: city-1-loc-18, type: 1, is-constant: 0, is-private: 0, owner: -1, is-agent: 0
    [51]: city-2-loc-18, type: 1, is-constant: 0, is-private: 0, owner: -1, is-agent: 0
    [52]: city-3-loc-18, type: 1, is-constant: 0, is-private: 0, owner: -1, is-agent: 0
    [53]: city-1-loc-19, type: 1, is-constant: 0, is-private: 0, owner: -1, is-agent: 0
    [54]: city-2-loc-19, type: 1, is-constant: 0, is-private: 0, owner: -1, is-agent: 0
    [55]: city-3-loc-19, type: 1, is-constant: 0, is-private: 0, owner: -1, is-agent: 0
    [56]: city-1-loc-20, type: 1, is-constant: 0, is-private: 0, owner: -1, is-agent: 0
    [57]: city-2-loc-20, type: 1, is-constant: 0, is-private: 0, owner: -1, is-agent: 0
    [58]: city-3-loc-20, type: 1, is-constant: 0, is-private: 0, owner: -1, is-agent: 0
    [59]: truck-1, type: 3, is-constant: 0, is-private: 0, owner: -1, is-agent: 0
    [60]: truck-2, type: 3, is-constant: 0, is-private: 0, owner: -1, is-agent: 0
    [61]: truck-3, type: 3, is-constant: 0, is-private: 0, owner: -1, is-agent: 0
    [62]: package-1, type: 4, is-constant: 0, is-private: 0, owner: -1, is-agent: 0
    [63]: package-2, type: 4, is-constant: 0, is-private: 0, owner: -1, is-agent: 0
    [64]: package-3, type: 4, is-constant: 0, is-private: 0, owner: -1, is-agent: 0
    [65]: package-4, type: 4, is-constant: 0, is-private: 0, owner: -1, is-agent: 0
    [66]: package-5, type: 4, is-constant: 0, is-private: 0, owner: -1, is-agent: 0
    [67]: package-6, type: 4, is-constant: 0, is-private: 0, owner: -1, is-agent: 0
    [68]: package-7, type: 4, is-constant: 0, is-private: 0, owner: -1, is-agent: 0
    [69]: capacity-0, type: 5, is-constant: 0, is-private: 0, owner: -1, is-agent: 0
    [70]: capacity-1, type: 5, is-constant: 0, is-private: 0, owner: -1, is-agent: 0
    [71]: capacity-2, type: 5, is-constant: 0, is-private: 0, owner: -1, is-agent: 0
    [72]: capacity-3, type: 5, is-constant: 0, is-private: 0, owner: -1, is-agent: 0
    [73]: capacity-4, type: 5, is-constant: 0, is-private: 0, owner: -1, is-agent: 0
Predicate[6]:
    =: 0 0 :: is-private: 0, owner-param: -1, read: 0, write: 0
    road: 1 1 :: is-private: 0, owner-param: -1, read: 1, write: 0
    at: 2 1 :: is-private: 0, owner-param: -1, read: 1, write: 1
    in: 4 3 :: is-private: 0, owner-param: -1, read: 1, write: 1
    capacity: 3 5 :: is-private: 0, owner-param: -1, read: 1, write: 1
    capacity-predecessor: 5 5 :: is-private: 0, owner-param: -1, read: 1, write: 0
Function[2]:
    road-length: 1 1 :: is-private: 0, owner-param: -1, read: 0, write: 0
    total-cost: :: is-private: 0, owner-param: -1, read: 0, write: 0
Action[3]:
    drive: ?v:3 ?l1:1 ?l2:1
        pre: (and (RW:at ?v ?l1) (R:road ?l1 ?l2))
        eff: (and (N:RW:at ?v ?l1) (RW:at ?v ?l2) (increase (total-cost) (road-length ?l1 ?l2)))
    pick-up: ?v:3 ?l:1 ?p:4 ?s1:5 ?s2:5
        pre: (and (RW:at ?v ?l) (RW:at ?p ?l) (R:capacity-predecessor ?s1 ?s2) (RW:capacity ?v ?s2))
        eff: (and (N:RW:at ?p ?l) (RW:in ?p ?v) (RW:capacity ?v ?s1) (N:RW:capacity ?v ?s2) (increase (total-cost) 1))
    drop: ?v:3 ?l:1 ?p:4 ?s1:5 ?s2:5
        pre: (and (RW:at ?v ?l) (RW:in ?p ?v) (R:capacity-predecessor ?s1 ?s2) (RW:capacity ?v ?s1))
        eff: (and (N:RW:in ?p ?v) (RW:at ?p ?l) (RW:capacity ?v ?s2) (N:RW:capacity ?v ?s1) (increase (total-cost) 1))
Init[237]:
  S:(capacity-predecessor capacity-0 capacity-1)
  S:(capacity-predecessor capacity-1 capacity-2)
  S:(capacity-predecessor capacity-2 capacity-3)
  S:(capacity-predecessor capacity-3 capacity-4)
  S:(road city-1-loc-3 city-1-loc-1)
  S:(road city-1-loc-1 city-1-loc-3)
  S:(road city-1-loc-5 city-1-loc-3)
  S:(road city-1-loc-3 city-1-loc-5)
  S:(road city-1-loc-7 city-1-loc-1)
  S:(road city-1-loc-1 city-1-loc-7)
  S:(road city-1-loc-8 city-1-loc-1)
  S:(road city-1-loc-1 city-1-loc-8)
  S:(road city-1-loc-8 city-1-loc-3)
  S:(road city-1-loc-3 city-1-loc-8)
  S:(road city-1-loc-9 city-1-loc-1)
  S:(road city-1-loc-1 city-1-loc-9)
  S:(road city-1-loc-9 city-1-loc-3)
  S:(road city-1-loc-3 city-1-loc-9)
  S:(road city-1-loc-9 city-1-loc-7)
  S:(road city-1-loc-7 city-1-loc-9)
  S:(road city-1-loc-9 city-1-loc-8)
  S:(road city-1-loc-8 city-1-loc-9)
  S:(road city-1-loc-10 city-1-loc-7)
  S:(road city-1-loc-7 city-1-loc-10)
  S:(road city-1-loc-11 city-1-loc-6)
  S:(road city-1-loc-6 city-1-loc-11)
  S:(road city-1-loc-12 city-1-loc-6)
  S:(road city-1-loc-6 city-1-loc-12)
  S:(road city-1-loc-12 city-1-loc-11)
  S:(road city-1-loc-11 city-1-loc-12)
  S:(road city-1-loc-13 city-1-loc-8)
  S:(road city-1-loc-8 city-1-loc-13)
  S:(road city-1-loc-13 city-1-loc-9)
  S:(road city-1-loc-9 city-1-loc-13)
  S:(road city-1-loc-14 city-1-loc-7)
  S:(road city-1-loc-7 city-1-loc-14)
  S:(road city-1-loc-14 city-1-loc-10)
  S:(road city-1-loc-10 city-1-loc-14)
  S:(road city-1-loc-14 city-1-loc-12)
  S:(road city-1-loc-12 city-1-loc-14)
  S:(road city-1-loc-15 city-1-loc-5)
  S:(road city-1-loc-5 city-1-loc-15)
  S:(road city-1-loc-16 city-1-loc-10)
  S:(road city-1-loc-10 city-1-loc-16)
  S:(road city-1-loc-17 city-1-loc-10)
  S:(road city-1-loc-10 city-1-loc-17)
  S:(road city-1-loc-17 city-1-loc-14)
  S:(road city-1-loc-14 city-1-loc-17)
  S:(road city-1-loc-17 city-1-loc-16)
  S:(road city-1-loc-16 city-1-loc-17)
  S:(road city-1-loc-18 city-1-loc-5)
  S:(road city-1-loc-5 city-1-loc-18)
  S:(road city-1-loc-18 city-1-loc-15)
  S:(road city-1-loc-15 city-1-loc-18)
  S:(road city-1-loc-19 city-1-loc-2)
  S:(road city-1-loc-2 city-1-loc-19)
  S:(road city-1-loc-19 city-1-loc-11)
  S:(road city-1-loc-11 city-1-loc-19)
  S:(road city-1-loc-20 city-1-loc-5)
  S:(road city-1-loc-5 city-1-loc-20)
  S:(road city-1-loc-20 city-1-loc-15)
  S:(road city-1-loc-15 city-1-loc-20)
  S:(road city-1-loc-20 city-1-loc-18)
  S:(road city-1-loc-18 city-1-loc-20)
  S:(road city-2-loc-5 city-2-loc-2)
  S:(road city-2-loc-2 city-2-loc-5)
  S:(road city-2-loc-6 city-2-loc-4)
  S:(road city-2-loc-4 city-2-loc-6)
  S:(road city-2-loc-8 city-2-loc-3)
  S:(road city-2-loc-3 city-2-loc-8)
  S:(road city-2-loc-9 city-2-loc-3)
  S:(road city-2-loc-3 city-2-loc-9)
  S:(road city-2-loc-9 city-2-loc-8)
  S:(road city-2-loc-8 city-2-loc-9)
  S:(road city-2-loc-10 city-2-loc-7)
  S:(road city-2-loc-7 city-2-loc-10)
  S:(road city-2-loc-11 city-2-loc-1)
  S:(road city-2-loc-1 city-2-loc-11)
  S:(road city-2-loc-12 city-2-loc-4)
  S:(road city-2-loc-4 city-2-loc-12)
  S:(road city-2-loc-12 city-2-loc-6)
  S:(road city-2-loc-6 city-2-loc-12)
  S:(road city-2-loc-12 city-2-loc-7)
  S:(road city-2-loc-7 city-2-loc-12)
  S:(road city-2-loc-13 city-2-loc-3)
  S:(road city-2-loc-3 city-2-loc-13)
  S:(road city-2-loc-13 city-2-loc-9)
  S:(road city-2-loc-9 city-2-loc-13)
  S:(road city-2-loc-13 city-2-loc-10)
  S:(road city-2-loc-10 city-2-loc-13)
  S:(road city-2-loc-13 city-2-loc-12)
  S:(road city-2-loc-12 city-2-loc-13)
  S:(road city-2-loc-14 city-2-loc-8)
  S:(road city-2-loc-8 city-2-loc-14)
  S:(road city-2-loc-15 city-2-loc-7)
  S:(road city-2-loc-7 city-2-loc-15)
  S:(road city-2-loc-15 city-2-loc-10)
  S:(road city-2-loc-10 city-2-loc-15)
  S:(road city-2-loc-16 city-2-loc-1)
  S:(road city-2-loc-1 city-2-loc-16)
  S:(road city-2-loc-16 city-2-loc-2)
  S:(road city-2-loc-2 city-2-loc-16)
  S:(road city-2-loc-16 city-2-loc-3)
  S:(road city-2-loc-3 city-2-loc-16)
  S:(road city-2-loc-16 city-2-loc-9)
  S:(road city-2-loc-9 city-2-loc-16)
  S:(road city-2-loc-16 city-2-loc-11)
  S:(road city-2-loc-11 city-2-loc-16)
  S:(road city-2-loc-17 city-2-loc-3)
  S:(road city-2-loc-3 city-2-loc-17)
  S:(road city-2-loc-17 city-2-loc-8)
  S:(road city-2-loc-8 city-2-loc-17)
  S:(road city-2-loc-17 city-2-loc-9)
  S:(road city-2-loc-9 city-2-loc-17)
  S:(road city-2-loc-17 city-2-loc-14)
  S:(road city-2-loc-14 city-2-loc-17)
  S:(road city-2-loc-18 city-2-loc-8)
  S:(road city-2-loc-8 city-2-loc-18)
  S:(road city-2-loc-18 city-2-loc-14)
  S:(road city-2-loc-14 city-2-loc-18)
  S:(road city-2-loc-19 city-2-loc-4)
  S:(road city-2-loc-4 city-2-loc-19)
  S:(road city-2-loc-19 city-2-loc-6)
  S:(road city-2-loc-6 city-2-loc-19)
  S:(road city-2-loc-19 city-2-loc-8)
  S:(road city-2-loc-8 city-2-loc-19)
  S:(road city-2-loc-19 city-2-loc-17)
  S:(road city-2-loc-17 city-2-loc-19)
  S:(road city-2-loc-20 city-2-loc-7)
  S:(road city-2-loc-7 city-2-loc-20)
  S:(road city-2-loc-20 city-2-loc-9)
  S:(road city-2-loc-9 city-2-loc-20)
  S:(road city-2-loc-20 city-2-loc-10)
  S:(road city-2-loc-10 city-2-loc-20)
  S:(road city-2-loc-20 city-2-loc-12)
  S:(road city-2-loc-12 city-2-loc-20)
  S:(road city-2-loc-20 city-2-loc-13)
  S:(road city-2-loc-13 city-2-loc-20)
  S:(road city-3-loc-2 city-3-loc-1)
  S:(road city-3-loc-1 city-3-loc-2)
  S:(road city-3-loc-3 city-3-loc-2)
  S:(road city-3-loc-2 city-3-loc-3)
  S:(road city-3-loc-4 city-3-loc-1)
  S:(road city-3-loc-1 city-3-loc-4)
  S:(road city-3-loc-4 city-3-loc-2)
  S:(road city-3-loc-2 city-3-loc-4)
  S:(road city-3-loc-4 city-3-loc-3)
  S:(road city-3-loc-3 city-3-loc-4)
  S:(road city-3-loc-5 city-3-loc-1)
  S:(road city-3-loc-1 city-3-loc-5)
  S:(road city-3-loc-6 city-3-loc-2)
  S:(road city-3-loc-2 city-3-loc-6)
  S:(road city-3-loc-6 city-3-loc-3)
  S:(road city-3-loc-3 city-3-loc-6)
  S:(road city-3-loc-7 city-3-loc-2)
  S:(road city-3-loc-2 city-3-loc-7)
  S:(road city-3-loc-7 city-3-loc-6)
  S:(road city-3-loc-6 city-3-loc-7)
  S:(road city-3-loc-10 city-3-loc-8)
  S:(road city-3-loc-8 city-3-loc-10)
  S:(road city-3-loc-11 city-3-loc-6)
  S:(road city-3-loc-6 city-3-loc-11)
  S:(road city-3-loc-11 city-3-loc-7)
  S:(road city-3-loc-7 city-3-loc-11)
  S:(road city-3-loc-11 city-3-loc-9)
  S:(road city-3-loc-9 city-3-loc-11)
  S:(road city-3-loc-12 city-3-loc-5)
  S:(road city-3-loc-5 city-3-loc-12)
  S:(road city-3-loc-12 city-3-loc-8)
  S:(road city-3-loc-8 city-3-loc-12)
  S:(road city-3-loc-12 city-3-loc-10)
  S:(road city-3-loc-10 city-3-loc-12)
  S:(road city-3-loc-13 city-3-loc-5)
  S:(road city-3-loc-5 city-3-loc-13)
  S:(road city-3-loc-14 city-3-loc-6)
  S:(road city-3-loc-6 city-3-loc-14)
  S:(road city-3-loc-14 city-3-loc-7)
  S:(road city-3-loc-7 city-3-loc-14)
  S:(road city-3-loc-14 city-3-loc-11)
  S:(road city-3-loc-11 city-3-loc-14)
  S:(road city-3-loc-15 city-3-loc-6)
  S:(road city-3-loc-6 city-3-loc-15)
  S:(road city-3-loc-15 city-3-loc-7)
  S:(road city-3-loc-7 city-3-loc-15)
  S:(road city-3-loc-15 city-3-loc-9)
  S:(road city-3-loc-9 city-3-loc-15)
  S:(road city-3-loc-15 city-3-loc-11)
  S:(road city-3-loc-11 city-3-loc-15)
  S:(road city-3-loc-15 city-3-loc-14)
  S:(road city-3-loc-14 city-3-loc-15)
  S:(road city-3-loc-16 city-3-loc-8)
  S:(road city-3-loc-8 city-3-loc-16)
  S:(road city-3-loc-16 city-3-loc-10)
  S:(road city-3-loc-10 city-3-loc-16)
  S:(road city-3-loc-17 city-3-loc-7)
  S:(road city-3-loc-7 city-3-loc-17)
  S:(road city-3-loc-17 city-3-loc-9)
  S:(road city-3-loc-9 city-3-loc-17)
  S:(road city-3-loc-17 city-3-loc-11)
  S:(road city-3-loc-11 city-3-loc-17)
  S:(road city-3-loc-17 city-3-loc-15)
  S:(road city-3-loc-15 city-3-loc-17)
  S:(road city-3-loc-18 city-3-loc-3)
  S:(road city-3-loc-3 city-3-loc-18)
  S:(road city-3-loc-18 city-3-loc-4)
  S:(road city-3-loc-4 city-3-loc-18)
  S:(road city-3-loc-19 city-3-loc-5)
  S:(road city-3-loc-5 city-3-loc-19)
  S:(road city-3-loc-19 city-3-loc-12)
  S:(road city-3-loc-12 city-3-loc-19)
  S:(road city-3-loc-19 city-3-loc-13)
  S:(road city-3-loc-13 city-3-loc-19)
  S:(road city-3-loc-20 city-3-loc-8)
  S:(road city-3-loc-8 city-3-loc-20)
  S:(road city-3-loc-20 city-3-loc-10)
  S:(road city-3-loc-10 city-3-loc-20)
  S:(road city-3-loc-20 city-3-loc-16)
  S:(road city-3-loc-16 city-3-loc-20)
  S:(road city-1-loc-6 city-2-loc-1)
  S:(road city-2-loc-1 city-1-loc-6)
  S:(road city-1-loc-6 city-3-loc-1)
  S:(road city-3-loc-1 city-1-loc-6)
  S:(road city-2-loc-17 city-3-loc-15)
  S:(road city-3-loc-15 city-2-loc-17)
  (at package-1 city-3-loc-8)
  (at package-2 city-2-loc-2)
  (at package-3 city-1-loc-9)
  (at package-4 city-1-loc-14)
  (at package-5 city-2-loc-2)
  (at package-6 city-2-loc-10)
  (at package-7 city-1-loc-12)
  (at truck-1 city-3-loc-18)
  (capacity truck-1 capacity-3)
  (at truck-2 city-1-loc-7)
  (capacity truck-2 capacity-2)
  (at truck-3 city-1-loc-5)
  (capacity truck-3 capacity-3)
Init[223]:
  (= (total-cost) 0)
  (= (road-length city-1-loc-3 city-1-loc-1) 30)
  (= (road-length city-1-loc-1 city-1-loc-3) 30)
  (= (road-length city-1-loc-5 city-1-loc-3) 31)
  (= (road-length city-1-loc-3 city-1-loc-5) 31)
  (= (road-length city-1-loc-5 city-1-loc-3) 30)
  (= (road-length city-1-loc-3 city-1-loc-5) 30)
  (= (road-length city-1-loc-7 city-1-loc-1) 21)
  (= (road-length city-1-loc-1 city-1-loc-7) 21)
  (= (road-length city-1-loc-8 city-1-loc-1) 28)
  (= (road-length city-1-loc-1 city-1-loc-8) 28)
  (= (road-length city-1-loc-8 city-1-loc-3) 18)
  (= (road-length city-1-loc-3 city-1-loc-8) 18)
  (= (road-length city-1-loc-9 city-1-loc-1) 17)
  (= (road-length city-1-loc-1 city-1-loc-9) 17)
  (= (road-length city-1-loc-9 city-1-loc-3) 25)
  (= (road-length city-1-loc-3 city-1-loc-9) 25)
  (= (road-length city-1-loc-9 city-1-loc-7) 25)
  (= (road-length city-1-loc-7 city-1-loc-9) 25)
  (= (road-length city-1-loc-9 city-1-loc-8) 14)
  (= (road-length city-1-loc-8 city-1-loc-9) 14)
  (= (road-length city-1-loc-10 city-1-loc-7) 28)
  (= (road-length city-1-loc-7 city-1-loc-10) 28)
  (= (road-length city-1-loc-11 city-1-loc-6) 30)
  (= (road-length city-1-loc-6 city-1-loc-11) 30)
  (= (road-length city-1-loc-12 city-1-loc-6) 29)
  (= (road-length city-1-loc-6 city-1-loc-12) 29)
  (= (road-length city-1-loc-12 city-1-loc-11) 18)
  (= (road-length city-1-loc-11 city-1-loc-12) 18)
  (= (road-length city-1-loc-13 city-1-loc-8) 18)
  (= (road-length city-1-loc-8 city-1-loc-13) 18)
  (= (road-length city-1-loc-13 city-1-loc-9) 16)
  (= (road-length city-1-loc-9 city-1-loc-13) 16)
  (= (road-length city-1-loc-14 city-1-loc-7) 18)
  (= (road-length city-1-loc-7 city-1-loc-14) 18)
  (= (road-length city-1-loc-14 city-1-loc-10) 27)
  (= (road-length city-1-loc-10 city-1-loc-14) 27)
  (= (road-length city-1-loc-14 city-1-loc-12) 16)
  (= (road-length city-1-loc-12 city-1-loc-14) 16)
  (= (road-length city-1-loc-15 city-1-loc-5) 16)
  (= (road-length city-1-loc-5 city-1-loc-15) 16)
  (= (road-length city-1-loc-16 city-1-loc-10) 20)
  (= (road-length city-1-loc-10 city-1-loc-16) 20)
  (= (road-length city-1-loc-17 city-1-loc-10) 17)
  (= (road-length city-1-loc-10 city-1-loc-17) 17)
  (= (road-length city-1-loc-17 city-1-loc-14) 22)
  (= (road-length city-1-loc-14 city-1-loc-17) 22)
  (= (road-length city-1-loc-17 city-1-loc-16) 15)
  (= (road-length city-1-loc-16 city-1-loc-17) 15)
  (= (road-length city-1-loc-18 city-1-loc-5) 20)
  (= (road-length city-1-loc-5 city-1-loc-18) 20)
  (= (road-length city-1-loc-18 city-1-loc-15) 12)
  (= (road-length city-1-loc-15 city-1-loc-18) 12)
  (= (road-length city-1-loc-19 city-1-loc-2) 14)
  (= (road-length city-1-loc-2 city-1-loc-19) 14)
  (= (road-length city-1-loc-19 city-1-loc-11) 20)
  (= (road-length city-1-loc-11 city-1-loc-19) 20)
  (= (road-length city-1-loc-20 city-1-loc-5) 26)
  (= (road-length city-1-loc-5 city-1-loc-20) 26)
  (= (road-length city-1-loc-20 city-1-loc-15) 11)
  (= (road-length city-1-loc-15 city-1-loc-20) 11)
  (= (road-length city-1-loc-20 city-1-loc-18) 14)
  (= (road-length city-1-loc-18 city-1-loc-20) 14)
  (= (road-length city-2-loc-5 city-2-loc-2) 20)
  (= (road-length city-2-loc-2 city-2-loc-5) 20)
  (= (road-length city-2-loc-6 city-2-loc-4) 12)
  (= (road-length city-2-loc-4 city-2-loc-6) 12)
  (= (road-length city-2-loc-8 city-2-loc-3) 17)
  (= (road-length city-2-loc-3 city-2-loc-8) 17)
  (= (road-length city-2-loc-9 city-2-loc-3) 14)
  (= (road-length city-2-loc-3 city-2-loc-9) 14)
  (= (road-length city-2-loc-9 city-2-loc-8) 30)
  (= (road-length city-2-loc-8 city-2-loc-9) 30)
  (= (road-length city-2-loc-10 city-2-loc-7) 13)
  (= (road-length city-2-loc-7 city-2-loc-10) 13)
  (= (road-length city-2-loc-11 city-2-loc-1) 13)
  (= (road-length city-2-loc-1 city-2-loc-11) 13)
  (= (road-length city-2-loc-12 city-2-loc-4) 29)
  (= (road-length city-2-loc-4 city-2-loc-12) 29)
  (= (road-length city-2-loc-12 city-2-loc-6) 18)
  (= (road-length city-2-loc-6 city-2-loc-12) 18)
  (= (road-length city-2-loc-12 city-2-loc-7) 28)
  (= (road-length city-2-loc-7 city-2-loc-12) 28)
  (= (road-length city-2-loc-13 city-2-loc-3) 28)
  (= (road-length city-2-loc-3 city-2-loc-13) 28)
  (= (road-length city-2-loc-13 city-2-loc-9) 15)
  (= (road-length city-2-loc-9 city-2-loc-13) 15)
  (= (road-length city-2-loc-13 city-2-loc-10) 25)
  (= (road-length city-2-loc-10 city-2-loc-13) 25)
  (= (road-length city-2-loc-13 city-2-loc-12) 26)
  (= (road-length city-2-loc-12 city-2-loc-13) 26)
  (= (road-length city-2-loc-14 city-2-loc-8) 15)
  (= (road-length city-2-loc-8 city-2-loc-14) 15)
  (= (road-length city-2-loc-15 city-2-loc-7) 22)
  (= (road-length city-2-loc-7 city-2-loc-15) 22)
  (= (road-length city-2-loc-15 city-2-loc-10) 22)
  (= (road-length city-2-loc-10 city-2-loc-15) 22)
  (= (road-length city-2-loc-16 city-2-loc-1) 30)
  (= (road-length city-2-loc-1 city-2-loc-16) 30)
  (= (road-length city-2-loc-16 city-2-loc-2) 28)
  (= (road-length city-2-loc-2 city-2-loc-16) 28)
  (= (road-length city-2-loc-16 city-2-loc-3) 30)
  (= (road-length city-2-loc-3 city-2-loc-16) 30)
  (= (road-length city-2-loc-16 city-2-loc-9) 28)
  (= (road-length city-2-loc-9 city-2-loc-16) 28)
  (= (road-length city-2-loc-16 city-2-loc-11) 28)
  (= (road-length city-2-loc-11 city-2-loc-16) 28)
  (= (road-length city-2-loc-17 city-2-loc-3) 25)
  (= (road-length city-2-loc-3 city-2-loc-17) 25)
  (= (road-length city-2-loc-17 city-2-loc-8) 19)
  (= (road-length city-2-loc-8 city-2-loc-17) 19)
  (= (road-length city-2-loc-17 city-2-loc-9) 31)
  (= (road-length city-2-loc-9 city-2-loc-17) 31)
  (= (road-length city-2-loc-17 city-2-loc-14) 24)
  (= (road-length city-2-loc-14 city-2-loc-17) 24)
  (= (road-length city-2-loc-18 city-2-loc-8) 28)
  (= (road-length city-2-loc-8 city-2-loc-18) 28)
  (= (road-length city-2-loc-18 city-2-loc-14) 23)
  (= (road-length city-2-loc-14 city-2-loc-18) 23)
  (= (road-length city-2-loc-19 city-2-loc-4) 22)
  (= (road-length city-2-loc-4 city-2-loc-19) 22)
  (= (road-length city-2-loc-19 city-2-loc-6) 26)
  (= (road-length city-2-loc-6 city-2-loc-19) 26)
  (= (road-length city-2-loc-19 city-2-loc-8) 30)
  (= (road-length city-2-loc-8 city-2-loc-19) 30)
  (= (road-length city-2-loc-19 city-2-loc-17) 12)
  (= (road-length city-2-loc-17 city-2-loc-19) 12)
  (= (road-length city-2-loc-20 city-2-loc-7) 24)
  (= (road-length city-2-loc-7 city-2-loc-20) 24)
  (= (road-length city-2-loc-20 city-2-loc-9) 23)
  (= (road-length city-2-loc-9 city-2-loc-20) 23)
  (= (road-length city-2-loc-20 city-2-loc-10) 23)
  (= (road-length city-2-loc-10 city-2-loc-20) 23)
  (= (road-length city-2-loc-20 city-2-loc-12) 15)
  (= (road-length city-2-loc-12 city-2-loc-20) 15)
  (= (road-length city-2-loc-20 city-2-loc-13) 12)
  (= (road-length city-2-loc-13 city-2-loc-20) 12)
  (= (road-length city-3-loc-2 city-3-loc-1) 28)
  (= (road-length city-3-loc-1 city-3-loc-2) 28)
  (= (road-length city-3-loc-3 city-3-loc-2) 17)
  (= (road-length city-3-loc-2 city-3-loc-3) 17)
  (= (road-length city-3-loc-4 city-3-loc-1) 20)
  (= (road-length city-3-loc-1 city-3-loc-4) 20)
  (= (road-length city-3-loc-4 city-3-loc-2) 24)
  (= (road-length city-3-loc-2 city-3-loc-4) 24)
  (= (road-length city-3-loc-4 city-3-loc-3) 26)
  (= (road-length city-3-loc-3 city-3-loc-4) 26)
  (= (road-length city-3-loc-5 city-3-loc-1) 21)
  (= (road-length city-3-loc-1 city-3-loc-5) 21)
  (= (road-length city-3-loc-6 city-3-loc-2) 22)
  (= (road-length city-3-loc-2 city-3-loc-6) 22)
  (= (road-length city-3-loc-6 city-3-loc-3) 29)
  (= (road-length city-3-loc-3 city-3-loc-6) 29)
  (= (road-length city-3-loc-7 city-3-loc-2) 28)
  (= (road-length city-3-loc-2 city-3-loc-7) 28)
  (= (road-length city-3-loc-7 city-3-loc-6) 17)
  (= (road-length city-3-loc-6 city-3-loc-7) 17)
  (= (road-length city-3-loc-10 city-3-loc-8) 19)
  (= (road-length city-3-loc-8 city-3-loc-10) 19)
  (= (road-length city-3-loc-11 city-3-loc-6) 23)
  (= (road-length city-3-loc-6 city-3-loc-11) 23)
  (= (road-length city-3-loc-11 city-3-loc-7) 13)
  (= (road-length city-3-loc-7 city-3-loc-11) 13)
  (= (road-length city-3-loc-11 city-3-loc-9) 24)
  (= (road-length city-3-loc-9 city-3-loc-11) 24)
  (= (road-length city-3-loc-12 city-3-loc-5) 25)
  (= (road-length city-3-loc-5 city-3-loc-12) 25)
  (= (road-length city-3-loc-12 city-3-loc-8) 19)
  (= (road-length city-3-loc-8 city-3-loc-12) 19)
  (= (road-length city-3-loc-12 city-3-loc-10) 26)
  (= (road-length city-3-loc-10 city-3-loc-12) 26)
  (= (road-length city-3-loc-13 city-3-loc-5) 25)
  (= (road-length city-3-loc-5 city-3-loc-13) 25)
  (= (road-length city-3-loc-14 city-3-loc-6) 17)
  (= (road-length city-3-loc-6 city-3-loc-14) 17)
  (= (road-length city-3-loc-14 city-3-loc-7) 30)
  (= (road-length city-3-loc-7 city-3-loc-14) 30)
  (= (road-length city-3-loc-14 city-3-loc-11) 30)
  (= (road-length city-3-loc-11 city-3-loc-14) 30)
  (= (road-length city-3-loc-15 city-3-loc-6) 25)
  (= (road-length city-3-loc-6 city-3-loc-15) 25)
  (= (road-length city-3-loc-15 city-3-loc-7) 24)
  (= (road-length city-3-loc-7 city-3-loc-15) 24)
  (= (road-length city-3-loc-15 city-3-loc-9) 19)
  (= (road-length city-3-loc-9 city-3-loc-15) 19)
  (= (road-length city-3-loc-15 city-3-loc-11) 15)
  (= (road-length city-3-loc-11 city-3-loc-15) 15)
  (= (road-length city-3-loc-15 city-3-loc-14) 23)
  (= (road-length city-3-loc-14 city-3-loc-15) 23)
  (= (road-length city-3-loc-16 city-3-loc-8) 27)
  (= (road-length city-3-loc-8 city-3-loc-16) 27)
  (= (road-length city-3-loc-16 city-3-loc-10) 12)
  (= (road-length city-3-loc-10 city-3-loc-16) 12)
  (= (road-length city-3-loc-17 city-3-loc-7) 23)
  (= (road-length city-3-loc-7 city-3-loc-17) 23)
  (= (road-length city-3-loc-17 city-3-loc-9) 19)
  (= (road-length city-3-loc-9 city-3-loc-17) 19)
  (= (road-length city-3-loc-17 city-3-loc-11) 13)
  (= (road-length city-3-loc-11 city-3-loc-17) 13)
  (= (road-length city-3-loc-17 city-3-loc-15) 23)
  (= (road-length city-3-loc-15 city-3-loc-17) 23)
  (= (road-length city-3-loc-18 city-3-loc-3) 25)
  (= (road-length city-3-loc-3 city-3-loc-18) 25)
  (= (road-length city-3-loc-18 city-3-loc-4) 13)
  (= (road-length city-3-loc-4 city-3-loc-18) 13)
  (= (road-length city-3-loc-19 city-3-loc-5) 15)
  (= (road-length city-3-loc-5 city-3-loc-19) 15)
  (= (road-length city-3-loc-19 city-3-loc-12) 25)
  (= (road-length city-3-loc-12 city-3-loc-19) 25)
  (= (road-length city-3-loc-19 city-3-loc-13) 17)
  (= (road-length city-3-loc-13 city-3-loc-19) 17)
  (= (road-length city-3-loc-20 city-3-loc-8) 21)
  (= (road-length city-3-loc-8 city-3-loc-20) 21)
  (= (road-length city-3-loc-20 city-3-loc-10) 25)
  (= (road-length city-3-loc-10 city-3-loc-20) 25)
  (= (road-length city-3-loc-20 city-3-loc-16) 24)
  (= (road-length city-3-loc-16 city-3-loc-20) 24)
  (= (road-length city-1-loc-6 city-2-loc-1) 115)
  (= (road-length city-2-loc-1 city-1-loc-6) 115)
  (= (road-length city-1-loc-6 city-3-loc-1) 115)
  (= (road-length city-3-loc-1 city-1-loc-6) 115)
  (= (road-length city-2-loc-17 city-3-loc-15) 162)
  (= (road-length city-3-loc-15 city-2-loc-17) 162)
Goal: (and (RW:at package-1 city-2-loc-5) (RW:at package-2 city-2-loc-17) (RW:at package-3 city-1-loc-12) (RW:at package-4 city-1-loc-5) (RW:at package-5 city-3-loc-14) (RW:at package-6 city-3-loc-15) (RW:at package-7 city-2-loc-10))
Metric: 1
