(=)
  in-init: 0
  in-pre: 0
  in-pre-neg: 0
  in-goal: 0
  in-goal-neg: 0
  in-eff: 0
(connected-by-land)
  in-init: 1
  in-pre: 1
  in-pre-neg: 0
  in-goal: 0
  in-goal-neg: 0
  in-eff: 0
(connected-by-rail)
  in-init: 0
  in-pre: 1
  in-pre-neg: 0
  in-goal: 1
  in-goal-neg: 0
  in-eff: 1
(has-coal-stack)
  in-init: 0
  in-pre: 1
  in-pre-neg: 0
  in-goal: 1
  in-goal-neg: 0
  in-eff: 1
(has-sawmill)
  in-init: 0
  in-pre: 1
  in-pre-neg: 0
  in-goal: 1
  in-goal-neg: 0
  in-eff: 1
(has-ironworks)
  in-init: 0
  in-pre: 1
  in-pre-neg: 0
  in-goal: 0
  in-goal-neg: 0
  in-eff: 1
(potential)
  in-init: 1
  in-pre: 1
  in-pre-neg: 0
  in-goal: 0
  in-goal-neg: 0
  in-eff: 1
(is-cart)
  in-init: 0
  in-pre: 1
  in-pre-neg: 0
  in-goal: 0
  in-goal-neg: 0
  in-eff: 1
(is-train)
  in-init: 0
  in-pre: 1
  in-pre-neg: 0
  in-goal: 0
  in-goal-neg: 0
  in-eff: 1
(is-at)
  in-init: 0
  in-pre: 1
  in-pre-neg: 0
  in-goal: 0
  in-goal-neg: 0
  in-eff: 1
(space-in)
  in-init: 0
  in-pre: 1
  in-pre-neg: 0
  in-goal: 0
  in-goal-neg: 0
  in-eff: 1
(available-stone)
  in-init: 1
  in-pre: 1
  in-pre-neg: 0
  in-goal: 0
  in-goal-neg: 0
  in-eff: 1
(available-ore)
  in-init: 1
  in-pre: 1
  in-pre-neg: 0
  in-goal: 0
  in-goal-neg: 0
  in-eff: 1
(available-timber)
  in-init: 1
  in-pre: 1
  in-pre-neg: 0
  in-goal: 0
  in-goal-neg: 0
  in-eff: 1
(available-coal)
  in-init: 1
  in-pre: 1
  in-pre-neg: 0
  in-goal: 0
  in-goal-neg: 0
  in-eff: 1
(available-wood)
  in-init: 1
  in-pre: 1
  in-pre-neg: 0
  in-goal: 0
  in-goal-neg: 0
  in-eff: 1
(available-iron)
  in-init: 1
  in-pre: 1
  in-pre-neg: 0
  in-goal: 0
  in-goal-neg: 0
  in-eff: 1
(housing)
  in-init: 1
  in-pre: 1
  in-pre-neg: 0
  in-goal: 1
  in-goal-neg: 0
  in-eff: 1
(available-atleast-stone)
  in-init: 1
  in-pre: 1
  in-pre-neg: 0
  in-goal: 0
  in-goal-neg: 0
  in-eff: 1
(available-atleast-ore)
  in-init: 1
  in-pre: 1
  in-pre-neg: 0
  in-goal: 0
  in-goal-neg: 0
  in-eff: 1
(available-atleast-timber)
  in-init: 1
  in-pre: 1
  in-pre-neg: 0
  in-goal: 0
  in-goal-neg: 0
  in-eff: 1
(available-atleast-coal)
  in-init: 0
  in-pre: 1
  in-pre-neg: 0
  in-goal: 0
  in-goal-neg: 0
  in-eff: 1
(available-atleast-wood)
  in-init: 0
  in-pre: 1
  in-pre-neg: 0
  in-goal: 0
  in-goal-neg: 0
  in-eff: 1
(available-atleast-iron)
  in-init: 0
  in-pre: 1
  in-pre-neg: 0
  in-goal: 0
  in-goal-neg: 0
  in-eff: 1
(has-space)
  in-init: 0
  in-pre: 1
  in-pre-neg: 0
  in-goal: 0
  in-goal-neg: 0
  in-eff: 1
(NOT-connected-by-rail)
  in-init: 1
  in-pre: 1
  in-pre-neg: 0
  in-goal: 0
  in-goal-neg: 0
  in-eff: 1
(NOT-has-coal-stack)
  in-init: 1
  in-pre: 1
  in-pre-neg: 0
  in-goal: 0
  in-goal-neg: 0
  in-eff: 1
(NOT-has-sawmill)
  in-init: 1
  in-pre: 1
  in-pre-neg: 0
  in-goal: 0
  in-goal-neg: 0
  in-eff: 1
(NOT-has-ironworks)
  in-init: 1
  in-pre: 1
  in-pre-neg: 0
  in-goal: 0
  in-goal-neg: 0
  in-eff: 1
(total-cost)
  in-init: 1
  init-all-nonneg: 1
  init-all-nonpos: 1
  init-all-int: 1
  in-pre: 0
  in-goal: 0
  in-metric: 1
  is-metric-alone: 1
  on-num-op-rhs: 0
  in-eff: 1
  in-eff-by-assign-or-scale: 0
  in-eff-in-cond-eff: 0
  write-delta-nonneg: 1
  write-delta-nonneg-int: 1
  rhs-funcs:
