step 0: state 15 applicable 21
    state: (lift-at fast0 n0) (lift-at fast1 n12) (lift-at slow0-0 n3) (lift-at slow1-0 n8) (passenger-at p0 n9) (passenger-at p1 n10) (passenger-at p2 n3) (passenger-at p3 n9) (passenger-at p4 n10) (passenger-at p5 n4) (passenger-at p6 n6) (passengers fast0 n0) (passengers fast1 n0) (passengers slow0-0 n0) (passengers slow1-0 n0)
board p2 slow0-0 n3 n0 n1 :: cost: 0
    add: (boarded p2 slow0-0) (passengers slow0-0 n1)
    del: (passenger-at p2 n3) (passengers slow0-0 n0)
move-down-fast fast1 n12 n0 :: cost: 37
    add: (lift-at fast1 n0)
    del: (lift-at fast1 n12)
move-down-fast fast1 n12 n3 :: cost: 28
    add: (lift-at fast1 n3)
    del: (lift-at fast1 n12)
    successor: move-up-slow slow0-0 n3 n4
step 1: state 15 applicable 21
    state: (lift-at fast0 n0) (lift-at fast1 n12) (lift-at slow0-0 n4) (lift-at slow1-0 n8) (passenger-at p0 n9) (passenger-at p1 n10) (passenger-at p2 n3) (passenger-at p3 n9) (passenger-at p4 n10) (passenger-at p5 n4) (passenger-at p6 n6) (passengers fast0 n0) (passengers fast1 n0) (passengers slow0-0 n0) (passengers slow1-0 n0)
board p5 slow0-0 n4 n0 n1 :: cost: 0
    add: (boarded p5 slow0-0) (passengers slow0-0 n1)
    del: (passenger-at p5 n4) (passengers slow0-0 n0)
move-down-fast fast1 n12 n0 :: cost: 37
    add: (lift-at fast1 n0)
    del: (lift-at fast1 n12)
move-down-fast fast1 n12 n3 :: cost: 28
    add: (lift-at fast1 n3)
    del: (lift-at fast1 n12)
    successor: move-up-slow slow0-0 n4 n6
step 2: state 15 applicable 21
    state: (lift-at fast0 n0) (lift-at fast1 n12) (lift-at slow0-0 n6) (lift-at slow1-0 n8) (passenger-at p0 n9) (passenger-at p1 n10) (passenger-at p2 n3) (passenger-at p3 n9) (passenger-at p4 n10) (passenger-at p5 n4) (passenger-at p6 n6) (passengers fast0 n0) (passengers fast1 n0) (passengers slow0-0 n0) (passengers slow1-0 n0)
board p6 slow0-0 n6 n0 n1 :: cost: 0
    add: (boarded p6 slow0-0) (passengers slow0-0 n1)
    del: (passenger-at p6 n6) (passengers slow0-0 n0)
move-down-fast fast1 n12 n0 :: cost: 37
    add: (lift-at fast1 n0)
    del: (lift-at fast1 n12)
move-down-fast fast1 n12 n3 :: cost: 28
    add: (lift-at fast1 n3)
    del: (lift-at fast1 n12)
    successor: move-up-slow slow1-0 n8 n11
step 3: state 15 applicable 21
    state: (lift-at fast0 n0) (lift-at fast1 n12) (lift-at slow0-0 n6) (lift-at slow1-0 n11) (passenger-at p0 n9) (passenger-at p1 n10) (passenger-at p2 n3) (passenger-at p3 n9) (passenger-at p4 n10) (passenger-at p5 n4) (passenger-at p6 n6) (passengers fast0 n0) (passengers fast1 n0) (passengers slow0-0 n0) (passengers slow1-0 n0)
board p6 slow0-0 n6 n0 n1 :: cost: 0
    add: (boarded p6 slow0-0) (passengers slow0-0 n1)
    del: (passenger-at p6 n6) (passengers slow0-0 n0)
move-down-fast fast1 n12 n0 :: cost: 37
    add: (lift-at fast1 n0)
    del: (lift-at fast1 n12)
move-down-fast fast1 n12 n3 :: cost: 28
    add: (lift-at fast1 n3)
    del: (lift-at fast1 n12)
    successor: move-down-slow slow0-0 n6 n2
step 4: state 15 applicable 20
    state: (lift-at fast0 n0) (lift-at fast1 n12) (lift-at slow0-0 n2) (lift-at slow1-0 n11) (passenger-at p0 n9) (passenger-at p1 n10) (passenger-at p2 n3) (passenger-at p3 n9) (passenger-at p4 n10) (passenger-at p5 n4) (passenger-at p6 n6) (passengers fast0 n0) (passengers fast1 n0) (passengers slow0-0 n0) (passengers slow1-0 n0)
move-down-fast fast1 n12 n0 :: cost: 37
    add: (lift-at fast1 n0)
    del: (lift-at fast1 n12)
move-down-fast fast1 n12 n3 :: cost: 28
    add: (lift-at fast1 n3)
    del: (lift-at fast1 n12)
move-down-fast fast1 n12 n6 :: cost: 19
    add: (lift-at fast1 n6)
    del: (lift-at fast1 n12)
    successor: move-up-slow slow1-0 n11 n12
ground atoms: 39 groundings: 47
