Step 0 (uninitialized) (location dummy-sheet some_finisher_tray) (location sheet1 some_feeder_tray) (location sheet2 some_feeder_tray) (location sheet3 some_feeder_tray) (location sheet4 some_feeder_tray) (location sheet5 some_feeder_tray) (location sheet6 some_feeder_tray) (location sheet7 some_feeder_tray) (location sheet8 some_feeder_tray) (location sheet9 some_feeder_tray) (location sheet10 some_feeder_tray) (notprintedwith sheet1 front black) (notprintedwith sheet1 back black) (notprintedwith sheet1 front color) (notprintedwith sheet1 back color) (notprintedwith sheet2 front black) (notprintedwith sheet2 back black) (notprintedwith sheet2 front color) (notprintedwith sheet2 back color) (notprintedwith sheet3 front black) (notprintedwith sheet3 back black) (notprintedwith sheet3 front color) (notprintedwith sheet3 back color) (notprintedwith sheet4 front black) (notprintedwith sheet4 back black) (notprintedwith sheet4 front color) (notprintedwith sheet4 back color) (notprintedwith sheet5 front black) (notprintedwith sheet5 back black) (notprintedwith sheet5 front color) (notprintedwith sheet5 back color) (notprintedwith sheet6 front black) (notprintedwith sheet6 back black) (notprintedwith sheet6 front color) (notprintedwith sheet6 back color) (notprintedwith sheet7 front black) (notprintedwith sheet7 back black) (notprintedwith sheet7 front color) (notprintedwith sheet7 back color) (notprintedwith sheet8 front black) (notprintedwith sheet8 back black) (notprintedwith sheet8 front color) (notprintedwith sheet8 back color) (notprintedwith sheet9 front black) (notprintedwith sheet9 back black) (notprintedwith sheet9 front color) (notprintedwith sheet9 back color) (notprintedwith sheet10 front black) (notprintedwith sheet10 back black) (notprintedwith sheet10 front color) (notprintedwith sheet10 back color)
size: 1
initialize :: cost: 0
    add: (available fe1-rsrc) (available im1-rsrc) (available uc1-rsrc) (available ube-rsrc) (available lc1-rsrc) (available lbe-rsrc) (available rh1-rsrc) (available uc2-rsrc) (available ure-rsrc) (available lc2-rsrc) (available lre-rsrc) (available rh2-rsrc) (available om-rsrc) (available sys-rsrc)
    del: (uninitialized)
Step 1 (location dummy-sheet some_finisher_tray) (location sheet1 some_feeder_tray) (location sheet2 some_feeder_tray) (location sheet3 some_feeder_tray) (location sheet4 some_feeder_tray) (location sheet5 some_feeder_tray) (location sheet6 some_feeder_tray) (location sheet7 some_feeder_tray) (location sheet8 some_feeder_tray) (location sheet9 some_feeder_tray) (location sheet10 some_feeder_tray) (notprintedwith sheet1 front black) (notprintedwith sheet1 back black) (notprintedwith sheet1 front color) (notprintedwith sheet1 back color) (notprintedwith sheet2 front black) (notprintedwith sheet2 back black) (notprintedwith sheet2 front color) (notprintedwith sheet2 back color) (notprintedwith sheet3 front black) (notprintedwith sheet3 back black) (notprintedwith sheet3 front color) (notprintedwith sheet3 back color) (notprintedwith sheet4 front black) (notprintedwith sheet4 back black) (notprintedwith sheet4 front color) (notprintedwith sheet4 back color) (notprintedwith sheet5 front black) (notprintedwith sheet5 back black) (notprintedwith sheet5 front color) (notprintedwith sheet5 back color) (notprintedwith sheet6 front black) (notprintedwith sheet6 back black) (notprintedwith sheet6 front color) (notprintedwith sheet6 back color) (notprintedwith sheet7 front black) (notprintedwith sheet7 back black) (notprintedwith sheet7 front color) (notprintedwith sheet7 back color) (notprintedwith sheet8 front black) (notprintedwith sheet8 back black) (notprintedwith sheet8 front color) (notprintedwith sheet8 back color) (notprintedwith sheet9 front black) (notprintedwith sheet9 back black) (notprintedwith sheet9 front color) (notprintedwith sheet9 back color) (notprintedwith sheet10 front black) (notprintedwith sheet10 back black) (notprintedwith sheet10 front color) (notprintedwith sheet10 back color) (available fe1-rsrc) (available im1-rsrc) (available uc1-rsrc) (available ube-rsrc) (available lc1-rsrc) (available lbe-rsrc) (available rh1-rsrc) (available uc2-rsrc) (available ure-rsrc) (available lc2-rsrc) (available lre-rsrc) (available rh2-rsrc) (available om-rsrc) (available sys-rsrc)
size: 20
fe1-feedmsi-letter sheet1 :: cost: 500
    add: (location sheet1 fe1_exit-im1_feedentry) (sideup sheet1 back)
    del: (location sheet1 some_feeder_tray)
fe1-feedmsi-letter sheet2 :: cost: 500
    add: (location sheet2 fe1_exit-im1_feedentry) (sideup sheet2 back)
    del: (location sheet2 some_feeder_tray)
fe1-feedmsi-letter sheet3 :: cost: 500
    add: (location sheet3 fe1_exit-im1_feedentry) (sideup sheet3 back)
    del: (location sheet3 some_feeder_tray)
fe1-feedmsi-letter sheet4 :: cost: 500
    add: (location sheet4 fe1_exit-im1_feedentry) (sideup sheet4 back)
    del: (location sheet4 some_feeder_tray)
fe1-feedmsi-letter sheet5 :: cost: 500
    add: (location sheet5 fe1_exit-im1_feedentry) (sideup sheet5 back)
    del: (location sheet5 some_feeder_tray)
fe1-feedmsi-letter sheet6 :: cost: 500
    add: (location sheet6 fe1_exit-im1_feedentry) (sideup sheet6 back)
    del: (location sheet6 some_feeder_tray)
fe1-feedmsi-letter sheet7 :: cost: 500
    add: (location sheet7 fe1_exit-im1_feedentry) (sideup sheet7 back)
    del: (location sheet7 some_feeder_tray)
fe1-feedmsi-letter sheet8 :: cost: 500
    add: (location sheet8 fe1_exit-im1_feedentry) (sideup sheet8 back)
    del: (location sheet8 some_feeder_tray)
fe1-feedmsi-letter sheet9 :: cost: 500
    add: (location sheet9 fe1_exit-im1_feedentry) (sideup sheet9 back)
    del: (location sheet9 some_feeder_tray)
fe1-feedmsi-letter sheet10 :: cost: 500
    add: (location sheet10 fe1_exit-im1_feedentry) (sideup sheet10 back)
    del: (location sheet10 some_feeder_tray)
fe1-feed-letter sheet1 :: cost: 899
    add: (location sheet1 fe1_exit-im1_feedentry) (sideup sheet1 back)
    del: (location sheet1 some_feeder_tray)
fe1-feed-letter sheet2 :: cost: 899
    add: (location sheet2 fe1_exit-im1_feedentry) (sideup sheet2 back)
    del: (location sheet2 some_feeder_tray)
fe1-feed-letter sheet3 :: cost: 899
    add: (location sheet3 fe1_exit-im1_feedentry) (sideup sheet3 back)
    del: (location sheet3 some_feeder_tray)
fe1-feed-letter sheet4 :: cost: 899
    add: (location sheet4 fe1_exit-im1_feedentry) (sideup sheet4 back)
    del: (location sheet4 some_feeder_tray)
fe1-feed-letter sheet5 :: cost: 899
    add: (location sheet5 fe1_exit-im1_feedentry) (sideup sheet5 back)
    del: (location sheet5 some_feeder_tray)
fe1-feed-letter sheet6 :: cost: 899
    add: (location sheet6 fe1_exit-im1_feedentry) (sideup sheet6 back)
    del: (location sheet6 some_feeder_tray)
fe1-feed-letter sheet7 :: cost: 899
    add: (location sheet7 fe1_exit-im1_feedentry) (sideup sheet7 back)
    del: (location sheet7 some_feeder_tray)
fe1-feed-letter sheet8 :: cost: 899
    add: (location sheet8 fe1_exit-im1_feedentry) (sideup sheet8 back)
    del: (location sheet8 some_feeder_tray)
fe1-feed-letter sheet9 :: cost: 899
    add: (location sheet9 fe1_exit-im1_feedentry) (sideup sheet9 back)
    del: (location sheet9 some_feeder_tray)
fe1-feed-letter sheet10 :: cost: 899
    add: (location sheet10 fe1_exit-im1_feedentry) (sideup sheet10 back)
    del: (location sheet10 some_feeder_tray)
Step 2 (location dummy-sheet some_finisher_tray) (location sheet1 some_feeder_tray) (location sheet3 some_feeder_tray) (location sheet4 some_feeder_tray) (location sheet5 some_feeder_tray) (location sheet6 some_feeder_tray) (location sheet7 some_feeder_tray) (location sheet8 some_feeder_tray) (location sheet9 some_feeder_tray) (location sheet10 some_feeder_tray) (notprintedwith sheet1 front black) (notprintedwith sheet1 back black) (notprintedwith sheet1 front color) (notprintedwith sheet1 back color) (notprintedwith sheet2 front black) (notprintedwith sheet2 back black) (notprintedwith sheet2 front color) (notprintedwith sheet2 back color) (notprintedwith sheet3 front black) (notprintedwith sheet3 back black) (notprintedwith sheet3 front color) (notprintedwith sheet3 back color) (notprintedwith sheet4 front black) (notprintedwith sheet4 back black) (notprintedwith sheet4 front color) (notprintedwith sheet4 back color) (notprintedwith sheet5 front black) (notprintedwith sheet5 back black) (notprintedwith sheet5 front color) (notprintedwith sheet5 back color) (notprintedwith sheet6 front black) (notprintedwith sheet6 back black) (notprintedwith sheet6 front color) (notprintedwith sheet6 back color) (notprintedwith sheet7 front black) (notprintedwith sheet7 back black) (notprintedwith sheet7 front color) (notprintedwith sheet7 back color) (notprintedwith sheet8 front black) (notprintedwith sheet8 back black) (notprintedwith sheet8 front color) (notprintedwith sheet8 back color) (notprintedwith sheet9 front black) (notprintedwith sheet9 back black) (notprintedwith sheet9 front color) (notprintedwith sheet9 back color) (notprintedwith sheet10 front black) (notprintedwith sheet10 back black) (notprintedwith sheet10 front color) (notprintedwith sheet10 back color) (available fe1-rsrc) (available im1-rsrc) (available uc1-rsrc) (available ube-rsrc) (available lc1-rsrc) (available lbe-rsrc) (available rh1-rsrc) (available uc2-rsrc) (available ure-rsrc) (available lc2-rsrc) (available lre-rsrc) (available rh2-rsrc) (available om-rsrc) (available sys-rsrc) (location sheet2 fe1_exit-im1_feedentry) (sideup sheet2 back)
size: 20
fe1-feedmsi-letter sheet1 :: cost: 500
    add: (location sheet1 fe1_exit-im1_feedentry) (sideup sheet1 back)
    del: (location sheet1 some_feeder_tray)
fe1-feedmsi-letter sheet3 :: cost: 500
    add: (location sheet3 fe1_exit-im1_feedentry) (sideup sheet3 back)
    del: (location sheet3 some_feeder_tray)
fe1-feedmsi-letter sheet4 :: cost: 500
    add: (location sheet4 fe1_exit-im1_feedentry) (sideup sheet4 back)
    del: (location sheet4 some_feeder_tray)
fe1-feedmsi-letter sheet5 :: cost: 500
    add: (location sheet5 fe1_exit-im1_feedentry) (sideup sheet5 back)
    del: (location sheet5 some_feeder_tray)
fe1-feedmsi-letter sheet6 :: cost: 500
    add: (location sheet6 fe1_exit-im1_feedentry) (sideup sheet6 back)
    del: (location sheet6 some_feeder_tray)
fe1-feedmsi-letter sheet7 :: cost: 500
    add: (location sheet7 fe1_exit-im1_feedentry) (sideup sheet7 back)
    del: (location sheet7 some_feeder_tray)
fe1-feedmsi-letter sheet8 :: cost: 500
    add: (location sheet8 fe1_exit-im1_feedentry) (sideup sheet8 back)
    del: (location sheet8 some_feeder_tray)
fe1-feedmsi-letter sheet9 :: cost: 500
    add: (location sheet9 fe1_exit-im1_feedentry) (sideup sheet9 back)
    del: (location sheet9 some_feeder_tray)
fe1-feedmsi-letter sheet10 :: cost: 500
    add: (location sheet10 fe1_exit-im1_feedentry) (sideup sheet10 back)
    del: (location sheet10 some_feeder_tray)
fe1-feed-letter sheet1 :: cost: 899
    add: (location sheet1 fe1_exit-im1_feedentry) (sideup sheet1 back)
    del: (location sheet1 some_feeder_tray)
fe1-feed-letter sheet3 :: cost: 899
    add: (location sheet3 fe1_exit-im1_feedentry) (sideup sheet3 back)
    del: (location sheet3 some_feeder_tray)
fe1-feed-letter sheet4 :: cost: 899
    add: (location sheet4 fe1_exit-im1_feedentry) (sideup sheet4 back)
    del: (location sheet4 some_feeder_tray)
fe1-feed-letter sheet5 :: cost: 899
    add: (location sheet5 fe1_exit-im1_feedentry) (sideup sheet5 back)
    del: (location sheet5 some_feeder_tray)
fe1-feed-letter sheet6 :: cost: 899
    add: (location sheet6 fe1_exit-im1_feedentry) (sideup sheet6 back)
    del: (location sheet6 some_feeder_tray)
fe1-feed-letter sheet7 :: cost: 899
    add: (location sheet7 fe1_exit-im1_feedentry) (sideup sheet7 back)
    del: (location sheet7 some_feeder_tray)
fe1-feed-letter sheet8 :: cost: 899
    add: (location sheet8 fe1_exit-im1_feedentry) (sideup sheet8 back)
    del: (location sheet8 some_feeder_tray)
fe1-feed-letter sheet9 :: cost: 899
    add: (location sheet9 fe1_exit-im1_feedentry) (sideup sheet9 back)
    del: (location sheet9 some_feeder_tray)
fe1-feed-letter sheet10 :: cost: 899
    add: (location sheet10 fe1_exit-im1_feedentry) (sideup sheet10 back)
    del: (location sheet10 some_feeder_tray)
im1-moveupper-letter sheet2 :: cost: 8171
    add: (location sheet2 uc1_entry-im1_topexit)
    del: (location sheet2 fe1_exit-im1_feedentry)
im1-movelower-letter sheet2 :: cost: 3088
    add: (location sheet2 im1_bottomexit-lc1_entry)
    del: (location sheet2 fe1_exit-im1_feedentry)
Step 3 (location dummy-sheet some_finisher_tray) (location sheet1 some_feeder_tray) (location sheet3 some_feeder_tray) (location sheet5 some_feeder_tray) (location sheet6 some_feeder_tray) (location sheet7 some_feeder_tray) (location sheet8 some_feeder_tray) (location sheet9 some_feeder_tray) (location sheet10 some_feeder_tray) (notprintedwith sheet1 front black) (notprintedwith sheet1 back black) (notprintedwith sheet1 front color) (notprintedwith sheet1 back color) (notprintedwith sheet2 front black) (notprintedwith sheet2 back black) (notprintedwith sheet2 front color) (notprintedwith sheet2 back color) (notprintedwith sheet3 front black) (notprintedwith sheet3 back black) (notprintedwith sheet3 front color) (notprintedwith sheet3 back color) (notprintedwith sheet4 front black) (notprintedwith sheet4 back black) (notprintedwith sheet4 front color) (notprintedwith sheet4 back color) (notprintedwith sheet5 front black) (notprintedwith sheet5 back black) (notprintedwith sheet5 front color) (notprintedwith sheet5 back color) (notprintedwith sheet6 front black) (notprintedwith sheet6 back black) (notprintedwith sheet6 front color) (notprintedwith sheet6 back color) (notprintedwith sheet7 front black) (notprintedwith sheet7 back black) (notprintedwith sheet7 front color) (notprintedwith sheet7 back color) (notprintedwith sheet8 front black) (notprintedwith sheet8 back black) (notprintedwith sheet8 front color) (notprintedwith sheet8 back color) (notprintedwith sheet9 front black) (notprintedwith sheet9 back black) (notprintedwith sheet9 front color) (notprintedwith sheet9 back color) (notprintedwith sheet10 front black) (notprintedwith sheet10 back black) (notprintedwith sheet10 front color) (notprintedwith sheet10 back color) (available fe1-rsrc) (available im1-rsrc) (available uc1-rsrc) (available ube-rsrc) (available lc1-rsrc) (available lbe-rsrc) (available rh1-rsrc) (available uc2-rsrc) (available ure-rsrc) (available lc2-rsrc) (available lre-rsrc) (available rh2-rsrc) (available om-rsrc) (available sys-rsrc) (location sheet2 fe1_exit-im1_feedentry) (sideup sheet2 back) (location sheet4 fe1_exit-im1_feedentry) (sideup sheet4 back)
size: 20
fe1-feedmsi-letter sheet1 :: cost: 500
    add: (location sheet1 fe1_exit-im1_feedentry) (sideup sheet1 back)
    del: (location sheet1 some_feeder_tray)
fe1-feedmsi-letter sheet3 :: cost: 500
    add: (location sheet3 fe1_exit-im1_feedentry) (sideup sheet3 back)
    del: (location sheet3 some_feeder_tray)
fe1-feedmsi-letter sheet5 :: cost: 500
    add: (location sheet5 fe1_exit-im1_feedentry) (sideup sheet5 back)
    del: (location sheet5 some_feeder_tray)
fe1-feedmsi-letter sheet6 :: cost: 500
    add: (location sheet6 fe1_exit-im1_feedentry) (sideup sheet6 back)
    del: (location sheet6 some_feeder_tray)
fe1-feedmsi-letter sheet7 :: cost: 500
    add: (location sheet7 fe1_exit-im1_feedentry) (sideup sheet7 back)
    del: (location sheet7 some_feeder_tray)
fe1-feedmsi-letter sheet8 :: cost: 500
    add: (location sheet8 fe1_exit-im1_feedentry) (sideup sheet8 back)
    del: (location sheet8 some_feeder_tray)
fe1-feedmsi-letter sheet9 :: cost: 500
    add: (location sheet9 fe1_exit-im1_feedentry) (sideup sheet9 back)
    del: (location sheet9 some_feeder_tray)
fe1-feedmsi-letter sheet10 :: cost: 500
    add: (location sheet10 fe1_exit-im1_feedentry) (sideup sheet10 back)
    del: (location sheet10 some_feeder_tray)
fe1-feed-letter sheet1 :: cost: 899
    add: (location sheet1 fe1_exit-im1_feedentry) (sideup sheet1 back)
    del: (location sheet1 some_feeder_tray)
fe1-feed-letter sheet3 :: cost: 899
    add: (location sheet3 fe1_exit-im1_feedentry) (sideup sheet3 back)
    del: (location sheet3 some_feeder_tray)
fe1-feed-letter sheet5 :: cost: 899
    add: (location sheet5 fe1_exit-im1_feedentry) (sideup sheet5 back)
    del: (location sheet5 some_feeder_tray)
fe1-feed-letter sheet6 :: cost: 899
    add: (location sheet6 fe1_exit-im1_feedentry) (sideup sheet6 back)
    del: (location sheet6 some_feeder_tray)
fe1-feed-letter sheet7 :: cost: 899
    add: (location sheet7 fe1_exit-im1_feedentry) (sideup sheet7 back)
    del: (location sheet7 some_feeder_tray)
fe1-feed-letter sheet8 :: cost: 899
    add: (location sheet8 fe1_exit-im1_feedentry) (sideup sheet8 back)
    del: (location sheet8 some_feeder_tray)
fe1-feed-letter sheet9 :: cost: 899
    add: (location sheet9 fe1_exit-im1_feedentry) (sideup sheet9 back)
    del: (location sheet9 some_feeder_tray)
fe1-feed-letter sheet10 :: cost: 899
    add: (location sheet10 fe1_exit-im1_feedentry) (sideup sheet10 back)
    del: (location sheet10 some_feeder_tray)
im1-moveupper-letter sheet2 :: cost: 8171
    add: (location sheet2 uc1_entry-im1_topexit)
    del: (location sheet2 fe1_exit-im1_feedentry)
im1-moveupper-letter sheet4 :: cost: 8171
    add: (location sheet4 uc1_entry-im1_topexit)
    del: (location sheet4 fe1_exit-im1_feedentry)
im1-movelower-letter sheet2 :: cost: 3088
    add: (location sheet2 im1_bottomexit-lc1_entry)
    del: (location sheet2 fe1_exit-im1_feedentry)
im1-movelower-letter sheet4 :: cost: 3088
    add: (location sheet4 im1_bottomexit-lc1_entry)
    del: (location sheet4 fe1_exit-im1_feedentry)
Step 4 (location dummy-sheet some_finisher_tray) (location sheet1 some_feeder_tray) (location sheet3 some_feeder_tray) (location sheet5 some_feeder_tray) (location sheet7 some_feeder_tray) (location sheet8 some_feeder_tray) (location sheet9 some_feeder_tray) (location sheet10 some_feeder_tray) (notprintedwith sheet1 front black) (notprintedwith sheet1 back black) (notprintedwith sheet1 front color) (notprintedwith sheet1 back color) (notprintedwith sheet2 front black) (notprintedwith sheet2 back black) (notprintedwith sheet2 front color) (notprintedwith sheet2 back color) (notprintedwith sheet3 front black) (notprintedwith sheet3 back black) (notprintedwith sheet3 front color) (notprintedwith sheet3 back color) (notprintedwith sheet4 front black) (notprintedwith sheet4 back black) (notprintedwith sheet4 front color) (notprintedwith sheet4 back color) (notprintedwith sheet5 front black) (notprintedwith sheet5 back black) (notprintedwith sheet5 front color) (notprintedwith sheet5 back color) (notprintedwith sheet6 front black) (notprintedwith sheet6 back black) (notprintedwith sheet6 front color) (notprintedwith sheet6 back color) (notprintedwith sheet7 front black) (notprintedwith sheet7 back black) (notprintedwith sheet7 front color) (notprintedwith sheet7 back color) (notprintedwith sheet8 front black) (notprintedwith sheet8 back black) (notprintedwith sheet8 front color) (notprintedwith sheet8 back color) (notprintedwith sheet9 front black) (notprintedwith sheet9 back black) (notprintedwith sheet9 front color) (notprintedwith sheet9 back color) (notprintedwith sheet10 front black) (notprintedwith sheet10 back black) (notprintedwith sheet10 front color) (notprintedwith sheet10 back color) (available fe1-rsrc) (available im1-rsrc) (available uc1-rsrc) (available ube-rsrc) (available lc1-rsrc) (available lbe-rsrc) (available rh1-rsrc) (available uc2-rsrc) (available ure-rsrc) (available lc2-rsrc) (available lre-rsrc) (available rh2-rsrc) (available om-rsrc) (available sys-rsrc) (location sheet2 fe1_exit-im1_feedentry) (sideup sheet2 back) (location sheet4 fe1_exit-im1_feedentry) (sideup sheet4 back) (location sheet6 fe1_exit-im1_feedentry) (sideup sheet6 back)
size: 20
fe1-feedmsi-letter sheet1 :: cost: 500
    add: (location sheet1 fe1_exit-im1_feedentry) (sideup sheet1 back)
    del: (location sheet1 some_feeder_tray)
fe1-feedmsi-letter sheet3 :: cost: 500
    add: (location sheet3 fe1_exit-im1_feedentry) (sideup sheet3 back)
    del: (location sheet3 some_feeder_tray)
fe1-feedmsi-letter sheet5 :: cost: 500
    add: (location sheet5 fe1_exit-im1_feedentry) (sideup sheet5 back)
    del: (location sheet5 some_feeder_tray)
fe1-feedmsi-letter sheet7 :: cost: 500
    add: (location sheet7 fe1_exit-im1_feedentry) (sideup sheet7 back)
    del: (location sheet7 some_feeder_tray)
fe1-feedmsi-letter sheet8 :: cost: 500
    add: (location sheet8 fe1_exit-im1_feedentry) (sideup sheet8 back)
    del: (location sheet8 some_feeder_tray)
fe1-feedmsi-letter sheet9 :: cost: 500
    add: (location sheet9 fe1_exit-im1_feedentry) (sideup sheet9 back)
    del: (location sheet9 some_feeder_tray)
fe1-feedmsi-letter sheet10 :: cost: 500
    add: (location sheet10 fe1_exit-im1_feedentry) (sideup sheet10 back)
    del: (location sheet10 some_feeder_tray)
fe1-feed-letter sheet1 :: cost: 899
    add: (location sheet1 fe1_exit-im1_feedentry) (sideup sheet1 back)
    del: (location sheet1 some_feeder_tray)
fe1-feed-letter sheet3 :: cost: 899
    add: (location sheet3 fe1_exit-im1_feedentry) (sideup sheet3 back)
    del: (location sheet3 some_feeder_tray)
fe1-feed-letter sheet5 :: cost: 899
    add: (location sheet5 fe1_exit-im1_feedentry) (sideup sheet5 back)
    del: (location sheet5 some_feeder_tray)
fe1-feed-letter sheet7 :: cost: 899
    add: (location sheet7 fe1_exit-im1_feedentry) (sideup sheet7 back)
    del: (location sheet7 some_feeder_tray)
fe1-feed-letter sheet8 :: cost: 899
    add: (location sheet8 fe1_exit-im1_feedentry) (sideup sheet8 back)
    del: (location sheet8 some_feeder_tray)
fe1-feed-letter sheet9 :: cost: 899
    add: (location sheet9 fe1_exit-im1_feedentry) (sideup sheet9 back)
    del: (location sheet9 some_feeder_tray)
fe1-feed-letter sheet10 :: cost: 899
    add: (location sheet10 fe1_exit-im1_feedentry) (sideup sheet10 back)
    del: (location sheet10 some_feeder_tray)
im1-moveupper-letter sheet2 :: cost: 8171
    add: (location sheet2 uc1_entry-im1_topexit)
    del: (location sheet2 fe1_exit-im1_feedentry)
im1-moveupper-letter sheet4 :: cost: 8171
    add: (location sheet4 uc1_entry-im1_topexit)
    del: (location sheet4 fe1_exit-im1_feedentry)
im1-moveupper-letter sheet6 :: cost: 8171
    add: (location sheet6 uc1_entry-im1_topexit)
    del: (location sheet6 fe1_exit-im1_feedentry)
im1-movelower-letter sheet2 :: cost: 3088
    add: (location sheet2 im1_bottomexit-lc1_entry)
    del: (location sheet2 fe1_exit-im1_feedentry)
im1-movelower-letter sheet4 :: cost: 3088
    add: (location sheet4 im1_bottomexit-lc1_entry)
    del: (location sheet4 fe1_exit-im1_feedentry)
im1-movelower-letter sheet6 :: cost: 3088
    add: (location sheet6 im1_bottomexit-lc1_entry)
    del: (location sheet6 fe1_exit-im1_feedentry)
Step 5 (location dummy-sheet some_finisher_tray) (location sheet1 some_feeder_tray) (location sheet3 some_feeder_tray) (location sheet5 some_feeder_tray) (location sheet7 some_feeder_tray) (location sheet9 some_feeder_tray) (location sheet10 some_feeder_tray) (notprintedwith sheet1 front black) (notprintedwith sheet1 back black) (notprintedwith sheet1 front color) (notprintedwith sheet1 back color) (notprintedwith sheet2 front black) (notprintedwith sheet2 back black) (notprintedwith sheet2 front color) (notprintedwith sheet2 back color) (notprintedwith sheet3 front black) (notprintedwith sheet3 back black) (notprintedwith sheet3 front color) (notprintedwith sheet3 back color) (notprintedwith sheet4 front black) (notprintedwith sheet4 back black) (notprintedwith sheet4 front color) (notprintedwith sheet4 back color) (notprintedwith sheet5 front black) (notprintedwith sheet5 back black) (notprintedwith sheet5 front color) (notprintedwith sheet5 back color) (notprintedwith sheet6 front black) (notprintedwith sheet6 back black) (notprintedwith sheet6 front color) (notprintedwith sheet6 back color) (notprintedwith sheet7 front black) (notprintedwith sheet7 back black) (notprintedwith sheet7 front color) (notprintedwith sheet7 back color) (notprintedwith sheet8 front black) (notprintedwith sheet8 back black) (notprintedwith sheet8 front color) (notprintedwith sheet8 back color) (notprintedwith sheet9 front black) (notprintedwith sheet9 back black) (notprintedwith sheet9 front color) (notprintedwith sheet9 back color) (notprintedwith sheet10 front black) (notprintedwith sheet10 back black) (notprintedwith sheet10 front color) (notprintedwith sheet10 back color) (available fe1-rsrc) (available im1-rsrc) (available uc1-rsrc) (available ube-rsrc) (available lc1-rsrc) (available lbe-rsrc) (available rh1-rsrc) (available uc2-rsrc) (available ure-rsrc) (available lc2-rsrc) (available lre-rsrc) (available rh2-rsrc) (available om-rsrc) (available sys-rsrc) (location sheet2 fe1_exit-im1_feedentry) (sideup sheet2 back) (location sheet4 fe1_exit-im1_feedentry) (sideup sheet4 back) (location sheet6 fe1_exit-im1_feedentry) (sideup sheet6 back) (location sheet8 fe1_exit-im1_feedentry) (sideup sheet8 back)
size: 20
fe1-feedmsi-letter sheet1 :: cost: 500
    add: (location sheet1 fe1_exit-im1_feedentry) (sideup sheet1 back)
    del: (location sheet1 some_feeder_tray)
fe1-feedmsi-letter sheet3 :: cost: 500
    add: (location sheet3 fe1_exit-im1_feedentry) (sideup sheet3 back)
    del: (location sheet3 some_feeder_tray)
fe1-feedmsi-letter sheet5 :: cost: 500
    add: (location sheet5 fe1_exit-im1_feedentry) (sideup sheet5 back)
    del: (location sheet5 some_feeder_tray)
fe1-feedmsi-letter sheet7 :: cost: 500
    add: (location sheet7 fe1_exit-im1_feedentry) (sideup sheet7 back)
    del: (location sheet7 some_feeder_tray)
fe1-feedmsi-letter sheet9 :: cost: 500
    add: (location sheet9 fe1_exit-im1_feedentry) (sideup sheet9 back)
    del: (location sheet9 some_feeder_tray)
fe1-feedmsi-letter sheet10 :: cost: 500
    add: (location sheet10 fe1_exit-im1_feedentry) (sideup sheet10 back)
    del: (location sheet10 some_feeder_tray)
fe1-feed-letter sheet1 :: cost: 899
    add: (location sheet1 fe1_exit-im1_feedentry) (sideup sheet1 back)
    del: (location sheet1 some_feeder_tray)
fe1-feed-letter sheet3 :: cost: 899
    add: (location sheet3 fe1_exit-im1_feedentry) (sideup sheet3 back)
    del: (location sheet3 some_feeder_tray)
fe1-feed-letter sheet5 :: cost: 899
    add: (location sheet5 fe1_exit-im1_feedentry) (sideup sheet5 back)
    del: (location sheet5 some_feeder_tray)
fe1-feed-letter sheet7 :: cost: 899
    add: (location sheet7 fe1_exit-im1_feedentry) (sideup sheet7 back)
    del: (location sheet7 some_feeder_tray)
fe1-feed-letter sheet9 :: cost: 899
    add: (location sheet9 fe1_exit-im1_feedentry) (sideup sheet9 back)
    del: (location sheet9 some_feeder_tray)
fe1-feed-letter sheet10 :: cost: 899
    add: (location sheet10 fe1_exit-im1_feedentry) (sideup sheet10 back)
    del: (location sheet10 some_feeder_tray)
im1-moveupper-letter sheet2 :: cost: 8171
    add: (location sheet2 uc1_entry-im1_topexit)
    del: (location sheet2 fe1_exit-im1_feedentry)
im1-moveupper-letter sheet4 :: cost: 8171
    add: (location sheet4 uc1_entry-im1_topexit)
    del: (location sheet4 fe1_exit-im1_feedentry)
im1-moveupper-letter sheet6 :: cost: 8171
    add: (location sheet6 uc1_entry-im1_topexit)
    del: (location sheet6 fe1_exit-im1_feedentry)
im1-moveupper-letter sheet8 :: cost: 8171
    add: (location sheet8 uc1_entry-im1_topexit)
    del: (location sheet8 fe1_exit-im1_feedentry)
im1-movelower-letter sheet2 :: cost: 3088
    add: (location sheet2 im1_bottomexit-lc1_entry)
    del: (location sheet2 fe1_exit-im1_feedentry)
im1-movelower-letter sheet4 :: cost: 3088
    add: (location sheet4 im1_bottomexit-lc1_entry)
    del: (location sheet4 fe1_exit-im1_feedentry)
im1-movelower-letter sheet6 :: cost: 3088
    add: (location sheet6 im1_bottomexit-lc1_entry)
    del: (location sheet6 fe1_exit-im1_feedentry)
im1-movelower-letter sheet8 :: cost: 3088
    add: (location sheet8 im1_bottomexit-lc1_entry)
    del: (location sheet8 fe1_exit-im1_feedentry)
Step 6 (location dummy-sheet some_finisher_tray) (location sheet1 some_feeder_tray) (location sheet3 some_feeder_tray) (location sheet5 some_feeder_tray) (location sheet7 some_feeder_tray) (location sheet9 some_feeder_tray) (notprintedwith sheet1 front black) (notprintedwith sheet1 back black) (notprintedwith sheet1 front color) (notprintedwith sheet1 back color) (notprintedwith sheet2 front black) (notprintedwith sheet2 back black) (notprintedwith sheet2 front color) (notprintedwith sheet2 back color) (notprintedwith sheet3 front black) (notprintedwith sheet3 back black) (notprintedwith sheet3 front color) (notprintedwith sheet3 back color) (notprintedwith sheet4 front black) (notprintedwith sheet4 back black) (notprintedwith sheet4 front color) (notprintedwith sheet4 back color) (notprintedwith sheet5 front black) (notprintedwith sheet5 back black) (notprintedwith sheet5 front color) (notprintedwith sheet5 back color) (notprintedwith sheet6 front black) (notprintedwith sheet6 back black) (notprintedwith sheet6 front color) (notprintedwith sheet6 back color) (notprintedwith sheet7 front black) (notprintedwith sheet7 back black) (notprintedwith sheet7 front color) (notprintedwith sheet7 back color) (notprintedwith sheet8 front black) (notprintedwith sheet8 back black) (notprintedwith sheet8 front color) (notprintedwith sheet8 back color) (notprintedwith sheet9 front black) (notprintedwith sheet9 back black) (notprintedwith sheet9 front color) (notprintedwith sheet9 back color) (notprintedwith sheet10 front black) (notprintedwith sheet10 back black) (notprintedwith sheet10 front color) (notprintedwith sheet10 back color) (available fe1-rsrc) (available im1-rsrc) (available uc1-rsrc) (available ube-rsrc) (available lc1-rsrc) (available lbe-rsrc) (available rh1-rsrc) (available uc2-rsrc) (available ure-rsrc) (available lc2-rsrc) (available lre-rsrc) (available rh2-rsrc) (available om-rsrc) (available sys-rsrc) (location sheet2 fe1_exit-im1_feedentry) (sideup sheet2 back) (location sheet4 fe1_exit-im1_feedentry) (sideup sheet4 back) (location sheet6 fe1_exit-im1_feedentry) (sideup sheet6 back) (location sheet8 fe1_exit-im1_feedentry) (sideup sheet8 back) (location sheet10 fe1_exit-im1_feedentry) (sideup sheet10 back)
size: 20
fe1-feedmsi-letter sheet1 :: cost: 500
    add: (location sheet1 fe1_exit-im1_feedentry) (sideup sheet1 back)
    del: (location sheet1 some_feeder_tray)
fe1-feedmsi-letter sheet3 :: cost: 500
    add: (location sheet3 fe1_exit-im1_feedentry) (sideup sheet3 back)
    del: (location sheet3 some_feeder_tray)
fe1-feedmsi-letter sheet5 :: cost: 500
    add: (location sheet5 fe1_exit-im1_feedentry) (sideup sheet5 back)
    del: (location sheet5 some_feeder_tray)
fe1-feedmsi-letter sheet7 :: cost: 500
    add: (location sheet7 fe1_exit-im1_feedentry) (sideup sheet7 back)
    del: (location sheet7 some_feeder_tray)
fe1-feedmsi-letter sheet9 :: cost: 500
    add: (location sheet9 fe1_exit-im1_feedentry) (sideup sheet9 back)
    del: (location sheet9 some_feeder_tray)
fe1-feed-letter sheet1 :: cost: 899
    add: (location sheet1 fe1_exit-im1_feedentry) (sideup sheet1 back)
    del: (location sheet1 some_feeder_tray)
fe1-feed-letter sheet3 :: cost: 899
    add: (location sheet3 fe1_exit-im1_feedentry) (sideup sheet3 back)
    del: (location sheet3 some_feeder_tray)
fe1-feed-letter sheet5 :: cost: 899
    add: (location sheet5 fe1_exit-im1_feedentry) (sideup sheet5 back)
    del: (location sheet5 some_feeder_tray)
fe1-feed-letter sheet7 :: cost: 899
    add: (location sheet7 fe1_exit-im1_feedentry) (sideup sheet7 back)
    del: (location sheet7 some_feeder_tray)
fe1-feed-letter sheet9 :: cost: 899
    add: (location sheet9 fe1_exit-im1_feedentry) (sideup sheet9 back)
    del: (location sheet9 some_feeder_tray)
im1-moveupper-letter sheet2 :: cost: 8171
    add: (location sheet2 uc1_entry-im1_topexit)
    del: (location sheet2 fe1_exit-im1_feedentry)
im1-moveupper-letter sheet4 :: cost: 8171
    add: (location sheet4 uc1_entry-im1_topexit)
    del: (location sheet4 fe1_exit-im1_feedentry)
im1-moveupper-letter sheet6 :: cost: 8171
    add: (location sheet6 uc1_entry-im1_topexit)
    del: (location sheet6 fe1_exit-im1_feedentry)
im1-moveupper-letter sheet8 :: cost: 8171
    add: (location sheet8 uc1_entry-im1_topexit)
    del: (location sheet8 fe1_exit-im1_feedentry)
im1-moveupper-letter sheet10 :: cost: 8171
    add: (location sheet10 uc1_entry-im1_topexit)
    del: (location sheet10 fe1_exit-im1_feedentry)
im1-movelower-letter sheet2 :: cost: 3088
    add: (location sheet2 im1_bottomexit-lc1_entry)
    del: (location sheet2 fe1_exit-im1_feedentry)
im1-movelower-letter sheet4 :: cost: 3088
    add: (location sheet4 im1_bottomexit-lc1_entry)
    del: (location sheet4 fe1_exit-im1_feedentry)
im1-movelower-letter sheet6 :: cost: 3088
    add: (location sheet6 im1_bottomexit-lc1_entry)
    del: (location sheet6 fe1_exit-im1_feedentry)
im1-movelower-letter sheet8 :: cost: 3088
    add: (location sheet8 im1_bottomexit-lc1_entry)
    del: (location sheet8 fe1_exit-im1_feedentry)
im1-movelower-letter sheet10 :: cost: 3088
    add: (location sheet10 im1_bottomexit-lc1_entry)
    del: (location sheet10 fe1_exit-im1_feedentry)
Step 7 (location dummy-sheet some_finisher_tray) (location sheet1 some_feeder_tray) (location sheet5 some_feeder_tray) (location sheet7 some_feeder_tray) (location sheet9 some_feeder_tray) (notprintedwith sheet1 front black) (notprintedwith sheet1 back black) (notprintedwith sheet1 front color) (notprintedwith sheet1 back color) (notprintedwith sheet2 front black) (notprintedwith sheet2 back black) (notprintedwith sheet2 front color) (notprintedwith sheet2 back color) (notprintedwith sheet3 front black) (notprintedwith sheet3 back black) (notprintedwith sheet3 front color) (notprintedwith sheet3 back color) (notprintedwith sheet4 front black) (notprintedwith sheet4 back black) (notprintedwith sheet4 front color) (notprintedwith sheet4 back color) (notprintedwith sheet5 front black) (notprintedwith sheet5 back black) (notprintedwith sheet5 front color) (notprintedwith sheet5 back color) (notprintedwith sheet6 front black) (notprintedwith sheet6 back black) (notprintedwith sheet6 front color) (notprintedwith sheet6 back color) (notprintedwith sheet7 front black) (notprintedwith sheet7 back black) (notprintedwith sheet7 front color) (notprintedwith sheet7 back color) (notprintedwith sheet8 front black) (notprintedwith sheet8 back black) (notprintedwith sheet8 front color) (notprintedwith sheet8 back color) (notprintedwith sheet9 front black) (notprintedwith sheet9 back black) (notprintedwith sheet9 front color) (notprintedwith sheet9 back color) (notprintedwith sheet10 front black) (notprintedwith sheet10 back black) (notprintedwith sheet10 front color) (notprintedwith sheet10 back color) (available fe1-rsrc) (available im1-rsrc) (available uc1-rsrc) (available ube-rsrc) (available lc1-rsrc) (available lbe-rsrc) (available rh1-rsrc) (available uc2-rsrc) (available ure-rsrc) (available lc2-rsrc) (available lre-rsrc) (available rh2-rsrc) (available om-rsrc) (available sys-rsrc) (location sheet2 fe1_exit-im1_feedentry) (sideup sheet2 back) (location sheet3 fe1_exit-im1_feedentry) (sideup sheet3 back) (location sheet4 fe1_exit-im1_feedentry) (sideup sheet4 back) (location sheet6 fe1_exit-im1_feedentry) (sideup sheet6 back) (location sheet8 fe1_exit-im1_feedentry) (sideup sheet8 back) (location sheet10 fe1_exit-im1_feedentry) (sideup sheet10 back)
size: 20
fe1-feedmsi-letter sheet1 :: cost: 500
    add: (location sheet1 fe1_exit-im1_feedentry) (sideup sheet1 back)
    del: (location sheet1 some_feeder_tray)
fe1-feedmsi-letter sheet5 :: cost: 500
    add: (location sheet5 fe1_exit-im1_feedentry) (sideup sheet5 back)
    del: (location sheet5 some_feeder_tray)
fe1-feedmsi-letter sheet7 :: cost: 500
    add: (location sheet7 fe1_exit-im1_feedentry) (sideup sheet7 back)
    del: (location sheet7 some_feeder_tray)
fe1-feedmsi-letter sheet9 :: cost: 500
    add: (location sheet9 fe1_exit-im1_feedentry) (sideup sheet9 back)
    del: (location sheet9 some_feeder_tray)
fe1-feed-letter sheet1 :: cost: 899
    add: (location sheet1 fe1_exit-im1_feedentry) (sideup sheet1 back)
    del: (location sheet1 some_feeder_tray)
fe1-feed-letter sheet5 :: cost: 899
    add: (location sheet5 fe1_exit-im1_feedentry) (sideup sheet5 back)
    del: (location sheet5 some_feeder_tray)
fe1-feed-letter sheet7 :: cost: 899
    add: (location sheet7 fe1_exit-im1_feedentry) (sideup sheet7 back)
    del: (location sheet7 some_feeder_tray)
fe1-feed-letter sheet9 :: cost: 899
    add: (location sheet9 fe1_exit-im1_feedentry) (sideup sheet9 back)
    del: (location sheet9 some_feeder_tray)
im1-moveupper-letter sheet2 :: cost: 8171
    add: (location sheet2 uc1_entry-im1_topexit)
    del: (location sheet2 fe1_exit-im1_feedentry)
im1-moveupper-letter sheet3 :: cost: 8171
    add: (location sheet3 uc1_entry-im1_topexit)
    del: (location sheet3 fe1_exit-im1_feedentry)
im1-moveupper-letter sheet4 :: cost: 8171
    add: (location sheet4 uc1_entry-im1_topexit)
    del: (location sheet4 fe1_exit-im1_feedentry)
im1-moveupper-letter sheet6 :: cost: 8171
    add: (location sheet6 uc1_entry-im1_topexit)
    del: (location sheet6 fe1_exit-im1_feedentry)
im1-moveupper-letter sheet8 :: cost: 8171
    add: (location sheet8 uc1_entry-im1_topexit)
    del: (location sheet8 fe1_exit-im1_feedentry)
im1-moveupper-letter sheet10 :: cost: 8171
    add: (location sheet10 uc1_entry-im1_topexit)
    del: (location sheet10 fe1_exit-im1_feedentry)
im1-movelower-letter sheet2 :: cost: 3088
    add: (location sheet2 im1_bottomexit-lc1_entry)
    del: (location sheet2 fe1_exit-im1_feedentry)
im1-movelower-letter sheet3 :: cost: 3088
    add: (location sheet3 im1_bottomexit-lc1_entry)
    del: (location sheet3 fe1_exit-im1_feedentry)
im1-movelower-letter sheet4 :: cost: 3088
    add: (location sheet4 im1_bottomexit-lc1_entry)
    del: (location sheet4 fe1_exit-im1_feedentry)
im1-movelower-letter sheet6 :: cost: 3088
    add: (location sheet6 im1_bottomexit-lc1_entry)
    del: (location sheet6 fe1_exit-im1_feedentry)
im1-movelower-letter sheet8 :: cost: 3088
    add: (location sheet8 im1_bottomexit-lc1_entry)
    del: (location sheet8 fe1_exit-im1_feedentry)
im1-movelower-letter sheet10 :: cost: 3088
    add: (location sheet10 im1_bottomexit-lc1_entry)
    del: (location sheet10 fe1_exit-im1_feedentry)
Step 8 (location dummy-sheet some_finisher_tray) (location sheet1 some_feeder_tray) (location sheet5 some_feeder_tray) (location sheet7 some_feeder_tray) (notprintedwith sheet1 front black) (notprintedwith sheet1 back black) (notprintedwith sheet1 front color) (notprintedwith sheet1 back color) (notprintedwith sheet2 front black) (notprintedwith sheet2 back black) (notprintedwith sheet2 front color) (notprintedwith sheet2 back color) (notprintedwith sheet3 front black) (notprintedwith sheet3 back black) (notprintedwith sheet3 front color) (notprintedwith sheet3 back color) (notprintedwith sheet4 front black) (notprintedwith sheet4 back black) (notprintedwith sheet4 front color) (notprintedwith sheet4 back color) (notprintedwith sheet5 front black) (notprintedwith sheet5 back black) (notprintedwith sheet5 front color) (notprintedwith sheet5 back color) (notprintedwith sheet6 front black) (notprintedwith sheet6 back black) (notprintedwith sheet6 front color) (notprintedwith sheet6 back color) (notprintedwith sheet7 front black) (notprintedwith sheet7 back black) (notprintedwith sheet7 front color) (notprintedwith sheet7 back color) (notprintedwith sheet8 front black) (notprintedwith sheet8 back black) (notprintedwith sheet8 front color) (notprintedwith sheet8 back color) (notprintedwith sheet9 front black) (notprintedwith sheet9 back black) (notprintedwith sheet9 front color) (notprintedwith sheet9 back color) (notprintedwith sheet10 front black) (notprintedwith sheet10 back black) (notprintedwith sheet10 front color) (notprintedwith sheet10 back color) (available fe1-rsrc) (available im1-rsrc) (available uc1-rsrc) (available ube-rsrc) (available lc1-rsrc) (available lbe-rsrc) (available rh1-rsrc) (available uc2-rsrc) (available ure-rsrc) (available lc2-rsrc) (available lre-rsrc) (available rh2-rsrc) (available om-rsrc) (available sys-rsrc) (location sheet2 fe1_exit-im1_feedentry) (sideup sheet2 back) (location sheet3 fe1_exit-im1_feedentry) (sideup sheet3 back) (location sheet4 fe1_exit-im1_feedentry) (sideup sheet4 back) (location sheet6 fe1_exit-im1_feedentry) (sideup sheet6 back) (location sheet8 fe1_exit-im1_feedentry) (sideup sheet8 back) (location sheet9 fe1_exit-im1_feedentry) (sideup sheet9 back) (location sheet10 fe1_exit-im1_feedentry) (sideup sheet10 back)
size: 20
fe1-feedmsi-letter sheet1 :: cost: 500
    add: (location sheet1 fe1_exit-im1_feedentry) (sideup sheet1 back)
    del: (location sheet1 some_feeder_tray)
fe1-feedmsi-letter sheet5 :: cost: 500
    add: (location sheet5 fe1_exit-im1_feedentry) (sideup sheet5 back)
    del: (location sheet5 some_feeder_tray)
fe1-feedmsi-letter sheet7 :: cost: 500
    add: (location sheet7 fe1_exit-im1_feedentry) (sideup sheet7 back)
    del: (location sheet7 some_feeder_tray)
fe1-feed-letter sheet1 :: cost: 899
    add: (location sheet1 fe1_exit-im1_feedentry) (sideup sheet1 back)
    del: (location sheet1 some_feeder_tray)
fe1-feed-letter sheet5 :: cost: 899
    add: (location sheet5 fe1_exit-im1_feedentry) (sideup sheet5 back)
    del: (location sheet5 some_feeder_tray)
fe1-feed-letter sheet7 :: cost: 899
    add: (location sheet7 fe1_exit-im1_feedentry) (sideup sheet7 back)
    del: (location sheet7 some_feeder_tray)
im1-moveupper-letter sheet2 :: cost: 8171
    add: (location sheet2 uc1_entry-im1_topexit)
    del: (location sheet2 fe1_exit-im1_feedentry)
im1-moveupper-letter sheet3 :: cost: 8171
    add: (location sheet3 uc1_entry-im1_topexit)
    del: (location sheet3 fe1_exit-im1_feedentry)
im1-moveupper-letter sheet4 :: cost: 8171
    add: (location sheet4 uc1_entry-im1_topexit)
    del: (location sheet4 fe1_exit-im1_feedentry)
im1-moveupper-letter sheet6 :: cost: 8171
    add: (location sheet6 uc1_entry-im1_topexit)
    del: (location sheet6 fe1_exit-im1_feedentry)
im1-moveupper-letter sheet8 :: cost: 8171
    add: (location sheet8 uc1_entry-im1_topexit)
    del: (location sheet8 fe1_exit-im1_feedentry)
im1-moveupper-letter sheet9 :: cost: 8171
    add: (location sheet9 uc1_entry-im1_topexit)
    del: (location sheet9 fe1_exit-im1_feedentry)
im1-moveupper-letter sheet10 :: cost: 8171
    add: (location sheet10 uc1_entry-im1_topexit)
    del: (location sheet10 fe1_exit-im1_feedentry)
im1-movelower-letter sheet2 :: cost: 3088
    add: (location sheet2 im1_bottomexit-lc1_entry)
    del: (location sheet2 fe1_exit-im1_feedentry)
im1-movelower-letter sheet3 :: cost: 3088
    add: (location sheet3 im1_bottomexit-lc1_entry)
    del: (location sheet3 fe1_exit-im1_feedentry)
im1-movelower-letter sheet4 :: cost: 3088
    add: (location sheet4 im1_bottomexit-lc1_entry)
    del: (location sheet4 fe1_exit-im1_feedentry)
im1-movelower-letter sheet6 :: cost: 3088
    add: (location sheet6 im1_bottomexit-lc1_entry)
    del: (location sheet6 fe1_exit-im1_feedentry)
im1-movelower-letter sheet8 :: cost: 3088
    add: (location sheet8 im1_bottomexit-lc1_entry)
    del: (location sheet8 fe1_exit-im1_feedentry)
im1-movelower-letter sheet9 :: cost: 3088
    add: (location sheet9 im1_bottomexit-lc1_entry)
    del: (location sheet9 fe1_exit-im1_feedentry)
im1-movelower-letter sheet10 :: cost: 3088
    add: (location sheet10 im1_bottomexit-lc1_entry)
    del: (location sheet10 fe1_exit-im1_feedentry)
Step 9 (location dummy-sheet some_finisher_tray) (location sheet1 some_feeder_tray) (location sheet5 some_feeder_tray) (location sheet7 some_feeder_tray) (notprintedwith sheet1 front black) (notprintedwith sheet1 back black) (notprintedwith sheet1 front color) (notprintedwith sheet1 back color) (notprintedwith sheet2 front black) (notprintedwith sheet2 back black) (notprintedwith sheet2 front color) (notprintedwith sheet2 back color) (notprintedwith sheet3 front black) (notprintedwith sheet3 back black) (notprintedwith sheet3 front color) (notprintedwith sheet3 back color) (notprintedwith sheet4 front black) (notprintedwith sheet4 back black) (notprintedwith sheet4 front color) (notprintedwith sheet4 back color) (notprintedwith sheet5 front black) (notprintedwith sheet5 back black) (notprintedwith sheet5 front color) (notprintedwith sheet5 back color) (notprintedwith sheet6 front black) (notprintedwith sheet6 back black) (notprintedwith sheet6 front color) (notprintedwith sheet6 back color) (notprintedwith sheet7 front black) (notprintedwith sheet7 back black) (notprintedwith sheet7 front color) (notprintedwith sheet7 back color) (notprintedwith sheet8 front black) (notprintedwith sheet8 back black) (notprintedwith sheet8 front color) (notprintedwith sheet8 back color) (notprintedwith sheet9 front black) (notprintedwith sheet9 back black) (notprintedwith sheet9 front color) (notprintedwith sheet9 back color) (notprintedwith sheet10 front black) (notprintedwith sheet10 back black) (notprintedwith sheet10 front color) (notprintedwith sheet10 back color) (available fe1-rsrc) (available im1-rsrc) (available uc1-rsrc) (available ube-rsrc) (available lc1-rsrc) (available lbe-rsrc) (available rh1-rsrc) (available uc2-rsrc) (available ure-rsrc) (available lc2-rsrc) (available lre-rsrc) (available rh2-rsrc) (available om-rsrc) (available sys-rsrc) (location sheet2 fe1_exit-im1_feedentry) (sideup sheet2 back) (location sheet3 fe1_exit-im1_feedentry) (sideup sheet3 back) (sideup sheet4 back) (location sheet6 fe1_exit-im1_feedentry) (sideup sheet6 back) (location sheet8 fe1_exit-im1_feedentry) (sideup sheet8 back) (location sheet9 fe1_exit-im1_feedentry) (sideup sheet9 back) (location sheet10 fe1_exit-im1_feedentry) (sideup sheet10 back) (location sheet4 uc1_entry-im1_topexit)
size: 20
fe1-feedmsi-letter sheet1 :: cost: 500
    add: (location sheet1 fe1_exit-im1_feedentry) (sideup sheet1 back)
    del: (location sheet1 some_feeder_tray)
fe1-feedmsi-letter sheet5 :: cost: 500
    add: (location sheet5 fe1_exit-im1_feedentry) (sideup sheet5 back)
    del: (location sheet5 some_feeder_tray)
fe1-feedmsi-letter sheet7 :: cost: 500
    add: (location sheet7 fe1_exit-im1_feedentry) (sideup sheet7 back)
    del: (location sheet7 some_feeder_tray)
fe1-feed-letter sheet1 :: cost: 899
    add: (location sheet1 fe1_exit-im1_feedentry) (sideup sheet1 back)
    del: (location sheet1 some_feeder_tray)
fe1-feed-letter sheet5 :: cost: 899
    add: (location sheet5 fe1_exit-im1_feedentry) (sideup sheet5 back)
    del: (location sheet5 some_feeder_tray)
fe1-feed-letter sheet7 :: cost: 899
    add: (location sheet7 fe1_exit-im1_feedentry) (sideup sheet7 back)
    del: (location sheet7 some_feeder_tray)
im1-moveupper-letter sheet2 :: cost: 8171
    add: (location sheet2 uc1_entry-im1_topexit)
    del: (location sheet2 fe1_exit-im1_feedentry)
im1-moveupper-letter sheet3 :: cost: 8171
    add: (location sheet3 uc1_entry-im1_topexit)
    del: (location sheet3 fe1_exit-im1_feedentry)
im1-moveupper-letter sheet6 :: cost: 8171
    add: (location sheet6 uc1_entry-im1_topexit)
    del: (location sheet6 fe1_exit-im1_feedentry)
im1-moveupper-letter sheet8 :: cost: 8171
    add: (location sheet8 uc1_entry-im1_topexit)
    del: (location sheet8 fe1_exit-im1_feedentry)
im1-moveupper-letter sheet9 :: cost: 8171
    add: (location sheet9 uc1_entry-im1_topexit)
    del: (location sheet9 fe1_exit-im1_feedentry)
im1-moveupper-letter sheet10 :: cost: 8171
    add: (location sheet10 uc1_entry-im1_topexit)
    del: (location sheet10 fe1_exit-im1_feedentry)
im1-movelower-letter sheet2 :: cost: 3088
    add: (location sheet2 im1_bottomexit-lc1_entry)
    del: (location sheet2 fe1_exit-im1_feedentry)
im1-movelower-letter sheet3 :: cost: 3088
    add: (location sheet3 im1_bottomexit-lc1_entry)
    del: (location sheet3 fe1_exit-im1_feedentry)
im1-movelower-letter sheet6 :: cost: 3088
    add: (location sheet6 im1_bottomexit-lc1_entry)
    del: (location sheet6 fe1_exit-im1_feedentry)
im1-movelower-letter sheet8 :: cost: 3088
    add: (location sheet8 im1_bottomexit-lc1_entry)
    del: (location sheet8 fe1_exit-im1_feedentry)
im1-movelower-letter sheet9 :: cost: 3088
    add: (location sheet9 im1_bottomexit-lc1_entry)
    del: (location sheet9 fe1_exit-im1_feedentry)
im1-movelower-letter sheet10 :: cost: 3088
    add: (location sheet10 im1_bottomexit-lc1_entry)
    del: (location sheet10 fe1_exit-im1_feedentry)
uc1-fmove-letter sheet4 :: cost: 10890
    add: (location sheet4 uc2_entry-uc1_exit)
    del: (location sheet4 uc1_entry-im1_topexit)
uc1-divert-letter sheet4 back front :: cost: 11805
    add: (location sheet4 ube_entry-uc1_offramp) (sideup sheet4 front)
    del: (sideup sheet4 back) (location sheet4 uc1_entry-im1_topexit)
