(=)
  in-init: 0
  in-pre: 0
  in-pre-neg: 0
  in-goal: 0
  in-goal-neg: 0
  in-eff: 0
(sheetsize)
  in-init: 1
  in-pre: 1
  in-pre-neg: 0
  in-goal: 0
  in-goal-neg: 0
  in-eff: 0
(location)
  in-init: 1
  in-pre: 1
  in-pre-neg: 0
  in-goal: 0
  in-goal-neg: 0
  in-eff: 1
(hasimage)
  in-init: 0
  in-pre: 0
  in-pre-neg: 0
  in-goal: 1
  in-goal-neg: 0
  in-eff: 1
(sideup)
  in-init: 0
  in-pre: 1
  in-pre-neg: 0
  in-goal: 1
  in-goal-neg: 0
  in-eff: 1
(stackedin)
  in-init: 0
  in-pre: 0
  in-pre-neg: 0
  in-goal: 1
  in-goal-neg: 0
  in-eff: 1
(imagecolor)
  in-init: 1
  in-pre: 1
  in-pre-neg: 0
  in-goal: 0
  in-goal-neg: 0
  in-eff: 0
(notprintedwith)
  in-init: 1
  in-pre: 1
  in-pre-neg: 0
  in-goal: 1
  in-goal-neg: 0
  in-eff: 1
(oppositeside)
  in-init: 1
  in-pre: 1
  in-pre-neg: 0
  in-goal: 0
  in-goal-neg: 0
  in-eff: 0
(available)
  in-init: 0
  in-pre: 1
  in-pre-neg: 0
  in-goal: 0
  in-goal-neg: 0
  in-eff: 1
(prevsheet)
  in-init: 1
  in-pre: 1
  in-pre-neg: 0
  in-goal: 0
  in-goal-neg: 0
  in-eff: 0
(uninitialized)
  in-init: 1
  in-pre: 1
  in-pre-neg: 0
  in-goal: 0
  in-goal-neg: 0
  in-eff: 1
(total-cost)
  in-init: 1
  init-all-nonneg: 1
  init-all-nonpos: 1
  init-all-int: 1
  in-pre: 0
  in-goal: 0
  in-metric: 1
  is-metric-alone: 1
  on-num-op-rhs: 0
  in-eff: 1
  in-eff-by-assign-or-scale: 0
  in-eff-in-cond-eff: 0
  write-delta-nonneg: 1
  write-delta-nonneg-int: 1
  rhs-funcs:
global
  has-cond-eff: 0
  has-num-cmp: 0
  has-eq-pred: 0
  has-non-static-neg-cond: 0
  action-cost-func: (total-cost)
  has-int-action-cost-func: 1
  is-unit-cost: 0
  is-numeric: 0
