step 0: state 2 applicable 4
    state: (at-robot loc-x2-y2) (visited loc-x2-y2)
move loc-x2-y2 loc-x1-y2 :: cost: 1 [successor]
    add: (at-robot loc-x1-y2) (visited loc-x1-y2)
    del: (at-robot loc-x2-y2)
move loc-x2-y2 loc-x2-y1 :: cost: 1
    add: (at-robot loc-x2-y1) (visited loc-x2-y1)
    del: (at-robot loc-x2-y2)
move loc-x2-y2 loc-x2-y3 :: cost: 1
    add: (at-robot loc-x2-y3) (visited loc-x2-y3)
    del: (at-robot loc-x2-y2)
step 1: state 3 applicable 4
    state: (at-robot loc-x1-y2) (visited loc-x1-y2) (visited loc-x2-y2)
move loc-x1-y2 loc-x0-y2 :: cost: 1
    add: (at-robot loc-x0-y2) (visited loc-x0-y2)
    del: (at-robot loc-x1-y2)
move loc-x1-y2 loc-x1-y1 :: cost: 1 [successor]
    add: (at-robot loc-x1-y1) (visited loc-x1-y1)
    del: (at-robot loc-x1-y2)
move loc-x1-y2 loc-x1-y3 :: cost: 1
    add: (at-robot loc-x1-y3) (visited loc-x1-y3)
    del: (at-robot loc-x1-y2)
step 2: state 4 applicable 4
    state: (at-robot loc-x1-y1) (visited loc-x1-y1) (visited loc-x1-y2) (visited loc-x2-y2)
move loc-x1-y1 loc-x0-y1 :: cost: 1
    add: (at-robot loc-x0-y1) (visited loc-x0-y1)
    del: (at-robot loc-x1-y1)
move loc-x1-y1 loc-x1-y0 :: cost: 1
    add: (at-robot loc-x1-y0) (visited loc-x1-y0)
    del: (at-robot loc-x1-y1)
move loc-x1-y1 loc-x1-y2 :: cost: 1 [successor]
    add: (at-robot loc-x1-y2)
    del: (at-robot loc-x1-y1)
step 3: state 4 applicable 4
    state: (at-robot loc-x1-y2) (visited loc-x1-y1) (visited loc-x1-y2) (visited loc-x2-y2)
move loc-x1-y2 loc-x0-y2 :: cost: 1
    add: (at-robot loc-x0-y2) (visited loc-x0-y2)
    del: (at-robot loc-x1-y2)
move loc-x1-y2 loc-x1-y1 :: cost: 1
    add: (at-robot loc-x1-y1)
    del: (at-robot loc-x1-y2)
move loc-x1-y2 loc-x1-y3 :: cost: 1
    add: (at-robot loc-x1-y3) (visited loc-x1-y3)
    del: (at-robot loc-x1-y2)
    successor: move loc-x1-y2 loc-x2-y2
step 4: state 4 applicable 4
    state: (at-robot loc-x2-y2) (visited loc-x1-y1) (visited loc-x1-y2) (visited loc-x2-y2)
move loc-x2-y2 loc-x1-y2 :: cost: 1 [successor]
    add: (at-robot loc-x1-y2)
    del: (at-robot loc-x2-y2)
move loc-x2-y2 loc-x2-y1 :: cost: 1
    add: (at-robot loc-x2-y1) (visited loc-x2-y1)
    del: (at-robot loc-x2-y2)
move loc-x2-y2 loc-x2-y3 :: cost: 1
    add: (at-robot loc-x2-y3) (visited loc-x2-y3)
    del: (at-robot loc-x2-y2)
ground atoms: 20 groundings: 12
