 (robot-has robot1 black) (robot-has robot1 white):=1
 (robot-has robot2 black) (robot-has robot2 white):=1
 (robot-has robot3 black) (robot-has robot3 white):=1
 (clear tile_0-1) (robot-at robot1 tile_0-1) (robot-at robot2 tile_0-1) (robot-at robot3 tile_0-1)
 (clear tile_0-2) (robot-at robot1 tile_0-2) (robot-at robot2 tile_0-2) (robot-at robot3 tile_0-2)
 (clear tile_0-3) (robot-at robot1 tile_0-3) (robot-at robot2 tile_0-3) (robot-at robot3 tile_0-3)
 (clear tile_0-4) (robot-at robot1 tile_0-4) (robot-at robot2 tile_0-4) (robot-at robot3 tile_0-4)
 (clear tile_0-5) (robot-at robot1 tile_0-5) (robot-at robot2 tile_0-5) (robot-at robot3 tile_0-5)
 (clear tile_0-6) (robot-at robot1 tile_0-6) (robot-at robot2 tile_0-6) (robot-at robot3 tile_0-6)
 (clear tile_1-1) (painted tile_1-1 white) (robot-at robot1 tile_1-1) (robot-at robot2 tile_1-1) (robot-at robot3 tile_1-1):G
 (clear tile_1-2) (painted tile_1-2 black) (robot-at robot1 tile_1-2) (robot-at robot2 tile_1-2) (robot-at robot3 tile_1-2):G
 (clear tile_1-3) (painted tile_1-3 white) (robot-at robot1 tile_1-3) (robot-at robot2 tile_1-3) (robot-at robot3 tile_1-3):G
 (clear tile_1-4) (painted tile_1-4 black) (robot-at robot1 tile_1-4) (robot-at robot2 tile_1-4) (robot-at robot3 tile_1-4):G
 (clear tile_1-5) (painted tile_1-5 white) (robot-at robot1 tile_1-5) (robot-at robot2 tile_1-5) (robot-at robot3 tile_1-5):G
 (clear tile_1-6) (painted tile_1-6 black) (robot-at robot1 tile_1-6) (robot-at robot2 tile_1-6) (robot-at robot3 tile_1-6):G
 (clear tile_2-1) (painted tile_2-1 black) (robot-at robot1 tile_2-1) (robot-at robot2 tile_2-1) (robot-at robot3 tile_2-1):G
 (clear tile_2-2) (painted tile_2-2 white) (robot-at robot1 tile_2-2) (robot-at robot2 tile_2-2) (robot-at robot3 tile_2-2):G
 (clear tile_2-3) (painted tile_2-3 black) (robot-at robot1 tile_2-3) (robot-at robot2 tile_2-3) (robot-at robot3 tile_2-3):G
 (clear tile_2-4) (painted tile_2-4 white) (robot-at robot1 tile_2-4) (robot-at robot2 tile_2-4) (robot-at robot3 tile_2-4):G
 (clear tile_2-5) (painted tile_2-5 black) (robot-at robot1 tile_2-5) (robot-at robot2 tile_2-5) (robot-at robot3 tile_2-5):G
 (clear tile_2-6) (painted tile_2-6 white) (robot-at robot1 tile_2-6) (robot-at robot2 tile_2-6) (robot-at robot3 tile_2-6):G
 (clear tile_3-1) (painted tile_3-1 white) (robot-at robot1 tile_3-1) (robot-at robot2 tile_3-1) (robot-at robot3 tile_3-1):G
 (clear tile_3-2) (painted tile_3-2 black) (robot-at robot1 tile_3-2) (robot-at robot2 tile_3-2) (robot-at robot3 tile_3-2):G
 (clear tile_3-3) (painted tile_3-3 white) (robot-at robot1 tile_3-3) (robot-at robot2 tile_3-3) (robot-at robot3 tile_3-3):G
 (clear tile_3-4) (painted tile_3-4 black) (robot-at robot1 tile_3-4) (robot-at robot2 tile_3-4) (robot-at robot3 tile_3-4):G
 (clear tile_3-5) (painted tile_3-5 white) (robot-at robot1 tile_3-5) (robot-at robot2 tile_3-5) (robot-at robot3 tile_3-5):G
 (clear tile_3-6) (painted tile_3-6 black) (robot-at robot1 tile_3-6) (robot-at robot2 tile_3-6) (robot-at robot3 tile_3-6):G
 (clear tile_4-1) (painted tile_4-1 black) (robot-at robot1 tile_4-1) (robot-at robot2 tile_4-1) (robot-at robot3 tile_4-1):G
 (clear tile_4-2) (painted tile_4-2 white) (robot-at robot1 tile_4-2) (robot-at robot2 tile_4-2) (robot-at robot3 tile_4-2):G
 (clear tile_4-3) (painted tile_4-3 black) (robot-at robot1 tile_4-3) (robot-at robot2 tile_4-3) (robot-at robot3 tile_4-3):G
 (clear tile_4-4) (painted tile_4-4 white) (robot-at robot1 tile_4-4) (robot-at robot2 tile_4-4) (robot-at robot3 tile_4-4):G
 (clear tile_4-5) (painted tile_4-5 black) (robot-at robot1 tile_4-5) (robot-at robot2 tile_4-5) (robot-at robot3 tile_4-5):G
 (clear tile_4-6) (painted tile_4-6 white) (robot-at robot1 tile_4-6) (robot-at robot2 tile_4-6) (robot-at robot3 tile_4-6):G
 (clear tile_5-1) (painted tile_5-1 white) (robot-at robot1 tile_5-1) (robot-at robot2 tile_5-1) (robot-at robot3 tile_5-1):G
 (clear tile_5-2) (painted tile_5-2 black) (robot-at robot1 tile_5-2) (robot-at robot2 tile_5-2) (robot-at robot3 tile_5-2):G
 (clear tile_5-3) (painted tile_5-3 white) (robot-at robot1 tile_5-3) (robot-at robot2 tile_5-3) (robot-at robot3 tile_5-3):G
 (clear tile_5-4) (painted tile_5-4 black) (robot-at robot1 tile_5-4) (robot-at robot2 tile_5-4) (robot-at robot3 tile_5-4):G
 (clear tile_5-5) (painted tile_5-5 white) (robot-at robot1 tile_5-5) (robot-at robot2 tile_5-5) (robot-at robot3 tile_5-5):G
 (clear tile_5-6) (painted tile_5-6 black) (robot-at robot1 tile_5-6) (robot-at robot2 tile_5-6) (robot-at robot3 tile_5-6):G
 (clear tile_6-1) (painted tile_6-1 black) (robot-at robot1 tile_6-1) (robot-at robot2 tile_6-1) (robot-at robot3 tile_6-1):G
 (clear tile_6-2) (painted tile_6-2 white) (robot-at robot1 tile_6-2) (robot-at robot2 tile_6-2) (robot-at robot3 tile_6-2):G
 (clear tile_6-3) (painted tile_6-3 black) (robot-at robot1 tile_6-3) (robot-at robot2 tile_6-3) (robot-at robot3 tile_6-3):G
 (clear tile_6-4) (painted tile_6-4 white) (robot-at robot1 tile_6-4) (robot-at robot2 tile_6-4) (robot-at robot3 tile_6-4):G
 (clear tile_6-5) (painted tile_6-5 black) (robot-at robot1 tile_6-5) (robot-at robot2 tile_6-5) (robot-at robot3 tile_6-5):G
 (clear tile_6-6) (painted tile_6-6 white) (robot-at robot1 tile_6-6) (robot-at robot2 tile_6-6) (robot-at robot3 tile_6-6):G
 (robot-at robot1 tile_0-1) (robot-at robot1 tile_0-2) (robot-at robot1 tile_0-3) (robot-at robot1 tile_0-4) (robot-at robot1 tile_0-5) (robot-at robot1 tile_0-6) (robot-at robot1 tile_1-1) (robot-at robot1 tile_1-2) (robot-at robot1 tile_1-3) (robot-at robot1 tile_1-4) (robot-at robot1 tile_1-5) (robot-at robot1 tile_1-6) (robot-at robot1 tile_2-1) (robot-at robot1 tile_2-2) (robot-at robot1 tile_2-3) (robot-at robot1 tile_2-4) (robot-at robot1 tile_2-5) (robot-at robot1 tile_2-6) (robot-at robot1 tile_3-1) (robot-at robot1 tile_3-2) (robot-at robot1 tile_3-3) (robot-at robot1 tile_3-4) (robot-at robot1 tile_3-5) (robot-at robot1 tile_3-6) (robot-at robot1 tile_4-1) (robot-at robot1 tile_4-2) (robot-at robot1 tile_4-3) (robot-at robot1 tile_4-4) (robot-at robot1 tile_4-5) (robot-at robot1 tile_4-6) (robot-at robot1 tile_5-1) (robot-at robot1 tile_5-2) (robot-at robot1 tile_5-3) (robot-at robot1 tile_5-4) (robot-at robot1 tile_5-5) (robot-at robot1 tile_5-6) (robot-at robot1 tile_6-1) (robot-at robot1 tile_6-2) (robot-at robot1 tile_6-3) (robot-at robot1 tile_6-4) (robot-at robot1 tile_6-5) (robot-at robot1 tile_6-6):=1
 (robot-at robot2 tile_0-1) (robot-at robot2 tile_0-2) (robot-at robot2 tile_0-3) (robot-at robot2 tile_0-4) (robot-at robot2 tile_0-5) (robot-at robot2 tile_0-6) (robot-at robot2 tile_1-1) (robot-at robot2 tile_1-2) (robot-at robot2 tile_1-3) (robot-at robot2 tile_1-4) (robot-at robot2 tile_1-5) (robot-at robot2 tile_1-6) (robot-at robot2 tile_2-1) (robot-at robot2 tile_2-2) (robot-at robot2 tile_2-3) (robot-at robot2 tile_2-4) (robot-at robot2 tile_2-5) (robot-at robot2 tile_2-6) (robot-at robot2 tile_3-1) (robot-at robot2 tile_3-2) (robot-at robot2 tile_3-3) (robot-at robot2 tile_3-4) (robot-at robot2 tile_3-5) (robot-at robot2 tile_3-6) (robot-at robot2 tile_4-1) (robot-at robot2 tile_4-2) (robot-at robot2 tile_4-3) (robot-at robot2 tile_4-4) (robot-at robot2 tile_4-5) (robot-at robot2 tile_4-6) (robot-at robot2 tile_5-1) (robot-at robot2 tile_5-2) (robot-at robot2 tile_5-3) (robot-at robot2 tile_5-4) (robot-at robot2 tile_5-5) (robot-at robot2 tile_5-6) (robot-at robot2 tile_6-1) (robot-at robot2 tile_6-2) (robot-at robot2 tile_6-3) (robot-at robot2 tile_6-4) (robot-at robot2 tile_6-5) (robot-at robot2 tile_6-6):=1
 (robot-at robot3 tile_0-1) (robot-at robot3 tile_0-2) (robot-at robot3 tile_0-3) (robot-at robot3 tile_0-4) (robot-at robot3 tile_0-5) (robot-at robot3 tile_0-6) (robot-at robot3 tile_1-1) (robot-at robot3 tile_1-2) (robot-at robot3 tile_1-3) (robot-at robot3 tile_1-4) (robot-at robot3 tile_1-5) (robot-at robot3 tile_1-6) (robot-at robot3 tile_2-1) (robot-at robot3 tile_2-2) (robot-at robot3 tile_2-3) (robot-at robot3 tile_2-4) (robot-at robot3 tile_2-5) (robot-at robot3 tile_2-6) (robot-at robot3 tile_3-1) (robot-at robot3 tile_3-2) (robot-at robot3 tile_3-3) (robot-at robot3 tile_3-4) (robot-at robot3 tile_3-5) (robot-at robot3 tile_3-6) (robot-at robot3 tile_4-1) (robot-at robot3 tile_4-2) (robot-at robot3 tile_4-3) (robot-at robot3 tile_4-4) (robot-at robot3 tile_4-5) (robot-at robot3 tile_4-6) (robot-at robot3 tile_5-1) (robot-at robot3 tile_5-2) (robot-at robot3 tile_5-3) (robot-at robot3 tile_5-4) (robot-at robot3 tile_5-5) (robot-at robot3 tile_5-6) (robot-at robot3 tile_6-1) (robot-at robot3 tile_6-2) (robot-at robot3 tile_6-3) (robot-at robot3 tile_6-4) (robot-at robot3 tile_6-5) (robot-at robot3 tile_6-6):=1

