Init: (at rover0 waypoint4) (at rover1 waypoint0) (at rover2 waypoint3) (at rover3 waypoint1) (at_rock_sample waypoint0) (at_rock_sample waypoint1) (at_rock_sample waypoint3) (at_rock_sample waypoint4) (at_rock_sample waypoint6) (at_soil_sample waypoint0) (at_soil_sample waypoint3) (at_soil_sample waypoint4) (at_soil_sample waypoint6) (empty rover0store) (empty rover1store) (empty rover2store)
Unreachable facts [10/88]:
  (empty rover3store)
  (full rover3store)
  (have_rock_analysis rover3 waypoint0)
  (have_rock_analysis rover3 waypoint1)
  (have_rock_analysis rover3 waypoint3)
  (have_rock_analysis rover3 waypoint4)
  (have_soil_analysis rover3 waypoint0)
  (have_soil_analysis rover3 waypoint3)
  (have_soil_analysis rover3 waypoint4)
  (have_soil_analysis rover3 waypoint6)
Unreachable ops [42/312]:
  (communicate_rock_data rover3 general waypoint0 waypoint0 waypoint1)
  (communicate_rock_data rover3 general waypoint0 waypoint2 waypoint1)
  (communicate_rock_data rover3 general waypoint0 waypoint4 waypoint1)
  (communicate_rock_data rover3 general waypoint0 waypoint5 waypoint1)
  (communicate_rock_data rover3 general waypoint1 waypoint0 waypoint1)
  (communicate_rock_data rover3 general waypoint1 waypoint2 waypoint1)
  (communicate_rock_data rover3 general waypoint1 waypoint4 waypoint1)
  (communicate_rock_data rover3 general waypoint1 waypoint5 waypoint1)
  (communicate_rock_data rover3 general waypoint3 waypoint0 waypoint1)
  (communicate_rock_data rover3 general waypoint3 waypoint2 waypoint1)
  (communicate_rock_data rover3 general waypoint3 waypoint4 waypoint1)
  (communicate_rock_data rover3 general waypoint3 waypoint5 waypoint1)
  (communicate_rock_data rover3 general waypoint4 waypoint0 waypoint1)
  (communicate_rock_data rover3 general waypoint4 waypoint2 waypoint1)
  (communicate_rock_data rover3 general waypoint4 waypoint4 waypoint1)
  (communicate_rock_data rover3 general waypoint4 waypoint5 waypoint1)
  (communicate_soil_data rover3 general waypoint0 waypoint0 waypoint1)
  (communicate_soil_data rover3 general waypoint0 waypoint2 waypoint1)
  (communicate_soil_data rover3 general waypoint0 waypoint4 waypoint1)
  (communicate_soil_data rover3 general waypoint0 waypoint5 waypoint1)
  (communicate_soil_data rover3 general waypoint3 waypoint0 waypoint1)
  (communicate_soil_data rover3 general waypoint3 waypoint2 waypoint1)
  (communicate_soil_data rover3 general waypoint3 waypoint4 waypoint1)
  (communicate_soil_data rover3 general waypoint3 waypoint5 waypoint1)
  (communicate_soil_data rover3 general waypoint4 waypoint0 waypoint1)
  (communicate_soil_data rover3 general waypoint4 waypoint2 waypoint1)
  (communicate_soil_data rover3 general waypoint4 waypoint4 waypoint1)
  (communicate_soil_data rover3 general waypoint4 waypoint5 waypoint1)
  (communicate_soil_data rover3 general waypoint6 waypoint0 waypoint1)
  (communicate_soil_data rover3 general waypoint6 waypoint2 waypoint1)
  (communicate_soil_data rover3 general waypoint6 waypoint4 waypoint1)
  (communicate_soil_data rover3 general waypoint6 waypoint5 waypoint1)
  (drop rover3 rover3store)
  (sample_rock rover3 rover3store waypoint0)
  (sample_rock rover3 rover3store waypoint1)
  (sample_rock rover3 rover3store waypoint3)
  (sample_rock rover3 rover3store waypoint4)
  (sample_rock rover3 rover3store waypoint6)
  (sample_soil rover3 rover3store waypoint0)
  (sample_soil rover3 rover3store waypoint3)
  (sample_soil rover3 rover3store waypoint4)
  (sample_soil rover3 rover3store waypoint6)
