Reduced 45 -> 35
Domain: transport-strips
Problem: transport-l4-t1-p3---int100n150-m25---int100c150---s1---e0
Require: 200ff
Type[6]:
    [0]: object, parent: -1
    [1]: location, parent: 0
    [2]: fuellevel, parent: 0
    [3]: locatable, parent: 0
    [4]: package, parent: 3
    [5]: truck, parent: 3
Obj-by-Type:
    [0]: 0 1 2 3 4 5 6 7 8 9 10 11 12 13 14 15 16 17 18 19 20 21 22 23 24 25 26 27 28 29 30 31 32 33 34
    [1]: 0 1 2
    [2]: 7 8 9 10 11 12 13 14 15 16 17 18 19 20 21 22 23 24 25 26 27 28 29 30 31 32 33 34
    [3]: 3 4 5 6
    [4]: 4 5 6
    [5]: 3
Obj[35]:
    [0]: l0, type: 1, is-constant: 0, is-private: 0, owner: -1, is-agent: 0
    [1]: l1, type: 1, is-constant: 0, is-private: 0, owner: -1, is-agent: 0
    [2]: l2, type: 1, is-constant: 0, is-private: 0, owner: -1, is-agent: 0
    [3]: t0, type: 5, is-constant: 0, is-private: 0, owner: -1, is-agent: 0
    [4]: p0, type: 4, is-constant: 0, is-private: 0, owner: -1, is-agent: 0
    [5]: p1, type: 4, is-constant: 0, is-private: 0, owner: -1, is-agent: 0
    [6]: p2, type: 4, is-constant: 0, is-private: 0, owner: -1, is-agent: 0
    [7]: level0, type: 2, is-constant: 0, is-private: 0, owner: -1, is-agent: 0
    [8]: level2, type: 2, is-constant: 0, is-private: 0, owner: -1, is-agent: 0
    [9]: level3, type: 2, is-constant: 0, is-private: 0, owner: -1, is-agent: 0
    [10]: level6, type: 2, is-constant: 0, is-private: 0, owner: -1, is-agent: 0
    [11]: level11, type: 2, is-constant: 0, is-private: 0, owner: -1, is-agent: 0
    [12]: level13, type: 2, is-constant: 0, is-private: 0, owner: -1, is-agent: 0
    [13]: level15, type: 2, is-constant: 0, is-private: 0, owner: -1, is-agent: 0
    [14]: level16, type: 2, is-constant: 0, is-private: 0, owner: -1, is-agent: 0
    [15]: level17, type: 2, is-constant: 0, is-private: 0, owner: -1, is-agent: 0
    [16]: level18, type: 2, is-constant: 0, is-private: 0, owner: -1, is-agent: 0
    [17]: level19, type: 2, is-constant: 0, is-private: 0, owner: -1, is-agent: 0
    [18]: level20, type: 2, is-constant: 0, is-private: 0, owner: -1, is-agent: 0
    [19]: level21, type: 2, is-constant: 0, is-private: 0, owner: -1, is-agent: 0
    [20]: level22, type: 2, is-constant: 0, is-private: 0, owner: -1, is-agent: 0
    [21]: level23, type: 2, is-constant: 0, is-private: 0, owner: -1, is-agent: 0
    [22]: level24, type: 2, is-constant: 0, is-private: 0, owner: -1, is-agent: 0
    [23]: level25, type: 2, is-constant: 0, is-private: 0, owner: -1, is-agent: 0
    [24]: level26, type: 2, is-constant: 0, is-private: 0, owner: -1, is-agent: 0
    [25]: level27, type: 2, is-constant: 0, is-private: 0, owner: -1, is-agent: 0
    [26]: level28, type: 2, is-constant: 0, is-private: 0, owner: -1, is-agent: 0
    [27]: level29, type: 2, is-constant: 0, is-private: 0, owner: -1, is-agent: 0
    [28]: level30, type: 2, is-constant: 0, is-private: 0, owner: -1, is-agent: 0
    [29]: level31, type: 2, is-constant: 0, is-private: 0, owner: -1, is-agent: 0
    [30]: level32, type: 2, is-constant: 0, is-private: 0, owner: -1, is-agent: 0
    [31]: level33, type: 2, is-constant: 0, is-private: 0, owner: -1, is-agent: 0
    [32]: level34, type: 2, is-constant: 0, is-private: 0, owner: -1, is-agent: 0
    [33]: level35, type: 2, is-constant: 0, is-private: 0, owner: -1, is-agent: 0
    [34]: level36, type: 2, is-constant: 0, is-private: 0, owner: -1, is-agent: 0
Predicate[7]:
    =: 0 0 :: is-private: 0, owner-param: -1, read: 0, write: 0
    connected: 1 1 :: is-private: 0, owner-param: -1, read: 1, write: 0
    at: 3 1 :: is-private: 0, owner-param: -1, read: 1, write: 1
    in: 4 5 :: is-private: 0, owner-param: -1, read: 1, write: 1
    fuel: 5 2 :: is-private: 0, owner-param: -1, read: 1, write: 1
    fuelcost: 2 1 1 :: is-private: 0, owner-param: -1, read: 1, write: 0
    sum: 2 2 2 :: is-private: 0, owner-param: -1, read: 1, write: 0
Function[1]:
    total-cost: :: is-private: 0, owner-param: -1, read: 0, write: 0
Action[3]:
    load: ?p:4 ?t:5 ?l:1
        pre: (and (RW:at ?t ?l) (RW:at ?p ?l))
        eff: (and (RW:in ?p ?t) (increase (total-cost) 1))
    unload: ?p:4 ?t:5 ?l:1
        pre: (and (RW:at ?t ?l) (RW:in ?p ?t))
        eff: (and (RW:at ?p ?l) (N:RW:in ?p ?t) (increase (total-cost) 1))
    drive: ?t:5 ?l1:1 ?l2:1 ?fuelpost:2 ?fueldelta:2 ?fuelpre:2
        pre: (and (R:connected ?l1 ?l2) (R:fuelcost ?fueldelta ?l1 ?l2) (RW:fuel ?t ?fuelpre) (R:sum ?fuelpost ?fueldelta ?fuelpre) (RW:at ?t ?l1))
        eff: (and (RW:at ?t ?l2) (RW:fuel ?t ?fuelpost) (increase (total-cost) 1))
Init[732]:
  S:(sum level0 level0 level0)
  S:(sum level0 level0 level0)
  S:(sum level0 level2 level2)
  S:(sum level0 level3 level3)
  S:(sum level0 level0 level0)
  S:(sum level0 level0 level0)
  S:(sum level0 level6 level6)
  S:(sum level0 level0 level0)
  S:(sum level0 level0 level0)
  S:(sum level0 level0 level0)
  S:(sum level0 level0 level0)
  S:(sum level0 level11 level11)
  S:(sum level0 level0 level0)
  S:(sum level0 level13 level13)
  S:(sum level0 level0 level0)
  S:(sum level0 level15 level15)
  S:(sum level0 level16 level16)
  S:(sum level0 level17 level17)
  S:(sum level0 level18 level18)
  S:(sum level0 level19 level19)
  S:(sum level0 level20 level20)
  S:(sum level0 level21 level21)
  S:(sum level0 level22 level22)
  S:(sum level0 level23 level23)
  S:(sum level0 level24 level24)
  S:(sum level0 level25 level25)
  S:(sum level0 level26 level26)
  S:(sum level0 level27 level27)
  S:(sum level0 level28 level28)
  S:(sum level0 level29 level29)
  S:(sum level0 level30 level30)
  S:(sum level0 level31 level31)
  S:(sum level0 level32 level32)
  S:(sum level0 level33 level33)
  S:(sum level0 level34 level34)
  S:(sum level0 level35 level35)
  S:(sum level0 level36 level36)
  S:(sum level0 level0 level0)
  S:(sum level0 level0 level2)
  S:(sum level0 level2 level3)
  S:(sum level0 level3 level0)
  S:(sum level0 level0 level0)
  S:(sum level0 level0 level6)
  S:(sum level0 level6 level0)
  S:(sum level0 level0 level0)
  S:(sum level0 level0 level0)
  S:(sum level0 level0 level0)
  S:(sum level0 level0 level11)
  S:(sum level0 level11 level0)
  S:(sum level0 level0 level13)
  S:(sum level0 level13 level0)
  S:(sum level0 level0 level15)
  S:(sum level0 level15 level16)
  S:(sum level0 level16 level17)
  S:(sum level0 level17 level18)
  S:(sum level0 level18 level19)
  S:(sum level0 level19 level20)
  S:(sum level0 level20 level21)
  S:(sum level0 level21 level22)
  S:(sum level0 level22 level23)
  S:(sum level0 level23 level24)
  S:(sum level0 level24 level25)
  S:(sum level0 level25 level26)
  S:(sum level0 level26 level27)
  S:(sum level0 level27 level28)
  S:(sum level0 level28 level29)
  S:(sum level0 level29 level30)
  S:(sum level0 level30 level31)
  S:(sum level0 level31 level32)
  S:(sum level0 level32 level33)
  S:(sum level0 level33 level34)
  S:(sum level0 level34 level35)
  S:(sum level0 level35 level36)
  S:(sum level2 level0 level2)
  S:(sum level2 level0 level3)
  S:(sum level2 level2 level0)
  S:(sum level2 level3 level0)
  S:(sum level2 level0 level6)
  S:(sum level2 level0 level0)
  S:(sum level2 level6 level0)
  S:(sum level2 level0 level0)
  S:(sum level2 level0 level0)
  S:(sum level2 level0 level11)
  S:(sum level2 level0 level0)
  S:(sum level2 level11 level13)
  S:(sum level2 level0 level0)
  S:(sum level2 level13 level15)
  S:(sum level2 level0 level16)
  S:(sum level2 level15 level17)
  S:(sum level2 level16 level18)
  S:(sum level2 level17 level19)
  S:(sum level2 level18 level20)
  S:(sum level2 level19 level21)
  S:(sum level2 level20 level22)
  S:(sum level2 level21 level23)
  S:(sum level2 level22 level24)
  S:(sum level2 level23 level25)
  S:(sum level2 level24 level26)
  S:(sum level2 level25 level27)
  S:(sum level2 level26 level28)
  S:(sum level2 level27 level29)
  S:(sum level2 level28 level30)
  S:(sum level2 level29 level31)
  S:(sum level2 level30 level32)
  S:(sum level2 level31 level33)
  S:(sum level2 level32 level34)
  S:(sum level2 level33 level35)
  S:(sum level2 level34 level36)
  S:(sum level3 level0 level3)
  S:(sum level3 level0 level0)
  S:(sum level3 level2 level0)
  S:(sum level3 level3 level6)
  S:(sum level3 level0 level0)
  S:(sum level3 level0 level0)
  S:(sum level3 level6 level0)
  S:(sum level3 level0 level0)
  S:(sum level3 level0 level11)
  S:(sum level3 level0 level0)
  S:(sum level3 level0 level13)
  S:(sum level3 level11 level0)
  S:(sum level3 level0 level15)
  S:(sum level3 level13 level16)
  S:(sum level3 level0 level17)
  S:(sum level3 level15 level18)
  S:(sum level3 level16 level19)
  S:(sum level3 level17 level20)
  S:(sum level3 level18 level21)
  S:(sum level3 level19 level22)
  S:(sum level3 level20 level23)
  S:(sum level3 level21 level24)
  S:(sum level3 level22 level25)
  S:(sum level3 level23 level26)
  S:(sum level3 level24 level27)
  S:(sum level3 level25 level28)
  S:(sum level3 level26 level29)
  S:(sum level3 level27 level30)
  S:(sum level3 level28 level31)
  S:(sum level3 level29 level32)
  S:(sum level3 level30 level33)
  S:(sum level3 level31 level34)
  S:(sum level3 level32 level35)
  S:(sum level3 level33 level36)
  S:(sum level0 level0 level0)
  S:(sum level0 level0 level0)
  S:(sum level0 level2 level6)
  S:(sum level0 level3 level0)
  S:(sum level0 level0 level0)
  S:(sum level0 level0 level0)
  S:(sum level0 level6 level0)
  S:(sum level0 level0 level11)
  S:(sum level0 level0 level0)
  S:(sum level0 level0 level13)
  S:(sum level0 level0 level0)
  S:(sum level0 level11 level15)
  S:(sum level0 level0 level16)
  S:(sum level0 level13 level17)
  S:(sum level0 level0 level18)
  S:(sum level0 level15 level19)
  S:(sum level0 level16 level20)
  S:(sum level0 level17 level21)
  S:(sum level0 level18 level22)
  S:(sum level0 level19 level23)
  S:(sum level0 level20 level24)
  S:(sum level0 level21 level25)
  S:(sum level0 level22 level26)
  S:(sum level0 level23 level27)
  S:(sum level0 level24 level28)
  S:(sum level0 level25 level29)
  S:(sum level0 level26 level30)
  S:(sum level0 level27 level31)
  S:(sum level0 level28 level32)
  S:(sum level0 level29 level33)
  S:(sum level0 level30 level34)
  S:(sum level0 level31 level35)
  S:(sum level0 level32 level36)
  S:(sum level0 level0 level0)
  S:(sum level0 level0 level6)
  S:(sum level0 level2 level0)
  S:(sum level0 level3 level0)
  S:(sum level0 level0 level0)
  S:(sum level0 level0 level0)
  S:(sum level0 level6 level11)
  S:(sum level0 level0 level0)
  S:(sum level0 level0 level13)
  S:(sum level0 level0 level0)
  S:(sum level0 level0 level15)
  S:(sum level0 level11 level16)
  S:(sum level0 level0 level17)
  S:(sum level0 level13 level18)
  S:(sum level0 level0 level19)
  S:(sum level0 level15 level20)
  S:(sum level0 level16 level21)
  S:(sum level0 level17 level22)
  S:(sum level0 level18 level23)
  S:(sum level0 level19 level24)
  S:(sum level0 level20 level25)
  S:(sum level0 level21 level26)
  S:(sum level0 level22 level27)
  S:(sum level0 level23 level28)
  S:(sum level0 level24 level29)
  S:(sum level0 level25 level30)
  S:(sum level0 level26 level31)
  S:(sum level0 level27 level32)
  S:(sum level0 level28 level33)
  S:(sum level0 level29 level34)
  S:(sum level0 level30 level35)
  S:(sum level0 level31 level36)
  S:(sum level6 level0 level6)
  S:(sum level6 level0 level0)
  S:(sum level6 level2 level0)
  S:(sum level6 level3 level0)
  S:(sum level6 level0 level0)
  S:(sum level6 level0 level11)
  S:(sum level6 level6 level0)
  S:(sum level6 level0 level13)
  S:(sum level6 level0 level0)
  S:(sum level6 level0 level15)
  S:(sum level6 level0 level16)
  S:(sum level6 level11 level17)
  S:(sum level6 level0 level18)
  S:(sum level6 level13 level19)
  S:(sum level6 level0 level20)
  S:(sum level6 level15 level21)
  S:(sum level6 level16 level22)
  S:(sum level6 level17 level23)
  S:(sum level6 level18 level24)
  S:(sum level6 level19 level25)
  S:(sum level6 level20 level26)
  S:(sum level6 level21 level27)
  S:(sum level6 level22 level28)
  S:(sum level6 level23 level29)
  S:(sum level6 level24 level30)
  S:(sum level6 level25 level31)
  S:(sum level6 level26 level32)
  S:(sum level6 level27 level33)
  S:(sum level6 level28 level34)
  S:(sum level6 level29 level35)
  S:(sum level6 level30 level36)
  S:(sum level0 level0 level0)
  S:(sum level0 level0 level0)
  S:(sum level0 level2 level0)
  S:(sum level0 level3 level0)
  S:(sum level0 level0 level11)
  S:(sum level0 level0 level0)
  S:(sum level0 level6 level13)
  S:(sum level0 level0 level0)
  S:(sum level0 level0 level15)
  S:(sum level0 level0 level16)
  S:(sum level0 level0 level17)
  S:(sum level0 level11 level18)
  S:(sum level0 level0 level19)
  S:(sum level0 level13 level20)
  S:(sum level0 level0 level21)
  S:(sum level0 level15 level22)
  S:(sum level0 level16 level23)
  S:(sum level0 level17 level24)
  S:(sum level0 level18 level25)
  S:(sum level0 level19 level26)
  S:(sum level0 level20 level27)
  S:(sum level0 level21 level28)
  S:(sum level0 level22 level29)
  S:(sum level0 level23 level30)
  S:(sum level0 level24 level31)
  S:(sum level0 level25 level32)
  S:(sum level0 level26 level33)
  S:(sum level0 level27 level34)
  S:(sum level0 level28 level35)
  S:(sum level0 level29 level36)
  S:(sum level0 level0 level0)
  S:(sum level0 level0 level0)
  S:(sum level0 level2 level0)
  S:(sum level0 level3 level11)
  S:(sum level0 level0 level0)
  S:(sum level0 level0 level13)
  S:(sum level0 level6 level0)
  S:(sum level0 level0 level15)
  S:(sum level0 level0 level16)
  S:(sum level0 level0 level17)
  S:(sum level0 level0 level18)
  S:(sum level0 level11 level19)
  S:(sum level0 level0 level20)
  S:(sum level0 level13 level21)
  S:(sum level0 level0 level22)
  S:(sum level0 level15 level23)
  S:(sum level0 level16 level24)
  S:(sum level0 level17 level25)
  S:(sum level0 level18 level26)
  S:(sum level0 level19 level27)
  S:(sum level0 level20 level28)
  S:(sum level0 level21 level29)
  S:(sum level0 level22 level30)
  S:(sum level0 level23 level31)
  S:(sum level0 level24 level32)
  S:(sum level0 level25 level33)
  S:(sum level0 level26 level34)
  S:(sum level0 level27 level35)
  S:(sum level0 level28 level36)
  S:(sum level0 level0 level0)
  S:(sum level0 level0 level0)
  S:(sum level0 level2 level11)
  S:(sum level0 level3 level0)
  S:(sum level0 level0 level13)
  S:(sum level0 level0 level0)
  S:(sum level0 level6 level15)
  S:(sum level0 level0 level16)
  S:(sum level0 level0 level17)
  S:(sum level0 level0 level18)
  S:(sum level0 level0 level19)
  S:(sum level0 level11 level20)
  S:(sum level0 level0 level21)
  S:(sum level0 level13 level22)
  S:(sum level0 level0 level23)
  S:(sum level0 level15 level24)
  S:(sum level0 level16 level25)
  S:(sum level0 level17 level26)
  S:(sum level0 level18 level27)
  S:(sum level0 level19 level28)
  S:(sum level0 level20 level29)
  S:(sum level0 level21 level30)
  S:(sum level0 level22 level31)
  S:(sum level0 level23 level32)
  S:(sum level0 level24 level33)
  S:(sum level0 level25 level34)
  S:(sum level0 level26 level35)
  S:(sum level0 level27 level36)
  S:(sum level0 level0 level0)
  S:(sum level0 level0 level11)
  S:(sum level0 level2 level0)
  S:(sum level0 level3 level13)
  S:(sum level0 level0 level0)
  S:(sum level0 level0 level15)
  S:(sum level0 level6 level16)
  S:(sum level0 level0 level17)
  S:(sum level0 level0 level18)
  S:(sum level0 level0 level19)
  S:(sum level0 level0 level20)
  S:(sum level0 level11 level21)
  S:(sum level0 level0 level22)
  S:(sum level0 level13 level23)
  S:(sum level0 level0 level24)
  S:(sum level0 level15 level25)
  S:(sum level0 level16 level26)
  S:(sum level0 level17 level27)
  S:(sum level0 level18 level28)
  S:(sum level0 level19 level29)
  S:(sum level0 level20 level30)
  S:(sum level0 level21 level31)
  S:(sum level0 level22 level32)
  S:(sum level0 level23 level33)
  S:(sum level0 level24 level34)
  S:(sum level0 level25 level35)
  S:(sum level0 level26 level36)
  S:(sum level11 level0 level11)
  S:(sum level11 level0 level0)
  S:(sum level11 level2 level13)
  S:(sum level11 level3 level0)
  S:(sum level11 level0 level15)
  S:(sum level11 level0 level16)
  S:(sum level11 level6 level17)
  S:(sum level11 level0 level18)
  S:(sum level11 level0 level19)
  S:(sum level11 level0 level20)
  S:(sum level11 level0 level21)
  S:(sum level11 level11 level22)
  S:(sum level11 level0 level23)
  S:(sum level11 level13 level24)
  S:(sum level11 level0 level25)
  S:(sum level11 level15 level26)
  S:(sum level11 level16 level27)
  S:(sum level11 level17 level28)
  S:(sum level11 level18 level29)
  S:(sum level11 level19 level30)
  S:(sum level11 level20 level31)
  S:(sum level11 level21 level32)
  S:(sum level11 level22 level33)
  S:(sum level11 level23 level34)
  S:(sum level11 level24 level35)
  S:(sum level11 level25 level36)
  S:(sum level0 level0 level0)
  S:(sum level0 level0 level13)
  S:(sum level0 level2 level0)
  S:(sum level0 level3 level15)
  S:(sum level0 level0 level16)
  S:(sum level0 level0 level17)
  S:(sum level0 level6 level18)
  S:(sum level0 level0 level19)
  S:(sum level0 level0 level20)
  S:(sum level0 level0 level21)
  S:(sum level0 level0 level22)
  S:(sum level0 level11 level23)
  S:(sum level0 level0 level24)
  S:(sum level0 level13 level25)
  S:(sum level0 level0 level26)
  S:(sum level0 level15 level27)
  S:(sum level0 level16 level28)
  S:(sum level0 level17 level29)
  S:(sum level0 level18 level30)
  S:(sum level0 level19 level31)
  S:(sum level0 level20 level32)
  S:(sum level0 level21 level33)
  S:(sum level0 level22 level34)
  S:(sum level0 level23 level35)
  S:(sum level0 level24 level36)
  S:(sum level13 level0 level13)
  S:(sum level13 level0 level0)
  S:(sum level13 level2 level15)
  S:(sum level13 level3 level16)
  S:(sum level13 level0 level17)
  S:(sum level13 level0 level18)
  S:(sum level13 level6 level19)
  S:(sum level13 level0 level20)
  S:(sum level13 level0 level21)
  S:(sum level13 level0 level22)
  S:(sum level13 level0 level23)
  S:(sum level13 level11 level24)
  S:(sum level13 level0 level25)
  S:(sum level13 level13 level26)
  S:(sum level13 level0 level27)
  S:(sum level13 level15 level28)
  S:(sum level13 level16 level29)
  S:(sum level13 level17 level30)
  S:(sum level13 level18 level31)
  S:(sum level13 level19 level32)
  S:(sum level13 level20 level33)
  S:(sum level13 level21 level34)
  S:(sum level13 level22 level35)
  S:(sum level13 level23 level36)
  S:(sum level0 level0 level0)
  S:(sum level0 level0 level15)
  S:(sum level0 level2 level16)
  S:(sum level0 level3 level17)
  S:(sum level0 level0 level18)
  S:(sum level0 level0 level19)
  S:(sum level0 level6 level20)
  S:(sum level0 level0 level21)
  S:(sum level0 level0 level22)
  S:(sum level0 level0 level23)
  S:(sum level0 level0 level24)
  S:(sum level0 level11 level25)
  S:(sum level0 level0 level26)
  S:(sum level0 level13 level27)
  S:(sum level0 level0 level28)
  S:(sum level0 level15 level29)
  S:(sum level0 level16 level30)
  S:(sum level0 level17 level31)
  S:(sum level0 level18 level32)
  S:(sum level0 level19 level33)
  S:(sum level0 level20 level34)
  S:(sum level0 level21 level35)
  S:(sum level0 level22 level36)
  S:(sum level15 level0 level15)
  S:(sum level15 level0 level16)
  S:(sum level15 level2 level17)
  S:(sum level15 level3 level18)
  S:(sum level15 level0 level19)
  S:(sum level15 level0 level20)
  S:(sum level15 level6 level21)
  S:(sum level15 level0 level22)
  S:(sum level15 level0 level23)
  S:(sum level15 level0 level24)
  S:(sum level15 level0 level25)
  S:(sum level15 level11 level26)
  S:(sum level15 level0 level27)
  S:(sum level15 level13 level28)
  S:(sum level15 level0 level29)
  S:(sum level15 level15 level30)
  S:(sum level15 level16 level31)
  S:(sum level15 level17 level32)
  S:(sum level15 level18 level33)
  S:(sum level15 level19 level34)
  S:(sum level15 level20 level35)
  S:(sum level15 level21 level36)
  S:(sum level16 level0 level16)
  S:(sum level16 level0 level17)
  S:(sum level16 level2 level18)
  S:(sum level16 level3 level19)
  S:(sum level16 level0 level20)
  S:(sum level16 level0 level21)
  S:(sum level16 level6 level22)
  S:(sum level16 level0 level23)
  S:(sum level16 level0 level24)
  S:(sum level16 level0 level25)
  S:(sum level16 level0 level26)
  S:(sum level16 level11 level27)
  S:(sum level16 level0 level28)
  S:(sum level16 level13 level29)
  S:(sum level16 level0 level30)
  S:(sum level16 level15 level31)
  S:(sum level16 level16 level32)
  S:(sum level16 level17 level33)
  S:(sum level16 level18 level34)
  S:(sum level16 level19 level35)
  S:(sum level16 level20 level36)
  S:(sum level17 level0 level17)
  S:(sum level17 level0 level18)
  S:(sum level17 level2 level19)
  S:(sum level17 level3 level20)
  S:(sum level17 level0 level21)
  S:(sum level17 level0 level22)
  S:(sum level17 level6 level23)
  S:(sum level17 level0 level24)
  S:(sum level17 level0 level25)
  S:(sum level17 level0 level26)
  S:(sum level17 level0 level27)
  S:(sum level17 level11 level28)
  S:(sum level17 level0 level29)
  S:(sum level17 level13 level30)
  S:(sum level17 level0 level31)
  S:(sum level17 level15 level32)
  S:(sum level17 level16 level33)
  S:(sum level17 level17 level34)
  S:(sum level17 level18 level35)
  S:(sum level17 level19 level36)
  S:(sum level18 level0 level18)
  S:(sum level18 level0 level19)
  S:(sum level18 level2 level20)
  S:(sum level18 level3 level21)
  S:(sum level18 level0 level22)
  S:(sum level18 level0 level23)
  S:(sum level18 level6 level24)
  S:(sum level18 level0 level25)
  S:(sum level18 level0 level26)
  S:(sum level18 level0 level27)
  S:(sum level18 level0 level28)
  S:(sum level18 level11 level29)
  S:(sum level18 level0 level30)
  S:(sum level18 level13 level31)
  S:(sum level18 level0 level32)
  S:(sum level18 level15 level33)
  S:(sum level18 level16 level34)
  S:(sum level18 level17 level35)
  S:(sum level18 level18 level36)
  S:(sum level19 level0 level19)
  S:(sum level19 level0 level20)
  S:(sum level19 level2 level21)
  S:(sum level19 level3 level22)
  S:(sum level19 level0 level23)
  S:(sum level19 level0 level24)
  S:(sum level19 level6 level25)
  S:(sum level19 level0 level26)
  S:(sum level19 level0 level27)
  S:(sum level19 level0 level28)
  S:(sum level19 level0 level29)
  S:(sum level19 level11 level30)
  S:(sum level19 level0 level31)
  S:(sum level19 level13 level32)
  S:(sum level19 level0 level33)
  S:(sum level19 level15 level34)
  S:(sum level19 level16 level35)
  S:(sum level19 level17 level36)
  S:(sum level20 level0 level20)
  S:(sum level20 level0 level21)
  S:(sum level20 level2 level22)
  S:(sum level20 level3 level23)
  S:(sum level20 level0 level24)
  S:(sum level20 level0 level25)
  S:(sum level20 level6 level26)
  S:(sum level20 level0 level27)
  S:(sum level20 level0 level28)
  S:(sum level20 level0 level29)
  S:(sum level20 level0 level30)
  S:(sum level20 level11 level31)
  S:(sum level20 level0 level32)
  S:(sum level20 level13 level33)
  S:(sum level20 level0 level34)
  S:(sum level20 level15 level35)
  S:(sum level20 level16 level36)
  S:(sum level21 level0 level21)
  S:(sum level21 level0 level22)
  S:(sum level21 level2 level23)
  S:(sum level21 level3 level24)
  S:(sum level21 level0 level25)
  S:(sum level21 level0 level26)
  S:(sum level21 level6 level27)
  S:(sum level21 level0 level28)
  S:(sum level21 level0 level29)
  S:(sum level21 level0 level30)
  S:(sum level21 level0 level31)
  S:(sum level21 level11 level32)
  S:(sum level21 level0 level33)
  S:(sum level21 level13 level34)
  S:(sum level21 level0 level35)
  S:(sum level21 level15 level36)
  S:(sum level22 level0 level22)
  S:(sum level22 level0 level23)
  S:(sum level22 level2 level24)
  S:(sum level22 level3 level25)
  S:(sum level22 level0 level26)
  S:(sum level22 level0 level27)
  S:(sum level22 level6 level28)
  S:(sum level22 level0 level29)
  S:(sum level22 level0 level30)
  S:(sum level22 level0 level31)
  S:(sum level22 level0 level32)
  S:(sum level22 level11 level33)
  S:(sum level22 level0 level34)
  S:(sum level22 level13 level35)
  S:(sum level22 level0 level36)
  S:(sum level23 level0 level23)
  S:(sum level23 level0 level24)
  S:(sum level23 level2 level25)
  S:(sum level23 level3 level26)
  S:(sum level23 level0 level27)
  S:(sum level23 level0 level28)
  S:(sum level23 level6 level29)
  S:(sum level23 level0 level30)
  S:(sum level23 level0 level31)
  S:(sum level23 level0 level32)
  S:(sum level23 level0 level33)
  S:(sum level23 level11 level34)
  S:(sum level23 level0 level35)
  S:(sum level23 level13 level36)
  S:(sum level24 level0 level24)
  S:(sum level24 level0 level25)
  S:(sum level24 level2 level26)
  S:(sum level24 level3 level27)
  S:(sum level24 level0 level28)
  S:(sum level24 level0 level29)
  S:(sum level24 level6 level30)
  S:(sum level24 level0 level31)
  S:(sum level24 level0 level32)
  S:(sum level24 level0 level33)
  S:(sum level24 level0 level34)
  S:(sum level24 level11 level35)
  S:(sum level24 level0 level36)
  S:(sum level25 level0 level25)
  S:(sum level25 level0 level26)
  S:(sum level25 level2 level27)
  S:(sum level25 level3 level28)
  S:(sum level25 level0 level29)
  S:(sum level25 level0 level30)
  S:(sum level25 level6 level31)
  S:(sum level25 level0 level32)
  S:(sum level25 level0 level33)
  S:(sum level25 level0 level34)
  S:(sum level25 level0 level35)
  S:(sum level25 level11 level36)
  S:(sum level26 level0 level26)
  S:(sum level26 level0 level27)
  S:(sum level26 level2 level28)
  S:(sum level26 level3 level29)
  S:(sum level26 level0 level30)
  S:(sum level26 level0 level31)
  S:(sum level26 level6 level32)
  S:(sum level26 level0 level33)
  S:(sum level26 level0 level34)
  S:(sum level26 level0 level35)
  S:(sum level26 level0 level36)
  S:(sum level27 level0 level27)
  S:(sum level27 level0 level28)
  S:(sum level27 level2 level29)
  S:(sum level27 level3 level30)
  S:(sum level27 level0 level31)
  S:(sum level27 level0 level32)
  S:(sum level27 level6 level33)
  S:(sum level27 level0 level34)
  S:(sum level27 level0 level35)
  S:(sum level27 level0 level36)
  S:(sum level28 level0 level28)
  S:(sum level28 level0 level29)
  S:(sum level28 level2 level30)
  S:(sum level28 level3 level31)
  S:(sum level28 level0 level32)
  S:(sum level28 level0 level33)
  S:(sum level28 level6 level34)
  S:(sum level28 level0 level35)
  S:(sum level28 level0 level36)
  S:(sum level29 level0 level29)
  S:(sum level29 level0 level30)
  S:(sum level29 level2 level31)
  S:(sum level29 level3 level32)
  S:(sum level29 level0 level33)
  S:(sum level29 level0 level34)
  S:(sum level29 level6 level35)
  S:(sum level29 level0 level36)
  S:(sum level30 level0 level30)
  S:(sum level30 level0 level31)
  S:(sum level30 level2 level32)
  S:(sum level30 level3 level33)
  S:(sum level30 level0 level34)
  S:(sum level30 level0 level35)
  S:(sum level30 level6 level36)
  S:(sum level31 level0 level31)
  S:(sum level31 level0 level32)
  S:(sum level31 level2 level33)
  S:(sum level31 level3 level34)
  S:(sum level31 level0 level35)
  S:(sum level31 level0 level36)
  S:(sum level32 level0 level32)
  S:(sum level32 level0 level33)
  S:(sum level32 level2 level34)
  S:(sum level32 level3 level35)
  S:(sum level32 level0 level36)
  S:(sum level33 level0 level33)
  S:(sum level33 level0 level34)
  S:(sum level33 level2 level35)
  S:(sum level33 level3 level36)
  S:(sum level34 level0 level34)
  S:(sum level34 level0 level35)
  S:(sum level34 level2 level36)
  S:(sum level35 level0 level35)
  S:(sum level35 level0 level36)
  S:(sum level36 level0 level36)
  S:(connected l0 l1)
  S:(fuelcost level13 l0 l1)
  S:(connected l0 l2)
  S:(fuelcost level2 l0 l2)
  S:(connected l0 l2)
  S:(fuelcost level18 l0 l2)
  S:(connected l1 l0)
  S:(fuelcost level13 l1 l0)
  S:(connected l1 l2)
  S:(fuelcost level3 l1 l2)
  S:(connected l1 l2)
  S:(fuelcost level11 l1 l2)
  S:(connected l2 l0)
  S:(fuelcost level2 l2 l0)
  S:(connected l2 l1)
  S:(fuelcost level3 l2 l1)
  S:(connected l2 l2)
  S:(fuelcost level6 l2 l2)
  S:(connected l2 l0)
  S:(fuelcost level18 l2 l0)
  S:(connected l2 l1)
  S:(fuelcost level11 l2 l1)
  S:(connected l2 l2)
  S:(fuelcost level6 l2 l2)
  (at t0 l2)
  (fuel t0 level36)
  (at p0 l0)
  (at p1 l1)
  (at p2 l2)
Init[1]:
  (= (total-cost) 0)
Goal: (and (RW:at p0 l1) (RW:at p1 l0) (RW:at p2 l0))
Metric: 1
