RSE-Invertible facts:
0:(at person1 city0) in-fam-group
1:(at person1 city1) in-fam-group
2:(at person1 city2) in-fam-group
3:(at person1 city3) in-fam-group
4:(at person1 city4) in-fam-group
5:(at person2 city0) in-fam-group
6:(at person2 city1) in-fam-group
7:(at person2 city2) in-fam-group
8:(at person2 city3) in-fam-group
9:(at person2 city4) in-fam-group
10:(at person3 city0) in-fam-group
11:(at person3 city1) in-fam-group
12:(at person3 city2) in-fam-group
13:(at person3 city3) in-fam-group
14:(at person3 city4) in-fam-group
15:(at person4 city0) in-fam-group
16:(at person4 city1) in-fam-group
17:(at person4 city2) in-fam-group
18:(at person4 city3) in-fam-group
19:(at person4 city4) in-fam-group
20:(at person5 city0) in-fam-group
21:(at person5 city1) in-fam-group
22:(at person5 city2) in-fam-group
23:(at person5 city3) in-fam-group
24:(at person5 city4) in-fam-group
25:(at person6 city0) in-fam-group
26:(at person6 city1) in-fam-group
27:(at person6 city2) in-fam-group
28:(at person6 city3) in-fam-group
29:(at person6 city4) in-fam-group
30:(at person7 city0) in-fam-group
31:(at person7 city1) in-fam-group
32:(at person7 city2) in-fam-group
33:(at person7 city3) in-fam-group
34:(at person7 city4) in-fam-group
35:(at person8 city0) in-fam-group
36:(at person8 city1) in-fam-group
37:(at person8 city2) in-fam-group
38:(at person8 city3) in-fam-group
39:(at person8 city4) in-fam-group
40:(at plane1 city0) in-fam-group
41:(at plane1 city1) in-fam-group
42:(at plane1 city2) in-fam-group
43:(at plane1 city3) in-fam-group
44:(at plane1 city4) in-fam-group
45:(at plane2 city0) in-fam-group
46:(at plane2 city1) in-fam-group
47:(at plane2 city2) in-fam-group
48:(at plane2 city3) in-fam-group
49:(at plane2 city4) in-fam-group
50:(at plane3 city0) in-fam-group
51:(at plane3 city1) in-fam-group
52:(at plane3 city2) in-fam-group
53:(at plane3 city3) in-fam-group
54:(at plane3 city4) in-fam-group
55:(fuel-level plane1 fl0) in-fam-group
56:(fuel-level plane1 fl1) in-fam-group
62:(fuel-level plane2 fl0) in-fam-group
63:(fuel-level plane2 fl1) in-fam-group
69:(fuel-level plane3 fl0) in-fam-group
70:(fuel-level plane3 fl1) in-fam-group
76:(in person1 plane1) in-fam-group
77:(in person1 plane2) in-fam-group
78:(in person1 plane3) in-fam-group
79:(in person2 plane1) in-fam-group
80:(in person2 plane2) in-fam-group
81:(in person2 plane3) in-fam-group
82:(in person3 plane1) in-fam-group
83:(in person3 plane2) in-fam-group
84:(in person3 plane3) in-fam-group
85:(in person4 plane1) in-fam-group
86:(in person4 plane2) in-fam-group
87:(in person4 plane3) in-fam-group
88:(in person5 plane1) in-fam-group
89:(in person5 plane2) in-fam-group
90:(in person5 plane3) in-fam-group
91:(in person6 plane1) in-fam-group
92:(in person6 plane2) in-fam-group
93:(in person6 plane3) in-fam-group
94:(in person7 plane1) in-fam-group
95:(in person7 plane2) in-fam-group
96:(in person7 plane3) in-fam-group
97:(in person8 plane1) in-fam-group
98:(in person8 plane2) in-fam-group
99:(in person8 plane3) in-fam-group
