Compile-in LMG: actions: 12, lifted mgroups: 11
Compile-in LMG: Found mutex condition for action 'fill-shot' and mgroup {holding V0:hand C1:container, handempty V0:hand, holding V0:hand C2:container}:=1: (= ?h1 ?h2)
Compile-in LMG: Precondition of action 'fill-shot' extended with (not (= ?h1 ?h2))
Compile-in LMG: Found mutex condition for action 'refill-shot' and mgroup {holding V0:hand C1:container, handempty V0:hand, holding V0:hand C2:container}:=1: (= ?h1 ?h2)
Compile-in LMG: Precondition of action 'refill-shot' extended with (not (= ?h1 ?h2))
Compile-in LMG: Found dead-end condition for action 'empty-shot' and mgroup {contains V0:shot V1:cocktail, clean V0:shot, used V0:shot C2:beverage, used V0:shot C3:beverage}: (and (= ?p shot1) (= ?b cocktail3))
Compile-in LMG: Found dead-end condition for action 'empty-shot' and mgroup {contains V0:shot V1:cocktail, clean V0:shot, used V0:shot C2:beverage, used V0:shot C3:beverage}: (and (= ?p shot2) (= ?b cocktail6))
Compile-in LMG: Found dead-end condition for action 'empty-shot' and mgroup {contains V0:shot V1:cocktail, clean V0:shot, used V0:shot C2:beverage, used V0:shot C3:beverage}: (and (= ?p shot3) (= ?b cocktail1))
Compile-in LMG: Found dead-end condition for action 'empty-shot' and mgroup {contains V0:shot V1:cocktail, clean V0:shot, used V0:shot C2:beverage, used V0:shot C3:beverage}: (and (= ?p shot4) (= ?b cocktail7))
Compile-in LMG: Found dead-end condition for action 'empty-shot' and mgroup {contains V0:shot V1:cocktail, clean V0:shot, used V0:shot C2:beverage, used V0:shot C3:beverage}: (and (= ?p shot5) (= ?b cocktail2))
Compile-in LMG: Found dead-end condition for action 'empty-shot' and mgroup {contains V0:shot V1:cocktail, clean V0:shot, used V0:shot C2:beverage, used V0:shot C3:beverage}: (and (= ?p shot6) (= ?b cocktail5))
Compile-in LMG: Found dead-end condition for action 'empty-shot' and mgroup {contains V0:shot V1:cocktail, clean V0:shot, used V0:shot C2:beverage, used V0:shot C3:beverage}: (and (= ?p shot7) (= ?b cocktail4))
Compile-in LMG: Found dead-end condition for action 'empty-shot' and mgroup {contains V0:shot V1:cocktail, clean V0:shot, used V0:shot C2:beverage, used V0:shot C3:beverage}: (and (= ?p shot8) (= ?b cocktail5))
Compile-in LMG: Found dead-end condition for action 'empty-shot' and mgroup {contains V0:shot C1:cocktail, clean V0:shot, used V0:shot C2:beverage, contains V0:shot C3:cocktail, used V0:shot C4:beverage}: (and (= ?p shot1) (or (= ?b cocktail1) (= ?b cocktail2) (= ?b cocktail3) (= ?b cocktail4) (= ?b cocktail5) (= ?b cocktail6) (= ?b cocktail7)))
Compile-in LMG: Found dead-end condition for action 'empty-shot' and mgroup {contains V0:shot C1:cocktail, clean V0:shot, used V0:shot C2:beverage, contains V0:shot C3:cocktail, used V0:shot C4:beverage}: (and (= ?p shot2) (or (= ?b cocktail1) (= ?b cocktail2) (= ?b cocktail3) (= ?b cocktail4) (= ?b cocktail5) (= ?b cocktail6) (= ?b cocktail7)))
Compile-in LMG: Found dead-end condition for action 'empty-shot' and mgroup {contains V0:shot C1:cocktail, clean V0:shot, used V0:shot C2:beverage, contains V0:shot C3:cocktail, used V0:shot C4:beverage}: (and (= ?p shot3) (or (= ?b cocktail1) (= ?b cocktail2) (= ?b cocktail3) (= ?b cocktail4) (= ?b cocktail5) (= ?b cocktail6) (= ?b cocktail7)))
Compile-in LMG: Found dead-end condition for action 'empty-shot' and mgroup {contains V0:shot C1:cocktail, clean V0:shot, used V0:shot C2:beverage, contains V0:shot C3:cocktail, used V0:shot C4:beverage}: (and (= ?p shot4) (or (= ?b cocktail1) (= ?b cocktail2) (= ?b cocktail3) (= ?b cocktail4) (= ?b cocktail5) (= ?b cocktail6) (= ?b cocktail7)))
Compile-in LMG: Found dead-end condition for action 'empty-shot' and mgroup {contains V0:shot C1:cocktail, clean V0:shot, used V0:shot C2:beverage, contains V0:shot C3:cocktail, used V0:shot C4:beverage}: (and (= ?p shot5) (or (= ?b cocktail1) (= ?b cocktail2) (= ?b cocktail3) (= ?b cocktail4) (= ?b cocktail5) (= ?b cocktail6) (= ?b cocktail7)))
Compile-in LMG: Found dead-end condition for action 'empty-shot' and mgroup {contains V0:shot C1:cocktail, clean V0:shot, used V0:shot C2:beverage, contains V0:shot C3:cocktail, used V0:shot C4:beverage}: (and (= ?p shot6) (or (= ?b cocktail1) (= ?b cocktail2) (= ?b cocktail3) (= ?b cocktail4) (= ?b cocktail5) (= ?b cocktail6) (= ?b cocktail7)))
Compile-in LMG: Found dead-end condition for action 'empty-shot' and mgroup {contains V0:shot C1:cocktail, clean V0:shot, used V0:shot C2:beverage, contains V0:shot C3:cocktail, used V0:shot C4:beverage}: (and (= ?p shot7) (or (= ?b cocktail1) (= ?b cocktail2) (= ?b cocktail3) (= ?b cocktail4) (= ?b cocktail5) (= ?b cocktail6) (= ?b cocktail7)))
Compile-in LMG: Found dead-end condition for action 'empty-shot' and mgroup {contains V0:shot C1:cocktail, clean V0:shot, used V0:shot C2:beverage, contains V0:shot C3:cocktail, used V0:shot C4:beverage}: (and (= ?p shot8) (or (= ?b cocktail1) (= ?b cocktail2) (= ?b cocktail3) (= ?b cocktail4) (= ?b cocktail5) (= ?b cocktail6) (= ?b cocktail7)))
Compile-in LMG: Precondition of action 'empty-shot' extended with (or (not (= ?b cocktail3)) (not (= ?b cocktail6)) (not (= ?b cocktail1)) (not (= ?b cocktail7)) (not (= ?b cocktail2)) (not (= ?b cocktail4)) (not (= ?b cocktail5)) (not (= ?p shot1)) (not (= ?p shot2)) (not (= ?p shot3)) (not (= ?p shot4)) (not (= ?p shot5)) (not (= ?p shot6)) (not (= ?p shot7)) (not (= ?p shot8)))
Compile-in LMG: Found mutex condition for action 'clean-shot' and mgroup {holding V0:hand C1:container, handempty V0:hand, holding V0:hand C2:container}:=1: (= ?h1 ?h2)
Compile-in LMG: Precondition of action 'clean-shot' extended with (not (= ?h1 ?h2))
Compile-in LMG: Found mutex condition for action 'clean-shaker' and mgroup {holding V0:hand C1:container, handempty V0:hand, holding V0:hand C2:container}:=1: (= ?h1 ?h2)
Compile-in LMG: Precondition of action 'clean-shaker' extended with (not (= ?h1 ?h2))
Compile-in LMG: Found mutex condition for action 'shake' and mgroup {holding V0:hand C1:container, handempty V0:hand, holding V0:hand C2:container}:=1: (= ?h1 ?h2)
Compile-in LMG: Precondition of action 'shake' extended with (not (= ?h1 ?h2))
Compile-in LMG: Found dead-end condition for action 'pour-shaker-to-shot' and mgroup {contains V0:shot V1:cocktail, clean V0:shot, used V0:shot C2:beverage, used V0:shot C3:beverage}: (and (not (= ?b cocktail3)) (= ?d shot1))
Compile-in LMG: Found dead-end condition for action 'pour-shaker-to-shot' and mgroup {contains V0:shot V1:cocktail, clean V0:shot, used V0:shot C2:beverage, used V0:shot C3:beverage}: (and (not (= ?b cocktail6)) (= ?d shot2))
Compile-in LMG: Found dead-end condition for action 'pour-shaker-to-shot' and mgroup {contains V0:shot V1:cocktail, clean V0:shot, used V0:shot C2:beverage, used V0:shot C3:beverage}: (and (not (= ?b cocktail1)) (= ?d shot3))
Compile-in LMG: Found dead-end condition for action 'pour-shaker-to-shot' and mgroup {contains V0:shot V1:cocktail, clean V0:shot, used V0:shot C2:beverage, used V0:shot C3:beverage}: (and (not (= ?b cocktail7)) (= ?d shot4))
Compile-in LMG: Found dead-end condition for action 'pour-shaker-to-shot' and mgroup {contains V0:shot V1:cocktail, clean V0:shot, used V0:shot C2:beverage, used V0:shot C3:beverage}: (and (not (= ?b cocktail2)) (= ?d shot5))
Compile-in LMG: Found dead-end condition for action 'pour-shaker-to-shot' and mgroup {contains V0:shot V1:cocktail, clean V0:shot, used V0:shot C2:beverage, used V0:shot C3:beverage}: (and (not (= ?b cocktail5)) (= ?d shot6))
Compile-in LMG: Found dead-end condition for action 'pour-shaker-to-shot' and mgroup {contains V0:shot V1:cocktail, clean V0:shot, used V0:shot C2:beverage, used V0:shot C3:beverage}: (and (not (= ?b cocktail4)) (= ?d shot7))
Compile-in LMG: Found dead-end condition for action 'pour-shaker-to-shot' and mgroup {contains V0:shot V1:cocktail, clean V0:shot, used V0:shot C2:beverage, used V0:shot C3:beverage}: (and (not (= ?b cocktail5)) (= ?d shot8))
Compile-in LMG: Found dead-end condition for action 'pour-shaker-to-shot' and mgroup {contains V0:shot C1:cocktail, clean V0:shot, used V0:shot C2:beverage, contains V0:shot C3:cocktail, used V0:shot C4:beverage}: (and (= ?d shot1) (not (= ?b cocktail1)) (not (= ?b cocktail2)) (not (= ?b cocktail3)) (not (= ?b cocktail4)) (not (= ?b cocktail5)) (not (= ?b cocktail6)) (not (= ?b cocktail7)))
Compile-in LMG: Found dead-end condition for action 'pour-shaker-to-shot' and mgroup {contains V0:shot C1:cocktail, clean V0:shot, used V0:shot C2:beverage, contains V0:shot C3:cocktail, used V0:shot C4:beverage}: (and (= ?d shot2) (not (= ?b cocktail1)) (not (= ?b cocktail2)) (not (= ?b cocktail3)) (not (= ?b cocktail4)) (not (= ?b cocktail5)) (not (= ?b cocktail6)) (not (= ?b cocktail7)))
Compile-in LMG: Found dead-end condition for action 'pour-shaker-to-shot' and mgroup {contains V0:shot C1:cocktail, clean V0:shot, used V0:shot C2:beverage, contains V0:shot C3:cocktail, used V0:shot C4:beverage}: (and (= ?d shot3) (not (= ?b cocktail1)) (not (= ?b cocktail2)) (not (= ?b cocktail3)) (not (= ?b cocktail4)) (not (= ?b cocktail5)) (not (= ?b cocktail6)) (not (= ?b cocktail7)))
Compile-in LMG: Found dead-end condition for action 'pour-shaker-to-shot' and mgroup {contains V0:shot C1:cocktail, clean V0:shot, used V0:shot C2:beverage, contains V0:shot C3:cocktail, used V0:shot C4:beverage}: (and (= ?d shot4) (not (= ?b cocktail1)) (not (= ?b cocktail2)) (not (= ?b cocktail3)) (not (= ?b cocktail4)) (not (= ?b cocktail5)) (not (= ?b cocktail6)) (not (= ?b cocktail7)))
Compile-in LMG: Found dead-end condition for action 'pour-shaker-to-shot' and mgroup {contains V0:shot C1:cocktail, clean V0:shot, used V0:shot C2:beverage, contains V0:shot C3:cocktail, used V0:shot C4:beverage}: (and (= ?d shot5) (not (= ?b cocktail1)) (not (= ?b cocktail2)) (not (= ?b cocktail3)) (not (= ?b cocktail4)) (not (= ?b cocktail5)) (not (= ?b cocktail6)) (not (= ?b cocktail7)))
Compile-in LMG: Found dead-end condition for action 'pour-shaker-to-shot' and mgroup {contains V0:shot C1:cocktail, clean V0:shot, used V0:shot C2:beverage, contains V0:shot C3:cocktail, used V0:shot C4:beverage}: (and (= ?d shot6) (not (= ?b cocktail1)) (not (= ?b cocktail2)) (not (= ?b cocktail3)) (not (= ?b cocktail4)) (not (= ?b cocktail5)) (not (= ?b cocktail6)) (not (= ?b cocktail7)))
Compile-in LMG: Found dead-end condition for action 'pour-shaker-to-shot' and mgroup {contains V0:shot C1:cocktail, clean V0:shot, used V0:shot C2:beverage, contains V0:shot C3:cocktail, used V0:shot C4:beverage}: (and (= ?d shot7) (not (= ?b cocktail1)) (not (= ?b cocktail2)) (not (= ?b cocktail3)) (not (= ?b cocktail4)) (not (= ?b cocktail5)) (not (= ?b cocktail6)) (not (= ?b cocktail7)))
Compile-in LMG: Found dead-end condition for action 'pour-shaker-to-shot' and mgroup {contains V0:shot C1:cocktail, clean V0:shot, used V0:shot C2:beverage, contains V0:shot C3:cocktail, used V0:shot C4:beverage}: (and (= ?d shot8) (not (= ?b cocktail1)) (not (= ?b cocktail2)) (not (= ?b cocktail3)) (not (= ?b cocktail4)) (not (= ?b cocktail5)) (not (= ?b cocktail6)) (not (= ?b cocktail7)))
Compile-in LMG: Precondition of action 'pour-shaker-to-shot' extended with (or (not (= ?d shot1)) (not (= ?d shot2)) (not (= ?d shot3)) (not (= ?d shot4)) (not (= ?d shot5)) (not (= ?d shot6)) (not (= ?d shot7)) (not (= ?d shot8)) (= ?b cocktail1) (= ?b cocktail2) (= ?b cocktail3) (= ?b cocktail4) (= ?b cocktail5) (= ?b cocktail6) (= ?b cocktail7))
Compile-in LMG: DONE. actions: 40
Domain: barman
Problem: prob
Require: 200ff
Type[10]:
    [0]: object, parent: -1
    [1]: hand, parent: 0
    [2]: level, parent: 0
    [3]: beverage, parent: 0
    [4]: dispenser, parent: 0
    [5]: container, parent: 0
    [6]: ingredient, parent: 3
    [7]: cocktail, parent: 3
    [8]: shot, parent: 5
    [9]: shaker, parent: 5
Obj-by-Type:
    [0]: 0 1 2 3 4 5 6 7 8 9 10 11 12 13 14 15 16 17 18 19 20 21 22 23 24 25 26 27
    [1]: 1 2
    [2]: 25 26 27
    [3]: 12 13 14 15 16 17 18 19 20 21
    [4]: 22 23 24
    [5]: 0 3 4 5 6 7 8 9 10 11
    [6]: 12 13 14
    [7]: 15 16 17 18 19 20 21
    [8]: 3 4 5 6 7 8 9 10 11
    [9]: 0
Obj[28]:
    [0]: shaker1, type: 9, is-constant: 0, is-private: 0, owner: -1, is-agent: 0
    [1]: left, type: 1, is-constant: 0, is-private: 0, owner: -1, is-agent: 0
    [2]: right, type: 1, is-constant: 0, is-private: 0, owner: -1, is-agent: 0
    [3]: shot1, type: 8, is-constant: 0, is-private: 0, owner: -1, is-agent: 0
    [4]: shot2, type: 8, is-constant: 0, is-private: 0, owner: -1, is-agent: 0
    [5]: shot3, type: 8, is-constant: 0, is-private: 0, owner: -1, is-agent: 0
    [6]: shot4, type: 8, is-constant: 0, is-private: 0, owner: -1, is-agent: 0
    [7]: shot5, type: 8, is-constant: 0, is-private: 0, owner: -1, is-agent: 0
    [8]: shot6, type: 8, is-constant: 0, is-private: 0, owner: -1, is-agent: 0
    [9]: shot7, type: 8, is-constant: 0, is-private: 0, owner: -1, is-agent: 0
    [10]: shot8, type: 8, is-constant: 0, is-private: 0, owner: -1, is-agent: 0
    [11]: shot9, type: 8, is-constant: 0, is-private: 0, owner: -1, is-agent: 0
    [12]: ingredient1, type: 6, is-constant: 0, is-private: 0, owner: -1, is-agent: 0
    [13]: ingredient2, type: 6, is-constant: 0, is-private: 0, owner: -1, is-agent: 0
    [14]: ingredient3, type: 6, is-constant: 0, is-private: 0, owner: -1, is-agent: 0
    [15]: cocktail1, type: 7, is-constant: 0, is-private: 0, owner: -1, is-agent: 0
    [16]: cocktail2, type: 7, is-constant: 0, is-private: 0, owner: -1, is-agent: 0
    [17]: cocktail3, type: 7, is-constant: 0, is-private: 0, owner: -1, is-agent: 0
    [18]: cocktail4, type: 7, is-constant: 0, is-private: 0, owner: -1, is-agent: 0
    [19]: cocktail5, type: 7, is-constant: 0, is-private: 0, owner: -1, is-agent: 0
    [20]: cocktail6, type: 7, is-constant: 0, is-private: 0, owner: -1, is-agent: 0
    [21]: cocktail7, type: 7, is-constant: 0, is-private: 0, owner: -1, is-agent: 0
    [22]: dispenser1, type: 4, is-constant: 0, is-private: 0, owner: -1, is-agent: 0
    [23]: dispenser2, type: 4, is-constant: 0, is-private: 0, owner: -1, is-agent: 0
    [24]: dispenser3, type: 4, is-constant: 0, is-private: 0, owner: -1, is-agent: 0
    [25]: l0, type: 2, is-constant: 0, is-private: 0, owner: -1, is-agent: 0
    [26]: l1, type: 2, is-constant: 0, is-private: 0, owner: -1, is-agent: 0
    [27]: l2, type: 2, is-constant: 0, is-private: 0, owner: -1, is-agent: 0
Predicate[16]:
    =: 0 0 :: is-private: 0, owner-param: -1, read: 1, write: 0
    ontable: 5 :: is-private: 0, owner-param: -1, read: 1, write: 1
    holding: 1 5 :: is-private: 0, owner-param: -1, read: 1, write: 1
    handempty: 1 :: is-private: 0, owner-param: -1, read: 1, write: 1
    empty: 5 :: is-private: 0, owner-param: -1, read: 1, write: 1
    contains: 5 3 :: is-private: 0, owner-param: -1, read: 1, write: 1
    clean: 5 :: is-private: 0, owner-param: -1, read: 1, write: 1
    used: 5 3 :: is-private: 0, owner-param: -1, read: 1, write: 1
    dispenses: 4 6 :: is-private: 0, owner-param: -1, read: 1, write: 0
    shaker-empty-level: 9 2 :: is-private: 0, owner-param: -1, read: 1, write: 0
    shaker-level: 9 2 :: is-private: 0, owner-param: -1, read: 1, write: 1
    next: 2 2 :: is-private: 0, owner-param: -1, read: 1, write: 0
    unshaked: 9 :: is-private: 0, owner-param: -1, read: 1, write: 1
    shaked: 9 :: is-private: 0, owner-param: -1, read: 1, write: 1
    cocktail-part1: 7 6 :: is-private: 0, owner-param: -1, read: 1, write: 0
    cocktail-part2: 7 6 :: is-private: 0, owner-param: -1, read: 1, write: 0
Function[1]:
    total-cost: :: is-private: 0, owner-param: -1, read: 0, write: 0
Action[40]:
    grasp: ?h:1 ?c:5
        pre: (and (RW:ontable ?c) (RW:handempty ?h))
        eff: (and (N:RW:ontable ?c) (N:RW:handempty ?h) (RW:holding ?h ?c) (increase (total-cost) 1))
    leave: ?h:1 ?c:5
        pre: (and (RW:holding ?h ?c))
        eff: (and (N:RW:holding ?h ?c) (RW:handempty ?h) (RW:ontable ?c) (increase (total-cost) 1))
    fill-shot: ?s:8 ?i:6 ?h1:1 ?h2:1 ?d:4
        pre: (and (N:R:= ?h1 ?h2) (RW:holding ?h1 ?s) (RW:handempty ?h2) (R:dispenses ?d ?i) (RW:empty ?s) (RW:clean ?s))
        eff: (and (N:RW:empty ?s) (RW:contains ?s ?i) (N:RW:clean ?s) (RW:used ?s ?i) (increase (total-cost) 10))
    refill-shot: ?s:8 ?i:6 ?h1:1 ?h2:1 ?d:4
        pre: (and (N:R:= ?h1 ?h2) (RW:holding ?h1 ?s) (RW:handempty ?h2) (R:dispenses ?d ?i) (RW:empty ?s) (RW:used ?s ?i))
        eff: (and (N:RW:empty ?s) (RW:contains ?s ?i) (increase (total-cost) 10))
    empty-shot: ?h:1 ?p:8 ?b:3
        pre: (and (RW:holding ?h ?p) (RW:contains ?p ?b) (N:R:= ?b cocktail3))
        eff: (and (N:RW:contains ?p ?b) (RW:empty ?p) (increase (total-cost) 1))
    clean-shot: ?s:8 ?b:3 ?h1:1 ?h2:1
        pre: (and (N:R:= ?h1 ?h2) (RW:holding ?h1 ?s) (RW:handempty ?h2) (RW:empty ?s) (RW:used ?s ?b))
        eff: (and (N:RW:used ?s ?b) (RW:clean ?s) (increase (total-cost) 1))
    pour-shot-to-clean-shaker: ?s:8 ?i:6 ?d:9 ?h1:1 ?l:2 ?l1:2
        pre: (and (RW:holding ?h1 ?s) (RW:contains ?s ?i) (RW:empty ?d) (RW:clean ?d) (RW:shaker-level ?d ?l) (R:next ?l ?l1))
        eff: (and (N:RW:contains ?s ?i) (RW:empty ?s) (RW:contains ?d ?i) (N:RW:empty ?d) (N:RW:clean ?d) (RW:unshaked ?d) (N:RW:shaker-level ?d ?l) (RW:shaker-level ?d ?l1) (increase (total-cost) 1))
    pour-shot-to-used-shaker: ?s:8 ?i:6 ?d:9 ?h1:1 ?l:2 ?l1:2
        pre: (and (RW:holding ?h1 ?s) (RW:contains ?s ?i) (RW:unshaked ?d) (RW:shaker-level ?d ?l) (R:next ?l ?l1))
        eff: (and (N:RW:contains ?s ?i) (RW:contains ?d ?i) (RW:empty ?s) (N:RW:shaker-level ?d ?l) (RW:shaker-level ?d ?l1) (increase (total-cost) 1))
    empty-shaker: ?h:1 ?s:9 ?b:7 ?l:2 ?l1:2
        pre: (and (RW:holding ?h ?s) (RW:contains ?s ?b) (RW:shaked ?s) (RW:shaker-level ?s ?l) (R:shaker-empty-level ?s ?l1))
        eff: (and (N:RW:shaked ?s) (N:RW:shaker-level ?s ?l) (RW:shaker-level ?s ?l1) (N:RW:contains ?s ?b) (RW:empty ?s) (increase (total-cost) 1))
    clean-shaker: ?h1:1 ?h2:1 ?s:9
        pre: (and (N:R:= ?h1 ?h2) (RW:holding ?h1 ?s) (RW:handempty ?h2) (RW:empty ?s))
        eff: (and (RW:clean ?s) (increase (total-cost) 1))
    shake: ?b:7 ?d1:6 ?d2:6 ?s:9 ?h1:1 ?h2:1
        pre: (and (N:R:= ?h1 ?h2) (RW:holding ?h1 ?s) (RW:handempty ?h2) (RW:contains ?s ?d1) (RW:contains ?s ?d2) (R:cocktail-part1 ?b ?d1) (R:cocktail-part2 ?b ?d2) (RW:unshaked ?s))
        eff: (and (N:RW:unshaked ?s) (N:RW:contains ?s ?d1) (N:RW:contains ?s ?d2) (RW:shaked ?s) (RW:contains ?s ?b) (increase (total-cost) 1))
    pour-shaker-to-shot: ?b:3 ?d:8 ?h:1 ?s:9 ?l:2 ?l1:2
        pre: (and (RW:holding ?h ?s) (RW:shaked ?s) (RW:empty ?d) (RW:clean ?d) (RW:contains ?s ?b) (RW:shaker-level ?s ?l) (R:next ?l1 ?l) (N:R:= ?d shot1))
        eff: (and (N:RW:clean ?d) (N:RW:empty ?d) (RW:contains ?d ?b) (RW:shaker-level ?s ?l1) (N:RW:shaker-level ?s ?l) (increase (total-cost) 1))
    empty-shot: ?h:1 ?p:8 ?b:3
        pre: (and (RW:holding ?h ?p) (RW:contains ?p ?b) (N:R:= ?b cocktail6))
        eff: (and (N:RW:contains ?p ?b) (RW:empty ?p) (increase (total-cost) 1))
    empty-shot: ?h:1 ?p:8 ?b:3
        pre: (and (RW:holding ?h ?p) (RW:contains ?p ?b) (N:R:= ?b cocktail1))
        eff: (and (N:RW:contains ?p ?b) (RW:empty ?p) (increase (total-cost) 1))
    empty-shot: ?h:1 ?p:8 ?b:3
        pre: (and (RW:holding ?h ?p) (RW:contains ?p ?b) (N:R:= ?b cocktail7))
        eff: (and (N:RW:contains ?p ?b) (RW:empty ?p) (increase (total-cost) 1))
    empty-shot: ?h:1 ?p:8 ?b:3
        pre: (and (RW:holding ?h ?p) (RW:contains ?p ?b) (N:R:= ?b cocktail2))
        eff: (and (N:RW:contains ?p ?b) (RW:empty ?p) (increase (total-cost) 1))
    empty-shot: ?h:1 ?p:8 ?b:3
        pre: (and (RW:holding ?h ?p) (RW:contains ?p ?b) (N:R:= ?b cocktail4))
        eff: (and (N:RW:contains ?p ?b) (RW:empty ?p) (increase (total-cost) 1))
    empty-shot: ?h:1 ?p:8 ?b:3
        pre: (and (RW:holding ?h ?p) (RW:contains ?p ?b) (N:R:= ?b cocktail5))
        eff: (and (N:RW:contains ?p ?b) (RW:empty ?p) (increase (total-cost) 1))
    empty-shot: ?h:1 ?p:8 ?b:3
        pre: (and (RW:holding ?h ?p) (RW:contains ?p ?b) (N:R:= ?p shot1))
        eff: (and (N:RW:contains ?p ?b) (RW:empty ?p) (increase (total-cost) 1))
    empty-shot: ?h:1 ?p:8 ?b:3
        pre: (and (RW:holding ?h ?p) (RW:contains ?p ?b) (N:R:= ?p shot2))
        eff: (and (N:RW:contains ?p ?b) (RW:empty ?p) (increase (total-cost) 1))
    empty-shot: ?h:1 ?p:8 ?b:3
        pre: (and (RW:holding ?h ?p) (RW:contains ?p ?b) (N:R:= ?p shot3))
        eff: (and (N:RW:contains ?p ?b) (RW:empty ?p) (increase (total-cost) 1))
    empty-shot: ?h:1 ?p:8 ?b:3
        pre: (and (RW:holding ?h ?p) (RW:contains ?p ?b) (N:R:= ?p shot4))
        eff: (and (N:RW:contains ?p ?b) (RW:empty ?p) (increase (total-cost) 1))
    empty-shot: ?h:1 ?p:8 ?b:3
        pre: (and (RW:holding ?h ?p) (RW:contains ?p ?b) (N:R:= ?p shot5))
        eff: (and (N:RW:contains ?p ?b) (RW:empty ?p) (increase (total-cost) 1))
    empty-shot: ?h:1 ?p:8 ?b:3
        pre: (and (RW:holding ?h ?p) (RW:contains ?p ?b) (N:R:= ?p shot6))
        eff: (and (N:RW:contains ?p ?b) (RW:empty ?p) (increase (total-cost) 1))
    empty-shot: ?h:1 ?p:8 ?b:3
        pre: (and (RW:holding ?h ?p) (RW:contains ?p ?b) (N:R:= ?p shot7))
        eff: (and (N:RW:contains ?p ?b) (RW:empty ?p) (increase (total-cost) 1))
    empty-shot: ?h:1 ?p:8 ?b:3
        pre: (and (RW:holding ?h ?p) (RW:contains ?p ?b) (N:R:= ?p shot8))
        eff: (and (N:RW:contains ?p ?b) (RW:empty ?p) (increase (total-cost) 1))
    pour-shaker-to-shot: ?b:3 ?d:8 ?h:1 ?s:9 ?l:2 ?l1:2
        pre: (and (RW:holding ?h ?s) (RW:shaked ?s) (RW:empty ?d) (RW:clean ?d) (RW:contains ?s ?b) (RW:shaker-level ?s ?l) (R:next ?l1 ?l) (N:R:= ?d shot2))
        eff: (and (N:RW:clean ?d) (N:RW:empty ?d) (RW:contains ?d ?b) (RW:shaker-level ?s ?l1) (N:RW:shaker-level ?s ?l) (increase (total-cost) 1))
    pour-shaker-to-shot: ?b:3 ?d:8 ?h:1 ?s:9 ?l:2 ?l1:2
        pre: (and (RW:holding ?h ?s) (RW:shaked ?s) (RW:empty ?d) (RW:clean ?d) (RW:contains ?s ?b) (RW:shaker-level ?s ?l) (R:next ?l1 ?l) (N:R:= ?d shot3))
        eff: (and (N:RW:clean ?d) (N:RW:empty ?d) (RW:contains ?d ?b) (RW:shaker-level ?s ?l1) (N:RW:shaker-level ?s ?l) (increase (total-cost) 1))
    pour-shaker-to-shot: ?b:3 ?d:8 ?h:1 ?s:9 ?l:2 ?l1:2
        pre: (and (RW:holding ?h ?s) (RW:shaked ?s) (RW:empty ?d) (RW:clean ?d) (RW:contains ?s ?b) (RW:shaker-level ?s ?l) (R:next ?l1 ?l) (N:R:= ?d shot4))
        eff: (and (N:RW:clean ?d) (N:RW:empty ?d) (RW:contains ?d ?b) (RW:shaker-level ?s ?l1) (N:RW:shaker-level ?s ?l) (increase (total-cost) 1))
    pour-shaker-to-shot: ?b:3 ?d:8 ?h:1 ?s:9 ?l:2 ?l1:2
        pre: (and (RW:holding ?h ?s) (RW:shaked ?s) (RW:empty ?d) (RW:clean ?d) (RW:contains ?s ?b) (RW:shaker-level ?s ?l) (R:next ?l1 ?l) (N:R:= ?d shot5))
        eff: (and (N:RW:clean ?d) (N:RW:empty ?d) (RW:contains ?d ?b) (RW:shaker-level ?s ?l1) (N:RW:shaker-level ?s ?l) (increase (total-cost) 1))
    pour-shaker-to-shot: ?b:3 ?d:8 ?h:1 ?s:9 ?l:2 ?l1:2
        pre: (and (RW:holding ?h ?s) (RW:shaked ?s) (RW:empty ?d) (RW:clean ?d) (RW:contains ?s ?b) (RW:shaker-level ?s ?l) (R:next ?l1 ?l) (N:R:= ?d shot6))
        eff: (and (N:RW:clean ?d) (N:RW:empty ?d) (RW:contains ?d ?b) (RW:shaker-level ?s ?l1) (N:RW:shaker-level ?s ?l) (increase (total-cost) 1))
    pour-shaker-to-shot: ?b:3 ?d:8 ?h:1 ?s:9 ?l:2 ?l1:2
        pre: (and (RW:holding ?h ?s) (RW:shaked ?s) (RW:empty ?d) (RW:clean ?d) (RW:contains ?s ?b) (RW:shaker-level ?s ?l) (R:next ?l1 ?l) (N:R:= ?d shot7))
        eff: (and (N:RW:clean ?d) (N:RW:empty ?d) (RW:contains ?d ?b) (RW:shaker-level ?s ?l1) (N:RW:shaker-level ?s ?l) (increase (total-cost) 1))
    pour-shaker-to-shot: ?b:3 ?d:8 ?h:1 ?s:9 ?l:2 ?l1:2
        pre: (and (RW:holding ?h ?s) (RW:shaked ?s) (RW:empty ?d) (RW:clean ?d) (RW:contains ?s ?b) (RW:shaker-level ?s ?l) (R:next ?l1 ?l) (N:R:= ?d shot8))
        eff: (and (N:RW:clean ?d) (N:RW:empty ?d) (RW:contains ?d ?b) (RW:shaker-level ?s ?l1) (N:RW:shaker-level ?s ?l) (increase (total-cost) 1))
    pour-shaker-to-shot: ?b:3 ?d:8 ?h:1 ?s:9 ?l:2 ?l1:2
        pre: (and (RW:holding ?h ?s) (RW:shaked ?s) (RW:empty ?d) (RW:clean ?d) (RW:contains ?s cocktail1) (RW:shaker-level ?s ?l) (R:next ?l1 ?l) (R:= ?b cocktail1))
        eff: (and (N:RW:clean ?d) (N:RW:empty ?d) (RW:contains ?d cocktail1) (RW:shaker-level ?s ?l1) (N:RW:shaker-level ?s ?l) (increase (total-cost) 1))
    pour-shaker-to-shot: ?b:3 ?d:8 ?h:1 ?s:9 ?l:2 ?l1:2
        pre: (and (RW:holding ?h ?s) (RW:shaked ?s) (RW:empty ?d) (RW:clean ?d) (RW:contains ?s cocktail2) (RW:shaker-level ?s ?l) (R:next ?l1 ?l) (R:= ?b cocktail2))
        eff: (and (N:RW:clean ?d) (N:RW:empty ?d) (RW:contains ?d cocktail2) (RW:shaker-level ?s ?l1) (N:RW:shaker-level ?s ?l) (increase (total-cost) 1))
    pour-shaker-to-shot: ?b:3 ?d:8 ?h:1 ?s:9 ?l:2 ?l1:2
        pre: (and (RW:holding ?h ?s) (RW:shaked ?s) (RW:empty ?d) (RW:clean ?d) (RW:contains ?s cocktail3) (RW:shaker-level ?s ?l) (R:next ?l1 ?l) (R:= ?b cocktail3))
        eff: (and (N:RW:clean ?d) (N:RW:empty ?d) (RW:contains ?d cocktail3) (RW:shaker-level ?s ?l1) (N:RW:shaker-level ?s ?l) (increase (total-cost) 1))
    pour-shaker-to-shot: ?b:3 ?d:8 ?h:1 ?s:9 ?l:2 ?l1:2
        pre: (and (RW:holding ?h ?s) (RW:shaked ?s) (RW:empty ?d) (RW:clean ?d) (RW:contains ?s cocktail4) (RW:shaker-level ?s ?l) (R:next ?l1 ?l) (R:= ?b cocktail4))
        eff: (and (N:RW:clean ?d) (N:RW:empty ?d) (RW:contains ?d cocktail4) (RW:shaker-level ?s ?l1) (N:RW:shaker-level ?s ?l) (increase (total-cost) 1))
    pour-shaker-to-shot: ?b:3 ?d:8 ?h:1 ?s:9 ?l:2 ?l1:2
        pre: (and (RW:holding ?h ?s) (RW:shaked ?s) (RW:empty ?d) (RW:clean ?d) (RW:contains ?s cocktail5) (RW:shaker-level ?s ?l) (R:next ?l1 ?l) (R:= ?b cocktail5))
        eff: (and (N:RW:clean ?d) (N:RW:empty ?d) (RW:contains ?d cocktail5) (RW:shaker-level ?s ?l1) (N:RW:shaker-level ?s ?l) (increase (total-cost) 1))
    pour-shaker-to-shot: ?b:3 ?d:8 ?h:1 ?s:9 ?l:2 ?l1:2
        pre: (and (RW:holding ?h ?s) (RW:shaked ?s) (RW:empty ?d) (RW:clean ?d) (RW:contains ?s cocktail6) (RW:shaker-level ?s ?l) (R:next ?l1 ?l) (R:= ?b cocktail6))
        eff: (and (N:RW:clean ?d) (N:RW:empty ?d) (RW:contains ?d cocktail6) (RW:shaker-level ?s ?l1) (N:RW:shaker-level ?s ?l) (increase (total-cost) 1))
    pour-shaker-to-shot: ?b:3 ?d:8 ?h:1 ?s:9 ?l:2 ?l1:2
        pre: (and (RW:holding ?h ?s) (RW:shaked ?s) (RW:empty ?d) (RW:clean ?d) (RW:contains ?s cocktail7) (RW:shaker-level ?s ?l) (R:next ?l1 ?l) (R:= ?b cocktail7))
        eff: (and (N:RW:clean ?d) (N:RW:empty ?d) (RW:contains ?d cocktail7) (RW:shaker-level ?s ?l1) (N:RW:shaker-level ?s ?l) (increase (total-cost) 1))
Init[53]:
  (ontable shaker1)
  (ontable shot1)
  (ontable shot2)
  (ontable shot3)
  (ontable shot4)
  (ontable shot5)
  (ontable shot6)
  (ontable shot7)
  (ontable shot8)
  (ontable shot9)
  S:(dispenses dispenser1 ingredient1)
  S:(dispenses dispenser2 ingredient2)
  S:(dispenses dispenser3 ingredient3)
  (clean shaker1)
  (clean shot1)
  (clean shot2)
  (clean shot3)
  (clean shot4)
  (clean shot5)
  (clean shot6)
  (clean shot7)
  (clean shot8)
  (clean shot9)
  (empty shaker1)
  (empty shot1)
  (empty shot2)
  (empty shot3)
  (empty shot4)
  (empty shot5)
  (empty shot6)
  (empty shot7)
  (empty shot8)
  (empty shot9)
  (handempty left)
  (handempty right)
  S:(shaker-empty-level shaker1 l0)
  (shaker-level shaker1 l0)
  S:(next l0 l1)
  S:(next l1 l2)
  S:(cocktail-part1 cocktail1 ingredient3)
  S:(cocktail-part2 cocktail1 ingredient1)
  S:(cocktail-part1 cocktail2 ingredient3)
  S:(cocktail-part2 cocktail2 ingredient1)
  S:(cocktail-part1 cocktail3 ingredient2)
  S:(cocktail-part2 cocktail3 ingredient3)
  S:(cocktail-part1 cocktail4 ingredient3)
  S:(cocktail-part2 cocktail4 ingredient1)
  S:(cocktail-part1 cocktail5 ingredient3)
  S:(cocktail-part2 cocktail5 ingredient1)
  S:(cocktail-part1 cocktail6 ingredient1)
  S:(cocktail-part2 cocktail6 ingredient2)
  S:(cocktail-part1 cocktail7 ingredient1)
  S:(cocktail-part2 cocktail7 ingredient2)
Init[1]:
  (= (total-cost) 0)
Goal: (and (RW:contains shot1 cocktail3) (RW:contains shot2 cocktail6) (RW:contains shot3 cocktail1) (RW:contains shot4 cocktail7) (RW:contains shot5 cocktail2) (RW:contains shot6 cocktail5) (RW:contains shot7 cocktail4) (RW:contains shot8 cocktail5))
Metric: 1
