objval[0]: 7
objval[1]: 7
objval[2]: 7
objval[3]: 7
objval[4]: 7
objval[5]: 7
objval[6]: 7
objval[7]: 7
objval[8]: 7
objval[9]: 7
objval[10]: 7
objval[11]: 7
objval[12]: 7
objval[13]: 7
objval[14]: 7
objval[15]: 7
objval[16]: 7
objval[17]: 7
objval[18]: 7
objval[19]: 7
objval[20]: 7
objval[21]: 7
objval[22]: 7
objval[23]: 7
objval[24]: 9
objval[25]: 7
objval[26]: 7
objval[27]: 7
objval[28]: 9
objval[29]: 7
objval[30]: 7
objval[31]: 7
objval[32]: 9
objval[33]: 7
objval[34]: 7
objval[35]: 7
objval[36]: 9
objval[37]: 7
objval[38]: 7
objval[39]: 7
objval[40]: 9
objval[41]: 7
objval[42]: 7
objval[43]: 7
objval[44]: 9
objval[45]: 7
objval[46]: 7
objval[47]: 7
objval[48]: 9
objval[49]: 7
objval[50]: 7
objval[51]: 9
objval[52]: 7
objval[53]: 7
objval[54]: 7
objval[55]: 7
objval[56]: 7
objval[57]: 7
objval[58]: 7
objval[59]: 7
objval[60]: 7
objval[61]: 7
objval[62]: 7
objval[63]: 7
objval[64]: 7
objval[65]: 7
objval[66]: 7
objval[67]: 7
objval[68]: 7
objval[69]: 7
objval[70]: 7
objval[71]: 7
objval[72]: 7
objval[73]: 7
objval[74]: 7
objval[75]: 7
objval[76]: 7
objval[77]: 8
objval[78]: 7
objval[79]: 8
objval[80]: 7
objval[81]: 8
objval[82]: 7
objval[83]: 8
objval[84]: 7
objval[85]: 8
objval[86]: 7
objval[87]: 8
objval[88]: 7
objval[89]: 8
objval[90]: 7
objval[91]: 8
objval[92]: 7
objval[93]: 8
objval[94]: 7
objval[95]: 8
objval[96]: 7
objval[97]: 8
objval[98]: 7
objval[99]: 7
objval[100]: 7
objval[101]: 7
objval[102]: 7
objval[103]: 7
objval[104]: 7
objval[105]: 7
objval[106]: 7
objval[107]: 7
objval[108]: 7
objval[109]: 7
objval[110]: 7
objval[111]: 7
objval[112]: 7
objval[113]: 7
