Reduced 31 -> 21
Domain: openstacks-sequencedstrips-nonadl-nonnegated
Problem: os-sequencedstrips-p10_1
Require: 200ff
Type[4]:
    [0]: object, parent: -1
    [1]: order, parent: 0
    [2]: product, parent: 0
    [3]: count, parent: 0
Obj-by-Type:
    [0]: 0 1 2 3 4 5 6 7 8 9 10 11 12 13 14 15 16 17 18 19 20
    [1]: 7 8 9 10 11 12 13 14 15 16
    [2]: 0 1 2 3 4 5 6
    [3]: 17 18 19 20
Obj[21]:
    [0]: p1, type: 2, is-constant: 1, is-private: 0, owner: -1, is-agent: 0
    [1]: p2, type: 2, is-constant: 1, is-private: 0, owner: -1, is-agent: 0
    [2]: p4, type: 2, is-constant: 1, is-private: 0, owner: -1, is-agent: 0
    [3]: p5, type: 2, is-constant: 1, is-private: 0, owner: -1, is-agent: 0
    [4]: p8, type: 2, is-constant: 1, is-private: 0, owner: -1, is-agent: 0
    [5]: p9, type: 2, is-constant: 1, is-private: 0, owner: -1, is-agent: 0
    [6]: p10, type: 2, is-constant: 1, is-private: 0, owner: -1, is-agent: 0
    [7]: o1, type: 1, is-constant: 1, is-private: 0, owner: -1, is-agent: 0
    [8]: o2, type: 1, is-constant: 1, is-private: 0, owner: -1, is-agent: 0
    [9]: o3, type: 1, is-constant: 1, is-private: 0, owner: -1, is-agent: 0
    [10]: o4, type: 1, is-constant: 1, is-private: 0, owner: -1, is-agent: 0
    [11]: o5, type: 1, is-constant: 1, is-private: 0, owner: -1, is-agent: 0
    [12]: o6, type: 1, is-constant: 1, is-private: 0, owner: -1, is-agent: 0
    [13]: o7, type: 1, is-constant: 1, is-private: 0, owner: -1, is-agent: 0
    [14]: o8, type: 1, is-constant: 1, is-private: 0, owner: -1, is-agent: 0
    [15]: o9, type: 1, is-constant: 1, is-private: 0, owner: -1, is-agent: 0
    [16]: o10, type: 1, is-constant: 1, is-private: 0, owner: -1, is-agent: 0
    [17]: n0, type: 3, is-constant: 0, is-private: 0, owner: -1, is-agent: 0
    [18]: n1, type: 3, is-constant: 0, is-private: 0, owner: -1, is-agent: 0
    [19]: n2, type: 3, is-constant: 0, is-private: 0, owner: -1, is-agent: 0
    [20]: n4, type: 3, is-constant: 0, is-private: 0, owner: -1, is-agent: 0
Predicate[9]:
    =: 0 0 :: is-private: 0, owner-param: -1, read: 0, write: 0
    includes: 1 2 :: is-private: 0, owner-param: -1, read: 0, write: 0
    waiting: 1 :: is-private: 0, owner-param: -1, read: 1, write: 1
    started: 1 :: is-private: 0, owner-param: -1, read: 1, write: 1
    shipped: 1 :: is-private: 0, owner-param: -1, read: 0, write: 1
    made: 2 :: is-private: 0, owner-param: -1, read: 1, write: 1
    not-made: 2 :: is-private: 0, owner-param: -1, read: 1, write: 1
    stacks-avail: 3 :: is-private: 0, owner-param: -1, read: 1, write: 1
    next-count: 3 3 :: is-private: 0, owner-param: -1, read: 1, write: 0
Function[1]:
    total-cost: :: is-private: 0, owner-param: -1, read: 0, write: 0
Action[22]:
    open-new-stack: ?open:3 ?new-open:3
        pre: (and (RW:stacks-avail ?open) (R:next-count ?open ?new-open))
        eff: (and (RW:stacks-avail ?new-open) (increase (total-cost) 1))
    start-order: ?o:1 ?avail:3 ?new-avail:3
        pre: (and (RW:waiting ?o) (RW:stacks-avail ?avail) (R:next-count ?new-avail ?avail))
        eff: (and (N:RW:waiting ?o) (RW:started ?o) (RW:stacks-avail ?new-avail))
    make-product-p1: 
        pre: (and (RW:not-made p1) (RW:started o3) (RW:started o9))
        eff: (and (N:RW:not-made p1) (RW:made p1))
    make-product-p2: 
        pre: (and (RW:not-made p2) (RW:started o2))
        eff: (and (N:RW:not-made p2) (RW:made p2))
    make-product-p3: 
        pre: (and (RW:not-made p2) (RW:started o5) (RW:started o8))
        eff: (and (N:RW:not-made p2) (RW:made p2))
    make-product-p4: 
        pre: (and (RW:not-made p4) (RW:started o4))
        eff: (and (N:RW:not-made p4) (RW:made p4))
    make-product-p5: 
        pre: (and (RW:not-made p5) (RW:started o6) (RW:started o7))
        eff: (and (N:RW:not-made p5) (RW:made p5))
    make-product-p6: 
        pre: (and (RW:not-made p1) (RW:started o1))
        eff: (and (N:RW:not-made p1) (RW:made p1))
    make-product-p7: 
        pre: (and (RW:not-made p5) (RW:started o3))
        eff: (and (N:RW:not-made p5) (RW:made p5))
    make-product-p8: 
        pre: (and (RW:not-made p8) (RW:started o3))
        eff: (and (N:RW:not-made p8) (RW:made p8))
    make-product-p9: 
        pre: (and (RW:not-made p9) (RW:started o1) (RW:started o10))
        eff: (and (N:RW:not-made p9) (RW:made p9))
    make-product-p10: 
        pre: (and (RW:not-made p10) (RW:started o1) (RW:started o2))
        eff: (and (N:RW:not-made p10) (RW:made p10))
    ship-order-o1: ?avail:3 ?new-avail:3
        pre: (and (RW:started o1) (RW:made p1) (RW:made p9) (RW:made p10) (RW:stacks-avail ?avail) (R:next-count ?avail ?new-avail))
        eff: (and (N:RW:started o1) (W:shipped o1) (RW:stacks-avail ?new-avail))
    ship-order-o2: ?avail:3 ?new-avail:3
        pre: (and (RW:started o2) (RW:made p2) (RW:made p10) (RW:stacks-avail ?avail) (R:next-count ?avail ?new-avail))
        eff: (and (N:RW:started o2) (W:shipped o2) (RW:stacks-avail ?new-avail))
    ship-order-o3: ?avail:3 ?new-avail:3
        pre: (and (RW:started o3) (RW:made p1) (RW:made p5) (RW:made p8) (RW:stacks-avail ?avail) (R:next-count ?avail ?new-avail))
        eff: (and (N:RW:started o3) (W:shipped o3) (RW:stacks-avail ?new-avail))
    ship-order-o4: ?avail:3 ?new-avail:3
        pre: (and (RW:started o4) (RW:made p4) (RW:stacks-avail ?avail) (R:next-count ?avail ?new-avail))
        eff: (and (N:RW:started o4) (W:shipped o4) (RW:stacks-avail ?new-avail))
    ship-order-o5: ?avail:3 ?new-avail:3
        pre: (and (RW:started o5) (RW:made p2) (RW:stacks-avail ?avail) (R:next-count ?avail ?new-avail))
        eff: (and (N:RW:started o5) (W:shipped o5) (RW:stacks-avail ?new-avail))
    ship-order-o6: ?avail:3 ?new-avail:3
        pre: (and (RW:started o6) (RW:made p5) (RW:stacks-avail ?avail) (R:next-count ?avail ?new-avail))
        eff: (and (N:RW:started o6) (W:shipped o6) (RW:stacks-avail ?new-avail))
    ship-order-o7: ?avail:3 ?new-avail:3
        pre: (and (RW:started o7) (RW:made p5) (RW:stacks-avail ?avail) (R:next-count ?avail ?new-avail))
        eff: (and (N:RW:started o7) (W:shipped o7) (RW:stacks-avail ?new-avail))
    ship-order-o8: ?avail:3 ?new-avail:3
        pre: (and (RW:started o8) (RW:made p2) (RW:stacks-avail ?avail) (R:next-count ?avail ?new-avail))
        eff: (and (N:RW:started o8) (W:shipped o8) (RW:stacks-avail ?new-avail))
    ship-order-o9: ?avail:3 ?new-avail:3
        pre: (and (RW:started o9) (RW:made p1) (RW:stacks-avail ?avail) (R:next-count ?avail ?new-avail))
        eff: (and (N:RW:started o9) (W:shipped o9) (RW:stacks-avail ?new-avail))
    ship-order-o10: ?avail:3 ?new-avail:3
        pre: (and (RW:started o10) (RW:made p9) (RW:stacks-avail ?avail) (R:next-count ?avail ?new-avail))
        eff: (and (N:RW:started o10) (W:shipped o10) (RW:stacks-avail ?new-avail))
Init[46]:
  S:(next-count n0 n1)
  S:(next-count n1 n2)
  S:(next-count n2 n0)
  S:(next-count n0 n4)
  S:(next-count n4 n2)
  S:(next-count n2 n4)
  S:(next-count n4 n4)
  S:(next-count n4 n2)
  S:(next-count n2 n4)
  S:(next-count n4 n0)
  (stacks-avail n0)
  (waiting o1)
  S:(includes o1 p1)
  S:(includes o1 p9)
  S:(includes o1 p10)
  (waiting o2)
  S:(includes o2 p2)
  S:(includes o2 p10)
  (waiting o3)
  S:(includes o3 p1)
  S:(includes o3 p5)
  S:(includes o3 p8)
  (waiting o4)
  S:(includes o4 p4)
  (waiting o5)
  S:(includes o5 p2)
  (waiting o6)
  S:(includes o6 p5)
  (waiting o7)
  S:(includes o7 p5)
  (waiting o8)
  S:(includes o8 p2)
  (waiting o9)
  S:(includes o9 p1)
  (waiting o10)
  S:(includes o10 p9)
  (not-made p1)
  (not-made p2)
  (not-made p2)
  (not-made p4)
  (not-made p5)
  (not-made p1)
  (not-made p5)
  (not-made p8)
  (not-made p9)
  (not-made p10)
Init[1]:
  (= (total-cost) 0)
Goal: (and (W:shipped o1) (W:shipped o2) (W:shipped o3) (W:shipped o4) (W:shipped o5) (W:shipped o6) (W:shipped o7) (W:shipped o8) (W:shipped o9) (W:shipped o10))
Metric: 1
