objval[0]: 13
objval[1]: 13
objval[2]: 13
objval[3]: 13
objval[4]: 13
objval[5]: 13
objval[6]: 13
objval[7]: 13
objval[8]: 13
objval[9]: 13
objval[10]: 13
objval[11]: 13
objval[12]: 13
objval[13]: 13
objval[14]: 13
objval[15]: 13
objval[16]: 13
objval[17]: 13
objval[18]: 13
objval[19]: 13
objval[20]: 13
objval[21]: 13
objval[22]: 13
objval[23]: 13
objval[24]: 13
objval[25]: 13
objval[26]: 13
objval[27]: 13
objval[28]: 13
objval[29]: 13
objval[30]: 13
objval[31]: 13
objval[32]: 13
objval[33]: 13
objval[34]: 13
objval[35]: 13
objval[36]: 13
objval[37]: 13
objval[38]: 13
objval[39]: 13
objval[40]: 13
objval[41]: 13
objval[42]: 13
objval[43]: 13
objval[44]: 13
objval[45]: 13
objval[46]: 13
objval[47]: 13
objval[48]: 13
objval[49]: 13
objval[50]: 13
objval[51]: 13
objval[52]: 13
objval[53]: 13
objval[54]: 13
objval[55]: 13
objval[56]: 13
objval[57]: 13
objval[58]: 13
objval[59]: 13
objval[60]: 13
objval[61]: 13
objval[62]: 13
objval[63]: 13
objval[64]: 13
objval[65]: 13
objval[66]: 13
objval[67]: 13
objval[68]: 13
objval[69]: 13
objval[70]: 13
objval[71]: 13
objval[72]: 13
objval[73]: 13
objval[74]: 13
objval[75]: 13
objval[76]: 13
objval[77]: 13
objval[78]: 13
objval[79]: 13
objval[80]: 13
objval[81]: 13
objval[82]: 13
objval[83]: 13
objval[84]: 13
objval[85]: 13
objval[86]: 13
objval[87]: 13
objval[88]: 13
objval[89]: 13
objval[90]: 13
objval[91]: 13
objval[92]: 13
objval[93]: 13
objval[94]: 13
objval[95]: 13
objval[96]: 13
objval[97]: 13
objval[98]: 13
objval[99]: 13
objval[100]: 13
objval[101]: 13
objval[102]: 13
objval[103]: 13
objval[104]: 13
objval[105]: 13
objval[106]: 13
objval[107]: 13
objval[108]: 13
objval[109]: 13
objval[110]: 13
objval[111]: 13
objval[112]: 13
objval[113]: 13
objval[114]: 13
objval[115]: 13
objval[116]: 13
objval[117]: 13
objval[118]: 13
objval[119]: 13
objval[120]: 13
objval[121]: 13
objval[122]: 13
objval[123]: 13
objval[124]: 13
objval[125]: 13
objval[126]: 13
objval[127]: 13
objval[128]: 13
objval[129]: 13
objval[130]: 13
objval[131]: 13
objval[132]: 13
objval[133]: 13
objval[134]: 13
objval[135]: 13
objval[136]: 13
objval[137]: 13
objval[138]: 13
objval[139]: 13
objval[140]: 13
objval[141]: 13
objval[142]: 13
objval[143]: 13
objval[144]: 13
objval[145]: 13
objval[146]: 13
objval[147]: 13
objval[148]: 13
objval[149]: 13
objval[150]: 13
objval[151]: 13
objval[152]: 13
objval[153]: 13
objval[154]: 13
objval[155]: 13
objval[156]: 13
objval[157]: 13
objval[158]: 13
objval[159]: 13
objval[160]: 13
objval[161]: 13
objval[162]: 13
objval[163]: 13
objval[164]: 13
objval[165]: 13
objval[166]: 13
objval[167]: 13
objval[168]: 13
objval[169]: 13
objval[170]: 13
objval[171]: 13
objval[172]: 13
objval[173]: 13
objval[174]: 13
objval[175]: 13
objval[176]: 13
objval[177]: 13
objval[178]: 13
objval[179]: 13
objval[180]: 13
objval[181]: 13
objval[182]: 13
objval[183]: 13
objval[184]: 13
objval[185]: 13
objval[186]: 13
objval[187]: 13
objval[188]: 13
objval[189]: 13
objval[190]: 13
objval[191]: 13
objval[192]: 13
objval[193]: 13
objval[194]: 13
objval[195]: 13
objval[196]: 13
objval[197]: 13
objval[198]: 13
objval[199]: 14
objval[200]: 13
objval[201]: 13
objval[202]: 13
objval[203]: 13
objval[204]: 14
objval[205]: 13
objval[206]: 13
objval[207]: 13
objval[208]: 13
objval[209]: 14
objval[210]: 13
objval[211]: 13
objval[212]: 13
objval[213]: 13
objval[214]: 14
objval[215]: 13
objval[216]: 13
objval[217]: 13
objval[218]: 13
objval[219]: 14
objval[220]: 13
objval[221]: 13
objval[222]: 13
objval[223]: 13
objval[224]: 14
objval[225]: 13
objval[226]: 13
objval[227]: 13
objval[228]: 13
objval[229]: 14
objval[230]: 13
objval[231]: 13
objval[232]: 13
objval[233]: 13
objval[234]: 14
objval[235]: 13
objval[236]: 13
objval[237]: 13
objval[238]: 13
objval[239]: 14
objval[240]: 13
objval[241]: 13
objval[242]: 13
objval[243]: 14
objval[244]: 13
objval[245]: 13
objval[246]: 13
objval[247]: 14
objval[248]: 13
objval[249]: 13
objval[250]: 13
objval[251]: 14
objval[252]: 13
objval[253]: 13
objval[254]: 13
objval[255]: 14
objval[256]: 13
objval[257]: 13
objval[258]: 13
objval[259]: 14
objval[260]: 13
objval[261]: 13
objval[262]: 13
objval[263]: 14
objval[264]: 13
objval[265]: 13
objval[266]: 13
objval[267]: 13
objval[268]: 13
objval[269]: 13
objval[270]: 13
objval[271]: 13
objval[272]: 13
objval[273]: 13
objval[274]: 13
objval[275]: 13
objval[276]: 13
objval[277]: 13
objval[278]: 13
objval[279]: 13
objval[280]: 13
objval[281]: 13
objval[282]: 13
objval[283]: 13
objval[284]: 13
objval[285]: 13
objval[286]: 13
objval[287]: 13
objval[288]: 13
objval[289]: 13
objval[290]: 13
objval[291]: 13
objval[292]: 13
objval[293]: 13
objval[294]: 13
objval[295]: 13
objval[296]: 13
objval[297]: 13
objval[298]: 13
objval[299]: 13
objval[300]: 13
objval[301]: 13
objval[302]: 13
objval[303]: 13
objval[304]: 13
objval[305]: 13
objval[306]: 13
objval[307]: 13
objval[308]: 13
objval[309]: 12
objval[310]: 13
objval[311]: 12
objval[312]: 13
objval[313]: 12
objval[314]: 13
objval[315]: 12
objval[316]: 13
objval[317]: 12
objval[318]: 13
objval[319]: 12
objval[320]: 13
objval[321]: 12
objval[322]: 13
objval[323]: 12
objval[324]: 13
objval[325]: 12
objval[326]: 13
objval[327]: 12
objval[328]: 13
objval[329]: 12
objval[330]: 13
objval[331]: 12
objval[332]: 13
objval[333]: 12
objval[334]: 13
objval[335]: 12
objval[336]: 13
objval[337]: 12
objval[338]: 13
objval[339]: 12
objval[340]: 13
objval[341]: 12
objval[342]: 13
objval[343]: 12
objval[344]: 13
objval[345]: 12
objval[346]: 13
objval[347]: 12
objval[348]: 13
objval[349]: 13
objval[350]: 13
objval[351]: 13
objval[352]: 13
objval[353]: 13
objval[354]: 13
objval[355]: 13
objval[356]: 13
objval[357]: 13
objval[358]: 13
objval[359]: 13
objval[360]: 13
objval[361]: 13
objval[362]: 13
objval[363]: 13
objval[364]: 13
objval[365]: 13
objval[366]: 13
objval[367]: 13
objval[368]: 13
objval[369]: 13
objval[370]: 13
objval[371]: 13
objval[372]: 13
objval[373]: 13
objval[374]: 13
objval[375]: 13
objval[376]: 13
objval[377]: 13
objval[378]: 13
objval[379]: 13
objval[380]: 13
objval[381]: 13
objval[382]: 13
objval[383]: 13
objval[384]: 13
objval[385]: 13
objval[386]: 13
objval[387]: 13
objval[388]: 13
objval[389]: 13
objval[390]: 13
objval[391]: 13
objval[392]: 13
objval[393]: 13
objval[394]: 13
objval[395]: 13
objval[396]: 13
objval[397]: 13
objval[398]: 13
objval[399]: 13
objval[400]: 13
