Fact[190]:
  (at-robot loc-x0-y0 0-0-0)
  (at-robot loc-x0-y1 0-1-1)
  (at-robot loc-x0-y2 0-2-2)
  (at-robot loc-x0-y3 0-3-3)
  (at-robot loc-x0-y4 0-4-4)
  (at-robot loc-x0-y5 0-5-5)
  (at-robot loc-x0-y6 0-6-6)
  (at-robot loc-x0-y7 0-7-7)
  (at-robot loc-x0-y8 0-8-8)
  (at-robot loc-x0-y9 0-9-9)
  (at-robot loc-x1-y0 0-10-10)
  (at-robot loc-x1-y1 0-11-11)
  (at-robot loc-x1-y2 0-12-12)
  (at-robot loc-x1-y3 0-13-13)
  (at-robot loc-x1-y4 0-14-14)
  (at-robot loc-x1-y5 0-15-15)
  (at-robot loc-x1-y6 0-16-16)
  (at-robot loc-x1-y7 0-17-17)
  (at-robot loc-x1-y8 0-18-18)
  (at-robot loc-x1-y9 0-19-19)
  (at-robot loc-x2-y0 0-20-20)
  (at-robot loc-x2-y1 0-21-21)
  (at-robot loc-x2-y2 0-22-22)
  (at-robot loc-x2-y3 0-23-23)
  (at-robot loc-x2-y4 0-24-24)
  (at-robot loc-x2-y5 0-25-25)
  (at-robot loc-x2-y6 0-26-26)
  (at-robot loc-x2-y7 0-27-27)
  (at-robot loc-x2-y8 0-28-28)
  (at-robot loc-x2-y9 0-29-29)
  (at-robot loc-x3-y0 0-30-30)
  (at-robot loc-x3-y1 0-31-31)
  (at-robot loc-x3-y2 0-32-32)
  (at-robot loc-x3-y3 0-33-33)
  (at-robot loc-x3-y4 0-34-34)
  (at-robot loc-x3-y5 0-35-35)
  (at-robot loc-x3-y6 0-36-36)
  (at-robot loc-x3-y7 0-37-37)
  (at-robot loc-x3-y8 0-38-38)
  (at-robot loc-x3-y9 0-39-39)
  (at-robot loc-x4-y0 0-40-40)
  (at-robot loc-x4-y1 0-41-41)
  (at-robot loc-x4-y2 0-42-42)
  (at-robot loc-x4-y3 0-43-43)
  (at-robot loc-x4-y4 0-44-44)
  (at-robot loc-x4-y5 0-45-45)
  (at-robot loc-x4-y6 0-46-46)
  (at-robot loc-x4-y7 0-47-47)
  (at-robot loc-x4-y8 0-48-48)
  (at-robot loc-x4-y9 0-49-49)
  (at-robot loc-x5-y0 0-50-50)
  (at-robot loc-x5-y1 0-51-51)
  (at-robot loc-x5-y2 0-52-52)
  (at-robot loc-x5-y3 0-53-53)
  (at-robot loc-x5-y4 0-54-54)
  (at-robot loc-x5-y5 0-55-55)
  (at-robot loc-x5-y6 0-56-56)
  (at-robot loc-x5-y7 0-57-57)
  (at-robot loc-x5-y8 0-58-58)
  (at-robot loc-x5-y9 0-59-59)
  (at-robot loc-x6-y0 0-60-60)
  (at-robot loc-x6-y1 0-61-61)
  (at-robot loc-x6-y2 0-62-62)
  (at-robot loc-x6-y3 0-63-63)
  (at-robot loc-x6-y4 0-64-64)
  (at-robot loc-x6-y5 0-65-65)
  (at-robot loc-x6-y6 0-66-66)
  (at-robot loc-x6-y7 0-67-67)
  (at-robot loc-x6-y8 0-68-68)
  (at-robot loc-x6-y9 0-69-69)
  (at-robot loc-x7-y0 0-70-70)
  (at-robot loc-x7-y1 0-71-71)
  (at-robot loc-x7-y2 0-72-72)
  (at-robot loc-x7-y3 0-73-73)
  (at-robot loc-x7-y4 0-74-74)
  (at-robot loc-x7-y5 0-75-75)
  (at-robot loc-x7-y6 0-76-76)
  (at-robot loc-x7-y7 0-77-77)
  (at-robot loc-x7-y8 0-78-78)
  (at-robot loc-x7-y9 0-79-79)
  (at-robot loc-x8-y0 0-80-80)
  (at-robot loc-x8-y1 0-81-81)
  (at-robot loc-x8-y2 0-82-82)
  (at-robot loc-x8-y3 0-83-83)
  (at-robot loc-x8-y4 0-84-84)
  (at-robot loc-x8-y5 0-85-85)
  (at-robot loc-x8-y6 0-86-86)
  (at-robot loc-x8-y7 0-87-87)
  (at-robot loc-x8-y8 0-88-88)
  (at-robot loc-x8-y9 0-89-89)
  (at-robot loc-x9-y0 0-90-90)
  (at-robot loc-x9-y1 0-91-91)
  (at-robot loc-x9-y2 0-92-92)
  (at-robot loc-x9-y3 0-93-93)
  (at-robot loc-x9-y4 0-94-94)
  (at-robot loc-x9-y5 0-95-95)
  (at-robot loc-x9-y6 0-96-96)
  (at-robot loc-x9-y7 0-97-97)
  (at-robot loc-x9-y8 0-98-98)
  (at-robot loc-x9-y9 0-99-99)
  (visited loc-x0-y2 1-0-100)
  (none-of-those 1-1-101)
  (visited loc-x0-y4 2-0-102)
  (none-of-those 2-1-103)
  (visited loc-x0-y6 3-0-104)
  (none-of-those 3-1-105)
  (visited loc-x0-y7 4-0-106)
  (none-of-those 4-1-107)
  (visited loc-x0-y9 5-0-108)
  (none-of-those 5-1-109)
  (visited loc-x1-y0 6-0-110)
  (none-of-those 6-1-111)
  (visited loc-x1-y1 7-0-112)
  (none-of-those 7-1-113)
  (visited loc-x1-y2 8-0-114)
  (none-of-those 8-1-115)
  (visited loc-x1-y8 9-0-116)
  (none-of-those 9-1-117)
  (visited loc-x2-y0 10-0-118)
  (none-of-those 10-1-119)
  (visited loc-x2-y1 11-0-120)
  (none-of-those 11-1-121)
  (visited loc-x2-y2 12-0-122)
  (none-of-those 12-1-123)
  (visited loc-x2-y3 13-0-124)
  (none-of-those 13-1-125)
  (visited loc-x2-y4 14-0-126)
  (none-of-those 14-1-127)
  (visited loc-x2-y8 15-0-128)
  (none-of-those 15-1-129)
  (visited loc-x2-y9 16-0-130)
  (none-of-those 16-1-131)
  (visited loc-x3-y0 17-0-132)
  (none-of-those 17-1-133)
  (visited loc-x3-y1 18-0-134)
  (none-of-those 18-1-135)
  (visited loc-x3-y2 19-0-136)
  (none-of-those 19-1-137)
  (visited loc-x3-y3 20-0-138)
  (none-of-those 20-1-139)
  (visited loc-x3-y5 21-0-140)
  (none-of-those 21-1-141)
  (visited loc-x3-y7 22-0-142)
  (none-of-those 22-1-143)
  (visited loc-x4-y0 23-0-144)
  (none-of-those 23-1-145)
  (visited loc-x4-y1 24-0-146)
  (none-of-those 24-1-147)
  (visited loc-x4-y2 25-0-148)
  (none-of-those 25-1-149)
  (visited loc-x4-y5 26-0-150)
  (none-of-those 26-1-151)
  (visited loc-x4-y8 27-0-152)
  (none-of-those 27-1-153)
  (visited loc-x4-y9 28-0-154)
  (none-of-those 28-1-155)
  (visited loc-x5-y6 29-0-156)
  (none-of-those 29-1-157)
  (visited loc-x5-y8 30-0-158)
  (none-of-those 30-1-159)
  (visited loc-x5-y9 31-0-160)
  (none-of-those 31-1-161)
  (visited loc-x6-y5 32-0-162)
  (none-of-those 32-1-163)
  (visited loc-x6-y6 33-0-164)
  (none-of-those 33-1-165)
  (visited loc-x6-y7 34-0-166)
  (none-of-those 34-1-167)
  (visited loc-x6-y8 35-0-168)
  (none-of-those 35-1-169)
  (visited loc-x6-y9 36-0-170)
  (none-of-those 36-1-171)
  (visited loc-x7-y2 37-0-172)
  (none-of-those 37-1-173)
  (visited loc-x7-y4 38-0-174)
  (none-of-those 38-1-175)
  (visited loc-x7-y9 39-0-176)
  (none-of-those 39-1-177)
  (visited loc-x8-y2 40-0-178)
  (none-of-those 40-1-179)
  (visited loc-x8-y9 41-0-180)
  (none-of-those 41-1-181)
  (visited loc-x9-y3 42-0-182)
  (none-of-those 42-1-183)
  (visited loc-x9-y5 43-0-184)
  (none-of-those 43-1-185)
  (visited loc-x9-y6 44-0-186)
  (none-of-those 44-1-187)
  (visited loc-x9-y7 45-0-188)
  (none-of-those 45-1-189)
Op[360]:
  (move loc-x0-y0 loc-x0-y1), cost: 1
    pre: (at-robot loc-x0-y0 0-0-0)
    add: (at-robot loc-x0-y1 0-1-1)
    del: (at-robot loc-x0-y0 0-0-0)
  (move loc-x0-y0 loc-x1-y0), cost: 1
    pre: (at-robot loc-x0-y0 0-0-0)
    add: (at-robot loc-x1-y0 0-10-10) (visited loc-x1-y0 6-0-110)
    del: (at-robot loc-x0-y0 0-0-0) (none-of-those 6-1-111)
  (move loc-x0-y1 loc-x0-y0), cost: 1
    pre: (at-robot loc-x0-y1 0-1-1)
    add: (at-robot loc-x0-y0 0-0-0)
    del: (at-robot loc-x0-y1 0-1-1)
  (move loc-x0-y1 loc-x0-y2), cost: 1
    pre: (at-robot loc-x0-y1 0-1-1)
    add: (at-robot loc-x0-y2 0-2-2) (visited loc-x0-y2 1-0-100)
    del: (at-robot loc-x0-y1 0-1-1) (none-of-those 1-1-101)
  (move loc-x0-y1 loc-x1-y1), cost: 1
    pre: (at-robot loc-x0-y1 0-1-1)
    add: (at-robot loc-x1-y1 0-11-11) (visited loc-x1-y1 7-0-112)
    del: (at-robot loc-x0-y1 0-1-1) (none-of-those 7-1-113)
  (move loc-x0-y2 loc-x0-y1), cost: 1
    pre: (at-robot loc-x0-y2 0-2-2)
    add: (at-robot loc-x0-y1 0-1-1)
    del: (at-robot loc-x0-y2 0-2-2)
  (move loc-x0-y2 loc-x0-y3), cost: 1
    pre: (at-robot loc-x0-y2 0-2-2)
    add: (at-robot loc-x0-y3 0-3-3)
    del: (at-robot loc-x0-y2 0-2-2)
  (move loc-x0-y2 loc-x1-y2), cost: 1
    pre: (at-robot loc-x0-y2 0-2-2)
    add: (at-robot loc-x1-y2 0-12-12) (visited loc-x1-y2 8-0-114)
    del: (at-robot loc-x0-y2 0-2-2) (none-of-those 8-1-115)
  (move loc-x0-y3 loc-x0-y2), cost: 1
    pre: (at-robot loc-x0-y3 0-3-3)
    add: (at-robot loc-x0-y2 0-2-2) (visited loc-x0-y2 1-0-100)
    del: (at-robot loc-x0-y3 0-3-3) (none-of-those 1-1-101)
  (move loc-x0-y3 loc-x0-y4), cost: 1
    pre: (at-robot loc-x0-y3 0-3-3)
    add: (at-robot loc-x0-y4 0-4-4) (visited loc-x0-y4 2-0-102)
    del: (at-robot loc-x0-y3 0-3-3) (none-of-those 2-1-103)
  (move loc-x0-y3 loc-x1-y3), cost: 1
    pre: (at-robot loc-x0-y3 0-3-3)
    add: (at-robot loc-x1-y3 0-13-13)
    del: (at-robot loc-x0-y3 0-3-3)
  (move loc-x0-y4 loc-x0-y3), cost: 1
    pre: (at-robot loc-x0-y4 0-4-4)
    add: (at-robot loc-x0-y3 0-3-3)
    del: (at-robot loc-x0-y4 0-4-4)
  (move loc-x0-y4 loc-x0-y5), cost: 1
    pre: (at-robot loc-x0-y4 0-4-4)
    add: (at-robot loc-x0-y5 0-5-5)
    del: (at-robot loc-x0-y4 0-4-4)
  (move loc-x0-y4 loc-x1-y4), cost: 1
    pre: (at-robot loc-x0-y4 0-4-4)
    add: (at-robot loc-x1-y4 0-14-14)
    del: (at-robot loc-x0-y4 0-4-4)
  (move loc-x0-y5 loc-x0-y4), cost: 1
    pre: (at-robot loc-x0-y5 0-5-5)
    add: (at-robot loc-x0-y4 0-4-4) (visited loc-x0-y4 2-0-102)
    del: (at-robot loc-x0-y5 0-5-5) (none-of-those 2-1-103)
  (move loc-x0-y5 loc-x0-y6), cost: 1
    pre: (at-robot loc-x0-y5 0-5-5)
    add: (at-robot loc-x0-y6 0-6-6) (visited loc-x0-y6 3-0-104)
    del: (at-robot loc-x0-y5 0-5-5) (none-of-those 3-1-105)
  (move loc-x0-y5 loc-x1-y5), cost: 1
    pre: (at-robot loc-x0-y5 0-5-5)
    add: (at-robot loc-x1-y5 0-15-15)
    del: (at-robot loc-x0-y5 0-5-5)
  (move loc-x0-y6 loc-x0-y5), cost: 1
    pre: (at-robot loc-x0-y6 0-6-6)
    add: (at-robot loc-x0-y5 0-5-5)
    del: (at-robot loc-x0-y6 0-6-6)
  (move loc-x0-y6 loc-x0-y7), cost: 1
    pre: (at-robot loc-x0-y6 0-6-6)
    add: (at-robot loc-x0-y7 0-7-7) (visited loc-x0-y7 4-0-106)
    del: (at-robot loc-x0-y6 0-6-6) (none-of-those 4-1-107)
  (move loc-x0-y6 loc-x1-y6), cost: 1
    pre: (at-robot loc-x0-y6 0-6-6)
    add: (at-robot loc-x1-y6 0-16-16)
    del: (at-robot loc-x0-y6 0-6-6)
  (move loc-x0-y7 loc-x0-y6), cost: 1
    pre: (at-robot loc-x0-y7 0-7-7)
    add: (at-robot loc-x0-y6 0-6-6) (visited loc-x0-y6 3-0-104)
    del: (at-robot loc-x0-y7 0-7-7) (none-of-those 3-1-105)
  (move loc-x0-y7 loc-x0-y8), cost: 1
    pre: (at-robot loc-x0-y7 0-7-7)
    add: (at-robot loc-x0-y8 0-8-8)
    del: (at-robot loc-x0-y7 0-7-7)
  (move loc-x0-y7 loc-x1-y7), cost: 1
    pre: (at-robot loc-x0-y7 0-7-7)
    add: (at-robot loc-x1-y7 0-17-17)
    del: (at-robot loc-x0-y7 0-7-7)
  (move loc-x0-y8 loc-x0-y7), cost: 1
    pre: (at-robot loc-x0-y8 0-8-8)
    add: (at-robot loc-x0-y7 0-7-7) (visited loc-x0-y7 4-0-106)
    del: (at-robot loc-x0-y8 0-8-8) (none-of-those 4-1-107)
  (move loc-x0-y8 loc-x0-y9), cost: 1
    pre: (at-robot loc-x0-y8 0-8-8)
    add: (at-robot loc-x0-y9 0-9-9) (visited loc-x0-y9 5-0-108)
    del: (at-robot loc-x0-y8 0-8-8) (none-of-those 5-1-109)
  (move loc-x0-y8 loc-x1-y8), cost: 1
    pre: (at-robot loc-x0-y8 0-8-8)
    add: (at-robot loc-x1-y8 0-18-18) (visited loc-x1-y8 9-0-116)
    del: (at-robot loc-x0-y8 0-8-8) (none-of-those 9-1-117)
  (move loc-x0-y9 loc-x0-y8), cost: 1
    pre: (at-robot loc-x0-y9 0-9-9)
    add: (at-robot loc-x0-y8 0-8-8)
    del: (at-robot loc-x0-y9 0-9-9)
  (move loc-x0-y9 loc-x1-y9), cost: 1
    pre: (at-robot loc-x0-y9 0-9-9)
    add: (at-robot loc-x1-y9 0-19-19)
    del: (at-robot loc-x0-y9 0-9-9)
  (move loc-x1-y0 loc-x0-y0), cost: 1
    pre: (at-robot loc-x1-y0 0-10-10)
    add: (at-robot loc-x0-y0 0-0-0)
    del: (at-robot loc-x1-y0 0-10-10)
  (move loc-x1-y0 loc-x1-y1), cost: 1
    pre: (at-robot loc-x1-y0 0-10-10)
    add: (at-robot loc-x1-y1 0-11-11) (visited loc-x1-y1 7-0-112)
    del: (at-robot loc-x1-y0 0-10-10) (none-of-those 7-1-113)
  (move loc-x1-y0 loc-x2-y0), cost: 1
    pre: (at-robot loc-x1-y0 0-10-10)
    add: (at-robot loc-x2-y0 0-20-20) (visited loc-x2-y0 10-0-118)
    del: (at-robot loc-x1-y0 0-10-10) (none-of-those 10-1-119)
  (move loc-x1-y1 loc-x0-y1), cost: 1
    pre: (at-robot loc-x1-y1 0-11-11)
    add: (at-robot loc-x0-y1 0-1-1)
    del: (at-robot loc-x1-y1 0-11-11)
  (move loc-x1-y1 loc-x1-y0), cost: 1
    pre: (at-robot loc-x1-y1 0-11-11)
    add: (at-robot loc-x1-y0 0-10-10) (visited loc-x1-y0 6-0-110)
    del: (at-robot loc-x1-y1 0-11-11) (none-of-those 6-1-111)
  (move loc-x1-y1 loc-x1-y2), cost: 1
    pre: (at-robot loc-x1-y1 0-11-11)
    add: (at-robot loc-x1-y2 0-12-12) (visited loc-x1-y2 8-0-114)
    del: (at-robot loc-x1-y1 0-11-11) (none-of-those 8-1-115)
  (move loc-x1-y1 loc-x2-y1), cost: 1
    pre: (at-robot loc-x1-y1 0-11-11)
    add: (at-robot loc-x2-y1 0-21-21) (visited loc-x2-y1 11-0-120)
    del: (at-robot loc-x1-y1 0-11-11) (none-of-those 11-1-121)
  (move loc-x1-y2 loc-x0-y2), cost: 1
    pre: (at-robot loc-x1-y2 0-12-12)
    add: (at-robot loc-x0-y2 0-2-2) (visited loc-x0-y2 1-0-100)
    del: (at-robot loc-x1-y2 0-12-12) (none-of-those 1-1-101)
  (move loc-x1-y2 loc-x1-y1), cost: 1
    pre: (at-robot loc-x1-y2 0-12-12)
    add: (at-robot loc-x1-y1 0-11-11) (visited loc-x1-y1 7-0-112)
    del: (at-robot loc-x1-y2 0-12-12) (none-of-those 7-1-113)
  (move loc-x1-y2 loc-x1-y3), cost: 1
    pre: (at-robot loc-x1-y2 0-12-12)
    add: (at-robot loc-x1-y3 0-13-13)
    del: (at-robot loc-x1-y2 0-12-12)
  (move loc-x1-y2 loc-x2-y2), cost: 1
    pre: (at-robot loc-x1-y2 0-12-12)
    add: (at-robot loc-x2-y2 0-22-22) (visited loc-x2-y2 12-0-122)
    del: (at-robot loc-x1-y2 0-12-12) (none-of-those 12-1-123)
  (move loc-x1-y3 loc-x0-y3), cost: 1
    pre: (at-robot loc-x1-y3 0-13-13)
    add: (at-robot loc-x0-y3 0-3-3)
    del: (at-robot loc-x1-y3 0-13-13)
  (move loc-x1-y3 loc-x1-y2), cost: 1
    pre: (at-robot loc-x1-y3 0-13-13)
    add: (at-robot loc-x1-y2 0-12-12) (visited loc-x1-y2 8-0-114)
    del: (at-robot loc-x1-y3 0-13-13) (none-of-those 8-1-115)
  (move loc-x1-y3 loc-x1-y4), cost: 1
    pre: (at-robot loc-x1-y3 0-13-13)
    add: (at-robot loc-x1-y4 0-14-14)
    del: (at-robot loc-x1-y3 0-13-13)
  (move loc-x1-y3 loc-x2-y3), cost: 1
    pre: (at-robot loc-x1-y3 0-13-13)
    add: (at-robot loc-x2-y3 0-23-23) (visited loc-x2-y3 13-0-124)
    del: (at-robot loc-x1-y3 0-13-13) (none-of-those 13-1-125)
  (move loc-x1-y4 loc-x0-y4), cost: 1
    pre: (at-robot loc-x1-y4 0-14-14)
    add: (at-robot loc-x0-y4 0-4-4) (visited loc-x0-y4 2-0-102)
    del: (at-robot loc-x1-y4 0-14-14) (none-of-those 2-1-103)
  (move loc-x1-y4 loc-x1-y3), cost: 1
    pre: (at-robot loc-x1-y4 0-14-14)
    add: (at-robot loc-x1-y3 0-13-13)
    del: (at-robot loc-x1-y4 0-14-14)
  (move loc-x1-y4 loc-x1-y5), cost: 1
    pre: (at-robot loc-x1-y4 0-14-14)
    add: (at-robot loc-x1-y5 0-15-15)
    del: (at-robot loc-x1-y4 0-14-14)
  (move loc-x1-y4 loc-x2-y4), cost: 1
    pre: (at-robot loc-x1-y4 0-14-14)
    add: (at-robot loc-x2-y4 0-24-24) (visited loc-x2-y4 14-0-126)
    del: (at-robot loc-x1-y4 0-14-14) (none-of-those 14-1-127)
  (move loc-x1-y5 loc-x0-y5), cost: 1
    pre: (at-robot loc-x1-y5 0-15-15)
    add: (at-robot loc-x0-y5 0-5-5)
    del: (at-robot loc-x1-y5 0-15-15)
  (move loc-x1-y5 loc-x1-y4), cost: 1
    pre: (at-robot loc-x1-y5 0-15-15)
    add: (at-robot loc-x1-y4 0-14-14)
    del: (at-robot loc-x1-y5 0-15-15)
  (move loc-x1-y5 loc-x1-y6), cost: 1
    pre: (at-robot loc-x1-y5 0-15-15)
    add: (at-robot loc-x1-y6 0-16-16)
    del: (at-robot loc-x1-y5 0-15-15)
  (move loc-x1-y5 loc-x2-y5), cost: 1
    pre: (at-robot loc-x1-y5 0-15-15)
    add: (at-robot loc-x2-y5 0-25-25)
    del: (at-robot loc-x1-y5 0-15-15)
  (move loc-x1-y6 loc-x0-y6), cost: 1
    pre: (at-robot loc-x1-y6 0-16-16)
    add: (at-robot loc-x0-y6 0-6-6) (visited loc-x0-y6 3-0-104)
    del: (at-robot loc-x1-y6 0-16-16) (none-of-those 3-1-105)
  (move loc-x1-y6 loc-x1-y5), cost: 1
    pre: (at-robot loc-x1-y6 0-16-16)
    add: (at-robot loc-x1-y5 0-15-15)
    del: (at-robot loc-x1-y6 0-16-16)
  (move loc-x1-y6 loc-x1-y7), cost: 1
    pre: (at-robot loc-x1-y6 0-16-16)
    add: (at-robot loc-x1-y7 0-17-17)
    del: (at-robot loc-x1-y6 0-16-16)
  (move loc-x1-y6 loc-x2-y6), cost: 1
    pre: (at-robot loc-x1-y6 0-16-16)
    add: (at-robot loc-x2-y6 0-26-26)
    del: (at-robot loc-x1-y6 0-16-16)
  (move loc-x1-y7 loc-x0-y7), cost: 1
    pre: (at-robot loc-x1-y7 0-17-17)
    add: (at-robot loc-x0-y7 0-7-7) (visited loc-x0-y7 4-0-106)
    del: (at-robot loc-x1-y7 0-17-17) (none-of-those 4-1-107)
  (move loc-x1-y7 loc-x1-y6), cost: 1
    pre: (at-robot loc-x1-y7 0-17-17)
    add: (at-robot loc-x1-y6 0-16-16)
    del: (at-robot loc-x1-y7 0-17-17)
  (move loc-x1-y7 loc-x1-y8), cost: 1
    pre: (at-robot loc-x1-y7 0-17-17)
    add: (at-robot loc-x1-y8 0-18-18) (visited loc-x1-y8 9-0-116)
    del: (at-robot loc-x1-y7 0-17-17) (none-of-those 9-1-117)
  (move loc-x1-y7 loc-x2-y7), cost: 1
    pre: (at-robot loc-x1-y7 0-17-17)
    add: (at-robot loc-x2-y7 0-27-27)
    del: (at-robot loc-x1-y7 0-17-17)
  (move loc-x1-y8 loc-x0-y8), cost: 1
    pre: (at-robot loc-x1-y8 0-18-18)
    add: (at-robot loc-x0-y8 0-8-8)
    del: (at-robot loc-x1-y8 0-18-18)
  (move loc-x1-y8 loc-x1-y7), cost: 1
    pre: (at-robot loc-x1-y8 0-18-18)
    add: (at-robot loc-x1-y7 0-17-17)
    del: (at-robot loc-x1-y8 0-18-18)
  (move loc-x1-y8 loc-x1-y9), cost: 1
    pre: (at-robot loc-x1-y8 0-18-18)
    add: (at-robot loc-x1-y9 0-19-19)
    del: (at-robot loc-x1-y8 0-18-18)
  (move loc-x1-y8 loc-x2-y8), cost: 1
    pre: (at-robot loc-x1-y8 0-18-18)
    add: (at-robot loc-x2-y8 0-28-28) (visited loc-x2-y8 15-0-128)
    del: (at-robot loc-x1-y8 0-18-18) (none-of-those 15-1-129)
  (move loc-x1-y9 loc-x0-y9), cost: 1
    pre: (at-robot loc-x1-y9 0-19-19)
    add: (at-robot loc-x0-y9 0-9-9) (visited loc-x0-y9 5-0-108)
    del: (at-robot loc-x1-y9 0-19-19) (none-of-those 5-1-109)
  (move loc-x1-y9 loc-x1-y8), cost: 1
    pre: (at-robot loc-x1-y9 0-19-19)
    add: (at-robot loc-x1-y8 0-18-18) (visited loc-x1-y8 9-0-116)
    del: (at-robot loc-x1-y9 0-19-19) (none-of-those 9-1-117)
  (move loc-x1-y9 loc-x2-y9), cost: 1
    pre: (at-robot loc-x1-y9 0-19-19)
    add: (at-robot loc-x2-y9 0-29-29) (visited loc-x2-y9 16-0-130)
    del: (at-robot loc-x1-y9 0-19-19) (none-of-those 16-1-131)
  (move loc-x2-y0 loc-x1-y0), cost: 1
    pre: (at-robot loc-x2-y0 0-20-20)
    add: (at-robot loc-x1-y0 0-10-10) (visited loc-x1-y0 6-0-110)
    del: (at-robot loc-x2-y0 0-20-20) (none-of-those 6-1-111)
  (move loc-x2-y0 loc-x2-y1), cost: 1
    pre: (at-robot loc-x2-y0 0-20-20)
    add: (at-robot loc-x2-y1 0-21-21) (visited loc-x2-y1 11-0-120)
    del: (at-robot loc-x2-y0 0-20-20) (none-of-those 11-1-121)
  (move loc-x2-y0 loc-x3-y0), cost: 1
    pre: (at-robot loc-x2-y0 0-20-20)
    add: (at-robot loc-x3-y0 0-30-30) (visited loc-x3-y0 17-0-132)
    del: (at-robot loc-x2-y0 0-20-20) (none-of-those 17-1-133)
  (move loc-x2-y1 loc-x1-y1), cost: 1
    pre: (at-robot loc-x2-y1 0-21-21)
    add: (at-robot loc-x1-y1 0-11-11) (visited loc-x1-y1 7-0-112)
    del: (at-robot loc-x2-y1 0-21-21) (none-of-those 7-1-113)
  (move loc-x2-y1 loc-x2-y0), cost: 1
    pre: (at-robot loc-x2-y1 0-21-21)
    add: (at-robot loc-x2-y0 0-20-20) (visited loc-x2-y0 10-0-118)
    del: (at-robot loc-x2-y1 0-21-21) (none-of-those 10-1-119)
  (move loc-x2-y1 loc-x2-y2), cost: 1
    pre: (at-robot loc-x2-y1 0-21-21)
    add: (at-robot loc-x2-y2 0-22-22) (visited loc-x2-y2 12-0-122)
    del: (at-robot loc-x2-y1 0-21-21) (none-of-those 12-1-123)
  (move loc-x2-y1 loc-x3-y1), cost: 1
    pre: (at-robot loc-x2-y1 0-21-21)
    add: (at-robot loc-x3-y1 0-31-31) (visited loc-x3-y1 18-0-134)
    del: (at-robot loc-x2-y1 0-21-21) (none-of-those 18-1-135)
  (move loc-x2-y2 loc-x1-y2), cost: 1
    pre: (at-robot loc-x2-y2 0-22-22)
    add: (at-robot loc-x1-y2 0-12-12) (visited loc-x1-y2 8-0-114)
    del: (at-robot loc-x2-y2 0-22-22) (none-of-those 8-1-115)
  (move loc-x2-y2 loc-x2-y1), cost: 1
    pre: (at-robot loc-x2-y2 0-22-22)
    add: (at-robot loc-x2-y1 0-21-21) (visited loc-x2-y1 11-0-120)
    del: (at-robot loc-x2-y2 0-22-22) (none-of-those 11-1-121)
  (move loc-x2-y2 loc-x2-y3), cost: 1
    pre: (at-robot loc-x2-y2 0-22-22)
    add: (at-robot loc-x2-y3 0-23-23) (visited loc-x2-y3 13-0-124)
    del: (at-robot loc-x2-y2 0-22-22) (none-of-those 13-1-125)
  (move loc-x2-y2 loc-x3-y2), cost: 1
    pre: (at-robot loc-x2-y2 0-22-22)
    add: (at-robot loc-x3-y2 0-32-32) (visited loc-x3-y2 19-0-136)
    del: (at-robot loc-x2-y2 0-22-22) (none-of-those 19-1-137)
  (move loc-x2-y3 loc-x1-y3), cost: 1
    pre: (at-robot loc-x2-y3 0-23-23)
    add: (at-robot loc-x1-y3 0-13-13)
    del: (at-robot loc-x2-y3 0-23-23)
  (move loc-x2-y3 loc-x2-y2), cost: 1
    pre: (at-robot loc-x2-y3 0-23-23)
    add: (at-robot loc-x2-y2 0-22-22) (visited loc-x2-y2 12-0-122)
    del: (at-robot loc-x2-y3 0-23-23) (none-of-those 12-1-123)
  (move loc-x2-y3 loc-x2-y4), cost: 1
    pre: (at-robot loc-x2-y3 0-23-23)
    add: (at-robot loc-x2-y4 0-24-24) (visited loc-x2-y4 14-0-126)
    del: (at-robot loc-x2-y3 0-23-23) (none-of-those 14-1-127)
  (move loc-x2-y3 loc-x3-y3), cost: 1
    pre: (at-robot loc-x2-y3 0-23-23)
    add: (at-robot loc-x3-y3 0-33-33) (visited loc-x3-y3 20-0-138)
    del: (at-robot loc-x2-y3 0-23-23) (none-of-those 20-1-139)
  (move loc-x2-y4 loc-x1-y4), cost: 1
    pre: (at-robot loc-x2-y4 0-24-24)
    add: (at-robot loc-x1-y4 0-14-14)
    del: (at-robot loc-x2-y4 0-24-24)
  (move loc-x2-y4 loc-x2-y3), cost: 1
    pre: (at-robot loc-x2-y4 0-24-24)
    add: (at-robot loc-x2-y3 0-23-23) (visited loc-x2-y3 13-0-124)
    del: (at-robot loc-x2-y4 0-24-24) (none-of-those 13-1-125)
  (move loc-x2-y4 loc-x2-y5), cost: 1
    pre: (at-robot loc-x2-y4 0-24-24)
    add: (at-robot loc-x2-y5 0-25-25)
    del: (at-robot loc-x2-y4 0-24-24)
  (move loc-x2-y4 loc-x3-y4), cost: 1
    pre: (at-robot loc-x2-y4 0-24-24)
    add: (at-robot loc-x3-y4 0-34-34)
    del: (at-robot loc-x2-y4 0-24-24)
  (move loc-x2-y5 loc-x1-y5), cost: 1
    pre: (at-robot loc-x2-y5 0-25-25)
    add: (at-robot loc-x1-y5 0-15-15)
    del: (at-robot loc-x2-y5 0-25-25)
  (move loc-x2-y5 loc-x2-y4), cost: 1
    pre: (at-robot loc-x2-y5 0-25-25)
    add: (at-robot loc-x2-y4 0-24-24) (visited loc-x2-y4 14-0-126)
    del: (at-robot loc-x2-y5 0-25-25) (none-of-those 14-1-127)
  (move loc-x2-y5 loc-x2-y6), cost: 1
    pre: (at-robot loc-x2-y5 0-25-25)
    add: (at-robot loc-x2-y6 0-26-26)
    del: (at-robot loc-x2-y5 0-25-25)
  (move loc-x2-y5 loc-x3-y5), cost: 1
    pre: (at-robot loc-x2-y5 0-25-25)
    add: (at-robot loc-x3-y5 0-35-35) (visited loc-x3-y5 21-0-140)
    del: (at-robot loc-x2-y5 0-25-25) (none-of-those 21-1-141)
  (move loc-x2-y6 loc-x1-y6), cost: 1
    pre: (at-robot loc-x2-y6 0-26-26)
    add: (at-robot loc-x1-y6 0-16-16)
    del: (at-robot loc-x2-y6 0-26-26)
  (move loc-x2-y6 loc-x2-y5), cost: 1
    pre: (at-robot loc-x2-y6 0-26-26)
    add: (at-robot loc-x2-y5 0-25-25)
    del: (at-robot loc-x2-y6 0-26-26)
  (move loc-x2-y6 loc-x2-y7), cost: 1
    pre: (at-robot loc-x2-y6 0-26-26)
    add: (at-robot loc-x2-y7 0-27-27)
    del: (at-robot loc-x2-y6 0-26-26)
  (move loc-x2-y6 loc-x3-y6), cost: 1
    pre: (at-robot loc-x2-y6 0-26-26)
    add: (at-robot loc-x3-y6 0-36-36)
    del: (at-robot loc-x2-y6 0-26-26)
  (move loc-x2-y7 loc-x1-y7), cost: 1
    pre: (at-robot loc-x2-y7 0-27-27)
    add: (at-robot loc-x1-y7 0-17-17)
    del: (at-robot loc-x2-y7 0-27-27)
  (move loc-x2-y7 loc-x2-y6), cost: 1
    pre: (at-robot loc-x2-y7 0-27-27)
    add: (at-robot loc-x2-y6 0-26-26)
    del: (at-robot loc-x2-y7 0-27-27)
  (move loc-x2-y7 loc-x2-y8), cost: 1
    pre: (at-robot loc-x2-y7 0-27-27)
    add: (at-robot loc-x2-y8 0-28-28) (visited loc-x2-y8 15-0-128)
    del: (at-robot loc-x2-y7 0-27-27) (none-of-those 15-1-129)
  (move loc-x2-y7 loc-x3-y7), cost: 1
    pre: (at-robot loc-x2-y7 0-27-27)
    add: (at-robot loc-x3-y7 0-37-37) (visited loc-x3-y7 22-0-142)
    del: (at-robot loc-x2-y7 0-27-27) (none-of-those 22-1-143)
  (move loc-x2-y8 loc-x1-y8), cost: 1
    pre: (at-robot loc-x2-y8 0-28-28)
    add: (at-robot loc-x1-y8 0-18-18) (visited loc-x1-y8 9-0-116)
    del: (at-robot loc-x2-y8 0-28-28) (none-of-those 9-1-117)
  (move loc-x2-y8 loc-x2-y7), cost: 1
    pre: (at-robot loc-x2-y8 0-28-28)
    add: (at-robot loc-x2-y7 0-27-27)
    del: (at-robot loc-x2-y8 0-28-28)
  (move loc-x2-y8 loc-x2-y9), cost: 1
    pre: (at-robot loc-x2-y8 0-28-28)
    add: (at-robot loc-x2-y9 0-29-29) (visited loc-x2-y9 16-0-130)
    del: (at-robot loc-x2-y8 0-28-28) (none-of-those 16-1-131)
  (move loc-x2-y8 loc-x3-y8), cost: 1
    pre: (at-robot loc-x2-y8 0-28-28)
    add: (at-robot loc-x3-y8 0-38-38)
    del: (at-robot loc-x2-y8 0-28-28)
  (move loc-x2-y9 loc-x1-y9), cost: 1
    pre: (at-robot loc-x2-y9 0-29-29)
    add: (at-robot loc-x1-y9 0-19-19)
    del: (at-robot loc-x2-y9 0-29-29)
  (move loc-x2-y9 loc-x2-y8), cost: 1
    pre: (at-robot loc-x2-y9 0-29-29)
    add: (at-robot loc-x2-y8 0-28-28) (visited loc-x2-y8 15-0-128)
    del: (at-robot loc-x2-y9 0-29-29) (none-of-those 15-1-129)
  (move loc-x2-y9 loc-x3-y9), cost: 1
    pre: (at-robot loc-x2-y9 0-29-29)
    add: (at-robot loc-x3-y9 0-39-39)
    del: (at-robot loc-x2-y9 0-29-29)
  (move loc-x3-y0 loc-x2-y0), cost: 1
    pre: (at-robot loc-x3-y0 0-30-30)
    add: (at-robot loc-x2-y0 0-20-20) (visited loc-x2-y0 10-0-118)
    del: (at-robot loc-x3-y0 0-30-30) (none-of-those 10-1-119)
  (move loc-x3-y0 loc-x3-y1), cost: 1
    pre: (at-robot loc-x3-y0 0-30-30)
    add: (at-robot loc-x3-y1 0-31-31) (visited loc-x3-y1 18-0-134)
    del: (at-robot loc-x3-y0 0-30-30) (none-of-those 18-1-135)
  (move loc-x3-y0 loc-x4-y0), cost: 1
    pre: (at-robot loc-x3-y0 0-30-30)
    add: (at-robot loc-x4-y0 0-40-40) (visited loc-x4-y0 23-0-144)
    del: (at-robot loc-x3-y0 0-30-30) (none-of-those 23-1-145)
  (move loc-x3-y1 loc-x2-y1), cost: 1
    pre: (at-robot loc-x3-y1 0-31-31)
    add: (at-robot loc-x2-y1 0-21-21) (visited loc-x2-y1 11-0-120)
    del: (at-robot loc-x3-y1 0-31-31) (none-of-those 11-1-121)
  (move loc-x3-y1 loc-x3-y0), cost: 1
    pre: (at-robot loc-x3-y1 0-31-31)
    add: (at-robot loc-x3-y0 0-30-30) (visited loc-x3-y0 17-0-132)
    del: (at-robot loc-x3-y1 0-31-31) (none-of-those 17-1-133)
  (move loc-x3-y1 loc-x3-y2), cost: 1
    pre: (at-robot loc-x3-y1 0-31-31)
    add: (at-robot loc-x3-y2 0-32-32) (visited loc-x3-y2 19-0-136)
    del: (at-robot loc-x3-y1 0-31-31) (none-of-those 19-1-137)
  (move loc-x3-y1 loc-x4-y1), cost: 1
    pre: (at-robot loc-x3-y1 0-31-31)
    add: (at-robot loc-x4-y1 0-41-41) (visited loc-x4-y1 24-0-146)
    del: (at-robot loc-x3-y1 0-31-31) (none-of-those 24-1-147)
  (move loc-x3-y2 loc-x2-y2), cost: 1
    pre: (at-robot loc-x3-y2 0-32-32)
    add: (at-robot loc-x2-y2 0-22-22) (visited loc-x2-y2 12-0-122)
    del: (at-robot loc-x3-y2 0-32-32) (none-of-those 12-1-123)
  (move loc-x3-y2 loc-x3-y1), cost: 1
    pre: (at-robot loc-x3-y2 0-32-32)
    add: (at-robot loc-x3-y1 0-31-31) (visited loc-x3-y1 18-0-134)
    del: (at-robot loc-x3-y2 0-32-32) (none-of-those 18-1-135)
  (move loc-x3-y2 loc-x3-y3), cost: 1
    pre: (at-robot loc-x3-y2 0-32-32)
    add: (at-robot loc-x3-y3 0-33-33) (visited loc-x3-y3 20-0-138)
    del: (at-robot loc-x3-y2 0-32-32) (none-of-those 20-1-139)
  (move loc-x3-y2 loc-x4-y2), cost: 1
    pre: (at-robot loc-x3-y2 0-32-32)
    add: (at-robot loc-x4-y2 0-42-42) (visited loc-x4-y2 25-0-148)
    del: (at-robot loc-x3-y2 0-32-32) (none-of-those 25-1-149)
  (move loc-x3-y3 loc-x2-y3), cost: 1
    pre: (at-robot loc-x3-y3 0-33-33)
    add: (at-robot loc-x2-y3 0-23-23) (visited loc-x2-y3 13-0-124)
    del: (at-robot loc-x3-y3 0-33-33) (none-of-those 13-1-125)
  (move loc-x3-y3 loc-x3-y2), cost: 1
    pre: (at-robot loc-x3-y3 0-33-33)
    add: (at-robot loc-x3-y2 0-32-32) (visited loc-x3-y2 19-0-136)
    del: (at-robot loc-x3-y3 0-33-33) (none-of-those 19-1-137)
  (move loc-x3-y3 loc-x3-y4), cost: 1
    pre: (at-robot loc-x3-y3 0-33-33)
    add: (at-robot loc-x3-y4 0-34-34)
    del: (at-robot loc-x3-y3 0-33-33)
  (move loc-x3-y3 loc-x4-y3), cost: 1
    pre: (at-robot loc-x3-y3 0-33-33)
    add: (at-robot loc-x4-y3 0-43-43)
    del: (at-robot loc-x3-y3 0-33-33)
  (move loc-x3-y4 loc-x2-y4), cost: 1
    pre: (at-robot loc-x3-y4 0-34-34)
    add: (at-robot loc-x2-y4 0-24-24) (visited loc-x2-y4 14-0-126)
    del: (at-robot loc-x3-y4 0-34-34) (none-of-those 14-1-127)
  (move loc-x3-y4 loc-x3-y3), cost: 1
    pre: (at-robot loc-x3-y4 0-34-34)
    add: (at-robot loc-x3-y3 0-33-33) (visited loc-x3-y3 20-0-138)
    del: (at-robot loc-x3-y4 0-34-34) (none-of-those 20-1-139)
  (move loc-x3-y4 loc-x3-y5), cost: 1
    pre: (at-robot loc-x3-y4 0-34-34)
    add: (at-robot loc-x3-y5 0-35-35) (visited loc-x3-y5 21-0-140)
    del: (at-robot loc-x3-y4 0-34-34) (none-of-those 21-1-141)
  (move loc-x3-y4 loc-x4-y4), cost: 1
    pre: (at-robot loc-x3-y4 0-34-34)
    add: (at-robot loc-x4-y4 0-44-44)
    del: (at-robot loc-x3-y4 0-34-34)
  (move loc-x3-y5 loc-x2-y5), cost: 1
    pre: (at-robot loc-x3-y5 0-35-35)
    add: (at-robot loc-x2-y5 0-25-25)
    del: (at-robot loc-x3-y5 0-35-35)
  (move loc-x3-y5 loc-x3-y4), cost: 1
    pre: (at-robot loc-x3-y5 0-35-35)
    add: (at-robot loc-x3-y4 0-34-34)
    del: (at-robot loc-x3-y5 0-35-35)
  (move loc-x3-y5 loc-x3-y6), cost: 1
    pre: (at-robot loc-x3-y5 0-35-35)
    add: (at-robot loc-x3-y6 0-36-36)
    del: (at-robot loc-x3-y5 0-35-35)
  (move loc-x3-y5 loc-x4-y5), cost: 1
    pre: (at-robot loc-x3-y5 0-35-35)
    add: (at-robot loc-x4-y5 0-45-45) (visited loc-x4-y5 26-0-150)
    del: (at-robot loc-x3-y5 0-35-35) (none-of-those 26-1-151)
  (move loc-x3-y6 loc-x2-y6), cost: 1
    pre: (at-robot loc-x3-y6 0-36-36)
    add: (at-robot loc-x2-y6 0-26-26)
    del: (at-robot loc-x3-y6 0-36-36)
  (move loc-x3-y6 loc-x3-y5), cost: 1
    pre: (at-robot loc-x3-y6 0-36-36)
    add: (at-robot loc-x3-y5 0-35-35) (visited loc-x3-y5 21-0-140)
    del: (at-robot loc-x3-y6 0-36-36) (none-of-those 21-1-141)
  (move loc-x3-y6 loc-x3-y7), cost: 1
    pre: (at-robot loc-x3-y6 0-36-36)
    add: (at-robot loc-x3-y7 0-37-37) (visited loc-x3-y7 22-0-142)
    del: (at-robot loc-x3-y6 0-36-36) (none-of-those 22-1-143)
  (move loc-x3-y6 loc-x4-y6), cost: 1
    pre: (at-robot loc-x3-y6 0-36-36)
    add: (at-robot loc-x4-y6 0-46-46)
    del: (at-robot loc-x3-y6 0-36-36)
  (move loc-x3-y7 loc-x2-y7), cost: 1
    pre: (at-robot loc-x3-y7 0-37-37)
    add: (at-robot loc-x2-y7 0-27-27)
    del: (at-robot loc-x3-y7 0-37-37)
  (move loc-x3-y7 loc-x3-y6), cost: 1
    pre: (at-robot loc-x3-y7 0-37-37)
    add: (at-robot loc-x3-y6 0-36-36)
    del: (at-robot loc-x3-y7 0-37-37)
  (move loc-x3-y7 loc-x3-y8), cost: 1
    pre: (at-robot loc-x3-y7 0-37-37)
    add: (at-robot loc-x3-y8 0-38-38)
    del: (at-robot loc-x3-y7 0-37-37)
  (move loc-x3-y7 loc-x4-y7), cost: 1
    pre: (at-robot loc-x3-y7 0-37-37)
    add: (at-robot loc-x4-y7 0-47-47)
    del: (at-robot loc-x3-y7 0-37-37)
  (move loc-x3-y8 loc-x2-y8), cost: 1
    pre: (at-robot loc-x3-y8 0-38-38)
    add: (at-robot loc-x2-y8 0-28-28) (visited loc-x2-y8 15-0-128)
    del: (at-robot loc-x3-y8 0-38-38) (none-of-those 15-1-129)
  (move loc-x3-y8 loc-x3-y7), cost: 1
    pre: (at-robot loc-x3-y8 0-38-38)
    add: (at-robot loc-x3-y7 0-37-37) (visited loc-x3-y7 22-0-142)
    del: (at-robot loc-x3-y8 0-38-38) (none-of-those 22-1-143)
  (move loc-x3-y8 loc-x3-y9), cost: 1
    pre: (at-robot loc-x3-y8 0-38-38)
    add: (at-robot loc-x3-y9 0-39-39)
    del: (at-robot loc-x3-y8 0-38-38)
  (move loc-x3-y8 loc-x4-y8), cost: 1
    pre: (at-robot loc-x3-y8 0-38-38)
    add: (at-robot loc-x4-y8 0-48-48) (visited loc-x4-y8 27-0-152)
    del: (at-robot loc-x3-y8 0-38-38) (none-of-those 27-1-153)
  (move loc-x3-y9 loc-x2-y9), cost: 1
    pre: (at-robot loc-x3-y9 0-39-39)
    add: (at-robot loc-x2-y9 0-29-29) (visited loc-x2-y9 16-0-130)
    del: (at-robot loc-x3-y9 0-39-39) (none-of-those 16-1-131)
  (move loc-x3-y9 loc-x3-y8), cost: 1
    pre: (at-robot loc-x3-y9 0-39-39)
    add: (at-robot loc-x3-y8 0-38-38)
    del: (at-robot loc-x3-y9 0-39-39)
  (move loc-x3-y9 loc-x4-y9), cost: 1
    pre: (at-robot loc-x3-y9 0-39-39)
    add: (at-robot loc-x4-y9 0-49-49) (visited loc-x4-y9 28-0-154)
    del: (at-robot loc-x3-y9 0-39-39) (none-of-those 28-1-155)
  (move loc-x4-y0 loc-x3-y0), cost: 1
    pre: (at-robot loc-x4-y0 0-40-40)
    add: (at-robot loc-x3-y0 0-30-30) (visited loc-x3-y0 17-0-132)
    del: (at-robot loc-x4-y0 0-40-40) (none-of-those 17-1-133)
  (move loc-x4-y0 loc-x4-y1), cost: 1
    pre: (at-robot loc-x4-y0 0-40-40)
    add: (at-robot loc-x4-y1 0-41-41) (visited loc-x4-y1 24-0-146)
    del: (at-robot loc-x4-y0 0-40-40) (none-of-those 24-1-147)
  (move loc-x4-y0 loc-x5-y0), cost: 1
    pre: (at-robot loc-x4-y0 0-40-40)
    add: (at-robot loc-x5-y0 0-50-50)
    del: (at-robot loc-x4-y0 0-40-40)
  (move loc-x4-y1 loc-x3-y1), cost: 1
    pre: (at-robot loc-x4-y1 0-41-41)
    add: (at-robot loc-x3-y1 0-31-31) (visited loc-x3-y1 18-0-134)
    del: (at-robot loc-x4-y1 0-41-41) (none-of-those 18-1-135)
  (move loc-x4-y1 loc-x4-y0), cost: 1
    pre: (at-robot loc-x4-y1 0-41-41)
    add: (at-robot loc-x4-y0 0-40-40) (visited loc-x4-y0 23-0-144)
    del: (at-robot loc-x4-y1 0-41-41) (none-of-those 23-1-145)
  (move loc-x4-y1 loc-x4-y2), cost: 1
    pre: (at-robot loc-x4-y1 0-41-41)
    add: (at-robot loc-x4-y2 0-42-42) (visited loc-x4-y2 25-0-148)
    del: (at-robot loc-x4-y1 0-41-41) (none-of-those 25-1-149)
  (move loc-x4-y1 loc-x5-y1), cost: 1
    pre: (at-robot loc-x4-y1 0-41-41)
    add: (at-robot loc-x5-y1 0-51-51)
    del: (at-robot loc-x4-y1 0-41-41)
  (move loc-x4-y2 loc-x3-y2), cost: 1
    pre: (at-robot loc-x4-y2 0-42-42)
    add: (at-robot loc-x3-y2 0-32-32) (visited loc-x3-y2 19-0-136)
    del: (at-robot loc-x4-y2 0-42-42) (none-of-those 19-1-137)
  (move loc-x4-y2 loc-x4-y1), cost: 1
    pre: (at-robot loc-x4-y2 0-42-42)
    add: (at-robot loc-x4-y1 0-41-41) (visited loc-x4-y1 24-0-146)
    del: (at-robot loc-x4-y2 0-42-42) (none-of-those 24-1-147)
  (move loc-x4-y2 loc-x4-y3), cost: 1
    pre: (at-robot loc-x4-y2 0-42-42)
    add: (at-robot loc-x4-y3 0-43-43)
    del: (at-robot loc-x4-y2 0-42-42)
  (move loc-x4-y2 loc-x5-y2), cost: 1
    pre: (at-robot loc-x4-y2 0-42-42)
    add: (at-robot loc-x5-y2 0-52-52)
    del: (at-robot loc-x4-y2 0-42-42)
  (move loc-x4-y3 loc-x3-y3), cost: 1
    pre: (at-robot loc-x4-y3 0-43-43)
    add: (at-robot loc-x3-y3 0-33-33) (visited loc-x3-y3 20-0-138)
    del: (at-robot loc-x4-y3 0-43-43) (none-of-those 20-1-139)
  (move loc-x4-y3 loc-x4-y2), cost: 1
    pre: (at-robot loc-x4-y3 0-43-43)
    add: (at-robot loc-x4-y2 0-42-42) (visited loc-x4-y2 25-0-148)
    del: (at-robot loc-x4-y3 0-43-43) (none-of-those 25-1-149)
  (move loc-x4-y3 loc-x4-y4), cost: 1
    pre: (at-robot loc-x4-y3 0-43-43)
    add: (at-robot loc-x4-y4 0-44-44)
    del: (at-robot loc-x4-y3 0-43-43)
  (move loc-x4-y3 loc-x5-y3), cost: 1
    pre: (at-robot loc-x4-y3 0-43-43)
    add: (at-robot loc-x5-y3 0-53-53)
    del: (at-robot loc-x4-y3 0-43-43)
  (move loc-x4-y4 loc-x3-y4), cost: 1
    pre: (at-robot loc-x4-y4 0-44-44)
    add: (at-robot loc-x3-y4 0-34-34)
    del: (at-robot loc-x4-y4 0-44-44)
  (move loc-x4-y4 loc-x4-y3), cost: 1
    pre: (at-robot loc-x4-y4 0-44-44)
    add: (at-robot loc-x4-y3 0-43-43)
    del: (at-robot loc-x4-y4 0-44-44)
  (move loc-x4-y4 loc-x4-y5), cost: 1
    pre: (at-robot loc-x4-y4 0-44-44)
    add: (at-robot loc-x4-y5 0-45-45) (visited loc-x4-y5 26-0-150)
    del: (at-robot loc-x4-y4 0-44-44) (none-of-those 26-1-151)
  (move loc-x4-y4 loc-x5-y4), cost: 1
    pre: (at-robot loc-x4-y4 0-44-44)
    add: (at-robot loc-x5-y4 0-54-54)
    del: (at-robot loc-x4-y4 0-44-44)
  (move loc-x4-y5 loc-x3-y5), cost: 1
    pre: (at-robot loc-x4-y5 0-45-45)
    add: (at-robot loc-x3-y5 0-35-35) (visited loc-x3-y5 21-0-140)
    del: (at-robot loc-x4-y5 0-45-45) (none-of-those 21-1-141)
  (move loc-x4-y5 loc-x4-y4), cost: 1
    pre: (at-robot loc-x4-y5 0-45-45)
    add: (at-robot loc-x4-y4 0-44-44)
    del: (at-robot loc-x4-y5 0-45-45)
  (move loc-x4-y5 loc-x4-y6), cost: 1
    pre: (at-robot loc-x4-y5 0-45-45)
    add: (at-robot loc-x4-y6 0-46-46)
    del: (at-robot loc-x4-y5 0-45-45)
  (move loc-x4-y5 loc-x5-y5), cost: 1
    pre: (at-robot loc-x4-y5 0-45-45)
    add: (at-robot loc-x5-y5 0-55-55)
    del: (at-robot loc-x4-y5 0-45-45)
  (move loc-x4-y6 loc-x3-y6), cost: 1
    pre: (at-robot loc-x4-y6 0-46-46)
    add: (at-robot loc-x3-y6 0-36-36)
    del: (at-robot loc-x4-y6 0-46-46)
  (move loc-x4-y6 loc-x4-y5), cost: 1
    pre: (at-robot loc-x4-y6 0-46-46)
    add: (at-robot loc-x4-y5 0-45-45) (visited loc-x4-y5 26-0-150)
    del: (at-robot loc-x4-y6 0-46-46) (none-of-those 26-1-151)
  (move loc-x4-y6 loc-x4-y7), cost: 1
    pre: (at-robot loc-x4-y6 0-46-46)
    add: (at-robot loc-x4-y7 0-47-47)
    del: (at-robot loc-x4-y6 0-46-46)
  (move loc-x4-y6 loc-x5-y6), cost: 1
    pre: (at-robot loc-x4-y6 0-46-46)
    add: (at-robot loc-x5-y6 0-56-56) (visited loc-x5-y6 29-0-156)
    del: (at-robot loc-x4-y6 0-46-46) (none-of-those 29-1-157)
  (move loc-x4-y7 loc-x3-y7), cost: 1
    pre: (at-robot loc-x4-y7 0-47-47)
    add: (at-robot loc-x3-y7 0-37-37) (visited loc-x3-y7 22-0-142)
    del: (at-robot loc-x4-y7 0-47-47) (none-of-those 22-1-143)
  (move loc-x4-y7 loc-x4-y6), cost: 1
    pre: (at-robot loc-x4-y7 0-47-47)
    add: (at-robot loc-x4-y6 0-46-46)
    del: (at-robot loc-x4-y7 0-47-47)
  (move loc-x4-y7 loc-x4-y8), cost: 1
    pre: (at-robot loc-x4-y7 0-47-47)
    add: (at-robot loc-x4-y8 0-48-48) (visited loc-x4-y8 27-0-152)
    del: (at-robot loc-x4-y7 0-47-47) (none-of-those 27-1-153)
  (move loc-x4-y7 loc-x5-y7), cost: 1
    pre: (at-robot loc-x4-y7 0-47-47)
    add: (at-robot loc-x5-y7 0-57-57)
    del: (at-robot loc-x4-y7 0-47-47)
  (move loc-x4-y8 loc-x3-y8), cost: 1
    pre: (at-robot loc-x4-y8 0-48-48)
    add: (at-robot loc-x3-y8 0-38-38)
    del: (at-robot loc-x4-y8 0-48-48)
  (move loc-x4-y8 loc-x4-y7), cost: 1
    pre: (at-robot loc-x4-y8 0-48-48)
    add: (at-robot loc-x4-y7 0-47-47)
    del: (at-robot loc-x4-y8 0-48-48)
  (move loc-x4-y8 loc-x4-y9), cost: 1
    pre: (at-robot loc-x4-y8 0-48-48)
    add: (at-robot loc-x4-y9 0-49-49) (visited loc-x4-y9 28-0-154)
    del: (at-robot loc-x4-y8 0-48-48) (none-of-those 28-1-155)
  (move loc-x4-y8 loc-x5-y8), cost: 1
    pre: (at-robot loc-x4-y8 0-48-48)
    add: (at-robot loc-x5-y8 0-58-58) (visited loc-x5-y8 30-0-158)
    del: (at-robot loc-x4-y8 0-48-48) (none-of-those 30-1-159)
  (move loc-x4-y9 loc-x3-y9), cost: 1
    pre: (at-robot loc-x4-y9 0-49-49)
    add: (at-robot loc-x3-y9 0-39-39)
    del: (at-robot loc-x4-y9 0-49-49)
  (move loc-x4-y9 loc-x4-y8), cost: 1
    pre: (at-robot loc-x4-y9 0-49-49)
    add: (at-robot loc-x4-y8 0-48-48) (visited loc-x4-y8 27-0-152)
    del: (at-robot loc-x4-y9 0-49-49) (none-of-those 27-1-153)
  (move loc-x4-y9 loc-x5-y9), cost: 1
    pre: (at-robot loc-x4-y9 0-49-49)
    add: (at-robot loc-x5-y9 0-59-59) (visited loc-x5-y9 31-0-160)
    del: (at-robot loc-x4-y9 0-49-49) (none-of-those 31-1-161)
  (move loc-x5-y0 loc-x4-y0), cost: 1
    pre: (at-robot loc-x5-y0 0-50-50)
    add: (at-robot loc-x4-y0 0-40-40) (visited loc-x4-y0 23-0-144)
    del: (at-robot loc-x5-y0 0-50-50) (none-of-those 23-1-145)
  (move loc-x5-y0 loc-x5-y1), cost: 1
    pre: (at-robot loc-x5-y0 0-50-50)
    add: (at-robot loc-x5-y1 0-51-51)
    del: (at-robot loc-x5-y0 0-50-50)
  (move loc-x5-y0 loc-x6-y0), cost: 1
    pre: (at-robot loc-x5-y0 0-50-50)
    add: (at-robot loc-x6-y0 0-60-60)
    del: (at-robot loc-x5-y0 0-50-50)
  (move loc-x5-y1 loc-x4-y1), cost: 1
    pre: (at-robot loc-x5-y1 0-51-51)
    add: (at-robot loc-x4-y1 0-41-41) (visited loc-x4-y1 24-0-146)
    del: (at-robot loc-x5-y1 0-51-51) (none-of-those 24-1-147)
  (move loc-x5-y1 loc-x5-y0), cost: 1
    pre: (at-robot loc-x5-y1 0-51-51)
    add: (at-robot loc-x5-y0 0-50-50)
    del: (at-robot loc-x5-y1 0-51-51)
  (move loc-x5-y1 loc-x5-y2), cost: 1
    pre: (at-robot loc-x5-y1 0-51-51)
    add: (at-robot loc-x5-y2 0-52-52)
    del: (at-robot loc-x5-y1 0-51-51)
  (move loc-x5-y1 loc-x6-y1), cost: 1
    pre: (at-robot loc-x5-y1 0-51-51)
    add: (at-robot loc-x6-y1 0-61-61)
    del: (at-robot loc-x5-y1 0-51-51)
  (move loc-x5-y2 loc-x4-y2), cost: 1
    pre: (at-robot loc-x5-y2 0-52-52)
    add: (at-robot loc-x4-y2 0-42-42) (visited loc-x4-y2 25-0-148)
    del: (at-robot loc-x5-y2 0-52-52) (none-of-those 25-1-149)
  (move loc-x5-y2 loc-x5-y1), cost: 1
    pre: (at-robot loc-x5-y2 0-52-52)
    add: (at-robot loc-x5-y1 0-51-51)
    del: (at-robot loc-x5-y2 0-52-52)
  (move loc-x5-y2 loc-x5-y3), cost: 1
    pre: (at-robot loc-x5-y2 0-52-52)
    add: (at-robot loc-x5-y3 0-53-53)
    del: (at-robot loc-x5-y2 0-52-52)
  (move loc-x5-y2 loc-x6-y2), cost: 1
    pre: (at-robot loc-x5-y2 0-52-52)
    add: (at-robot loc-x6-y2 0-62-62)
    del: (at-robot loc-x5-y2 0-52-52)
  (move loc-x5-y3 loc-x4-y3), cost: 1
    pre: (at-robot loc-x5-y3 0-53-53)
    add: (at-robot loc-x4-y3 0-43-43)
    del: (at-robot loc-x5-y3 0-53-53)
  (move loc-x5-y3 loc-x5-y2), cost: 1
    pre: (at-robot loc-x5-y3 0-53-53)
    add: (at-robot loc-x5-y2 0-52-52)
    del: (at-robot loc-x5-y3 0-53-53)
  (move loc-x5-y3 loc-x5-y4), cost: 1
    pre: (at-robot loc-x5-y3 0-53-53)
    add: (at-robot loc-x5-y4 0-54-54)
    del: (at-robot loc-x5-y3 0-53-53)
  (move loc-x5-y3 loc-x6-y3), cost: 1
    pre: (at-robot loc-x5-y3 0-53-53)
    add: (at-robot loc-x6-y3 0-63-63)
    del: (at-robot loc-x5-y3 0-53-53)
  (move loc-x5-y4 loc-x4-y4), cost: 1
    pre: (at-robot loc-x5-y4 0-54-54)
    add: (at-robot loc-x4-y4 0-44-44)
    del: (at-robot loc-x5-y4 0-54-54)
  (move loc-x5-y4 loc-x5-y3), cost: 1
    pre: (at-robot loc-x5-y4 0-54-54)
    add: (at-robot loc-x5-y3 0-53-53)
    del: (at-robot loc-x5-y4 0-54-54)
  (move loc-x5-y4 loc-x5-y5), cost: 1
    pre: (at-robot loc-x5-y4 0-54-54)
    add: (at-robot loc-x5-y5 0-55-55)
    del: (at-robot loc-x5-y4 0-54-54)
  (move loc-x5-y4 loc-x6-y4), cost: 1
    pre: (at-robot loc-x5-y4 0-54-54)
    add: (at-robot loc-x6-y4 0-64-64)
    del: (at-robot loc-x5-y4 0-54-54)
  (move loc-x5-y5 loc-x4-y5), cost: 1
    pre: (at-robot loc-x5-y5 0-55-55)
    add: (at-robot loc-x4-y5 0-45-45) (visited loc-x4-y5 26-0-150)
    del: (at-robot loc-x5-y5 0-55-55) (none-of-those 26-1-151)
  (move loc-x5-y5 loc-x5-y4), cost: 1
    pre: (at-robot loc-x5-y5 0-55-55)
    add: (at-robot loc-x5-y4 0-54-54)
    del: (at-robot loc-x5-y5 0-55-55)
  (move loc-x5-y5 loc-x5-y6), cost: 1
    pre: (at-robot loc-x5-y5 0-55-55)
    add: (at-robot loc-x5-y6 0-56-56) (visited loc-x5-y6 29-0-156)
    del: (at-robot loc-x5-y5 0-55-55) (none-of-those 29-1-157)
  (move loc-x5-y5 loc-x6-y5), cost: 1
    pre: (at-robot loc-x5-y5 0-55-55)
    add: (at-robot loc-x6-y5 0-65-65) (visited loc-x6-y5 32-0-162)
    del: (at-robot loc-x5-y5 0-55-55) (none-of-those 32-1-163)
  (move loc-x5-y6 loc-x4-y6), cost: 1
    pre: (at-robot loc-x5-y6 0-56-56)
    add: (at-robot loc-x4-y6 0-46-46)
    del: (at-robot loc-x5-y6 0-56-56)
  (move loc-x5-y6 loc-x5-y5), cost: 1
    pre: (at-robot loc-x5-y6 0-56-56)
    add: (at-robot loc-x5-y5 0-55-55)
    del: (at-robot loc-x5-y6 0-56-56)
  (move loc-x5-y6 loc-x5-y7), cost: 1
    pre: (at-robot loc-x5-y6 0-56-56)
    add: (at-robot loc-x5-y7 0-57-57)
    del: (at-robot loc-x5-y6 0-56-56)
  (move loc-x5-y6 loc-x6-y6), cost: 1
    pre: (at-robot loc-x5-y6 0-56-56)
    add: (at-robot loc-x6-y6 0-66-66) (visited loc-x6-y6 33-0-164)
    del: (at-robot loc-x5-y6 0-56-56) (none-of-those 33-1-165)
  (move loc-x5-y7 loc-x4-y7), cost: 1
    pre: (at-robot loc-x5-y7 0-57-57)
    add: (at-robot loc-x4-y7 0-47-47)
    del: (at-robot loc-x5-y7 0-57-57)
  (move loc-x5-y7 loc-x5-y6), cost: 1
    pre: (at-robot loc-x5-y7 0-57-57)
    add: (at-robot loc-x5-y6 0-56-56) (visited loc-x5-y6 29-0-156)
    del: (at-robot loc-x5-y7 0-57-57) (none-of-those 29-1-157)
  (move loc-x5-y7 loc-x5-y8), cost: 1
    pre: (at-robot loc-x5-y7 0-57-57)
    add: (at-robot loc-x5-y8 0-58-58) (visited loc-x5-y8 30-0-158)
    del: (at-robot loc-x5-y7 0-57-57) (none-of-those 30-1-159)
  (move loc-x5-y7 loc-x6-y7), cost: 1
    pre: (at-robot loc-x5-y7 0-57-57)
    add: (at-robot loc-x6-y7 0-67-67) (visited loc-x6-y7 34-0-166)
    del: (at-robot loc-x5-y7 0-57-57) (none-of-those 34-1-167)
  (move loc-x5-y8 loc-x4-y8), cost: 1
    pre: (at-robot loc-x5-y8 0-58-58)
    add: (at-robot loc-x4-y8 0-48-48) (visited loc-x4-y8 27-0-152)
    del: (at-robot loc-x5-y8 0-58-58) (none-of-those 27-1-153)
  (move loc-x5-y8 loc-x5-y7), cost: 1
    pre: (at-robot loc-x5-y8 0-58-58)
    add: (at-robot loc-x5-y7 0-57-57)
    del: (at-robot loc-x5-y8 0-58-58)
  (move loc-x5-y8 loc-x5-y9), cost: 1
    pre: (at-robot loc-x5-y8 0-58-58)
    add: (at-robot loc-x5-y9 0-59-59) (visited loc-x5-y9 31-0-160)
    del: (at-robot loc-x5-y8 0-58-58) (none-of-those 31-1-161)
  (move loc-x5-y8 loc-x6-y8), cost: 1
    pre: (at-robot loc-x5-y8 0-58-58)
    add: (at-robot loc-x6-y8 0-68-68) (visited loc-x6-y8 35-0-168)
    del: (at-robot loc-x5-y8 0-58-58) (none-of-those 35-1-169)
  (move loc-x5-y9 loc-x4-y9), cost: 1
    pre: (at-robot loc-x5-y9 0-59-59)
    add: (at-robot loc-x4-y9 0-49-49) (visited loc-x4-y9 28-0-154)
    del: (at-robot loc-x5-y9 0-59-59) (none-of-those 28-1-155)
  (move loc-x5-y9 loc-x5-y8), cost: 1
    pre: (at-robot loc-x5-y9 0-59-59)
    add: (at-robot loc-x5-y8 0-58-58) (visited loc-x5-y8 30-0-158)
    del: (at-robot loc-x5-y9 0-59-59) (none-of-those 30-1-159)
  (move loc-x5-y9 loc-x6-y9), cost: 1
    pre: (at-robot loc-x5-y9 0-59-59)
    add: (at-robot loc-x6-y9 0-69-69) (visited loc-x6-y9 36-0-170)
    del: (at-robot loc-x5-y9 0-59-59) (none-of-those 36-1-171)
  (move loc-x6-y0 loc-x5-y0), cost: 1
    pre: (at-robot loc-x6-y0 0-60-60)
    add: (at-robot loc-x5-y0 0-50-50)
    del: (at-robot loc-x6-y0 0-60-60)
  (move loc-x6-y0 loc-x6-y1), cost: 1
    pre: (at-robot loc-x6-y0 0-60-60)
    add: (at-robot loc-x6-y1 0-61-61)
    del: (at-robot loc-x6-y0 0-60-60)
  (move loc-x6-y0 loc-x7-y0), cost: 1
    pre: (at-robot loc-x6-y0 0-60-60)
    add: (at-robot loc-x7-y0 0-70-70)
    del: (at-robot loc-x6-y0 0-60-60)
  (move loc-x6-y1 loc-x5-y1), cost: 1
    pre: (at-robot loc-x6-y1 0-61-61)
    add: (at-robot loc-x5-y1 0-51-51)
    del: (at-robot loc-x6-y1 0-61-61)
  (move loc-x6-y1 loc-x6-y0), cost: 1
    pre: (at-robot loc-x6-y1 0-61-61)
    add: (at-robot loc-x6-y0 0-60-60)
    del: (at-robot loc-x6-y1 0-61-61)
  (move loc-x6-y1 loc-x6-y2), cost: 1
    pre: (at-robot loc-x6-y1 0-61-61)
    add: (at-robot loc-x6-y2 0-62-62)
    del: (at-robot loc-x6-y1 0-61-61)
  (move loc-x6-y1 loc-x7-y1), cost: 1
    pre: (at-robot loc-x6-y1 0-61-61)
    add: (at-robot loc-x7-y1 0-71-71)
    del: (at-robot loc-x6-y1 0-61-61)
  (move loc-x6-y2 loc-x5-y2), cost: 1
    pre: (at-robot loc-x6-y2 0-62-62)
    add: (at-robot loc-x5-y2 0-52-52)
    del: (at-robot loc-x6-y2 0-62-62)
  (move loc-x6-y2 loc-x6-y1), cost: 1
    pre: (at-robot loc-x6-y2 0-62-62)
    add: (at-robot loc-x6-y1 0-61-61)
    del: (at-robot loc-x6-y2 0-62-62)
  (move loc-x6-y2 loc-x6-y3), cost: 1
    pre: (at-robot loc-x6-y2 0-62-62)
    add: (at-robot loc-x6-y3 0-63-63)
    del: (at-robot loc-x6-y2 0-62-62)
  (move loc-x6-y2 loc-x7-y2), cost: 1
    pre: (at-robot loc-x6-y2 0-62-62)
    add: (at-robot loc-x7-y2 0-72-72) (visited loc-x7-y2 37-0-172)
    del: (at-robot loc-x6-y2 0-62-62) (none-of-those 37-1-173)
  (move loc-x6-y3 loc-x5-y3), cost: 1
    pre: (at-robot loc-x6-y3 0-63-63)
    add: (at-robot loc-x5-y3 0-53-53)
    del: (at-robot loc-x6-y3 0-63-63)
  (move loc-x6-y3 loc-x6-y2), cost: 1
    pre: (at-robot loc-x6-y3 0-63-63)
    add: (at-robot loc-x6-y2 0-62-62)
    del: (at-robot loc-x6-y3 0-63-63)
  (move loc-x6-y3 loc-x6-y4), cost: 1
    pre: (at-robot loc-x6-y3 0-63-63)
    add: (at-robot loc-x6-y4 0-64-64)
    del: (at-robot loc-x6-y3 0-63-63)
  (move loc-x6-y3 loc-x7-y3), cost: 1
    pre: (at-robot loc-x6-y3 0-63-63)
    add: (at-robot loc-x7-y3 0-73-73)
    del: (at-robot loc-x6-y3 0-63-63)
  (move loc-x6-y4 loc-x5-y4), cost: 1
    pre: (at-robot loc-x6-y4 0-64-64)
    add: (at-robot loc-x5-y4 0-54-54)
    del: (at-robot loc-x6-y4 0-64-64)
  (move loc-x6-y4 loc-x6-y3), cost: 1
    pre: (at-robot loc-x6-y4 0-64-64)
    add: (at-robot loc-x6-y3 0-63-63)
    del: (at-robot loc-x6-y4 0-64-64)
  (move loc-x6-y4 loc-x6-y5), cost: 1
    pre: (at-robot loc-x6-y4 0-64-64)
    add: (at-robot loc-x6-y5 0-65-65) (visited loc-x6-y5 32-0-162)
    del: (at-robot loc-x6-y4 0-64-64) (none-of-those 32-1-163)
  (move loc-x6-y4 loc-x7-y4), cost: 1
    pre: (at-robot loc-x6-y4 0-64-64)
    add: (at-robot loc-x7-y4 0-74-74) (visited loc-x7-y4 38-0-174)
    del: (at-robot loc-x6-y4 0-64-64) (none-of-those 38-1-175)
  (move loc-x6-y5 loc-x5-y5), cost: 1
    pre: (at-robot loc-x6-y5 0-65-65)
    add: (at-robot loc-x5-y5 0-55-55)
    del: (at-robot loc-x6-y5 0-65-65)
  (move loc-x6-y5 loc-x6-y4), cost: 1
    pre: (at-robot loc-x6-y5 0-65-65)
    add: (at-robot loc-x6-y4 0-64-64)
    del: (at-robot loc-x6-y5 0-65-65)
  (move loc-x6-y5 loc-x6-y6), cost: 1
    pre: (at-robot loc-x6-y5 0-65-65)
    add: (at-robot loc-x6-y6 0-66-66) (visited loc-x6-y6 33-0-164)
    del: (at-robot loc-x6-y5 0-65-65) (none-of-those 33-1-165)
  (move loc-x6-y5 loc-x7-y5), cost: 1
    pre: (at-robot loc-x6-y5 0-65-65)
    add: (at-robot loc-x7-y5 0-75-75)
    del: (at-robot loc-x6-y5 0-65-65)
  (move loc-x6-y6 loc-x5-y6), cost: 1
    pre: (at-robot loc-x6-y6 0-66-66)
    add: (at-robot loc-x5-y6 0-56-56) (visited loc-x5-y6 29-0-156)
    del: (at-robot loc-x6-y6 0-66-66) (none-of-those 29-1-157)
  (move loc-x6-y6 loc-x6-y5), cost: 1
    pre: (at-robot loc-x6-y6 0-66-66)
    add: (at-robot loc-x6-y5 0-65-65) (visited loc-x6-y5 32-0-162)
    del: (at-robot loc-x6-y6 0-66-66) (none-of-those 32-1-163)
  (move loc-x6-y6 loc-x6-y7), cost: 1
    pre: (at-robot loc-x6-y6 0-66-66)
    add: (at-robot loc-x6-y7 0-67-67) (visited loc-x6-y7 34-0-166)
    del: (at-robot loc-x6-y6 0-66-66) (none-of-those 34-1-167)
  (move loc-x6-y6 loc-x7-y6), cost: 1
    pre: (at-robot loc-x6-y6 0-66-66)
    add: (at-robot loc-x7-y6 0-76-76)
    del: (at-robot loc-x6-y6 0-66-66)
  (move loc-x6-y7 loc-x5-y7), cost: 1
    pre: (at-robot loc-x6-y7 0-67-67)
    add: (at-robot loc-x5-y7 0-57-57)
    del: (at-robot loc-x6-y7 0-67-67)
  (move loc-x6-y7 loc-x6-y6), cost: 1
    pre: (at-robot loc-x6-y7 0-67-67)
    add: (at-robot loc-x6-y6 0-66-66) (visited loc-x6-y6 33-0-164)
    del: (at-robot loc-x6-y7 0-67-67) (none-of-those 33-1-165)
  (move loc-x6-y7 loc-x6-y8), cost: 1
    pre: (at-robot loc-x6-y7 0-67-67)
    add: (at-robot loc-x6-y8 0-68-68) (visited loc-x6-y8 35-0-168)
    del: (at-robot loc-x6-y7 0-67-67) (none-of-those 35-1-169)
  (move loc-x6-y7 loc-x7-y7), cost: 1
    pre: (at-robot loc-x6-y7 0-67-67)
    add: (at-robot loc-x7-y7 0-77-77)
    del: (at-robot loc-x6-y7 0-67-67)
  (move loc-x6-y8 loc-x5-y8), cost: 1
    pre: (at-robot loc-x6-y8 0-68-68)
    add: (at-robot loc-x5-y8 0-58-58) (visited loc-x5-y8 30-0-158)
    del: (at-robot loc-x6-y8 0-68-68) (none-of-those 30-1-159)
  (move loc-x6-y8 loc-x6-y7), cost: 1
    pre: (at-robot loc-x6-y8 0-68-68)
    add: (at-robot loc-x6-y7 0-67-67) (visited loc-x6-y7 34-0-166)
    del: (at-robot loc-x6-y8 0-68-68) (none-of-those 34-1-167)
  (move loc-x6-y8 loc-x6-y9), cost: 1
    pre: (at-robot loc-x6-y8 0-68-68)
    add: (at-robot loc-x6-y9 0-69-69) (visited loc-x6-y9 36-0-170)
    del: (at-robot loc-x6-y8 0-68-68) (none-of-those 36-1-171)
  (move loc-x6-y8 loc-x7-y8), cost: 1
    pre: (at-robot loc-x6-y8 0-68-68)
    add: (at-robot loc-x7-y8 0-78-78)
    del: (at-robot loc-x6-y8 0-68-68)
  (move loc-x6-y9 loc-x5-y9), cost: 1
    pre: (at-robot loc-x6-y9 0-69-69)
    add: (at-robot loc-x5-y9 0-59-59) (visited loc-x5-y9 31-0-160)
    del: (at-robot loc-x6-y9 0-69-69) (none-of-those 31-1-161)
  (move loc-x6-y9 loc-x6-y8), cost: 1
    pre: (at-robot loc-x6-y9 0-69-69)
    add: (at-robot loc-x6-y8 0-68-68) (visited loc-x6-y8 35-0-168)
    del: (at-robot loc-x6-y9 0-69-69) (none-of-those 35-1-169)
  (move loc-x6-y9 loc-x7-y9), cost: 1
    pre: (at-robot loc-x6-y9 0-69-69)
    add: (at-robot loc-x7-y9 0-79-79) (visited loc-x7-y9 39-0-176)
    del: (at-robot loc-x6-y9 0-69-69) (none-of-those 39-1-177)
  (move loc-x7-y0 loc-x6-y0), cost: 1
    pre: (at-robot loc-x7-y0 0-70-70)
    add: (at-robot loc-x6-y0 0-60-60)
    del: (at-robot loc-x7-y0 0-70-70)
  (move loc-x7-y0 loc-x7-y1), cost: 1
    pre: (at-robot loc-x7-y0 0-70-70)
    add: (at-robot loc-x7-y1 0-71-71)
    del: (at-robot loc-x7-y0 0-70-70)
  (move loc-x7-y0 loc-x8-y0), cost: 1
    pre: (at-robot loc-x7-y0 0-70-70)
    add: (at-robot loc-x8-y0 0-80-80)
    del: (at-robot loc-x7-y0 0-70-70)
  (move loc-x7-y1 loc-x6-y1), cost: 1
    pre: (at-robot loc-x7-y1 0-71-71)
    add: (at-robot loc-x6-y1 0-61-61)
    del: (at-robot loc-x7-y1 0-71-71)
  (move loc-x7-y1 loc-x7-y0), cost: 1
    pre: (at-robot loc-x7-y1 0-71-71)
    add: (at-robot loc-x7-y0 0-70-70)
    del: (at-robot loc-x7-y1 0-71-71)
  (move loc-x7-y1 loc-x7-y2), cost: 1
    pre: (at-robot loc-x7-y1 0-71-71)
    add: (at-robot loc-x7-y2 0-72-72) (visited loc-x7-y2 37-0-172)
    del: (at-robot loc-x7-y1 0-71-71) (none-of-those 37-1-173)
  (move loc-x7-y1 loc-x8-y1), cost: 1
    pre: (at-robot loc-x7-y1 0-71-71)
    add: (at-robot loc-x8-y1 0-81-81)
    del: (at-robot loc-x7-y1 0-71-71)
  (move loc-x7-y2 loc-x6-y2), cost: 1
    pre: (at-robot loc-x7-y2 0-72-72)
    add: (at-robot loc-x6-y2 0-62-62)
    del: (at-robot loc-x7-y2 0-72-72)
  (move loc-x7-y2 loc-x7-y1), cost: 1
    pre: (at-robot loc-x7-y2 0-72-72)
    add: (at-robot loc-x7-y1 0-71-71)
    del: (at-robot loc-x7-y2 0-72-72)
  (move loc-x7-y2 loc-x7-y3), cost: 1
    pre: (at-robot loc-x7-y2 0-72-72)
    add: (at-robot loc-x7-y3 0-73-73)
    del: (at-robot loc-x7-y2 0-72-72)
  (move loc-x7-y2 loc-x8-y2), cost: 1
    pre: (at-robot loc-x7-y2 0-72-72)
    add: (at-robot loc-x8-y2 0-82-82) (visited loc-x8-y2 40-0-178)
    del: (at-robot loc-x7-y2 0-72-72) (none-of-those 40-1-179)
  (move loc-x7-y3 loc-x6-y3), cost: 1
    pre: (at-robot loc-x7-y3 0-73-73)
    add: (at-robot loc-x6-y3 0-63-63)
    del: (at-robot loc-x7-y3 0-73-73)
  (move loc-x7-y3 loc-x7-y2), cost: 1
    pre: (at-robot loc-x7-y3 0-73-73)
    add: (at-robot loc-x7-y2 0-72-72) (visited loc-x7-y2 37-0-172)
    del: (at-robot loc-x7-y3 0-73-73) (none-of-those 37-1-173)
  (move loc-x7-y3 loc-x7-y4), cost: 1
    pre: (at-robot loc-x7-y3 0-73-73)
    add: (at-robot loc-x7-y4 0-74-74) (visited loc-x7-y4 38-0-174)
    del: (at-robot loc-x7-y3 0-73-73) (none-of-those 38-1-175)
  (move loc-x7-y3 loc-x8-y3), cost: 1
    pre: (at-robot loc-x7-y3 0-73-73)
    add: (at-robot loc-x8-y3 0-83-83)
    del: (at-robot loc-x7-y3 0-73-73)
  (move loc-x7-y4 loc-x6-y4), cost: 1
    pre: (at-robot loc-x7-y4 0-74-74)
    add: (at-robot loc-x6-y4 0-64-64)
    del: (at-robot loc-x7-y4 0-74-74)
  (move loc-x7-y4 loc-x7-y3), cost: 1
    pre: (at-robot loc-x7-y4 0-74-74)
    add: (at-robot loc-x7-y3 0-73-73)
    del: (at-robot loc-x7-y4 0-74-74)
  (move loc-x7-y4 loc-x7-y5), cost: 1
    pre: (at-robot loc-x7-y4 0-74-74)
    add: (at-robot loc-x7-y5 0-75-75)
    del: (at-robot loc-x7-y4 0-74-74)
  (move loc-x7-y4 loc-x8-y4), cost: 1
    pre: (at-robot loc-x7-y4 0-74-74)
    add: (at-robot loc-x8-y4 0-84-84)
    del: (at-robot loc-x7-y4 0-74-74)
  (move loc-x7-y5 loc-x6-y5), cost: 1
    pre: (at-robot loc-x7-y5 0-75-75)
    add: (at-robot loc-x6-y5 0-65-65) (visited loc-x6-y5 32-0-162)
    del: (at-robot loc-x7-y5 0-75-75) (none-of-those 32-1-163)
  (move loc-x7-y5 loc-x7-y4), cost: 1
    pre: (at-robot loc-x7-y5 0-75-75)
    add: (at-robot loc-x7-y4 0-74-74) (visited loc-x7-y4 38-0-174)
    del: (at-robot loc-x7-y5 0-75-75) (none-of-those 38-1-175)
  (move loc-x7-y5 loc-x7-y6), cost: 1
    pre: (at-robot loc-x7-y5 0-75-75)
    add: (at-robot loc-x7-y6 0-76-76)
    del: (at-robot loc-x7-y5 0-75-75)
  (move loc-x7-y5 loc-x8-y5), cost: 1
    pre: (at-robot loc-x7-y5 0-75-75)
    add: (at-robot loc-x8-y5 0-85-85)
    del: (at-robot loc-x7-y5 0-75-75)
  (move loc-x7-y6 loc-x6-y6), cost: 1
    pre: (at-robot loc-x7-y6 0-76-76)
    add: (at-robot loc-x6-y6 0-66-66) (visited loc-x6-y6 33-0-164)
    del: (at-robot loc-x7-y6 0-76-76) (none-of-those 33-1-165)
  (move loc-x7-y6 loc-x7-y5), cost: 1
    pre: (at-robot loc-x7-y6 0-76-76)
    add: (at-robot loc-x7-y5 0-75-75)
    del: (at-robot loc-x7-y6 0-76-76)
  (move loc-x7-y6 loc-x7-y7), cost: 1
    pre: (at-robot loc-x7-y6 0-76-76)
    add: (at-robot loc-x7-y7 0-77-77)
    del: (at-robot loc-x7-y6 0-76-76)
  (move loc-x7-y6 loc-x8-y6), cost: 1
    pre: (at-robot loc-x7-y6 0-76-76)
    add: (at-robot loc-x8-y6 0-86-86)
    del: (at-robot loc-x7-y6 0-76-76)
  (move loc-x7-y7 loc-x6-y7), cost: 1
    pre: (at-robot loc-x7-y7 0-77-77)
    add: (at-robot loc-x6-y7 0-67-67) (visited loc-x6-y7 34-0-166)
    del: (at-robot loc-x7-y7 0-77-77) (none-of-those 34-1-167)
  (move loc-x7-y7 loc-x7-y6), cost: 1
    pre: (at-robot loc-x7-y7 0-77-77)
    add: (at-robot loc-x7-y6 0-76-76)
    del: (at-robot loc-x7-y7 0-77-77)
  (move loc-x7-y7 loc-x7-y8), cost: 1
    pre: (at-robot loc-x7-y7 0-77-77)
    add: (at-robot loc-x7-y8 0-78-78)
    del: (at-robot loc-x7-y7 0-77-77)
  (move loc-x7-y7 loc-x8-y7), cost: 1
    pre: (at-robot loc-x7-y7 0-77-77)
    add: (at-robot loc-x8-y7 0-87-87)
    del: (at-robot loc-x7-y7 0-77-77)
  (move loc-x7-y8 loc-x6-y8), cost: 1
    pre: (at-robot loc-x7-y8 0-78-78)
    add: (at-robot loc-x6-y8 0-68-68) (visited loc-x6-y8 35-0-168)
    del: (at-robot loc-x7-y8 0-78-78) (none-of-those 35-1-169)
  (move loc-x7-y8 loc-x7-y7), cost: 1
    pre: (at-robot loc-x7-y8 0-78-78)
    add: (at-robot loc-x7-y7 0-77-77)
    del: (at-robot loc-x7-y8 0-78-78)
  (move loc-x7-y8 loc-x7-y9), cost: 1
    pre: (at-robot loc-x7-y8 0-78-78)
    add: (at-robot loc-x7-y9 0-79-79) (visited loc-x7-y9 39-0-176)
    del: (at-robot loc-x7-y8 0-78-78) (none-of-those 39-1-177)
  (move loc-x7-y8 loc-x8-y8), cost: 1
    pre: (at-robot loc-x7-y8 0-78-78)
    add: (at-robot loc-x8-y8 0-88-88)
    del: (at-robot loc-x7-y8 0-78-78)
  (move loc-x7-y9 loc-x6-y9), cost: 1
    pre: (at-robot loc-x7-y9 0-79-79)
    add: (at-robot loc-x6-y9 0-69-69) (visited loc-x6-y9 36-0-170)
    del: (at-robot loc-x7-y9 0-79-79) (none-of-those 36-1-171)
  (move loc-x7-y9 loc-x7-y8), cost: 1
    pre: (at-robot loc-x7-y9 0-79-79)
    add: (at-robot loc-x7-y8 0-78-78)
    del: (at-robot loc-x7-y9 0-79-79)
  (move loc-x7-y9 loc-x8-y9), cost: 1
    pre: (at-robot loc-x7-y9 0-79-79)
    add: (at-robot loc-x8-y9 0-89-89) (visited loc-x8-y9 41-0-180)
    del: (at-robot loc-x7-y9 0-79-79) (none-of-those 41-1-181)
  (move loc-x8-y0 loc-x7-y0), cost: 1
    pre: (at-robot loc-x8-y0 0-80-80)
    add: (at-robot loc-x7-y0 0-70-70)
    del: (at-robot loc-x8-y0 0-80-80)
  (move loc-x8-y0 loc-x8-y1), cost: 1
    pre: (at-robot loc-x8-y0 0-80-80)
    add: (at-robot loc-x8-y1 0-81-81)
    del: (at-robot loc-x8-y0 0-80-80)
  (move loc-x8-y0 loc-x9-y0), cost: 1
    pre: (at-robot loc-x8-y0 0-80-80)
    add: (at-robot loc-x9-y0 0-90-90)
    del: (at-robot loc-x8-y0 0-80-80)
  (move loc-x8-y1 loc-x7-y1), cost: 1
    pre: (at-robot loc-x8-y1 0-81-81)
    add: (at-robot loc-x7-y1 0-71-71)
    del: (at-robot loc-x8-y1 0-81-81)
  (move loc-x8-y1 loc-x8-y0), cost: 1
    pre: (at-robot loc-x8-y1 0-81-81)
    add: (at-robot loc-x8-y0 0-80-80)
    del: (at-robot loc-x8-y1 0-81-81)
  (move loc-x8-y1 loc-x8-y2), cost: 1
    pre: (at-robot loc-x8-y1 0-81-81)
    add: (at-robot loc-x8-y2 0-82-82) (visited loc-x8-y2 40-0-178)
    del: (at-robot loc-x8-y1 0-81-81) (none-of-those 40-1-179)
  (move loc-x8-y1 loc-x9-y1), cost: 1
    pre: (at-robot loc-x8-y1 0-81-81)
    add: (at-robot loc-x9-y1 0-91-91)
    del: (at-robot loc-x8-y1 0-81-81)
  (move loc-x8-y2 loc-x7-y2), cost: 1
    pre: (at-robot loc-x8-y2 0-82-82)
    add: (at-robot loc-x7-y2 0-72-72) (visited loc-x7-y2 37-0-172)
    del: (at-robot loc-x8-y2 0-82-82) (none-of-those 37-1-173)
  (move loc-x8-y2 loc-x8-y1), cost: 1
    pre: (at-robot loc-x8-y2 0-82-82)
    add: (at-robot loc-x8-y1 0-81-81)
    del: (at-robot loc-x8-y2 0-82-82)
  (move loc-x8-y2 loc-x8-y3), cost: 1
    pre: (at-robot loc-x8-y2 0-82-82)
    add: (at-robot loc-x8-y3 0-83-83)
    del: (at-robot loc-x8-y2 0-82-82)
  (move loc-x8-y2 loc-x9-y2), cost: 1
    pre: (at-robot loc-x8-y2 0-82-82)
    add: (at-robot loc-x9-y2 0-92-92)
    del: (at-robot loc-x8-y2 0-82-82)
  (move loc-x8-y3 loc-x7-y3), cost: 1
    pre: (at-robot loc-x8-y3 0-83-83)
    add: (at-robot loc-x7-y3 0-73-73)
    del: (at-robot loc-x8-y3 0-83-83)
  (move loc-x8-y3 loc-x8-y2), cost: 1
    pre: (at-robot loc-x8-y3 0-83-83)
    add: (at-robot loc-x8-y2 0-82-82) (visited loc-x8-y2 40-0-178)
    del: (at-robot loc-x8-y3 0-83-83) (none-of-those 40-1-179)
  (move loc-x8-y3 loc-x8-y4), cost: 1
    pre: (at-robot loc-x8-y3 0-83-83)
    add: (at-robot loc-x8-y4 0-84-84)
    del: (at-robot loc-x8-y3 0-83-83)
  (move loc-x8-y3 loc-x9-y3), cost: 1
    pre: (at-robot loc-x8-y3 0-83-83)
    add: (at-robot loc-x9-y3 0-93-93) (visited loc-x9-y3 42-0-182)
    del: (at-robot loc-x8-y3 0-83-83) (none-of-those 42-1-183)
  (move loc-x8-y4 loc-x7-y4), cost: 1
    pre: (at-robot loc-x8-y4 0-84-84)
    add: (at-robot loc-x7-y4 0-74-74) (visited loc-x7-y4 38-0-174)
    del: (at-robot loc-x8-y4 0-84-84) (none-of-those 38-1-175)
  (move loc-x8-y4 loc-x8-y3), cost: 1
    pre: (at-robot loc-x8-y4 0-84-84)
    add: (at-robot loc-x8-y3 0-83-83)
    del: (at-robot loc-x8-y4 0-84-84)
  (move loc-x8-y4 loc-x8-y5), cost: 1
    pre: (at-robot loc-x8-y4 0-84-84)
    add: (at-robot loc-x8-y5 0-85-85)
    del: (at-robot loc-x8-y4 0-84-84)
  (move loc-x8-y4 loc-x9-y4), cost: 1
    pre: (at-robot loc-x8-y4 0-84-84)
    add: (at-robot loc-x9-y4 0-94-94)
    del: (at-robot loc-x8-y4 0-84-84)
  (move loc-x8-y5 loc-x7-y5), cost: 1
    pre: (at-robot loc-x8-y5 0-85-85)
    add: (at-robot loc-x7-y5 0-75-75)
    del: (at-robot loc-x8-y5 0-85-85)
  (move loc-x8-y5 loc-x8-y4), cost: 1
    pre: (at-robot loc-x8-y5 0-85-85)
    add: (at-robot loc-x8-y4 0-84-84)
    del: (at-robot loc-x8-y5 0-85-85)
  (move loc-x8-y5 loc-x8-y6), cost: 1
    pre: (at-robot loc-x8-y5 0-85-85)
    add: (at-robot loc-x8-y6 0-86-86)
    del: (at-robot loc-x8-y5 0-85-85)
  (move loc-x8-y5 loc-x9-y5), cost: 1
    pre: (at-robot loc-x8-y5 0-85-85)
    add: (at-robot loc-x9-y5 0-95-95) (visited loc-x9-y5 43-0-184)
    del: (at-robot loc-x8-y5 0-85-85) (none-of-those 43-1-185)
  (move loc-x8-y6 loc-x7-y6), cost: 1
    pre: (at-robot loc-x8-y6 0-86-86)
    add: (at-robot loc-x7-y6 0-76-76)
    del: (at-robot loc-x8-y6 0-86-86)
  (move loc-x8-y6 loc-x8-y5), cost: 1
    pre: (at-robot loc-x8-y6 0-86-86)
    add: (at-robot loc-x8-y5 0-85-85)
    del: (at-robot loc-x8-y6 0-86-86)
  (move loc-x8-y6 loc-x8-y7), cost: 1
    pre: (at-robot loc-x8-y6 0-86-86)
    add: (at-robot loc-x8-y7 0-87-87)
    del: (at-robot loc-x8-y6 0-86-86)
  (move loc-x8-y6 loc-x9-y6), cost: 1
    pre: (at-robot loc-x8-y6 0-86-86)
    add: (at-robot loc-x9-y6 0-96-96) (visited loc-x9-y6 44-0-186)
    del: (at-robot loc-x8-y6 0-86-86) (none-of-those 44-1-187)
  (move loc-x8-y7 loc-x7-y7), cost: 1
    pre: (at-robot loc-x8-y7 0-87-87)
    add: (at-robot loc-x7-y7 0-77-77)
    del: (at-robot loc-x8-y7 0-87-87)
  (move loc-x8-y7 loc-x8-y6), cost: 1
    pre: (at-robot loc-x8-y7 0-87-87)
    add: (at-robot loc-x8-y6 0-86-86)
    del: (at-robot loc-x8-y7 0-87-87)
  (move loc-x8-y7 loc-x8-y8), cost: 1
    pre: (at-robot loc-x8-y7 0-87-87)
    add: (at-robot loc-x8-y8 0-88-88)
    del: (at-robot loc-x8-y7 0-87-87)
  (move loc-x8-y7 loc-x9-y7), cost: 1
    pre: (at-robot loc-x8-y7 0-87-87)
    add: (at-robot loc-x9-y7 0-97-97) (visited loc-x9-y7 45-0-188)
    del: (at-robot loc-x8-y7 0-87-87) (none-of-those 45-1-189)
  (move loc-x8-y8 loc-x7-y8), cost: 1
    pre: (at-robot loc-x8-y8 0-88-88)
    add: (at-robot loc-x7-y8 0-78-78)
    del: (at-robot loc-x8-y8 0-88-88)
  (move loc-x8-y8 loc-x8-y7), cost: 1
    pre: (at-robot loc-x8-y8 0-88-88)
    add: (at-robot loc-x8-y7 0-87-87)
    del: (at-robot loc-x8-y8 0-88-88)
  (move loc-x8-y8 loc-x8-y9), cost: 1
    pre: (at-robot loc-x8-y8 0-88-88)
    add: (at-robot loc-x8-y9 0-89-89) (visited loc-x8-y9 41-0-180)
    del: (at-robot loc-x8-y8 0-88-88) (none-of-those 41-1-181)
  (move loc-x8-y8 loc-x9-y8), cost: 1
    pre: (at-robot loc-x8-y8 0-88-88)
    add: (at-robot loc-x9-y8 0-98-98)
    del: (at-robot loc-x8-y8 0-88-88)
  (move loc-x8-y9 loc-x7-y9), cost: 1
    pre: (at-robot loc-x8-y9 0-89-89)
    add: (at-robot loc-x7-y9 0-79-79) (visited loc-x7-y9 39-0-176)
    del: (at-robot loc-x8-y9 0-89-89) (none-of-those 39-1-177)
  (move loc-x8-y9 loc-x8-y8), cost: 1
    pre: (at-robot loc-x8-y9 0-89-89)
    add: (at-robot loc-x8-y8 0-88-88)
    del: (at-robot loc-x8-y9 0-89-89)
  (move loc-x8-y9 loc-x9-y9), cost: 1
    pre: (at-robot loc-x8-y9 0-89-89)
    add: (at-robot loc-x9-y9 0-99-99)
    del: (at-robot loc-x8-y9 0-89-89)
  (move loc-x9-y0 loc-x8-y0), cost: 1
    pre: (at-robot loc-x9-y0 0-90-90)
    add: (at-robot loc-x8-y0 0-80-80)
    del: (at-robot loc-x9-y0 0-90-90)
  (move loc-x9-y0 loc-x9-y1), cost: 1
    pre: (at-robot loc-x9-y0 0-90-90)
    add: (at-robot loc-x9-y1 0-91-91)
    del: (at-robot loc-x9-y0 0-90-90)
  (move loc-x9-y1 loc-x8-y1), cost: 1
    pre: (at-robot loc-x9-y1 0-91-91)
    add: (at-robot loc-x8-y1 0-81-81)
    del: (at-robot loc-x9-y1 0-91-91)
  (move loc-x9-y1 loc-x9-y0), cost: 1
    pre: (at-robot loc-x9-y1 0-91-91)
    add: (at-robot loc-x9-y0 0-90-90)
    del: (at-robot loc-x9-y1 0-91-91)
  (move loc-x9-y1 loc-x9-y2), cost: 1
    pre: (at-robot loc-x9-y1 0-91-91)
    add: (at-robot loc-x9-y2 0-92-92)
    del: (at-robot loc-x9-y1 0-91-91)
  (move loc-x9-y2 loc-x8-y2), cost: 1
    pre: (at-robot loc-x9-y2 0-92-92)
    add: (at-robot loc-x8-y2 0-82-82) (visited loc-x8-y2 40-0-178)
    del: (at-robot loc-x9-y2 0-92-92) (none-of-those 40-1-179)
  (move loc-x9-y2 loc-x9-y1), cost: 1
    pre: (at-robot loc-x9-y2 0-92-92)
    add: (at-robot loc-x9-y1 0-91-91)
    del: (at-robot loc-x9-y2 0-92-92)
  (move loc-x9-y2 loc-x9-y3), cost: 1
    pre: (at-robot loc-x9-y2 0-92-92)
    add: (at-robot loc-x9-y3 0-93-93) (visited loc-x9-y3 42-0-182)
    del: (at-robot loc-x9-y2 0-92-92) (none-of-those 42-1-183)
  (move loc-x9-y3 loc-x8-y3), cost: 1
    pre: (at-robot loc-x9-y3 0-93-93)
    add: (at-robot loc-x8-y3 0-83-83)
    del: (at-robot loc-x9-y3 0-93-93)
  (move loc-x9-y3 loc-x9-y2), cost: 1
    pre: (at-robot loc-x9-y3 0-93-93)
    add: (at-robot loc-x9-y2 0-92-92)
    del: (at-robot loc-x9-y3 0-93-93)
  (move loc-x9-y3 loc-x9-y4), cost: 1
    pre: (at-robot loc-x9-y3 0-93-93)
    add: (at-robot loc-x9-y4 0-94-94)
    del: (at-robot loc-x9-y3 0-93-93)
  (move loc-x9-y4 loc-x8-y4), cost: 1
    pre: (at-robot loc-x9-y4 0-94-94)
    add: (at-robot loc-x8-y4 0-84-84)
    del: (at-robot loc-x9-y4 0-94-94)
  (move loc-x9-y4 loc-x9-y3), cost: 1
    pre: (at-robot loc-x9-y4 0-94-94)
    add: (at-robot loc-x9-y3 0-93-93) (visited loc-x9-y3 42-0-182)
    del: (at-robot loc-x9-y4 0-94-94) (none-of-those 42-1-183)
  (move loc-x9-y4 loc-x9-y5), cost: 1
    pre: (at-robot loc-x9-y4 0-94-94)
    add: (at-robot loc-x9-y5 0-95-95) (visited loc-x9-y5 43-0-184)
    del: (at-robot loc-x9-y4 0-94-94) (none-of-those 43-1-185)
  (move loc-x9-y5 loc-x8-y5), cost: 1
    pre: (at-robot loc-x9-y5 0-95-95)
    add: (at-robot loc-x8-y5 0-85-85)
    del: (at-robot loc-x9-y5 0-95-95)
  (move loc-x9-y5 loc-x9-y4), cost: 1
    pre: (at-robot loc-x9-y5 0-95-95)
    add: (at-robot loc-x9-y4 0-94-94)
    del: (at-robot loc-x9-y5 0-95-95)
  (move loc-x9-y5 loc-x9-y6), cost: 1
    pre: (at-robot loc-x9-y5 0-95-95)
    add: (at-robot loc-x9-y6 0-96-96) (visited loc-x9-y6 44-0-186)
    del: (at-robot loc-x9-y5 0-95-95) (none-of-those 44-1-187)
  (move loc-x9-y6 loc-x8-y6), cost: 1
    pre: (at-robot loc-x9-y6 0-96-96)
    add: (at-robot loc-x8-y6 0-86-86)
    del: (at-robot loc-x9-y6 0-96-96)
  (move loc-x9-y6 loc-x9-y5), cost: 1
    pre: (at-robot loc-x9-y6 0-96-96)
    add: (at-robot loc-x9-y5 0-95-95) (visited loc-x9-y5 43-0-184)
    del: (at-robot loc-x9-y6 0-96-96) (none-of-those 43-1-185)
  (move loc-x9-y6 loc-x9-y7), cost: 1
    pre: (at-robot loc-x9-y6 0-96-96)
    add: (at-robot loc-x9-y7 0-97-97) (visited loc-x9-y7 45-0-188)
    del: (at-robot loc-x9-y6 0-96-96) (none-of-those 45-1-189)
  (move loc-x9-y7 loc-x8-y7), cost: 1
    pre: (at-robot loc-x9-y7 0-97-97)
    add: (at-robot loc-x8-y7 0-87-87)
    del: (at-robot loc-x9-y7 0-97-97)
  (move loc-x9-y7 loc-x9-y6), cost: 1
    pre: (at-robot loc-x9-y7 0-97-97)
    add: (at-robot loc-x9-y6 0-96-96) (visited loc-x9-y6 44-0-186)
    del: (at-robot loc-x9-y7 0-97-97) (none-of-those 44-1-187)
  (move loc-x9-y7 loc-x9-y8), cost: 1
    pre: (at-robot loc-x9-y7 0-97-97)
    add: (at-robot loc-x9-y8 0-98-98)
    del: (at-robot loc-x9-y7 0-97-97)
  (move loc-x9-y8 loc-x8-y8), cost: 1
    pre: (at-robot loc-x9-y8 0-98-98)
    add: (at-robot loc-x8-y8 0-88-88)
    del: (at-robot loc-x9-y8 0-98-98)
  (move loc-x9-y8 loc-x9-y7), cost: 1
    pre: (at-robot loc-x9-y8 0-98-98)
    add: (at-robot loc-x9-y7 0-97-97) (visited loc-x9-y7 45-0-188)
    del: (at-robot loc-x9-y8 0-98-98) (none-of-those 45-1-189)
  (move loc-x9-y8 loc-x9-y9), cost: 1
    pre: (at-robot loc-x9-y8 0-98-98)
    add: (at-robot loc-x9-y9 0-99-99)
    del: (at-robot loc-x9-y8 0-98-98)
  (move loc-x9-y9 loc-x8-y9), cost: 1
    pre: (at-robot loc-x9-y9 0-99-99)
    add: (at-robot loc-x8-y9 0-89-89) (visited loc-x8-y9 41-0-180)
    del: (at-robot loc-x9-y9 0-99-99) (none-of-those 41-1-181)
  (move loc-x9-y9 loc-x9-y8), cost: 1
    pre: (at-robot loc-x9-y9 0-99-99)
    add: (at-robot loc-x9-y8 0-98-98)
    del: (at-robot loc-x9-y9 0-99-99)
Init State: (at-robot loc-x5-y5 0-55-55) (none-of-those 1-1-101) (none-of-those 2-1-103) (none-of-those 3-1-105) (none-of-those 4-1-107) (none-of-those 5-1-109) (none-of-those 6-1-111) (none-of-those 7-1-113) (none-of-those 8-1-115) (none-of-those 9-1-117) (none-of-those 10-1-119) (none-of-those 11-1-121) (none-of-those 12-1-123) (none-of-those 13-1-125) (none-of-those 14-1-127) (none-of-those 15-1-129) (none-of-those 16-1-131) (none-of-those 17-1-133) (none-of-those 18-1-135) (none-of-those 19-1-137) (none-of-those 20-1-139) (none-of-those 21-1-141) (none-of-those 22-1-143) (none-of-those 23-1-145) (none-of-those 24-1-147) (none-of-those 25-1-149) (none-of-those 26-1-151) (none-of-those 27-1-153) (none-of-those 28-1-155) (none-of-those 29-1-157) (none-of-those 30-1-159) (none-of-those 31-1-161) (none-of-those 32-1-163) (none-of-those 33-1-165) (none-of-those 34-1-167) (none-of-those 35-1-169) (none-of-those 36-1-171) (none-of-those 37-1-173) (none-of-those 38-1-175) (none-of-those 39-1-177) (none-of-those 40-1-179) (none-of-those 41-1-181) (none-of-those 42-1-183) (none-of-those 43-1-185) (none-of-those 44-1-187) (none-of-those 45-1-189)
Goal: (visited loc-x0-y2 1-0-100) (visited loc-x0-y4 2-0-102) (visited loc-x0-y6 3-0-104) (visited loc-x0-y7 4-0-106) (visited loc-x0-y9 5-0-108) (visited loc-x1-y0 6-0-110) (visited loc-x1-y1 7-0-112) (visited loc-x1-y2 8-0-114) (visited loc-x1-y8 9-0-116) (visited loc-x2-y0 10-0-118) (visited loc-x2-y1 11-0-120) (visited loc-x2-y2 12-0-122) (visited loc-x2-y3 13-0-124) (visited loc-x2-y4 14-0-126) (visited loc-x2-y8 15-0-128) (visited loc-x2-y9 16-0-130) (visited loc-x3-y0 17-0-132) (visited loc-x3-y1 18-0-134) (visited loc-x3-y2 19-0-136) (visited loc-x3-y3 20-0-138) (visited loc-x3-y5 21-0-140) (visited loc-x3-y7 22-0-142) (visited loc-x4-y0 23-0-144) (visited loc-x4-y1 24-0-146) (visited loc-x4-y2 25-0-148) (visited loc-x4-y5 26-0-150) (visited loc-x4-y8 27-0-152) (visited loc-x4-y9 28-0-154) (visited loc-x5-y6 29-0-156) (visited loc-x5-y8 30-0-158) (visited loc-x5-y9 31-0-160) (visited loc-x6-y5 32-0-162) (visited loc-x6-y6 33-0-164) (visited loc-x6-y7 34-0-166) (visited loc-x6-y8 35-0-168) (visited loc-x6-y9 36-0-170) (visited loc-x7-y2 37-0-172) (visited loc-x7-y4 38-0-174) (visited loc-x7-y9 39-0-176) (visited loc-x8-y2 40-0-178) (visited loc-x8-y9 41-0-180) (visited loc-x9-y3 42-0-182) (visited loc-x9-y5 43-0-184) (visited loc-x9-y6 44-0-186) (visited loc-x9-y7 45-0-188)
Value: 55
