RSE-Invertible facts:
0:(at package-1 city-loc-1) in-fam-group
1:(at package-1 city-loc-2) in-fam-group
2:(at package-1 city-loc-3) in-fam-group
3:(at package-2 city-loc-1) in-fam-group
4:(at package-2 city-loc-2) in-fam-group
5:(at package-2 city-loc-3) in-fam-group
6:(at truck-1 city-loc-1) in-fam-group
7:(at truck-1 city-loc-2) in-fam-group
8:(at truck-1 city-loc-3) in-fam-group
9:(at truck-2 city-loc-1) in-fam-group
10:(at truck-2 city-loc-2) in-fam-group
11:(at truck-2 city-loc-3) in-fam-group
12:(capacity truck-1 capacity-0) in-fam-group
13:(capacity truck-1 capacity-1) in-fam-group
14:(capacity truck-1 capacity-2) in-fam-group
15:(capacity truck-1 capacity-3) in-fam-group
16:(capacity truck-1 capacity-4) in-fam-group
17:(capacity truck-2 capacity-0) in-fam-group
18:(capacity truck-2 capacity-1) in-fam-group
19:(capacity truck-2 capacity-2) in-fam-group
20:(capacity truck-2 capacity-3) in-fam-group
21:(capacity truck-2 capacity-4) in-fam-group
22:(in package-1 truck-1) in-fam-group
23:(in package-1 truck-2) in-fam-group
24:(in package-2 truck-1) in-fam-group
25:(in package-2 truck-2) in-fam-group
