Compile-in LMG: actions: 5, lifted mgroups: 4
Compile-in LMG: Found mutex condition for action 'lift' and mgroup {on C1:object V0:object, in V0:object C2:object, lifting C3:object V0:object, clear V0:object, on C4:object V0:object, in V0:object C5:object, lifting C6:object V0:object}:=1: (= ?y ?z)
Compile-in LMG: Precondition of action 'lift' extended with (not (= ?y ?z))
Compile-in LMG: Found mutex condition for action 'drop' and mgroup {at V0:object C1:object, in V0:object C2:object, lifting C3:object V0:object, at V0:object C4:object, in V0:object C5:object, lifting C6:object V0:object}:=1: (= ?x ?y)
Compile-in LMG: Found mutex condition for action 'drop' and mgroup {at V0:object C1:object, in V0:object C2:object, lifting C3:object V0:object, at V0:object C4:object, in V0:object C5:object, lifting C6:object V0:object}:=1: (= ?y ?z)
Compile-in LMG: Precondition of action 'drop' extended with (and (not (= ?x ?y)) (not (= ?y ?z)))
Compile-in LMG: Found mutex condition for action 'load' and mgroup {at V0:object C1:object, in V0:object C2:object, lifting C3:object V0:object, at V0:object C4:object, in V0:object C5:object, lifting C6:object V0:object}:=1: (= ?x ?y)
Compile-in LMG: Found mutex condition for action 'load' and mgroup {at V0:object C1:object, in V0:object C2:object, lifting C3:object V0:object, at V0:object C4:object, in V0:object C5:object, lifting C6:object V0:object}:=1: (= ?y ?z)
Compile-in LMG: Precondition of action 'load' extended with (and (not (= ?x ?y)) (not (= ?y ?z)))
Compile-in LMG: Found mutex condition for action 'unload' and mgroup {at V0:object C1:object, in V0:object C2:object, lifting C3:object V0:object, at V0:object C4:object, in V0:object C5:object, lifting C6:object V0:object}:=1: (= ?x ?y)
Compile-in LMG: Found mutex condition for action 'unload' and mgroup {at V0:object C1:object, in V0:object C2:object, lifting C3:object V0:object, at V0:object C4:object, in V0:object C5:object, lifting C6:object V0:object}:=1: (= ?y ?z)
Compile-in LMG: Precondition of action 'unload' extended with (and (not (= ?x ?y)) (not (= ?y ?z)))
Compile-in LMG: DONE. actions: 5
Domain: depot
Problem: depotprob7654
Require: ff
Type[1]:
    [0]: object, parent: -1
Obj-by-Type:
    [0]: 0 1 2 3 4 5 6 7 8 9 10 11 12 13 14 15 16 17 18 19 20 21 22 23 24 25
Obj[26]:
    [0]: depot0, type: 0, is-constant: 0, is-private: 0, owner: -1, is-agent: 0
    [1]: depot1, type: 0, is-constant: 0, is-private: 0, owner: -1, is-agent: 0
    [2]: depot2, type: 0, is-constant: 0, is-private: 0, owner: -1, is-agent: 0
    [3]: distributor0, type: 0, is-constant: 0, is-private: 0, owner: -1, is-agent: 0
    [4]: distributor1, type: 0, is-constant: 0, is-private: 0, owner: -1, is-agent: 0
    [5]: distributor2, type: 0, is-constant: 0, is-private: 0, owner: -1, is-agent: 0
    [6]: truck0, type: 0, is-constant: 0, is-private: 0, owner: -1, is-agent: 0
    [7]: truck1, type: 0, is-constant: 0, is-private: 0, owner: -1, is-agent: 0
    [8]: pallet0, type: 0, is-constant: 0, is-private: 0, owner: -1, is-agent: 0
    [9]: pallet1, type: 0, is-constant: 0, is-private: 0, owner: -1, is-agent: 0
    [10]: pallet2, type: 0, is-constant: 0, is-private: 0, owner: -1, is-agent: 0
    [11]: pallet3, type: 0, is-constant: 0, is-private: 0, owner: -1, is-agent: 0
    [12]: pallet4, type: 0, is-constant: 0, is-private: 0, owner: -1, is-agent: 0
    [13]: pallet5, type: 0, is-constant: 0, is-private: 0, owner: -1, is-agent: 0
    [14]: crate0, type: 0, is-constant: 0, is-private: 0, owner: -1, is-agent: 0
    [15]: crate1, type: 0, is-constant: 0, is-private: 0, owner: -1, is-agent: 0
    [16]: crate2, type: 0, is-constant: 0, is-private: 0, owner: -1, is-agent: 0
    [17]: crate3, type: 0, is-constant: 0, is-private: 0, owner: -1, is-agent: 0
    [18]: crate4, type: 0, is-constant: 0, is-private: 0, owner: -1, is-agent: 0
    [19]: crate5, type: 0, is-constant: 0, is-private: 0, owner: -1, is-agent: 0
    [20]: hoist0, type: 0, is-constant: 0, is-private: 0, owner: -1, is-agent: 0
    [21]: hoist1, type: 0, is-constant: 0, is-private: 0, owner: -1, is-agent: 0
    [22]: hoist2, type: 0, is-constant: 0, is-private: 0, owner: -1, is-agent: 0
    [23]: hoist3, type: 0, is-constant: 0, is-private: 0, owner: -1, is-agent: 0
    [24]: hoist4, type: 0, is-constant: 0, is-private: 0, owner: -1, is-agent: 0
    [25]: hoist5, type: 0, is-constant: 0, is-private: 0, owner: -1, is-agent: 0
Predicate[16]:
    =: 0 0 :: is-private: 0, owner-param: -1, read: 1, write: 0
    at: 0 0 :: is-private: 0, owner-param: -1, read: 1, write: 1
    on: 0 0 :: is-private: 0, owner-param: -1, read: 1, write: 1
    in: 0 0 :: is-private: 0, owner-param: -1, read: 1, write: 1
    lifting: 0 0 :: is-private: 0, owner-param: -1, read: 1, write: 1
    available: 0 :: is-private: 0, owner-param: -1, read: 1, write: 1
    clear: 0 :: is-private: 0, owner-param: -1, read: 1, write: 1
    place: 0 :: is-private: 0, owner-param: -1, read: 1, write: 0
    locatable: 0 :: is-private: 0, owner-param: -1, read: 0, write: 0
    depot: 0 :: is-private: 0, owner-param: -1, read: 0, write: 0
    distributor: 0 :: is-private: 0, owner-param: -1, read: 0, write: 0
    truck: 0 :: is-private: 0, owner-param: -1, read: 1, write: 0
    hoist: 0 :: is-private: 0, owner-param: -1, read: 1, write: 0
    surface: 0 :: is-private: 0, owner-param: -1, read: 1, write: 0
    pallet: 0 :: is-private: 0, owner-param: -1, read: 0, write: 0
    crate: 0 :: is-private: 0, owner-param: -1, read: 1, write: 0
Function[0]:
Action[5]:
    drive: ?x:0 ?y:0 ?z:0
        pre: (and (R:truck ?x) (R:place ?y) (R:place ?z) (RW:at ?x ?y))
        eff: (and (RW:at ?x ?z) (N:RW:at ?x ?y))
    lift: ?x:0 ?y:0 ?z:0 ?p:0
        pre: (and (N:R:= ?y ?z) (R:hoist ?x) (R:crate ?y) (R:surface ?z) (R:place ?p) (RW:at ?x ?p) (RW:available ?x) (RW:at ?y ?p) (RW:on ?y ?z) (RW:clear ?y))
        eff: (and (RW:lifting ?x ?y) (RW:clear ?z) (N:RW:at ?y ?p) (N:RW:clear ?y) (N:RW:available ?x) (N:RW:on ?y ?z))
    drop: ?x:0 ?y:0 ?z:0 ?p:0
        pre: (and (R:hoist ?x) (R:crate ?y) (R:surface ?z) (R:place ?p) (RW:at ?x ?p) (RW:at ?z ?p) (RW:clear ?z) (RW:lifting ?x ?y) (N:R:= ?x ?y) (N:R:= ?y ?z))
        eff: (and (RW:available ?x) (RW:at ?y ?p) (RW:clear ?y) (RW:on ?y ?z) (N:RW:lifting ?x ?y) (N:RW:clear ?z))
    load: ?x:0 ?y:0 ?z:0 ?p:0
        pre: (and (R:hoist ?x) (R:crate ?y) (R:truck ?z) (R:place ?p) (RW:at ?x ?p) (RW:at ?z ?p) (RW:lifting ?x ?y) (N:R:= ?x ?y) (N:R:= ?y ?z))
        eff: (and (RW:in ?y ?z) (RW:available ?x) (N:RW:lifting ?x ?y))
    unload: ?x:0 ?y:0 ?z:0 ?p:0
        pre: (and (R:hoist ?x) (R:crate ?y) (R:truck ?z) (R:place ?p) (RW:at ?x ?p) (RW:at ?z ?p) (RW:available ?x) (RW:in ?y ?z) (N:R:= ?x ?y) (N:R:= ?y ?z))
        eff: (and (RW:lifting ?x ?y) (N:RW:in ?y ?z) (N:RW:available ?x))
Init[76]:
  S:(pallet pallet0)
  S:(surface pallet0)
  (at pallet0 depot0)
  (clear crate1)
  S:(pallet pallet1)
  S:(surface pallet1)
  (at pallet1 depot1)
  (clear crate0)
  S:(pallet pallet2)
  S:(surface pallet2)
  (at pallet2 depot2)
  (clear crate4)
  S:(pallet pallet3)
  S:(surface pallet3)
  (at pallet3 distributor0)
  (clear crate5)
  S:(pallet pallet4)
  S:(surface pallet4)
  (at pallet4 distributor1)
  (clear pallet4)
  S:(pallet pallet5)
  S:(surface pallet5)
  (at pallet5 distributor2)
  (clear crate3)
  S:(truck truck0)
  (at truck0 depot1)
  S:(truck truck1)
  (at truck1 depot2)
  S:(hoist hoist0)
  (at hoist0 depot0)
  (available hoist0)
  S:(hoist hoist1)
  (at hoist1 depot1)
  (available hoist1)
  S:(hoist hoist2)
  (at hoist2 depot2)
  (available hoist2)
  S:(hoist hoist3)
  (at hoist3 distributor0)
  (available hoist3)
  S:(hoist hoist4)
  (at hoist4 distributor1)
  (available hoist4)
  S:(hoist hoist5)
  (at hoist5 distributor2)
  (available hoist5)
  S:(crate crate0)
  S:(surface crate0)
  (at crate0 depot1)
  (on crate0 pallet1)
  S:(crate crate1)
  S:(surface crate1)
  (at crate1 depot0)
  (on crate1 pallet0)
  S:(crate crate2)
  S:(surface crate2)
  (at crate2 distributor2)
  (on crate2 pallet5)
  S:(crate crate3)
  S:(surface crate3)
  (at crate3 distributor2)
  (on crate3 crate2)
  S:(crate crate4)
  S:(surface crate4)
  (at crate4 depot2)
  (on crate4 pallet2)
  S:(crate crate5)
  S:(surface crate5)
  (at crate5 distributor0)
  (on crate5 pallet3)
  S:(place depot0)
  S:(place depot1)
  S:(place depot2)
  S:(place distributor0)
  S:(place distributor1)
  S:(place distributor2)
Init[0]:
Goal: (and (RW:on crate0 crate4) (RW:on crate2 pallet3) (RW:on crate3 pallet0) (RW:on crate4 pallet5))
Metric: 0
