Init: (craves abrasion pork) (craves abrasion-5 ham) (craves aesthetics flounder) (craves anger popover) (craves anger-10 hamburger) (craves anger-7 orange) (craves angina popover) (craves angina-3 bacon) (craves angina-30 cantelope) (craves anxiety potato) (craves anxiety-12 pepper) (craves anxiety-25 arugula) (craves boils melon) (craves boils-15 pepper) (craves boils-32 cantelope) (craves depression snickers) (craves depression-14 pepper) (craves dread beef) (craves dread-31 cantelope) (craves dread-8 bacon) (craves expectation beef) (craves grief lamb) (craves grief-2 pork) (craves grief-26 arugula) (craves hangover popover) (craves hangover-29 grapefruit) (craves hangover-6 ham) (craves intoxication grapefruit) (craves jealousy melon) (craves jealousy-16 kale) (craves jealousy-28 grapefruit) (craves laceration snickers) (craves laceration-11 hamburger) (craves laceration-27 grapefruit) (craves learning pepper) (craves loneliness snickers) (craves loneliness-1 pork) (craves loneliness-9 hamburger) (craves love orange) (craves prostatitis popover) (craves prostatitis-13 pepper) (craves prostatitis-24 arugula) (craves rest pork) (craves satisfaction ham) (craves sciatica melon) (craves sciatica-4 bacon) (craves stimulation melon) (harmony aesthetics neptune) (harmony expectation pluto) (harmony intoxication neptune) (harmony learning mars) (harmony love mars) (harmony rest mars) (harmony satisfaction neptune) (harmony stimulation pluto) (harmony triumph pluto) (locale arugula moravia) (locale bacon alsace) (locale beef moravia) (locale cantelope quebec) (locale flounder moravia) (locale grapefruit oregon) (locale ham alsace) (locale hamburger quebec) (locale kale quebec) (locale lamb moravia) (locale melon alsace) (locale orange quebec) (locale pepper oregon) (locale popover oregon) (locale pork kentucky) (locale potato quebec) (locale snickers alsace)
Unreachable facts [4/1322]:
  (locale wurst alsace)
  (locale wurst moravia)
  (locale wurst oregon)
  (locale wurst quebec)
Unreachable ops [64/27846]:
  (feast aesthetics wurst grapefruit moravia quebec)
  (feast aesthetics wurst grapefruit oregon alsace)
  (feast aesthetics wurst grapefruit quebec oregon)
  (feast aesthetics wurst grapefruit surrey moravia)
  (feast aesthetics wurst hamburger moravia quebec)
  (feast aesthetics wurst hamburger oregon alsace)
  (feast aesthetics wurst hamburger quebec oregon)
  (feast aesthetics wurst hamburger surrey moravia)
  (feast expectation wurst grapefruit moravia quebec)
  (feast expectation wurst grapefruit oregon alsace)
  (feast expectation wurst grapefruit quebec oregon)
  (feast expectation wurst grapefruit surrey moravia)
  (feast expectation wurst hamburger moravia quebec)
  (feast expectation wurst hamburger oregon alsace)
  (feast expectation wurst hamburger quebec oregon)
  (feast expectation wurst hamburger surrey moravia)
  (feast intoxication wurst grapefruit moravia quebec)
  (feast intoxication wurst grapefruit oregon alsace)
  (feast intoxication wurst grapefruit quebec oregon)
  (feast intoxication wurst grapefruit surrey moravia)
  (feast intoxication wurst hamburger moravia quebec)
  (feast intoxication wurst hamburger oregon alsace)
  (feast intoxication wurst hamburger quebec oregon)
  (feast intoxication wurst hamburger surrey moravia)
  (feast learning wurst grapefruit moravia quebec)
  (feast learning wurst grapefruit oregon alsace)
  (feast learning wurst grapefruit quebec oregon)
  (feast learning wurst grapefruit surrey moravia)
  (feast learning wurst hamburger moravia quebec)
  (feast learning wurst hamburger oregon alsace)
  (feast learning wurst hamburger quebec oregon)
  (feast learning wurst hamburger surrey moravia)
  (feast love wurst grapefruit moravia quebec)
  (feast love wurst grapefruit oregon alsace)
  (feast love wurst grapefruit quebec oregon)
  (feast love wurst grapefruit surrey moravia)
  (feast love wurst hamburger moravia quebec)
  (feast love wurst hamburger oregon alsace)
  (feast love wurst hamburger quebec oregon)
  (feast love wurst hamburger surrey moravia)
  (feast rest wurst grapefruit moravia quebec)
  (feast rest wurst grapefruit oregon alsace)
  (feast rest wurst grapefruit quebec oregon)
  (feast rest wurst grapefruit surrey moravia)
  (feast rest wurst hamburger moravia quebec)
  (feast rest wurst hamburger oregon alsace)
  (feast rest wurst hamburger quebec oregon)
  (feast rest wurst hamburger surrey moravia)
  (feast satisfaction wurst grapefruit moravia quebec)
  (feast satisfaction wurst grapefruit oregon alsace)
  (feast satisfaction wurst grapefruit quebec oregon)
  (feast satisfaction wurst grapefruit surrey moravia)
  (feast satisfaction wurst hamburger moravia quebec)
  (feast satisfaction wurst hamburger oregon alsace)
  (feast satisfaction wurst hamburger quebec oregon)
  (feast satisfaction wurst hamburger surrey moravia)
  (feast stimulation wurst grapefruit moravia quebec)
  (feast stimulation wurst grapefruit oregon alsace)
  (feast stimulation wurst grapefruit quebec oregon)
  (feast stimulation wurst grapefruit surrey moravia)
  (feast stimulation wurst hamburger moravia quebec)
  (feast stimulation wurst hamburger oregon alsace)
  (feast stimulation wurst hamburger quebec oregon)
  (feast stimulation wurst hamburger surrey moravia)
