Reduced 16 -> 9
Domain: transport
Problem: transport-city-sequential-5nodes-1000size-2degree-100mindistance-2trucks-4packages-2014seed
Require: 200ff
Type[6]:
    [0]: object, parent: -1
    [1]: location, parent: 0
    [2]: locatable, parent: 0
    [3]: vehicle, parent: 2
    [4]: package, parent: 2
    [5]: capacity-number, parent: 0
Obj-by-Type:
    [0]: 0 1 2 3 4 5 6 7 8
    [1]: 0 1 2
    [2]: 3 4 5 6 7
    [3]: 3
    [4]: 4 5 6 7
    [5]: 8
Obj[9]:
    [0]: city-loc-1, type: 1, is-constant: 0, is-private: 0, owner: -1, is-agent: 0
    [1]: city-loc-2, type: 1, is-constant: 0, is-private: 0, owner: -1, is-agent: 0
    [2]: city-loc-5, type: 1, is-constant: 0, is-private: 0, owner: -1, is-agent: 0
    [3]: truck-1, type: 3, is-constant: 0, is-private: 0, owner: -1, is-agent: 0
    [4]: package-1, type: 4, is-constant: 0, is-private: 0, owner: -1, is-agent: 0
    [5]: package-2, type: 4, is-constant: 0, is-private: 0, owner: -1, is-agent: 0
    [6]: package-3, type: 4, is-constant: 0, is-private: 0, owner: -1, is-agent: 0
    [7]: package-4, type: 4, is-constant: 0, is-private: 0, owner: -1, is-agent: 0
    [8]: capacity-0, type: 5, is-constant: 0, is-private: 0, owner: -1, is-agent: 0
Predicate[6]:
    =: 0 0 :: is-private: 0, owner-param: -1, read: 0, write: 0
    road: 1 1 :: is-private: 0, owner-param: -1, read: 1, write: 0
    at: 2 1 :: is-private: 0, owner-param: -1, read: 1, write: 1
    in: 4 3 :: is-private: 0, owner-param: -1, read: 1, write: 1
    capacity: 3 5 :: is-private: 0, owner-param: -1, read: 1, write: 1
    capacity-predecessor: 5 5 :: is-private: 0, owner-param: -1, read: 1, write: 0
Function[2]:
    road-length: 1 1 :: is-private: 0, owner-param: -1, read: 0, write: 0
    total-cost: :: is-private: 0, owner-param: -1, read: 0, write: 0
Action[3]:
    drive: ?v:3 ?l1:1 ?l2:1
        pre: (and (RW:at ?v ?l1) (R:road ?l1 ?l2))
        eff: (and (RW:at ?v ?l2) (increase (total-cost) (road-length ?l1 ?l2)))
    pick-up: ?v:3 ?l:1 ?p:4 ?s1:5 ?s2:5
        pre: (and (RW:at ?v ?l) (RW:at ?p ?l) (R:capacity-predecessor ?s1 ?s2) (RW:capacity ?v ?s2))
        eff: (and (RW:in ?p ?v) (RW:capacity ?v ?s1) (increase (total-cost) 1))
    drop: ?v:3 ?l:1 ?p:4 ?s1:5 ?s2:5
        pre: (and (RW:at ?v ?l) (RW:in ?p ?v) (R:capacity-predecessor ?s1 ?s2) (RW:capacity ?v ?s1))
        eff: (and (RW:at ?p ?l) (RW:capacity ?v ?s2) (increase (total-cost) 1))
Init[24]:
  S:(capacity-predecessor capacity-0 capacity-0)
  S:(capacity-predecessor capacity-0 capacity-0)
  S:(capacity-predecessor capacity-0 capacity-0)
  S:(capacity-predecessor capacity-0 capacity-0)
  S:(road city-loc-1 city-loc-1)
  S:(road city-loc-1 city-loc-1)
  S:(road city-loc-1 city-loc-2)
  S:(road city-loc-2 city-loc-1)
  S:(road city-loc-1 city-loc-1)
  S:(road city-loc-1 city-loc-1)
  S:(road city-loc-1 city-loc-1)
  S:(road city-loc-1 city-loc-1)
  S:(road city-loc-5 city-loc-2)
  S:(road city-loc-2 city-loc-5)
  S:(road city-loc-5 city-loc-1)
  S:(road city-loc-1 city-loc-5)
  (at package-1 city-loc-1)
  (at package-2 city-loc-1)
  (at package-3 city-loc-1)
  (at package-4 city-loc-2)
  (at truck-1 city-loc-2)
  (capacity truck-1 capacity-0)
  (at truck-1 city-loc-1)
  (capacity truck-1 capacity-0)
Init[13]:
  (= (total-cost) 0)
  (= (road-length city-loc-1 city-loc-1) 40)
  (= (road-length city-loc-1 city-loc-1) 40)
  (= (road-length city-loc-1 city-loc-2) 18)
  (= (road-length city-loc-2 city-loc-1) 18)
  (= (road-length city-loc-1 city-loc-1) 36)
  (= (road-length city-loc-1 city-loc-1) 36)
  (= (road-length city-loc-1 city-loc-1) 37)
  (= (road-length city-loc-1 city-loc-1) 37)
  (= (road-length city-loc-5 city-loc-2) 24)
  (= (road-length city-loc-2 city-loc-5) 24)
  (= (road-length city-loc-5 city-loc-1) 26)
  (= (road-length city-loc-1 city-loc-5) 26)
Goal: (and (RW:at package-1 city-loc-2) (RW:at package-2 city-loc-2) (RW:at package-3 city-loc-1) (RW:at package-4 city-loc-5))
Metric: 1
