 (time-now t0):fam
 (time-now t0) (time-now t1):fam
 (time-now t0) (time-now t1) (time-now t2):fam
 (at truck1 l1) (at truck1 l2) (at truck1 l3) (at truck1 l4):=1:fam
 (time-now t0) (time-now t1) (time-now t2) (time-now t3):fam
 (time-now t0) (time-now t1) (time-now t2) (time-now t3) (time-now t4):fam
 (time-now t0) (time-now t1) (time-now t2) (time-now t3) (time-now t4) (time-now t5):fam
 (at package1 l1) (at package1 l2) (at package1 l3) (at package1 l4) (in package1 truck1 a1) (in package1 truck1 a2) (in package1 truck1 a3):fam
 (at package2 l1) (at package2 l2) (at package2 l3) (at package2 l4) (in package2 truck1 a1) (in package2 truck1 a2) (in package2 truck1 a3):fam
 (at package3 l1) (at package3 l2) (at package3 l3) (at package3 l4) (in package3 truck1 a1) (in package3 truck1 a2) (in package3 truck1 a3):fam
 (at package4 l1) (at package4 l2) (at package4 l3) (at package4 l4) (in package4 truck1 a1) (in package4 truck1 a2) (in package4 truck1 a3):fam
 (at package5 l1) (at package5 l2) (at package5 l3) (at package5 l4) (in package5 truck1 a1) (in package5 truck1 a2) (in package5 truck1 a3):fam
 (at package6 l1) (at package6 l2) (at package6 l3) (at package6 l4) (in package6 truck1 a1) (in package6 truck1 a2) (in package6 truck1 a3):fam
 (at package7 l1) (at package7 l2) (at package7 l3) (at package7 l4) (in package7 truck1 a1) (in package7 truck1 a2) (in package7 truck1 a3):fam
 (at package8 l1) (at package8 l2) (at package8 l3) (at package8 l4) (in package8 truck1 a1) (in package8 truck1 a2) (in package8 truck1 a3):fam
 (at package9 l1) (at package9 l2) (at package9 l3) (at package9 l4) (in package9 truck1 a1) (in package9 truck1 a2) (in package9 truck1 a3):fam
 (time-now t0) (time-now t1) (time-now t2) (time-now t3) (time-now t4) (time-now t5) (time-now t6):fam
 (at package1 l1) (at package1 l2) (at package1 l3) (at package1 l4) (delivered package1 l4 t4) (in package1 truck1 a1) (in package1 truck1 a2) (in package1 truck1 a3):fam:G
 (at package2 l1) (at package2 l2) (at package2 l3) (at package2 l4) (delivered package2 l3 t4) (in package2 truck1 a1) (in package2 truck1 a2) (in package2 truck1 a3):fam:G
 (at package3 l1) (at package3 l2) (at package3 l3) (at package3 l4) (at-destination package3 l1) (in package3 truck1 a1) (in package3 truck1 a2) (in package3 truck1 a3):fam:G
 (at package4 l1) (at package4 l2) (at package4 l3) (at package4 l4) (at-destination package4 l1) (in package4 truck1 a1) (in package4 truck1 a2) (in package4 truck1 a3):fam:G
 (at package5 l1) (at package5 l2) (at package5 l3) (at package5 l4) (at-destination package5 l1) (in package5 truck1 a1) (in package5 truck1 a2) (in package5 truck1 a3):fam:G
 (at package6 l1) (at package6 l2) (at package6 l3) (at package6 l4) (delivered package6 l1 t8) (in package6 truck1 a1) (in package6 truck1 a2) (in package6 truck1 a3):fam:G
 (at package7 l1) (at package7 l2) (at package7 l3) (at package7 l4) (at-destination package7 l1) (in package7 truck1 a1) (in package7 truck1 a2) (in package7 truck1 a3):fam:G
 (at package8 l1) (at package8 l2) (at package8 l3) (at package8 l4) (delivered package8 l3 t12) (in package8 truck1 a1) (in package8 truck1 a2) (in package8 truck1 a3):fam:G
 (at package9 l1) (at package9 l2) (at package9 l3) (at package9 l4) (delivered package9 l3 t12) (in package9 truck1 a1) (in package9 truck1 a2) (in package9 truck1 a3):fam:G
 (time-now t0) (time-now t1) (time-now t2) (time-now t3) (time-now t4) (time-now t5) (time-now t6) (time-now t7):fam
 (time-now t0) (time-now t1) (time-now t2) (time-now t3) (time-now t4) (time-now t5) (time-now t6) (time-now t7) (time-now t8):fam
 (free a1 truck1) (in package1 truck1 a1) (in package2 truck1 a1) (in package3 truck1 a1) (in package4 truck1 a1) (in package5 truck1 a1) (in package6 truck1 a1) (in package7 truck1 a1) (in package8 truck1 a1) (in package9 truck1 a1):=1:fam
 (free a2 truck1) (in package1 truck1 a2) (in package2 truck1 a2) (in package3 truck1 a2) (in package4 truck1 a2) (in package5 truck1 a2) (in package6 truck1 a2) (in package7 truck1 a2) (in package8 truck1 a2) (in package9 truck1 a2):=1:fam
 (free a3 truck1) (in package1 truck1 a3) (in package2 truck1 a3) (in package3 truck1 a3) (in package4 truck1 a3) (in package5 truck1 a3) (in package6 truck1 a3) (in package7 truck1 a3) (in package8 truck1 a3) (in package9 truck1 a3):=1:fam
 (time-now t0) (time-now t1) (time-now t2) (time-now t3) (time-now t4) (time-now t5) (time-now t6) (time-now t7) (time-now t8) (time-now t9):fam
 (time-now t0) (time-now t1) (time-now t10) (time-now t2) (time-now t3) (time-now t4) (time-now t5) (time-now t6) (time-now t7) (time-now t8) (time-now t9):fam
 (time-now t0) (time-now t1) (time-now t10) (time-now t11) (time-now t2) (time-now t3) (time-now t4) (time-now t5) (time-now t6) (time-now t7) (time-now t8) (time-now t9):fam
 (time-now t0) (time-now t1) (time-now t10) (time-now t11) (time-now t12) (time-now t2) (time-now t3) (time-now t4) (time-now t5) (time-now t6) (time-now t7) (time-now t8) (time-now t9):=1:fam

