Symmetric facts:
 (NOT-chosen cdc25c) (NOT-chosen cdk7) (NOT-chosen chk1) (NOT-chosen dmp1) (NOT-chosen e2f13) (NOT-chosen p130-e2f5p1-dp12) (NOT-chosen p16) (NOT-chosen prb-e2f4p1-dp12) (NOT-chosen raf1) (NOT-chosen sp1)
 (NOT-chosen cdk46p3-cycd) (NOT-chosen cdk46p3-cycdp1)
 (NOT-chosen p300) (NOT-chosen pcaf)
 (available cdk46p3-cycd) (available cdk46p3-cycdp1)
 (available p300) (available pcaf)
 (chosen cdk46p3-cycd) (chosen cdk46p3-cycdp1)
 (chosen p300) (chosen pcaf)
Symmetric ops:
 (associate-with-catalyze prbp2 cdk46p3-cycd prbp1p2) (associate-with-catalyze prbp2 cdk46p3-cycdp1 prbp1p2)
 (choose cdc25c l1 l0) (choose cdk7 l1 l0) (choose chk1 l1 l0) (choose dmp1 l1 l0) (choose e2f13 l1 l0) (choose p130-e2f5p1-dp12 l1 l0) (choose p16 l1 l0) (choose prb-e2f4p1-dp12 l1 l0) (choose raf1 l1 l0) (choose sp1 l1 l0)
 (choose cdc25c l2 l1) (choose cdk7 l2 l1) (choose chk1 l2 l1) (choose dmp1 l2 l1) (choose e2f13 l2 l1) (choose p130-e2f5p1-dp12 l2 l1) (choose p16 l2 l1) (choose prb-e2f4p1-dp12 l2 l1) (choose raf1 l2 l1) (choose sp1 l2 l1)
 (choose cdc25c l3 l2) (choose cdk7 l3 l2) (choose chk1 l3 l2) (choose dmp1 l3 l2) (choose e2f13 l3 l2) (choose p130-e2f5p1-dp12 l3 l2) (choose p16 l3 l2) (choose prb-e2f4p1-dp12 l3 l2) (choose raf1 l3 l2) (choose sp1 l3 l2)
 (choose cdk46p3-cycd l1 l0) (choose cdk46p3-cycdp1 l1 l0)
 (choose cdk46p3-cycd l2 l1) (choose cdk46p3-cycdp1 l2 l1)
 (choose cdk46p3-cycd l3 l2) (choose cdk46p3-cycdp1 l3 l2)
 (choose p300 l1 l0) (choose pcaf l1 l0)
 (choose p300 l2 l1) (choose pcaf l2 l1)
 (choose p300 l3 l2) (choose pcaf l3 l2)
 (initialize cdk46p3-cycd) (initialize cdk46p3-cycdp1)
 (initialize p300) (initialize pcaf)
