Reduced 54 -> 27
Domain: data-network
Problem: p10-3-20-ring-network-19
Require: 200ff
Type[5]:
    [0]: object, parent: -1
    [1]: data, parent: 0
    [2]: script, parent: 0
    [3]: server, parent: 0
    [4]: numbers, parent: 0
Obj-by-Type:
    [0]: 0 1 2 3 4 5 6 7 8 9 10 11 12 13 14 15 16 17 18 19 20 21 22 23 24 25 26
    [1]: 0 1 2 3 4 5
    [2]: 6 7 8 9 10 11 12 13 14 15 16 17 18 19
    [3]: 20 21 22 23
    [4]: 24 25 26
Obj[27]:
    [0]: data-0-1, type: 1, is-constant: 0, is-private: 0, owner: -1, is-agent: 0
    [1]: data-0-4, type: 1, is-constant: 0, is-private: 0, owner: -1, is-agent: 0
    [2]: data-0-9, type: 1, is-constant: 0, is-private: 0, owner: -1, is-agent: 0
    [3]: data-1-8, type: 1, is-constant: 0, is-private: 0, owner: -1, is-agent: 0
    [4]: data-2-5, type: 1, is-constant: 0, is-private: 0, owner: -1, is-agent: 0
    [5]: data-2-7, type: 1, is-constant: 0, is-private: 0, owner: -1, is-agent: 0
    [6]: script1, type: 2, is-constant: 0, is-private: 0, owner: -1, is-agent: 0
    [7]: script2, type: 2, is-constant: 0, is-private: 0, owner: -1, is-agent: 0
    [8]: script3, type: 2, is-constant: 0, is-private: 0, owner: -1, is-agent: 0
    [9]: script4, type: 2, is-constant: 0, is-private: 0, owner: -1, is-agent: 0
    [10]: script5, type: 2, is-constant: 0, is-private: 0, owner: -1, is-agent: 0
    [11]: script6, type: 2, is-constant: 0, is-private: 0, owner: -1, is-agent: 0
    [12]: script7, type: 2, is-constant: 0, is-private: 0, owner: -1, is-agent: 0
    [13]: script8, type: 2, is-constant: 0, is-private: 0, owner: -1, is-agent: 0
    [14]: script9, type: 2, is-constant: 0, is-private: 0, owner: -1, is-agent: 0
    [15]: script12, type: 2, is-constant: 0, is-private: 0, owner: -1, is-agent: 0
    [16]: script11, type: 2, is-constant: 0, is-private: 0, owner: -1, is-agent: 0
    [17]: script16, type: 2, is-constant: 0, is-private: 0, owner: -1, is-agent: 0
    [18]: script18, type: 2, is-constant: 0, is-private: 0, owner: -1, is-agent: 0
    [19]: script20, type: 2, is-constant: 0, is-private: 0, owner: -1, is-agent: 0
    [20]: server1, type: 3, is-constant: 0, is-private: 0, owner: -1, is-agent: 0
    [21]: server2, type: 3, is-constant: 0, is-private: 0, owner: -1, is-agent: 0
    [22]: server4, type: 3, is-constant: 0, is-private: 0, owner: -1, is-agent: 0
    [23]: server7, type: 3, is-constant: 0, is-private: 0, owner: -1, is-agent: 0
    [24]: number0, type: 4, is-constant: 0, is-private: 0, owner: -1, is-agent: 0
    [25]: number2, type: 4, is-constant: 0, is-private: 0, owner: -1, is-agent: 0
    [26]: number3, type: 4, is-constant: 0, is-private: 0, owner: -1, is-agent: 0
Predicate[11]:
    =: 0 0 :: is-private: 0, owner-param: -1, read: 0, write: 0
    script-io: 2 1 1 1 :: is-private: 0, owner-param: -1, read: 1, write: 0
    connected: 3 3 :: is-private: 0, owner-param: -1, read: 1, write: 0
    data-size: 1 4 :: is-private: 0, owner-param: -1, read: 1, write: 0
    capacity: 3 4 :: is-private: 0, owner-param: -1, read: 1, write: 0
    sum: 4 4 4 :: is-private: 0, owner-param: -1, read: 1, write: 0
    less-equal: 4 4 :: is-private: 0, owner-param: -1, read: 1, write: 0
    saved: 1 3 :: is-private: 0, owner-param: -1, read: 1, write: 1
    cached: 1 3 :: is-private: 0, owner-param: -1, read: 1, write: 1, neg-of: 10
    usage: 3 4 :: is-private: 0, owner-param: -1, read: 1, write: 1
    NOT-cached: 1 3 :: is-private: 0, owner-param: -1, read: 1, write: 1, neg-of: 8
Function[4]:
    total-cost: :: is-private: 0, owner-param: -1, read: 0, write: 0
    process-cost: 2 3 :: is-private: 0, owner-param: -1, read: 0, write: 0
    send-cost: 3 3 4 :: is-private: 0, owner-param: -1, read: 0, write: 0
    io-cost: 3 4 :: is-private: 0, owner-param: -1, read: 0, write: 0
Action[5]:
    release: ?d:1 ?s:3 ?size:4 ?before:4 ?after:4
        pre: (and (R:data-size ?d ?size) (R:sum ?after ?size ?before) (RW:cached ?d ?s) (RW:usage ?s ?before))
        eff: (and (RW:usage ?s ?after) (increase (total-cost) 0) (RW:NOT-cached ?d ?s))
    save: ?d:1 ?size:4 ?s:3
        pre: (and (R:data-size ?d ?size) (RW:cached ?d ?s))
        eff: (and (RW:saved ?d ?s) (increase (total-cost) (io-cost ?s ?size)))
    load: ?d:1 ?s:3 ?size:4 ?limit:4 ?before:4 ?after:4
        pre: (and (R:data-size ?d ?size) (R:capacity ?s ?limit) (R:sum ?before ?size ?after) (R:less-equal ?after ?limit) (RW:saved ?d ?s) (RW:NOT-cached ?d ?s) (RW:usage ?s ?before))
        eff: (and (RW:usage ?s ?after) (increase (total-cost) (io-cost ?s ?size)) (RW:cached ?d ?s))
    send: ?d:1 ?from:3 ?to:3 ?size:4 ?limit:4 ?before:4 ?after:4
        pre: (and (R:connected ?from ?to) (R:data-size ?d ?size) (R:capacity ?to ?limit) (R:sum ?before ?size ?after) (R:less-equal ?after ?limit) (RW:cached ?d ?from) (RW:NOT-cached ?d ?to) (RW:usage ?to ?before))
        eff: (and (RW:usage ?to ?after) (increase (total-cost) (send-cost ?from ?to ?size)) (RW:cached ?d ?to))
    process: ?in1:1 ?in2:1 ?out:1 ?sc:2 ?s:3 ?size:4 ?limit:4 ?before:4 ?after:4
        pre: (and (R:script-io ?sc ?in1 ?in2 ?out) (R:data-size ?out ?size) (R:capacity ?s ?limit) (R:sum ?before ?size ?after) (R:less-equal ?after ?limit) (RW:cached ?in1 ?s) (RW:cached ?in2 ?s) (RW:NOT-cached ?out ?s) (RW:usage ?s ?before))
        eff: (and (RW:usage ?s ?after) (increase (total-cost) (process-cost ?sc ?s)) (RW:cached ?out ?s))
Init[133]:
  S:(script-io script1 data-0-9 data-0-4 data-1-8)
  S:(script-io script2 data-0-4 data-0-9 data-0-9)
  S:(script-io script3 data-0-9 data-0-4 data-0-1)
  S:(script-io script4 data-0-9 data-0-4 data-2-5)
  S:(script-io script5 data-0-9 data-1-8 data-2-7)
  S:(script-io script6 data-1-8 data-0-9 data-1-8)
  S:(script-io script7 data-0-9 data-0-1 data-0-9)
  S:(script-io script8 data-0-4 data-0-9 data-0-1)
  S:(script-io script9 data-0-9 data-0-4 data-2-7)
  S:(script-io script3 data-0-9 data-0-9 data-2-7)
  S:(script-io script11 data-0-1 data-0-9 data-1-8)
  S:(script-io script12 data-1-8 data-0-1 data-1-8)
  S:(script-io script9 data-1-8 data-0-4 data-1-8)
  S:(script-io script5 data-0-1 data-0-9 data-2-7)
  S:(script-io script16 data-1-8 data-0-4 data-2-7)
  S:(script-io script2 data-0-1 data-0-9 data-0-1)
  S:(script-io script18 data-0-9 data-0-9 data-0-9)
  S:(script-io script20 data-0-1 data-0-9 data-1-8)
  S:(connected server1 server2)
  S:(connected server2 server1)
  S:(connected server1 server4)
  S:(connected server4 server1)
  S:(connected server1 server7)
  S:(connected server7 server1)
  S:(connected server2 server2)
  S:(connected server2 server4)
  S:(connected server4 server2)
  S:(connected server4 server7)
  S:(connected server7 server4)
  S:(connected server7 server2)
  S:(connected server2 server7)
  S:(data-size data-0-1 number0)
  S:(data-size data-0-4 number0)
  S:(data-size data-0-9 number3)
  S:(data-size data-0-1 number3)
  S:(data-size data-0-9 number2)
  S:(data-size data-1-8 number0)
  S:(data-size data-2-5 number0)
  S:(data-size data-1-8 number3)
  S:(data-size data-2-7 number3)
  S:(capacity server1 number2)
  S:(capacity server2 number3)
  S:(capacity server4 number3)
  S:(capacity server7 number3)
  S:(sum number0 number0 number0)
  S:(sum number0 number2 number2)
  S:(sum number0 number3 number3)
  S:(sum number0 number0 number0)
  S:(sum number0 number0 number0)
  S:(sum number0 number0 number2)
  S:(sum number0 number2 number3)
  S:(sum number0 number3 number0)
  S:(sum number0 number0 number0)
  S:(sum number0 number0 number0)
  S:(sum number2 number0 number3)
  S:(sum number2 number2 number0)
  S:(sum number2 number3 number0)
  S:(sum number2 number0 number0)
  S:(sum number2 number0 number0)
  S:(sum number3 number0 number0)
  S:(sum number3 number2 number0)
  S:(sum number3 number3 number0)
  S:(sum number3 number0 number0)
  S:(sum number3 number0 number3)
  S:(sum number0 number0 number0)
  S:(sum number0 number2 number0)
  S:(sum number0 number3 number0)
  S:(sum number0 number0 number3)
  S:(sum number0 number0 number0)
  S:(sum number0 number0 number0)
  S:(sum number0 number2 number0)
  S:(sum number0 number3 number3)
  S:(sum number0 number0 number0)
  S:(sum number0 number0 number0)
  S:(sum number0 number0 number0)
  S:(sum number0 number2 number3)
  S:(sum number0 number0 number3)
  S:(sum number3 number2 number0)
  S:(sum number3 number0 number0)
  S:(sum number3 number0 number0)
  S:(sum number0 number3 number0)
  S:(sum number0 number2 number0)
  S:(sum number0 number0 number2)
  S:(sum number0 number3 number0)
  S:(sum number0 number0 number2)
  S:(sum number0 number3 number2)
  S:(sum number0 number0 number2)
  S:(less-equal number0 number3)
  S:(less-equal number0 number2)
  S:(less-equal number2 number3)
  S:(less-equal number2 number2)
  S:(less-equal number3 number3)
  S:(less-equal number3 number2)
  S:(less-equal number0 number3)
  S:(less-equal number0 number2)
  S:(less-equal number0 number3)
  S:(less-equal number0 number2)
  (saved data-0-1 server2)
  (saved data-0-4 server2)
  (saved data-0-9 server2)
  (saved data-0-9 server1)
  (usage server1 number0)
  (usage server2 number0)
  (usage server4 number0)
  (usage server7 number0)
  (NOT-cached data-0-1 server1)
  (NOT-cached data-0-1 server2)
  (NOT-cached data-0-1 server4)
  (NOT-cached data-0-1 server7)
  (NOT-cached data-0-4 server1)
  (NOT-cached data-0-4 server2)
  (NOT-cached data-0-4 server4)
  (NOT-cached data-0-4 server7)
  (NOT-cached data-0-9 server1)
  (NOT-cached data-0-9 server2)
  (NOT-cached data-0-9 server4)
  (NOT-cached data-0-9 server7)
  (NOT-cached data-0-1 server1)
  (NOT-cached data-0-1 server2)
  (NOT-cached data-0-1 server4)
  (NOT-cached data-0-1 server7)
  (NOT-cached data-1-8 server1)
  (NOT-cached data-1-8 server2)
  (NOT-cached data-1-8 server4)
  (NOT-cached data-1-8 server7)
  (NOT-cached data-2-5 server1)
  (NOT-cached data-2-5 server2)
  (NOT-cached data-2-5 server4)
  (NOT-cached data-2-5 server7)
  (NOT-cached data-2-7 server1)
  (NOT-cached data-2-7 server2)
  (NOT-cached data-2-7 server4)
  (NOT-cached data-2-7 server7)
Init[296]:
  (= (total-cost) 0)
  (= (process-cost script1 server1) 9)
  (= (process-cost script1 server2) 18)
  (= (process-cost script1 server2) 18)
  (= (process-cost script1 server4) 26)
  (= (process-cost script1 server2) 21)
  (= (process-cost script1 server4) 13)
  (= (process-cost script1 server7) 17)
  (= (process-cost script2 server1) 8)
  (= (process-cost script2 server2) 20)
  (= (process-cost script2 server2) 22)
  (= (process-cost script2 server4) 13)
  (= (process-cost script2 server2) 22)
  (= (process-cost script2 server4) 20)
  (= (process-cost script2 server7) 22)
  (= (process-cost script3 server1) 5)
  (= (process-cost script3 server2) 22)
  (= (process-cost script3 server2) 20)
  (= (process-cost script3 server4) 19)
  (= (process-cost script3 server2) 22)
  (= (process-cost script3 server4) 17)
  (= (process-cost script3 server7) 21)
  (= (process-cost script4 server1) 9)
  (= (process-cost script4 server2) 16)
  (= (process-cost script4 server2) 17)
  (= (process-cost script4 server4) 18)
  (= (process-cost script4 server2) 21)
  (= (process-cost script4 server4) 16)
  (= (process-cost script4 server7) 19)
  (= (process-cost script5 server1) 9)
  (= (process-cost script5 server2) 19)
  (= (process-cost script5 server2) 15)
  (= (process-cost script5 server4) 26)
  (= (process-cost script5 server2) 18)
  (= (process-cost script5 server4) 12)
  (= (process-cost script5 server7) 20)
  (= (process-cost script6 server1) 11)
  (= (process-cost script6 server2) 17)
  (= (process-cost script6 server2) 19)
  (= (process-cost script6 server4) 15)
  (= (process-cost script6 server2) 23)
  (= (process-cost script6 server4) 23)
  (= (process-cost script6 server7) 18)
  (= (process-cost script7 server1) 9)
  (= (process-cost script7 server2) 30)
  (= (process-cost script7 server2) 14)
  (= (process-cost script7 server4) 17)
  (= (process-cost script7 server2) 15)
  (= (process-cost script7 server4) 24)
  (= (process-cost script7 server7) 20)
  (= (process-cost script8 server1) 8)
  (= (process-cost script8 server2) 18)
  (= (process-cost script8 server2) 25)
  (= (process-cost script8 server4) 25)
  (= (process-cost script8 server2) 21)
  (= (process-cost script8 server4) 15)
  (= (process-cost script8 server7) 15)
  (= (process-cost script9 server1) 11)
  (= (process-cost script9 server2) 28)
  (= (process-cost script9 server2) 18)
  (= (process-cost script9 server4) 16)
  (= (process-cost script9 server2) 22)
  (= (process-cost script9 server4) 16)
  (= (process-cost script9 server7) 20)
  (= (process-cost script3 server1) 11)
  (= (process-cost script3 server2) 23)
  (= (process-cost script3 server2) 26)
  (= (process-cost script3 server4) 19)
  (= (process-cost script3 server2) 24)
  (= (process-cost script3 server4) 19)
  (= (process-cost script3 server7) 18)
  (= (process-cost script11 server1) 10)
  (= (process-cost script11 server2) 23)
  (= (process-cost script11 server2) 21)
  (= (process-cost script11 server4) 22)
  (= (process-cost script11 server2) 20)
  (= (process-cost script11 server4) 18)
  (= (process-cost script11 server7) 17)
  (= (process-cost script12 server1) 14)
  (= (process-cost script12 server2) 20)
  (= (process-cost script12 server2) 17)
  (= (process-cost script12 server4) 18)
  (= (process-cost script12 server2) 18)
  (= (process-cost script12 server4) 22)
  (= (process-cost script12 server7) 18)
  (= (process-cost script9 server1) 9)
  (= (process-cost script9 server2) 21)
  (= (process-cost script9 server2) 17)
  (= (process-cost script9 server4) 15)
  (= (process-cost script9 server2) 17)
  (= (process-cost script9 server4) 18)
  (= (process-cost script9 server7) 15)
  (= (process-cost script5 server1) 9)
  (= (process-cost script5 server2) 16)
  (= (process-cost script5 server2) 16)
  (= (process-cost script5 server4) 18)
  (= (process-cost script5 server2) 16)
  (= (process-cost script5 server4) 27)
  (= (process-cost script5 server7) 16)
  (= (process-cost script11 server1) 5)
  (= (process-cost script11 server2) 14)
  (= (process-cost script11 server2) 18)
  (= (process-cost script11 server4) 26)
  (= (process-cost script11 server2) 24)
  (= (process-cost script11 server4) 18)
  (= (process-cost script11 server7) 14)
  (= (process-cost script16 server1) 11)
  (= (process-cost script16 server2) 15)
  (= (process-cost script16 server2) 21)
  (= (process-cost script16 server4) 24)
  (= (process-cost script16 server2) 21)
  (= (process-cost script16 server4) 17)
  (= (process-cost script16 server7) 26)
  (= (process-cost script2 server1) 11)
  (= (process-cost script2 server2) 21)
  (= (process-cost script2 server2) 19)
  (= (process-cost script2 server4) 15)
  (= (process-cost script2 server2) 17)
  (= (process-cost script2 server4) 24)
  (= (process-cost script2 server7) 20)
  (= (process-cost script18 server1) 8)
  (= (process-cost script18 server2) 17)
  (= (process-cost script18 server2) 19)
  (= (process-cost script18 server4) 16)
  (= (process-cost script18 server2) 14)
  (= (process-cost script18 server4) 25)
  (= (process-cost script18 server7) 24)
  (= (process-cost script2 server1) 11)
  (= (process-cost script2 server2) 17)
  (= (process-cost script2 server2) 18)
  (= (process-cost script2 server4) 21)
  (= (process-cost script2 server2) 19)
  (= (process-cost script2 server4) 18)
  (= (process-cost script2 server7) 26)
  (= (process-cost script20 server1) 8)
  (= (process-cost script20 server2) 12)
  (= (process-cost script20 server2) 11)
  (= (process-cost script20 server4) 22)
  (= (process-cost script20 server2) 25)
  (= (process-cost script20 server4) 19)
  (= (process-cost script20 server7) 30)
  (= (send-cost server1 server2 number0) 20)
  (= (send-cost server2 server1 number0) 20)
  (= (send-cost server1 server2 number2) 40)
  (= (send-cost server2 server1 number2) 40)
  (= (send-cost server1 server2 number3) 60)
  (= (send-cost server2 server1 number3) 60)
  (= (send-cost server1 server2 number0) 80)
  (= (send-cost server2 server1 number0) 80)
  (= (send-cost server1 server2 number0) 100)
  (= (send-cost server2 server1 number0) 100)
  (= (send-cost server1 server2 number0) 20)
  (= (send-cost server2 server1 number0) 20)
  (= (send-cost server1 server2 number2) 40)
  (= (send-cost server2 server1 number2) 40)
  (= (send-cost server1 server2 number3) 60)
  (= (send-cost server2 server1 number3) 60)
  (= (send-cost server1 server2 number0) 80)
  (= (send-cost server2 server1 number0) 80)
  (= (send-cost server1 server2 number0) 100)
  (= (send-cost server2 server1 number0) 100)
  (= (send-cost server1 server4 number0) 20)
  (= (send-cost server4 server1 number0) 20)
  (= (send-cost server1 server4 number2) 40)
  (= (send-cost server4 server1 number2) 40)
  (= (send-cost server1 server4 number3) 60)
  (= (send-cost server4 server1 number3) 60)
  (= (send-cost server1 server4 number0) 80)
  (= (send-cost server4 server1 number0) 80)
  (= (send-cost server1 server4 number0) 100)
  (= (send-cost server4 server1 number0) 100)
  (= (send-cost server1 server2 number0) 20)
  (= (send-cost server2 server1 number0) 20)
  (= (send-cost server1 server2 number2) 40)
  (= (send-cost server2 server1 number2) 40)
  (= (send-cost server1 server2 number3) 60)
  (= (send-cost server2 server1 number3) 60)
  (= (send-cost server1 server2 number0) 80)
  (= (send-cost server2 server1 number0) 80)
  (= (send-cost server1 server2 number0) 100)
  (= (send-cost server2 server1 number0) 100)
  (= (send-cost server1 server4 number0) 20)
  (= (send-cost server4 server1 number0) 20)
  (= (send-cost server1 server4 number2) 40)
  (= (send-cost server4 server1 number2) 40)
  (= (send-cost server1 server4 number3) 60)
  (= (send-cost server4 server1 number3) 60)
  (= (send-cost server1 server4 number0) 80)
  (= (send-cost server4 server1 number0) 80)
  (= (send-cost server1 server4 number0) 100)
  (= (send-cost server4 server1 number0) 100)
  (= (send-cost server1 server7 number0) 20)
  (= (send-cost server7 server1 number0) 20)
  (= (send-cost server1 server7 number2) 40)
  (= (send-cost server7 server1 number2) 40)
  (= (send-cost server1 server7 number3) 60)
  (= (send-cost server7 server1 number3) 60)
  (= (send-cost server1 server7 number0) 80)
  (= (send-cost server7 server1 number0) 80)
  (= (send-cost server1 server7 number0) 100)
  (= (send-cost server7 server1 number0) 100)
  (= (send-cost server2 server2 number0) 2)
  (= (send-cost server2 server2 number0) 2)
  (= (send-cost server2 server2 number2) 4)
  (= (send-cost server2 server2 number2) 4)
  (= (send-cost server2 server2 number3) 6)
  (= (send-cost server2 server2 number3) 6)
  (= (send-cost server2 server2 number0) 8)
  (= (send-cost server2 server2 number0) 8)
  (= (send-cost server2 server2 number0) 10)
  (= (send-cost server2 server2 number0) 10)
  (= (send-cost server2 server4 number0) 2)
  (= (send-cost server4 server2 number0) 2)
  (= (send-cost server2 server4 number2) 4)
  (= (send-cost server4 server2 number2) 4)
  (= (send-cost server2 server4 number3) 6)
  (= (send-cost server4 server2 number3) 6)
  (= (send-cost server2 server4 number0) 8)
  (= (send-cost server4 server2 number0) 8)
  (= (send-cost server2 server4 number0) 10)
  (= (send-cost server4 server2 number0) 10)
  (= (send-cost server4 server2 number0) 2)
  (= (send-cost server2 server4 number0) 2)
  (= (send-cost server4 server2 number2) 4)
  (= (send-cost server2 server4 number2) 4)
  (= (send-cost server4 server2 number3) 6)
  (= (send-cost server2 server4 number3) 6)
  (= (send-cost server4 server2 number0) 8)
  (= (send-cost server2 server4 number0) 8)
  (= (send-cost server4 server2 number0) 10)
  (= (send-cost server2 server4 number0) 10)
  (= (send-cost server2 server4 number0) 2)
  (= (send-cost server4 server2 number0) 2)
  (= (send-cost server2 server4 number2) 4)
  (= (send-cost server4 server2 number2) 4)
  (= (send-cost server2 server4 number3) 6)
  (= (send-cost server4 server2 number3) 6)
  (= (send-cost server2 server4 number0) 8)
  (= (send-cost server4 server2 number0) 8)
  (= (send-cost server2 server4 number0) 10)
  (= (send-cost server4 server2 number0) 10)
  (= (send-cost server4 server7 number0) 2)
  (= (send-cost server7 server4 number0) 2)
  (= (send-cost server4 server7 number2) 4)
  (= (send-cost server7 server4 number2) 4)
  (= (send-cost server4 server7 number3) 6)
  (= (send-cost server7 server4 number3) 6)
  (= (send-cost server4 server7 number0) 8)
  (= (send-cost server7 server4 number0) 8)
  (= (send-cost server4 server7 number0) 10)
  (= (send-cost server7 server4 number0) 10)
  (= (send-cost server7 server2 number0) 2)
  (= (send-cost server2 server7 number0) 2)
  (= (send-cost server7 server2 number2) 4)
  (= (send-cost server2 server7 number2) 4)
  (= (send-cost server7 server2 number3) 6)
  (= (send-cost server2 server7 number3) 6)
  (= (send-cost server7 server2 number0) 8)
  (= (send-cost server2 server7 number0) 8)
  (= (send-cost server7 server2 number0) 10)
  (= (send-cost server2 server7 number0) 10)
  (= (io-cost server1 number0) 1)
  (= (io-cost server1 number2) 2)
  (= (io-cost server1 number3) 3)
  (= (io-cost server1 number0) 4)
  (= (io-cost server1 number0) 5)
  (= (io-cost server2 number0) 2)
  (= (io-cost server2 number2) 4)
  (= (io-cost server2 number3) 6)
  (= (io-cost server2 number0) 8)
  (= (io-cost server2 number0) 10)
  (= (io-cost server2 number0) 2)
  (= (io-cost server2 number2) 4)
  (= (io-cost server2 number3) 6)
  (= (io-cost server2 number0) 8)
  (= (io-cost server2 number0) 10)
  (= (io-cost server4 number0) 2)
  (= (io-cost server4 number2) 4)
  (= (io-cost server4 number3) 6)
  (= (io-cost server4 number0) 8)
  (= (io-cost server4 number0) 10)
  (= (io-cost server2 number0) 2)
  (= (io-cost server2 number2) 4)
  (= (io-cost server2 number3) 6)
  (= (io-cost server2 number0) 8)
  (= (io-cost server2 number0) 10)
  (= (io-cost server4 number0) 2)
  (= (io-cost server4 number2) 4)
  (= (io-cost server4 number3) 6)
  (= (io-cost server4 number0) 8)
  (= (io-cost server4 number0) 10)
  (= (io-cost server7 number0) 2)
  (= (io-cost server7 number2) 4)
  (= (io-cost server7 number3) 6)
  (= (io-cost server7 number0) 8)
  (= (io-cost server7 number0) 10)
Goal: (and (RW:saved data-2-5 server4) (RW:saved data-1-8 server7) (RW:saved data-2-7 server1))
Metric: 1
