Goal:
   (knows-bob-secret_info) (mandatory_step-bob)
   + (authenticated-bob_uid-yeti) (authenticated-greg_uid-sherpa) (connected-dmss2) (connecting-dmss2) (dms_authenticated-dmss2-greg_uid) (dms_established-dmss2)
(auth_to_dms-everest-bob_dms_pwd-bob_uid-dmss1)
   (connected-dmss1) (dms_session_pwd-dmss1-bob_dms_pwd) (not-dms_established-dmss1) (pmode-m_dms_auth)
   + (authenticated-bob_uid-yeti) (connecting-dmss1)
(auth_to_dms-everest-greg_dms_pwd-greg_uid-dmss2)
   (connected-dmss2) (dms_session_pwd-dmss2-greg_dms_pwd) (not-dms_established-dmss2) (pmode-m_dms_auth)
   + (authenticated-greg_uid-sherpa) (connecting-dmss2)
(dms_begin_session-dmss1)
   (not-connecting-dmss1) (pmode-m_free)
   + (not-connected-dmss1) (not-dms_established-dmss1)
(dms_begin_session-dmss2)
   (not-connecting-dmss2) (pmode-m_free)
   + (not-connected-dmss2) (not-dms_established-dmss2)
(dms_client_find-sherpa-proc_0-iexplorer-greg-dmss2)
   (at_host-greg-sherpa) (connecting-dmss2) (has_process-sherpa-proc_0) (not-connected-dmss2) (not-dms_established-dmss2) (pmode-m_dms_sess) (running_prog-sherpa-proc_0-iexplorer)
   + (authenticated-greg_uid-sherpa) (euid-sherpa-proc_0-greg_uid)
(dms_client_find-sherpa-proc_1-iexplorer-greg-dmss2)
   (at_host-greg-sherpa) (connecting-dmss2) (has_process-sherpa-proc_1) (not-connected-dmss2) (not-dms_established-dmss2) (pmode-m_dms_sess) (running_prog-sherpa-proc_1-iexplorer)
   + (authenticated-greg_uid-sherpa) (euid-sherpa-proc_1-greg_uid)
(dms_client_find-sherpa-proc_2-iexplorer-greg-dmss2)
   (at_host-greg-sherpa) (connecting-dmss2) (has_process-sherpa-proc_2) (not-connected-dmss2) (not-dms_established-dmss2) (pmode-m_dms_sess) (running_prog-sherpa-proc_2-iexplorer)
   + (authenticated-greg_uid-sherpa) (euid-sherpa-proc_2-greg_uid)
(dms_client_find-sherpa-proc_3-iexplorer-greg-dmss2)
   (at_host-greg-sherpa) (connecting-dmss2) (has_process-sherpa-proc_3) (not-connected-dmss2) (not-dms_established-dmss2) (pmode-m_dms_sess) (running_prog-sherpa-proc_3-iexplorer)
   + (authenticated-greg_uid-sherpa) (euid-sherpa-proc_3-greg_uid)
(dms_client_find-yeti-proc_0-iexplorer-bob-dmss1)
   (at_host-bob-yeti) (connecting-dmss1) (has_process-yeti-proc_0) (not-connected-dmss1) (not-dms_established-dmss1) (pmode-m_dms_sess) (running_prog-yeti-proc_0-iexplorer)
   + (authenticated-bob_uid-yeti) (euid-yeti-proc_0-bob_uid)
(dms_client_find-yeti-proc_1-iexplorer-bob-dmss1)
   (at_host-bob-yeti) (connecting-dmss1) (has_process-yeti-proc_1) (not-connected-dmss1) (not-dms_established-dmss1) (pmode-m_dms_sess) (running_prog-yeti-proc_1-iexplorer)
   + (authenticated-bob_uid-yeti) (euid-yeti-proc_1-bob_uid)
(dms_client_find-yeti-proc_2-iexplorer-bob-dmss1)
   (at_host-bob-yeti) (connecting-dmss1) (has_process-yeti-proc_2) (not-connected-dmss1) (not-dms_established-dmss1) (pmode-m_dms_sess) (running_prog-yeti-proc_2-iexplorer)
   + (authenticated-bob_uid-yeti) (euid-yeti-proc_2-bob_uid)
(dms_client_find-yeti-proc_3-iexplorer-bob-dmss1)
   (at_host-bob-yeti) (connecting-dmss1) (has_process-yeti-proc_3) (not-connected-dmss1) (not-dms_established-dmss1) (pmode-m_dms_sess) (running_prog-yeti-proc_3-iexplorer)
   + (authenticated-bob_uid-yeti) (euid-yeti-proc_3-bob_uid)
(dms_enter_password-bob-yeti-bob_dms_pwd-dmss1)
   (dms_session_client-dmss1-yeti) (dms_session_real_user-dmss1-bob) (not-dms_established-dmss1) (pmode-m_dms_know)
   + (authenticated-bob_uid-yeti) (connecting-dmss1)
(dms_enter_password-bob-yeti-bob_pgp_pwd-dmss1)
   (dms_session_client-dmss1-yeti) (dms_session_real_user-dmss1-bob) (not-dms_established-dmss1) (pmode-m_dms_know)
   + (authenticated-bob_uid-yeti) (connecting-dmss1)
(dms_enter_password-bob-yeti-bob_pwd-dmss1)
   (dms_session_client-dmss1-yeti) (dms_session_real_user-dmss1-bob) (not-dms_established-dmss1) (pmode-m_dms_know)
   + (authenticated-bob_uid-yeti) (connecting-dmss1)
(dms_enter_password-bob-yeti-secret_info-dmss1)
   (dms_session_client-dmss1-yeti) (dms_session_real_user-dmss1-bob) (knows-bob-secret_info) (not-dms_established-dmss1) (pmode-m_dms_know)
   + (authenticated-bob_uid-yeti) (authenticated-greg_uid-sherpa) (connected-dmss2) (connecting-dmss1) (connecting-dmss2) (dms_authenticated-dmss2-greg_uid) (dms_established-dmss2)
(dms_enter_password-greg-sherpa-greg_dms_pwd-dmss2)
   (dms_session_client-dmss2-sherpa) (dms_session_real_user-dmss2-greg) (not-dms_established-dmss2) (pmode-m_dms_know)
   + (authenticated-greg_uid-sherpa) (connecting-dmss2)
(dms_enter_password-greg-sherpa-greg_pwd-dmss2)
   (dms_session_client-dmss2-sherpa) (dms_session_real_user-dmss2-greg) (not-dms_established-dmss2) (pmode-m_dms_know)
   + (authenticated-greg_uid-sherpa) (connecting-dmss2)
(dms_req_begin-dmss1-bob-yeti)
   (at_host-bob-yeti) (dms_established-dmss1) (dms_session_client-dmss1-yeti) (pmode-m_free)
   + (authenticated-bob_uid-yeti) (connected-dmss1) (connecting-dmss1)
(dms_req_begin-dmss2-greg-sherpa)
   (at_host-greg-sherpa) (dms_established-dmss2) (dms_session_client-dmss2-sherpa) (pmode-m_free)
   + (authenticated-greg_uid-sherpa) (connected-dmss2) (connecting-dmss2) (dms_authenticated-dmss2-greg_uid)
(dms_request-dmss2-e_secret_doc-everest-greg_uid-admin_gid)
   (dms_authenticated-dmss2-greg_uid) (dms_request_in_progress-dmss2) (dms_session_server-dmss2-everest) (pmode-m_dms_request)
   + (authenticated-greg_uid-sherpa) (connected-dmss2) (connecting-dmss2) (dms_established-dmss2)
(dms_route-sherpa-everest-dmss2)
   (dms_session_client-dmss2-sherpa) (dms_session_server-dmss2-everest) (not-connected-dmss2) (not-dms_established-dmss2) (pmode-m_dms_connect)
   + (authenticated-greg_uid-sherpa) (connecting-dmss2)
(dms_route-yeti-everest-dmss1)
   (dms_session_client-dmss1-yeti) (dms_session_server-dmss1-everest) (not-connected-dmss1) (not-dms_established-dmss1) (pmode-m_dms_connect)
   + (authenticated-bob_uid-yeti) (connecting-dmss1)
(dms_send-dmss2-sherpa-proc_0-e_secret_doc)
   (dms_request_in_progress-dmss2) (dms_requesting-dmss2-e_secret_doc) (dms_session_client-dmss2-sherpa) (dms_session_cproc-dmss2-proc_0) (pmode-m_dms_send)
   + (authenticated-greg_uid-sherpa) (connected-dmss2) (connecting-dmss2) (dms_authenticated-dmss2-greg_uid) (dms_established-dmss2) (euid-sherpa-proc_0-greg_uid) (has_process-sherpa-proc_0)
(dms_send-dmss2-sherpa-proc_1-e_secret_doc)
   (dms_request_in_progress-dmss2) (dms_requesting-dmss2-e_secret_doc) (dms_session_client-dmss2-sherpa) (dms_session_cproc-dmss2-proc_1) (pmode-m_dms_send)
   + (authenticated-greg_uid-sherpa) (connected-dmss2) (connecting-dmss2) (dms_authenticated-dmss2-greg_uid) (dms_established-dmss2) (euid-sherpa-proc_1-greg_uid) (has_process-sherpa-proc_1)
(dms_send-dmss2-sherpa-proc_2-e_secret_doc)
   (dms_request_in_progress-dmss2) (dms_requesting-dmss2-e_secret_doc) (dms_session_client-dmss2-sherpa) (dms_session_cproc-dmss2-proc_2) (pmode-m_dms_send)
   + (authenticated-greg_uid-sherpa) (connected-dmss2) (connecting-dmss2) (dms_authenticated-dmss2-greg_uid) (dms_established-dmss2) (euid-sherpa-proc_2-greg_uid) (has_process-sherpa-proc_2)
(dms_send-dmss2-sherpa-proc_3-e_secret_doc)
   (dms_request_in_progress-dmss2) (dms_requesting-dmss2-e_secret_doc) (dms_session_client-dmss2-sherpa) (dms_session_cproc-dmss2-proc_3) (pmode-m_dms_send)
   + (authenticated-greg_uid-sherpa) (connected-dmss2) (connecting-dmss2) (dms_authenticated-dmss2-greg_uid) (dms_established-dmss2) (euid-sherpa-proc_3-greg_uid) (has_process-sherpa-proc_3)
(enter_password-adam-adam_uid-bigfoot-adam_pwd)
   (console_user-adam-adam_uid-bigfoot) (not-authenticated-adam_uid-bigfoot) (pmode-m_wait_pass)
   + (not-has_process-bigfoot-proc_0) (not-has_process-bigfoot-proc_1) (not-has_process-bigfoot-proc_2) (not-has_process-bigfoot-proc_3)
(enter_password-bob-bob_uid-yeti-bob_pwd)
   (console_user-bob-bob_uid-yeti) (not-authenticated-bob_uid-yeti) (pmode-m_wait_pass)
   + (not-connected-dmss1) (not-dms_established-dmss1) (not-has_process-yeti-proc_0) (not-has_process-yeti-proc_1) (not-has_process-yeti-proc_2) (not-has_process-yeti-proc_3)
(enter_password-greg-greg_uid-sherpa-greg_pwd)
   (console_user-greg-greg_uid-sherpa) (not-authenticated-greg_uid-sherpa) (pmode-m_wait_pass)
   + (not-connected-dmss2) (not-dms_established-dmss2) (not-has_process-sherpa-proc_0) (not-has_process-sherpa-proc_1) (not-has_process-sherpa-proc_2) (not-has_process-sherpa-proc_3)
(enter_uname-adam-adam_uid-bigfoot)
   (at_host-adam-bigfoot) (console_user-nobody-nouid-bigfoot) (pmode-m_free)
   + (not-authenticated-adam_uid-bigfoot) (not-has_process-bigfoot-proc_0) (not-has_process-bigfoot-proc_1) (not-has_process-bigfoot-proc_2) (not-has_process-bigfoot-proc_3)
(enter_uname-adam-bob_uid-bigfoot)
   (at_host-adam-bigfoot) (console_user-nobody-nouid-bigfoot) (pmode-m_free)
   + (not-authenticated-adam_uid-bigfoot) (not-has_process-bigfoot-proc_0) (not-has_process-bigfoot-proc_1) (not-has_process-bigfoot-proc_2) (not-has_process-bigfoot-proc_3)
(enter_uname-adam-dms_uid-bigfoot)
   (at_host-adam-bigfoot) (console_user-nobody-nouid-bigfoot) (pmode-m_free)
   + (not-authenticated-adam_uid-bigfoot) (not-has_process-bigfoot-proc_0) (not-has_process-bigfoot-proc_1) (not-has_process-bigfoot-proc_2) (not-has_process-bigfoot-proc_3)
(enter_uname-adam-greg_uid-bigfoot)
   (at_host-adam-bigfoot) (console_user-nobody-nouid-bigfoot) (pmode-m_free)
   + (not-authenticated-adam_uid-bigfoot) (not-has_process-bigfoot-proc_0) (not-has_process-bigfoot-proc_1) (not-has_process-bigfoot-proc_2) (not-has_process-bigfoot-proc_3)
(enter_uname-adam-nouid-bigfoot)
   (at_host-adam-bigfoot) (console_user-nobody-nouid-bigfoot) (pmode-m_free)
   + (not-authenticated-adam_uid-bigfoot) (not-has_process-bigfoot-proc_0) (not-has_process-bigfoot-proc_1) (not-has_process-bigfoot-proc_2) (not-has_process-bigfoot-proc_3)
(enter_uname-adam-sys_uid-bigfoot)
   (at_host-adam-bigfoot) (console_user-nobody-nouid-bigfoot) (pmode-m_free)
   + (not-authenticated-adam_uid-bigfoot) (not-has_process-bigfoot-proc_0) (not-has_process-bigfoot-proc_1) (not-has_process-bigfoot-proc_2) (not-has_process-bigfoot-proc_3)
(enter_uname-bob-adam_uid-yeti)
   (at_host-bob-yeti) (console_user-nobody-nouid-yeti) (pmode-m_free)
   + (not-authenticated-bob_uid-yeti) (not-connected-dmss1) (not-dms_established-dmss1) (not-has_process-yeti-proc_0) (not-has_process-yeti-proc_1) (not-has_process-yeti-proc_2) (not-has_process-yeti-proc_3)
(enter_uname-bob-bob_uid-yeti)
   (at_host-bob-yeti) (console_user-nobody-nouid-yeti) (pmode-m_free)
   + (not-authenticated-bob_uid-yeti) (not-connected-dmss1) (not-dms_established-dmss1) (not-has_process-yeti-proc_0) (not-has_process-yeti-proc_1) (not-has_process-yeti-proc_2) (not-has_process-yeti-proc_3)
(enter_uname-bob-dms_uid-yeti)
   (at_host-bob-yeti) (console_user-nobody-nouid-yeti) (pmode-m_free)
   + (not-authenticated-bob_uid-yeti) (not-connected-dmss1) (not-dms_established-dmss1) (not-has_process-yeti-proc_0) (not-has_process-yeti-proc_1) (not-has_process-yeti-proc_2) (not-has_process-yeti-proc_3)
(enter_uname-bob-greg_uid-yeti)
   (at_host-bob-yeti) (console_user-nobody-nouid-yeti) (pmode-m_free)
   + (not-authenticated-bob_uid-yeti) (not-connected-dmss1) (not-dms_established-dmss1) (not-has_process-yeti-proc_0) (not-has_process-yeti-proc_1) (not-has_process-yeti-proc_2) (not-has_process-yeti-proc_3)
(enter_uname-bob-nouid-yeti)
   (at_host-bob-yeti) (console_user-nobody-nouid-yeti) (pmode-m_free)
   + (not-authenticated-bob_uid-yeti) (not-connected-dmss1) (not-dms_established-dmss1) (not-has_process-yeti-proc_0) (not-has_process-yeti-proc_1) (not-has_process-yeti-proc_2) (not-has_process-yeti-proc_3)
(enter_uname-bob-sys_uid-yeti)
   (at_host-bob-yeti) (console_user-nobody-nouid-yeti) (pmode-m_free)
   + (not-authenticated-bob_uid-yeti) (not-connected-dmss1) (not-dms_established-dmss1) (not-has_process-yeti-proc_0) (not-has_process-yeti-proc_1) (not-has_process-yeti-proc_2) (not-has_process-yeti-proc_3)
(enter_uname-greg-adam_uid-sherpa)
   (at_host-greg-sherpa) (console_user-nobody-nouid-sherpa) (pmode-m_free)
   + (not-authenticated-greg_uid-sherpa) (not-connected-dmss2) (not-dms_established-dmss2) (not-has_process-sherpa-proc_0) (not-has_process-sherpa-proc_1) (not-has_process-sherpa-proc_2) (not-has_process-sherpa-proc_3)
(enter_uname-greg-bob_uid-sherpa)
   (at_host-greg-sherpa) (console_user-nobody-nouid-sherpa) (pmode-m_free)
   + (not-authenticated-greg_uid-sherpa) (not-connected-dmss2) (not-dms_established-dmss2) (not-has_process-sherpa-proc_0) (not-has_process-sherpa-proc_1) (not-has_process-sherpa-proc_2) (not-has_process-sherpa-proc_3)
(enter_uname-greg-dms_uid-sherpa)
   (at_host-greg-sherpa) (console_user-nobody-nouid-sherpa) (pmode-m_free)
   + (not-authenticated-greg_uid-sherpa) (not-connected-dmss2) (not-dms_established-dmss2) (not-has_process-sherpa-proc_0) (not-has_process-sherpa-proc_1) (not-has_process-sherpa-proc_2) (not-has_process-sherpa-proc_3)
(enter_uname-greg-greg_uid-sherpa)
   (at_host-greg-sherpa) (console_user-nobody-nouid-sherpa) (pmode-m_free)
   + (not-authenticated-greg_uid-sherpa) (not-connected-dmss2) (not-dms_established-dmss2) (not-has_process-sherpa-proc_0) (not-has_process-sherpa-proc_1) (not-has_process-sherpa-proc_2) (not-has_process-sherpa-proc_3)
(enter_uname-greg-nouid-sherpa)
   (at_host-greg-sherpa) (console_user-nobody-nouid-sherpa) (pmode-m_free)
   + (not-authenticated-greg_uid-sherpa) (not-connected-dmss2) (not-dms_established-dmss2) (not-has_process-sherpa-proc_0) (not-has_process-sherpa-proc_1) (not-has_process-sherpa-proc_2) (not-has_process-sherpa-proc_3)
(enter_uname-greg-sys_uid-sherpa)
   (at_host-greg-sherpa) (console_user-nobody-nouid-sherpa) (pmode-m_free)
   + (not-authenticated-greg_uid-sherpa) (not-connected-dmss2) (not-dms_established-dmss2) (not-has_process-sherpa-proc_0) (not-has_process-sherpa-proc_1) (not-has_process-sherpa-proc_2) (not-has_process-sherpa-proc_3)
(exec_file-bigfoot-adam-adam_uid-admin_gid-proc_0-b_iexplore)
   (at_host-adam-bigfoot) (forking-bigfoot-adam_uid) (not-has_process-bigfoot-proc_0) (pmode-m_wait_fork)
   + (authenticated-adam_uid-bigfoot)
(exec_file-bigfoot-adam-adam_uid-admin_gid-proc_0-b_outlook)
   (at_host-adam-bigfoot) (forking-bigfoot-adam_uid) (not-has_process-bigfoot-proc_0) (pmode-m_wait_fork)
   + (authenticated-adam_uid-bigfoot)
(exec_file-bigfoot-adam-adam_uid-admin_gid-proc_0-b_wexplore)
   (at_host-adam-bigfoot) (forking-bigfoot-adam_uid) (not-has_process-bigfoot-proc_0) (pmode-m_wait_fork)
   + (authenticated-adam_uid-bigfoot)
(exec_file-bigfoot-adam-adam_uid-admin_gid-proc_1-b_iexplore)
   (at_host-adam-bigfoot) (forking-bigfoot-adam_uid) (not-has_process-bigfoot-proc_1) (pmode-m_wait_fork)
   + (authenticated-adam_uid-bigfoot)
(exec_file-bigfoot-adam-adam_uid-admin_gid-proc_1-b_outlook)
   (at_host-adam-bigfoot) (forking-bigfoot-adam_uid) (not-has_process-bigfoot-proc_1) (pmode-m_wait_fork)
   + (authenticated-adam_uid-bigfoot)
(exec_file-bigfoot-adam-adam_uid-admin_gid-proc_1-b_wexplore)
   (at_host-adam-bigfoot) (forking-bigfoot-adam_uid) (not-has_process-bigfoot-proc_1) (pmode-m_wait_fork)
   + (authenticated-adam_uid-bigfoot)
(exec_file-bigfoot-adam-adam_uid-admin_gid-proc_2-b_iexplore)
   (at_host-adam-bigfoot) (forking-bigfoot-adam_uid) (not-has_process-bigfoot-proc_2) (pmode-m_wait_fork)
   + (authenticated-adam_uid-bigfoot)
(exec_file-bigfoot-adam-adam_uid-admin_gid-proc_2-b_outlook)
   (at_host-adam-bigfoot) (forking-bigfoot-adam_uid) (not-has_process-bigfoot-proc_2) (pmode-m_wait_fork)
   + (authenticated-adam_uid-bigfoot)
(exec_file-bigfoot-adam-adam_uid-admin_gid-proc_2-b_wexplore)
   (at_host-adam-bigfoot) (forking-bigfoot-adam_uid) (not-has_process-bigfoot-proc_2) (pmode-m_wait_fork)
   + (authenticated-adam_uid-bigfoot)
(exec_file-bigfoot-adam-adam_uid-admin_gid-proc_3-b_iexplore)
   (at_host-adam-bigfoot) (forking-bigfoot-adam_uid) (not-has_process-bigfoot-proc_3) (pmode-m_wait_fork)
   + (authenticated-adam_uid-bigfoot)
(exec_file-bigfoot-adam-adam_uid-admin_gid-proc_3-b_outlook)
   (at_host-adam-bigfoot) (forking-bigfoot-adam_uid) (not-has_process-bigfoot-proc_3) (pmode-m_wait_fork)
   + (authenticated-adam_uid-bigfoot)
(exec_file-bigfoot-adam-adam_uid-admin_gid-proc_3-b_wexplore)
   (at_host-adam-bigfoot) (forking-bigfoot-adam_uid) (not-has_process-bigfoot-proc_3) (pmode-m_wait_fork)
   + (authenticated-adam_uid-bigfoot)
(exec_file-sherpa-greg-greg_uid-everyone-proc_0-s_iexplore)
   (at_host-greg-sherpa) (forking-sherpa-greg_uid) (not-has_process-sherpa-proc_0) (pmode-m_wait_fork)
   + (authenticated-greg_uid-sherpa)
(exec_file-sherpa-greg-greg_uid-everyone-proc_0-s_outlook)
   (at_host-greg-sherpa) (forking-sherpa-greg_uid) (not-has_process-sherpa-proc_0) (pmode-m_wait_fork)
   + (authenticated-greg_uid-sherpa)
(exec_file-sherpa-greg-greg_uid-everyone-proc_0-s_wexplore)
   (at_host-greg-sherpa) (forking-sherpa-greg_uid) (not-has_process-sherpa-proc_0) (pmode-m_wait_fork)
   + (authenticated-greg_uid-sherpa)
(exec_file-sherpa-greg-greg_uid-everyone-proc_1-s_iexplore)
   (at_host-greg-sherpa) (forking-sherpa-greg_uid) (not-has_process-sherpa-proc_1) (pmode-m_wait_fork)
   + (authenticated-greg_uid-sherpa)
(exec_file-sherpa-greg-greg_uid-everyone-proc_1-s_outlook)
   (at_host-greg-sherpa) (forking-sherpa-greg_uid) (not-has_process-sherpa-proc_1) (pmode-m_wait_fork)
   + (authenticated-greg_uid-sherpa)
(exec_file-sherpa-greg-greg_uid-everyone-proc_1-s_wexplore)
   (at_host-greg-sherpa) (forking-sherpa-greg_uid) (not-has_process-sherpa-proc_1) (pmode-m_wait_fork)
   + (authenticated-greg_uid-sherpa)
(exec_file-sherpa-greg-greg_uid-everyone-proc_2-s_iexplore)
   (at_host-greg-sherpa) (forking-sherpa-greg_uid) (not-has_process-sherpa-proc_2) (pmode-m_wait_fork)
   + (authenticated-greg_uid-sherpa)
(exec_file-sherpa-greg-greg_uid-everyone-proc_2-s_outlook)
   (at_host-greg-sherpa) (forking-sherpa-greg_uid) (not-has_process-sherpa-proc_2) (pmode-m_wait_fork)
   + (authenticated-greg_uid-sherpa)
(exec_file-sherpa-greg-greg_uid-everyone-proc_2-s_wexplore)
   (at_host-greg-sherpa) (forking-sherpa-greg_uid) (not-has_process-sherpa-proc_2) (pmode-m_wait_fork)
   + (authenticated-greg_uid-sherpa)
(exec_file-sherpa-greg-greg_uid-everyone-proc_3-s_iexplore)
   (at_host-greg-sherpa) (forking-sherpa-greg_uid) (not-has_process-sherpa-proc_3) (pmode-m_wait_fork)
   + (authenticated-greg_uid-sherpa)
(exec_file-sherpa-greg-greg_uid-everyone-proc_3-s_outlook)
   (at_host-greg-sherpa) (forking-sherpa-greg_uid) (not-has_process-sherpa-proc_3) (pmode-m_wait_fork)
   + (authenticated-greg_uid-sherpa)
(exec_file-sherpa-greg-greg_uid-everyone-proc_3-s_wexplore)
   (at_host-greg-sherpa) (forking-sherpa-greg_uid) (not-has_process-sherpa-proc_3) (pmode-m_wait_fork)
   + (authenticated-greg_uid-sherpa)
(exec_file-yeti-bob-bob_uid-east_gid-proc_0-new_file)
   (at_host-bob-yeti) (forking-yeti-bob_uid) (not-has_process-yeti-proc_0) (pmode-m_wait_fork)
   + (authenticated-bob_uid-yeti)
(exec_file-yeti-bob-bob_uid-east_gid-proc_0-y_ethereal)
   (at_host-bob-yeti) (forking-yeti-bob_uid) (not-has_process-yeti-proc_0) (pmode-m_wait_fork)
   + (authenticated-bob_uid-yeti)
(exec_file-yeti-bob-bob_uid-east_gid-proc_0-y_iexplore)
   (at_host-bob-yeti) (forking-yeti-bob_uid) (not-has_process-yeti-proc_0) (pmode-m_wait_fork)
   + (authenticated-bob_uid-yeti)
(exec_file-yeti-bob-bob_uid-east_gid-proc_0-y_outlook)
   (at_host-bob-yeti) (forking-yeti-bob_uid) (not-has_process-yeti-proc_0) (pmode-m_wait_fork)
   + (authenticated-bob_uid-yeti)
(exec_file-yeti-bob-bob_uid-east_gid-proc_0-y_tmaster)
   (at_host-bob-yeti) (forking-yeti-bob_uid) (not-has_process-yeti-proc_0) (pmode-m_wait_fork)
   + (authenticated-bob_uid-yeti)
(exec_file-yeti-bob-bob_uid-east_gid-proc_0-y_wexplore)
   (at_host-bob-yeti) (forking-yeti-bob_uid) (not-has_process-yeti-proc_0) (pmode-m_wait_fork)
   + (authenticated-bob_uid-yeti)
(exec_file-yeti-bob-bob_uid-east_gid-proc_0-y_winbork)
   (at_host-bob-yeti) (forking-yeti-bob_uid) (not-has_process-yeti-proc_0) (pmode-m_wait_fork)
   + (authenticated-bob_uid-yeti)
(exec_file-yeti-bob-bob_uid-east_gid-proc_1-new_file)
   (at_host-bob-yeti) (forking-yeti-bob_uid) (not-has_process-yeti-proc_1) (pmode-m_wait_fork)
   + (authenticated-bob_uid-yeti)
(exec_file-yeti-bob-bob_uid-east_gid-proc_1-y_ethereal)
   (at_host-bob-yeti) (forking-yeti-bob_uid) (not-has_process-yeti-proc_1) (pmode-m_wait_fork)
   + (authenticated-bob_uid-yeti)
(exec_file-yeti-bob-bob_uid-east_gid-proc_1-y_iexplore)
   (at_host-bob-yeti) (forking-yeti-bob_uid) (not-has_process-yeti-proc_1) (pmode-m_wait_fork)
   + (authenticated-bob_uid-yeti)
(exec_file-yeti-bob-bob_uid-east_gid-proc_1-y_outlook)
   (at_host-bob-yeti) (forking-yeti-bob_uid) (not-has_process-yeti-proc_1) (pmode-m_wait_fork)
   + (authenticated-bob_uid-yeti)
(exec_file-yeti-bob-bob_uid-east_gid-proc_1-y_tmaster)
   (at_host-bob-yeti) (forking-yeti-bob_uid) (not-has_process-yeti-proc_1) (pmode-m_wait_fork)
   + (authenticated-bob_uid-yeti)
(exec_file-yeti-bob-bob_uid-east_gid-proc_1-y_wexplore)
   (at_host-bob-yeti) (forking-yeti-bob_uid) (not-has_process-yeti-proc_1) (pmode-m_wait_fork)
   + (authenticated-bob_uid-yeti)
(exec_file-yeti-bob-bob_uid-east_gid-proc_1-y_winbork)
   (at_host-bob-yeti) (forking-yeti-bob_uid) (not-has_process-yeti-proc_1) (pmode-m_wait_fork)
   + (authenticated-bob_uid-yeti)
(exec_file-yeti-bob-bob_uid-east_gid-proc_2-new_file)
   (at_host-bob-yeti) (forking-yeti-bob_uid) (not-has_process-yeti-proc_2) (pmode-m_wait_fork)
   + (authenticated-bob_uid-yeti)
(exec_file-yeti-bob-bob_uid-east_gid-proc_2-y_ethereal)
   (at_host-bob-yeti) (forking-yeti-bob_uid) (not-has_process-yeti-proc_2) (pmode-m_wait_fork)
   + (authenticated-bob_uid-yeti)
(exec_file-yeti-bob-bob_uid-east_gid-proc_2-y_iexplore)
   (at_host-bob-yeti) (forking-yeti-bob_uid) (not-has_process-yeti-proc_2) (pmode-m_wait_fork)
   + (authenticated-bob_uid-yeti)
(exec_file-yeti-bob-bob_uid-east_gid-proc_2-y_outlook)
   (at_host-bob-yeti) (forking-yeti-bob_uid) (not-has_process-yeti-proc_2) (pmode-m_wait_fork)
   + (authenticated-bob_uid-yeti)
(exec_file-yeti-bob-bob_uid-east_gid-proc_2-y_tmaster)
   (at_host-bob-yeti) (forking-yeti-bob_uid) (not-has_process-yeti-proc_2) (pmode-m_wait_fork)
   + (authenticated-bob_uid-yeti)
(exec_file-yeti-bob-bob_uid-east_gid-proc_2-y_wexplore)
   (at_host-bob-yeti) (forking-yeti-bob_uid) (not-has_process-yeti-proc_2) (pmode-m_wait_fork)
   + (authenticated-bob_uid-yeti)
(exec_file-yeti-bob-bob_uid-east_gid-proc_2-y_winbork)
   (at_host-bob-yeti) (forking-yeti-bob_uid) (not-has_process-yeti-proc_2) (pmode-m_wait_fork)
   + (authenticated-bob_uid-yeti)
(exec_file-yeti-bob-bob_uid-east_gid-proc_3-new_file)
   (at_host-bob-yeti) (forking-yeti-bob_uid) (not-has_process-yeti-proc_3) (pmode-m_wait_fork)
   + (authenticated-bob_uid-yeti)
(exec_file-yeti-bob-bob_uid-east_gid-proc_3-y_ethereal)
   (at_host-bob-yeti) (forking-yeti-bob_uid) (not-has_process-yeti-proc_3) (pmode-m_wait_fork)
   + (authenticated-bob_uid-yeti)
(exec_file-yeti-bob-bob_uid-east_gid-proc_3-y_iexplore)
   (at_host-bob-yeti) (forking-yeti-bob_uid) (not-has_process-yeti-proc_3) (pmode-m_wait_fork)
   + (authenticated-bob_uid-yeti)
(exec_file-yeti-bob-bob_uid-east_gid-proc_3-y_outlook)
   (at_host-bob-yeti) (forking-yeti-bob_uid) (not-has_process-yeti-proc_3) (pmode-m_wait_fork)
   + (authenticated-bob_uid-yeti)
(exec_file-yeti-bob-bob_uid-east_gid-proc_3-y_tmaster)
   (at_host-bob-yeti) (forking-yeti-bob_uid) (not-has_process-yeti-proc_3) (pmode-m_wait_fork)
   + (authenticated-bob_uid-yeti)
(exec_file-yeti-bob-bob_uid-east_gid-proc_3-y_wexplore)
   (at_host-bob-yeti) (forking-yeti-bob_uid) (not-has_process-yeti-proc_3) (pmode-m_wait_fork)
   + (authenticated-bob_uid-yeti)
(exec_file-yeti-bob-bob_uid-east_gid-proc_3-y_winbork)
   (at_host-bob-yeti) (forking-yeti-bob_uid) (not-has_process-yeti-proc_3) (pmode-m_wait_fork)
   + (authenticated-bob_uid-yeti)
(inject_code-yeti-proc_0-winbork-sherpa-proc_0-wexplorer-bob-fb_virus)
   (at_host-bob-yeti) (pmode-m_free) (running_prog-sherpa-proc_0-wexplorer) (running_prog-yeti-proc_0-winbork)
   + (authenticated-bob_uid-yeti) (authenticated-greg_uid-sherpa) (euid-sherpa-proc_0-greg_uid) (euid-yeti-proc_0-bob_uid) (has_process-sherpa-proc_0) (has_process-yeti-proc_0)
(inject_code-yeti-proc_0-winbork-sherpa-proc_1-wexplorer-bob-fb_virus)
   (at_host-bob-yeti) (pmode-m_free) (running_prog-sherpa-proc_1-wexplorer) (running_prog-yeti-proc_0-winbork)
   + (authenticated-bob_uid-yeti) (authenticated-greg_uid-sherpa) (euid-sherpa-proc_1-greg_uid) (euid-yeti-proc_0-bob_uid) (has_process-sherpa-proc_1) (has_process-yeti-proc_0)
(inject_code-yeti-proc_0-winbork-sherpa-proc_2-wexplorer-bob-fb_virus)
   (at_host-bob-yeti) (pmode-m_free) (running_prog-sherpa-proc_2-wexplorer) (running_prog-yeti-proc_0-winbork)
   + (authenticated-bob_uid-yeti) (authenticated-greg_uid-sherpa) (euid-sherpa-proc_2-greg_uid) (euid-yeti-proc_0-bob_uid) (has_process-sherpa-proc_2) (has_process-yeti-proc_0)
(inject_code-yeti-proc_0-winbork-sherpa-proc_3-wexplorer-bob-fb_virus)
   (at_host-bob-yeti) (pmode-m_free) (running_prog-sherpa-proc_3-wexplorer) (running_prog-yeti-proc_0-winbork)
   + (authenticated-bob_uid-yeti) (authenticated-greg_uid-sherpa) (euid-sherpa-proc_3-greg_uid) (euid-yeti-proc_0-bob_uid) (has_process-sherpa-proc_3) (has_process-yeti-proc_0)
(inject_code-yeti-proc_1-winbork-sherpa-proc_0-wexplorer-bob-fb_virus)
   (at_host-bob-yeti) (pmode-m_free) (running_prog-sherpa-proc_0-wexplorer) (running_prog-yeti-proc_1-winbork)
   + (authenticated-bob_uid-yeti) (authenticated-greg_uid-sherpa) (euid-sherpa-proc_0-greg_uid) (euid-yeti-proc_1-bob_uid) (has_process-sherpa-proc_0) (has_process-yeti-proc_1)
(inject_code-yeti-proc_1-winbork-sherpa-proc_1-wexplorer-bob-fb_virus)
   (at_host-bob-yeti) (pmode-m_free) (running_prog-sherpa-proc_1-wexplorer) (running_prog-yeti-proc_1-winbork)
   + (authenticated-bob_uid-yeti) (authenticated-greg_uid-sherpa) (euid-sherpa-proc_1-greg_uid) (euid-yeti-proc_1-bob_uid) (has_process-sherpa-proc_1) (has_process-yeti-proc_1)
(inject_code-yeti-proc_1-winbork-sherpa-proc_2-wexplorer-bob-fb_virus)
   (at_host-bob-yeti) (pmode-m_free) (running_prog-sherpa-proc_2-wexplorer) (running_prog-yeti-proc_1-winbork)
   + (authenticated-bob_uid-yeti) (authenticated-greg_uid-sherpa) (euid-sherpa-proc_2-greg_uid) (euid-yeti-proc_1-bob_uid) (has_process-sherpa-proc_2) (has_process-yeti-proc_1)
(inject_code-yeti-proc_1-winbork-sherpa-proc_3-wexplorer-bob-fb_virus)
   (at_host-bob-yeti) (pmode-m_free) (running_prog-sherpa-proc_3-wexplorer) (running_prog-yeti-proc_1-winbork)
   + (authenticated-bob_uid-yeti) (authenticated-greg_uid-sherpa) (euid-sherpa-proc_3-greg_uid) (euid-yeti-proc_1-bob_uid) (has_process-sherpa-proc_3) (has_process-yeti-proc_1)
(inject_code-yeti-proc_2-winbork-sherpa-proc_0-wexplorer-bob-fb_virus)
   (at_host-bob-yeti) (pmode-m_free) (running_prog-sherpa-proc_0-wexplorer) (running_prog-yeti-proc_2-winbork)
   + (authenticated-bob_uid-yeti) (authenticated-greg_uid-sherpa) (euid-sherpa-proc_0-greg_uid) (euid-yeti-proc_2-bob_uid) (has_process-sherpa-proc_0) (has_process-yeti-proc_2)
(inject_code-yeti-proc_2-winbork-sherpa-proc_1-wexplorer-bob-fb_virus)
   (at_host-bob-yeti) (pmode-m_free) (running_prog-sherpa-proc_1-wexplorer) (running_prog-yeti-proc_2-winbork)
   + (authenticated-bob_uid-yeti) (authenticated-greg_uid-sherpa) (euid-sherpa-proc_1-greg_uid) (euid-yeti-proc_2-bob_uid) (has_process-sherpa-proc_1) (has_process-yeti-proc_2)
(inject_code-yeti-proc_2-winbork-sherpa-proc_2-wexplorer-bob-fb_virus)
   (at_host-bob-yeti) (pmode-m_free) (running_prog-sherpa-proc_2-wexplorer) (running_prog-yeti-proc_2-winbork)
   + (authenticated-bob_uid-yeti) (authenticated-greg_uid-sherpa) (euid-sherpa-proc_2-greg_uid) (euid-yeti-proc_2-bob_uid) (has_process-sherpa-proc_2) (has_process-yeti-proc_2)
(inject_code-yeti-proc_2-winbork-sherpa-proc_3-wexplorer-bob-fb_virus)
   (at_host-bob-yeti) (pmode-m_free) (running_prog-sherpa-proc_3-wexplorer) (running_prog-yeti-proc_2-winbork)
   + (authenticated-bob_uid-yeti) (authenticated-greg_uid-sherpa) (euid-sherpa-proc_3-greg_uid) (euid-yeti-proc_2-bob_uid) (has_process-sherpa-proc_3) (has_process-yeti-proc_2)
(inject_code-yeti-proc_3-winbork-sherpa-proc_0-wexplorer-bob-fb_virus)
   (at_host-bob-yeti) (pmode-m_free) (running_prog-sherpa-proc_0-wexplorer) (running_prog-yeti-proc_3-winbork)
   + (authenticated-bob_uid-yeti) (authenticated-greg_uid-sherpa) (euid-sherpa-proc_0-greg_uid) (euid-yeti-proc_3-bob_uid) (has_process-sherpa-proc_0) (has_process-yeti-proc_3)
(inject_code-yeti-proc_3-winbork-sherpa-proc_1-wexplorer-bob-fb_virus)
   (at_host-bob-yeti) (pmode-m_free) (running_prog-sherpa-proc_1-wexplorer) (running_prog-yeti-proc_3-winbork)
   + (authenticated-bob_uid-yeti) (authenticated-greg_uid-sherpa) (euid-sherpa-proc_1-greg_uid) (euid-yeti-proc_3-bob_uid) (has_process-sherpa-proc_1) (has_process-yeti-proc_3)
(inject_code-yeti-proc_3-winbork-sherpa-proc_2-wexplorer-bob-fb_virus)
   (at_host-bob-yeti) (pmode-m_free) (running_prog-sherpa-proc_2-wexplorer) (running_prog-yeti-proc_3-winbork)
   + (authenticated-bob_uid-yeti) (authenticated-greg_uid-sherpa) (euid-sherpa-proc_2-greg_uid) (euid-yeti-proc_3-bob_uid) (has_process-sherpa-proc_2) (has_process-yeti-proc_3)
(inject_code-yeti-proc_3-winbork-sherpa-proc_3-wexplorer-bob-fb_virus)
   (at_host-bob-yeti) (pmode-m_free) (running_prog-sherpa-proc_3-wexplorer) (running_prog-yeti-proc_3-winbork)
   + (authenticated-bob_uid-yeti) (authenticated-greg_uid-sherpa) (euid-sherpa-proc_3-greg_uid) (euid-yeti-proc_3-bob_uid) (has_process-sherpa-proc_3) (has_process-yeti-proc_3)
(leave_host-adam-bigfoot)
   (at_host-nobody-bigfoot) (pmode-m_free)
   + (not-authenticated-adam_uid-bigfoot) (not-has_process-bigfoot-proc_0) (not-has_process-bigfoot-proc_1) (not-has_process-bigfoot-proc_2) (not-has_process-bigfoot-proc_3)
(leave_host-bob-yeti)
   (at_host-nobody-yeti) (pmode-m_free)
   + (not-authenticated-bob_uid-yeti) (not-connected-dmss1) (not-dms_established-dmss1) (not-has_process-yeti-proc_0) (not-has_process-yeti-proc_1) (not-has_process-yeti-proc_2) (not-has_process-yeti-proc_3)
(leave_host-greg-sherpa)
   (at_host-nobody-sherpa) (pmode-m_free)
   + (not-authenticated-greg_uid-sherpa) (not-connected-dmss2) (not-dms_established-dmss2) (not-has_process-sherpa-proc_0) (not-has_process-sherpa-proc_1) (not-has_process-sherpa-proc_2) (not-has_process-sherpa-proc_3)
(proc_fork-bigfoot-adam_uid-proc_0-wexplorer)
   (euid-bigfoot-proc_0-adam_uid) (has_process-bigfoot-proc_0) (pmode-m_free) (running_prog-bigfoot-proc_0-wexplorer)
   + (authenticated-adam_uid-bigfoot)
(proc_fork-bigfoot-adam_uid-proc_1-wexplorer)
   (euid-bigfoot-proc_1-adam_uid) (has_process-bigfoot-proc_1) (pmode-m_free) (running_prog-bigfoot-proc_1-wexplorer)
   + (authenticated-adam_uid-bigfoot)
(proc_fork-bigfoot-adam_uid-proc_2-wexplorer)
   (euid-bigfoot-proc_2-adam_uid) (has_process-bigfoot-proc_2) (pmode-m_free) (running_prog-bigfoot-proc_2-wexplorer)
   + (authenticated-adam_uid-bigfoot)
(proc_fork-bigfoot-adam_uid-proc_3-wexplorer)
   (euid-bigfoot-proc_3-adam_uid) (has_process-bigfoot-proc_3) (pmode-m_free) (running_prog-bigfoot-proc_3-wexplorer)
   + (authenticated-adam_uid-bigfoot)
(proc_fork-sherpa-greg_uid-proc_0-wexplorer)
   (euid-sherpa-proc_0-greg_uid) (has_process-sherpa-proc_0) (pmode-m_free) (running_prog-sherpa-proc_0-wexplorer)
   + (authenticated-greg_uid-sherpa)
(proc_fork-sherpa-greg_uid-proc_1-wexplorer)
   (euid-sherpa-proc_1-greg_uid) (has_process-sherpa-proc_1) (pmode-m_free) (running_prog-sherpa-proc_1-wexplorer)
   + (authenticated-greg_uid-sherpa)
(proc_fork-sherpa-greg_uid-proc_2-wexplorer)
   (euid-sherpa-proc_2-greg_uid) (has_process-sherpa-proc_2) (pmode-m_free) (running_prog-sherpa-proc_2-wexplorer)
   + (authenticated-greg_uid-sherpa)
(proc_fork-sherpa-greg_uid-proc_3-wexplorer)
   (euid-sherpa-proc_3-greg_uid) (has_process-sherpa-proc_3) (pmode-m_free) (running_prog-sherpa-proc_3-wexplorer)
   + (authenticated-greg_uid-sherpa)
(proc_fork-yeti-bob_uid-proc_0-wexplorer)
   (euid-yeti-proc_0-bob_uid) (has_process-yeti-proc_0) (pmode-m_free) (running_prog-yeti-proc_0-wexplorer)
   + (authenticated-bob_uid-yeti)
(proc_fork-yeti-bob_uid-proc_1-wexplorer)
   (euid-yeti-proc_1-bob_uid) (has_process-yeti-proc_1) (pmode-m_free) (running_prog-yeti-proc_1-wexplorer)
   + (authenticated-bob_uid-yeti)
(proc_fork-yeti-bob_uid-proc_2-wexplorer)
   (euid-yeti-proc_2-bob_uid) (has_process-yeti-proc_2) (pmode-m_free) (running_prog-yeti-proc_2-wexplorer)
   + (authenticated-bob_uid-yeti)
(proc_fork-yeti-bob_uid-proc_3-wexplorer)
   (euid-yeti-proc_3-bob_uid) (has_process-yeti-proc_3) (pmode-m_free) (running_prog-yeti-proc_3-wexplorer)
   + (authenticated-bob_uid-yeti)
(read_doc-bob-yeti-proc_0-e_secret_doc-bobs_office-secret_info)
   (not-host_locked-yeti) (pmode-m_free) (viewing_doc-yeti-proc_0-e_secret_doc)
   + (authenticated-bob_uid-yeti) (authenticated-greg_uid-sherpa) (connected-dmss2) (connecting-dmss2) (dms_authenticated-dmss2-greg_uid) (dms_established-dmss2) (euid-yeti-proc_0-bob_uid) (has_process-yeti-proc_0)
(read_doc-bob-yeti-proc_1-e_secret_doc-bobs_office-secret_info)
   (not-host_locked-yeti) (pmode-m_free) (viewing_doc-yeti-proc_1-e_secret_doc)
   + (authenticated-bob_uid-yeti) (authenticated-greg_uid-sherpa) (connected-dmss2) (connecting-dmss2) (dms_authenticated-dmss2-greg_uid) (dms_established-dmss2) (euid-yeti-proc_1-bob_uid) (has_process-yeti-proc_1)
(read_doc-bob-yeti-proc_2-e_secret_doc-bobs_office-secret_info)
   (not-host_locked-yeti) (pmode-m_free) (viewing_doc-yeti-proc_2-e_secret_doc)
   + (authenticated-bob_uid-yeti) (authenticated-greg_uid-sherpa) (connected-dmss2) (connecting-dmss2) (dms_authenticated-dmss2-greg_uid) (dms_established-dmss2) (euid-yeti-proc_2-bob_uid) (has_process-yeti-proc_2)
(read_doc-bob-yeti-proc_3-e_secret_doc-bobs_office-secret_info)
   (not-host_locked-yeti) (pmode-m_free) (viewing_doc-yeti-proc_3-e_secret_doc)
   + (authenticated-bob_uid-yeti) (authenticated-greg_uid-sherpa) (connected-dmss2) (connecting-dmss2) (dms_authenticated-dmss2-greg_uid) (dms_established-dmss2) (euid-yeti-proc_3-bob_uid) (has_process-yeti-proc_3)
(read_doc-greg-sherpa-proc_0-e_secret_doc-gregs_office-secret_info)
   (not-host_locked-sherpa) (pmode-m_free) (viewing_doc-sherpa-proc_0-e_secret_doc)
   + (authenticated-greg_uid-sherpa) (connected-dmss2) (connecting-dmss2) (dms_authenticated-dmss2-greg_uid) (dms_established-dmss2) (euid-sherpa-proc_0-greg_uid) (has_process-sherpa-proc_0)
(read_doc-greg-sherpa-proc_1-e_secret_doc-gregs_office-secret_info)
   (not-host_locked-sherpa) (pmode-m_free) (viewing_doc-sherpa-proc_1-e_secret_doc)
   + (authenticated-greg_uid-sherpa) (connected-dmss2) (connecting-dmss2) (dms_authenticated-dmss2-greg_uid) (dms_established-dmss2) (euid-sherpa-proc_1-greg_uid) (has_process-sherpa-proc_1)
(read_doc-greg-sherpa-proc_2-e_secret_doc-gregs_office-secret_info)
   (not-host_locked-sherpa) (pmode-m_free) (viewing_doc-sherpa-proc_2-e_secret_doc)
   + (authenticated-greg_uid-sherpa) (connected-dmss2) (connecting-dmss2) (dms_authenticated-dmss2-greg_uid) (dms_established-dmss2) (euid-sherpa-proc_2-greg_uid) (has_process-sherpa-proc_2)
(read_doc-greg-sherpa-proc_3-e_secret_doc-gregs_office-secret_info)
   (not-host_locked-sherpa) (pmode-m_free) (viewing_doc-sherpa-proc_3-e_secret_doc)
   + (authenticated-greg_uid-sherpa) (connected-dmss2) (connecting-dmss2) (dms_authenticated-dmss2-greg_uid) (dms_established-dmss2) (euid-sherpa-proc_3-greg_uid) (has_process-sherpa-proc_3)
(relay_viewed_doc-e_secret_doc-bob-sherpa-proc_0-proc_1-fb_virus-yeti-proc_0-troj_master)
   (at_host-bob-yeti) (pmode-m_free) (running_prog-sherpa-proc_1-fb_virus) (running_prog-yeti-proc_0-troj_master) (viewing_doc-sherpa-proc_0-e_secret_doc)
   + (authenticated-bob_uid-yeti) (authenticated-greg_uid-sherpa) (connected-dmss2) (connecting-dmss2) (dms_authenticated-dmss2-greg_uid) (dms_established-dmss2) (euid-sherpa-proc_0-greg_uid) (euid-sherpa-proc_1-greg_uid) (euid-yeti-proc_0-bob_uid) (has_process-sherpa-proc_0) (has_process-sherpa-proc_1) (has_process-yeti-proc_0)
(relay_viewed_doc-e_secret_doc-bob-sherpa-proc_0-proc_1-fb_virus-yeti-proc_1-troj_master)
   (at_host-bob-yeti) (pmode-m_free) (running_prog-sherpa-proc_1-fb_virus) (running_prog-yeti-proc_1-troj_master) (viewing_doc-sherpa-proc_0-e_secret_doc)
   + (authenticated-bob_uid-yeti) (authenticated-greg_uid-sherpa) (connected-dmss2) (connecting-dmss2) (dms_authenticated-dmss2-greg_uid) (dms_established-dmss2) (euid-sherpa-proc_0-greg_uid) (euid-sherpa-proc_1-greg_uid) (euid-yeti-proc_1-bob_uid) (has_process-sherpa-proc_0) (has_process-sherpa-proc_1) (has_process-yeti-proc_1)
(relay_viewed_doc-e_secret_doc-bob-sherpa-proc_0-proc_1-fb_virus-yeti-proc_2-troj_master)
   (at_host-bob-yeti) (pmode-m_free) (running_prog-sherpa-proc_1-fb_virus) (running_prog-yeti-proc_2-troj_master) (viewing_doc-sherpa-proc_0-e_secret_doc)
   + (authenticated-bob_uid-yeti) (authenticated-greg_uid-sherpa) (connected-dmss2) (connecting-dmss2) (dms_authenticated-dmss2-greg_uid) (dms_established-dmss2) (euid-sherpa-proc_0-greg_uid) (euid-sherpa-proc_1-greg_uid) (euid-yeti-proc_2-bob_uid) (has_process-sherpa-proc_0) (has_process-sherpa-proc_1) (has_process-yeti-proc_2)
(relay_viewed_doc-e_secret_doc-bob-sherpa-proc_0-proc_1-fb_virus-yeti-proc_3-troj_master)
   (at_host-bob-yeti) (pmode-m_free) (running_prog-sherpa-proc_1-fb_virus) (running_prog-yeti-proc_3-troj_master) (viewing_doc-sherpa-proc_0-e_secret_doc)
   + (authenticated-bob_uid-yeti) (authenticated-greg_uid-sherpa) (connected-dmss2) (connecting-dmss2) (dms_authenticated-dmss2-greg_uid) (dms_established-dmss2) (euid-sherpa-proc_0-greg_uid) (euid-sherpa-proc_1-greg_uid) (euid-yeti-proc_3-bob_uid) (has_process-sherpa-proc_0) (has_process-sherpa-proc_1) (has_process-yeti-proc_3)
(relay_viewed_doc-e_secret_doc-bob-sherpa-proc_0-proc_2-fb_virus-yeti-proc_0-troj_master)
   (at_host-bob-yeti) (pmode-m_free) (running_prog-sherpa-proc_2-fb_virus) (running_prog-yeti-proc_0-troj_master) (viewing_doc-sherpa-proc_0-e_secret_doc)
   + (authenticated-bob_uid-yeti) (authenticated-greg_uid-sherpa) (connected-dmss2) (connecting-dmss2) (dms_authenticated-dmss2-greg_uid) (dms_established-dmss2) (euid-sherpa-proc_0-greg_uid) (euid-sherpa-proc_2-greg_uid) (euid-yeti-proc_0-bob_uid) (has_process-sherpa-proc_0) (has_process-sherpa-proc_2) (has_process-yeti-proc_0)
(relay_viewed_doc-e_secret_doc-bob-sherpa-proc_0-proc_2-fb_virus-yeti-proc_1-troj_master)
   (at_host-bob-yeti) (pmode-m_free) (running_prog-sherpa-proc_2-fb_virus) (running_prog-yeti-proc_1-troj_master) (viewing_doc-sherpa-proc_0-e_secret_doc)
   + (authenticated-bob_uid-yeti) (authenticated-greg_uid-sherpa) (connected-dmss2) (connecting-dmss2) (dms_authenticated-dmss2-greg_uid) (dms_established-dmss2) (euid-sherpa-proc_0-greg_uid) (euid-sherpa-proc_2-greg_uid) (euid-yeti-proc_1-bob_uid) (has_process-sherpa-proc_0) (has_process-sherpa-proc_2) (has_process-yeti-proc_1)
(relay_viewed_doc-e_secret_doc-bob-sherpa-proc_0-proc_2-fb_virus-yeti-proc_2-troj_master)
   (at_host-bob-yeti) (pmode-m_free) (running_prog-sherpa-proc_2-fb_virus) (running_prog-yeti-proc_2-troj_master) (viewing_doc-sherpa-proc_0-e_secret_doc)
   + (authenticated-bob_uid-yeti) (authenticated-greg_uid-sherpa) (connected-dmss2) (connecting-dmss2) (dms_authenticated-dmss2-greg_uid) (dms_established-dmss2) (euid-sherpa-proc_0-greg_uid) (euid-sherpa-proc_2-greg_uid) (euid-yeti-proc_2-bob_uid) (has_process-sherpa-proc_0) (has_process-sherpa-proc_2) (has_process-yeti-proc_2)
(relay_viewed_doc-e_secret_doc-bob-sherpa-proc_0-proc_2-fb_virus-yeti-proc_3-troj_master)
   (at_host-bob-yeti) (pmode-m_free) (running_prog-sherpa-proc_2-fb_virus) (running_prog-yeti-proc_3-troj_master) (viewing_doc-sherpa-proc_0-e_secret_doc)
   + (authenticated-bob_uid-yeti) (authenticated-greg_uid-sherpa) (connected-dmss2) (connecting-dmss2) (dms_authenticated-dmss2-greg_uid) (dms_established-dmss2) (euid-sherpa-proc_0-greg_uid) (euid-sherpa-proc_2-greg_uid) (euid-yeti-proc_3-bob_uid) (has_process-sherpa-proc_0) (has_process-sherpa-proc_2) (has_process-yeti-proc_3)
(relay_viewed_doc-e_secret_doc-bob-sherpa-proc_0-proc_3-fb_virus-yeti-proc_0-troj_master)
   (at_host-bob-yeti) (pmode-m_free) (running_prog-sherpa-proc_3-fb_virus) (running_prog-yeti-proc_0-troj_master) (viewing_doc-sherpa-proc_0-e_secret_doc)
   + (authenticated-bob_uid-yeti) (authenticated-greg_uid-sherpa) (connected-dmss2) (connecting-dmss2) (dms_authenticated-dmss2-greg_uid) (dms_established-dmss2) (euid-sherpa-proc_0-greg_uid) (euid-sherpa-proc_3-greg_uid) (euid-yeti-proc_0-bob_uid) (has_process-sherpa-proc_0) (has_process-sherpa-proc_3) (has_process-yeti-proc_0)
(relay_viewed_doc-e_secret_doc-bob-sherpa-proc_0-proc_3-fb_virus-yeti-proc_1-troj_master)
   (at_host-bob-yeti) (pmode-m_free) (running_prog-sherpa-proc_3-fb_virus) (running_prog-yeti-proc_1-troj_master) (viewing_doc-sherpa-proc_0-e_secret_doc)
   + (authenticated-bob_uid-yeti) (authenticated-greg_uid-sherpa) (connected-dmss2) (connecting-dmss2) (dms_authenticated-dmss2-greg_uid) (dms_established-dmss2) (euid-sherpa-proc_0-greg_uid) (euid-sherpa-proc_3-greg_uid) (euid-yeti-proc_1-bob_uid) (has_process-sherpa-proc_0) (has_process-sherpa-proc_3) (has_process-yeti-proc_1)
(relay_viewed_doc-e_secret_doc-bob-sherpa-proc_0-proc_3-fb_virus-yeti-proc_2-troj_master)
   (at_host-bob-yeti) (pmode-m_free) (running_prog-sherpa-proc_3-fb_virus) (running_prog-yeti-proc_2-troj_master) (viewing_doc-sherpa-proc_0-e_secret_doc)
   + (authenticated-bob_uid-yeti) (authenticated-greg_uid-sherpa) (connected-dmss2) (connecting-dmss2) (dms_authenticated-dmss2-greg_uid) (dms_established-dmss2) (euid-sherpa-proc_0-greg_uid) (euid-sherpa-proc_3-greg_uid) (euid-yeti-proc_2-bob_uid) (has_process-sherpa-proc_0) (has_process-sherpa-proc_3) (has_process-yeti-proc_2)
(relay_viewed_doc-e_secret_doc-bob-sherpa-proc_0-proc_3-fb_virus-yeti-proc_3-troj_master)
   (at_host-bob-yeti) (pmode-m_free) (running_prog-sherpa-proc_3-fb_virus) (running_prog-yeti-proc_3-troj_master) (viewing_doc-sherpa-proc_0-e_secret_doc)
   + (authenticated-bob_uid-yeti) (authenticated-greg_uid-sherpa) (connected-dmss2) (connecting-dmss2) (dms_authenticated-dmss2-greg_uid) (dms_established-dmss2) (euid-sherpa-proc_0-greg_uid) (euid-sherpa-proc_3-greg_uid) (euid-yeti-proc_3-bob_uid) (has_process-sherpa-proc_0) (has_process-sherpa-proc_3) (has_process-yeti-proc_3)
(relay_viewed_doc-e_secret_doc-bob-sherpa-proc_1-proc_0-fb_virus-yeti-proc_0-troj_master)
   (at_host-bob-yeti) (pmode-m_free) (running_prog-sherpa-proc_0-fb_virus) (running_prog-yeti-proc_0-troj_master) (viewing_doc-sherpa-proc_1-e_secret_doc)
   + (authenticated-bob_uid-yeti) (authenticated-greg_uid-sherpa) (connected-dmss2) (connecting-dmss2) (dms_authenticated-dmss2-greg_uid) (dms_established-dmss2) (euid-sherpa-proc_0-greg_uid) (euid-sherpa-proc_1-greg_uid) (euid-yeti-proc_0-bob_uid) (has_process-sherpa-proc_0) (has_process-sherpa-proc_1) (has_process-yeti-proc_0)
(relay_viewed_doc-e_secret_doc-bob-sherpa-proc_1-proc_0-fb_virus-yeti-proc_1-troj_master)
   (at_host-bob-yeti) (pmode-m_free) (running_prog-sherpa-proc_0-fb_virus) (running_prog-yeti-proc_1-troj_master) (viewing_doc-sherpa-proc_1-e_secret_doc)
   + (authenticated-bob_uid-yeti) (authenticated-greg_uid-sherpa) (connected-dmss2) (connecting-dmss2) (dms_authenticated-dmss2-greg_uid) (dms_established-dmss2) (euid-sherpa-proc_0-greg_uid) (euid-sherpa-proc_1-greg_uid) (euid-yeti-proc_1-bob_uid) (has_process-sherpa-proc_0) (has_process-sherpa-proc_1) (has_process-yeti-proc_1)
(relay_viewed_doc-e_secret_doc-bob-sherpa-proc_1-proc_0-fb_virus-yeti-proc_2-troj_master)
   (at_host-bob-yeti) (pmode-m_free) (running_prog-sherpa-proc_0-fb_virus) (running_prog-yeti-proc_2-troj_master) (viewing_doc-sherpa-proc_1-e_secret_doc)
   + (authenticated-bob_uid-yeti) (authenticated-greg_uid-sherpa) (connected-dmss2) (connecting-dmss2) (dms_authenticated-dmss2-greg_uid) (dms_established-dmss2) (euid-sherpa-proc_0-greg_uid) (euid-sherpa-proc_1-greg_uid) (euid-yeti-proc_2-bob_uid) (has_process-sherpa-proc_0) (has_process-sherpa-proc_1) (has_process-yeti-proc_2)
(relay_viewed_doc-e_secret_doc-bob-sherpa-proc_1-proc_0-fb_virus-yeti-proc_3-troj_master)
   (at_host-bob-yeti) (pmode-m_free) (running_prog-sherpa-proc_0-fb_virus) (running_prog-yeti-proc_3-troj_master) (viewing_doc-sherpa-proc_1-e_secret_doc)
   + (authenticated-bob_uid-yeti) (authenticated-greg_uid-sherpa) (connected-dmss2) (connecting-dmss2) (dms_authenticated-dmss2-greg_uid) (dms_established-dmss2) (euid-sherpa-proc_0-greg_uid) (euid-sherpa-proc_1-greg_uid) (euid-yeti-proc_3-bob_uid) (has_process-sherpa-proc_0) (has_process-sherpa-proc_1) (has_process-yeti-proc_3)
(relay_viewed_doc-e_secret_doc-bob-sherpa-proc_1-proc_2-fb_virus-yeti-proc_0-troj_master)
   (at_host-bob-yeti) (pmode-m_free) (running_prog-sherpa-proc_2-fb_virus) (running_prog-yeti-proc_0-troj_master) (viewing_doc-sherpa-proc_1-e_secret_doc)
   + (authenticated-bob_uid-yeti) (authenticated-greg_uid-sherpa) (connected-dmss2) (connecting-dmss2) (dms_authenticated-dmss2-greg_uid) (dms_established-dmss2) (euid-sherpa-proc_1-greg_uid) (euid-sherpa-proc_2-greg_uid) (euid-yeti-proc_0-bob_uid) (has_process-sherpa-proc_1) (has_process-sherpa-proc_2) (has_process-yeti-proc_0)
(relay_viewed_doc-e_secret_doc-bob-sherpa-proc_1-proc_2-fb_virus-yeti-proc_1-troj_master)
   (at_host-bob-yeti) (pmode-m_free) (running_prog-sherpa-proc_2-fb_virus) (running_prog-yeti-proc_1-troj_master) (viewing_doc-sherpa-proc_1-e_secret_doc)
   + (authenticated-bob_uid-yeti) (authenticated-greg_uid-sherpa) (connected-dmss2) (connecting-dmss2) (dms_authenticated-dmss2-greg_uid) (dms_established-dmss2) (euid-sherpa-proc_1-greg_uid) (euid-sherpa-proc_2-greg_uid) (euid-yeti-proc_1-bob_uid) (has_process-sherpa-proc_1) (has_process-sherpa-proc_2) (has_process-yeti-proc_1)
(relay_viewed_doc-e_secret_doc-bob-sherpa-proc_1-proc_2-fb_virus-yeti-proc_2-troj_master)
   (at_host-bob-yeti) (pmode-m_free) (running_prog-sherpa-proc_2-fb_virus) (running_prog-yeti-proc_2-troj_master) (viewing_doc-sherpa-proc_1-e_secret_doc)
   + (authenticated-bob_uid-yeti) (authenticated-greg_uid-sherpa) (connected-dmss2) (connecting-dmss2) (dms_authenticated-dmss2-greg_uid) (dms_established-dmss2) (euid-sherpa-proc_1-greg_uid) (euid-sherpa-proc_2-greg_uid) (euid-yeti-proc_2-bob_uid) (has_process-sherpa-proc_1) (has_process-sherpa-proc_2) (has_process-yeti-proc_2)
(relay_viewed_doc-e_secret_doc-bob-sherpa-proc_1-proc_2-fb_virus-yeti-proc_3-troj_master)
   (at_host-bob-yeti) (pmode-m_free) (running_prog-sherpa-proc_2-fb_virus) (running_prog-yeti-proc_3-troj_master) (viewing_doc-sherpa-proc_1-e_secret_doc)
   + (authenticated-bob_uid-yeti) (authenticated-greg_uid-sherpa) (connected-dmss2) (connecting-dmss2) (dms_authenticated-dmss2-greg_uid) (dms_established-dmss2) (euid-sherpa-proc_1-greg_uid) (euid-sherpa-proc_2-greg_uid) (euid-yeti-proc_3-bob_uid) (has_process-sherpa-proc_1) (has_process-sherpa-proc_2) (has_process-yeti-proc_3)
(relay_viewed_doc-e_secret_doc-bob-sherpa-proc_1-proc_3-fb_virus-yeti-proc_0-troj_master)
   (at_host-bob-yeti) (pmode-m_free) (running_prog-sherpa-proc_3-fb_virus) (running_prog-yeti-proc_0-troj_master) (viewing_doc-sherpa-proc_1-e_secret_doc)
   + (authenticated-bob_uid-yeti) (authenticated-greg_uid-sherpa) (connected-dmss2) (connecting-dmss2) (dms_authenticated-dmss2-greg_uid) (dms_established-dmss2) (euid-sherpa-proc_1-greg_uid) (euid-sherpa-proc_3-greg_uid) (euid-yeti-proc_0-bob_uid) (has_process-sherpa-proc_1) (has_process-sherpa-proc_3) (has_process-yeti-proc_0)
(relay_viewed_doc-e_secret_doc-bob-sherpa-proc_1-proc_3-fb_virus-yeti-proc_1-troj_master)
   (at_host-bob-yeti) (pmode-m_free) (running_prog-sherpa-proc_3-fb_virus) (running_prog-yeti-proc_1-troj_master) (viewing_doc-sherpa-proc_1-e_secret_doc)
   + (authenticated-bob_uid-yeti) (authenticated-greg_uid-sherpa) (connected-dmss2) (connecting-dmss2) (dms_authenticated-dmss2-greg_uid) (dms_established-dmss2) (euid-sherpa-proc_1-greg_uid) (euid-sherpa-proc_3-greg_uid) (euid-yeti-proc_1-bob_uid) (has_process-sherpa-proc_1) (has_process-sherpa-proc_3) (has_process-yeti-proc_1)
(relay_viewed_doc-e_secret_doc-bob-sherpa-proc_1-proc_3-fb_virus-yeti-proc_2-troj_master)
   (at_host-bob-yeti) (pmode-m_free) (running_prog-sherpa-proc_3-fb_virus) (running_prog-yeti-proc_2-troj_master) (viewing_doc-sherpa-proc_1-e_secret_doc)
   + (authenticated-bob_uid-yeti) (authenticated-greg_uid-sherpa) (connected-dmss2) (connecting-dmss2) (dms_authenticated-dmss2-greg_uid) (dms_established-dmss2) (euid-sherpa-proc_1-greg_uid) (euid-sherpa-proc_3-greg_uid) (euid-yeti-proc_2-bob_uid) (has_process-sherpa-proc_1) (has_process-sherpa-proc_3) (has_process-yeti-proc_2)
(relay_viewed_doc-e_secret_doc-bob-sherpa-proc_1-proc_3-fb_virus-yeti-proc_3-troj_master)
   (at_host-bob-yeti) (pmode-m_free) (running_prog-sherpa-proc_3-fb_virus) (running_prog-yeti-proc_3-troj_master) (viewing_doc-sherpa-proc_1-e_secret_doc)
   + (authenticated-bob_uid-yeti) (authenticated-greg_uid-sherpa) (connected-dmss2) (connecting-dmss2) (dms_authenticated-dmss2-greg_uid) (dms_established-dmss2) (euid-sherpa-proc_1-greg_uid) (euid-sherpa-proc_3-greg_uid) (euid-yeti-proc_3-bob_uid) (has_process-sherpa-proc_1) (has_process-sherpa-proc_3) (has_process-yeti-proc_3)
(relay_viewed_doc-e_secret_doc-bob-sherpa-proc_2-proc_0-fb_virus-yeti-proc_0-troj_master)
   (at_host-bob-yeti) (pmode-m_free) (running_prog-sherpa-proc_0-fb_virus) (running_prog-yeti-proc_0-troj_master) (viewing_doc-sherpa-proc_2-e_secret_doc)
   + (authenticated-bob_uid-yeti) (authenticated-greg_uid-sherpa) (connected-dmss2) (connecting-dmss2) (dms_authenticated-dmss2-greg_uid) (dms_established-dmss2) (euid-sherpa-proc_0-greg_uid) (euid-sherpa-proc_2-greg_uid) (euid-yeti-proc_0-bob_uid) (has_process-sherpa-proc_0) (has_process-sherpa-proc_2) (has_process-yeti-proc_0)
(relay_viewed_doc-e_secret_doc-bob-sherpa-proc_2-proc_0-fb_virus-yeti-proc_1-troj_master)
   (at_host-bob-yeti) (pmode-m_free) (running_prog-sherpa-proc_0-fb_virus) (running_prog-yeti-proc_1-troj_master) (viewing_doc-sherpa-proc_2-e_secret_doc)
   + (authenticated-bob_uid-yeti) (authenticated-greg_uid-sherpa) (connected-dmss2) (connecting-dmss2) (dms_authenticated-dmss2-greg_uid) (dms_established-dmss2) (euid-sherpa-proc_0-greg_uid) (euid-sherpa-proc_2-greg_uid) (euid-yeti-proc_1-bob_uid) (has_process-sherpa-proc_0) (has_process-sherpa-proc_2) (has_process-yeti-proc_1)
(relay_viewed_doc-e_secret_doc-bob-sherpa-proc_2-proc_0-fb_virus-yeti-proc_2-troj_master)
   (at_host-bob-yeti) (pmode-m_free) (running_prog-sherpa-proc_0-fb_virus) (running_prog-yeti-proc_2-troj_master) (viewing_doc-sherpa-proc_2-e_secret_doc)
   + (authenticated-bob_uid-yeti) (authenticated-greg_uid-sherpa) (connected-dmss2) (connecting-dmss2) (dms_authenticated-dmss2-greg_uid) (dms_established-dmss2) (euid-sherpa-proc_0-greg_uid) (euid-sherpa-proc_2-greg_uid) (euid-yeti-proc_2-bob_uid) (has_process-sherpa-proc_0) (has_process-sherpa-proc_2) (has_process-yeti-proc_2)
(relay_viewed_doc-e_secret_doc-bob-sherpa-proc_2-proc_0-fb_virus-yeti-proc_3-troj_master)
   (at_host-bob-yeti) (pmode-m_free) (running_prog-sherpa-proc_0-fb_virus) (running_prog-yeti-proc_3-troj_master) (viewing_doc-sherpa-proc_2-e_secret_doc)
   + (authenticated-bob_uid-yeti) (authenticated-greg_uid-sherpa) (connected-dmss2) (connecting-dmss2) (dms_authenticated-dmss2-greg_uid) (dms_established-dmss2) (euid-sherpa-proc_0-greg_uid) (euid-sherpa-proc_2-greg_uid) (euid-yeti-proc_3-bob_uid) (has_process-sherpa-proc_0) (has_process-sherpa-proc_2) (has_process-yeti-proc_3)
(relay_viewed_doc-e_secret_doc-bob-sherpa-proc_2-proc_1-fb_virus-yeti-proc_0-troj_master)
   (at_host-bob-yeti) (pmode-m_free) (running_prog-sherpa-proc_1-fb_virus) (running_prog-yeti-proc_0-troj_master) (viewing_doc-sherpa-proc_2-e_secret_doc)
   + (authenticated-bob_uid-yeti) (authenticated-greg_uid-sherpa) (connected-dmss2) (connecting-dmss2) (dms_authenticated-dmss2-greg_uid) (dms_established-dmss2) (euid-sherpa-proc_1-greg_uid) (euid-sherpa-proc_2-greg_uid) (euid-yeti-proc_0-bob_uid) (has_process-sherpa-proc_1) (has_process-sherpa-proc_2) (has_process-yeti-proc_0)
(relay_viewed_doc-e_secret_doc-bob-sherpa-proc_2-proc_1-fb_virus-yeti-proc_1-troj_master)
   (at_host-bob-yeti) (pmode-m_free) (running_prog-sherpa-proc_1-fb_virus) (running_prog-yeti-proc_1-troj_master) (viewing_doc-sherpa-proc_2-e_secret_doc)
   + (authenticated-bob_uid-yeti) (authenticated-greg_uid-sherpa) (connected-dmss2) (connecting-dmss2) (dms_authenticated-dmss2-greg_uid) (dms_established-dmss2) (euid-sherpa-proc_1-greg_uid) (euid-sherpa-proc_2-greg_uid) (euid-yeti-proc_1-bob_uid) (has_process-sherpa-proc_1) (has_process-sherpa-proc_2) (has_process-yeti-proc_1)
(relay_viewed_doc-e_secret_doc-bob-sherpa-proc_2-proc_1-fb_virus-yeti-proc_2-troj_master)
   (at_host-bob-yeti) (pmode-m_free) (running_prog-sherpa-proc_1-fb_virus) (running_prog-yeti-proc_2-troj_master) (viewing_doc-sherpa-proc_2-e_secret_doc)
   + (authenticated-bob_uid-yeti) (authenticated-greg_uid-sherpa) (connected-dmss2) (connecting-dmss2) (dms_authenticated-dmss2-greg_uid) (dms_established-dmss2) (euid-sherpa-proc_1-greg_uid) (euid-sherpa-proc_2-greg_uid) (euid-yeti-proc_2-bob_uid) (has_process-sherpa-proc_1) (has_process-sherpa-proc_2) (has_process-yeti-proc_2)
(relay_viewed_doc-e_secret_doc-bob-sherpa-proc_2-proc_1-fb_virus-yeti-proc_3-troj_master)
   (at_host-bob-yeti) (pmode-m_free) (running_prog-sherpa-proc_1-fb_virus) (running_prog-yeti-proc_3-troj_master) (viewing_doc-sherpa-proc_2-e_secret_doc)
   + (authenticated-bob_uid-yeti) (authenticated-greg_uid-sherpa) (connected-dmss2) (connecting-dmss2) (dms_authenticated-dmss2-greg_uid) (dms_established-dmss2) (euid-sherpa-proc_1-greg_uid) (euid-sherpa-proc_2-greg_uid) (euid-yeti-proc_3-bob_uid) (has_process-sherpa-proc_1) (has_process-sherpa-proc_2) (has_process-yeti-proc_3)
(relay_viewed_doc-e_secret_doc-bob-sherpa-proc_2-proc_3-fb_virus-yeti-proc_0-troj_master)
   (at_host-bob-yeti) (pmode-m_free) (running_prog-sherpa-proc_3-fb_virus) (running_prog-yeti-proc_0-troj_master) (viewing_doc-sherpa-proc_2-e_secret_doc)
   + (authenticated-bob_uid-yeti) (authenticated-greg_uid-sherpa) (connected-dmss2) (connecting-dmss2) (dms_authenticated-dmss2-greg_uid) (dms_established-dmss2) (euid-sherpa-proc_2-greg_uid) (euid-sherpa-proc_3-greg_uid) (euid-yeti-proc_0-bob_uid) (has_process-sherpa-proc_2) (has_process-sherpa-proc_3) (has_process-yeti-proc_0)
(relay_viewed_doc-e_secret_doc-bob-sherpa-proc_2-proc_3-fb_virus-yeti-proc_1-troj_master)
   (at_host-bob-yeti) (pmode-m_free) (running_prog-sherpa-proc_3-fb_virus) (running_prog-yeti-proc_1-troj_master) (viewing_doc-sherpa-proc_2-e_secret_doc)
   + (authenticated-bob_uid-yeti) (authenticated-greg_uid-sherpa) (connected-dmss2) (connecting-dmss2) (dms_authenticated-dmss2-greg_uid) (dms_established-dmss2) (euid-sherpa-proc_2-greg_uid) (euid-sherpa-proc_3-greg_uid) (euid-yeti-proc_1-bob_uid) (has_process-sherpa-proc_2) (has_process-sherpa-proc_3) (has_process-yeti-proc_1)
(relay_viewed_doc-e_secret_doc-bob-sherpa-proc_2-proc_3-fb_virus-yeti-proc_2-troj_master)
   (at_host-bob-yeti) (pmode-m_free) (running_prog-sherpa-proc_3-fb_virus) (running_prog-yeti-proc_2-troj_master) (viewing_doc-sherpa-proc_2-e_secret_doc)
   + (authenticated-bob_uid-yeti) (authenticated-greg_uid-sherpa) (connected-dmss2) (connecting-dmss2) (dms_authenticated-dmss2-greg_uid) (dms_established-dmss2) (euid-sherpa-proc_2-greg_uid) (euid-sherpa-proc_3-greg_uid) (euid-yeti-proc_2-bob_uid) (has_process-sherpa-proc_2) (has_process-sherpa-proc_3) (has_process-yeti-proc_2)
(relay_viewed_doc-e_secret_doc-bob-sherpa-proc_2-proc_3-fb_virus-yeti-proc_3-troj_master)
   (at_host-bob-yeti) (pmode-m_free) (running_prog-sherpa-proc_3-fb_virus) (running_prog-yeti-proc_3-troj_master) (viewing_doc-sherpa-proc_2-e_secret_doc)
   + (authenticated-bob_uid-yeti) (authenticated-greg_uid-sherpa) (connected-dmss2) (connecting-dmss2) (dms_authenticated-dmss2-greg_uid) (dms_established-dmss2) (euid-sherpa-proc_2-greg_uid) (euid-sherpa-proc_3-greg_uid) (euid-yeti-proc_3-bob_uid) (has_process-sherpa-proc_2) (has_process-sherpa-proc_3) (has_process-yeti-proc_3)
(relay_viewed_doc-e_secret_doc-bob-sherpa-proc_3-proc_0-fb_virus-yeti-proc_0-troj_master)
   (at_host-bob-yeti) (pmode-m_free) (running_prog-sherpa-proc_0-fb_virus) (running_prog-yeti-proc_0-troj_master) (viewing_doc-sherpa-proc_3-e_secret_doc)
   + (authenticated-bob_uid-yeti) (authenticated-greg_uid-sherpa) (connected-dmss2) (connecting-dmss2) (dms_authenticated-dmss2-greg_uid) (dms_established-dmss2) (euid-sherpa-proc_0-greg_uid) (euid-sherpa-proc_3-greg_uid) (euid-yeti-proc_0-bob_uid) (has_process-sherpa-proc_0) (has_process-sherpa-proc_3) (has_process-yeti-proc_0)
(relay_viewed_doc-e_secret_doc-bob-sherpa-proc_3-proc_0-fb_virus-yeti-proc_1-troj_master)
   (at_host-bob-yeti) (pmode-m_free) (running_prog-sherpa-proc_0-fb_virus) (running_prog-yeti-proc_1-troj_master) (viewing_doc-sherpa-proc_3-e_secret_doc)
   + (authenticated-bob_uid-yeti) (authenticated-greg_uid-sherpa) (connected-dmss2) (connecting-dmss2) (dms_authenticated-dmss2-greg_uid) (dms_established-dmss2) (euid-sherpa-proc_0-greg_uid) (euid-sherpa-proc_3-greg_uid) (euid-yeti-proc_1-bob_uid) (has_process-sherpa-proc_0) (has_process-sherpa-proc_3) (has_process-yeti-proc_1)
(relay_viewed_doc-e_secret_doc-bob-sherpa-proc_3-proc_0-fb_virus-yeti-proc_2-troj_master)
   (at_host-bob-yeti) (pmode-m_free) (running_prog-sherpa-proc_0-fb_virus) (running_prog-yeti-proc_2-troj_master) (viewing_doc-sherpa-proc_3-e_secret_doc)
   + (authenticated-bob_uid-yeti) (authenticated-greg_uid-sherpa) (connected-dmss2) (connecting-dmss2) (dms_authenticated-dmss2-greg_uid) (dms_established-dmss2) (euid-sherpa-proc_0-greg_uid) (euid-sherpa-proc_3-greg_uid) (euid-yeti-proc_2-bob_uid) (has_process-sherpa-proc_0) (has_process-sherpa-proc_3) (has_process-yeti-proc_2)
(relay_viewed_doc-e_secret_doc-bob-sherpa-proc_3-proc_0-fb_virus-yeti-proc_3-troj_master)
   (at_host-bob-yeti) (pmode-m_free) (running_prog-sherpa-proc_0-fb_virus) (running_prog-yeti-proc_3-troj_master) (viewing_doc-sherpa-proc_3-e_secret_doc)
   + (authenticated-bob_uid-yeti) (authenticated-greg_uid-sherpa) (connected-dmss2) (connecting-dmss2) (dms_authenticated-dmss2-greg_uid) (dms_established-dmss2) (euid-sherpa-proc_0-greg_uid) (euid-sherpa-proc_3-greg_uid) (euid-yeti-proc_3-bob_uid) (has_process-sherpa-proc_0) (has_process-sherpa-proc_3) (has_process-yeti-proc_3)
(relay_viewed_doc-e_secret_doc-bob-sherpa-proc_3-proc_1-fb_virus-yeti-proc_0-troj_master)
   (at_host-bob-yeti) (pmode-m_free) (running_prog-sherpa-proc_1-fb_virus) (running_prog-yeti-proc_0-troj_master) (viewing_doc-sherpa-proc_3-e_secret_doc)
   + (authenticated-bob_uid-yeti) (authenticated-greg_uid-sherpa) (connected-dmss2) (connecting-dmss2) (dms_authenticated-dmss2-greg_uid) (dms_established-dmss2) (euid-sherpa-proc_1-greg_uid) (euid-sherpa-proc_3-greg_uid) (euid-yeti-proc_0-bob_uid) (has_process-sherpa-proc_1) (has_process-sherpa-proc_3) (has_process-yeti-proc_0)
(relay_viewed_doc-e_secret_doc-bob-sherpa-proc_3-proc_1-fb_virus-yeti-proc_1-troj_master)
   (at_host-bob-yeti) (pmode-m_free) (running_prog-sherpa-proc_1-fb_virus) (running_prog-yeti-proc_1-troj_master) (viewing_doc-sherpa-proc_3-e_secret_doc)
   + (authenticated-bob_uid-yeti) (authenticated-greg_uid-sherpa) (connected-dmss2) (connecting-dmss2) (dms_authenticated-dmss2-greg_uid) (dms_established-dmss2) (euid-sherpa-proc_1-greg_uid) (euid-sherpa-proc_3-greg_uid) (euid-yeti-proc_1-bob_uid) (has_process-sherpa-proc_1) (has_process-sherpa-proc_3) (has_process-yeti-proc_1)
(relay_viewed_doc-e_secret_doc-bob-sherpa-proc_3-proc_1-fb_virus-yeti-proc_2-troj_master)
   (at_host-bob-yeti) (pmode-m_free) (running_prog-sherpa-proc_1-fb_virus) (running_prog-yeti-proc_2-troj_master) (viewing_doc-sherpa-proc_3-e_secret_doc)
   + (authenticated-bob_uid-yeti) (authenticated-greg_uid-sherpa) (connected-dmss2) (connecting-dmss2) (dms_authenticated-dmss2-greg_uid) (dms_established-dmss2) (euid-sherpa-proc_1-greg_uid) (euid-sherpa-proc_3-greg_uid) (euid-yeti-proc_2-bob_uid) (has_process-sherpa-proc_1) (has_process-sherpa-proc_3) (has_process-yeti-proc_2)
(relay_viewed_doc-e_secret_doc-bob-sherpa-proc_3-proc_1-fb_virus-yeti-proc_3-troj_master)
   (at_host-bob-yeti) (pmode-m_free) (running_prog-sherpa-proc_1-fb_virus) (running_prog-yeti-proc_3-troj_master) (viewing_doc-sherpa-proc_3-e_secret_doc)
   + (authenticated-bob_uid-yeti) (authenticated-greg_uid-sherpa) (connected-dmss2) (connecting-dmss2) (dms_authenticated-dmss2-greg_uid) (dms_established-dmss2) (euid-sherpa-proc_1-greg_uid) (euid-sherpa-proc_3-greg_uid) (euid-yeti-proc_3-bob_uid) (has_process-sherpa-proc_1) (has_process-sherpa-proc_3) (has_process-yeti-proc_3)
(relay_viewed_doc-e_secret_doc-bob-sherpa-proc_3-proc_2-fb_virus-yeti-proc_0-troj_master)
   (at_host-bob-yeti) (pmode-m_free) (running_prog-sherpa-proc_2-fb_virus) (running_prog-yeti-proc_0-troj_master) (viewing_doc-sherpa-proc_3-e_secret_doc)
   + (authenticated-bob_uid-yeti) (authenticated-greg_uid-sherpa) (connected-dmss2) (connecting-dmss2) (dms_authenticated-dmss2-greg_uid) (dms_established-dmss2) (euid-sherpa-proc_2-greg_uid) (euid-sherpa-proc_3-greg_uid) (euid-yeti-proc_0-bob_uid) (has_process-sherpa-proc_2) (has_process-sherpa-proc_3) (has_process-yeti-proc_0)
(relay_viewed_doc-e_secret_doc-bob-sherpa-proc_3-proc_2-fb_virus-yeti-proc_1-troj_master)
   (at_host-bob-yeti) (pmode-m_free) (running_prog-sherpa-proc_2-fb_virus) (running_prog-yeti-proc_1-troj_master) (viewing_doc-sherpa-proc_3-e_secret_doc)
   + (authenticated-bob_uid-yeti) (authenticated-greg_uid-sherpa) (connected-dmss2) (connecting-dmss2) (dms_authenticated-dmss2-greg_uid) (dms_established-dmss2) (euid-sherpa-proc_2-greg_uid) (euid-sherpa-proc_3-greg_uid) (euid-yeti-proc_1-bob_uid) (has_process-sherpa-proc_2) (has_process-sherpa-proc_3) (has_process-yeti-proc_1)
(relay_viewed_doc-e_secret_doc-bob-sherpa-proc_3-proc_2-fb_virus-yeti-proc_2-troj_master)
   (at_host-bob-yeti) (pmode-m_free) (running_prog-sherpa-proc_2-fb_virus) (running_prog-yeti-proc_2-troj_master) (viewing_doc-sherpa-proc_3-e_secret_doc)
   + (authenticated-bob_uid-yeti) (authenticated-greg_uid-sherpa) (connected-dmss2) (connecting-dmss2) (dms_authenticated-dmss2-greg_uid) (dms_established-dmss2) (euid-sherpa-proc_2-greg_uid) (euid-sherpa-proc_3-greg_uid) (euid-yeti-proc_2-bob_uid) (has_process-sherpa-proc_2) (has_process-sherpa-proc_3) (has_process-yeti-proc_2)
(relay_viewed_doc-e_secret_doc-bob-sherpa-proc_3-proc_2-fb_virus-yeti-proc_3-troj_master)
   (at_host-bob-yeti) (pmode-m_free) (running_prog-sherpa-proc_2-fb_virus) (running_prog-yeti-proc_3-troj_master) (viewing_doc-sherpa-proc_3-e_secret_doc)
   + (authenticated-bob_uid-yeti) (authenticated-greg_uid-sherpa) (connected-dmss2) (connecting-dmss2) (dms_authenticated-dmss2-greg_uid) (dms_established-dmss2) (euid-sherpa-proc_2-greg_uid) (euid-sherpa-proc_3-greg_uid) (euid-yeti-proc_3-bob_uid) (has_process-sherpa-proc_2) (has_process-sherpa-proc_3) (has_process-yeti-proc_3)
(sit_at_host-adam-bigfoot-adams_office)
   (at_host-nobody-bigfoot) (pmode-m_free)
   + (not-authenticated-adam_uid-bigfoot) (not-has_process-bigfoot-proc_0) (not-has_process-bigfoot-proc_1) (not-has_process-bigfoot-proc_2) (not-has_process-bigfoot-proc_3)
(sit_at_host-bob-yeti-bobs_office)
   (at_host-nobody-yeti) (pmode-m_free)
   + (not-authenticated-bob_uid-yeti) (not-connected-dmss1) (not-dms_established-dmss1) (not-has_process-yeti-proc_0) (not-has_process-yeti-proc_1) (not-has_process-yeti-proc_2) (not-has_process-yeti-proc_3)
(sit_at_host-greg-sherpa-gregs_office)
   (at_host-nobody-sherpa) (pmode-m_free)
   + (not-authenticated-greg_uid-sherpa) (not-connected-dmss2) (not-dms_established-dmss2) (not-has_process-sherpa-proc_0) (not-has_process-sherpa-proc_1) (not-has_process-sherpa-proc_2) (not-has_process-sherpa-proc_3)
