Non-Maximal 146:
 (not-made p1):fam
 (not-made p10):fam
 (not-made p11):fam
 (not-made p12):fam
 (not-made p13):fam
 (not-made p14):fam
 (not-made p15):fam
 (not-made p16):fam
 (not-made p17):fam
 (not-made p18):fam
 (not-made p19):fam
 (not-made p2):fam
 (not-made p20):fam
 (not-made p21):fam
 (not-made p22):fam
 (not-made p23):fam
 (not-made p24):fam
 (not-made p25):fam
 (not-made p26):fam
 (not-made p27):fam
 (not-made p28):fam
 (not-made p29):fam
 (not-made p3):fam
 (not-made p4):fam
 (not-made p5):fam
 (not-made p6):fam
 (not-made p7):fam
 (not-made p8):fam
 (not-made p9):fam
 (waiting o1):fam
 (waiting o10):fam
 (waiting o11):fam
 (waiting o12):fam
 (waiting o13):fam
 (waiting o14):fam
 (waiting o15):fam
 (waiting o16):fam
 (waiting o17):fam
 (waiting o18):fam
 (waiting o19):fam
 (waiting o2):fam
 (waiting o20):fam
 (waiting o21):fam
 (waiting o22):fam
 (waiting o23):fam
 (waiting o24):fam
 (waiting o25):fam
 (waiting o26):fam
 (waiting o27):fam
 (waiting o28):fam
 (waiting o29):fam
 (waiting o3):fam
 (waiting o4):fam
 (waiting o5):fam
 (waiting o6):fam
 (waiting o7):fam
 (waiting o8):fam
 (waiting o9):fam
 (made p1) (not-made p1):=1:fam
 (made p10) (not-made p10):=1:fam
 (made p11) (not-made p11):=1:fam
 (made p12) (not-made p12):=1:fam
 (made p13) (not-made p13):=1:fam
 (made p14) (not-made p14):=1:fam
 (made p15) (not-made p15):=1:fam
 (made p16) (not-made p16):=1:fam
 (made p17) (not-made p17):=1:fam
 (made p18) (not-made p18):=1:fam
 (made p19) (not-made p19):=1:fam
 (made p2) (not-made p2):=1:fam
 (made p20) (not-made p20):=1:fam
 (made p21) (not-made p21):=1:fam
 (made p22) (not-made p22):=1:fam
 (made p23) (not-made p23):=1:fam
 (made p24) (not-made p24):=1:fam
 (made p25) (not-made p25):=1:fam
 (made p26) (not-made p26):=1:fam
 (made p27) (not-made p27):=1:fam
 (made p28) (not-made p28):=1:fam
 (made p29) (not-made p29):=1:fam
 (made p3) (not-made p3):=1:fam
 (made p4) (not-made p4):=1:fam
 (made p5) (not-made p5):=1:fam
 (made p6) (not-made p6):=1:fam
 (made p7) (not-made p7):=1:fam
 (made p8) (not-made p8):=1:fam
 (made p9) (not-made p9):=1:fam
 (started o1) (waiting o1):fam
 (started o10) (waiting o10):fam
 (started o11) (waiting o11):fam
 (started o12) (waiting o12):fam
 (started o13) (waiting o13):fam
 (started o14) (waiting o14):fam
 (started o15) (waiting o15):fam
 (started o16) (waiting o16):fam
 (started o17) (waiting o17):fam
 (started o18) (waiting o18):fam
 (started o19) (waiting o19):fam
 (started o2) (waiting o2):fam
 (started o20) (waiting o20):fam
 (started o21) (waiting o21):fam
 (started o22) (waiting o22):fam
 (started o23) (waiting o23):fam
 (started o24) (waiting o24):fam
 (started o25) (waiting o25):fam
 (started o26) (waiting o26):fam
 (started o27) (waiting o27):fam
 (started o28) (waiting o28):fam
 (started o29) (waiting o29):fam
 (started o3) (waiting o3):fam
 (started o4) (waiting o4):fam
 (started o5) (waiting o5):fam
 (started o6) (waiting o6):fam
 (started o7) (waiting o7):fam
 (started o8) (waiting o8):fam
 (started o9) (waiting o9):fam
 (shipped o1) (started o1) (waiting o1):=1:fam:G
 (shipped o10) (started o10) (waiting o10):=1:fam:G
 (shipped o11) (started o11) (waiting o11):=1:fam:G
 (shipped o12) (started o12) (waiting o12):=1:fam:G
 (shipped o13) (started o13) (waiting o13):=1:fam:G
 (shipped o14) (started o14) (waiting o14):=1:fam:G
 (shipped o15) (started o15) (waiting o15):=1:fam:G
 (shipped o16) (started o16) (waiting o16):=1:fam:G
 (shipped o17) (started o17) (waiting o17):=1:fam:G
 (shipped o18) (started o18) (waiting o18):=1:fam:G
 (shipped o19) (started o19) (waiting o19):=1:fam:G
 (shipped o2) (started o2) (waiting o2):=1:fam:G
 (shipped o20) (started o20) (waiting o20):=1:fam:G
 (shipped o21) (started o21) (waiting o21):=1:fam:G
 (shipped o22) (started o22) (waiting o22):=1:fam:G
 (shipped o23) (started o23) (waiting o23):=1:fam:G
 (shipped o24) (started o24) (waiting o24):=1:fam:G
 (shipped o25) (started o25) (waiting o25):=1:fam:G
 (shipped o26) (started o26) (waiting o26):=1:fam:G
 (shipped o27) (started o27) (waiting o27):=1:fam:G
 (shipped o28) (started o28) (waiting o28):=1:fam:G
 (shipped o29) (started o29) (waiting o29):=1:fam:G
 (shipped o3) (started o3) (waiting o3):=1:fam:G
 (shipped o4) (started o4) (waiting o4):=1:fam:G
 (shipped o5) (started o5) (waiting o5):=1:fam:G
 (shipped o6) (started o6) (waiting o6):=1:fam:G
 (shipped o7) (started o7) (waiting o7):=1:fam:G
 (shipped o8) (started o8) (waiting o8):=1:fam:G
 (shipped o9) (started o9) (waiting o9):=1:fam:G
 (stacks-avail n0) (stacks-avail n1) (stacks-avail n10) (stacks-avail n11) (stacks-avail n12) (stacks-avail n13) (stacks-avail n14) (stacks-avail n15) (stacks-avail n16) (stacks-avail n17) (stacks-avail n18) (stacks-avail n19) (stacks-avail n2) (stacks-avail n20) (stacks-avail n21) (stacks-avail n22) (stacks-avail n23) (stacks-avail n24) (stacks-avail n25) (stacks-avail n26) (stacks-avail n27) (stacks-avail n28) (stacks-avail n29) (stacks-avail n3) (stacks-avail n4) (stacks-avail n5) (stacks-avail n6) (stacks-avail n7) (stacks-avail n8) (stacks-avail n9):=1:fam


Mutex Group Cover Number: 59
