Symmetric facts:
 (colour p0 black) (colour p0 green)
 (colour p1 black) (colour p1 red)
 (colour p10 black) (colour p10 green) (colour p10 red)
 (colour p2 black) (colour p2 green) (colour p2 red)
 (colour p3 black) (colour p3 green) (colour p3 red)
 (colour p4 green) (colour p4 red)
 (colour p5 black) (colour p5 green) (colour p5 red)
 (colour p6 black) (colour p6 green) (colour p6 red)
 (colour p7 black) (colour p7 green) (colour p7 red)
 (colour p8 black) (colour p8 green) (colour p8 red)
 (colour p9 black) (colour p9 green) (colour p9 red)
Symmetric ops:
 (do-glaze p0 glazer0 black) (do-glaze p0 glazer0 green)
 (do-glaze p1 glazer0 black) (do-glaze p1 glazer0 red)
 (do-glaze p10 glazer0 black) (do-glaze p10 glazer0 green) (do-glaze p10 glazer0 red)
 (do-glaze p2 glazer0 black) (do-glaze p2 glazer0 green) (do-glaze p2 glazer0 red)
 (do-glaze p3 glazer0 black) (do-glaze p3 glazer0 green) (do-glaze p3 glazer0 red)
 (do-glaze p4 glazer0 green) (do-glaze p4 glazer0 red)
 (do-glaze p5 glazer0 black) (do-glaze p5 glazer0 green) (do-glaze p5 glazer0 red)
 (do-glaze p6 glazer0 black) (do-glaze p6 glazer0 green) (do-glaze p6 glazer0 red)
 (do-glaze p7 glazer0 black) (do-glaze p7 glazer0 green) (do-glaze p7 glazer0 red)
 (do-glaze p8 glazer0 black) (do-glaze p8 glazer0 green) (do-glaze p8 glazer0 red)
 (do-glaze p9 glazer0 black) (do-glaze p9 glazer0 green) (do-glaze p9 glazer0 red)
 (do-grind p0 grinder0 smooth black glazed untreated) (do-grind p0 grinder0 smooth green glazed untreated)
 (do-grind p0 grinder0 verysmooth black glazed untreated) (do-grind p0 grinder0 verysmooth green glazed untreated)
 (do-grind p1 grinder0 smooth black glazed untreated) (do-grind p1 grinder0 smooth red glazed untreated)
 (do-grind p1 grinder0 verysmooth black glazed untreated) (do-grind p1 grinder0 verysmooth red glazed untreated)
 (do-grind p10 grinder0 smooth black glazed untreated) (do-grind p10 grinder0 smooth green glazed untreated) (do-grind p10 grinder0 smooth red glazed untreated)
 (do-grind p10 grinder0 verysmooth black glazed untreated) (do-grind p10 grinder0 verysmooth green glazed untreated) (do-grind p10 grinder0 verysmooth red glazed untreated)
 (do-grind p2 grinder0 smooth black glazed untreated) (do-grind p2 grinder0 smooth green glazed untreated) (do-grind p2 grinder0 smooth red glazed untreated)
 (do-grind p2 grinder0 verysmooth black glazed untreated) (do-grind p2 grinder0 verysmooth green glazed untreated) (do-grind p2 grinder0 verysmooth red glazed untreated)
 (do-grind p3 grinder0 smooth black glazed untreated) (do-grind p3 grinder0 smooth green glazed untreated) (do-grind p3 grinder0 smooth red glazed untreated)
 (do-grind p3 grinder0 verysmooth black glazed untreated) (do-grind p3 grinder0 verysmooth green glazed untreated) (do-grind p3 grinder0 verysmooth red glazed untreated)
 (do-grind p4 grinder0 smooth green glazed untreated) (do-grind p4 grinder0 smooth red glazed untreated)
 (do-grind p4 grinder0 verysmooth green glazed untreated) (do-grind p4 grinder0 verysmooth red glazed untreated)
 (do-grind p5 grinder0 smooth black glazed untreated) (do-grind p5 grinder0 smooth green glazed untreated) (do-grind p5 grinder0 smooth red glazed untreated)
 (do-grind p5 grinder0 verysmooth black glazed untreated) (do-grind p5 grinder0 verysmooth green glazed untreated) (do-grind p5 grinder0 verysmooth red glazed untreated)
 (do-grind p6 grinder0 smooth black glazed untreated) (do-grind p6 grinder0 smooth green glazed untreated) (do-grind p6 grinder0 smooth red glazed untreated)
 (do-grind p6 grinder0 verysmooth black glazed untreated) (do-grind p6 grinder0 verysmooth green glazed untreated) (do-grind p6 grinder0 verysmooth red glazed untreated)
 (do-grind p7 grinder0 smooth black glazed untreated) (do-grind p7 grinder0 smooth green glazed untreated) (do-grind p7 grinder0 smooth red glazed untreated)
 (do-grind p7 grinder0 verysmooth black glazed untreated) (do-grind p7 grinder0 verysmooth green glazed untreated) (do-grind p7 grinder0 verysmooth red glazed untreated)
 (do-grind p8 grinder0 smooth black glazed untreated) (do-grind p8 grinder0 smooth green glazed untreated) (do-grind p8 grinder0 smooth red glazed untreated)
 (do-grind p8 grinder0 verysmooth black glazed untreated) (do-grind p8 grinder0 verysmooth green glazed untreated) (do-grind p8 grinder0 verysmooth red glazed untreated)
 (do-grind p9 grinder0 smooth black glazed untreated) (do-grind p9 grinder0 smooth green glazed untreated) (do-grind p9 grinder0 smooth red glazed untreated)
 (do-grind p9 grinder0 verysmooth black glazed untreated) (do-grind p9 grinder0 verysmooth green glazed untreated) (do-grind p9 grinder0 verysmooth red glazed untreated)
 (do-plane p0 planer0 rough black glazed) (do-plane p0 planer0 rough green glazed)
 (do-plane p0 planer0 smooth black glazed) (do-plane p0 planer0 smooth green glazed)
 (do-plane p0 planer0 verysmooth black glazed) (do-plane p0 planer0 verysmooth green glazed)
 (do-plane p1 planer0 rough black glazed) (do-plane p1 planer0 rough red glazed)
 (do-plane p1 planer0 smooth black glazed) (do-plane p1 planer0 smooth red glazed)
 (do-plane p1 planer0 verysmooth black glazed) (do-plane p1 planer0 verysmooth red glazed)
 (do-plane p10 planer0 rough black glazed) (do-plane p10 planer0 rough green glazed) (do-plane p10 planer0 rough red glazed)
 (do-plane p10 planer0 smooth black glazed) (do-plane p10 planer0 smooth green glazed) (do-plane p10 planer0 smooth red glazed)
 (do-plane p10 planer0 verysmooth black glazed) (do-plane p10 planer0 verysmooth green glazed) (do-plane p10 planer0 verysmooth red glazed)
 (do-plane p2 planer0 rough black glazed) (do-plane p2 planer0 rough green glazed) (do-plane p2 planer0 rough red glazed)
 (do-plane p2 planer0 smooth black glazed) (do-plane p2 planer0 smooth green glazed) (do-plane p2 planer0 smooth red glazed)
 (do-plane p2 planer0 verysmooth black glazed) (do-plane p2 planer0 verysmooth green glazed) (do-plane p2 planer0 verysmooth red glazed)
 (do-plane p3 planer0 rough black glazed) (do-plane p3 planer0 rough green glazed) (do-plane p3 planer0 rough red glazed)
 (do-plane p3 planer0 smooth black glazed) (do-plane p3 planer0 smooth green glazed) (do-plane p3 planer0 smooth red glazed)
 (do-plane p3 planer0 verysmooth black glazed) (do-plane p3 planer0 verysmooth green glazed) (do-plane p3 planer0 verysmooth red glazed)
 (do-plane p4 planer0 rough green glazed) (do-plane p4 planer0 rough red glazed)
 (do-plane p4 planer0 smooth green glazed) (do-plane p4 planer0 smooth red glazed)
 (do-plane p4 planer0 verysmooth green glazed) (do-plane p4 planer0 verysmooth red glazed)
 (do-plane p5 planer0 rough black glazed) (do-plane p5 planer0 rough green glazed) (do-plane p5 planer0 rough red glazed)
 (do-plane p5 planer0 smooth black glazed) (do-plane p5 planer0 smooth green glazed) (do-plane p5 planer0 smooth red glazed)
 (do-plane p5 planer0 verysmooth black glazed) (do-plane p5 planer0 verysmooth green glazed) (do-plane p5 planer0 verysmooth red glazed)
 (do-plane p6 planer0 smooth black glazed) (do-plane p6 planer0 smooth green glazed) (do-plane p6 planer0 smooth red glazed)
 (do-plane p6 planer0 verysmooth black glazed) (do-plane p6 planer0 verysmooth green glazed) (do-plane p6 planer0 verysmooth red glazed)
 (do-plane p7 planer0 rough black glazed) (do-plane p7 planer0 rough green glazed) (do-plane p7 planer0 rough red glazed)
 (do-plane p7 planer0 smooth black glazed) (do-plane p7 planer0 smooth green glazed) (do-plane p7 planer0 smooth red glazed)
 (do-plane p7 planer0 verysmooth black glazed) (do-plane p7 planer0 verysmooth green glazed) (do-plane p7 planer0 verysmooth red glazed)
 (do-plane p8 planer0 rough black glazed) (do-plane p8 planer0 rough green glazed) (do-plane p8 planer0 rough red glazed)
 (do-plane p8 planer0 smooth black glazed) (do-plane p8 planer0 smooth green glazed) (do-plane p8 planer0 smooth red glazed)
 (do-plane p8 planer0 verysmooth black glazed) (do-plane p8 planer0 verysmooth green glazed) (do-plane p8 planer0 verysmooth red glazed)
 (do-plane p9 planer0 rough black glazed) (do-plane p9 planer0 rough green glazed) (do-plane p9 planer0 rough red glazed)
 (do-plane p9 planer0 smooth black glazed) (do-plane p9 planer0 smooth green glazed) (do-plane p9 planer0 smooth red glazed)
 (do-plane p9 planer0 verysmooth black glazed) (do-plane p9 planer0 verysmooth green glazed) (do-plane p9 planer0 verysmooth red glazed)
