Reduced 12 -> 7
Domain: transport
Problem: transport-city-sequential-3nodes-1000size-2degree-100mindistance-2trucks-2packages-2008seed
Require: 200ff
Type[6]:
    [0]: object, parent: -1
    [1]: location, parent: 0
    [2]: locatable, parent: 0
    [3]: vehicle, parent: 2
    [4]: package, parent: 2
    [5]: capacity-number, parent: 0
Obj-by-Type:
    [0]: 0 1 2 3 4 5 6
    [1]: 0 1
    [2]: 2 3 4 5
    [3]: 2 3
    [4]: 4 5
    [5]: 6
Obj[7]:
    [0]: city-loc-1, type: 1, is-constant: 0, is-private: 0, owner: -1, is-agent: 0
    [1]: city-loc-2, type: 1, is-constant: 0, is-private: 0, owner: -1, is-agent: 0
    [2]: truck-1, type: 3, is-constant: 0, is-private: 0, owner: -1, is-agent: 0
    [3]: truck-2, type: 3, is-constant: 0, is-private: 0, owner: -1, is-agent: 0
    [4]: package-1, type: 4, is-constant: 0, is-private: 0, owner: -1, is-agent: 0
    [5]: package-2, type: 4, is-constant: 0, is-private: 0, owner: -1, is-agent: 0
    [6]: capacity-0, type: 5, is-constant: 0, is-private: 0, owner: -1, is-agent: 0
Predicate[6]:
    =: 0 0 :: is-private: 0, owner-param: -1, read: 0, write: 0
    road: 1 1 :: is-private: 0, owner-param: -1, read: 1, write: 0
    at: 2 1 :: is-private: 0, owner-param: -1, read: 1, write: 1
    in: 4 3 :: is-private: 0, owner-param: -1, read: 1, write: 1
    capacity: 3 5 :: is-private: 0, owner-param: -1, read: 1, write: 1
    capacity-predecessor: 5 5 :: is-private: 0, owner-param: -1, read: 1, write: 0
Function[2]:
    road-length: 1 1 :: is-private: 0, owner-param: -1, read: 0, write: 0
    total-cost: :: is-private: 0, owner-param: -1, read: 0, write: 0
Action[3]:
    drive: ?v:3 ?l1:1 ?l2:1
        pre: (and (RW:at ?v ?l1) (R:road ?l1 ?l2))
        eff: (and (RW:at ?v ?l2) (increase (total-cost) (road-length ?l1 ?l2)))
    pick-up: ?v:3 ?l:1 ?p:4 ?s1:5 ?s2:5
        pre: (and (RW:at ?v ?l) (RW:at ?p ?l) (R:capacity-predecessor ?s1 ?s2) (RW:capacity ?v ?s2))
        eff: (and (RW:in ?p ?v) (RW:capacity ?v ?s1) (increase (total-cost) 1))
    drop: ?v:3 ?l:1 ?p:4 ?s1:5 ?s2:5
        pre: (and (RW:at ?v ?l) (RW:in ?p ?v) (R:capacity-predecessor ?s1 ?s2) (RW:capacity ?v ?s1))
        eff: (and (N:RW:in ?p ?v) (RW:at ?p ?l) (RW:capacity ?v ?s2) (increase (total-cost) 1))
Init[14]:
  S:(capacity-predecessor capacity-0 capacity-0)
  S:(capacity-predecessor capacity-0 capacity-0)
  S:(capacity-predecessor capacity-0 capacity-0)
  S:(capacity-predecessor capacity-0 capacity-0)
  S:(road city-loc-1 city-loc-1)
  S:(road city-loc-1 city-loc-1)
  S:(road city-loc-1 city-loc-2)
  S:(road city-loc-2 city-loc-1)
  (at package-1 city-loc-1)
  (at package-2 city-loc-1)
  (at truck-1 city-loc-1)
  (capacity truck-1 capacity-0)
  (at truck-2 city-loc-1)
  (capacity truck-2 capacity-0)
Init[5]:
  (= (total-cost) 0)
  (= (road-length city-loc-1 city-loc-1) 22)
  (= (road-length city-loc-1 city-loc-1) 22)
  (= (road-length city-loc-1 city-loc-2) 50)
  (= (road-length city-loc-2 city-loc-1) 50)
Goal: (and (RW:at package-1 city-loc-2) (RW:at package-2 city-loc-2))
Metric: 1
