< {waiting V0:order}
, {not-made V0:product}
, {stacks-avail C0:count}:=1
, {waiting V0:order, started V0:order}
, {made V0:product, not-made V0:product}:=1
, {waiting V0:order, started V0:order, shipped V0:order}:=1
>
Goal aware:
< {waiting o1, started o1, shipped o1}:=1
, {waiting o2, started o2, shipped o2}:=1
, {waiting o3, started o3, shipped o3}:=1
, {waiting o4, started o4, shipped o4}:=1
, {waiting o5, started o5, shipped o5}:=1
, {waiting o6, started o6, shipped o6}:=1
, {waiting o7, started o7, shipped o7}:=1
, {waiting o8, started o8, shipped o8}:=1
, {waiting o9, started o9, shipped o9}:=1
, {waiting o10, started o10, shipped o10}:=1
, {waiting o11, started o11, shipped o11}:=1
, {waiting o12, started o12, shipped o12}:=1
, {waiting o13, started o13, shipped o13}:=1
, {waiting o14, started o14, shipped o14}:=1
, {waiting o15, started o15, shipped o15}:=1
, {waiting o16, started o16, shipped o16}:=1
, {waiting o17, started o17, shipped o17}:=1
, {waiting o18, started o18, shipped o18}:=1
, {waiting o19, started o19, shipped o19}:=1
, {waiting o20, started o20, shipped o20}:=1
, {waiting o21, started o21, shipped o21}:=1
, {waiting o22, started o22, shipped o22}:=1
, {waiting o23, started o23, shipped o23}:=1
, {waiting o24, started o24, shipped o24}:=1
, {waiting o25, started o25, shipped o25}:=1
, {waiting o26, started o26, shipped o26}:=1
, {waiting o27, started o27, shipped o27}:=1
, {waiting o28, started o28, shipped o28}:=1
, {waiting o29, started o29, shipped o29}:=1
>
