Symmetric facts:
 (at hoist0 container-0-0) (at hoist0 container-0-1) (at hoist0 container-0-2) (at hoist0 container-0-3)
 (clear container-0-0) (clear container-0-1) (clear container-0-2) (clear container-0-3)
 (in crate0 depot0) (in crate1 depot0) (in crate2 depot0) (in crate3 depot0)
 (lifting hoist0 crate0) (lifting hoist0 crate1) (lifting hoist0 crate2) (lifting hoist0 crate3)
 (on crate0 container-0-0) (on crate1 container-0-1) (on crate2 container-0-2) (on crate3 container-0-3)
 (on crate0 container-0-1) (on crate0 container-0-2) (on crate0 container-0-3) (on crate1 container-0-0) (on crate1 container-0-2) (on crate1 container-0-3) (on crate2 container-0-0) (on crate2 container-0-1) (on crate2 container-0-3) (on crate3 container-0-0) (on crate3 container-0-1) (on crate3 container-0-2)
 (on crate0 depot0-1-1) (on crate1 depot0-1-1) (on crate2 depot0-1-1) (on crate3 depot0-1-1)
 (on crate0 depot0-1-2) (on crate1 depot0-1-2) (on crate2 depot0-1-2) (on crate3 depot0-1-2)
 (on crate0 depot0-1-3) (on crate1 depot0-1-3) (on crate2 depot0-1-3) (on crate3 depot0-1-3)
 (on crate0 depot0-1-4) (on crate1 depot0-1-4) (on crate2 depot0-1-4) (on crate3 depot0-1-4)
 (on crate0 depot0-2-1) (on crate1 depot0-2-1) (on crate2 depot0-2-1) (on crate3 depot0-2-1)
 (on crate0 depot0-2-2) (on crate1 depot0-2-2) (on crate2 depot0-2-2) (on crate3 depot0-2-2)
 (on crate0 depot0-2-3) (on crate1 depot0-2-3) (on crate2 depot0-2-3) (on crate3 depot0-2-3)
 (on crate0 depot0-2-4) (on crate1 depot0-2-4) (on crate2 depot0-2-4) (on crate3 depot0-2-4)
Symmetric ops:
 (drop hoist0 crate0 container-0-0 loadarea container0) (drop hoist0 crate1 container-0-1 loadarea container0) (drop hoist0 crate2 container-0-2 loadarea container0) (drop hoist0 crate3 container-0-3 loadarea container0)
 (drop hoist0 crate0 container-0-1 loadarea container0) (drop hoist0 crate0 container-0-2 loadarea container0) (drop hoist0 crate0 container-0-3 loadarea container0) (drop hoist0 crate1 container-0-0 loadarea container0) (drop hoist0 crate1 container-0-2 loadarea container0) (drop hoist0 crate1 container-0-3 loadarea container0) (drop hoist0 crate2 container-0-0 loadarea container0) (drop hoist0 crate2 container-0-1 loadarea container0) (drop hoist0 crate2 container-0-3 loadarea container0) (drop hoist0 crate3 container-0-0 loadarea container0) (drop hoist0 crate3 container-0-1 loadarea container0) (drop hoist0 crate3 container-0-2 loadarea container0)
 (drop hoist0 crate0 depot0-1-1 depot0-1-2 depot0) (drop hoist0 crate1 depot0-1-1 depot0-1-2 depot0) (drop hoist0 crate2 depot0-1-1 depot0-1-2 depot0) (drop hoist0 crate3 depot0-1-1 depot0-1-2 depot0)
 (drop hoist0 crate0 depot0-1-1 depot0-2-1 depot0) (drop hoist0 crate1 depot0-1-1 depot0-2-1 depot0) (drop hoist0 crate2 depot0-1-1 depot0-2-1 depot0) (drop hoist0 crate3 depot0-1-1 depot0-2-1 depot0)
 (drop hoist0 crate0 depot0-1-2 depot0-1-1 depot0) (drop hoist0 crate1 depot0-1-2 depot0-1-1 depot0) (drop hoist0 crate2 depot0-1-2 depot0-1-1 depot0) (drop hoist0 crate3 depot0-1-2 depot0-1-1 depot0)
 (drop hoist0 crate0 depot0-1-2 depot0-1-3 depot0) (drop hoist0 crate1 depot0-1-2 depot0-1-3 depot0) (drop hoist0 crate2 depot0-1-2 depot0-1-3 depot0) (drop hoist0 crate3 depot0-1-2 depot0-1-3 depot0)
 (drop hoist0 crate0 depot0-1-2 depot0-2-2 depot0) (drop hoist0 crate1 depot0-1-2 depot0-2-2 depot0) (drop hoist0 crate2 depot0-1-2 depot0-2-2 depot0) (drop hoist0 crate3 depot0-1-2 depot0-2-2 depot0)
 (drop hoist0 crate0 depot0-1-3 depot0-1-2 depot0) (drop hoist0 crate1 depot0-1-3 depot0-1-2 depot0) (drop hoist0 crate2 depot0-1-3 depot0-1-2 depot0) (drop hoist0 crate3 depot0-1-3 depot0-1-2 depot0)
 (drop hoist0 crate0 depot0-1-3 depot0-1-4 depot0) (drop hoist0 crate1 depot0-1-3 depot0-1-4 depot0) (drop hoist0 crate2 depot0-1-3 depot0-1-4 depot0) (drop hoist0 crate3 depot0-1-3 depot0-1-4 depot0)
 (drop hoist0 crate0 depot0-1-3 depot0-2-3 depot0) (drop hoist0 crate1 depot0-1-3 depot0-2-3 depot0) (drop hoist0 crate2 depot0-1-3 depot0-2-3 depot0) (drop hoist0 crate3 depot0-1-3 depot0-2-3 depot0)
 (drop hoist0 crate0 depot0-1-4 depot0-1-3 depot0) (drop hoist0 crate1 depot0-1-4 depot0-1-3 depot0) (drop hoist0 crate2 depot0-1-4 depot0-1-3 depot0) (drop hoist0 crate3 depot0-1-4 depot0-1-3 depot0)
 (drop hoist0 crate0 depot0-1-4 depot0-2-4 depot0) (drop hoist0 crate1 depot0-1-4 depot0-2-4 depot0) (drop hoist0 crate2 depot0-1-4 depot0-2-4 depot0) (drop hoist0 crate3 depot0-1-4 depot0-2-4 depot0)
 (drop hoist0 crate0 depot0-2-1 depot0-1-1 depot0) (drop hoist0 crate1 depot0-2-1 depot0-1-1 depot0) (drop hoist0 crate2 depot0-2-1 depot0-1-1 depot0) (drop hoist0 crate3 depot0-2-1 depot0-1-1 depot0)
 (drop hoist0 crate0 depot0-2-1 depot0-2-2 depot0) (drop hoist0 crate1 depot0-2-1 depot0-2-2 depot0) (drop hoist0 crate2 depot0-2-1 depot0-2-2 depot0) (drop hoist0 crate3 depot0-2-1 depot0-2-2 depot0)
 (drop hoist0 crate0 depot0-2-2 depot0-1-2 depot0) (drop hoist0 crate1 depot0-2-2 depot0-1-2 depot0) (drop hoist0 crate2 depot0-2-2 depot0-1-2 depot0) (drop hoist0 crate3 depot0-2-2 depot0-1-2 depot0)
 (drop hoist0 crate0 depot0-2-2 depot0-2-1 depot0) (drop hoist0 crate1 depot0-2-2 depot0-2-1 depot0) (drop hoist0 crate2 depot0-2-2 depot0-2-1 depot0) (drop hoist0 crate3 depot0-2-2 depot0-2-1 depot0)
 (drop hoist0 crate0 depot0-2-2 depot0-2-3 depot0) (drop hoist0 crate1 depot0-2-2 depot0-2-3 depot0) (drop hoist0 crate2 depot0-2-2 depot0-2-3 depot0) (drop hoist0 crate3 depot0-2-2 depot0-2-3 depot0)
 (drop hoist0 crate0 depot0-2-3 depot0-1-3 depot0) (drop hoist0 crate1 depot0-2-3 depot0-1-3 depot0) (drop hoist0 crate2 depot0-2-3 depot0-1-3 depot0) (drop hoist0 crate3 depot0-2-3 depot0-1-3 depot0)
 (drop hoist0 crate0 depot0-2-3 depot0-2-2 depot0) (drop hoist0 crate1 depot0-2-3 depot0-2-2 depot0) (drop hoist0 crate2 depot0-2-3 depot0-2-2 depot0) (drop hoist0 crate3 depot0-2-3 depot0-2-2 depot0)
 (drop hoist0 crate0 depot0-2-3 depot0-2-4 depot0) (drop hoist0 crate1 depot0-2-3 depot0-2-4 depot0) (drop hoist0 crate2 depot0-2-3 depot0-2-4 depot0) (drop hoist0 crate3 depot0-2-3 depot0-2-4 depot0)
 (drop hoist0 crate0 depot0-2-3 loadarea depot0) (drop hoist0 crate1 depot0-2-3 loadarea depot0) (drop hoist0 crate2 depot0-2-3 loadarea depot0) (drop hoist0 crate3 depot0-2-3 loadarea depot0)
 (drop hoist0 crate0 depot0-2-4 depot0-1-4 depot0) (drop hoist0 crate1 depot0-2-4 depot0-1-4 depot0) (drop hoist0 crate2 depot0-2-4 depot0-1-4 depot0) (drop hoist0 crate3 depot0-2-4 depot0-1-4 depot0)
 (drop hoist0 crate0 depot0-2-4 depot0-2-3 depot0) (drop hoist0 crate1 depot0-2-4 depot0-2-3 depot0) (drop hoist0 crate2 depot0-2-4 depot0-2-3 depot0) (drop hoist0 crate3 depot0-2-4 depot0-2-3 depot0)
 (go-in hoist0 loadarea container-0-0) (go-in hoist0 loadarea container-0-1) (go-in hoist0 loadarea container-0-2) (go-in hoist0 loadarea container-0-3)
 (go-out hoist0 container-0-0 loadarea) (go-out hoist0 container-0-1 loadarea) (go-out hoist0 container-0-2 loadarea) (go-out hoist0 container-0-3 loadarea)
 (lift hoist0 crate0 container-0-0 loadarea container0) (lift hoist0 crate1 container-0-1 loadarea container0) (lift hoist0 crate2 container-0-2 loadarea container0) (lift hoist0 crate3 container-0-3 loadarea container0)
 (lift hoist0 crate0 container-0-1 loadarea container0) (lift hoist0 crate0 container-0-2 loadarea container0) (lift hoist0 crate0 container-0-3 loadarea container0) (lift hoist0 crate1 container-0-0 loadarea container0) (lift hoist0 crate1 container-0-2 loadarea container0) (lift hoist0 crate1 container-0-3 loadarea container0) (lift hoist0 crate2 container-0-0 loadarea container0) (lift hoist0 crate2 container-0-1 loadarea container0) (lift hoist0 crate2 container-0-3 loadarea container0) (lift hoist0 crate3 container-0-0 loadarea container0) (lift hoist0 crate3 container-0-1 loadarea container0) (lift hoist0 crate3 container-0-2 loadarea container0)
 (lift hoist0 crate0 depot0-1-1 depot0-1-2 depot0) (lift hoist0 crate1 depot0-1-1 depot0-1-2 depot0) (lift hoist0 crate2 depot0-1-1 depot0-1-2 depot0) (lift hoist0 crate3 depot0-1-1 depot0-1-2 depot0)
 (lift hoist0 crate0 depot0-1-1 depot0-2-1 depot0) (lift hoist0 crate1 depot0-1-1 depot0-2-1 depot0) (lift hoist0 crate2 depot0-1-1 depot0-2-1 depot0) (lift hoist0 crate3 depot0-1-1 depot0-2-1 depot0)
 (lift hoist0 crate0 depot0-1-2 depot0-1-1 depot0) (lift hoist0 crate1 depot0-1-2 depot0-1-1 depot0) (lift hoist0 crate2 depot0-1-2 depot0-1-1 depot0) (lift hoist0 crate3 depot0-1-2 depot0-1-1 depot0)
 (lift hoist0 crate0 depot0-1-2 depot0-1-3 depot0) (lift hoist0 crate1 depot0-1-2 depot0-1-3 depot0) (lift hoist0 crate2 depot0-1-2 depot0-1-3 depot0) (lift hoist0 crate3 depot0-1-2 depot0-1-3 depot0)
 (lift hoist0 crate0 depot0-1-2 depot0-2-2 depot0) (lift hoist0 crate1 depot0-1-2 depot0-2-2 depot0) (lift hoist0 crate2 depot0-1-2 depot0-2-2 depot0) (lift hoist0 crate3 depot0-1-2 depot0-2-2 depot0)
 (lift hoist0 crate0 depot0-1-3 depot0-1-2 depot0) (lift hoist0 crate1 depot0-1-3 depot0-1-2 depot0) (lift hoist0 crate2 depot0-1-3 depot0-1-2 depot0) (lift hoist0 crate3 depot0-1-3 depot0-1-2 depot0)
 (lift hoist0 crate0 depot0-1-3 depot0-1-4 depot0) (lift hoist0 crate1 depot0-1-3 depot0-1-4 depot0) (lift hoist0 crate2 depot0-1-3 depot0-1-4 depot0) (lift hoist0 crate3 depot0-1-3 depot0-1-4 depot0)
 (lift hoist0 crate0 depot0-1-3 depot0-2-3 depot0) (lift hoist0 crate1 depot0-1-3 depot0-2-3 depot0) (lift hoist0 crate2 depot0-1-3 depot0-2-3 depot0) (lift hoist0 crate3 depot0-1-3 depot0-2-3 depot0)
 (lift hoist0 crate0 depot0-1-4 depot0-1-3 depot0) (lift hoist0 crate1 depot0-1-4 depot0-1-3 depot0) (lift hoist0 crate2 depot0-1-4 depot0-1-3 depot0) (lift hoist0 crate3 depot0-1-4 depot0-1-3 depot0)
 (lift hoist0 crate0 depot0-1-4 depot0-2-4 depot0) (lift hoist0 crate1 depot0-1-4 depot0-2-4 depot0) (lift hoist0 crate2 depot0-1-4 depot0-2-4 depot0) (lift hoist0 crate3 depot0-1-4 depot0-2-4 depot0)
 (lift hoist0 crate0 depot0-2-1 depot0-1-1 depot0) (lift hoist0 crate1 depot0-2-1 depot0-1-1 depot0) (lift hoist0 crate2 depot0-2-1 depot0-1-1 depot0) (lift hoist0 crate3 depot0-2-1 depot0-1-1 depot0)
 (lift hoist0 crate0 depot0-2-1 depot0-2-2 depot0) (lift hoist0 crate1 depot0-2-1 depot0-2-2 depot0) (lift hoist0 crate2 depot0-2-1 depot0-2-2 depot0) (lift hoist0 crate3 depot0-2-1 depot0-2-2 depot0)
 (lift hoist0 crate0 depot0-2-2 depot0-1-2 depot0) (lift hoist0 crate1 depot0-2-2 depot0-1-2 depot0) (lift hoist0 crate2 depot0-2-2 depot0-1-2 depot0) (lift hoist0 crate3 depot0-2-2 depot0-1-2 depot0)
 (lift hoist0 crate0 depot0-2-2 depot0-2-1 depot0) (lift hoist0 crate1 depot0-2-2 depot0-2-1 depot0) (lift hoist0 crate2 depot0-2-2 depot0-2-1 depot0) (lift hoist0 crate3 depot0-2-2 depot0-2-1 depot0)
 (lift hoist0 crate0 depot0-2-2 depot0-2-3 depot0) (lift hoist0 crate1 depot0-2-2 depot0-2-3 depot0) (lift hoist0 crate2 depot0-2-2 depot0-2-3 depot0) (lift hoist0 crate3 depot0-2-2 depot0-2-3 depot0)
 (lift hoist0 crate0 depot0-2-3 depot0-1-3 depot0) (lift hoist0 crate1 depot0-2-3 depot0-1-3 depot0) (lift hoist0 crate2 depot0-2-3 depot0-1-3 depot0) (lift hoist0 crate3 depot0-2-3 depot0-1-3 depot0)
 (lift hoist0 crate0 depot0-2-3 depot0-2-2 depot0) (lift hoist0 crate1 depot0-2-3 depot0-2-2 depot0) (lift hoist0 crate2 depot0-2-3 depot0-2-2 depot0) (lift hoist0 crate3 depot0-2-3 depot0-2-2 depot0)
 (lift hoist0 crate0 depot0-2-3 depot0-2-4 depot0) (lift hoist0 crate1 depot0-2-3 depot0-2-4 depot0) (lift hoist0 crate2 depot0-2-3 depot0-2-4 depot0) (lift hoist0 crate3 depot0-2-3 depot0-2-4 depot0)
 (lift hoist0 crate0 depot0-2-3 loadarea depot0) (lift hoist0 crate1 depot0-2-3 loadarea depot0) (lift hoist0 crate2 depot0-2-3 loadarea depot0) (lift hoist0 crate3 depot0-2-3 loadarea depot0)
 (lift hoist0 crate0 depot0-2-4 depot0-1-4 depot0) (lift hoist0 crate1 depot0-2-4 depot0-1-4 depot0) (lift hoist0 crate2 depot0-2-4 depot0-1-4 depot0) (lift hoist0 crate3 depot0-2-4 depot0-1-4 depot0)
 (lift hoist0 crate0 depot0-2-4 depot0-2-3 depot0) (lift hoist0 crate1 depot0-2-4 depot0-2-3 depot0) (lift hoist0 crate2 depot0-2-4 depot0-2-3 depot0) (lift hoist0 crate3 depot0-2-4 depot0-2-3 depot0)
