Fact[14]:
  (bond h061 o066 0-0-0)
  (none-of-those 0-1-1)
  (bond c032 h061 1-0-2)
  (bond o066 h061 1-1-3)
  (bond c033 o066 2-0-4)
  (doublebond c033 c032 2-1-5)
  (bond o066 c033 3-0-6)
  (none-of-those 3-1-7)
  (bond c032 c033 4-0-8)
  (none-of-those 4-1-9)
  (bond c033 c032 5-0-10)
  (none-of-those 5-1-11)
  (bond h061 c032 6-0-12)
  (none-of-those 6-1-13)
Op[2]:
  (additionofrohacrossgemdisubstitutedalkene c033 c032 h061 o066 c034 h133 c034 h134 c016), cost: 1
    pre: (bond o066 h061 1-1-3) (doublebond c033 c032 2-1-5)
    add: (none-of-those 0-1-1) (bond c032 h061 1-0-2) (bond c033 o066 2-0-4) (bond o066 c033 3-0-6) (bond c032 c033 4-0-8) (bond c033 c032 5-0-10) (bond h061 c032 6-0-12)
    del: (bond h061 o066 0-0-0) (bond o066 h061 1-1-3) (doublebond c033 c032 2-1-5) (none-of-those 3-1-7) (none-of-those 4-1-9) (none-of-those 5-1-11) (none-of-those 6-1-13)
  (additionofrohacrossgemdisubstitutedalkene c033 c032 h061 o066 c034 h133 c034 h134 h061), cost: 1
    pre: (bond h061 o066 0-0-0) (bond o066 h061 1-1-3) (doublebond c033 c032 2-1-5)
    add: (none-of-those 0-1-1) (bond c032 h061 1-0-2) (bond c033 o066 2-0-4) (bond o066 c033 3-0-6) (bond c032 c033 4-0-8) (bond c033 c032 5-0-10) (bond h061 c032 6-0-12)
    del: (bond h061 o066 0-0-0) (bond o066 h061 1-1-3) (doublebond c033 c032 2-1-5) (none-of-those 3-1-7) (none-of-those 4-1-9) (none-of-those 5-1-11) (none-of-those 6-1-13)
Init State: (bond h061 o066 0-0-0) (bond o066 h061 1-1-3) (doublebond c033 c032 2-1-5) (none-of-those 3-1-7) (none-of-those 4-1-9) (none-of-those 5-1-11) (none-of-those 6-1-13)
Goal: (bond c032 h061 1-0-2) (bond c033 o066 2-0-4) (bond o066 c033 3-0-6) (bond c032 c033 4-0-8) (bond c033 c032 5-0-10) (bond h061 c032 6-0-12)
Value: 1
