Init: (location sheet1 some_feeder_tray) (notprintedwith sheet1 back black) (notprintedwith sheet1 front black)
Unreachable facts [30/33]:
  (available blackcontainer-rsrc)
  (available blackfeeder-rsrc)
  (available blackprinter-rsrc)
  (available colorcontainer-rsrc)
  (available colorfeeder-rsrc)
  (available colorprinter-rsrc)
  (available down-rsrc)
  (available endcap-rsrc)
  (available finisher1-rsrc)
  (available htmoverblack-rsrc)
  (available htmovercolor-rsrc)
  (available up-rsrc)
  (hasimage sheet1 front image-1)
  (location sheet1 blackcontainer_entry-blackfeeder_exit)
  (location sheet1 blackcontainer_exittoime-blackprinter_entry)
  (location sheet1 blackprinter_exit-blackcontainer_entryfromime)
  (location sheet1 colorcontainer_entry-down_bottomexit)
  (location sheet1 colorcontainer_exit-up_bottomentry)
  (location sheet1 colorcontainer_exittoime-colorprinter_entry)
  (location sheet1 colorprinter_exit-colorcontainer_entryfromime)
  (location sheet1 down_bottomentry-colorfeeder_exit)
  (location sheet1 down_topexit-htmovercolor_entry)
  (location sheet1 endcap_entry-blackcontainer_exit)
  (location sheet1 finisher1_entry-up_topexit)
  (location sheet1 htmoverblack_entry-endcap_exit)
  (location sheet1 htmoverblack_exit-down_topentry)
  (location sheet1 htmovercolor_exit-up_topentry)
  (sideup sheet1 front)
  (stackedin sheet1 finisher1_tray)
  (uninitialized)
Unreachable ops [19/19]:
  (blackcontainer-fromime-letter sheet1)
  (blackcontainer-toime-letter sheet1)
  (blackfeeder-feed-letter sheet1)
  (blackprinter-simplex-letter sheet1 front image-1)
  (colorcontainer-fromime-letter sheet1)
  (colorcontainer-toime-letter sheet1)
  (colorfeeder-feed-letter sheet1)
  (colorprinter-simplexmono-letter sheet1 front image-1)
  (down-movebottom-letter sheet1)
  (down-movedown-letter sheet1)
  (down-movetop-letter sheet1)
  (endcap-move-letter sheet1)
  (finisher1-passthrough-letter sheet1)
  (finisher1-stack-letter sheet1 dummy-sheet)
  (htmoverblack-move-letter sheet1)
  (htmovercolor-move-letter sheet1)
  (initialize)
  (up-movetop-letter sheet1)
  (up-moveup-letter sheet1)
