Fact[52]:
  (location sheet1 blackcontainer_entry-blackfeeder_exit 0-0-0)
  (location sheet1 blackcontainer_exittoime-blackprinter_entry 0-1-1)
  (location sheet1 blackprinter_exit-blackcontainer_entryfromime 0-2-2)
  (location sheet1 colorcontainer_entry-down_bottomexit 0-3-3)
  (location sheet1 colorcontainer_exit-up_bottomentry 0-4-4)
  (location sheet1 colorcontainer_exittoime-colorprinter_entry 0-5-5)
  (location sheet1 colorprinter_exit-colorcontainer_entryfromime 0-6-6)
  (location sheet1 down_bottomentry-colorfeeder_exit 0-7-7)
  (location sheet1 down_topexit-htmovercolor_entry 0-8-8)
  (location sheet1 endcap_entry-blackcontainer_exit 0-9-9)
  (location sheet1 finisher1_entry-up_topexit 0-10-10)
  (location sheet1 htmoverblack_entry-endcap_exit 0-11-11)
  (location sheet1 htmoverblack_exit-down_topentry 0-12-12)
  (location sheet1 htmovercolor_exit-up_topentry 0-13-13)
  (location sheet1 some_feeder_tray 0-14-14)
  (none-of-those 0-15-15)
  (notprintedwith sheet1 back black 1-0-16)
  (none-of-those 1-1-17)
  (notprintedwith sheet1 front black 2-0-18)
  (none-of-those 2-1-19)
  (uninitialized 3-0-20)
  (none-of-those 3-1-21)
  (available blackcontainer-rsrc 4-0-22)
  (none-of-those 4-1-23)
  (available blackfeeder-rsrc 5-0-24)
  (none-of-those 5-1-25)
  (available blackprinter-rsrc 6-0-26)
  (none-of-those 6-1-27)
  (available colorcontainer-rsrc 7-0-28)
  (none-of-those 7-1-29)
  (available colorfeeder-rsrc 8-0-30)
  (none-of-those 8-1-31)
  (available colorprinter-rsrc 9-0-32)
  (none-of-those 9-1-33)
  (available down-rsrc 10-0-34)
  (none-of-those 10-1-35)
  (available endcap-rsrc 11-0-36)
  (none-of-those 11-1-37)
  (available finisher1-rsrc 12-0-38)
  (none-of-those 12-1-39)
  (available htmoverblack-rsrc 13-0-40)
  (none-of-those 13-1-41)
  (available htmovercolor-rsrc 14-0-42)
  (none-of-those 14-1-43)
  (available up-rsrc 15-0-44)
  (none-of-those 15-1-45)
  (hasimage sheet1 front image-1 16-0-46)
  (none-of-those 16-1-47)
  (sideup sheet1 front 17-0-48)
  (none-of-those 17-1-49)
  (stackedin sheet1 finisher1_tray 18-0-50)
  (none-of-those 18-1-51)
Op[19]:
  (blackcontainer-fromime-letter sheet1), cost: 2000
    pre: (location sheet1 blackprinter_exit-blackcontainer_entryfromime 0-2-2) (available blackcontainer-rsrc 4-0-22)
    add: (location sheet1 endcap_entry-blackcontainer_exit 0-9-9)
    del: (location sheet1 blackprinter_exit-blackcontainer_entryfromime 0-2-2)
  (blackcontainer-toime-letter sheet1), cost: 2000
    pre: (location sheet1 blackcontainer_entry-blackfeeder_exit 0-0-0) (available blackcontainer-rsrc 4-0-22)
    add: (location sheet1 blackcontainer_exittoime-blackprinter_entry 0-1-1)
    del: (location sheet1 blackcontainer_entry-blackfeeder_exit 0-0-0)
  (blackfeeder-feed-letter sheet1), cost: 8000
    pre: (location sheet1 some_feeder_tray 0-14-14) (available blackfeeder-rsrc 5-0-24)
    add: (location sheet1 blackcontainer_entry-blackfeeder_exit 0-0-0) (sideup sheet1 front 17-0-48)
    del: (location sheet1 some_feeder_tray 0-14-14) (none-of-those 17-1-49)
  (blackprinter-simplex-letter sheet1 front image-1), cost: 113013
    pre: (location sheet1 blackcontainer_exittoime-blackprinter_entry 0-1-1) (notprintedwith sheet1 front black 2-0-18) (available blackprinter-rsrc 6-0-26) (sideup sheet1 front 17-0-48)
    add: (location sheet1 blackprinter_exit-blackcontainer_entryfromime 0-2-2) (none-of-those 2-1-19) (hasimage sheet1 front image-1 16-0-46)
    del: (location sheet1 blackcontainer_exittoime-blackprinter_entry 0-1-1) (notprintedwith sheet1 front black 2-0-18) (none-of-those 16-1-47)
  (colorcontainer-fromime-letter sheet1), cost: 8000
    pre: (location sheet1 colorprinter_exit-colorcontainer_entryfromime 0-6-6) (available colorcontainer-rsrc 7-0-28)
    add: (location sheet1 colorcontainer_exit-up_bottomentry 0-4-4)
    del: (location sheet1 colorprinter_exit-colorcontainer_entryfromime 0-6-6)
  (colorcontainer-toime-letter sheet1), cost: 8000
    pre: (location sheet1 colorcontainer_entry-down_bottomexit 0-3-3) (available colorcontainer-rsrc 7-0-28)
    add: (location sheet1 colorcontainer_exittoime-colorprinter_entry 0-5-5)
    del: (location sheet1 colorcontainer_entry-down_bottomexit 0-3-3)
  (colorfeeder-feed-letter sheet1), cost: 8000
    pre: (location sheet1 some_feeder_tray 0-14-14) (available colorfeeder-rsrc 8-0-30)
    add: (location sheet1 down_bottomentry-colorfeeder_exit 0-7-7) (sideup sheet1 front 17-0-48)
    del: (location sheet1 some_feeder_tray 0-14-14) (none-of-those 17-1-49)
  (colorprinter-simplexmono-letter sheet1 front image-1), cost: 224040
    pre: (location sheet1 colorcontainer_exittoime-colorprinter_entry 0-5-5) (notprintedwith sheet1 front black 2-0-18) (available colorprinter-rsrc 9-0-32) (sideup sheet1 front 17-0-48)
    add: (location sheet1 colorprinter_exit-colorcontainer_entryfromime 0-6-6) (none-of-those 2-1-19) (hasimage sheet1 front image-1 16-0-46)
    del: (location sheet1 colorcontainer_exittoime-colorprinter_entry 0-5-5) (notprintedwith sheet1 front black 2-0-18) (none-of-those 16-1-47)
  (down-movebottom-letter sheet1), cost: 2999
    pre: (location sheet1 down_bottomentry-colorfeeder_exit 0-7-7) (available down-rsrc 10-0-34)
    add: (location sheet1 colorcontainer_entry-down_bottomexit 0-3-3)
    del: (location sheet1 down_bottomentry-colorfeeder_exit 0-7-7)
  (down-movedown-letter sheet1), cost: 9999
    pre: (location sheet1 htmoverblack_exit-down_topentry 0-12-12) (available down-rsrc 10-0-34)
    add: (location sheet1 colorcontainer_entry-down_bottomexit 0-3-3)
    del: (location sheet1 htmoverblack_exit-down_topentry 0-12-12)
  (down-movetop-letter sheet1), cost: 2999
    pre: (location sheet1 htmoverblack_exit-down_topentry 0-12-12) (available down-rsrc 10-0-34)
    add: (location sheet1 down_topexit-htmovercolor_entry 0-8-8)
    del: (location sheet1 htmoverblack_exit-down_topentry 0-12-12)
  (endcap-move-letter sheet1), cost: 2000
    pre: (location sheet1 endcap_entry-blackcontainer_exit 0-9-9) (available endcap-rsrc 11-0-36)
    add: (location sheet1 htmoverblack_entry-endcap_exit 0-11-11)
    del: (location sheet1 endcap_entry-blackcontainer_exit 0-9-9)
  (finisher1-passthrough-letter sheet1), cost: 8000
    pre: (location sheet1 finisher1_entry-up_topexit 0-10-10) (available finisher1-rsrc 12-0-38)
    add: (none-of-those 0-15-15)
    del: (location sheet1 finisher1_entry-up_topexit 0-10-10)
  (finisher1-stack-letter sheet1 dummy-sheet), cost: 8000
    pre: (location sheet1 finisher1_entry-up_topexit 0-10-10) (available finisher1-rsrc 12-0-38)
    add: (none-of-those 0-15-15) (stackedin sheet1 finisher1_tray 18-0-50)
    del: (location sheet1 finisher1_entry-up_topexit 0-10-10) (none-of-those 18-1-51)
  (htmoverblack-move-letter sheet1), cost: 17999
    pre: (location sheet1 htmoverblack_entry-endcap_exit 0-11-11) (available htmoverblack-rsrc 13-0-40)
    add: (location sheet1 htmoverblack_exit-down_topentry 0-12-12)
    del: (location sheet1 htmoverblack_entry-endcap_exit 0-11-11)
  (htmovercolor-move-letter sheet1), cost: 9999
    pre: (location sheet1 down_topexit-htmovercolor_entry 0-8-8) (available htmovercolor-rsrc 14-0-42)
    add: (location sheet1 htmovercolor_exit-up_topentry 0-13-13)
    del: (location sheet1 down_topexit-htmovercolor_entry 0-8-8)
  (initialize), cost: 0
    pre: (uninitialized 3-0-20)
    add: (none-of-those 3-1-21) (available blackcontainer-rsrc 4-0-22) (available blackfeeder-rsrc 5-0-24) (available blackprinter-rsrc 6-0-26) (available colorcontainer-rsrc 7-0-28) (available colorfeeder-rsrc 8-0-30) (available colorprinter-rsrc 9-0-32) (available down-rsrc 10-0-34) (available endcap-rsrc 11-0-36) (available finisher1-rsrc 12-0-38) (available htmoverblack-rsrc 13-0-40) (available htmovercolor-rsrc 14-0-42) (available up-rsrc 15-0-44)
    del: (uninitialized 3-0-20) (none-of-those 4-1-23) (none-of-those 5-1-25) (none-of-those 6-1-27) (none-of-those 7-1-29) (none-of-those 8-1-31) (none-of-those 9-1-33) (none-of-those 10-1-35) (none-of-those 11-1-37) (none-of-those 12-1-39) (none-of-those 13-1-41) (none-of-those 14-1-43) (none-of-those 15-1-45)
  (up-movetop-letter sheet1), cost: 2999
    pre: (location sheet1 htmovercolor_exit-up_topentry 0-13-13) (available up-rsrc 15-0-44)
    add: (location sheet1 finisher1_entry-up_topexit 0-10-10)
    del: (location sheet1 htmovercolor_exit-up_topentry 0-13-13)
  (up-moveup-letter sheet1), cost: 9999
    pre: (location sheet1 colorcontainer_exit-up_bottomentry 0-4-4) (available up-rsrc 15-0-44)
    add: (location sheet1 finisher1_entry-up_topexit 0-10-10)
    del: (location sheet1 colorcontainer_exit-up_bottomentry 0-4-4)
Init State: (location sheet1 some_feeder_tray 0-14-14) (notprintedwith sheet1 back black 1-0-16) (notprintedwith sheet1 front black 2-0-18) (uninitialized 3-0-20) (none-of-those 4-1-23) (none-of-those 5-1-25) (none-of-those 6-1-27) (none-of-those 7-1-29) (none-of-those 8-1-31) (none-of-those 9-1-33) (none-of-those 10-1-35) (none-of-those 11-1-37) (none-of-those 12-1-39) (none-of-those 13-1-41) (none-of-those 14-1-43) (none-of-those 15-1-45) (none-of-those 16-1-47) (none-of-those 17-1-49) (none-of-those 18-1-51)
Goal: (notprintedwith sheet1 back black 1-0-16) (hasimage sheet1 front image-1 16-0-46) (sideup sheet1 front 17-0-48) (stackedin sheet1 finisher1_tray 18-0-50)
Value: 169009
