Compile-in LMG: actions: 12, lifted mgroups: 11
Compile-in LMG: Found mutex condition for action 'fill-shot' and mgroup {holding V0:hand C1:container, handempty V0:hand, holding V0:hand C2:container}:=1: (= ?h1 ?h2)
Compile-in LMG: Precondition of action 'fill-shot' extended with (not (= ?h1 ?h2))
Compile-in LMG: Found mutex condition for action 'refill-shot' and mgroup {holding V0:hand C1:container, handempty V0:hand, holding V0:hand C2:container}:=1: (= ?h1 ?h2)
Compile-in LMG: Precondition of action 'refill-shot' extended with (not (= ?h1 ?h2))
Compile-in LMG: Found dead-end condition for action 'empty-shot' and mgroup {contains V0:shot V1:cocktail, clean V0:shot, used V0:shot C2:beverage, used V0:shot C3:beverage}: (and (= ?p shot1) (= ?b cocktail8))
Compile-in LMG: Found dead-end condition for action 'empty-shot' and mgroup {contains V0:shot V1:cocktail, clean V0:shot, used V0:shot C2:beverage, used V0:shot C3:beverage}: (and (= ?p shot2) (= ?b cocktail3))
Compile-in LMG: Found dead-end condition for action 'empty-shot' and mgroup {contains V0:shot V1:cocktail, clean V0:shot, used V0:shot C2:beverage, used V0:shot C3:beverage}: (and (= ?p shot3) (= ?b cocktail1))
Compile-in LMG: Found dead-end condition for action 'empty-shot' and mgroup {contains V0:shot V1:cocktail, clean V0:shot, used V0:shot C2:beverage, used V0:shot C3:beverage}: (and (= ?p shot4) (= ?b cocktail5))
Compile-in LMG: Found dead-end condition for action 'empty-shot' and mgroup {contains V0:shot V1:cocktail, clean V0:shot, used V0:shot C2:beverage, used V0:shot C3:beverage}: (and (= ?p shot5) (= ?b cocktail4))
Compile-in LMG: Found dead-end condition for action 'empty-shot' and mgroup {contains V0:shot V1:cocktail, clean V0:shot, used V0:shot C2:beverage, used V0:shot C3:beverage}: (and (= ?p shot6) (= ?b cocktail6))
Compile-in LMG: Found dead-end condition for action 'empty-shot' and mgroup {contains V0:shot V1:cocktail, clean V0:shot, used V0:shot C2:beverage, used V0:shot C3:beverage}: (and (= ?p shot7) (= ?b cocktail2))
Compile-in LMG: Found dead-end condition for action 'empty-shot' and mgroup {contains V0:shot V1:cocktail, clean V0:shot, used V0:shot C2:beverage, used V0:shot C3:beverage}: (and (= ?p shot8) (= ?b cocktail7))
Compile-in LMG: Found dead-end condition for action 'empty-shot' and mgroup {contains V0:shot C1:cocktail, clean V0:shot, used V0:shot C2:beverage, contains V0:shot C3:cocktail, used V0:shot C4:beverage}: (and (= ?p shot1) (or (= ?b cocktail1) (= ?b cocktail2) (= ?b cocktail3) (= ?b cocktail4) (= ?b cocktail5) (= ?b cocktail6) (= ?b cocktail7) (= ?b cocktail8)))
Compile-in LMG: Found dead-end condition for action 'empty-shot' and mgroup {contains V0:shot C1:cocktail, clean V0:shot, used V0:shot C2:beverage, contains V0:shot C3:cocktail, used V0:shot C4:beverage}: (and (= ?p shot2) (or (= ?b cocktail1) (= ?b cocktail2) (= ?b cocktail3) (= ?b cocktail4) (= ?b cocktail5) (= ?b cocktail6) (= ?b cocktail7) (= ?b cocktail8)))
Compile-in LMG: Found dead-end condition for action 'empty-shot' and mgroup {contains V0:shot C1:cocktail, clean V0:shot, used V0:shot C2:beverage, contains V0:shot C3:cocktail, used V0:shot C4:beverage}: (and (= ?p shot3) (or (= ?b cocktail1) (= ?b cocktail2) (= ?b cocktail3) (= ?b cocktail4) (= ?b cocktail5) (= ?b cocktail6) (= ?b cocktail7) (= ?b cocktail8)))
Compile-in LMG: Found dead-end condition for action 'empty-shot' and mgroup {contains V0:shot C1:cocktail, clean V0:shot, used V0:shot C2:beverage, contains V0:shot C3:cocktail, used V0:shot C4:beverage}: (and (= ?p shot4) (or (= ?b cocktail1) (= ?b cocktail2) (= ?b cocktail3) (= ?b cocktail4) (= ?b cocktail5) (= ?b cocktail6) (= ?b cocktail7) (= ?b cocktail8)))
Compile-in LMG: Found dead-end condition for action 'empty-shot' and mgroup {contains V0:shot C1:cocktail, clean V0:shot, used V0:shot C2:beverage, contains V0:shot C3:cocktail, used V0:shot C4:beverage}: (and (= ?p shot5) (or (= ?b cocktail1) (= ?b cocktail2) (= ?b cocktail3) (= ?b cocktail4) (= ?b cocktail5) (= ?b cocktail6) (= ?b cocktail7) (= ?b cocktail8)))
Compile-in LMG: Found dead-end condition for action 'empty-shot' and mgroup {contains V0:shot C1:cocktail, clean V0:shot, used V0:shot C2:beverage, contains V0:shot C3:cocktail, used V0:shot C4:beverage}: (and (= ?p shot6) (or (= ?b cocktail1) (= ?b cocktail2) (= ?b cocktail3) (= ?b cocktail4) (= ?b cocktail5) (= ?b cocktail6) (= ?b cocktail7) (= ?b cocktail8)))
Compile-in LMG: Found dead-end condition for action 'empty-shot' and mgroup {contains V0:shot C1:cocktail, clean V0:shot, used V0:shot C2:beverage, contains V0:shot C3:cocktail, used V0:shot C4:beverage}: (and (= ?p shot7) (or (= ?b cocktail1) (= ?b cocktail2) (= ?b cocktail3) (= ?b cocktail4) (= ?b cocktail5) (= ?b cocktail6) (= ?b cocktail7) (= ?b cocktail8)))
Compile-in LMG: Found dead-end condition for action 'empty-shot' and mgroup {contains V0:shot C1:cocktail, clean V0:shot, used V0:shot C2:beverage, contains V0:shot C3:cocktail, used V0:shot C4:beverage}: (and (= ?p shot8) (or (= ?b cocktail1) (= ?b cocktail2) (= ?b cocktail3) (= ?b cocktail4) (= ?b cocktail5) (= ?b cocktail6) (= ?b cocktail7) (= ?b cocktail8)))
Compile-in LMG: Precondition of action 'empty-shot' extended with (or (and (not (= ?p shot1)) (not (= ?p shot2)) (not (= ?p shot3)) (not (= ?p shot4)) (not (= ?p shot5)) (not (= ?p shot6)) (not (= ?p shot7)) (not (= ?p shot8))) (and (not (= ?b cocktail8)) (not (= ?b cocktail3)) (not (= ?b cocktail1)) (not (= ?b cocktail5)) (not (= ?b cocktail4)) (not (= ?b cocktail6)) (not (= ?b cocktail2)) (not (= ?b cocktail7))))
Compile-in LMG: Found mutex condition for action 'clean-shot' and mgroup {holding V0:hand C1:container, handempty V0:hand, holding V0:hand C2:container}:=1: (= ?h1 ?h2)
Compile-in LMG: Precondition of action 'clean-shot' extended with (not (= ?h1 ?h2))
Compile-in LMG: Found mutex condition for action 'clean-shaker' and mgroup {holding V0:hand C1:container, handempty V0:hand, holding V0:hand C2:container}:=1: (= ?h1 ?h2)
Compile-in LMG: Precondition of action 'clean-shaker' extended with (not (= ?h1 ?h2))
Compile-in LMG: Found mutex condition for action 'shake' and mgroup {holding V0:hand C1:container, handempty V0:hand, holding V0:hand C2:container}:=1: (= ?h1 ?h2)
Compile-in LMG: Precondition of action 'shake' extended with (not (= ?h1 ?h2))
Compile-in LMG: Found dead-end condition for action 'pour-shaker-to-shot' and mgroup {contains V0:shot V1:cocktail, clean V0:shot, used V0:shot C2:beverage, used V0:shot C3:beverage}: (and (not (= ?b cocktail8)) (= ?d shot1))
Compile-in LMG: Found dead-end condition for action 'pour-shaker-to-shot' and mgroup {contains V0:shot V1:cocktail, clean V0:shot, used V0:shot C2:beverage, used V0:shot C3:beverage}: (and (not (= ?b cocktail3)) (= ?d shot2))
Compile-in LMG: Found dead-end condition for action 'pour-shaker-to-shot' and mgroup {contains V0:shot V1:cocktail, clean V0:shot, used V0:shot C2:beverage, used V0:shot C3:beverage}: (and (not (= ?b cocktail1)) (= ?d shot3))
Compile-in LMG: Found dead-end condition for action 'pour-shaker-to-shot' and mgroup {contains V0:shot V1:cocktail, clean V0:shot, used V0:shot C2:beverage, used V0:shot C3:beverage}: (and (not (= ?b cocktail5)) (= ?d shot4))
Compile-in LMG: Found dead-end condition for action 'pour-shaker-to-shot' and mgroup {contains V0:shot V1:cocktail, clean V0:shot, used V0:shot C2:beverage, used V0:shot C3:beverage}: (and (not (= ?b cocktail4)) (= ?d shot5))
Compile-in LMG: Found dead-end condition for action 'pour-shaker-to-shot' and mgroup {contains V0:shot V1:cocktail, clean V0:shot, used V0:shot C2:beverage, used V0:shot C3:beverage}: (and (not (= ?b cocktail6)) (= ?d shot6))
Compile-in LMG: Found dead-end condition for action 'pour-shaker-to-shot' and mgroup {contains V0:shot V1:cocktail, clean V0:shot, used V0:shot C2:beverage, used V0:shot C3:beverage}: (and (not (= ?b cocktail2)) (= ?d shot7))
Compile-in LMG: Found dead-end condition for action 'pour-shaker-to-shot' and mgroup {contains V0:shot V1:cocktail, clean V0:shot, used V0:shot C2:beverage, used V0:shot C3:beverage}: (and (not (= ?b cocktail7)) (= ?d shot8))
Compile-in LMG: Found dead-end condition for action 'pour-shaker-to-shot' and mgroup {contains V0:shot C1:cocktail, clean V0:shot, used V0:shot C2:beverage, contains V0:shot C3:cocktail, used V0:shot C4:beverage}: (and (= ?d shot1) (not (= ?b cocktail1)) (not (= ?b cocktail2)) (not (= ?b cocktail3)) (not (= ?b cocktail4)) (not (= ?b cocktail5)) (not (= ?b cocktail6)) (not (= ?b cocktail7)) (not (= ?b cocktail8)))
Compile-in LMG: Found dead-end condition for action 'pour-shaker-to-shot' and mgroup {contains V0:shot C1:cocktail, clean V0:shot, used V0:shot C2:beverage, contains V0:shot C3:cocktail, used V0:shot C4:beverage}: (and (= ?d shot2) (not (= ?b cocktail1)) (not (= ?b cocktail2)) (not (= ?b cocktail3)) (not (= ?b cocktail4)) (not (= ?b cocktail5)) (not (= ?b cocktail6)) (not (= ?b cocktail7)) (not (= ?b cocktail8)))
Compile-in LMG: Found dead-end condition for action 'pour-shaker-to-shot' and mgroup {contains V0:shot C1:cocktail, clean V0:shot, used V0:shot C2:beverage, contains V0:shot C3:cocktail, used V0:shot C4:beverage}: (and (= ?d shot3) (not (= ?b cocktail1)) (not (= ?b cocktail2)) (not (= ?b cocktail3)) (not (= ?b cocktail4)) (not (= ?b cocktail5)) (not (= ?b cocktail6)) (not (= ?b cocktail7)) (not (= ?b cocktail8)))
Compile-in LMG: Found dead-end condition for action 'pour-shaker-to-shot' and mgroup {contains V0:shot C1:cocktail, clean V0:shot, used V0:shot C2:beverage, contains V0:shot C3:cocktail, used V0:shot C4:beverage}: (and (= ?d shot4) (not (= ?b cocktail1)) (not (= ?b cocktail2)) (not (= ?b cocktail3)) (not (= ?b cocktail4)) (not (= ?b cocktail5)) (not (= ?b cocktail6)) (not (= ?b cocktail7)) (not (= ?b cocktail8)))
Compile-in LMG: Found dead-end condition for action 'pour-shaker-to-shot' and mgroup {contains V0:shot C1:cocktail, clean V0:shot, used V0:shot C2:beverage, contains V0:shot C3:cocktail, used V0:shot C4:beverage}: (and (= ?d shot5) (not (= ?b cocktail1)) (not (= ?b cocktail2)) (not (= ?b cocktail3)) (not (= ?b cocktail4)) (not (= ?b cocktail5)) (not (= ?b cocktail6)) (not (= ?b cocktail7)) (not (= ?b cocktail8)))
Compile-in LMG: Found dead-end condition for action 'pour-shaker-to-shot' and mgroup {contains V0:shot C1:cocktail, clean V0:shot, used V0:shot C2:beverage, contains V0:shot C3:cocktail, used V0:shot C4:beverage}: (and (= ?d shot6) (not (= ?b cocktail1)) (not (= ?b cocktail2)) (not (= ?b cocktail3)) (not (= ?b cocktail4)) (not (= ?b cocktail5)) (not (= ?b cocktail6)) (not (= ?b cocktail7)) (not (= ?b cocktail8)))
Compile-in LMG: Found dead-end condition for action 'pour-shaker-to-shot' and mgroup {contains V0:shot C1:cocktail, clean V0:shot, used V0:shot C2:beverage, contains V0:shot C3:cocktail, used V0:shot C4:beverage}: (and (= ?d shot7) (not (= ?b cocktail1)) (not (= ?b cocktail2)) (not (= ?b cocktail3)) (not (= ?b cocktail4)) (not (= ?b cocktail5)) (not (= ?b cocktail6)) (not (= ?b cocktail7)) (not (= ?b cocktail8)))
Compile-in LMG: Found dead-end condition for action 'pour-shaker-to-shot' and mgroup {contains V0:shot C1:cocktail, clean V0:shot, used V0:shot C2:beverage, contains V0:shot C3:cocktail, used V0:shot C4:beverage}: (and (= ?d shot8) (not (= ?b cocktail1)) (not (= ?b cocktail2)) (not (= ?b cocktail3)) (not (= ?b cocktail4)) (not (= ?b cocktail5)) (not (= ?b cocktail6)) (not (= ?b cocktail7)) (not (= ?b cocktail8)))
