Reduced 11 -> 1
Domain: driverlog
Problem: dlog-2-2-2
Require: ff
Type[1]:
    [0]: object, parent: -1
Obj-by-Type:
    [0]: 0
Obj[1]:
    [0]: driver1, type: 0, is-constant: 0, is-private: 0, owner: -1, is-agent: 0
Predicate[11]:
    =: 0 0 :: is-private: 0, owner-param: -1, read: 0, write: 0
    obj: 0 :: is-private: 0, owner-param: -1, read: 1, write: 0
    truck: 0 :: is-private: 0, owner-param: -1, read: 1, write: 0
    location: 0 :: is-private: 0, owner-param: -1, read: 1, write: 0
    driver: 0 :: is-private: 0, owner-param: -1, read: 1, write: 0
    at: 0 0 :: is-private: 0, owner-param: -1, read: 1, write: 1
    in: 0 0 :: is-private: 0, owner-param: -1, read: 1, write: 1
    driving: 0 0 :: is-private: 0, owner-param: -1, read: 1, write: 1
    link: 0 0 :: is-private: 0, owner-param: -1, read: 1, write: 0
    path: 0 0 :: is-private: 0, owner-param: -1, read: 1, write: 0
    empty: 0 :: is-private: 0, owner-param: -1, read: 1, write: 1
Function[0]:
Action[6]:
    load-truck: ?obj:0 ?truck:0 ?loc:0
        pre: (and (R:obj ?obj) (R:truck ?truck) (R:location ?loc) (RW:at ?truck ?loc) (RW:at ?obj ?loc))
        eff: (and (RW:in ?obj ?truck))
    unload-truck: ?obj:0 ?truck:0 ?loc:0
        pre: (and (R:obj ?obj) (R:truck ?truck) (R:location ?loc) (RW:at ?truck ?loc) (RW:in ?obj ?truck))
        eff: (and (RW:at ?obj ?loc))
    board-truck: ?driver:0 ?truck:0 ?loc:0
        pre: (and (R:driver ?driver) (R:truck ?truck) (R:location ?loc) (RW:at ?truck ?loc) (RW:at ?driver ?loc) (RW:empty ?truck))
        eff: (and (RW:driving ?driver ?truck))
    disembark-truck: ?driver:0 ?truck:0 ?loc:0
        pre: (and (R:driver ?driver) (R:truck ?truck) (R:location ?loc) (RW:at ?truck ?loc) (RW:driving ?driver ?truck))
        eff: (and (RW:at ?driver ?loc) (RW:empty ?truck))
    drive-truck: ?truck:0 ?loc-from:0 ?loc-to:0 ?driver:0
        pre: (and (R:truck ?truck) (R:location ?loc-from) (R:location ?loc-to) (R:driver ?driver) (RW:at ?truck ?loc-from) (RW:driving ?driver ?truck) (R:link ?loc-from ?loc-to))
        eff: (and (RW:at ?truck ?loc-to))
    walk: ?driver:0 ?loc-from:0 ?loc-to:0
        pre: (and (R:driver ?driver) (R:location ?loc-from) (R:location ?loc-to) (RW:at ?driver ?loc-from) (R:path ?loc-from ?loc-to))
        eff: (and (RW:at ?driver ?loc-to))
Init[33]:
  (at driver1 driver1)
  S:(driver driver1)
  (at driver1 driver1)
  S:(driver driver1)
  (at driver1 driver1)
  (empty driver1)
  S:(truck driver1)
  (at driver1 driver1)
  (empty driver1)
  S:(truck driver1)
  (at driver1 driver1)
  S:(obj driver1)
  (at driver1 driver1)
  S:(obj driver1)
  S:(location driver1)
  S:(location driver1)
  S:(location driver1)
  S:(location driver1)
  S:(location driver1)
  S:(path driver1 driver1)
  S:(path driver1 driver1)
  S:(path driver1 driver1)
  S:(path driver1 driver1)
  S:(path driver1 driver1)
  S:(path driver1 driver1)
  S:(path driver1 driver1)
  S:(path driver1 driver1)
  S:(link driver1 driver1)
  S:(link driver1 driver1)
  S:(link driver1 driver1)
  S:(link driver1 driver1)
  S:(link driver1 driver1)
  S:(link driver1 driver1)
Init[0]:
Goal: (and (RW:at driver1 driver1) (RW:at driver1 driver1) (RW:at driver1 driver1) (RW:at driver1 driver1))
Metric: 0
