RSE-Invertible facts:
0:(boarded p0 fast0) in-fam-group
1:(boarded p0 fast1) in-fam-group
2:(boarded p0 slow0-0) in-fam-group
3:(boarded p0 slow1-0) in-fam-group
4:(boarded p1 fast0) in-fam-group
5:(boarded p1 fast1) in-fam-group
6:(boarded p1 slow0-0) in-fam-group
7:(boarded p1 slow1-0) in-fam-group
8:(boarded p2 fast0) in-fam-group
9:(boarded p2 fast1) in-fam-group
10:(boarded p2 slow0-0) in-fam-group
11:(boarded p2 slow1-0) in-fam-group
12:(boarded p3 fast0) in-fam-group
13:(boarded p3 fast1) in-fam-group
14:(boarded p3 slow0-0) in-fam-group
15:(boarded p3 slow1-0) in-fam-group
16:(boarded p4 fast0) in-fam-group
17:(boarded p4 fast1) in-fam-group
18:(boarded p4 slow0-0) in-fam-group
19:(boarded p4 slow1-0) in-fam-group
20:(boarded p5 fast0) in-fam-group
21:(boarded p5 fast1) in-fam-group
22:(boarded p5 slow0-0) in-fam-group
23:(boarded p5 slow1-0) in-fam-group
24:(boarded p6 fast0) in-fam-group
25:(boarded p6 fast1) in-fam-group
26:(boarded p6 slow0-0) in-fam-group
27:(boarded p6 slow1-0) in-fam-group
28:(lift-at fast0 n0) in-fam-group
29:(lift-at fast0 n12) in-fam-group
30:(lift-at fast0 n3) in-fam-group
31:(lift-at fast0 n6) in-fam-group
32:(lift-at fast0 n9) in-fam-group
33:(lift-at fast1 n0) in-fam-group
34:(lift-at fast1 n12) in-fam-group
35:(lift-at fast1 n3) in-fam-group
36:(lift-at fast1 n6) in-fam-group
37:(lift-at fast1 n9) in-fam-group
38:(lift-at slow0-0 n0) in-fam-group
39:(lift-at slow0-0 n1) in-fam-group
40:(lift-at slow0-0 n2) in-fam-group
41:(lift-at slow0-0 n3) in-fam-group
42:(lift-at slow0-0 n4) in-fam-group
43:(lift-at slow0-0 n5) in-fam-group
44:(lift-at slow0-0 n6) in-fam-group
45:(lift-at slow1-0 n10) in-fam-group
46:(lift-at slow1-0 n11) in-fam-group
47:(lift-at slow1-0 n12) in-fam-group
48:(lift-at slow1-0 n6) in-fam-group
49:(lift-at slow1-0 n7) in-fam-group
50:(lift-at slow1-0 n8) in-fam-group
51:(lift-at slow1-0 n9) in-fam-group
52:(passenger-at p0 n0) in-fam-group
53:(passenger-at p0 n1) in-fam-group
54:(passenger-at p0 n10) in-fam-group
55:(passenger-at p0 n11) in-fam-group
56:(passenger-at p0 n12) in-fam-group
57:(passenger-at p0 n2) in-fam-group
58:(passenger-at p0 n3) in-fam-group
59:(passenger-at p0 n4) in-fam-group
60:(passenger-at p0 n5) in-fam-group
61:(passenger-at p0 n6) in-fam-group
62:(passenger-at p0 n7) in-fam-group
63:(passenger-at p0 n8) in-fam-group
64:(passenger-at p0 n9) in-fam-group
65:(passenger-at p1 n0) in-fam-group
66:(passenger-at p1 n1) in-fam-group
67:(passenger-at p1 n10) in-fam-group
68:(passenger-at p1 n11) in-fam-group
69:(passenger-at p1 n12) in-fam-group
70:(passenger-at p1 n2) in-fam-group
71:(passenger-at p1 n3) in-fam-group
72:(passenger-at p1 n4) in-fam-group
73:(passenger-at p1 n5) in-fam-group
74:(passenger-at p1 n6) in-fam-group
75:(passenger-at p1 n7) in-fam-group
76:(passenger-at p1 n8) in-fam-group
77:(passenger-at p1 n9) in-fam-group
78:(passenger-at p2 n0) in-fam-group
79:(passenger-at p2 n1) in-fam-group
80:(passenger-at p2 n10) in-fam-group
81:(passenger-at p2 n11) in-fam-group
82:(passenger-at p2 n12) in-fam-group
83:(passenger-at p2 n2) in-fam-group
84:(passenger-at p2 n3) in-fam-group
85:(passenger-at p2 n4) in-fam-group
86:(passenger-at p2 n5) in-fam-group
87:(passenger-at p2 n6) in-fam-group
88:(passenger-at p2 n7) in-fam-group
89:(passenger-at p2 n8) in-fam-group
90:(passenger-at p2 n9) in-fam-group
91:(passenger-at p3 n0) in-fam-group
92:(passenger-at p3 n1) in-fam-group
93:(passenger-at p3 n10) in-fam-group
94:(passenger-at p3 n11) in-fam-group
95:(passenger-at p3 n12) in-fam-group
96:(passenger-at p3 n2) in-fam-group
97:(passenger-at p3 n3) in-fam-group
98:(passenger-at p3 n4) in-fam-group
99:(passenger-at p3 n5) in-fam-group
100:(passenger-at p3 n6) in-fam-group
101:(passenger-at p3 n7) in-fam-group
102:(passenger-at p3 n8) in-fam-group
103:(passenger-at p3 n9) in-fam-group
104:(passenger-at p4 n0) in-fam-group
105:(passenger-at p4 n1) in-fam-group
106:(passenger-at p4 n10) in-fam-group
107:(passenger-at p4 n11) in-fam-group
108:(passenger-at p4 n12) in-fam-group
109:(passenger-at p4 n2) in-fam-group
110:(passenger-at p4 n3) in-fam-group
111:(passenger-at p4 n4) in-fam-group
112:(passenger-at p4 n5) in-fam-group
113:(passenger-at p4 n6) in-fam-group
114:(passenger-at p4 n7) in-fam-group
115:(passenger-at p4 n8) in-fam-group
116:(passenger-at p4 n9) in-fam-group
117:(passenger-at p5 n0) in-fam-group
118:(passenger-at p5 n1) in-fam-group
119:(passenger-at p5 n10) in-fam-group
120:(passenger-at p5 n11) in-fam-group
121:(passenger-at p5 n12) in-fam-group
122:(passenger-at p5 n2) in-fam-group
123:(passenger-at p5 n3) in-fam-group
124:(passenger-at p5 n4) in-fam-group
125:(passenger-at p5 n5) in-fam-group
126:(passenger-at p5 n6) in-fam-group
127:(passenger-at p5 n7) in-fam-group
128:(passenger-at p5 n8) in-fam-group
129:(passenger-at p5 n9) in-fam-group
130:(passenger-at p6 n0) in-fam-group
131:(passenger-at p6 n1) in-fam-group
132:(passenger-at p6 n10) in-fam-group
133:(passenger-at p6 n11) in-fam-group
134:(passenger-at p6 n12) in-fam-group
135:(passenger-at p6 n2) in-fam-group
136:(passenger-at p6 n3) in-fam-group
137:(passenger-at p6 n4) in-fam-group
138:(passenger-at p6 n5) in-fam-group
139:(passenger-at p6 n6) in-fam-group
140:(passenger-at p6 n7) in-fam-group
141:(passenger-at p6 n8) in-fam-group
142:(passenger-at p6 n9) in-fam-group
143:(passengers fast0 n0) in-fam-group
144:(passengers fast0 n1) in-fam-group
145:(passengers fast0 n2) in-fam-group
146:(passengers fast0 n3) in-fam-group
147:(passengers fast1 n0) in-fam-group
148:(passengers fast1 n1) in-fam-group
149:(passengers fast1 n2) in-fam-group
150:(passengers fast1 n3) in-fam-group
151:(passengers slow0-0 n0) in-fam-group
152:(passengers slow0-0 n1) in-fam-group
153:(passengers slow0-0 n2) in-fam-group
154:(passengers slow1-0 n0) in-fam-group
155:(passengers slow1-0 n1) in-fam-group
156:(passengers slow1-0 n2) in-fam-group
