RSE-Invertible facts:
74:(handempty left) in-fam-group
75:(handempty right) in-fam-group
76:(holding left shaker1) in-fam-group
77:(holding left shot1) in-fam-group
78:(holding left shot2) in-fam-group
79:(holding left shot3) in-fam-group
80:(holding left shot4) in-fam-group
81:(holding left shot5) in-fam-group
82:(holding left shot6) in-fam-group
83:(holding left shot7) in-fam-group
84:(holding left shot8) in-fam-group
85:(holding left shot9) in-fam-group
86:(holding right shaker1) in-fam-group
87:(holding right shot1) in-fam-group
88:(holding right shot2) in-fam-group
89:(holding right shot3) in-fam-group
90:(holding right shot4) in-fam-group
91:(holding right shot5) in-fam-group
92:(holding right shot6) in-fam-group
93:(holding right shot7) in-fam-group
94:(holding right shot8) in-fam-group
95:(holding right shot9) in-fam-group
96:(ontable shaker1) in-fam-group
97:(ontable shot1) in-fam-group
98:(ontable shot2) in-fam-group
99:(ontable shot3) in-fam-group
100:(ontable shot4) in-fam-group
101:(ontable shot5) in-fam-group
102:(ontable shot6) in-fam-group
103:(ontable shot7) in-fam-group
104:(ontable shot8) in-fam-group
105:(ontable shot9) in-fam-group
111:(used shot1 ingredient1) in-fam-group
112:(used shot1 ingredient2) in-fam-group
113:(used shot1 ingredient3) in-fam-group
114:(used shot2 ingredient1) in-fam-group
115:(used shot2 ingredient2) in-fam-group
116:(used shot2 ingredient3) in-fam-group
117:(used shot3 ingredient1) in-fam-group
118:(used shot3 ingredient2) in-fam-group
119:(used shot3 ingredient3) in-fam-group
120:(used shot4 ingredient1) in-fam-group
121:(used shot4 ingredient2) in-fam-group
122:(used shot4 ingredient3) in-fam-group
123:(used shot5 ingredient1) in-fam-group
124:(used shot5 ingredient2) in-fam-group
125:(used shot5 ingredient3) in-fam-group
126:(used shot6 ingredient1) in-fam-group
127:(used shot6 ingredient2) in-fam-group
128:(used shot6 ingredient3) in-fam-group
129:(used shot7 ingredient1) in-fam-group
130:(used shot7 ingredient2) in-fam-group
131:(used shot7 ingredient3) in-fam-group
132:(used shot8 ingredient1) in-fam-group
133:(used shot8 ingredient2) in-fam-group
134:(used shot8 ingredient3) in-fam-group
135:(used shot9 ingredient1) in-fam-group
136:(used shot9 ingredient2) in-fam-group
137:(used shot9 ingredient3) in-fam-group
