Compile-in LMG: actions: 4, lifted mgroups: 3
Compile-in LMG: Found mutex condition for action 'move-curb-to-curb': (= ?curbsrc ?curbdest)
Compile-in LMG: Precondition of action 'move-curb-to-curb' extended with (not (= ?curbsrc ?curbdest))
Compile-in LMG: Found mutex condition for action 'move-car-to-curb': (= ?car ?carsrc)
Compile-in LMG: Precondition of action 'move-car-to-curb' extended with (not (= ?car ?carsrc))
Compile-in LMG: Found mutex condition for action 'move-car-to-car': (= ?car ?carsrc)
Compile-in LMG: Found mutex condition for action 'move-car-to-car': (= ?carsrc ?cardest)
Compile-in LMG: Precondition of action 'move-car-to-car' extended with (and (not (= ?car ?carsrc)) (not (= ?carsrc ?cardest)))
Compile-in LMG: DONE. actions: 4, lifted mgroups: 3
Domain: parking
Problem: parking
Require: 200ff
Type[3]:
    [0]: object, parent: -1
    [1]: car, parent: 0
    [2]: curb, parent: 0
Obj-by-Type:
    [0]: 0 1 2 3 4 5 6 7 8 9 10 11 12 13 14 15 16 17 18 19 20 21 22 23 24
    [1]: 0 1 2 3 4 5 6 7 8 9 10 11 12 13 14 15
    [2]: 16 17 18 19 20 21 22 23 24
Obj[25]:
    [0]: car_00, type: 1, is-constant: 0, is-private: 0, owner: -1, is-agent: 0
    [1]: car_01, type: 1, is-constant: 0, is-private: 0, owner: -1, is-agent: 0
    [2]: car_02, type: 1, is-constant: 0, is-private: 0, owner: -1, is-agent: 0
    [3]: car_03, type: 1, is-constant: 0, is-private: 0, owner: -1, is-agent: 0
    [4]: car_04, type: 1, is-constant: 0, is-private: 0, owner: -1, is-agent: 0
    [5]: car_05, type: 1, is-constant: 0, is-private: 0, owner: -1, is-agent: 0
    [6]: car_06, type: 1, is-constant: 0, is-private: 0, owner: -1, is-agent: 0
    [7]: car_07, type: 1, is-constant: 0, is-private: 0, owner: -1, is-agent: 0
    [8]: car_08, type: 1, is-constant: 0, is-private: 0, owner: -1, is-agent: 0
    [9]: car_09, type: 1, is-constant: 0, is-private: 0, owner: -1, is-agent: 0
    [10]: car_10, type: 1, is-constant: 0, is-private: 0, owner: -1, is-agent: 0
    [11]: car_11, type: 1, is-constant: 0, is-private: 0, owner: -1, is-agent: 0
    [12]: car_12, type: 1, is-constant: 0, is-private: 0, owner: -1, is-agent: 0
    [13]: car_13, type: 1, is-constant: 0, is-private: 0, owner: -1, is-agent: 0
    [14]: car_14, type: 1, is-constant: 0, is-private: 0, owner: -1, is-agent: 0
    [15]: car_15, type: 1, is-constant: 0, is-private: 0, owner: -1, is-agent: 0
    [16]: curb_0, type: 2, is-constant: 0, is-private: 0, owner: -1, is-agent: 0
    [17]: curb_1, type: 2, is-constant: 0, is-private: 0, owner: -1, is-agent: 0
    [18]: curb_2, type: 2, is-constant: 0, is-private: 0, owner: -1, is-agent: 0
    [19]: curb_3, type: 2, is-constant: 0, is-private: 0, owner: -1, is-agent: 0
    [20]: curb_4, type: 2, is-constant: 0, is-private: 0, owner: -1, is-agent: 0
    [21]: curb_5, type: 2, is-constant: 0, is-private: 0, owner: -1, is-agent: 0
    [22]: curb_6, type: 2, is-constant: 0, is-private: 0, owner: -1, is-agent: 0
    [23]: curb_7, type: 2, is-constant: 0, is-private: 0, owner: -1, is-agent: 0
    [24]: curb_8, type: 2, is-constant: 0, is-private: 0, owner: -1, is-agent: 0
Predicate[6]:
    =: 0 0 :: is-private: 0, owner-param: -1, read: 1, write: 0
    at-curb: 1 :: is-private: 0, owner-param: -1, read: 1, write: 1
    at-curb-num: 1 2 :: is-private: 0, owner-param: -1, read: 1, write: 1
    behind-car: 1 1 :: is-private: 0, owner-param: -1, read: 1, write: 1
    car-clear: 1 :: is-private: 0, owner-param: -1, read: 1, write: 1
    curb-clear: 2 :: is-private: 0, owner-param: -1, read: 1, write: 1
Function[1]:
    total-cost: :: is-private: 0, owner-param: -1, read: 0, write: 0
Action[4]:
    move-curb-to-curb: ?car:1 ?curbsrc:2 ?curbdest:2
        pre: (and (N:R:= ?curbsrc ?curbdest) (RW:car-clear ?car) (RW:curb-clear ?curbdest) (RW:at-curb-num ?car ?curbsrc))
        eff: (and (N:RW:curb-clear ?curbdest) (RW:curb-clear ?curbsrc) (RW:at-curb-num ?car ?curbdest) (N:RW:at-curb-num ?car ?curbsrc) (increase (total-cost) 1))
    move-curb-to-car: ?car:1 ?curbsrc:2 ?cardest:1
        pre: (and (RW:car-clear ?car) (RW:car-clear ?cardest) (RW:at-curb-num ?car ?curbsrc) (RW:at-curb ?cardest))
        eff: (and (N:RW:car-clear ?cardest) (RW:curb-clear ?curbsrc) (RW:behind-car ?car ?cardest) (N:RW:at-curb-num ?car ?curbsrc) (N:RW:at-curb ?car) (increase (total-cost) 1))
    move-car-to-curb: ?car:1 ?carsrc:1 ?curbdest:2
        pre: (and (N:R:= ?car ?carsrc) (RW:car-clear ?car) (RW:curb-clear ?curbdest) (RW:behind-car ?car ?carsrc))
        eff: (and (N:RW:curb-clear ?curbdest) (RW:car-clear ?carsrc) (RW:at-curb-num ?car ?curbdest) (N:RW:behind-car ?car ?carsrc) (RW:at-curb ?car) (increase (total-cost) 1))
    move-car-to-car: ?car:1 ?carsrc:1 ?cardest:1
        pre: (and (RW:car-clear ?car) (RW:car-clear ?cardest) (RW:behind-car ?car ?carsrc) (RW:at-curb ?cardest) (N:R:= ?car ?carsrc) (N:R:= ?carsrc ?cardest))
        eff: (and (N:RW:car-clear ?cardest) (RW:car-clear ?carsrc) (RW:behind-car ?car ?cardest) (N:RW:behind-car ?car ?carsrc) (increase (total-cost) 1))
Init[34]:
  (at-curb car_10)
  (at-curb-num car_10 curb_0)
  (behind-car car_06 car_10)
  (car-clear car_06)
  (at-curb car_03)
  (at-curb-num car_03 curb_1)
  (behind-car car_15 car_03)
  (car-clear car_15)
  (at-curb car_01)
  (at-curb-num car_01 curb_2)
  (behind-car car_05 car_01)
  (car-clear car_05)
  (at-curb car_08)
  (at-curb-num car_08 curb_3)
  (behind-car car_14 car_08)
  (car-clear car_14)
  (at-curb car_07)
  (at-curb-num car_07 curb_4)
  (behind-car car_09 car_07)
  (car-clear car_09)
  (at-curb car_11)
  (at-curb-num car_11 curb_5)
  (behind-car car_13 car_11)
  (car-clear car_13)
  (at-curb car_04)
  (at-curb-num car_04 curb_6)
  (behind-car car_02 car_04)
  (car-clear car_02)
  (at-curb car_12)
  (at-curb-num car_12 curb_7)
  (car-clear car_12)
  (at-curb car_00)
  (at-curb-num car_00 curb_8)
  (car-clear car_00)
Init[1]:
  (= (total-cost) 0)
Goal: (and (RW:at-curb-num car_00 curb_0) (RW:behind-car car_09 car_00) (RW:at-curb-num car_01 curb_1) (RW:behind-car car_10 car_01) (RW:at-curb-num car_02 curb_2) (RW:behind-car car_11 car_02) (RW:at-curb-num car_03 curb_3) (RW:behind-car car_12 car_03) (RW:at-curb-num car_04 curb_4) (RW:behind-car car_13 car_04) (RW:at-curb-num car_05 curb_5) (RW:behind-car car_14 car_05) (RW:at-curb-num car_06 curb_6) (RW:behind-car car_15 car_06) (RW:at-curb-num car_07 curb_7) (RW:at-curb-num car_08 curb_8))
Metric: 1
