Init: (craves abrasion pork) (craves depression flounder) (craves hangover rice) (craves rest pork) (harmony rest venus) (locale flounder alsace) (locale lamb pennsylvania) (locale okra guanabara) (locale pear surrey) (locale pork quebec)
Unreachable facts [7/73]:
  (locale rice alsace)
  (locale rice bosnia)
  (locale rice guanabara)
  (locale rice kentucky)
  (locale rice pennsylvania)
  (locale rice quebec)
  (locale rice surrey)
Unreachable ops [318/1086]:
  (drink flounder rice alsace pennsylvania surrey alsace quebec)
  (drink flounder rice alsace pennsylvania surrey bosnia surrey)
  (drink flounder rice alsace pennsylvania surrey kentucky bosnia)
  (drink flounder rice alsace pennsylvania surrey pennsylvania alsace)
  (drink flounder rice alsace pennsylvania surrey quebec guanabara)
  (drink flounder rice alsace pennsylvania surrey surrey pennsylvania)
  (drink flounder rice guanabara quebec alsace alsace quebec)
  (drink flounder rice guanabara quebec alsace bosnia surrey)
  (drink flounder rice guanabara quebec alsace kentucky bosnia)
  (drink flounder rice guanabara quebec alsace pennsylvania alsace)
  (drink flounder rice guanabara quebec alsace quebec guanabara)
  (drink flounder rice guanabara quebec alsace surrey pennsylvania)
  (drink flounder rice pennsylvania surrey bosnia alsace quebec)
  (drink flounder rice pennsylvania surrey bosnia bosnia surrey)
  (drink flounder rice pennsylvania surrey bosnia kentucky bosnia)
  (drink flounder rice pennsylvania surrey bosnia pennsylvania alsace)
  (drink flounder rice pennsylvania surrey bosnia quebec guanabara)
  (drink flounder rice pennsylvania surrey bosnia surrey pennsylvania)
  (drink flounder rice quebec alsace pennsylvania alsace quebec)
  (drink flounder rice quebec alsace pennsylvania bosnia surrey)
  (drink flounder rice quebec alsace pennsylvania kentucky bosnia)
  (drink flounder rice quebec alsace pennsylvania pennsylvania alsace)
  (drink flounder rice quebec alsace pennsylvania quebec guanabara)
  (drink flounder rice quebec alsace pennsylvania surrey pennsylvania)
  (drink flounder rice surrey bosnia kentucky alsace quebec)
  (drink flounder rice surrey bosnia kentucky bosnia surrey)
  (drink flounder rice surrey bosnia kentucky kentucky bosnia)
  (drink flounder rice surrey bosnia kentucky pennsylvania alsace)
  (drink flounder rice surrey bosnia kentucky quebec guanabara)
  (drink flounder rice surrey bosnia kentucky surrey pennsylvania)
  (drink lamb rice alsace pennsylvania surrey alsace quebec)
  (drink lamb rice alsace pennsylvania surrey bosnia surrey)
  (drink lamb rice alsace pennsylvania surrey kentucky bosnia)
  (drink lamb rice alsace pennsylvania surrey pennsylvania alsace)
  (drink lamb rice alsace pennsylvania surrey quebec guanabara)
  (drink lamb rice alsace pennsylvania surrey surrey pennsylvania)
  (drink lamb rice guanabara quebec alsace alsace quebec)
  (drink lamb rice guanabara quebec alsace bosnia surrey)
  (drink lamb rice guanabara quebec alsace kentucky bosnia)
  (drink lamb rice guanabara quebec alsace pennsylvania alsace)
  (drink lamb rice guanabara quebec alsace quebec guanabara)
  (drink lamb rice guanabara quebec alsace surrey pennsylvania)
  (drink lamb rice pennsylvania surrey bosnia alsace quebec)
  (drink lamb rice pennsylvania surrey bosnia bosnia surrey)
  (drink lamb rice pennsylvania surrey bosnia kentucky bosnia)
  (drink lamb rice pennsylvania surrey bosnia pennsylvania alsace)
  (drink lamb rice pennsylvania surrey bosnia quebec guanabara)
  (drink lamb rice pennsylvania surrey bosnia surrey pennsylvania)
  (drink lamb rice quebec alsace pennsylvania alsace quebec)
  (drink lamb rice quebec alsace pennsylvania bosnia surrey)
  (drink lamb rice quebec alsace pennsylvania kentucky bosnia)
  (drink lamb rice quebec alsace pennsylvania pennsylvania alsace)
  (drink lamb rice quebec alsace pennsylvania quebec guanabara)
  (drink lamb rice quebec alsace pennsylvania surrey pennsylvania)
  (drink lamb rice surrey bosnia kentucky alsace quebec)
  (drink lamb rice surrey bosnia kentucky bosnia surrey)
  (drink lamb rice surrey bosnia kentucky kentucky bosnia)
  (drink lamb rice surrey bosnia kentucky pennsylvania alsace)
  (drink lamb rice surrey bosnia kentucky quebec guanabara)
  (drink lamb rice surrey bosnia kentucky surrey pennsylvania)
  (drink okra rice alsace pennsylvania surrey alsace quebec)
  (drink okra rice alsace pennsylvania surrey bosnia surrey)
  (drink okra rice alsace pennsylvania surrey kentucky bosnia)
  (drink okra rice alsace pennsylvania surrey pennsylvania alsace)
  (drink okra rice alsace pennsylvania surrey quebec guanabara)
  (drink okra rice alsace pennsylvania surrey surrey pennsylvania)
  (drink okra rice guanabara quebec alsace alsace quebec)
  (drink okra rice guanabara quebec alsace bosnia surrey)
  (drink okra rice guanabara quebec alsace kentucky bosnia)
  (drink okra rice guanabara quebec alsace pennsylvania alsace)
  (drink okra rice guanabara quebec alsace quebec guanabara)
  (drink okra rice guanabara quebec alsace surrey pennsylvania)
  (drink okra rice pennsylvania surrey bosnia alsace quebec)
  (drink okra rice pennsylvania surrey bosnia bosnia surrey)
  (drink okra rice pennsylvania surrey bosnia kentucky bosnia)
  (drink okra rice pennsylvania surrey bosnia pennsylvania alsace)
  (drink okra rice pennsylvania surrey bosnia quebec guanabara)
  (drink okra rice pennsylvania surrey bosnia surrey pennsylvania)
  (drink okra rice quebec alsace pennsylvania alsace quebec)
  (drink okra rice quebec alsace pennsylvania bosnia surrey)
  (drink okra rice quebec alsace pennsylvania kentucky bosnia)
  (drink okra rice quebec alsace pennsylvania pennsylvania alsace)
  (drink okra rice quebec alsace pennsylvania quebec guanabara)
  (drink okra rice quebec alsace pennsylvania surrey pennsylvania)
  (drink okra rice surrey bosnia kentucky alsace quebec)
  (drink okra rice surrey bosnia kentucky bosnia surrey)
  (drink okra rice surrey bosnia kentucky kentucky bosnia)
  (drink okra rice surrey bosnia kentucky pennsylvania alsace)
  (drink okra rice surrey bosnia kentucky quebec guanabara)
  (drink okra rice surrey bosnia kentucky surrey pennsylvania)
  (drink pear rice alsace pennsylvania surrey alsace quebec)
  (drink pear rice alsace pennsylvania surrey bosnia surrey)
  (drink pear rice alsace pennsylvania surrey kentucky bosnia)
  (drink pear rice alsace pennsylvania surrey pennsylvania alsace)
  (drink pear rice alsace pennsylvania surrey quebec guanabara)
  (drink pear rice alsace pennsylvania surrey surrey pennsylvania)
  (drink pear rice guanabara quebec alsace alsace quebec)
  (drink pear rice guanabara quebec alsace bosnia surrey)
  (drink pear rice guanabara quebec alsace kentucky bosnia)
  (drink pear rice guanabara quebec alsace pennsylvania alsace)
  (drink pear rice guanabara quebec alsace quebec guanabara)
  (drink pear rice guanabara quebec alsace surrey pennsylvania)
  (drink pear rice pennsylvania surrey bosnia alsace quebec)
  (drink pear rice pennsylvania surrey bosnia bosnia surrey)
  (drink pear rice pennsylvania surrey bosnia kentucky bosnia)
  (drink pear rice pennsylvania surrey bosnia pennsylvania alsace)
  (drink pear rice pennsylvania surrey bosnia quebec guanabara)
  (drink pear rice pennsylvania surrey bosnia surrey pennsylvania)
  (drink pear rice quebec alsace pennsylvania alsace quebec)
  (drink pear rice quebec alsace pennsylvania bosnia surrey)
  (drink pear rice quebec alsace pennsylvania kentucky bosnia)
  (drink pear rice quebec alsace pennsylvania pennsylvania alsace)
  (drink pear rice quebec alsace pennsylvania quebec guanabara)
  (drink pear rice quebec alsace pennsylvania surrey pennsylvania)
  (drink pear rice surrey bosnia kentucky alsace quebec)
  (drink pear rice surrey bosnia kentucky bosnia surrey)
  (drink pear rice surrey bosnia kentucky kentucky bosnia)
  (drink pear rice surrey bosnia kentucky pennsylvania alsace)
  (drink pear rice surrey bosnia kentucky quebec guanabara)
  (drink pear rice surrey bosnia kentucky surrey pennsylvania)
  (drink pork rice alsace pennsylvania surrey alsace quebec)
  (drink pork rice alsace pennsylvania surrey bosnia surrey)
  (drink pork rice alsace pennsylvania surrey kentucky bosnia)
  (drink pork rice alsace pennsylvania surrey pennsylvania alsace)
  (drink pork rice alsace pennsylvania surrey quebec guanabara)
  (drink pork rice alsace pennsylvania surrey surrey pennsylvania)
  (drink pork rice guanabara quebec alsace alsace quebec)
  (drink pork rice guanabara quebec alsace bosnia surrey)
  (drink pork rice guanabara quebec alsace kentucky bosnia)
  (drink pork rice guanabara quebec alsace pennsylvania alsace)
  (drink pork rice guanabara quebec alsace quebec guanabara)
  (drink pork rice guanabara quebec alsace surrey pennsylvania)
  (drink pork rice pennsylvania surrey bosnia alsace quebec)
  (drink pork rice pennsylvania surrey bosnia bosnia surrey)
  (drink pork rice pennsylvania surrey bosnia kentucky bosnia)
  (drink pork rice pennsylvania surrey bosnia pennsylvania alsace)
  (drink pork rice pennsylvania surrey bosnia quebec guanabara)
  (drink pork rice pennsylvania surrey bosnia surrey pennsylvania)
  (drink pork rice quebec alsace pennsylvania alsace quebec)
  (drink pork rice quebec alsace pennsylvania bosnia surrey)
  (drink pork rice quebec alsace pennsylvania kentucky bosnia)
  (drink pork rice quebec alsace pennsylvania pennsylvania alsace)
  (drink pork rice quebec alsace pennsylvania quebec guanabara)
  (drink pork rice quebec alsace pennsylvania surrey pennsylvania)
  (drink pork rice surrey bosnia kentucky alsace quebec)
  (drink pork rice surrey bosnia kentucky bosnia surrey)
  (drink pork rice surrey bosnia kentucky kentucky bosnia)
  (drink pork rice surrey bosnia kentucky pennsylvania alsace)
  (drink pork rice surrey bosnia kentucky quebec guanabara)
  (drink pork rice surrey bosnia kentucky surrey pennsylvania)
  (drink rice flounder alsace pennsylvania surrey alsace quebec)
  (drink rice flounder alsace pennsylvania surrey bosnia surrey)
  (drink rice flounder alsace pennsylvania surrey kentucky bosnia)
  (drink rice flounder alsace pennsylvania surrey pennsylvania alsace)
  (drink rice flounder alsace pennsylvania surrey quebec guanabara)
  (drink rice flounder alsace pennsylvania surrey surrey pennsylvania)
  (drink rice flounder guanabara quebec alsace alsace quebec)
  (drink rice flounder guanabara quebec alsace bosnia surrey)
  (drink rice flounder guanabara quebec alsace kentucky bosnia)
  (drink rice flounder guanabara quebec alsace pennsylvania alsace)
  (drink rice flounder guanabara quebec alsace quebec guanabara)
  (drink rice flounder guanabara quebec alsace surrey pennsylvania)
  (drink rice flounder pennsylvania surrey bosnia alsace quebec)
  (drink rice flounder pennsylvania surrey bosnia bosnia surrey)
  (drink rice flounder pennsylvania surrey bosnia kentucky bosnia)
  (drink rice flounder pennsylvania surrey bosnia pennsylvania alsace)
  (drink rice flounder pennsylvania surrey bosnia quebec guanabara)
  (drink rice flounder pennsylvania surrey bosnia surrey pennsylvania)
  (drink rice flounder quebec alsace pennsylvania alsace quebec)
  (drink rice flounder quebec alsace pennsylvania bosnia surrey)
  (drink rice flounder quebec alsace pennsylvania kentucky bosnia)
  (drink rice flounder quebec alsace pennsylvania pennsylvania alsace)
  (drink rice flounder quebec alsace pennsylvania quebec guanabara)
  (drink rice flounder quebec alsace pennsylvania surrey pennsylvania)
  (drink rice flounder surrey bosnia kentucky alsace quebec)
  (drink rice flounder surrey bosnia kentucky bosnia surrey)
  (drink rice flounder surrey bosnia kentucky kentucky bosnia)
  (drink rice flounder surrey bosnia kentucky pennsylvania alsace)
  (drink rice flounder surrey bosnia kentucky quebec guanabara)
  (drink rice flounder surrey bosnia kentucky surrey pennsylvania)
  (drink rice lamb alsace pennsylvania surrey alsace quebec)
  (drink rice lamb alsace pennsylvania surrey bosnia surrey)
  (drink rice lamb alsace pennsylvania surrey kentucky bosnia)
  (drink rice lamb alsace pennsylvania surrey pennsylvania alsace)
  (drink rice lamb alsace pennsylvania surrey quebec guanabara)
  (drink rice lamb alsace pennsylvania surrey surrey pennsylvania)
  (drink rice lamb guanabara quebec alsace alsace quebec)
  (drink rice lamb guanabara quebec alsace bosnia surrey)
  (drink rice lamb guanabara quebec alsace kentucky bosnia)
  (drink rice lamb guanabara quebec alsace pennsylvania alsace)
  (drink rice lamb guanabara quebec alsace quebec guanabara)
  (drink rice lamb guanabara quebec alsace surrey pennsylvania)
  (drink rice lamb pennsylvania surrey bosnia alsace quebec)
  (drink rice lamb pennsylvania surrey bosnia bosnia surrey)
  (drink rice lamb pennsylvania surrey bosnia kentucky bosnia)
  (drink rice lamb pennsylvania surrey bosnia pennsylvania alsace)
  (drink rice lamb pennsylvania surrey bosnia quebec guanabara)
  (drink rice lamb pennsylvania surrey bosnia surrey pennsylvania)
  (drink rice lamb quebec alsace pennsylvania alsace quebec)
  (drink rice lamb quebec alsace pennsylvania bosnia surrey)
  (drink rice lamb quebec alsace pennsylvania kentucky bosnia)
  (drink rice lamb quebec alsace pennsylvania pennsylvania alsace)
  (drink rice lamb quebec alsace pennsylvania quebec guanabara)
  (drink rice lamb quebec alsace pennsylvania surrey pennsylvania)
  (drink rice lamb surrey bosnia kentucky alsace quebec)
  (drink rice lamb surrey bosnia kentucky bosnia surrey)
  (drink rice lamb surrey bosnia kentucky kentucky bosnia)
  (drink rice lamb surrey bosnia kentucky pennsylvania alsace)
  (drink rice lamb surrey bosnia kentucky quebec guanabara)
  (drink rice lamb surrey bosnia kentucky surrey pennsylvania)
  (drink rice okra alsace pennsylvania surrey alsace quebec)
  (drink rice okra alsace pennsylvania surrey bosnia surrey)
  (drink rice okra alsace pennsylvania surrey kentucky bosnia)
  (drink rice okra alsace pennsylvania surrey pennsylvania alsace)
  (drink rice okra alsace pennsylvania surrey quebec guanabara)
  (drink rice okra alsace pennsylvania surrey surrey pennsylvania)
  (drink rice okra guanabara quebec alsace alsace quebec)
  (drink rice okra guanabara quebec alsace bosnia surrey)
  (drink rice okra guanabara quebec alsace kentucky bosnia)
  (drink rice okra guanabara quebec alsace pennsylvania alsace)
  (drink rice okra guanabara quebec alsace quebec guanabara)
  (drink rice okra guanabara quebec alsace surrey pennsylvania)
  (drink rice okra pennsylvania surrey bosnia alsace quebec)
  (drink rice okra pennsylvania surrey bosnia bosnia surrey)
  (drink rice okra pennsylvania surrey bosnia kentucky bosnia)
  (drink rice okra pennsylvania surrey bosnia pennsylvania alsace)
  (drink rice okra pennsylvania surrey bosnia quebec guanabara)
  (drink rice okra pennsylvania surrey bosnia surrey pennsylvania)
  (drink rice okra quebec alsace pennsylvania alsace quebec)
  (drink rice okra quebec alsace pennsylvania bosnia surrey)
  (drink rice okra quebec alsace pennsylvania kentucky bosnia)
  (drink rice okra quebec alsace pennsylvania pennsylvania alsace)
  (drink rice okra quebec alsace pennsylvania quebec guanabara)
  (drink rice okra quebec alsace pennsylvania surrey pennsylvania)
  (drink rice okra surrey bosnia kentucky alsace quebec)
  (drink rice okra surrey bosnia kentucky bosnia surrey)
  (drink rice okra surrey bosnia kentucky kentucky bosnia)
  (drink rice okra surrey bosnia kentucky pennsylvania alsace)
  (drink rice okra surrey bosnia kentucky quebec guanabara)
  (drink rice okra surrey bosnia kentucky surrey pennsylvania)
  (drink rice pear alsace pennsylvania surrey alsace quebec)
  (drink rice pear alsace pennsylvania surrey bosnia surrey)
  (drink rice pear alsace pennsylvania surrey kentucky bosnia)
  (drink rice pear alsace pennsylvania surrey pennsylvania alsace)
  (drink rice pear alsace pennsylvania surrey quebec guanabara)
  (drink rice pear alsace pennsylvania surrey surrey pennsylvania)
  (drink rice pear guanabara quebec alsace alsace quebec)
  (drink rice pear guanabara quebec alsace bosnia surrey)
  (drink rice pear guanabara quebec alsace kentucky bosnia)
  (drink rice pear guanabara quebec alsace pennsylvania alsace)
  (drink rice pear guanabara quebec alsace quebec guanabara)
  (drink rice pear guanabara quebec alsace surrey pennsylvania)
  (drink rice pear pennsylvania surrey bosnia alsace quebec)
  (drink rice pear pennsylvania surrey bosnia bosnia surrey)
  (drink rice pear pennsylvania surrey bosnia kentucky bosnia)
  (drink rice pear pennsylvania surrey bosnia pennsylvania alsace)
  (drink rice pear pennsylvania surrey bosnia quebec guanabara)
  (drink rice pear pennsylvania surrey bosnia surrey pennsylvania)
  (drink rice pear quebec alsace pennsylvania alsace quebec)
  (drink rice pear quebec alsace pennsylvania bosnia surrey)
  (drink rice pear quebec alsace pennsylvania kentucky bosnia)
  (drink rice pear quebec alsace pennsylvania pennsylvania alsace)
  (drink rice pear quebec alsace pennsylvania quebec guanabara)
  (drink rice pear quebec alsace pennsylvania surrey pennsylvania)
  (drink rice pear surrey bosnia kentucky alsace quebec)
  (drink rice pear surrey bosnia kentucky bosnia surrey)
  (drink rice pear surrey bosnia kentucky kentucky bosnia)
  (drink rice pear surrey bosnia kentucky pennsylvania alsace)
  (drink rice pear surrey bosnia kentucky quebec guanabara)
  (drink rice pear surrey bosnia kentucky surrey pennsylvania)
  (drink rice pork alsace pennsylvania surrey alsace quebec)
  (drink rice pork alsace pennsylvania surrey bosnia surrey)
  (drink rice pork alsace pennsylvania surrey kentucky bosnia)
  (drink rice pork alsace pennsylvania surrey pennsylvania alsace)
  (drink rice pork alsace pennsylvania surrey quebec guanabara)
  (drink rice pork alsace pennsylvania surrey surrey pennsylvania)
  (drink rice pork guanabara quebec alsace alsace quebec)
  (drink rice pork guanabara quebec alsace bosnia surrey)
  (drink rice pork guanabara quebec alsace kentucky bosnia)
  (drink rice pork guanabara quebec alsace pennsylvania alsace)
  (drink rice pork guanabara quebec alsace quebec guanabara)
  (drink rice pork guanabara quebec alsace surrey pennsylvania)
  (drink rice pork pennsylvania surrey bosnia alsace quebec)
  (drink rice pork pennsylvania surrey bosnia bosnia surrey)
  (drink rice pork pennsylvania surrey bosnia kentucky bosnia)
  (drink rice pork pennsylvania surrey bosnia pennsylvania alsace)
  (drink rice pork pennsylvania surrey bosnia quebec guanabara)
  (drink rice pork pennsylvania surrey bosnia surrey pennsylvania)
  (drink rice pork quebec alsace pennsylvania alsace quebec)
  (drink rice pork quebec alsace pennsylvania bosnia surrey)
  (drink rice pork quebec alsace pennsylvania kentucky bosnia)
  (drink rice pork quebec alsace pennsylvania pennsylvania alsace)
  (drink rice pork quebec alsace pennsylvania quebec guanabara)
  (drink rice pork quebec alsace pennsylvania surrey pennsylvania)
  (drink rice pork surrey bosnia kentucky alsace quebec)
  (drink rice pork surrey bosnia kentucky bosnia surrey)
  (drink rice pork surrey bosnia kentucky kentucky bosnia)
  (drink rice pork surrey bosnia kentucky pennsylvania alsace)
  (drink rice pork surrey bosnia kentucky quebec guanabara)
  (drink rice pork surrey bosnia kentucky surrey pennsylvania)
  (feast rest rice flounder alsace quebec)
  (feast rest rice flounder bosnia surrey)
  (feast rest rice flounder kentucky bosnia)
  (feast rest rice flounder pennsylvania alsace)
  (feast rest rice flounder quebec guanabara)
  (feast rest rice flounder surrey pennsylvania)
  (feast rest rice pear alsace quebec)
  (feast rest rice pear bosnia surrey)
  (feast rest rice pear kentucky bosnia)
  (feast rest rice pear pennsylvania alsace)
  (feast rest rice pear quebec guanabara)
  (feast rest rice pear surrey pennsylvania)
  (feast rest rice rice alsace quebec)
  (feast rest rice rice bosnia surrey)
  (feast rest rice rice kentucky bosnia)
  (feast rest rice rice pennsylvania alsace)
  (feast rest rice rice quebec guanabara)
  (feast rest rice rice surrey pennsylvania)
