Collapsing type 1:location with 50 objects
Reduced 81 -> 32
Domain: transport
Problem: transport-city-sequential-50nodes-1000size-4degree-100mindistance-4trucks-25packages-2014seed
Require: 200ff
Type[7]:
    [0]: object, parent: -1
    [1]: location, parent: 0
    [2]: locatable, parent: 0
    [3]: capacity-number, parent: 0
    [4]: pnum, parent: 0
    [5]: vehicle, parent: 2
    [6]: package, parent: 2
Obj-by-Type:
    [0]: 0 1 2 3 4 5 6 7 8 9 10 11 12 13 14 15 16 17 18 19 20 21 22 23 24 25 26 27 28 29 30 31
    [1]: 13
    [2]: 5 6 7 8 14 15 16 17 18 19 20 21 22 23 24 25 26 27 28 29 30 31
    [3]: 0 1 2 3 4
    [4]: 9 10 11 12
    [5]: 5 6 7 8
    [6]: 14 15 16 17 18 19 20 21 22 23 24 25 26 27 28 29 30 31
Obj[32]:
    [0]: capacity-0, type: 3, is-constant: 0, is-private: 0, owner: -1, is-agent: 0
    [1]: capacity-1, type: 3, is-constant: 0, is-private: 0, owner: -1, is-agent: 0
    [2]: capacity-2, type: 3, is-constant: 0, is-private: 0, owner: -1, is-agent: 0
    [3]: capacity-3, type: 3, is-constant: 0, is-private: 0, owner: -1, is-agent: 0
    [4]: capacity-4, type: 3, is-constant: 0, is-private: 0, owner: -1, is-agent: 0
    [5]: truck-1, type: 5, is-constant: 0, is-private: 0, owner: -1, is-agent: 0
    [6]: truck-2, type: 5, is-constant: 0, is-private: 0, owner: -1, is-agent: 0
    [7]: truck-3, type: 5, is-constant: 0, is-private: 0, owner: -1, is-agent: 0
    [8]: truck-4, type: 5, is-constant: 0, is-private: 0, owner: -1, is-agent: 0
    [9]: pnum1, type: 4, is-constant: 0, is-private: 0, owner: -1, is-agent: 0
    [10]: pnum2, type: 4, is-constant: 0, is-private: 0, owner: -1, is-agent: 0
    [11]: pnum3, type: 4, is-constant: 0, is-private: 0, owner: -1, is-agent: 0
    [12]: pnum0, type: 4, is-constant: 0, is-private: 0, owner: -1, is-agent: 0
    [13]: city-loc-1, type: 1, is-constant: 0, is-private: 0, owner: -1, is-agent: 0
    [14]: package-bag1, type: 6, is-constant: 0, is-private: 0, owner: -1, is-agent: 0
    [15]: package-bag2, type: 6, is-constant: 0, is-private: 0, owner: -1, is-agent: 0
    [16]: package-bag3, type: 6, is-constant: 0, is-private: 0, owner: -1, is-agent: 0
    [17]: package-bag4, type: 6, is-constant: 0, is-private: 0, owner: -1, is-agent: 0
    [18]: package-bag5, type: 6, is-constant: 0, is-private: 0, owner: -1, is-agent: 0
    [19]: package-bag6, type: 6, is-constant: 0, is-private: 0, owner: -1, is-agent: 0
    [20]: package-bag7, type: 6, is-constant: 0, is-private: 0, owner: -1, is-agent: 0
    [21]: package-bag8, type: 6, is-constant: 0, is-private: 0, owner: -1, is-agent: 0
    [22]: package-bag9, type: 6, is-constant: 0, is-private: 0, owner: -1, is-agent: 0
    [23]: package-bag10, type: 6, is-constant: 0, is-private: 0, owner: -1, is-agent: 0
    [24]: package-bag11, type: 6, is-constant: 0, is-private: 0, owner: -1, is-agent: 0
    [25]: package-bag12, type: 6, is-constant: 0, is-private: 0, owner: -1, is-agent: 0
    [26]: package-bag13, type: 6, is-constant: 0, is-private: 0, owner: -1, is-agent: 0
    [27]: package-bag14, type: 6, is-constant: 0, is-private: 0, owner: -1, is-agent: 0
    [28]: package-bag15, type: 6, is-constant: 0, is-private: 0, owner: -1, is-agent: 0
    [29]: package-bag16, type: 6, is-constant: 0, is-private: 0, owner: -1, is-agent: 0
    [30]: package-bag17, type: 6, is-constant: 0, is-private: 0, owner: -1, is-agent: 0
    [31]: package-bag18, type: 6, is-constant: 0, is-private: 0, owner: -1, is-agent: 0
Predicate[9]:
    =: 0 0 :: is-private: 0, owner-param: -1, read: 0, write: 0
    road: 1 1 :: is-private: 0, owner-param: -1, read: 1, write: 0
    capacity: 5 3 :: is-private: 0, owner-param: -1, read: 1, write: 1
    capacity-predecessor: 3 3 :: is-private: 0, owner-param: -1, read: 1, write: 0
    at-vehicle: 5 1 :: is-private: 0, owner-param: -1, read: 1, write: 1
    package-less: 4 4 :: is-private: 0, owner-param: -1, read: 1, write: 0
    count-package: 6 0 4 :: is-private: 0, owner-param: -1, read: 1, write: 1
    package-lte-sum: 4 4 4 :: is-private: 0, owner-param: -1, read: 1, write: 0
    package-bag-size: 6 4 :: is-private: 0, owner-param: -1, read: 1, write: 0
Function[2]:
    road-length: 1 1 :: is-private: 0, owner-param: -1, read: 0, write: 0
    total-cost: :: is-private: 0, owner-param: -1, read: 0, write: 0
Action[3]:
    drive: ?v:5 ?l1:1 ?l2:1
        pre: (and (RW:at-vehicle ?v ?l1) (R:road ?l1 ?l2))
        eff: (and (RW:at-vehicle ?v ?l2) (increase (total-cost) (road-length ?l1 ?l2)))
    pick-up: ?v:5 ?l:1 ?p:6 ?s1:3 ?s2:3 ?n1:4 ?n0:4 ?n2:4 ?n3:4 ?p-size:4
        pre: (and (RW:count-package ?p ?l ?n1) (R:package-less ?n0 ?n1) (RW:count-package ?p ?v ?n2) (R:package-less ?n2 ?n3) (RW:at-vehicle ?v ?l) (R:capacity-predecessor ?s1 ?s2) (RW:capacity ?v ?s2) (R:package-lte-sum ?n1 ?n2 ?p-size) (R:package-bag-size ?p ?p-size))
        eff: (and (RW:count-package ?p ?l ?n0) (RW:count-package ?p ?v ?n3) (N:RW:count-package ?p ?v ?n2) (RW:capacity ?v ?s1) (N:RW:capacity ?v ?s2) (increase (total-cost) 1))
    drop: ?v:5 ?l:1 ?p:6 ?s1:3 ?s2:3 ?n1:4 ?n0:4 ?n2:4 ?n3:4 ?p-size:4
        pre: (and (RW:count-package ?p ?v ?n1) (R:package-less ?n0 ?n1) (RW:count-package ?p ?l ?n2) (R:package-less ?n2 ?n3) (RW:at-vehicle ?v ?l) (R:capacity-predecessor ?s1 ?s2) (RW:capacity ?v ?s1) (R:package-lte-sum ?n1 ?n2 ?p-size) (R:package-bag-size ?p ?p-size))
        eff: (and (RW:count-package ?p ?v ?n0) (N:RW:count-package ?p ?v ?n1) (RW:count-package ?p ?l ?n3) (RW:capacity ?v ?s2) (N:RW:capacity ?v ?s1) (increase (total-cost) 1))
Init[1224]:
  S:(road city-loc-1 city-loc-1)
  S:(road city-loc-1 city-loc-1)
  S:(road city-loc-1 city-loc-1)
  S:(road city-loc-1 city-loc-1)
  S:(capacity-predecessor capacity-0 capacity-1)
  S:(road city-loc-1 city-loc-1)
  S:(road city-loc-1 city-loc-1)
  S:(road city-loc-1 city-loc-1)
  S:(road city-loc-1 city-loc-1)
  S:(road city-loc-1 city-loc-1)
  S:(road city-loc-1 city-loc-1)
  S:(road city-loc-1 city-loc-1)
  S:(road city-loc-1 city-loc-1)
  S:(road city-loc-1 city-loc-1)
  S:(road city-loc-1 city-loc-1)
  S:(road city-loc-1 city-loc-1)
  S:(road city-loc-1 city-loc-1)
  S:(road city-loc-1 city-loc-1)
  S:(road city-loc-1 city-loc-1)
  S:(road city-loc-1 city-loc-1)
  S:(road city-loc-1 city-loc-1)
  S:(road city-loc-1 city-loc-1)
  S:(road city-loc-1 city-loc-1)
  S:(road city-loc-1 city-loc-1)
  S:(road city-loc-1 city-loc-1)
  S:(road city-loc-1 city-loc-1)
  (at-vehicle truck-4 city-loc-1)
  S:(road city-loc-1 city-loc-1)
  S:(road city-loc-1 city-loc-1)
  S:(road city-loc-1 city-loc-1)
  S:(road city-loc-1 city-loc-1)
  S:(road city-loc-1 city-loc-1)
  S:(road city-loc-1 city-loc-1)
  S:(road city-loc-1 city-loc-1)
  S:(road city-loc-1 city-loc-1)
  S:(road city-loc-1 city-loc-1)
  S:(road city-loc-1 city-loc-1)
  S:(road city-loc-1 city-loc-1)
  S:(road city-loc-1 city-loc-1)
  S:(road city-loc-1 city-loc-1)
  S:(road city-loc-1 city-loc-1)
  S:(road city-loc-1 city-loc-1)
  S:(road city-loc-1 city-loc-1)
  S:(road city-loc-1 city-loc-1)
  S:(road city-loc-1 city-loc-1)
  S:(capacity-predecessor capacity-3 capacity-4)
  S:(road city-loc-1 city-loc-1)
  S:(road city-loc-1 city-loc-1)
  (at-vehicle truck-2 city-loc-1)
  S:(road city-loc-1 city-loc-1)
  S:(road city-loc-1 city-loc-1)
  S:(road city-loc-1 city-loc-1)
  S:(road city-loc-1 city-loc-1)
  S:(road city-loc-1 city-loc-1)
  S:(road city-loc-1 city-loc-1)
  S:(road city-loc-1 city-loc-1)
  S:(road city-loc-1 city-loc-1)
  S:(road city-loc-1 city-loc-1)
  S:(road city-loc-1 city-loc-1)
  S:(road city-loc-1 city-loc-1)
  S:(road city-loc-1 city-loc-1)
  S:(road city-loc-1 city-loc-1)
  S:(road city-loc-1 city-loc-1)
  S:(road city-loc-1 city-loc-1)
  S:(road city-loc-1 city-loc-1)
  S:(road city-loc-1 city-loc-1)
  S:(road city-loc-1 city-loc-1)
  S:(road city-loc-1 city-loc-1)
  S:(road city-loc-1 city-loc-1)
  S:(road city-loc-1 city-loc-1)
  S:(road city-loc-1 city-loc-1)
  S:(road city-loc-1 city-loc-1)
  S:(road city-loc-1 city-loc-1)
  S:(road city-loc-1 city-loc-1)
  S:(road city-loc-1 city-loc-1)
  S:(road city-loc-1 city-loc-1)
  S:(road city-loc-1 city-loc-1)
  S:(road city-loc-1 city-loc-1)
  (capacity truck-4 capacity-3)
  S:(road city-loc-1 city-loc-1)
  S:(road city-loc-1 city-loc-1)
  S:(road city-loc-1 city-loc-1)
  S:(capacity-predecessor capacity-1 capacity-2)
  S:(road city-loc-1 city-loc-1)
  S:(road city-loc-1 city-loc-1)
  S:(road city-loc-1 city-loc-1)
  S:(road city-loc-1 city-loc-1)
  S:(road city-loc-1 city-loc-1)
  S:(road city-loc-1 city-loc-1)
  S:(road city-loc-1 city-loc-1)
  S:(road city-loc-1 city-loc-1)
  (capacity truck-1 capacity-3)
  S:(road city-loc-1 city-loc-1)
  S:(road city-loc-1 city-loc-1)
  S:(road city-loc-1 city-loc-1)
  S:(road city-loc-1 city-loc-1)
  S:(road city-loc-1 city-loc-1)
  S:(road city-loc-1 city-loc-1)
  S:(road city-loc-1 city-loc-1)
  S:(road city-loc-1 city-loc-1)
  S:(road city-loc-1 city-loc-1)
  S:(road city-loc-1 city-loc-1)
  S:(road city-loc-1 city-loc-1)
  S:(road city-loc-1 city-loc-1)
  S:(road city-loc-1 city-loc-1)
  S:(road city-loc-1 city-loc-1)
  S:(road city-loc-1 city-loc-1)
  S:(road city-loc-1 city-loc-1)
  S:(road city-loc-1 city-loc-1)
  S:(road city-loc-1 city-loc-1)
  S:(road city-loc-1 city-loc-1)
  S:(road city-loc-1 city-loc-1)
  S:(road city-loc-1 city-loc-1)
  S:(road city-loc-1 city-loc-1)
  S:(road city-loc-1 city-loc-1)
  S:(road city-loc-1 city-loc-1)
  S:(road city-loc-1 city-loc-1)
  S:(road city-loc-1 city-loc-1)
  S:(road city-loc-1 city-loc-1)
  S:(road city-loc-1 city-loc-1)
  S:(road city-loc-1 city-loc-1)
  S:(road city-loc-1 city-loc-1)
  S:(road city-loc-1 city-loc-1)
  S:(road city-loc-1 city-loc-1)
  S:(road city-loc-1 city-loc-1)
  S:(road city-loc-1 city-loc-1)
  S:(road city-loc-1 city-loc-1)
  S:(road city-loc-1 city-loc-1)
  S:(road city-loc-1 city-loc-1)
  S:(road city-loc-1 city-loc-1)
  S:(road city-loc-1 city-loc-1)
  S:(road city-loc-1 city-loc-1)
  S:(road city-loc-1 city-loc-1)
  S:(road city-loc-1 city-loc-1)
  S:(road city-loc-1 city-loc-1)
  S:(road city-loc-1 city-loc-1)
  S:(road city-loc-1 city-loc-1)
  S:(road city-loc-1 city-loc-1)
  S:(road city-loc-1 city-loc-1)
  S:(road city-loc-1 city-loc-1)
  S:(road city-loc-1 city-loc-1)
  (at-vehicle truck-1 city-loc-1)
  S:(road city-loc-1 city-loc-1)
  S:(road city-loc-1 city-loc-1)
  S:(road city-loc-1 city-loc-1)
  S:(road city-loc-1 city-loc-1)
  S:(road city-loc-1 city-loc-1)
  S:(road city-loc-1 city-loc-1)
  S:(road city-loc-1 city-loc-1)
  S:(road city-loc-1 city-loc-1)
  S:(road city-loc-1 city-loc-1)
  (capacity truck-3 capacity-2)
  S:(road city-loc-1 city-loc-1)
  S:(road city-loc-1 city-loc-1)
  S:(road city-loc-1 city-loc-1)
  S:(road city-loc-1 city-loc-1)
  S:(road city-loc-1 city-loc-1)
  S:(road city-loc-1 city-loc-1)
  S:(road city-loc-1 city-loc-1)
  S:(road city-loc-1 city-loc-1)
  S:(road city-loc-1 city-loc-1)
  S:(road city-loc-1 city-loc-1)
  S:(road city-loc-1 city-loc-1)
  S:(road city-loc-1 city-loc-1)
  S:(road city-loc-1 city-loc-1)
  S:(road city-loc-1 city-loc-1)
  S:(road city-loc-1 city-loc-1)
  S:(road city-loc-1 city-loc-1)
  S:(road city-loc-1 city-loc-1)
  S:(road city-loc-1 city-loc-1)
  S:(road city-loc-1 city-loc-1)
  S:(road city-loc-1 city-loc-1)
  S:(road city-loc-1 city-loc-1)
  S:(road city-loc-1 city-loc-1)
  S:(road city-loc-1 city-loc-1)
  S:(road city-loc-1 city-loc-1)
  S:(road city-loc-1 city-loc-1)
  S:(road city-loc-1 city-loc-1)
  S:(road city-loc-1 city-loc-1)
  S:(road city-loc-1 city-loc-1)
  S:(road city-loc-1 city-loc-1)
  S:(road city-loc-1 city-loc-1)
  S:(road city-loc-1 city-loc-1)
  (capacity truck-2 capacity-3)
  S:(road city-loc-1 city-loc-1)
  S:(road city-loc-1 city-loc-1)
  S:(road city-loc-1 city-loc-1)
  S:(road city-loc-1 city-loc-1)
  S:(road city-loc-1 city-loc-1)
  S:(road city-loc-1 city-loc-1)
  (at-vehicle truck-3 city-loc-1)
  S:(road city-loc-1 city-loc-1)
  S:(road city-loc-1 city-loc-1)
  S:(road city-loc-1 city-loc-1)
  S:(road city-loc-1 city-loc-1)
  S:(road city-loc-1 city-loc-1)
  S:(road city-loc-1 city-loc-1)
  S:(road city-loc-1 city-loc-1)
  S:(road city-loc-1 city-loc-1)
  S:(road city-loc-1 city-loc-1)
  S:(road city-loc-1 city-loc-1)
  S:(capacity-predecessor capacity-2 capacity-3)
  S:(road city-loc-1 city-loc-1)
  S:(road city-loc-1 city-loc-1)
  S:(road city-loc-1 city-loc-1)
  S:(road city-loc-1 city-loc-1)
  S:(road city-loc-1 city-loc-1)
  S:(road city-loc-1 city-loc-1)
  S:(road city-loc-1 city-loc-1)
  S:(road city-loc-1 city-loc-1)
  S:(road city-loc-1 city-loc-1)
  S:(road city-loc-1 city-loc-1)
  S:(package-less pnum1 pnum2)
  S:(package-less pnum2 pnum3)
  (count-package package-bag1 city-loc-1 pnum1)
  (count-package package-bag1 city-loc-1 pnum1)
  (count-package package-bag1 city-loc-1 pnum1)
  (count-package package-bag2 city-loc-1 pnum3)
  (count-package package-bag3 city-loc-1 pnum1)
  (count-package package-bag3 city-loc-1 pnum1)
  (count-package package-bag4 city-loc-1 pnum1)
  (count-package package-bag4 city-loc-1 pnum1)
  (count-package package-bag5 city-loc-1 pnum2)
  (count-package package-bag6 city-loc-1 pnum1)
  (count-package package-bag7 city-loc-1 pnum1)
  (count-package package-bag8 city-loc-1 pnum1)
  (count-package package-bag9 city-loc-1 pnum1)
  (count-package package-bag10 city-loc-1 pnum1)
  (count-package package-bag11 city-loc-1 pnum1)
  (count-package package-bag12 city-loc-1 pnum1)
  (count-package package-bag13 city-loc-1 pnum1)
  (count-package package-bag14 city-loc-1 pnum1)
  (count-package package-bag15 city-loc-1 pnum1)
  (count-package package-bag16 city-loc-1 pnum1)
  (count-package package-bag17 city-loc-1 pnum1)
  (count-package package-bag18 city-loc-1 pnum1)
  S:(package-less pnum0 pnum1)
  (count-package package-bag1 city-loc-1 pnum0)
  (count-package package-bag1 city-loc-1 pnum0)
  (count-package package-bag1 city-loc-1 pnum0)
  (count-package package-bag1 city-loc-1 pnum0)
  (count-package package-bag1 city-loc-1 pnum0)
  (count-package package-bag1 city-loc-1 pnum0)
  (count-package package-bag1 city-loc-1 pnum0)
  (count-package package-bag1 city-loc-1 pnum0)
  (count-package package-bag1 city-loc-1 pnum0)
  (count-package package-bag1 city-loc-1 pnum0)
  (count-package package-bag1 city-loc-1 pnum0)
  (count-package package-bag1 city-loc-1 pnum0)
  (count-package package-bag1 city-loc-1 pnum0)
  (count-package package-bag1 city-loc-1 pnum0)
  (count-package package-bag1 city-loc-1 pnum0)
  (count-package package-bag1 city-loc-1 pnum0)
  (count-package package-bag1 city-loc-1 pnum0)
  (count-package package-bag1 city-loc-1 pnum0)
  (count-package package-bag1 city-loc-1 pnum0)
  (count-package package-bag1 city-loc-1 pnum0)
  (count-package package-bag1 city-loc-1 pnum0)
  (count-package package-bag1 city-loc-1 pnum0)
  (count-package package-bag1 city-loc-1 pnum0)
  (count-package package-bag1 city-loc-1 pnum0)
  (count-package package-bag1 city-loc-1 pnum0)
  (count-package package-bag1 city-loc-1 pnum0)
  (count-package package-bag1 city-loc-1 pnum0)
  (count-package package-bag1 city-loc-1 pnum0)
  (count-package package-bag1 city-loc-1 pnum0)
  (count-package package-bag1 city-loc-1 pnum0)
  (count-package package-bag1 city-loc-1 pnum0)
  (count-package package-bag1 city-loc-1 pnum0)
  (count-package package-bag1 city-loc-1 pnum0)
  (count-package package-bag1 city-loc-1 pnum0)
  (count-package package-bag1 city-loc-1 pnum0)
  (count-package package-bag1 city-loc-1 pnum0)
  (count-package package-bag1 city-loc-1 pnum0)
  (count-package package-bag1 city-loc-1 pnum0)
  (count-package package-bag1 city-loc-1 pnum0)
  (count-package package-bag1 city-loc-1 pnum0)
  (count-package package-bag1 city-loc-1 pnum0)
  (count-package package-bag1 city-loc-1 pnum0)
  (count-package package-bag1 city-loc-1 pnum0)
  (count-package package-bag1 city-loc-1 pnum0)
  (count-package package-bag1 city-loc-1 pnum0)
  (count-package package-bag1 city-loc-1 pnum0)
  (count-package package-bag1 city-loc-1 pnum0)
  (count-package package-bag1 truck-1 pnum0)
  (count-package package-bag1 truck-2 pnum0)
  (count-package package-bag1 truck-3 pnum0)
  (count-package package-bag1 truck-4 pnum0)
  (count-package package-bag2 city-loc-1 pnum0)
  (count-package package-bag2 city-loc-1 pnum0)
  (count-package package-bag2 city-loc-1 pnum0)
  (count-package package-bag2 city-loc-1 pnum0)
  (count-package package-bag2 city-loc-1 pnum0)
  (count-package package-bag2 city-loc-1 pnum0)
  (count-package package-bag2 city-loc-1 pnum0)
  (count-package package-bag2 city-loc-1 pnum0)
  (count-package package-bag2 city-loc-1 pnum0)
  (count-package package-bag2 city-loc-1 pnum0)
  (count-package package-bag2 city-loc-1 pnum0)
  (count-package package-bag2 city-loc-1 pnum0)
  (count-package package-bag2 city-loc-1 pnum0)
  (count-package package-bag2 city-loc-1 pnum0)
  (count-package package-bag2 city-loc-1 pnum0)
  (count-package package-bag2 city-loc-1 pnum0)
  (count-package package-bag2 city-loc-1 pnum0)
  (count-package package-bag2 city-loc-1 pnum0)
  (count-package package-bag2 city-loc-1 pnum0)
  (count-package package-bag2 city-loc-1 pnum0)
  (count-package package-bag2 city-loc-1 pnum0)
  (count-package package-bag2 city-loc-1 pnum0)
  (count-package package-bag2 city-loc-1 pnum0)
  (count-package package-bag2 city-loc-1 pnum0)
  (count-package package-bag2 city-loc-1 pnum0)
  (count-package package-bag2 city-loc-1 pnum0)
  (count-package package-bag2 city-loc-1 pnum0)
  (count-package package-bag2 city-loc-1 pnum0)
  (count-package package-bag2 city-loc-1 pnum0)
  (count-package package-bag2 city-loc-1 pnum0)
  (count-package package-bag2 city-loc-1 pnum0)
  (count-package package-bag2 city-loc-1 pnum0)
  (count-package package-bag2 city-loc-1 pnum0)
  (count-package package-bag2 city-loc-1 pnum0)
  (count-package package-bag2 city-loc-1 pnum0)
  (count-package package-bag2 city-loc-1 pnum0)
  (count-package package-bag2 city-loc-1 pnum0)
  (count-package package-bag2 city-loc-1 pnum0)
  (count-package package-bag2 city-loc-1 pnum0)
  (count-package package-bag2 city-loc-1 pnum0)
  (count-package package-bag2 city-loc-1 pnum0)
  (count-package package-bag2 city-loc-1 pnum0)
  (count-package package-bag2 city-loc-1 pnum0)
  (count-package package-bag2 city-loc-1 pnum0)
  (count-package package-bag2 city-loc-1 pnum0)
  (count-package package-bag2 city-loc-1 pnum0)
  (count-package package-bag2 city-loc-1 pnum0)
  (count-package package-bag2 city-loc-1 pnum0)
  (count-package package-bag2 city-loc-1 pnum0)
  (count-package package-bag2 truck-1 pnum0)
  (count-package package-bag2 truck-2 pnum0)
  (count-package package-bag2 truck-3 pnum0)
  (count-package package-bag2 truck-4 pnum0)
  (count-package package-bag3 city-loc-1 pnum0)
  (count-package package-bag3 city-loc-1 pnum0)
  (count-package package-bag3 city-loc-1 pnum0)
  (count-package package-bag3 city-loc-1 pnum0)
  (count-package package-bag3 city-loc-1 pnum0)
  (count-package package-bag3 city-loc-1 pnum0)
  (count-package package-bag3 city-loc-1 pnum0)
  (count-package package-bag3 city-loc-1 pnum0)
  (count-package package-bag3 city-loc-1 pnum0)
  (count-package package-bag3 city-loc-1 pnum0)
  (count-package package-bag3 city-loc-1 pnum0)
  (count-package package-bag3 city-loc-1 pnum0)
  (count-package package-bag3 city-loc-1 pnum0)
  (count-package package-bag3 city-loc-1 pnum0)
  (count-package package-bag3 city-loc-1 pnum0)
  (count-package package-bag3 city-loc-1 pnum0)
  (count-package package-bag3 city-loc-1 pnum0)
  (count-package package-bag3 city-loc-1 pnum0)
  (count-package package-bag3 city-loc-1 pnum0)
  (count-package package-bag3 city-loc-1 pnum0)
  (count-package package-bag3 city-loc-1 pnum0)
  (count-package package-bag3 city-loc-1 pnum0)
  (count-package package-bag3 city-loc-1 pnum0)
  (count-package package-bag3 city-loc-1 pnum0)
  (count-package package-bag3 city-loc-1 pnum0)
  (count-package package-bag3 city-loc-1 pnum0)
  (count-package package-bag3 city-loc-1 pnum0)
  (count-package package-bag3 city-loc-1 pnum0)
  (count-package package-bag3 city-loc-1 pnum0)
  (count-package package-bag3 city-loc-1 pnum0)
  (count-package package-bag3 city-loc-1 pnum0)
  (count-package package-bag3 city-loc-1 pnum0)
  (count-package package-bag3 city-loc-1 pnum0)
  (count-package package-bag3 city-loc-1 pnum0)
  (count-package package-bag3 city-loc-1 pnum0)
  (count-package package-bag3 city-loc-1 pnum0)
  (count-package package-bag3 city-loc-1 pnum0)
  (count-package package-bag3 city-loc-1 pnum0)
  (count-package package-bag3 city-loc-1 pnum0)
  (count-package package-bag3 city-loc-1 pnum0)
  (count-package package-bag3 city-loc-1 pnum0)
  (count-package package-bag3 city-loc-1 pnum0)
  (count-package package-bag3 city-loc-1 pnum0)
  (count-package package-bag3 city-loc-1 pnum0)
  (count-package package-bag3 city-loc-1 pnum0)
  (count-package package-bag3 city-loc-1 pnum0)
  (count-package package-bag3 city-loc-1 pnum0)
  (count-package package-bag3 city-loc-1 pnum0)
  (count-package package-bag3 truck-1 pnum0)
  (count-package package-bag3 truck-2 pnum0)
  (count-package package-bag3 truck-3 pnum0)
  (count-package package-bag3 truck-4 pnum0)
  (count-package package-bag4 city-loc-1 pnum0)
  (count-package package-bag4 city-loc-1 pnum0)
  (count-package package-bag4 city-loc-1 pnum0)
  (count-package package-bag4 city-loc-1 pnum0)
  (count-package package-bag4 city-loc-1 pnum0)
  (count-package package-bag4 city-loc-1 pnum0)
  (count-package package-bag4 city-loc-1 pnum0)
  (count-package package-bag4 city-loc-1 pnum0)
  (count-package package-bag4 city-loc-1 pnum0)
  (count-package package-bag4 city-loc-1 pnum0)
  (count-package package-bag4 city-loc-1 pnum0)
  (count-package package-bag4 city-loc-1 pnum0)
  (count-package package-bag4 city-loc-1 pnum0)
  (count-package package-bag4 city-loc-1 pnum0)
  (count-package package-bag4 city-loc-1 pnum0)
  (count-package package-bag4 city-loc-1 pnum0)
  (count-package package-bag4 city-loc-1 pnum0)
  (count-package package-bag4 city-loc-1 pnum0)
  (count-package package-bag4 city-loc-1 pnum0)
  (count-package package-bag4 city-loc-1 pnum0)
  (count-package package-bag4 city-loc-1 pnum0)
  (count-package package-bag4 city-loc-1 pnum0)
  (count-package package-bag4 city-loc-1 pnum0)
  (count-package package-bag4 city-loc-1 pnum0)
  (count-package package-bag4 city-loc-1 pnum0)
  (count-package package-bag4 city-loc-1 pnum0)
  (count-package package-bag4 city-loc-1 pnum0)
  (count-package package-bag4 city-loc-1 pnum0)
  (count-package package-bag4 city-loc-1 pnum0)
  (count-package package-bag4 city-loc-1 pnum0)
  (count-package package-bag4 city-loc-1 pnum0)
  (count-package package-bag4 city-loc-1 pnum0)
  (count-package package-bag4 city-loc-1 pnum0)
  (count-package package-bag4 city-loc-1 pnum0)
  (count-package package-bag4 city-loc-1 pnum0)
  (count-package package-bag4 city-loc-1 pnum0)
  (count-package package-bag4 city-loc-1 pnum0)
  (count-package package-bag4 city-loc-1 pnum0)
  (count-package package-bag4 city-loc-1 pnum0)
  (count-package package-bag4 city-loc-1 pnum0)
  (count-package package-bag4 city-loc-1 pnum0)
  (count-package package-bag4 city-loc-1 pnum0)
  (count-package package-bag4 city-loc-1 pnum0)
  (count-package package-bag4 city-loc-1 pnum0)
  (count-package package-bag4 city-loc-1 pnum0)
  (count-package package-bag4 city-loc-1 pnum0)
  (count-package package-bag4 city-loc-1 pnum0)
  (count-package package-bag4 city-loc-1 pnum0)
  (count-package package-bag4 truck-1 pnum0)
  (count-package package-bag4 truck-2 pnum0)
  (count-package package-bag4 truck-3 pnum0)
  (count-package package-bag4 truck-4 pnum0)
  (count-package package-bag5 city-loc-1 pnum0)
  (count-package package-bag5 city-loc-1 pnum0)
  (count-package package-bag5 city-loc-1 pnum0)
  (count-package package-bag5 city-loc-1 pnum0)
  (count-package package-bag5 city-loc-1 pnum0)
  (count-package package-bag5 city-loc-1 pnum0)
  (count-package package-bag5 city-loc-1 pnum0)
  (count-package package-bag5 city-loc-1 pnum0)
  (count-package package-bag5 city-loc-1 pnum0)
  (count-package package-bag5 city-loc-1 pnum0)
  (count-package package-bag5 city-loc-1 pnum0)
  (count-package package-bag5 city-loc-1 pnum0)
  (count-package package-bag5 city-loc-1 pnum0)
  (count-package package-bag5 city-loc-1 pnum0)
  (count-package package-bag5 city-loc-1 pnum0)
  (count-package package-bag5 city-loc-1 pnum0)
  (count-package package-bag5 city-loc-1 pnum0)
  (count-package package-bag5 city-loc-1 pnum0)
  (count-package package-bag5 city-loc-1 pnum0)
  (count-package package-bag5 city-loc-1 pnum0)
  (count-package package-bag5 city-loc-1 pnum0)
  (count-package package-bag5 city-loc-1 pnum0)
  (count-package package-bag5 city-loc-1 pnum0)
  (count-package package-bag5 city-loc-1 pnum0)
  (count-package package-bag5 city-loc-1 pnum0)
  (count-package package-bag5 city-loc-1 pnum0)
  (count-package package-bag5 city-loc-1 pnum0)
  (count-package package-bag5 city-loc-1 pnum0)
  (count-package package-bag5 city-loc-1 pnum0)
  (count-package package-bag5 city-loc-1 pnum0)
  (count-package package-bag5 city-loc-1 pnum0)
  (count-package package-bag5 city-loc-1 pnum0)
  (count-package package-bag5 city-loc-1 pnum0)
  (count-package package-bag5 city-loc-1 pnum0)
  (count-package package-bag5 city-loc-1 pnum0)
  (count-package package-bag5 city-loc-1 pnum0)
  (count-package package-bag5 city-loc-1 pnum0)
  (count-package package-bag5 city-loc-1 pnum0)
  (count-package package-bag5 city-loc-1 pnum0)
  (count-package package-bag5 city-loc-1 pnum0)
  (count-package package-bag5 city-loc-1 pnum0)
  (count-package package-bag5 city-loc-1 pnum0)
  (count-package package-bag5 city-loc-1 pnum0)
  (count-package package-bag5 city-loc-1 pnum0)
  (count-package package-bag5 city-loc-1 pnum0)
  (count-package package-bag5 city-loc-1 pnum0)
  (count-package package-bag5 city-loc-1 pnum0)
  (count-package package-bag5 city-loc-1 pnum0)
  (count-package package-bag5 city-loc-1 pnum0)
  (count-package package-bag5 truck-1 pnum0)
  (count-package package-bag5 truck-2 pnum0)
  (count-package package-bag5 truck-3 pnum0)
  (count-package package-bag5 truck-4 pnum0)
  (count-package package-bag6 city-loc-1 pnum0)
  (count-package package-bag6 city-loc-1 pnum0)
  (count-package package-bag6 city-loc-1 pnum0)
  (count-package package-bag6 city-loc-1 pnum0)
  (count-package package-bag6 city-loc-1 pnum0)
  (count-package package-bag6 city-loc-1 pnum0)
  (count-package package-bag6 city-loc-1 pnum0)
  (count-package package-bag6 city-loc-1 pnum0)
  (count-package package-bag6 city-loc-1 pnum0)
  (count-package package-bag6 city-loc-1 pnum0)
  (count-package package-bag6 city-loc-1 pnum0)
  (count-package package-bag6 city-loc-1 pnum0)
  (count-package package-bag6 city-loc-1 pnum0)
  (count-package package-bag6 city-loc-1 pnum0)
  (count-package package-bag6 city-loc-1 pnum0)
  (count-package package-bag6 city-loc-1 pnum0)
  (count-package package-bag6 city-loc-1 pnum0)
  (count-package package-bag6 city-loc-1 pnum0)
  (count-package package-bag6 city-loc-1 pnum0)
  (count-package package-bag6 city-loc-1 pnum0)
  (count-package package-bag6 city-loc-1 pnum0)
  (count-package package-bag6 city-loc-1 pnum0)
  (count-package package-bag6 city-loc-1 pnum0)
  (count-package package-bag6 city-loc-1 pnum0)
  (count-package package-bag6 city-loc-1 pnum0)
  (count-package package-bag6 city-loc-1 pnum0)
  (count-package package-bag6 city-loc-1 pnum0)
  (count-package package-bag6 city-loc-1 pnum0)
  (count-package package-bag6 city-loc-1 pnum0)
  (count-package package-bag6 city-loc-1 pnum0)
  (count-package package-bag6 city-loc-1 pnum0)
  (count-package package-bag6 city-loc-1 pnum0)
  (count-package package-bag6 city-loc-1 pnum0)
  (count-package package-bag6 city-loc-1 pnum0)
  (count-package package-bag6 city-loc-1 pnum0)
  (count-package package-bag6 city-loc-1 pnum0)
  (count-package package-bag6 city-loc-1 pnum0)
  (count-package package-bag6 city-loc-1 pnum0)
  (count-package package-bag6 city-loc-1 pnum0)
  (count-package package-bag6 city-loc-1 pnum0)
  (count-package package-bag6 city-loc-1 pnum0)
  (count-package package-bag6 city-loc-1 pnum0)
  (count-package package-bag6 city-loc-1 pnum0)
  (count-package package-bag6 city-loc-1 pnum0)
  (count-package package-bag6 city-loc-1 pnum0)
  (count-package package-bag6 city-loc-1 pnum0)
  (count-package package-bag6 city-loc-1 pnum0)
  (count-package package-bag6 city-loc-1 pnum0)
  (count-package package-bag6 city-loc-1 pnum0)
  (count-package package-bag6 truck-1 pnum0)
  (count-package package-bag6 truck-2 pnum0)
  (count-package package-bag6 truck-3 pnum0)
  (count-package package-bag6 truck-4 pnum0)
  (count-package package-bag7 city-loc-1 pnum0)
  (count-package package-bag7 city-loc-1 pnum0)
  (count-package package-bag7 city-loc-1 pnum0)
  (count-package package-bag7 city-loc-1 pnum0)
  (count-package package-bag7 city-loc-1 pnum0)
  (count-package package-bag7 city-loc-1 pnum0)
  (count-package package-bag7 city-loc-1 pnum0)
  (count-package package-bag7 city-loc-1 pnum0)
  (count-package package-bag7 city-loc-1 pnum0)
  (count-package package-bag7 city-loc-1 pnum0)
  (count-package package-bag7 city-loc-1 pnum0)
  (count-package package-bag7 city-loc-1 pnum0)
  (count-package package-bag7 city-loc-1 pnum0)
  (count-package package-bag7 city-loc-1 pnum0)
  (count-package package-bag7 city-loc-1 pnum0)
  (count-package package-bag7 city-loc-1 pnum0)
  (count-package package-bag7 city-loc-1 pnum0)
  (count-package package-bag7 city-loc-1 pnum0)
  (count-package package-bag7 city-loc-1 pnum0)
  (count-package package-bag7 city-loc-1 pnum0)
  (count-package package-bag7 city-loc-1 pnum0)
  (count-package package-bag7 city-loc-1 pnum0)
  (count-package package-bag7 city-loc-1 pnum0)
  (count-package package-bag7 city-loc-1 pnum0)
  (count-package package-bag7 city-loc-1 pnum0)
  (count-package package-bag7 city-loc-1 pnum0)
  (count-package package-bag7 city-loc-1 pnum0)
  (count-package package-bag7 city-loc-1 pnum0)
  (count-package package-bag7 city-loc-1 pnum0)
  (count-package package-bag7 city-loc-1 pnum0)
  (count-package package-bag7 city-loc-1 pnum0)
  (count-package package-bag7 city-loc-1 pnum0)
  (count-package package-bag7 city-loc-1 pnum0)
  (count-package package-bag7 city-loc-1 pnum0)
  (count-package package-bag7 city-loc-1 pnum0)
  (count-package package-bag7 city-loc-1 pnum0)
  (count-package package-bag7 city-loc-1 pnum0)
  (count-package package-bag7 city-loc-1 pnum0)
  (count-package package-bag7 city-loc-1 pnum0)
  (count-package package-bag7 city-loc-1 pnum0)
  (count-package package-bag7 city-loc-1 pnum0)
  (count-package package-bag7 city-loc-1 pnum0)
  (count-package package-bag7 city-loc-1 pnum0)
  (count-package package-bag7 city-loc-1 pnum0)
  (count-package package-bag7 city-loc-1 pnum0)
  (count-package package-bag7 city-loc-1 pnum0)
  (count-package package-bag7 city-loc-1 pnum0)
  (count-package package-bag7 city-loc-1 pnum0)
  (count-package package-bag7 city-loc-1 pnum0)
  (count-package package-bag7 truck-1 pnum0)
  (count-package package-bag7 truck-2 pnum0)
  (count-package package-bag7 truck-3 pnum0)
  (count-package package-bag7 truck-4 pnum0)
  (count-package package-bag8 city-loc-1 pnum0)
  (count-package package-bag8 city-loc-1 pnum0)
  (count-package package-bag8 city-loc-1 pnum0)
  (count-package package-bag8 city-loc-1 pnum0)
  (count-package package-bag8 city-loc-1 pnum0)
  (count-package package-bag8 city-loc-1 pnum0)
  (count-package package-bag8 city-loc-1 pnum0)
  (count-package package-bag8 city-loc-1 pnum0)
  (count-package package-bag8 city-loc-1 pnum0)
  (count-package package-bag8 city-loc-1 pnum0)
  (count-package package-bag8 city-loc-1 pnum0)
  (count-package package-bag8 city-loc-1 pnum0)
  (count-package package-bag8 city-loc-1 pnum0)
  (count-package package-bag8 city-loc-1 pnum0)
  (count-package package-bag8 city-loc-1 pnum0)
  (count-package package-bag8 city-loc-1 pnum0)
  (count-package package-bag8 city-loc-1 pnum0)
  (count-package package-bag8 city-loc-1 pnum0)
  (count-package package-bag8 city-loc-1 pnum0)
  (count-package package-bag8 city-loc-1 pnum0)
  (count-package package-bag8 city-loc-1 pnum0)
  (count-package package-bag8 city-loc-1 pnum0)
  (count-package package-bag8 city-loc-1 pnum0)
  (count-package package-bag8 city-loc-1 pnum0)
  (count-package package-bag8 city-loc-1 pnum0)
  (count-package package-bag8 city-loc-1 pnum0)
  (count-package package-bag8 city-loc-1 pnum0)
  (count-package package-bag8 city-loc-1 pnum0)
  (count-package package-bag8 city-loc-1 pnum0)
  (count-package package-bag8 city-loc-1 pnum0)
  (count-package package-bag8 city-loc-1 pnum0)
  (count-package package-bag8 city-loc-1 pnum0)
  (count-package package-bag8 city-loc-1 pnum0)
  (count-package package-bag8 city-loc-1 pnum0)
  (count-package package-bag8 city-loc-1 pnum0)
  (count-package package-bag8 city-loc-1 pnum0)
  (count-package package-bag8 city-loc-1 pnum0)
  (count-package package-bag8 city-loc-1 pnum0)
  (count-package package-bag8 city-loc-1 pnum0)
  (count-package package-bag8 city-loc-1 pnum0)
  (count-package package-bag8 city-loc-1 pnum0)
  (count-package package-bag8 city-loc-1 pnum0)
  (count-package package-bag8 city-loc-1 pnum0)
  (count-package package-bag8 city-loc-1 pnum0)
  (count-package package-bag8 city-loc-1 pnum0)
  (count-package package-bag8 city-loc-1 pnum0)
  (count-package package-bag8 city-loc-1 pnum0)
  (count-package package-bag8 city-loc-1 pnum0)
  (count-package package-bag8 city-loc-1 pnum0)
  (count-package package-bag8 truck-1 pnum0)
  (count-package package-bag8 truck-2 pnum0)
  (count-package package-bag8 truck-3 pnum0)
  (count-package package-bag8 truck-4 pnum0)
  (count-package package-bag9 city-loc-1 pnum0)
  (count-package package-bag9 city-loc-1 pnum0)
  (count-package package-bag9 city-loc-1 pnum0)
  (count-package package-bag9 city-loc-1 pnum0)
  (count-package package-bag9 city-loc-1 pnum0)
  (count-package package-bag9 city-loc-1 pnum0)
  (count-package package-bag9 city-loc-1 pnum0)
  (count-package package-bag9 city-loc-1 pnum0)
  (count-package package-bag9 city-loc-1 pnum0)
  (count-package package-bag9 city-loc-1 pnum0)
  (count-package package-bag9 city-loc-1 pnum0)
  (count-package package-bag9 city-loc-1 pnum0)
  (count-package package-bag9 city-loc-1 pnum0)
  (count-package package-bag9 city-loc-1 pnum0)
  (count-package package-bag9 city-loc-1 pnum0)
  (count-package package-bag9 city-loc-1 pnum0)
  (count-package package-bag9 city-loc-1 pnum0)
  (count-package package-bag9 city-loc-1 pnum0)
  (count-package package-bag9 city-loc-1 pnum0)
  (count-package package-bag9 city-loc-1 pnum0)
  (count-package package-bag9 city-loc-1 pnum0)
  (count-package package-bag9 city-loc-1 pnum0)
  (count-package package-bag9 city-loc-1 pnum0)
  (count-package package-bag9 city-loc-1 pnum0)
  (count-package package-bag9 city-loc-1 pnum0)
  (count-package package-bag9 city-loc-1 pnum0)
  (count-package package-bag9 city-loc-1 pnum0)
  (count-package package-bag9 city-loc-1 pnum0)
  (count-package package-bag9 city-loc-1 pnum0)
  (count-package package-bag9 city-loc-1 pnum0)
  (count-package package-bag9 city-loc-1 pnum0)
  (count-package package-bag9 city-loc-1 pnum0)
  (count-package package-bag9 city-loc-1 pnum0)
  (count-package package-bag9 city-loc-1 pnum0)
  (count-package package-bag9 city-loc-1 pnum0)
  (count-package package-bag9 city-loc-1 pnum0)
  (count-package package-bag9 city-loc-1 pnum0)
  (count-package package-bag9 city-loc-1 pnum0)
  (count-package package-bag9 city-loc-1 pnum0)
  (count-package package-bag9 city-loc-1 pnum0)
  (count-package package-bag9 city-loc-1 pnum0)
  (count-package package-bag9 city-loc-1 pnum0)
  (count-package package-bag9 city-loc-1 pnum0)
  (count-package package-bag9 city-loc-1 pnum0)
  (count-package package-bag9 city-loc-1 pnum0)
  (count-package package-bag9 city-loc-1 pnum0)
  (count-package package-bag9 city-loc-1 pnum0)
  (count-package package-bag9 city-loc-1 pnum0)
  (count-package package-bag9 city-loc-1 pnum0)
  (count-package package-bag9 truck-1 pnum0)
  (count-package package-bag9 truck-2 pnum0)
  (count-package package-bag9 truck-3 pnum0)
  (count-package package-bag9 truck-4 pnum0)
  (count-package package-bag10 city-loc-1 pnum0)
  (count-package package-bag10 city-loc-1 pnum0)
  (count-package package-bag10 city-loc-1 pnum0)
  (count-package package-bag10 city-loc-1 pnum0)
  (count-package package-bag10 city-loc-1 pnum0)
  (count-package package-bag10 city-loc-1 pnum0)
  (count-package package-bag10 city-loc-1 pnum0)
  (count-package package-bag10 city-loc-1 pnum0)
  (count-package package-bag10 city-loc-1 pnum0)
  (count-package package-bag10 city-loc-1 pnum0)
  (count-package package-bag10 city-loc-1 pnum0)
  (count-package package-bag10 city-loc-1 pnum0)
  (count-package package-bag10 city-loc-1 pnum0)
  (count-package package-bag10 city-loc-1 pnum0)
  (count-package package-bag10 city-loc-1 pnum0)
  (count-package package-bag10 city-loc-1 pnum0)
  (count-package package-bag10 city-loc-1 pnum0)
  (count-package package-bag10 city-loc-1 pnum0)
  (count-package package-bag10 city-loc-1 pnum0)
  (count-package package-bag10 city-loc-1 pnum0)
  (count-package package-bag10 city-loc-1 pnum0)
  (count-package package-bag10 city-loc-1 pnum0)
  (count-package package-bag10 city-loc-1 pnum0)
  (count-package package-bag10 city-loc-1 pnum0)
  (count-package package-bag10 city-loc-1 pnum0)
  (count-package package-bag10 city-loc-1 pnum0)
  (count-package package-bag10 city-loc-1 pnum0)
  (count-package package-bag10 city-loc-1 pnum0)
  (count-package package-bag10 city-loc-1 pnum0)
  (count-package package-bag10 city-loc-1 pnum0)
  (count-package package-bag10 city-loc-1 pnum0)
  (count-package package-bag10 city-loc-1 pnum0)
  (count-package package-bag10 city-loc-1 pnum0)
  (count-package package-bag10 city-loc-1 pnum0)
  (count-package package-bag10 city-loc-1 pnum0)
  (count-package package-bag10 city-loc-1 pnum0)
  (count-package package-bag10 city-loc-1 pnum0)
  (count-package package-bag10 city-loc-1 pnum0)
  (count-package package-bag10 city-loc-1 pnum0)
  (count-package package-bag10 city-loc-1 pnum0)
  (count-package package-bag10 city-loc-1 pnum0)
  (count-package package-bag10 city-loc-1 pnum0)
  (count-package package-bag10 city-loc-1 pnum0)
  (count-package package-bag10 city-loc-1 pnum0)
  (count-package package-bag10 city-loc-1 pnum0)
  (count-package package-bag10 city-loc-1 pnum0)
  (count-package package-bag10 city-loc-1 pnum0)
  (count-package package-bag10 city-loc-1 pnum0)
  (count-package package-bag10 city-loc-1 pnum0)
  (count-package package-bag10 truck-1 pnum0)
  (count-package package-bag10 truck-2 pnum0)
  (count-package package-bag10 truck-3 pnum0)
  (count-package package-bag10 truck-4 pnum0)
  (count-package package-bag11 city-loc-1 pnum0)
  (count-package package-bag11 city-loc-1 pnum0)
  (count-package package-bag11 city-loc-1 pnum0)
  (count-package package-bag11 city-loc-1 pnum0)
  (count-package package-bag11 city-loc-1 pnum0)
  (count-package package-bag11 city-loc-1 pnum0)
  (count-package package-bag11 city-loc-1 pnum0)
  (count-package package-bag11 city-loc-1 pnum0)
  (count-package package-bag11 city-loc-1 pnum0)
  (count-package package-bag11 city-loc-1 pnum0)
  (count-package package-bag11 city-loc-1 pnum0)
  (count-package package-bag11 city-loc-1 pnum0)
  (count-package package-bag11 city-loc-1 pnum0)
  (count-package package-bag11 city-loc-1 pnum0)
  (count-package package-bag11 city-loc-1 pnum0)
  (count-package package-bag11 city-loc-1 pnum0)
  (count-package package-bag11 city-loc-1 pnum0)
  (count-package package-bag11 city-loc-1 pnum0)
  (count-package package-bag11 city-loc-1 pnum0)
  (count-package package-bag11 city-loc-1 pnum0)
  (count-package package-bag11 city-loc-1 pnum0)
  (count-package package-bag11 city-loc-1 pnum0)
  (count-package package-bag11 city-loc-1 pnum0)
  (count-package package-bag11 city-loc-1 pnum0)
  (count-package package-bag11 city-loc-1 pnum0)
  (count-package package-bag11 city-loc-1 pnum0)
  (count-package package-bag11 city-loc-1 pnum0)
  (count-package package-bag11 city-loc-1 pnum0)
  (count-package package-bag11 city-loc-1 pnum0)
  (count-package package-bag11 city-loc-1 pnum0)
  (count-package package-bag11 city-loc-1 pnum0)
  (count-package package-bag11 city-loc-1 pnum0)
  (count-package package-bag11 city-loc-1 pnum0)
  (count-package package-bag11 city-loc-1 pnum0)
  (count-package package-bag11 city-loc-1 pnum0)
  (count-package package-bag11 city-loc-1 pnum0)
  (count-package package-bag11 city-loc-1 pnum0)
  (count-package package-bag11 city-loc-1 pnum0)
  (count-package package-bag11 city-loc-1 pnum0)
  (count-package package-bag11 city-loc-1 pnum0)
  (count-package package-bag11 city-loc-1 pnum0)
  (count-package package-bag11 city-loc-1 pnum0)
  (count-package package-bag11 city-loc-1 pnum0)
  (count-package package-bag11 city-loc-1 pnum0)
  (count-package package-bag11 city-loc-1 pnum0)
  (count-package package-bag11 city-loc-1 pnum0)
  (count-package package-bag11 city-loc-1 pnum0)
  (count-package package-bag11 city-loc-1 pnum0)
  (count-package package-bag11 city-loc-1 pnum0)
  (count-package package-bag11 truck-1 pnum0)
  (count-package package-bag11 truck-2 pnum0)
  (count-package package-bag11 truck-3 pnum0)
  (count-package package-bag11 truck-4 pnum0)
  (count-package package-bag12 city-loc-1 pnum0)
  (count-package package-bag12 city-loc-1 pnum0)
  (count-package package-bag12 city-loc-1 pnum0)
  (count-package package-bag12 city-loc-1 pnum0)
  (count-package package-bag12 city-loc-1 pnum0)
  (count-package package-bag12 city-loc-1 pnum0)
  (count-package package-bag12 city-loc-1 pnum0)
  (count-package package-bag12 city-loc-1 pnum0)
  (count-package package-bag12 city-loc-1 pnum0)
  (count-package package-bag12 city-loc-1 pnum0)
  (count-package package-bag12 city-loc-1 pnum0)
  (count-package package-bag12 city-loc-1 pnum0)
  (count-package package-bag12 city-loc-1 pnum0)
  (count-package package-bag12 city-loc-1 pnum0)
  (count-package package-bag12 city-loc-1 pnum0)
  (count-package package-bag12 city-loc-1 pnum0)
  (count-package package-bag12 city-loc-1 pnum0)
  (count-package package-bag12 city-loc-1 pnum0)
  (count-package package-bag12 city-loc-1 pnum0)
  (count-package package-bag12 city-loc-1 pnum0)
  (count-package package-bag12 city-loc-1 pnum0)
  (count-package package-bag12 city-loc-1 pnum0)
  (count-package package-bag12 city-loc-1 pnum0)
  (count-package package-bag12 city-loc-1 pnum0)
  (count-package package-bag12 city-loc-1 pnum0)
  (count-package package-bag12 city-loc-1 pnum0)
  (count-package package-bag12 city-loc-1 pnum0)
  (count-package package-bag12 city-loc-1 pnum0)
  (count-package package-bag12 city-loc-1 pnum0)
  (count-package package-bag12 city-loc-1 pnum0)
  (count-package package-bag12 city-loc-1 pnum0)
  (count-package package-bag12 city-loc-1 pnum0)
  (count-package package-bag12 city-loc-1 pnum0)
  (count-package package-bag12 city-loc-1 pnum0)
  (count-package package-bag12 city-loc-1 pnum0)
  (count-package package-bag12 city-loc-1 pnum0)
  (count-package package-bag12 city-loc-1 pnum0)
  (count-package package-bag12 city-loc-1 pnum0)
  (count-package package-bag12 city-loc-1 pnum0)
  (count-package package-bag12 city-loc-1 pnum0)
  (count-package package-bag12 city-loc-1 pnum0)
  (count-package package-bag12 city-loc-1 pnum0)
  (count-package package-bag12 city-loc-1 pnum0)
  (count-package package-bag12 city-loc-1 pnum0)
  (count-package package-bag12 city-loc-1 pnum0)
  (count-package package-bag12 city-loc-1 pnum0)
  (count-package package-bag12 city-loc-1 pnum0)
  (count-package package-bag12 city-loc-1 pnum0)
  (count-package package-bag12 city-loc-1 pnum0)
  (count-package package-bag12 truck-1 pnum0)
  (count-package package-bag12 truck-2 pnum0)
  (count-package package-bag12 truck-3 pnum0)
  (count-package package-bag12 truck-4 pnum0)
  (count-package package-bag13 city-loc-1 pnum0)
  (count-package package-bag13 city-loc-1 pnum0)
  (count-package package-bag13 city-loc-1 pnum0)
  (count-package package-bag13 city-loc-1 pnum0)
  (count-package package-bag13 city-loc-1 pnum0)
  (count-package package-bag13 city-loc-1 pnum0)
  (count-package package-bag13 city-loc-1 pnum0)
  (count-package package-bag13 city-loc-1 pnum0)
  (count-package package-bag13 city-loc-1 pnum0)
  (count-package package-bag13 city-loc-1 pnum0)
  (count-package package-bag13 city-loc-1 pnum0)
  (count-package package-bag13 city-loc-1 pnum0)
  (count-package package-bag13 city-loc-1 pnum0)
  (count-package package-bag13 city-loc-1 pnum0)
  (count-package package-bag13 city-loc-1 pnum0)
  (count-package package-bag13 city-loc-1 pnum0)
  (count-package package-bag13 city-loc-1 pnum0)
  (count-package package-bag13 city-loc-1 pnum0)
  (count-package package-bag13 city-loc-1 pnum0)
  (count-package package-bag13 city-loc-1 pnum0)
  (count-package package-bag13 city-loc-1 pnum0)
  (count-package package-bag13 city-loc-1 pnum0)
  (count-package package-bag13 city-loc-1 pnum0)
  (count-package package-bag13 city-loc-1 pnum0)
  (count-package package-bag13 city-loc-1 pnum0)
  (count-package package-bag13 city-loc-1 pnum0)
  (count-package package-bag13 city-loc-1 pnum0)
  (count-package package-bag13 city-loc-1 pnum0)
  (count-package package-bag13 city-loc-1 pnum0)
  (count-package package-bag13 city-loc-1 pnum0)
  (count-package package-bag13 city-loc-1 pnum0)
  (count-package package-bag13 city-loc-1 pnum0)
  (count-package package-bag13 city-loc-1 pnum0)
  (count-package package-bag13 city-loc-1 pnum0)
  (count-package package-bag13 city-loc-1 pnum0)
  (count-package package-bag13 city-loc-1 pnum0)
  (count-package package-bag13 city-loc-1 pnum0)
  (count-package package-bag13 city-loc-1 pnum0)
  (count-package package-bag13 city-loc-1 pnum0)
  (count-package package-bag13 city-loc-1 pnum0)
  (count-package package-bag13 city-loc-1 pnum0)
  (count-package package-bag13 city-loc-1 pnum0)
  (count-package package-bag13 city-loc-1 pnum0)
  (count-package package-bag13 city-loc-1 pnum0)
  (count-package package-bag13 city-loc-1 pnum0)
  (count-package package-bag13 city-loc-1 pnum0)
  (count-package package-bag13 city-loc-1 pnum0)
  (count-package package-bag13 city-loc-1 pnum0)
  (count-package package-bag13 city-loc-1 pnum0)
  (count-package package-bag13 truck-1 pnum0)
  (count-package package-bag13 truck-2 pnum0)
  (count-package package-bag13 truck-3 pnum0)
  (count-package package-bag13 truck-4 pnum0)
  (count-package package-bag14 city-loc-1 pnum0)
  (count-package package-bag14 city-loc-1 pnum0)
  (count-package package-bag14 city-loc-1 pnum0)
  (count-package package-bag14 city-loc-1 pnum0)
  (count-package package-bag14 city-loc-1 pnum0)
  (count-package package-bag14 city-loc-1 pnum0)
  (count-package package-bag14 city-loc-1 pnum0)
  (count-package package-bag14 city-loc-1 pnum0)
  (count-package package-bag14 city-loc-1 pnum0)
  (count-package package-bag14 city-loc-1 pnum0)
  (count-package package-bag14 city-loc-1 pnum0)
  (count-package package-bag14 city-loc-1 pnum0)
  (count-package package-bag14 city-loc-1 pnum0)
  (count-package package-bag14 city-loc-1 pnum0)
  (count-package package-bag14 city-loc-1 pnum0)
  (count-package package-bag14 city-loc-1 pnum0)
  (count-package package-bag14 city-loc-1 pnum0)
  (count-package package-bag14 city-loc-1 pnum0)
  (count-package package-bag14 city-loc-1 pnum0)
  (count-package package-bag14 city-loc-1 pnum0)
  (count-package package-bag14 city-loc-1 pnum0)
  (count-package package-bag14 city-loc-1 pnum0)
  (count-package package-bag14 city-loc-1 pnum0)
  (count-package package-bag14 city-loc-1 pnum0)
  (count-package package-bag14 city-loc-1 pnum0)
  (count-package package-bag14 city-loc-1 pnum0)
  (count-package package-bag14 city-loc-1 pnum0)
  (count-package package-bag14 city-loc-1 pnum0)
  (count-package package-bag14 city-loc-1 pnum0)
  (count-package package-bag14 city-loc-1 pnum0)
  (count-package package-bag14 city-loc-1 pnum0)
  (count-package package-bag14 city-loc-1 pnum0)
  (count-package package-bag14 city-loc-1 pnum0)
  (count-package package-bag14 city-loc-1 pnum0)
  (count-package package-bag14 city-loc-1 pnum0)
  (count-package package-bag14 city-loc-1 pnum0)
  (count-package package-bag14 city-loc-1 pnum0)
  (count-package package-bag14 city-loc-1 pnum0)
  (count-package package-bag14 city-loc-1 pnum0)
  (count-package package-bag14 city-loc-1 pnum0)
  (count-package package-bag14 city-loc-1 pnum0)
  (count-package package-bag14 city-loc-1 pnum0)
  (count-package package-bag14 city-loc-1 pnum0)
  (count-package package-bag14 city-loc-1 pnum0)
  (count-package package-bag14 city-loc-1 pnum0)
  (count-package package-bag14 city-loc-1 pnum0)
  (count-package package-bag14 city-loc-1 pnum0)
  (count-package package-bag14 city-loc-1 pnum0)
  (count-package package-bag14 city-loc-1 pnum0)
  (count-package package-bag14 truck-1 pnum0)
  (count-package package-bag14 truck-2 pnum0)
  (count-package package-bag14 truck-3 pnum0)
  (count-package package-bag14 truck-4 pnum0)
  (count-package package-bag15 city-loc-1 pnum0)
  (count-package package-bag15 city-loc-1 pnum0)
  (count-package package-bag15 city-loc-1 pnum0)
  (count-package package-bag15 city-loc-1 pnum0)
  (count-package package-bag15 city-loc-1 pnum0)
  (count-package package-bag15 city-loc-1 pnum0)
  (count-package package-bag15 city-loc-1 pnum0)
  (count-package package-bag15 city-loc-1 pnum0)
  (count-package package-bag15 city-loc-1 pnum0)
  (count-package package-bag15 city-loc-1 pnum0)
  (count-package package-bag15 city-loc-1 pnum0)
  (count-package package-bag15 city-loc-1 pnum0)
  (count-package package-bag15 city-loc-1 pnum0)
  (count-package package-bag15 city-loc-1 pnum0)
  (count-package package-bag15 city-loc-1 pnum0)
  (count-package package-bag15 city-loc-1 pnum0)
  (count-package package-bag15 city-loc-1 pnum0)
  (count-package package-bag15 city-loc-1 pnum0)
  (count-package package-bag15 city-loc-1 pnum0)
  (count-package package-bag15 city-loc-1 pnum0)
  (count-package package-bag15 city-loc-1 pnum0)
  (count-package package-bag15 city-loc-1 pnum0)
  (count-package package-bag15 city-loc-1 pnum0)
  (count-package package-bag15 city-loc-1 pnum0)
  (count-package package-bag15 city-loc-1 pnum0)
  (count-package package-bag15 city-loc-1 pnum0)
  (count-package package-bag15 city-loc-1 pnum0)
  (count-package package-bag15 city-loc-1 pnum0)
  (count-package package-bag15 city-loc-1 pnum0)
  (count-package package-bag15 city-loc-1 pnum0)
  (count-package package-bag15 city-loc-1 pnum0)
  (count-package package-bag15 city-loc-1 pnum0)
  (count-package package-bag15 city-loc-1 pnum0)
  (count-package package-bag15 city-loc-1 pnum0)
  (count-package package-bag15 city-loc-1 pnum0)
  (count-package package-bag15 city-loc-1 pnum0)
  (count-package package-bag15 city-loc-1 pnum0)
  (count-package package-bag15 city-loc-1 pnum0)
  (count-package package-bag15 city-loc-1 pnum0)
  (count-package package-bag15 city-loc-1 pnum0)
  (count-package package-bag15 city-loc-1 pnum0)
  (count-package package-bag15 city-loc-1 pnum0)
  (count-package package-bag15 city-loc-1 pnum0)
  (count-package package-bag15 city-loc-1 pnum0)
  (count-package package-bag15 city-loc-1 pnum0)
  (count-package package-bag15 city-loc-1 pnum0)
  (count-package package-bag15 city-loc-1 pnum0)
  (count-package package-bag15 city-loc-1 pnum0)
  (count-package package-bag15 city-loc-1 pnum0)
  (count-package package-bag15 truck-1 pnum0)
  (count-package package-bag15 truck-2 pnum0)
  (count-package package-bag15 truck-3 pnum0)
  (count-package package-bag15 truck-4 pnum0)
  (count-package package-bag16 city-loc-1 pnum0)
  (count-package package-bag16 city-loc-1 pnum0)
  (count-package package-bag16 city-loc-1 pnum0)
  (count-package package-bag16 city-loc-1 pnum0)
  (count-package package-bag16 city-loc-1 pnum0)
  (count-package package-bag16 city-loc-1 pnum0)
  (count-package package-bag16 city-loc-1 pnum0)
  (count-package package-bag16 city-loc-1 pnum0)
  (count-package package-bag16 city-loc-1 pnum0)
  (count-package package-bag16 city-loc-1 pnum0)
  (count-package package-bag16 city-loc-1 pnum0)
  (count-package package-bag16 city-loc-1 pnum0)
  (count-package package-bag16 city-loc-1 pnum0)
  (count-package package-bag16 city-loc-1 pnum0)
  (count-package package-bag16 city-loc-1 pnum0)
  (count-package package-bag16 city-loc-1 pnum0)
  (count-package package-bag16 city-loc-1 pnum0)
  (count-package package-bag16 city-loc-1 pnum0)
  (count-package package-bag16 city-loc-1 pnum0)
  (count-package package-bag16 city-loc-1 pnum0)
  (count-package package-bag16 city-loc-1 pnum0)
  (count-package package-bag16 city-loc-1 pnum0)
  (count-package package-bag16 city-loc-1 pnum0)
  (count-package package-bag16 city-loc-1 pnum0)
  (count-package package-bag16 city-loc-1 pnum0)
  (count-package package-bag16 city-loc-1 pnum0)
  (count-package package-bag16 city-loc-1 pnum0)
  (count-package package-bag16 city-loc-1 pnum0)
  (count-package package-bag16 city-loc-1 pnum0)
  (count-package package-bag16 city-loc-1 pnum0)
  (count-package package-bag16 city-loc-1 pnum0)
  (count-package package-bag16 city-loc-1 pnum0)
  (count-package package-bag16 city-loc-1 pnum0)
  (count-package package-bag16 city-loc-1 pnum0)
  (count-package package-bag16 city-loc-1 pnum0)
  (count-package package-bag16 city-loc-1 pnum0)
  (count-package package-bag16 city-loc-1 pnum0)
  (count-package package-bag16 city-loc-1 pnum0)
  (count-package package-bag16 city-loc-1 pnum0)
  (count-package package-bag16 city-loc-1 pnum0)
  (count-package package-bag16 city-loc-1 pnum0)
  (count-package package-bag16 city-loc-1 pnum0)
  (count-package package-bag16 city-loc-1 pnum0)
  (count-package package-bag16 city-loc-1 pnum0)
  (count-package package-bag16 city-loc-1 pnum0)
  (count-package package-bag16 city-loc-1 pnum0)
  (count-package package-bag16 city-loc-1 pnum0)
  (count-package package-bag16 city-loc-1 pnum0)
  (count-package package-bag16 city-loc-1 pnum0)
  (count-package package-bag16 truck-1 pnum0)
  (count-package package-bag16 truck-2 pnum0)
  (count-package package-bag16 truck-3 pnum0)
  (count-package package-bag16 truck-4 pnum0)
  (count-package package-bag17 city-loc-1 pnum0)
  (count-package package-bag17 city-loc-1 pnum0)
  (count-package package-bag17 city-loc-1 pnum0)
  (count-package package-bag17 city-loc-1 pnum0)
  (count-package package-bag17 city-loc-1 pnum0)
  (count-package package-bag17 city-loc-1 pnum0)
  (count-package package-bag17 city-loc-1 pnum0)
  (count-package package-bag17 city-loc-1 pnum0)
  (count-package package-bag17 city-loc-1 pnum0)
  (count-package package-bag17 city-loc-1 pnum0)
  (count-package package-bag17 city-loc-1 pnum0)
  (count-package package-bag17 city-loc-1 pnum0)
  (count-package package-bag17 city-loc-1 pnum0)
  (count-package package-bag17 city-loc-1 pnum0)
  (count-package package-bag17 city-loc-1 pnum0)
  (count-package package-bag17 city-loc-1 pnum0)
  (count-package package-bag17 city-loc-1 pnum0)
  (count-package package-bag17 city-loc-1 pnum0)
  (count-package package-bag17 city-loc-1 pnum0)
  (count-package package-bag17 city-loc-1 pnum0)
  (count-package package-bag17 city-loc-1 pnum0)
  (count-package package-bag17 city-loc-1 pnum0)
  (count-package package-bag17 city-loc-1 pnum0)
  (count-package package-bag17 city-loc-1 pnum0)
  (count-package package-bag17 city-loc-1 pnum0)
  (count-package package-bag17 city-loc-1 pnum0)
  (count-package package-bag17 city-loc-1 pnum0)
  (count-package package-bag17 city-loc-1 pnum0)
  (count-package package-bag17 city-loc-1 pnum0)
  (count-package package-bag17 city-loc-1 pnum0)
  (count-package package-bag17 city-loc-1 pnum0)
  (count-package package-bag17 city-loc-1 pnum0)
  (count-package package-bag17 city-loc-1 pnum0)
  (count-package package-bag17 city-loc-1 pnum0)
  (count-package package-bag17 city-loc-1 pnum0)
  (count-package package-bag17 city-loc-1 pnum0)
  (count-package package-bag17 city-loc-1 pnum0)
  (count-package package-bag17 city-loc-1 pnum0)
  (count-package package-bag17 city-loc-1 pnum0)
  (count-package package-bag17 city-loc-1 pnum0)
  (count-package package-bag17 city-loc-1 pnum0)
  (count-package package-bag17 city-loc-1 pnum0)
  (count-package package-bag17 city-loc-1 pnum0)
  (count-package package-bag17 city-loc-1 pnum0)
  (count-package package-bag17 city-loc-1 pnum0)
  (count-package package-bag17 city-loc-1 pnum0)
  (count-package package-bag17 city-loc-1 pnum0)
  (count-package package-bag17 city-loc-1 pnum0)
  (count-package package-bag17 city-loc-1 pnum0)
  (count-package package-bag17 truck-1 pnum0)
  (count-package package-bag17 truck-2 pnum0)
  (count-package package-bag17 truck-3 pnum0)
  (count-package package-bag17 truck-4 pnum0)
  (count-package package-bag18 city-loc-1 pnum0)
  (count-package package-bag18 city-loc-1 pnum0)
  (count-package package-bag18 city-loc-1 pnum0)
  (count-package package-bag18 city-loc-1 pnum0)
  (count-package package-bag18 city-loc-1 pnum0)
  (count-package package-bag18 city-loc-1 pnum0)
  (count-package package-bag18 city-loc-1 pnum0)
  (count-package package-bag18 city-loc-1 pnum0)
  (count-package package-bag18 city-loc-1 pnum0)
  (count-package package-bag18 city-loc-1 pnum0)
  (count-package package-bag18 city-loc-1 pnum0)
  (count-package package-bag18 city-loc-1 pnum0)
  (count-package package-bag18 city-loc-1 pnum0)
  (count-package package-bag18 city-loc-1 pnum0)
  (count-package package-bag18 city-loc-1 pnum0)
  (count-package package-bag18 city-loc-1 pnum0)
  (count-package package-bag18 city-loc-1 pnum0)
  (count-package package-bag18 city-loc-1 pnum0)
  (count-package package-bag18 city-loc-1 pnum0)
  (count-package package-bag18 city-loc-1 pnum0)
  (count-package package-bag18 city-loc-1 pnum0)
  (count-package package-bag18 city-loc-1 pnum0)
  (count-package package-bag18 city-loc-1 pnum0)
  (count-package package-bag18 city-loc-1 pnum0)
  (count-package package-bag18 city-loc-1 pnum0)
  (count-package package-bag18 city-loc-1 pnum0)
  (count-package package-bag18 city-loc-1 pnum0)
  (count-package package-bag18 city-loc-1 pnum0)
  (count-package package-bag18 city-loc-1 pnum0)
  (count-package package-bag18 city-loc-1 pnum0)
  (count-package package-bag18 city-loc-1 pnum0)
  (count-package package-bag18 city-loc-1 pnum0)
  (count-package package-bag18 city-loc-1 pnum0)
  (count-package package-bag18 city-loc-1 pnum0)
  (count-package package-bag18 city-loc-1 pnum0)
  (count-package package-bag18 city-loc-1 pnum0)
  (count-package package-bag18 city-loc-1 pnum0)
  (count-package package-bag18 city-loc-1 pnum0)
  (count-package package-bag18 city-loc-1 pnum0)
  (count-package package-bag18 city-loc-1 pnum0)
  (count-package package-bag18 city-loc-1 pnum0)
  (count-package package-bag18 city-loc-1 pnum0)
  (count-package package-bag18 city-loc-1 pnum0)
  (count-package package-bag18 city-loc-1 pnum0)
  (count-package package-bag18 city-loc-1 pnum0)
  (count-package package-bag18 city-loc-1 pnum0)
  (count-package package-bag18 city-loc-1 pnum0)
  (count-package package-bag18 city-loc-1 pnum0)
  (count-package package-bag18 city-loc-1 pnum0)
  (count-package package-bag18 truck-1 pnum0)
  (count-package package-bag18 truck-2 pnum0)
  (count-package package-bag18 truck-3 pnum0)
  (count-package package-bag18 truck-4 pnum0)
  S:(package-bag-size package-bag1 pnum3)
  S:(package-bag-size package-bag2 pnum3)
  S:(package-bag-size package-bag3 pnum2)
  S:(package-bag-size package-bag4 pnum2)
  S:(package-bag-size package-bag5 pnum2)
  S:(package-bag-size package-bag6 pnum1)
  S:(package-bag-size package-bag7 pnum1)
  S:(package-bag-size package-bag8 pnum1)
  S:(package-bag-size package-bag9 pnum1)
  S:(package-bag-size package-bag10 pnum1)
  S:(package-bag-size package-bag11 pnum1)
  S:(package-bag-size package-bag12 pnum1)
  S:(package-bag-size package-bag13 pnum1)
  S:(package-bag-size package-bag14 pnum1)
  S:(package-bag-size package-bag15 pnum1)
  S:(package-bag-size package-bag16 pnum1)
  S:(package-bag-size package-bag17 pnum1)
  S:(package-bag-size package-bag18 pnum1)
  S:(package-lte-sum pnum0 pnum0 pnum3)
  S:(package-lte-sum pnum0 pnum1 pnum3)
  S:(package-lte-sum pnum0 pnum2 pnum3)
  S:(package-lte-sum pnum0 pnum3 pnum3)
  S:(package-lte-sum pnum1 pnum0 pnum3)
  S:(package-lte-sum pnum1 pnum1 pnum3)
  S:(package-lte-sum pnum1 pnum2 pnum3)
  S:(package-lte-sum pnum2 pnum0 pnum3)
  S:(package-lte-sum pnum2 pnum1 pnum3)
  S:(package-lte-sum pnum3 pnum0 pnum3)
  S:(package-lte-sum pnum0 pnum0 pnum2)
  S:(package-lte-sum pnum0 pnum1 pnum2)
  S:(package-lte-sum pnum0 pnum2 pnum2)
  S:(package-lte-sum pnum1 pnum0 pnum2)
  S:(package-lte-sum pnum1 pnum1 pnum2)
  S:(package-lte-sum pnum2 pnum0 pnum2)
  S:(package-lte-sum pnum0 pnum0 pnum1)
  S:(package-lte-sum pnum0 pnum1 pnum1)
  S:(package-lte-sum pnum1 pnum0 pnum1)
Init[201]:
  (= (total-cost) 0)
  (= (road-length city-loc-1 city-loc-1) 18)
  (= (road-length city-loc-1 city-loc-1) 18)
  (= (road-length city-loc-1 city-loc-1) 17)
  (= (road-length city-loc-1 city-loc-1) 17)
  (= (road-length city-loc-1 city-loc-1) 14)
  (= (road-length city-loc-1 city-loc-1) 14)
  (= (road-length city-loc-1 city-loc-1) 18)
  (= (road-length city-loc-1 city-loc-1) 18)
  (= (road-length city-loc-1 city-loc-1) 18)
  (= (road-length city-loc-1 city-loc-1) 18)
  (= (road-length city-loc-1 city-loc-1) 16)
  (= (road-length city-loc-1 city-loc-1) 16)
  (= (road-length city-loc-1 city-loc-1) 18)
  (= (road-length city-loc-1 city-loc-1) 18)
  (= (road-length city-loc-1 city-loc-1) 16)
  (= (road-length city-loc-1 city-loc-1) 16)
  (= (road-length city-loc-1 city-loc-1) 16)
  (= (road-length city-loc-1 city-loc-1) 16)
  (= (road-length city-loc-1 city-loc-1) 17)
  (= (road-length city-loc-1 city-loc-1) 17)
  (= (road-length city-loc-1 city-loc-1) 15)
  (= (road-length city-loc-1 city-loc-1) 15)
  (= (road-length city-loc-1 city-loc-1) 12)
  (= (road-length city-loc-1 city-loc-1) 12)
  (= (road-length city-loc-1 city-loc-1) 14)
  (= (road-length city-loc-1 city-loc-1) 14)
  (= (road-length city-loc-1 city-loc-1) 11)
  (= (road-length city-loc-1 city-loc-1) 11)
  (= (road-length city-loc-1 city-loc-1) 14)
  (= (road-length city-loc-1 city-loc-1) 14)
  (= (road-length city-loc-1 city-loc-1) 18)
  (= (road-length city-loc-1 city-loc-1) 18)
  (= (road-length city-loc-1 city-loc-1) 16)
  (= (road-length city-loc-1 city-loc-1) 16)
  (= (road-length city-loc-1 city-loc-1) 16)
  (= (road-length city-loc-1 city-loc-1) 16)
  (= (road-length city-loc-1 city-loc-1) 13)
  (= (road-length city-loc-1 city-loc-1) 13)
  (= (road-length city-loc-1 city-loc-1) 17)
  (= (road-length city-loc-1 city-loc-1) 17)
  (= (road-length city-loc-1 city-loc-1) 12)
  (= (road-length city-loc-1 city-loc-1) 12)
  (= (road-length city-loc-1 city-loc-1) 16)
  (= (road-length city-loc-1 city-loc-1) 16)
  (= (road-length city-loc-1 city-loc-1) 17)
  (= (road-length city-loc-1 city-loc-1) 17)
  (= (road-length city-loc-1 city-loc-1) 14)
  (= (road-length city-loc-1 city-loc-1) 14)
  (= (road-length city-loc-1 city-loc-1) 13)
  (= (road-length city-loc-1 city-loc-1) 13)
  (= (road-length city-loc-1 city-loc-1) 13)
  (= (road-length city-loc-1 city-loc-1) 13)
  (= (road-length city-loc-1 city-loc-1) 13)
  (= (road-length city-loc-1 city-loc-1) 13)
  (= (road-length city-loc-1 city-loc-1) 19)
  (= (road-length city-loc-1 city-loc-1) 19)
  (= (road-length city-loc-1 city-loc-1) 17)
  (= (road-length city-loc-1 city-loc-1) 17)
  (= (road-length city-loc-1 city-loc-1) 18)
  (= (road-length city-loc-1 city-loc-1) 18)
  (= (road-length city-loc-1 city-loc-1) 15)
  (= (road-length city-loc-1 city-loc-1) 15)
  (= (road-length city-loc-1 city-loc-1) 13)
  (= (road-length city-loc-1 city-loc-1) 13)
  (= (road-length city-loc-1 city-loc-1) 14)
  (= (road-length city-loc-1 city-loc-1) 14)
  (= (road-length city-loc-1 city-loc-1) 16)
  (= (road-length city-loc-1 city-loc-1) 16)
  (= (road-length city-loc-1 city-loc-1) 19)
  (= (road-length city-loc-1 city-loc-1) 19)
  (= (road-length city-loc-1 city-loc-1) 13)
  (= (road-length city-loc-1 city-loc-1) 13)
  (= (road-length city-loc-1 city-loc-1) 16)
  (= (road-length city-loc-1 city-loc-1) 16)
  (= (road-length city-loc-1 city-loc-1) 14)
  (= (road-length city-loc-1 city-loc-1) 14)
  (= (road-length city-loc-1 city-loc-1) 18)
  (= (road-length city-loc-1 city-loc-1) 18)
  (= (road-length city-loc-1 city-loc-1) 18)
  (= (road-length city-loc-1 city-loc-1) 18)
  (= (road-length city-loc-1 city-loc-1) 19)
  (= (road-length city-loc-1 city-loc-1) 19)
  (= (road-length city-loc-1 city-loc-1) 11)
  (= (road-length city-loc-1 city-loc-1) 11)
  (= (road-length city-loc-1 city-loc-1) 13)
  (= (road-length city-loc-1 city-loc-1) 13)
  (= (road-length city-loc-1 city-loc-1) 17)
  (= (road-length city-loc-1 city-loc-1) 17)
  (= (road-length city-loc-1 city-loc-1) 16)
  (= (road-length city-loc-1 city-loc-1) 16)
  (= (road-length city-loc-1 city-loc-1) 19)
  (= (road-length city-loc-1 city-loc-1) 19)
  (= (road-length city-loc-1 city-loc-1) 16)
  (= (road-length city-loc-1 city-loc-1) 16)
  (= (road-length city-loc-1 city-loc-1) 17)
  (= (road-length city-loc-1 city-loc-1) 17)
  (= (road-length city-loc-1 city-loc-1) 12)
  (= (road-length city-loc-1 city-loc-1) 12)
  (= (road-length city-loc-1 city-loc-1) 15)
  (= (road-length city-loc-1 city-loc-1) 15)
  (= (road-length city-loc-1 city-loc-1) 11)
  (= (road-length city-loc-1 city-loc-1) 11)
  (= (road-length city-loc-1 city-loc-1) 13)
  (= (road-length city-loc-1 city-loc-1) 13)
  (= (road-length city-loc-1 city-loc-1) 11)
  (= (road-length city-loc-1 city-loc-1) 11)
  (= (road-length city-loc-1 city-loc-1) 16)
  (= (road-length city-loc-1 city-loc-1) 16)
  (= (road-length city-loc-1 city-loc-1) 11)
  (= (road-length city-loc-1 city-loc-1) 11)
  (= (road-length city-loc-1 city-loc-1) 16)
  (= (road-length city-loc-1 city-loc-1) 16)
  (= (road-length city-loc-1 city-loc-1) 16)
  (= (road-length city-loc-1 city-loc-1) 16)
  (= (road-length city-loc-1 city-loc-1) 17)
  (= (road-length city-loc-1 city-loc-1) 17)
  (= (road-length city-loc-1 city-loc-1) 11)
  (= (road-length city-loc-1 city-loc-1) 11)
  (= (road-length city-loc-1 city-loc-1) 14)
  (= (road-length city-loc-1 city-loc-1) 14)
  (= (road-length city-loc-1 city-loc-1) 12)
  (= (road-length city-loc-1 city-loc-1) 12)
  (= (road-length city-loc-1 city-loc-1) 13)
  (= (road-length city-loc-1 city-loc-1) 13)
  (= (road-length city-loc-1 city-loc-1) 18)
  (= (road-length city-loc-1 city-loc-1) 18)
  (= (road-length city-loc-1 city-loc-1) 19)
  (= (road-length city-loc-1 city-loc-1) 19)
  (= (road-length city-loc-1 city-loc-1) 11)
  (= (road-length city-loc-1 city-loc-1) 11)
  (= (road-length city-loc-1 city-loc-1) 15)
  (= (road-length city-loc-1 city-loc-1) 15)
  (= (road-length city-loc-1 city-loc-1) 12)
  (= (road-length city-loc-1 city-loc-1) 12)
  (= (road-length city-loc-1 city-loc-1) 17)
  (= (road-length city-loc-1 city-loc-1) 17)
  (= (road-length city-loc-1 city-loc-1) 19)
  (= (road-length city-loc-1 city-loc-1) 19)
  (= (road-length city-loc-1 city-loc-1) 18)
  (= (road-length city-loc-1 city-loc-1) 18)
  (= (road-length city-loc-1 city-loc-1) 13)
  (= (road-length city-loc-1 city-loc-1) 13)
  (= (road-length city-loc-1 city-loc-1) 14)
  (= (road-length city-loc-1 city-loc-1) 14)
  (= (road-length city-loc-1 city-loc-1) 14)
  (= (road-length city-loc-1 city-loc-1) 14)
  (= (road-length city-loc-1 city-loc-1) 14)
  (= (road-length city-loc-1 city-loc-1) 14)
  (= (road-length city-loc-1 city-loc-1) 11)
  (= (road-length city-loc-1 city-loc-1) 11)
  (= (road-length city-loc-1 city-loc-1) 11)
  (= (road-length city-loc-1 city-loc-1) 11)
  (= (road-length city-loc-1 city-loc-1) 13)
  (= (road-length city-loc-1 city-loc-1) 13)
  (= (road-length city-loc-1 city-loc-1) 11)
  (= (road-length city-loc-1 city-loc-1) 11)
  (= (road-length city-loc-1 city-loc-1) 16)
  (= (road-length city-loc-1 city-loc-1) 16)
  (= (road-length city-loc-1 city-loc-1) 11)
  (= (road-length city-loc-1 city-loc-1) 11)
  (= (road-length city-loc-1 city-loc-1) 11)
  (= (road-length city-loc-1 city-loc-1) 11)
  (= (road-length city-loc-1 city-loc-1) 12)
  (= (road-length city-loc-1 city-loc-1) 12)
  (= (road-length city-loc-1 city-loc-1) 18)
  (= (road-length city-loc-1 city-loc-1) 18)
  (= (road-length city-loc-1 city-loc-1) 11)
  (= (road-length city-loc-1 city-loc-1) 11)
  (= (road-length city-loc-1 city-loc-1) 13)
  (= (road-length city-loc-1 city-loc-1) 13)
  (= (road-length city-loc-1 city-loc-1) 11)
  (= (road-length city-loc-1 city-loc-1) 11)
  (= (road-length city-loc-1 city-loc-1) 13)
  (= (road-length city-loc-1 city-loc-1) 13)
  (= (road-length city-loc-1 city-loc-1) 18)
  (= (road-length city-loc-1 city-loc-1) 18)
  (= (road-length city-loc-1 city-loc-1) 18)
  (= (road-length city-loc-1 city-loc-1) 18)
  (= (road-length city-loc-1 city-loc-1) 19)
  (= (road-length city-loc-1 city-loc-1) 19)
  (= (road-length city-loc-1 city-loc-1) 16)
  (= (road-length city-loc-1 city-loc-1) 16)
  (= (road-length city-loc-1 city-loc-1) 11)
  (= (road-length city-loc-1 city-loc-1) 11)
  (= (road-length city-loc-1 city-loc-1) 15)
  (= (road-length city-loc-1 city-loc-1) 15)
  (= (road-length city-loc-1 city-loc-1) 14)
  (= (road-length city-loc-1 city-loc-1) 14)
  (= (road-length city-loc-1 city-loc-1) 11)
  (= (road-length city-loc-1 city-loc-1) 11)
  (= (road-length city-loc-1 city-loc-1) 14)
  (= (road-length city-loc-1 city-loc-1) 14)
  (= (road-length city-loc-1 city-loc-1) 18)
  (= (road-length city-loc-1 city-loc-1) 18)
  (= (road-length city-loc-1 city-loc-1) 13)
  (= (road-length city-loc-1 city-loc-1) 13)
  (= (road-length city-loc-1 city-loc-1) 15)
  (= (road-length city-loc-1 city-loc-1) 15)
  (= (road-length city-loc-1 city-loc-1) 13)
  (= (road-length city-loc-1 city-loc-1) 13)
Goal: (and (RW:count-package package-bag1 city-loc-1 pnum3) (RW:count-package package-bag2 city-loc-1 pnum1) (RW:count-package package-bag2 city-loc-1 pnum1) (RW:count-package package-bag2 city-loc-1 pnum1) (RW:count-package package-bag3 city-loc-1 pnum2) (RW:count-package package-bag4 city-loc-1 pnum2) (RW:count-package package-bag5 city-loc-1 pnum1) (RW:count-package package-bag5 city-loc-1 pnum1) (RW:count-package package-bag6 city-loc-1 pnum1) (RW:count-package package-bag7 city-loc-1 pnum1) (RW:count-package package-bag8 city-loc-1 pnum1) (RW:count-package package-bag9 city-loc-1 pnum1) (RW:count-package package-bag10 city-loc-1 pnum1) (RW:count-package package-bag11 city-loc-1 pnum1) (RW:count-package package-bag12 city-loc-1 pnum1) (RW:count-package package-bag13 city-loc-1 pnum1) (RW:count-package package-bag14 city-loc-1 pnum1) (RW:count-package package-bag15 city-loc-1 pnum1) (RW:count-package package-bag16 city-loc-1 pnum1) (RW:count-package package-bag17 city-loc-1 pnum1) (RW:count-package package-bag18 city-loc-1 pnum1))
Metric: 1
