Maximal 24:
 (free pos-0-4):fam
 (free pos-1-4):fam
 (free pos-2-4):fam
 (free pos-3-4):fam
 (free pos-4-0):fam
 (free pos-4-1):fam
 (free pos-4-2):fam
 (free pos-4-3):fam
 (free pos-0-0) (occupied pos-0-0):=1:fam:G
 (free pos-0-1) (occupied pos-0-1):=1:fam:G
 (free pos-0-2) (occupied pos-0-2):=1:fam
 (free pos-0-3) (occupied pos-0-3):=1:fam
 (free pos-1-0) (occupied pos-1-0):=1:fam:G
 (free pos-1-1) (occupied pos-1-1):=1:fam
 (free pos-1-2) (occupied pos-1-2):=1:fam
 (free pos-1-3) (occupied pos-1-3):=1:fam
 (free pos-2-0) (occupied pos-2-0):=1:fam
 (free pos-2-1) (occupied pos-2-1):=1:fam
 (free pos-2-2) (occupied pos-2-2):=1:fam
 (free pos-2-3) (occupied pos-2-3):=1:fam
 (free pos-3-0) (occupied pos-3-0):=1:fam
 (free pos-3-1) (occupied pos-3-1):=1:fam
 (free pos-3-2) (occupied pos-3-2):=1:fam
 (free pos-3-3) (occupied pos-3-3):=1:fam


Mutex Group Cover Number: 24
