begin_version
3
end_version
begin_metric
1
end_metric
50
begin_variable
var0
-1
2
free pos-0-0
occupied pos-0-0
end_variable
begin_variable
var1
-1
2
free pos-0-1
occupied pos-0-1
end_variable
begin_variable
var2
-1
2
free pos-0-2
occupied pos-0-2
end_variable
begin_variable
var3
-1
2
free pos-0-3
occupied pos-0-3
end_variable
begin_variable
var4
-1
2
free pos-0-4
occupied pos-0-4
end_variable
begin_variable
var5
-1
2
free pos-0-5
occupied pos-0-5
end_variable
begin_variable
var6
-1
2
free pos-0-6
occupied pos-0-6
end_variable
begin_variable
var7
-1
2
free pos-0-7
occupied pos-0-7
end_variable
begin_variable
var8
-1
2
free pos-0-8
occupied pos-0-8
end_variable
begin_variable
var9
-1
2
free pos-0-9
occupied pos-0-9
end_variable
begin_variable
var10
-1
2
free pos-1-0
occupied pos-1-0
end_variable
begin_variable
var11
-1
2
free pos-1-1
occupied pos-1-1
end_variable
begin_variable
var12
-1
2
free pos-1-2
occupied pos-1-2
end_variable
begin_variable
var13
-1
2
free pos-1-3
occupied pos-1-3
end_variable
begin_variable
var14
-1
2
free pos-1-4
occupied pos-1-4
end_variable
begin_variable
var15
-1
2
free pos-1-5
occupied pos-1-5
end_variable
begin_variable
var16
-1
2
free pos-1-6
occupied pos-1-6
end_variable
begin_variable
var17
-1
2
free pos-1-7
occupied pos-1-7
end_variable
begin_variable
var18
-1
2
free pos-1-8
occupied pos-1-8
end_variable
begin_variable
var19
-1
2
free pos-1-9
occupied pos-1-9
end_variable
begin_variable
var20
-1
2
free pos-2-0
occupied pos-2-0
end_variable
begin_variable
var21
-1
2
free pos-2-1
occupied pos-2-1
end_variable
begin_variable
var22
-1
2
free pos-2-2
occupied pos-2-2
end_variable
begin_variable
var23
-1
2
free pos-2-3
occupied pos-2-3
end_variable
begin_variable
var24
-1
2
free pos-2-4
occupied pos-2-4
end_variable
begin_variable
var25
-1
2
free pos-2-5
occupied pos-2-5
end_variable
begin_variable
var26
-1
2
free pos-2-6
occupied pos-2-6
end_variable
begin_variable
var27
-1
2
free pos-2-7
occupied pos-2-7
end_variable
begin_variable
var28
-1
2
free pos-2-8
occupied pos-2-8
end_variable
begin_variable
var29
-1
2
free pos-2-9
occupied pos-2-9
end_variable
begin_variable
var30
-1
2
free pos-3-0
occupied pos-3-0
end_variable
begin_variable
var31
-1
2
free pos-3-1
occupied pos-3-1
end_variable
begin_variable
var32
-1
2
free pos-3-2
occupied pos-3-2
end_variable
begin_variable
var33
-1
2
free pos-3-3
occupied pos-3-3
end_variable
begin_variable
var34
-1
2
free pos-3-4
occupied pos-3-4
end_variable
begin_variable
var35
-1
2
free pos-3-5
occupied pos-3-5
end_variable
begin_variable
var36
-1
2
free pos-3-6
occupied pos-3-6
end_variable
begin_variable
var37
-1
2
free pos-3-7
occupied pos-3-7
end_variable
begin_variable
var38
-1
2
free pos-3-8
occupied pos-3-8
end_variable
begin_variable
var39
-1
2
free pos-3-9
occupied pos-3-9
end_variable
begin_variable
var40
-1
2
free pos-4-0
occupied pos-4-0
end_variable
begin_variable
var41
-1
2
free pos-4-1
occupied pos-4-1
end_variable
begin_variable
var42
-1
2
free pos-4-2
occupied pos-4-2
end_variable
begin_variable
var43
-1
2
free pos-4-3
occupied pos-4-3
end_variable
begin_variable
var44
-1
2
free pos-4-4
occupied pos-4-4
end_variable
begin_variable
var45
-1
2
free pos-4-5
occupied pos-4-5
end_variable
begin_variable
var46
-1
2
free pos-4-6
occupied pos-4-6
end_variable
begin_variable
var47
-1
2
free pos-4-7
occupied pos-4-7
end_variable
begin_variable
var48
-1
2
free pos-4-8
occupied pos-4-8
end_variable
begin_variable
var49
-1
2
free pos-4-9
occupied pos-4-9
end_variable
50
begin_mutex_group
2
0 0
0 1
end_mutex_group
begin_mutex_group
2
1 0
1 1
end_mutex_group
begin_mutex_group
2
2 0
2 1
end_mutex_group
begin_mutex_group
2
3 0
3 1
end_mutex_group
begin_mutex_group
2
4 0
4 1
end_mutex_group
begin_mutex_group
2
5 0
5 1
end_mutex_group
begin_mutex_group
2
6 0
6 1
end_mutex_group
begin_mutex_group
2
7 0
7 1
end_mutex_group
begin_mutex_group
2
8 0
8 1
end_mutex_group
begin_mutex_group
2
9 0
9 1
end_mutex_group
begin_mutex_group
2
10 0
10 1
end_mutex_group
begin_mutex_group
2
11 0
11 1
end_mutex_group
begin_mutex_group
2
12 0
12 1
end_mutex_group
begin_mutex_group
2
13 0
13 1
end_mutex_group
begin_mutex_group
2
14 0
14 1
end_mutex_group
begin_mutex_group
2
15 0
15 1
end_mutex_group
begin_mutex_group
2
16 0
16 1
end_mutex_group
begin_mutex_group
2
17 0
17 1
end_mutex_group
begin_mutex_group
2
18 0
18 1
end_mutex_group
begin_mutex_group
2
19 0
19 1
end_mutex_group
begin_mutex_group
2
20 0
20 1
end_mutex_group
begin_mutex_group
2
21 0
21 1
end_mutex_group
begin_mutex_group
2
22 0
22 1
end_mutex_group
begin_mutex_group
2
23 0
23 1
end_mutex_group
begin_mutex_group
2
24 0
24 1
end_mutex_group
begin_mutex_group
2
25 0
25 1
end_mutex_group
begin_mutex_group
2
26 0
26 1
end_mutex_group
begin_mutex_group
2
27 0
27 1
end_mutex_group
begin_mutex_group
2
28 0
28 1
end_mutex_group
begin_mutex_group
2
29 0
29 1
end_mutex_group
begin_mutex_group
2
30 0
30 1
end_mutex_group
begin_mutex_group
2
31 0
31 1
end_mutex_group
begin_mutex_group
2
32 0
32 1
end_mutex_group
begin_mutex_group
2
33 0
33 1
end_mutex_group
begin_mutex_group
2
34 0
34 1
end_mutex_group
begin_mutex_group
2
35 0
35 1
end_mutex_group
begin_mutex_group
2
36 0
36 1
end_mutex_group
begin_mutex_group
2
37 0
37 1
end_mutex_group
begin_mutex_group
2
38 0
38 1
end_mutex_group
begin_mutex_group
2
39 0
39 1
end_mutex_group
begin_mutex_group
2
40 0
40 1
end_mutex_group
begin_mutex_group
2
41 0
41 1
end_mutex_group
begin_mutex_group
2
42 0
42 1
end_mutex_group
begin_mutex_group
2
43 0
43 1
end_mutex_group
begin_mutex_group
2
44 0
44 1
end_mutex_group
begin_mutex_group
2
45 0
45 1
end_mutex_group
begin_mutex_group
2
46 0
46 1
end_mutex_group
begin_mutex_group
2
47 0
47 1
end_mutex_group
begin_mutex_group
2
48 0
48 1
end_mutex_group
begin_mutex_group
2
49 0
49 1
end_mutex_group
begin_state
1
1
1
1
1
0
0
0
0
0
1
1
1
1
1
0
0
0
0
0
1
1
1
1
1
0
0
0
0
0
1
1
1
1
1
0
0
0
0
0
1
1
1
1
1
0
0
0
0
0
end_state
begin_goal
1
29 1
end_goal
140
begin_operator
jump pos-0-0 pos-0-1 pos-0-2
0
3
0 0 1 0
0 1 1 0
0 2 0 1
1
end_operator
begin_operator
jump pos-0-0 pos-1-0 pos-2-0
0
3
0 0 1 0
0 10 1 0
0 20 0 1
1
end_operator
begin_operator
jump pos-0-1 pos-0-2 pos-0-3
0
3
0 1 1 0
0 2 1 0
0 3 0 1
1
end_operator
begin_operator
jump pos-0-1 pos-1-1 pos-2-1
0
3
0 1 1 0
0 11 1 0
0 21 0 1
1
end_operator
begin_operator
jump pos-0-2 pos-0-1 pos-0-0
0
3
0 0 0 1
0 1 1 0
0 2 1 0
1
end_operator
begin_operator
jump pos-0-2 pos-0-3 pos-0-4
0
3
0 2 1 0
0 3 1 0
0 4 0 1
1
end_operator
begin_operator
jump pos-0-2 pos-1-2 pos-2-2
0
3
0 2 1 0
0 12 1 0
0 22 0 1
1
end_operator
begin_operator
jump pos-0-3 pos-0-2 pos-0-1
0
3
0 1 0 1
0 2 1 0
0 3 1 0
1
end_operator
begin_operator
jump pos-0-3 pos-0-4 pos-0-5
0
3
0 3 1 0
0 4 1 0
0 5 0 1
1
end_operator
begin_operator
jump pos-0-3 pos-1-3 pos-2-3
0
3
0 3 1 0
0 13 1 0
0 23 0 1
1
end_operator
begin_operator
jump pos-0-4 pos-0-3 pos-0-2
0
3
0 2 0 1
0 3 1 0
0 4 1 0
1
end_operator
begin_operator
jump pos-0-4 pos-0-5 pos-0-6
0
3
0 4 1 0
0 5 1 0
0 6 0 1
1
end_operator
begin_operator
jump pos-0-4 pos-1-4 pos-2-4
0
3
0 4 1 0
0 14 1 0
0 24 0 1
1
end_operator
begin_operator
jump pos-0-5 pos-0-4 pos-0-3
0
3
0 3 0 1
0 4 1 0
0 5 1 0
1
end_operator
begin_operator
jump pos-0-5 pos-0-6 pos-0-7
0
3
0 5 1 0
0 6 1 0
0 7 0 1
1
end_operator
begin_operator
jump pos-0-5 pos-1-5 pos-2-5
0
3
0 5 1 0
0 15 1 0
0 25 0 1
1
end_operator
begin_operator
jump pos-0-6 pos-0-5 pos-0-4
0
3
0 4 0 1
0 5 1 0
0 6 1 0
1
end_operator
begin_operator
jump pos-0-6 pos-0-7 pos-0-8
0
3
0 6 1 0
0 7 1 0
0 8 0 1
1
end_operator
begin_operator
jump pos-0-6 pos-1-6 pos-2-6
0
3
0 6 1 0
0 16 1 0
0 26 0 1
1
end_operator
begin_operator
jump pos-0-7 pos-0-6 pos-0-5
0
3
0 5 0 1
0 6 1 0
0 7 1 0
1
end_operator
begin_operator
jump pos-0-7 pos-0-8 pos-0-9
0
3
0 7 1 0
0 8 1 0
0 9 0 1
1
end_operator
begin_operator
jump pos-0-7 pos-1-7 pos-2-7
0
3
0 7 1 0
0 17 1 0
0 27 0 1
1
end_operator
begin_operator
jump pos-0-8 pos-0-7 pos-0-6
0
3
0 6 0 1
0 7 1 0
0 8 1 0
1
end_operator
begin_operator
jump pos-0-8 pos-1-8 pos-2-8
0
3
0 8 1 0
0 18 1 0
0 28 0 1
1
end_operator
begin_operator
jump pos-0-9 pos-0-8 pos-0-7
0
3
0 7 0 1
0 8 1 0
0 9 1 0
1
end_operator
begin_operator
jump pos-0-9 pos-1-9 pos-2-9
0
3
0 9 1 0
0 19 1 0
0 29 0 1
1
end_operator
begin_operator
jump pos-1-0 pos-1-1 pos-1-2
0
3
0 10 1 0
0 11 1 0
0 12 0 1
1
end_operator
begin_operator
jump pos-1-0 pos-2-0 pos-3-0
0
3
0 10 1 0
0 20 1 0
0 30 0 1
1
end_operator
begin_operator
jump pos-1-1 pos-1-2 pos-1-3
0
3
0 11 1 0
0 12 1 0
0 13 0 1
1
end_operator
begin_operator
jump pos-1-1 pos-2-1 pos-3-1
0
3
0 11 1 0
0 21 1 0
0 31 0 1
1
end_operator
begin_operator
jump pos-1-2 pos-1-1 pos-1-0
0
3
0 10 0 1
0 11 1 0
0 12 1 0
1
end_operator
begin_operator
jump pos-1-2 pos-1-3 pos-1-4
0
3
0 12 1 0
0 13 1 0
0 14 0 1
1
end_operator
begin_operator
jump pos-1-2 pos-2-2 pos-3-2
0
3
0 12 1 0
0 22 1 0
0 32 0 1
1
end_operator
begin_operator
jump pos-1-3 pos-1-2 pos-1-1
0
3
0 11 0 1
0 12 1 0
0 13 1 0
1
end_operator
begin_operator
jump pos-1-3 pos-1-4 pos-1-5
0
3
0 13 1 0
0 14 1 0
0 15 0 1
1
end_operator
begin_operator
jump pos-1-3 pos-2-3 pos-3-3
0
3
0 13 1 0
0 23 1 0
0 33 0 1
1
end_operator
begin_operator
jump pos-1-4 pos-1-3 pos-1-2
0
3
0 12 0 1
0 13 1 0
0 14 1 0
1
end_operator
begin_operator
jump pos-1-4 pos-1-5 pos-1-6
0
3
0 14 1 0
0 15 1 0
0 16 0 1
1
end_operator
begin_operator
jump pos-1-4 pos-2-4 pos-3-4
0
3
0 14 1 0
0 24 1 0
0 34 0 1
1
end_operator
begin_operator
jump pos-1-5 pos-1-4 pos-1-3
0
3
0 13 0 1
0 14 1 0
0 15 1 0
1
end_operator
begin_operator
jump pos-1-5 pos-1-6 pos-1-7
0
3
0 15 1 0
0 16 1 0
0 17 0 1
1
end_operator
begin_operator
jump pos-1-5 pos-2-5 pos-3-5
0
3
0 15 1 0
0 25 1 0
0 35 0 1
1
end_operator
begin_operator
jump pos-1-6 pos-1-5 pos-1-4
0
3
0 14 0 1
0 15 1 0
0 16 1 0
1
end_operator
begin_operator
jump pos-1-6 pos-1-7 pos-1-8
0
3
0 16 1 0
0 17 1 0
0 18 0 1
1
end_operator
begin_operator
jump pos-1-6 pos-2-6 pos-3-6
0
3
0 16 1 0
0 26 1 0
0 36 0 1
1
end_operator
begin_operator
jump pos-1-7 pos-1-6 pos-1-5
0
3
0 15 0 1
0 16 1 0
0 17 1 0
1
end_operator
begin_operator
jump pos-1-7 pos-1-8 pos-1-9
0
3
0 17 1 0
0 18 1 0
0 19 0 1
1
end_operator
begin_operator
jump pos-1-7 pos-2-7 pos-3-7
0
3
0 17 1 0
0 27 1 0
0 37 0 1
1
end_operator
begin_operator
jump pos-1-8 pos-1-7 pos-1-6
0
3
0 16 0 1
0 17 1 0
0 18 1 0
1
end_operator
begin_operator
jump pos-1-8 pos-2-8 pos-3-8
0
3
0 18 1 0
0 28 1 0
0 38 0 1
1
end_operator
begin_operator
jump pos-1-9 pos-1-8 pos-1-7
0
3
0 17 0 1
0 18 1 0
0 19 1 0
1
end_operator
begin_operator
jump pos-1-9 pos-2-9 pos-3-9
0
3
0 19 1 0
0 29 1 0
0 39 0 1
1
end_operator
begin_operator
jump pos-2-0 pos-1-0 pos-0-0
0
3
0 0 0 1
0 10 1 0
0 20 1 0
1
end_operator
begin_operator
jump pos-2-0 pos-2-1 pos-2-2
0
3
0 20 1 0
0 21 1 0
0 22 0 1
1
end_operator
begin_operator
jump pos-2-0 pos-3-0 pos-4-0
0
3
0 20 1 0
0 30 1 0
0 40 0 1
1
end_operator
begin_operator
jump pos-2-1 pos-1-1 pos-0-1
0
3
0 1 0 1
0 11 1 0
0 21 1 0
1
end_operator
begin_operator
jump pos-2-1 pos-2-2 pos-2-3
0
3
0 21 1 0
0 22 1 0
0 23 0 1
1
end_operator
begin_operator
jump pos-2-1 pos-3-1 pos-4-1
0
3
0 21 1 0
0 31 1 0
0 41 0 1
1
end_operator
begin_operator
jump pos-2-2 pos-1-2 pos-0-2
0
3
0 2 0 1
0 12 1 0
0 22 1 0
1
end_operator
begin_operator
jump pos-2-2 pos-2-1 pos-2-0
0
3
0 20 0 1
0 21 1 0
0 22 1 0
1
end_operator
begin_operator
jump pos-2-2 pos-2-3 pos-2-4
0
3
0 22 1 0
0 23 1 0
0 24 0 1
1
end_operator
begin_operator
jump pos-2-2 pos-3-2 pos-4-2
0
3
0 22 1 0
0 32 1 0
0 42 0 1
1
end_operator
begin_operator
jump pos-2-3 pos-1-3 pos-0-3
0
3
0 3 0 1
0 13 1 0
0 23 1 0
1
end_operator
begin_operator
jump pos-2-3 pos-2-2 pos-2-1
0
3
0 21 0 1
0 22 1 0
0 23 1 0
1
end_operator
begin_operator
jump pos-2-3 pos-2-4 pos-2-5
0
3
0 23 1 0
0 24 1 0
0 25 0 1
1
end_operator
begin_operator
jump pos-2-3 pos-3-3 pos-4-3
0
3
0 23 1 0
0 33 1 0
0 43 0 1
1
end_operator
begin_operator
jump pos-2-4 pos-1-4 pos-0-4
0
3
0 4 0 1
0 14 1 0
0 24 1 0
1
end_operator
begin_operator
jump pos-2-4 pos-2-3 pos-2-2
0
3
0 22 0 1
0 23 1 0
0 24 1 0
1
end_operator
begin_operator
jump pos-2-4 pos-2-5 pos-2-6
0
3
0 24 1 0
0 25 1 0
0 26 0 1
1
end_operator
begin_operator
jump pos-2-4 pos-3-4 pos-4-4
0
3
0 24 1 0
0 34 1 0
0 44 0 1
1
end_operator
begin_operator
jump pos-2-5 pos-1-5 pos-0-5
0
3
0 5 0 1
0 15 1 0
0 25 1 0
1
end_operator
begin_operator
jump pos-2-5 pos-2-4 pos-2-3
0
3
0 23 0 1
0 24 1 0
0 25 1 0
1
end_operator
begin_operator
jump pos-2-5 pos-2-6 pos-2-7
0
3
0 25 1 0
0 26 1 0
0 27 0 1
1
end_operator
begin_operator
jump pos-2-5 pos-3-5 pos-4-5
0
3
0 25 1 0
0 35 1 0
0 45 0 1
1
end_operator
begin_operator
jump pos-2-6 pos-1-6 pos-0-6
0
3
0 6 0 1
0 16 1 0
0 26 1 0
1
end_operator
begin_operator
jump pos-2-6 pos-2-5 pos-2-4
0
3
0 24 0 1
0 25 1 0
0 26 1 0
1
end_operator
begin_operator
jump pos-2-6 pos-2-7 pos-2-8
0
3
0 26 1 0
0 27 1 0
0 28 0 1
1
end_operator
begin_operator
jump pos-2-6 pos-3-6 pos-4-6
0
3
0 26 1 0
0 36 1 0
0 46 0 1
1
end_operator
begin_operator
jump pos-2-7 pos-1-7 pos-0-7
0
3
0 7 0 1
0 17 1 0
0 27 1 0
1
end_operator
begin_operator
jump pos-2-7 pos-2-6 pos-2-5
0
3
0 25 0 1
0 26 1 0
0 27 1 0
1
end_operator
begin_operator
jump pos-2-7 pos-2-8 pos-2-9
0
3
0 27 1 0
0 28 1 0
0 29 0 1
1
end_operator
begin_operator
jump pos-2-7 pos-3-7 pos-4-7
0
3
0 27 1 0
0 37 1 0
0 47 0 1
1
end_operator
begin_operator
jump pos-2-8 pos-1-8 pos-0-8
0
3
0 8 0 1
0 18 1 0
0 28 1 0
1
end_operator
begin_operator
jump pos-2-8 pos-2-7 pos-2-6
0
3
0 26 0 1
0 27 1 0
0 28 1 0
1
end_operator
begin_operator
jump pos-2-8 pos-3-8 pos-4-8
0
3
0 28 1 0
0 38 1 0
0 48 0 1
1
end_operator
begin_operator
jump pos-2-9 pos-1-9 pos-0-9
0
3
0 9 0 1
0 19 1 0
0 29 1 0
1
end_operator
begin_operator
jump pos-2-9 pos-2-8 pos-2-7
0
3
0 27 0 1
0 28 1 0
0 29 1 0
1
end_operator
begin_operator
jump pos-2-9 pos-3-9 pos-4-9
0
3
0 29 1 0
0 39 1 0
0 49 0 1
1
end_operator
begin_operator
jump pos-3-0 pos-2-0 pos-1-0
0
3
0 10 0 1
0 20 1 0
0 30 1 0
1
end_operator
begin_operator
jump pos-3-0 pos-3-1 pos-3-2
0
3
0 30 1 0
0 31 1 0
0 32 0 1
1
end_operator
begin_operator
jump pos-3-1 pos-2-1 pos-1-1
0
3
0 11 0 1
0 21 1 0
0 31 1 0
1
end_operator
begin_operator
jump pos-3-1 pos-3-2 pos-3-3
0
3
0 31 1 0
0 32 1 0
0 33 0 1
1
end_operator
begin_operator
jump pos-3-2 pos-2-2 pos-1-2
0
3
0 12 0 1
0 22 1 0
0 32 1 0
1
end_operator
begin_operator
jump pos-3-2 pos-3-1 pos-3-0
0
3
0 30 0 1
0 31 1 0
0 32 1 0
1
end_operator
begin_operator
jump pos-3-2 pos-3-3 pos-3-4
0
3
0 32 1 0
0 33 1 0
0 34 0 1
1
end_operator
begin_operator
jump pos-3-3 pos-2-3 pos-1-3
0
3
0 13 0 1
0 23 1 0
0 33 1 0
1
end_operator
begin_operator
jump pos-3-3 pos-3-2 pos-3-1
0
3
0 31 0 1
0 32 1 0
0 33 1 0
1
end_operator
begin_operator
jump pos-3-3 pos-3-4 pos-3-5
0
3
0 33 1 0
0 34 1 0
0 35 0 1
1
end_operator
begin_operator
jump pos-3-4 pos-2-4 pos-1-4
0
3
0 14 0 1
0 24 1 0
0 34 1 0
1
end_operator
begin_operator
jump pos-3-4 pos-3-3 pos-3-2
0
3
0 32 0 1
0 33 1 0
0 34 1 0
1
end_operator
begin_operator
jump pos-3-4 pos-3-5 pos-3-6
0
3
0 34 1 0
0 35 1 0
0 36 0 1
1
end_operator
begin_operator
jump pos-3-5 pos-2-5 pos-1-5
0
3
0 15 0 1
0 25 1 0
0 35 1 0
1
end_operator
begin_operator
jump pos-3-5 pos-3-4 pos-3-3
0
3
0 33 0 1
0 34 1 0
0 35 1 0
1
end_operator
begin_operator
jump pos-3-5 pos-3-6 pos-3-7
0
3
0 35 1 0
0 36 1 0
0 37 0 1
1
end_operator
begin_operator
jump pos-3-6 pos-2-6 pos-1-6
0
3
0 16 0 1
0 26 1 0
0 36 1 0
1
end_operator
begin_operator
jump pos-3-6 pos-3-5 pos-3-4
0
3
0 34 0 1
0 35 1 0
0 36 1 0
1
end_operator
begin_operator
jump pos-3-6 pos-3-7 pos-3-8
0
3
0 36 1 0
0 37 1 0
0 38 0 1
1
end_operator
begin_operator
jump pos-3-7 pos-2-7 pos-1-7
0
3
0 17 0 1
0 27 1 0
0 37 1 0
1
end_operator
begin_operator
jump pos-3-7 pos-3-6 pos-3-5
0
3
0 35 0 1
0 36 1 0
0 37 1 0
1
end_operator
begin_operator
jump pos-3-7 pos-3-8 pos-3-9
0
3
0 37 1 0
0 38 1 0
0 39 0 1
1
end_operator
begin_operator
jump pos-3-8 pos-2-8 pos-1-8
0
3
0 18 0 1
0 28 1 0
0 38 1 0
1
end_operator
begin_operator
jump pos-3-8 pos-3-7 pos-3-6
0
3
0 36 0 1
0 37 1 0
0 38 1 0
1
end_operator
begin_operator
jump pos-3-9 pos-2-9 pos-1-9
0
3
0 19 0 1
0 29 1 0
0 39 1 0
1
end_operator
begin_operator
jump pos-3-9 pos-3-8 pos-3-7
0
3
0 37 0 1
0 38 1 0
0 39 1 0
1
end_operator
begin_operator
jump pos-4-0 pos-3-0 pos-2-0
0
3
0 20 0 1
0 30 1 0
0 40 1 0
1
end_operator
begin_operator
jump pos-4-0 pos-4-1 pos-4-2
0
3
0 40 1 0
0 41 1 0
0 42 0 1
1
end_operator
begin_operator
jump pos-4-1 pos-3-1 pos-2-1
0
3
0 21 0 1
0 31 1 0
0 41 1 0
1
end_operator
begin_operator
jump pos-4-1 pos-4-2 pos-4-3
0
3
0 41 1 0
0 42 1 0
0 43 0 1
1
end_operator
begin_operator
jump pos-4-2 pos-3-2 pos-2-2
0
3
0 22 0 1
0 32 1 0
0 42 1 0
1
end_operator
begin_operator
jump pos-4-2 pos-4-1 pos-4-0
0
3
0 40 0 1
0 41 1 0
0 42 1 0
1
end_operator
begin_operator
jump pos-4-2 pos-4-3 pos-4-4
0
3
0 42 1 0
0 43 1 0
0 44 0 1
1
end_operator
begin_operator
jump pos-4-3 pos-3-3 pos-2-3
0
3
0 23 0 1
0 33 1 0
0 43 1 0
1
end_operator
begin_operator
jump pos-4-3 pos-4-2 pos-4-1
0
3
0 41 0 1
0 42 1 0
0 43 1 0
1
end_operator
begin_operator
jump pos-4-3 pos-4-4 pos-4-5
0
3
0 43 1 0
0 44 1 0
0 45 0 1
1
end_operator
begin_operator
jump pos-4-4 pos-3-4 pos-2-4
0
3
0 24 0 1
0 34 1 0
0 44 1 0
1
end_operator
begin_operator
jump pos-4-4 pos-4-3 pos-4-2
0
3
0 42 0 1
0 43 1 0
0 44 1 0
1
end_operator
begin_operator
jump pos-4-4 pos-4-5 pos-4-6
0
3
0 44 1 0
0 45 1 0
0 46 0 1
1
end_operator
begin_operator
jump pos-4-5 pos-3-5 pos-2-5
0
3
0 25 0 1
0 35 1 0
0 45 1 0
1
end_operator
begin_operator
jump pos-4-5 pos-4-4 pos-4-3
0
3
0 43 0 1
0 44 1 0
0 45 1 0
1
end_operator
begin_operator
jump pos-4-5 pos-4-6 pos-4-7
0
3
0 45 1 0
0 46 1 0
0 47 0 1
1
end_operator
begin_operator
jump pos-4-6 pos-3-6 pos-2-6
0
3
0 26 0 1
0 36 1 0
0 46 1 0
1
end_operator
begin_operator
jump pos-4-6 pos-4-5 pos-4-4
0
3
0 44 0 1
0 45 1 0
0 46 1 0
1
end_operator
begin_operator
jump pos-4-6 pos-4-7 pos-4-8
0
3
0 46 1 0
0 47 1 0
0 48 0 1
1
end_operator
begin_operator
jump pos-4-7 pos-3-7 pos-2-7
0
3
0 27 0 1
0 37 1 0
0 47 1 0
1
end_operator
begin_operator
jump pos-4-7 pos-4-6 pos-4-5
0
3
0 45 0 1
0 46 1 0
0 47 1 0
1
end_operator
begin_operator
jump pos-4-7 pos-4-8 pos-4-9
0
3
0 47 1 0
0 48 1 0
0 49 0 1
1
end_operator
begin_operator
jump pos-4-8 pos-3-8 pos-2-8
0
3
0 28 0 1
0 38 1 0
0 48 1 0
1
end_operator
begin_operator
jump pos-4-8 pos-4-7 pos-4-6
0
3
0 46 0 1
0 47 1 0
0 48 1 0
1
end_operator
begin_operator
jump pos-4-9 pos-3-9 pos-2-9
0
3
0 29 0 1
0 39 1 0
0 49 1 0
1
end_operator
begin_operator
jump pos-4-9 pos-4-8 pos-4-7
0
3
0 47 0 1
0 48 1 0
0 49 1 0
1
end_operator
0
