step 0: state 42 applicable 84
    state: (tree_cell cell0) (tree_cell cell11) (tree_cell cell12) (tree_cell cell13) (tree_cell cell14) (tree_cell cell15) (tree_cell cell17) (tree_cell cell18) (tree_cell cell19) (tree_cell cell2) (tree_cell cell20) (tree_cell cell21) (tree_cell cell22) (tree_cell cell23) (tree_cell cell24) (tree_cell cell25) (tree_cell cell28) (tree_cell cell29) (tree_cell cell3) (tree_cell cell30) (tree_cell cell31) (tree_cell cell33) (tree_cell cell34) (tree_cell cell35) (tree_cell cell36) (tree_cell cell37) (tree_cell cell38) (tree_cell cell39) (tree_cell cell4) (tree_cell cell40) (tree_cell cell41) (tree_cell cell42) (tree_cell cell43) (tree_cell cell44) (tree_cell cell45) (tree_cell cell47) (tree_cell cell48) (tree_cell cell5) (tree_cell cell6) (tree_cell cell7) (tree_cell cell8) (tree_cell cell9)
    num: (toxicity) = 0 (count_log_in_inventory) = 0 (count_planks_in_inventory) = 0 (count_stick_in_inventory) = 0 (count_tree_tap_in_inventory) = 0 (count_sack_polyisoprene_pellets_in_inventory) = 0 (count_pogo_stick) = 0
break cell0 :: cost: 1 [successor]
    add:
    del: (tree_cell cell0)
    num: (count_log_in_inventory) 0 -> 1
break cell11 :: cost: 1
    add:
    del: (tree_cell cell11)
    num: (count_log_in_inventory) 0 -> 1
break cell12 :: cost: 1
    add:
    del: (tree_cell cell12)
    num: (count_log_in_inventory) 0 -> 1
step 1: state 41 applicable 84
    state: (tree_cell cell11) (tree_cell cell12) (tree_cell cell13) (tree_cell cell14) (tree_cell cell15) (tree_cell cell17) (tree_cell cell18) (tree_cell cell19) (tree_cell cell2) (tree_cell cell20) (tree_cell cell21) (tree_cell cell22) (tree_cell cell23) (tree_cell cell24) (tree_cell cell25) (tree_cell cell28) (tree_cell cell29) (tree_cell cell3) (tree_cell cell30) (tree_cell cell31) (tree_cell cell33) (tree_cell cell34) (tree_cell cell35) (tree_cell cell36) (tree_cell cell37) (tree_cell cell38) (tree_cell cell39) (tree_cell cell4) (tree_cell cell40) (tree_cell cell41) (tree_cell cell42) (tree_cell cell43) (tree_cell cell44) (tree_cell cell45) (tree_cell cell47) (tree_cell cell48) (tree_cell cell5) (tree_cell cell6) (tree_cell cell7) (tree_cell cell8) (tree_cell cell9)
    num: (toxicity) = 0 (count_log_in_inventory) = 1 (count_planks_in_inventory) = 0 (count_stick_in_inventory) = 0 (count_tree_tap_in_inventory) = 0 (count_sack_polyisoprene_pellets_in_inventory) = 0 (count_pogo_stick) = 0
break cell11 :: cost: 1
    add:
    del: (tree_cell cell11)
    num: (count_log_in_inventory) 1 -> 2
break cell12 :: cost: 1
    add:
    del: (tree_cell cell12)
    num: (count_log_in_inventory) 1 -> 2
break cell13 :: cost: 1
    add:
    del: (tree_cell cell13)
    num: (count_log_in_inventory) 1 -> 2
    successor: break cell3
step 2: state 40 applicable 83
    state: (tree_cell cell11) (tree_cell cell12) (tree_cell cell13) (tree_cell cell14) (tree_cell cell15) (tree_cell cell17) (tree_cell cell18) (tree_cell cell19) (tree_cell cell2) (tree_cell cell20) (tree_cell cell21) (tree_cell cell22) (tree_cell cell23) (tree_cell cell24) (tree_cell cell25) (tree_cell cell28) (tree_cell cell29) (tree_cell cell30) (tree_cell cell31) (tree_cell cell33) (tree_cell cell34) (tree_cell cell35) (tree_cell cell36) (tree_cell cell37) (tree_cell cell38) (tree_cell cell39) (tree_cell cell4) (tree_cell cell40) (tree_cell cell41) (tree_cell cell42) (tree_cell cell43) (tree_cell cell44) (tree_cell cell45) (tree_cell cell47) (tree_cell cell48) (tree_cell cell5) (tree_cell cell6) (tree_cell cell7) (tree_cell cell8) (tree_cell cell9)
    num: (toxicity) = 0 (count_log_in_inventory) = 2 (count_planks_in_inventory) = 0 (count_stick_in_inventory) = 0 (count_tree_tap_in_inventory) = 0 (count_sack_polyisoprene_pellets_in_inventory) = 0 (count_pogo_stick) = 0
break cell11 :: cost: 1
    add:
    del: (tree_cell cell11)
    num: (count_log_in_inventory) 2 -> 3
break cell12 :: cost: 1
    add:
    del: (tree_cell cell12)
    num: (count_log_in_inventory) 2 -> 3
break cell13 :: cost: 1
    add:
    del: (tree_cell cell13)
    num: (count_log_in_inventory) 2 -> 3
    successor: break cell5
step 3: state 39 applicable 81
    state: (tree_cell cell11) (tree_cell cell12) (tree_cell cell13) (tree_cell cell14) (tree_cell cell15) (tree_cell cell17) (tree_cell cell18) (tree_cell cell19) (tree_cell cell2) (tree_cell cell20) (tree_cell cell21) (tree_cell cell22) (tree_cell cell23) (tree_cell cell24) (tree_cell cell25) (tree_cell cell28) (tree_cell cell29) (tree_cell cell30) (tree_cell cell31) (tree_cell cell33) (tree_cell cell34) (tree_cell cell35) (tree_cell cell36) (tree_cell cell37) (tree_cell cell38) (tree_cell cell39) (tree_cell cell4) (tree_cell cell40) (tree_cell cell41) (tree_cell cell42) (tree_cell cell43) (tree_cell cell44) (tree_cell cell45) (tree_cell cell47) (tree_cell cell48) (tree_cell cell6) (tree_cell cell7) (tree_cell cell8) (tree_cell cell9)
    num: (toxicity) = 0 (count_log_in_inventory) = 3 (count_planks_in_inventory) = 0 (count_stick_in_inventory) = 0 (count_tree_tap_in_inventory) = 0 (count_sack_polyisoprene_pellets_in_inventory) = 0 (count_pogo_stick) = 0
break cell11 :: cost: 1
    add:
    del: (tree_cell cell11)
    num: (count_log_in_inventory) 3 -> 4
break cell12 :: cost: 1
    add:
    del: (tree_cell cell12)
    num: (count_log_in_inventory) 3 -> 4
break cell13 :: cost: 1
    add:
    del: (tree_cell cell13)
    num: (count_log_in_inventory) 3 -> 4
    successor: break cell7
step 4: state 38 applicable 79
    state: (tree_cell cell11) (tree_cell cell12) (tree_cell cell13) (tree_cell cell14) (tree_cell cell15) (tree_cell cell17) (tree_cell cell18) (tree_cell cell19) (tree_cell cell2) (tree_cell cell20) (tree_cell cell21) (tree_cell cell22) (tree_cell cell23) (tree_cell cell24) (tree_cell cell25) (tree_cell cell28) (tree_cell cell29) (tree_cell cell30) (tree_cell cell31) (tree_cell cell33) (tree_cell cell34) (tree_cell cell35) (tree_cell cell36) (tree_cell cell37) (tree_cell cell38) (tree_cell cell39) (tree_cell cell4) (tree_cell cell40) (tree_cell cell41) (tree_cell cell42) (tree_cell cell43) (tree_cell cell44) (tree_cell cell45) (tree_cell cell47) (tree_cell cell48) (tree_cell cell6) (tree_cell cell8) (tree_cell cell9)
    num: (toxicity) = 0 (count_log_in_inventory) = 4 (count_planks_in_inventory) = 0 (count_stick_in_inventory) = 0 (count_tree_tap_in_inventory) = 0 (count_sack_polyisoprene_pellets_in_inventory) = 0 (count_pogo_stick) = 0
break cell11 :: cost: 1
    add:
    del: (tree_cell cell11)
    num: (count_log_in_inventory) 4 -> 5
break cell12 :: cost: 1
    add:
    del: (tree_cell cell12)
    num: (count_log_in_inventory) 4 -> 5
break cell13 :: cost: 1
    add:
    del: (tree_cell cell13)
    num: (count_log_in_inventory) 4 -> 5
    successor: break cell9
ground atoms: 42 groundings: 87
