Require:
  + :equality
  + :negative-preconditions
Action:
  - pop-unitarypipe: ?pipe - pipe ?batch-atom-in - batch-atom ?from-area - area ?to-area - area ?first-batch-atom - batch-atom ?product-batch-atom-in - product ?product-first-batch - product ?from-tank-slot - tank-slot ?to-tank-slot - tank-slot
      pre: (and (connect ?from-area ?to-area ?pipe) (first ?first-batch-atom ?pipe) (is-product ?batch-atom-in ?product-batch-atom-in) (is-product ?first-batch-atom ?product-first-batch) (may-interface ?product-batch-atom-in ?product-first-batch) (not-occupied ?from-tank-slot) (occupied ?to-tank-slot) (on ?batch-atom-in ?to-area) (tank-slot-product-location ?from-tank-slot ?product-first-batch ?from-area) (tank-slot-product-location ?to-tank-slot ?product-batch-atom-in ?to-area) (unitary ?pipe))
      eff: (and (first ?batch-atom-in ?pipe) (not (first ?first-batch-atom ?pipe)) (not (not-occupied ?from-tank-slot)) (not (occupied ?to-tank-slot)) (not (on ?batch-atom-in ?to-area)) (not-occupied ?to-tank-slot) (occupied ?from-tank-slot) (on ?first-batch-atom ?from-area))
  + pop-unitarypipe: ?pipe - pipe ?batch-atom-in - batch-atom ?from-area - area ?to-area - area ?first-batch-atom - batch-atom ?product-batch-atom-in - product ?product-first-batch - product ?from-tank-slot - tank-slot ?to-tank-slot - tank-slot
      pre: (and (connect ?from-area ?to-area ?pipe) (first ?first-batch-atom ?pipe) (is-product ?batch-atom-in ?product-batch-atom-in) (is-product ?first-batch-atom ?product-first-batch) (may-interface ?product-batch-atom-in ?product-first-batch) (not (= ?batch-atom-in ?first-batch-atom)) (not (= ?from-tank-slot ?to-tank-slot)) (not-occupied ?from-tank-slot) (occupied ?to-tank-slot) (on ?batch-atom-in ?to-area) (tank-slot-product-location ?from-tank-slot ?product-first-batch ?from-area) (tank-slot-product-location ?to-tank-slot ?product-batch-atom-in ?to-area) (unitary ?pipe))
      eff: (and (first ?batch-atom-in ?pipe) (not (first ?first-batch-atom ?pipe)) (not (not-occupied ?from-tank-slot)) (not (occupied ?to-tank-slot)) (not (on ?batch-atom-in ?to-area)) (not-occupied ?to-tank-slot) (occupied ?from-tank-slot) (on ?first-batch-atom ?from-area))
  - push-unitarypipe: ?pipe - pipe ?batch-atom-in - batch-atom ?from-area - area ?to-area - area ?first-batch-atom - batch-atom ?product-batch-atom-in - product ?product-first-batch - product ?from-tank-slot - tank-slot ?to-tank-slot - tank-slot
      pre: (and (connect ?from-area ?to-area ?pipe) (first ?first-batch-atom ?pipe) (is-product ?batch-atom-in ?product-batch-atom-in) (is-product ?first-batch-atom ?product-first-batch) (may-interface ?product-batch-atom-in ?product-first-batch) (not-occupied ?to-tank-slot) (occupied ?from-tank-slot) (on ?batch-atom-in ?from-area) (tank-slot-product-location ?from-tank-slot ?product-batch-atom-in ?from-area) (tank-slot-product-location ?to-tank-slot ?product-first-batch ?to-area) (unitary ?pipe))
      eff: (and (first ?batch-atom-in ?pipe) (not (first ?first-batch-atom ?pipe)) (not (not-occupied ?to-tank-slot)) (not (occupied ?from-tank-slot)) (not (on ?batch-atom-in ?from-area)) (not-occupied ?from-tank-slot) (occupied ?to-tank-slot) (on ?first-batch-atom ?to-area))
  + push-unitarypipe: ?pipe - pipe ?batch-atom-in - batch-atom ?from-area - area ?to-area - area ?first-batch-atom - batch-atom ?product-batch-atom-in - product ?product-first-batch - product ?from-tank-slot - tank-slot ?to-tank-slot - tank-slot
      pre: (and (connect ?from-area ?to-area ?pipe) (first ?first-batch-atom ?pipe) (is-product ?batch-atom-in ?product-batch-atom-in) (is-product ?first-batch-atom ?product-first-batch) (may-interface ?product-batch-atom-in ?product-first-batch) (not (= ?batch-atom-in ?first-batch-atom)) (not (= ?from-tank-slot ?to-tank-slot)) (not-occupied ?to-tank-slot) (occupied ?from-tank-slot) (on ?batch-atom-in ?from-area) (tank-slot-product-location ?from-tank-slot ?product-batch-atom-in ?from-area) (tank-slot-product-location ?to-tank-slot ?product-first-batch ?to-area) (unitary ?pipe))
      eff: (and (first ?batch-atom-in ?pipe) (not (first ?first-batch-atom ?pipe)) (not (not-occupied ?to-tank-slot)) (not (occupied ?from-tank-slot)) (not (on ?batch-atom-in ?from-area)) (not-occupied ?from-tank-slot) (occupied ?to-tank-slot) (on ?first-batch-atom ?to-area))
Pred prop:
  + (= object object): in_pre in_pre_neg
Global prop:
  + has_eq_pred
