Compile-in LMG: BEGIN
Compile-in LMG: Cfg: prune_mutex = true
Compile-in LMG: Cfg: prune_dead_end = true
Compile-in LMG: actions: 12, lifted mgroups: 11
Compile-in LMG: Found mutex condition for action 'fill-shot' and mgroup {holding V0:hand C1:container, handempty V0:hand, holding V0:hand C2:container}:=1: (= ?h1 ?h2)
Compile-in LMG: Precondition of action 'fill-shot' extended with (not (= ?h1 ?h2))
Compile-in LMG: Found mutex condition for action 'refill-shot' and mgroup {holding V0:hand C1:container, handempty V0:hand, holding V0:hand C2:container}:=1: (= ?h1 ?h2)
Compile-in LMG: Precondition of action 'refill-shot' extended with (not (= ?h1 ?h2))
Compile-in LMG: Found dead-end condition for action 'empty-shot' and mgroup {contains V0:shot V1:cocktail, clean V0:shot, used V0:shot C2:beverage, used V0:shot C3:beverage}: (and (= ?p shot1) (= ?b cocktail8))
Compile-in LMG: Found dead-end condition for action 'empty-shot' and mgroup {contains V0:shot V1:cocktail, clean V0:shot, used V0:shot C2:beverage, used V0:shot C3:beverage}: (and (= ?p shot2) (= ?b cocktail3))
Compile-in LMG: Found dead-end condition for action 'empty-shot' and mgroup {contains V0:shot V1:cocktail, clean V0:shot, used V0:shot C2:beverage, used V0:shot C3:beverage}: (and (= ?p shot3) (= ?b cocktail1))
Compile-in LMG: Found dead-end condition for action 'empty-shot' and mgroup {contains V0:shot V1:cocktail, clean V0:shot, used V0:shot C2:beverage, used V0:shot C3:beverage}: (and (= ?p shot4) (= ?b cocktail5))
Compile-in LMG: Found dead-end condition for action 'empty-shot' and mgroup {contains V0:shot V1:cocktail, clean V0:shot, used V0:shot C2:beverage, used V0:shot C3:beverage}: (and (= ?p shot5) (= ?b cocktail4))
Compile-in LMG: Found dead-end condition for action 'empty-shot' and mgroup {contains V0:shot V1:cocktail, clean V0:shot, used V0:shot C2:beverage, used V0:shot C3:beverage}: (and (= ?p shot6) (= ?b cocktail6))
Compile-in LMG: Found dead-end condition for action 'empty-shot' and mgroup {contains V0:shot V1:cocktail, clean V0:shot, used V0:shot C2:beverage, used V0:shot C3:beverage}: (and (= ?p shot7) (= ?b cocktail2))
Compile-in LMG: Found dead-end condition for action 'empty-shot' and mgroup {contains V0:shot V1:cocktail, clean V0:shot, used V0:shot C2:beverage, used V0:shot C3:beverage}: (and (= ?p shot8) (= ?b cocktail7))
Compile-in LMG: Found dead-end condition for action 'empty-shot' and mgroup {contains V0:shot C1:cocktail, clean V0:shot, used V0:shot C2:beverage, contains V0:shot C3:cocktail, used V0:shot C4:beverage}: (and (= ?p shot1) (or (= ?b cocktail1) (= ?b cocktail2) (= ?b cocktail3) (= ?b cocktail4) (= ?b cocktail5) (= ?b cocktail6) (= ?b cocktail7) (= ?b cocktail8)))
Compile-in LMG: Found dead-end condition for action 'empty-shot' and mgroup {contains V0:shot C1:cocktail, clean V0:shot, used V0:shot C2:beverage, contains V0:shot C3:cocktail, used V0:shot C4:beverage}: (and (= ?p shot2) (or (= ?b cocktail1) (= ?b cocktail2) (= ?b cocktail3) (= ?b cocktail4) (= ?b cocktail5) (= ?b cocktail6) (= ?b cocktail7) (= ?b cocktail8)))
Compile-in LMG: Found dead-end condition for action 'empty-shot' and mgroup {contains V0:shot C1:cocktail, clean V0:shot, used V0:shot C2:beverage, contains V0:shot C3:cocktail, used V0:shot C4:beverage}: (and (= ?p shot3) (or (= ?b cocktail1) (= ?b cocktail2) (= ?b cocktail3) (= ?b cocktail4) (= ?b cocktail5) (= ?b cocktail6) (= ?b cocktail7) (= ?b cocktail8)))
Compile-in LMG: Found dead-end condition for action 'empty-shot' and mgroup {contains V0:shot C1:cocktail, clean V0:shot, used V0:shot C2:beverage, contains V0:shot C3:cocktail, used V0:shot C4:beverage}: (and (= ?p shot4) (or (= ?b cocktail1) (= ?b cocktail2) (= ?b cocktail3) (= ?b cocktail4) (= ?b cocktail5) (= ?b cocktail6) (= ?b cocktail7) (= ?b cocktail8)))
Compile-in LMG: Found dead-end condition for action 'empty-shot' and mgroup {contains V0:shot C1:cocktail, clean V0:shot, used V0:shot C2:beverage, contains V0:shot C3:cocktail, used V0:shot C4:beverage}: (and (= ?p shot5) (or (= ?b cocktail1) (= ?b cocktail2) (= ?b cocktail3) (= ?b cocktail4) (= ?b cocktail5) (= ?b cocktail6) (= ?b cocktail7) (= ?b cocktail8)))
Compile-in LMG: Found dead-end condition for action 'empty-shot' and mgroup {contains V0:shot C1:cocktail, clean V0:shot, used V0:shot C2:beverage, contains V0:shot C3:cocktail, used V0:shot C4:beverage}: (and (= ?p shot6) (or (= ?b cocktail1) (= ?b cocktail2) (= ?b cocktail3) (= ?b cocktail4) (= ?b cocktail5) (= ?b cocktail6) (= ?b cocktail7) (= ?b cocktail8)))
Compile-in LMG: Found dead-end condition for action 'empty-shot' and mgroup {contains V0:shot C1:cocktail, clean V0:shot, used V0:shot C2:beverage, contains V0:shot C3:cocktail, used V0:shot C4:beverage}: (and (= ?p shot7) (or (= ?b cocktail1) (= ?b cocktail2) (= ?b cocktail3) (= ?b cocktail4) (= ?b cocktail5) (= ?b cocktail6) (= ?b cocktail7) (= ?b cocktail8)))
Compile-in LMG: Found dead-end condition for action 'empty-shot' and mgroup {contains V0:shot C1:cocktail, clean V0:shot, used V0:shot C2:beverage, contains V0:shot C3:cocktail, used V0:shot C4:beverage}: (and (= ?p shot8) (or (= ?b cocktail1) (= ?b cocktail2) (= ?b cocktail3) (= ?b cocktail4) (= ?b cocktail5) (= ?b cocktail6) (= ?b cocktail7) (= ?b cocktail8)))
Compile-in LMG: Precondition of action 'empty-shot' extended with (or (and (not (= ?p shot8)) (not (= ?p shot7)) (not (= ?p shot6)) (not (= ?p shot5)) (not (= ?p shot4)) (not (= ?p shot3)) (not (= ?p shot2)) (not (= ?p shot1))) (and (not (= ?b cocktail7)) (not (= ?b cocktail2)) (not (= ?b cocktail6)) (not (= ?b cocktail4)) (not (= ?b cocktail5)) (not (= ?b cocktail1)) (not (= ?b cocktail8)) (not (= ?b cocktail3))))
Compile-in LMG: Found mutex condition for action 'clean-shot' and mgroup {holding V0:hand C1:container, handempty V0:hand, holding V0:hand C2:container}:=1: (= ?h1 ?h2)
Compile-in LMG: Precondition of action 'clean-shot' extended with (not (= ?h1 ?h2))
Compile-in LMG: Found mutex condition for action 'clean-shaker' and mgroup {holding V0:hand C1:container, handempty V0:hand, holding V0:hand C2:container}:=1: (= ?h1 ?h2)
Compile-in LMG: Precondition of action 'clean-shaker' extended with (not (= ?h1 ?h2))
Compile-in LMG: Found mutex condition for action 'shake' and mgroup {holding V0:hand C1:container, handempty V0:hand, holding V0:hand C2:container}:=1: (= ?h1 ?h2)
Compile-in LMG: Precondition of action 'shake' extended with (not (= ?h1 ?h2))
Compile-in LMG: Found dead-end condition for action 'pour-shaker-to-shot' and mgroup {contains V0:shot V1:cocktail, clean V0:shot, used V0:shot C2:beverage, used V0:shot C3:beverage}: (and (not (= ?b cocktail8)) (= ?d shot1))
Compile-in LMG: Found dead-end condition for action 'pour-shaker-to-shot' and mgroup {contains V0:shot V1:cocktail, clean V0:shot, used V0:shot C2:beverage, used V0:shot C3:beverage}: (and (not (= ?b cocktail3)) (= ?d shot2))
Compile-in LMG: Found dead-end condition for action 'pour-shaker-to-shot' and mgroup {contains V0:shot V1:cocktail, clean V0:shot, used V0:shot C2:beverage, used V0:shot C3:beverage}: (and (not (= ?b cocktail1)) (= ?d shot3))
Compile-in LMG: Found dead-end condition for action 'pour-shaker-to-shot' and mgroup {contains V0:shot V1:cocktail, clean V0:shot, used V0:shot C2:beverage, used V0:shot C3:beverage}: (and (not (= ?b cocktail5)) (= ?d shot4))
Compile-in LMG: Found dead-end condition for action 'pour-shaker-to-shot' and mgroup {contains V0:shot V1:cocktail, clean V0:shot, used V0:shot C2:beverage, used V0:shot C3:beverage}: (and (not (= ?b cocktail4)) (= ?d shot5))
Compile-in LMG: Found dead-end condition for action 'pour-shaker-to-shot' and mgroup {contains V0:shot V1:cocktail, clean V0:shot, used V0:shot C2:beverage, used V0:shot C3:beverage}: (and (not (= ?b cocktail6)) (= ?d shot6))
Compile-in LMG: Found dead-end condition for action 'pour-shaker-to-shot' and mgroup {contains V0:shot V1:cocktail, clean V0:shot, used V0:shot C2:beverage, used V0:shot C3:beverage}: (and (not (= ?b cocktail2)) (= ?d shot7))
Compile-in LMG: Found dead-end condition for action 'pour-shaker-to-shot' and mgroup {contains V0:shot V1:cocktail, clean V0:shot, used V0:shot C2:beverage, used V0:shot C3:beverage}: (and (not (= ?b cocktail7)) (= ?d shot8))
Compile-in LMG: Found dead-end condition for action 'pour-shaker-to-shot' and mgroup {contains V0:shot C1:cocktail, clean V0:shot, used V0:shot C2:beverage, contains V0:shot C3:cocktail, used V0:shot C4:beverage}: (and (= ?d shot1) (not (= ?b cocktail1)) (not (= ?b cocktail2)) (not (= ?b cocktail3)) (not (= ?b cocktail4)) (not (= ?b cocktail5)) (not (= ?b cocktail6)) (not (= ?b cocktail7)) (not (= ?b cocktail8)))
Compile-in LMG: Found dead-end condition for action 'pour-shaker-to-shot' and mgroup {contains V0:shot C1:cocktail, clean V0:shot, used V0:shot C2:beverage, contains V0:shot C3:cocktail, used V0:shot C4:beverage}: (and (= ?d shot2) (not (= ?b cocktail1)) (not (= ?b cocktail2)) (not (= ?b cocktail3)) (not (= ?b cocktail4)) (not (= ?b cocktail5)) (not (= ?b cocktail6)) (not (= ?b cocktail7)) (not (= ?b cocktail8)))
Compile-in LMG: Found dead-end condition for action 'pour-shaker-to-shot' and mgroup {contains V0:shot C1:cocktail, clean V0:shot, used V0:shot C2:beverage, contains V0:shot C3:cocktail, used V0:shot C4:beverage}: (and (= ?d shot3) (not (= ?b cocktail1)) (not (= ?b cocktail2)) (not (= ?b cocktail3)) (not (= ?b cocktail4)) (not (= ?b cocktail5)) (not (= ?b cocktail6)) (not (= ?b cocktail7)) (not (= ?b cocktail8)))
Compile-in LMG: Found dead-end condition for action 'pour-shaker-to-shot' and mgroup {contains V0:shot C1:cocktail, clean V0:shot, used V0:shot C2:beverage, contains V0:shot C3:cocktail, used V0:shot C4:beverage}: (and (= ?d shot4) (not (= ?b cocktail1)) (not (= ?b cocktail2)) (not (= ?b cocktail3)) (not (= ?b cocktail4)) (not (= ?b cocktail5)) (not (= ?b cocktail6)) (not (= ?b cocktail7)) (not (= ?b cocktail8)))
Compile-in LMG: Found dead-end condition for action 'pour-shaker-to-shot' and mgroup {contains V0:shot C1:cocktail, clean V0:shot, used V0:shot C2:beverage, contains V0:shot C3:cocktail, used V0:shot C4:beverage}: (and (= ?d shot5) (not (= ?b cocktail1)) (not (= ?b cocktail2)) (not (= ?b cocktail3)) (not (= ?b cocktail4)) (not (= ?b cocktail5)) (not (= ?b cocktail6)) (not (= ?b cocktail7)) (not (= ?b cocktail8)))
Compile-in LMG: Found dead-end condition for action 'pour-shaker-to-shot' and mgroup {contains V0:shot C1:cocktail, clean V0:shot, used V0:shot C2:beverage, contains V0:shot C3:cocktail, used V0:shot C4:beverage}: (and (= ?d shot6) (not (= ?b cocktail1)) (not (= ?b cocktail2)) (not (= ?b cocktail3)) (not (= ?b cocktail4)) (not (= ?b cocktail5)) (not (= ?b cocktail6)) (not (= ?b cocktail7)) (not (= ?b cocktail8)))
Compile-in LMG: Found dead-end condition for action 'pour-shaker-to-shot' and mgroup {contains V0:shot C1:cocktail, clean V0:shot, used V0:shot C2:beverage, contains V0:shot C3:cocktail, used V0:shot C4:beverage}: (and (= ?d shot7) (not (= ?b cocktail1)) (not (= ?b cocktail2)) (not (= ?b cocktail3)) (not (= ?b cocktail4)) (not (= ?b cocktail5)) (not (= ?b cocktail6)) (not (= ?b cocktail7)) (not (= ?b cocktail8)))
Compile-in LMG: Found dead-end condition for action 'pour-shaker-to-shot' and mgroup {contains V0:shot C1:cocktail, clean V0:shot, used V0:shot C2:beverage, contains V0:shot C3:cocktail, used V0:shot C4:beverage}: (and (= ?d shot8) (not (= ?b cocktail1)) (not (= ?b cocktail2)) (not (= ?b cocktail3)) (not (= ?b cocktail4)) (not (= ?b cocktail5)) (not (= ?b cocktail6)) (not (= ?b cocktail7)) (not (= ?b cocktail8)))
Compile-in LMG: Precondition of action 'pour-shaker-to-shot' extended with (or (and (= ?b cocktail8) (not (= ?d shot8)) (not (= ?d shot7)) (not (= ?d shot6)) (not (= ?d shot5)) (not (= ?d shot4)) (not (= ?d shot3)) (not (= ?d shot2))) (and (= ?b cocktail3) (not (= ?d shot8)) (not (= ?d shot7)) (not (= ?d shot6)) (not (= ?d shot5)) (not (= ?d shot4)) (not (= ?d shot3)) (not (= ?d shot1))) (and (= ?b cocktail1) (not (= ?d shot8)) (not (= ?d shot7)) (not (= ?d shot6)) (not (= ?d shot5)) (not (= ?d shot4)) (not (= ?d shot1)) (not (= ?d shot2))) (and (= ?b cocktail5) (not (= ?d shot8)) (not (= ?d shot7)) (not (= ?d shot6)) (not (= ?d shot5)) (not (= ?d shot3)) (not (= ?d shot1)) (not (= ?d shot2))) (and (= ?b cocktail4) (not (= ?d shot8)) (not (= ?d shot7)) (not (= ?d shot6)) (not (= ?d shot4)) (not (= ?d shot3)) (not (= ?d shot1)) (not (= ?d shot2))) (and (= ?b cocktail6) (not (= ?d shot8)) (not (= ?d shot7)) (not (= ?d shot5)) (not (= ?d shot4)) (not (= ?d shot3)) (not (= ?d shot1)) (not (= ?d shot2))) (and (= ?b cocktail2) (not (= ?d shot8)) (not (= ?d shot6)) (not (= ?d shot5)) (not (= ?d shot4)) (not (= ?d shot3)) (not (= ?d shot1)) (not (= ?d shot2))) (and (= ?b cocktail7) (not (= ?d shot7)) (not (= ?d shot6)) (not (= ?d shot5)) (not (= ?d shot4)) (not (= ?d shot3)) (not (= ?d shot1)) (not (= ?d shot2))) (and (not (= ?d shot8)) (not (= ?d shot7)) (not (= ?d shot6)) (not (= ?d shot5)) (not (= ?d shot4)) (not (= ?d shot3)) (not (= ?d shot2)) (not (= ?d shot1))))
Compile-in LMG: PDDL-Norm: BEGIN
Compile-in LMG: PDDL-Norm: Before normalization: types: 10, objects: 29, predicates: 16, functions: 0, actions: 12, action-pre-size: [min: 79, max: 2, avg: 12.08, med: 5.50]
Compile-in LMG: PDDL-Norm: Neg-Cond: BEGIN
Compile-in LMG: PDDL-Norm: Neg-Cond: Cfg: only_dynamic: true
Compile-in LMG: PDDL-Norm: Neg-Cond: Cfg: only_goal: false
Compile-in LMG: PDDL-Norm: Neg-Cond: Cfg: only_relevant_facts_in_init: true
Compile-in LMG: PDDL-Norm: Neg-Cond: Extending initial state...
Compile-in LMG: PDDL-Norm: Neg-Cond: Looking for datalog rules in action grasp
Compile-in LMG: PDDL-Norm: Neg-Cond: Looking for datalog rules in action leave
Compile-in LMG: PDDL-Norm: Neg-Cond: Looking for datalog rules in action fill-shot
Compile-in LMG: PDDL-Norm: Neg-Cond: Looking for datalog rules in action refill-shot
Compile-in LMG: PDDL-Norm: Neg-Cond: Looking for datalog rules in action empty-shot
Compile-in LMG: PDDL-Norm: Neg-Cond: Looking for datalog rules in action clean-shot
Compile-in LMG: PDDL-Norm: Neg-Cond: Looking for datalog rules in action pour-shot-to-clean-shaker
Compile-in LMG: PDDL-Norm: Neg-Cond: Looking for datalog rules in action pour-shot-to-used-shaker
Compile-in LMG: PDDL-Norm: Neg-Cond: Looking for datalog rules in action empty-shaker
Compile-in LMG: PDDL-Norm: Neg-Cond: Looking for datalog rules in action clean-shaker
Compile-in LMG: PDDL-Norm: Neg-Cond: Looking for datalog rules in action shake
Compile-in LMG: PDDL-Norm: Neg-Cond: Looking for datalog rules in action pour-shaker-to-shot
Compile-in LMG: PDDL-Norm: Neg-Cond: Looking for datalog rules in action empty-shot
Compile-in LMG: PDDL-Norm: Neg-Cond: Looking for datalog rules in action pour-shaker-to-shot
Compile-in LMG: PDDL-Norm: Neg-Cond: Looking for datalog rules in action pour-shaker-to-shot
Compile-in LMG: PDDL-Norm: Neg-Cond: Looking for datalog rules in action pour-shaker-to-shot
Compile-in LMG: PDDL-Norm: Neg-Cond: Looking for datalog rules in action pour-shaker-to-shot
Compile-in LMG: PDDL-Norm: Neg-Cond: Looking for datalog rules in action pour-shaker-to-shot
Compile-in LMG: PDDL-Norm: Neg-Cond: Looking for datalog rules in action pour-shaker-to-shot
Compile-in LMG: PDDL-Norm: Neg-Cond: Looking for datalog rules in action pour-shaker-to-shot
Compile-in LMG: PDDL-Norm: Neg-Cond: Looking for datalog rules in action pour-shaker-to-shot
Compile-in LMG: PDDL-Norm: Neg-Cond: DL Normal form: BEGIN
Compile-in LMG: PDDL-Norm: Neg-Cond: DL Normal form: Normal form of the datalog program start (consts: 29, vars: 6, predicates: 26, rules: 130)
Compile-in LMG: PDDL-Norm: Neg-Cond: DL Normal form: reduce-rule-set: Nothing to reduce
Compile-in LMG: PDDL-Norm: Neg-Cond: DL Normal form: Normal form of the datalog program DONE (consts: 29, vars: 6, predicates: 26, rules: 130)
Compile-in LMG: PDDL-Norm: Neg-Cond: DL Normal form: END
Compile-in LMG: PDDL-Norm: Neg-Cond: DL Canonical Model: BEGIN
Compile-in LMG: PDDL-Norm: Neg-Cond: DL Canonical Model: start (consts: 29, vars: 6, predicates: 26, rules: 130)
Compile-in LMG: PDDL-Norm: Neg-Cond: DL Canonical Model: Added initial facts: 130
Compile-in LMG: PDDL-Norm: Neg-Cond: DL Canonical Model: DONE (facts: 130, db-mem: 0MB)
Compile-in LMG: PDDL-Norm: Neg-Cond: DL Canonical Model: END
Compile-in LMG: PDDL-Norm: Neg-Cond: Number of added NOT- predicates: 0
Compile-in LMG: PDDL-Norm: Neg-Cond: Initial state extended.
Compile-in LMG: PDDL-Norm: Neg-Cond: Compiled away negative conditions of 0 predicates
Compile-in LMG: PDDL-Norm: Neg-Cond: END
Compile-in LMG: PDDL-Norm: PDDL task normalized. types: 10, objects: 29, predicates: 16, functions: 0, actions: 21, action-pre-size: [min: 15, max: 2, avg: 9.67, med: 8.00]
Compile-in LMG: PDDL-Norm: END
Compile-in LMG: DONE. actions: 21
Compile-in LMG: END
Domain: barman
Problem: prob
Require: ff
Type[10]:
    [0]: object, parent: -1
    [1]: hand, parent: 0
    [2]: level, parent: 0
    [3]: beverage, parent: 0
    [4]: dispenser, parent: 0
    [5]: container, parent: 0
    [6]: ingredient, parent: 3
    [7]: cocktail, parent: 3
    [8]: shot, parent: 5
    [9]: shaker, parent: 5
Obj-by-Type:
    [0]: 0 1 2 3 4 5 6 7 8 9 10 11 12 13 14 15 16 17 18 19 20 21 22 23 24 25 26 27 28
    [1]: 1 2
    [2]: 26 27 28
    [3]: 12 13 14 15 16 17 18 19 20 21 22
    [4]: 23 24 25
    [5]: 0 3 4 5 6 7 8 9 10 11
    [6]: 12 13 14
    [7]: 15 16 17 18 19 20 21 22
    [8]: 3 4 5 6 7 8 9 10 11
    [9]: 0
Obj[29]:
    [0]: shaker1, type: 9, is-constant: 0, is-private: 0, owner: -1, is-agent: 0
    [1]: left, type: 1, is-constant: 0, is-private: 0, owner: -1, is-agent: 0
    [2]: right, type: 1, is-constant: 0, is-private: 0, owner: -1, is-agent: 0
    [3]: shot1, type: 8, is-constant: 0, is-private: 0, owner: -1, is-agent: 0
    [4]: shot2, type: 8, is-constant: 0, is-private: 0, owner: -1, is-agent: 0
    [5]: shot3, type: 8, is-constant: 0, is-private: 0, owner: -1, is-agent: 0
    [6]: shot4, type: 8, is-constant: 0, is-private: 0, owner: -1, is-agent: 0
    [7]: shot5, type: 8, is-constant: 0, is-private: 0, owner: -1, is-agent: 0
    [8]: shot6, type: 8, is-constant: 0, is-private: 0, owner: -1, is-agent: 0
    [9]: shot7, type: 8, is-constant: 0, is-private: 0, owner: -1, is-agent: 0
    [10]: shot8, type: 8, is-constant: 0, is-private: 0, owner: -1, is-agent: 0
    [11]: shot9, type: 8, is-constant: 0, is-private: 0, owner: -1, is-agent: 0
    [12]: ingredient1, type: 6, is-constant: 0, is-private: 0, owner: -1, is-agent: 0
    [13]: ingredient2, type: 6, is-constant: 0, is-private: 0, owner: -1, is-agent: 0
    [14]: ingredient3, type: 6, is-constant: 0, is-private: 0, owner: -1, is-agent: 0
    [15]: cocktail1, type: 7, is-constant: 0, is-private: 0, owner: -1, is-agent: 0
    [16]: cocktail2, type: 7, is-constant: 0, is-private: 0, owner: -1, is-agent: 0
    [17]: cocktail3, type: 7, is-constant: 0, is-private: 0, owner: -1, is-agent: 0
    [18]: cocktail4, type: 7, is-constant: 0, is-private: 0, owner: -1, is-agent: 0
    [19]: cocktail5, type: 7, is-constant: 0, is-private: 0, owner: -1, is-agent: 0
    [20]: cocktail6, type: 7, is-constant: 0, is-private: 0, owner: -1, is-agent: 0
    [21]: cocktail7, type: 7, is-constant: 0, is-private: 0, owner: -1, is-agent: 0
    [22]: cocktail8, type: 7, is-constant: 0, is-private: 0, owner: -1, is-agent: 0
    [23]: dispenser1, type: 4, is-constant: 0, is-private: 0, owner: -1, is-agent: 0
    [24]: dispenser2, type: 4, is-constant: 0, is-private: 0, owner: -1, is-agent: 0
    [25]: dispenser3, type: 4, is-constant: 0, is-private: 0, owner: -1, is-agent: 0
    [26]: l0, type: 2, is-constant: 0, is-private: 0, owner: -1, is-agent: 0
    [27]: l1, type: 2, is-constant: 0, is-private: 0, owner: -1, is-agent: 0
    [28]: l2, type: 2, is-constant: 0, is-private: 0, owner: -1, is-agent: 0
Predicate[16]:
    =: 0 0 :: read: 1, write: 0, in-init: 0
    ontable: 5 :: read: 1, write: 1, in-init: 1
    holding: 1 5 :: read: 1, write: 1, in-init: 0
    handempty: 1 :: read: 1, write: 1, in-init: 1
    empty: 5 :: read: 1, write: 1, in-init: 1
    contains: 5 3 :: read: 1, write: 1, in-init: 0
    clean: 5 :: read: 1, write: 1, in-init: 1
    used: 5 3 :: read: 1, write: 1, in-init: 0
    dispenses: 4 6 :: read: 1, write: 0, in-init: 1
    shaker-empty-level: 9 2 :: read: 1, write: 0, in-init: 1
    shaker-level: 9 2 :: read: 1, write: 1, in-init: 1
    next: 2 2 :: read: 1, write: 0, in-init: 1
    unshaked: 9 :: read: 1, write: 1, in-init: 0
    shaked: 9 :: read: 1, write: 1, in-init: 0
    cocktail-part1: 7 6 :: read: 1, write: 0, in-init: 1
    cocktail-part2: 7 6 :: read: 1, write: 0, in-init: 1
Function[0]:
Action[21]:
    grasp: ?h:1 ?c:5
        pre: (and (RW:ontable ?c) (RW:handempty ?h))
        eff: (and (N:RW:ontable ?c) (RW:holding ?h ?c) (N:RW:handempty ?h))
    leave: ?h:1 ?c:5
        pre: (and (RW:holding ?h ?c))
        eff: (and (RW:ontable ?c) (N:RW:holding ?h ?c) (RW:handempty ?h))
    fill-shot: ?s:8 ?i:6 ?h1:1 ?h2:1 ?d:4
        pre: (and (N:R:= ?h1 ?h2) (R:dispenses ?d ?i) (RW:holding ?h1 ?s) (RW:handempty ?h2) (RW:empty ?s) (RW:clean ?s))
        eff: (and (N:RW:empty ?s) (RW:contains ?s ?i) (N:RW:clean ?s) (RW:used ?s ?i))
    refill-shot: ?s:8 ?i:6 ?h1:1 ?h2:1 ?d:4
        pre: (and (N:R:= ?h1 ?h2) (R:dispenses ?d ?i) (RW:holding ?h1 ?s) (RW:handempty ?h2) (RW:empty ?s) (RW:used ?s ?i))
        eff: (and (N:RW:empty ?s) (RW:contains ?s ?i))
    empty-shot: ?h:1 ?p:8 ?b:3
        pre: (and (N:R:= ?p shot1) (N:R:= ?p shot2) (N:R:= ?p shot3) (N:R:= ?p shot4) (N:R:= ?p shot5) (N:R:= ?p shot6) (N:R:= ?p shot7) (N:R:= ?p shot8) (RW:holding ?h ?p) (RW:contains ?p ?b))
        eff: (and (RW:empty ?p) (N:RW:contains ?p ?b))
    clean-shot: ?s:8 ?b:3 ?h1:1 ?h2:1
        pre: (and (N:R:= ?h1 ?h2) (RW:holding ?h1 ?s) (RW:handempty ?h2) (RW:empty ?s) (RW:used ?s ?b))
        eff: (and (RW:clean ?s) (N:RW:used ?s ?b))
    pour-shot-to-clean-shaker: ?s:8 ?i:6 ?d:9 ?h1:1 ?l:2 ?l1:2
        pre: (and (R:next ?l ?l1) (RW:holding ?h1 ?s) (RW:empty ?d) (RW:contains ?s ?i) (RW:clean ?d) (RW:shaker-level ?d ?l))
        eff: (and (RW:empty ?s) (N:RW:empty ?d) (N:RW:contains ?s ?i) (RW:contains ?d ?i) (N:RW:clean ?d) (N:RW:shaker-level ?d ?l) (RW:shaker-level ?d ?l1) (RW:unshaked ?d))
    pour-shot-to-used-shaker: ?s:8 ?i:6 ?d:9 ?h1:1 ?l:2 ?l1:2
        pre: (and (R:next ?l ?l1) (RW:holding ?h1 ?s) (RW:contains ?s ?i) (RW:shaker-level ?d ?l) (RW:unshaked ?d))
        eff: (and (RW:empty ?s) (N:RW:contains ?s ?i) (RW:contains ?d ?i) (N:RW:shaker-level ?d ?l) (RW:shaker-level ?d ?l1))
    empty-shaker: ?h:1 ?s:9 ?b:7 ?l:2 ?l1:2
        pre: (and (R:shaker-empty-level ?s ?l1) (RW:holding ?h ?s) (RW:contains ?s ?b) (RW:shaker-level ?s ?l) (RW:shaked ?s))
        eff: (and (RW:empty ?s) (N:RW:contains ?s ?b) (N:RW:shaker-level ?s ?l) (RW:shaker-level ?s ?l1) (N:RW:shaked ?s))
    clean-shaker: ?h1:1 ?h2:1 ?s:9
        pre: (and (N:R:= ?h1 ?h2) (RW:holding ?h1 ?s) (RW:handempty ?h2) (RW:empty ?s))
        eff: (and (RW:clean ?s))
    shake: ?b:7 ?d1:6 ?d2:6 ?s:9 ?h1:1 ?h2:1
        pre: (and (N:R:= ?h1 ?h2) (R:cocktail-part1 ?b ?d1) (R:cocktail-part2 ?b ?d2) (RW:holding ?h1 ?s) (RW:handempty ?h2) (RW:contains ?s ?d1) (RW:contains ?s ?d2) (RW:unshaked ?s))
        eff: (and (RW:contains ?s ?b) (N:RW:contains ?s ?d1) (N:RW:contains ?s ?d2) (N:RW:unshaked ?s) (RW:shaked ?s))
    pour-shaker-to-shot: ?b:3 ?d:8 ?h:1 ?s:9 ?l:2 ?l1:2
        pre: (and (R:= ?b cocktail8) (N:R:= ?d shot2) (N:R:= ?d shot3) (N:R:= ?d shot4) (N:R:= ?d shot5) (N:R:= ?d shot6) (N:R:= ?d shot7) (N:R:= ?d shot8) (R:next ?l1 ?l) (RW:holding ?h ?s) (RW:empty ?d) (RW:contains ?s cocktail8) (RW:clean ?d) (RW:shaker-level ?s ?l) (RW:shaked ?s))
        eff: (and (N:RW:empty ?d) (RW:contains ?d cocktail8) (N:RW:clean ?d) (N:RW:shaker-level ?s ?l) (RW:shaker-level ?s ?l1))
    empty-shot: ?h:1 ?p:8 ?b:3
        pre: (and (N:R:= ?b cocktail1) (N:R:= ?b cocktail2) (N:R:= ?b cocktail3) (N:R:= ?b cocktail4) (N:R:= ?b cocktail5) (N:R:= ?b cocktail6) (N:R:= ?b cocktail7) (N:R:= ?b cocktail8) (RW:holding ?h ?p) (RW:contains ?p ?b))
        eff: (and (RW:empty ?p) (N:RW:contains ?p ?b))
    pour-shaker-to-shot: ?b:3 ?d:8 ?h:1 ?s:9 ?l:2 ?l1:2
        pre: (and (R:= ?b cocktail3) (N:R:= ?d shot1) (N:R:= ?d shot3) (N:R:= ?d shot4) (N:R:= ?d shot5) (N:R:= ?d shot6) (N:R:= ?d shot7) (N:R:= ?d shot8) (R:next ?l1 ?l) (RW:holding ?h ?s) (RW:empty ?d) (RW:contains ?s cocktail3) (RW:clean ?d) (RW:shaker-level ?s ?l) (RW:shaked ?s))
        eff: (and (N:RW:empty ?d) (RW:contains ?d cocktail3) (N:RW:clean ?d) (N:RW:shaker-level ?s ?l) (RW:shaker-level ?s ?l1))
    pour-shaker-to-shot: ?b:3 ?d:8 ?h:1 ?s:9 ?l:2 ?l1:2
        pre: (and (R:= ?b cocktail1) (N:R:= ?d shot1) (N:R:= ?d shot2) (N:R:= ?d shot4) (N:R:= ?d shot5) (N:R:= ?d shot6) (N:R:= ?d shot7) (N:R:= ?d shot8) (R:next ?l1 ?l) (RW:holding ?h ?s) (RW:empty ?d) (RW:contains ?s cocktail1) (RW:clean ?d) (RW:shaker-level ?s ?l) (RW:shaked ?s))
        eff: (and (N:RW:empty ?d) (RW:contains ?d cocktail1) (N:RW:clean ?d) (N:RW:shaker-level ?s ?l) (RW:shaker-level ?s ?l1))
    pour-shaker-to-shot: ?b:3 ?d:8 ?h:1 ?s:9 ?l:2 ?l1:2
        pre: (and (R:= ?b cocktail5) (N:R:= ?d shot1) (N:R:= ?d shot2) (N:R:= ?d shot3) (N:R:= ?d shot5) (N:R:= ?d shot6) (N:R:= ?d shot7) (N:R:= ?d shot8) (R:next ?l1 ?l) (RW:holding ?h ?s) (RW:empty ?d) (RW:contains ?s cocktail5) (RW:clean ?d) (RW:shaker-level ?s ?l) (RW:shaked ?s))
        eff: (and (N:RW:empty ?d) (RW:contains ?d cocktail5) (N:RW:clean ?d) (N:RW:shaker-level ?s ?l) (RW:shaker-level ?s ?l1))
    pour-shaker-to-shot: ?b:3 ?d:8 ?h:1 ?s:9 ?l:2 ?l1:2
        pre: (and (R:= ?b cocktail4) (N:R:= ?d shot1) (N:R:= ?d shot2) (N:R:= ?d shot3) (N:R:= ?d shot4) (N:R:= ?d shot6) (N:R:= ?d shot7) (N:R:= ?d shot8) (R:next ?l1 ?l) (RW:holding ?h ?s) (RW:empty ?d) (RW:contains ?s cocktail4) (RW:clean ?d) (RW:shaker-level ?s ?l) (RW:shaked ?s))
        eff: (and (N:RW:empty ?d) (RW:contains ?d cocktail4) (N:RW:clean ?d) (N:RW:shaker-level ?s ?l) (RW:shaker-level ?s ?l1))
    pour-shaker-to-shot: ?b:3 ?d:8 ?h:1 ?s:9 ?l:2 ?l1:2
        pre: (and (R:= ?b cocktail6) (N:R:= ?d shot1) (N:R:= ?d shot2) (N:R:= ?d shot3) (N:R:= ?d shot4) (N:R:= ?d shot5) (N:R:= ?d shot7) (N:R:= ?d shot8) (R:next ?l1 ?l) (RW:holding ?h ?s) (RW:empty ?d) (RW:contains ?s cocktail6) (RW:clean ?d) (RW:shaker-level ?s ?l) (RW:shaked ?s))
        eff: (and (N:RW:empty ?d) (RW:contains ?d cocktail6) (N:RW:clean ?d) (N:RW:shaker-level ?s ?l) (RW:shaker-level ?s ?l1))
    pour-shaker-to-shot: ?b:3 ?d:8 ?h:1 ?s:9 ?l:2 ?l1:2
        pre: (and (R:= ?b cocktail2) (N:R:= ?d shot1) (N:R:= ?d shot2) (N:R:= ?d shot3) (N:R:= ?d shot4) (N:R:= ?d shot5) (N:R:= ?d shot6) (N:R:= ?d shot8) (R:next ?l1 ?l) (RW:holding ?h ?s) (RW:empty ?d) (RW:contains ?s cocktail2) (RW:clean ?d) (RW:shaker-level ?s ?l) (RW:shaked ?s))
        eff: (and (N:RW:empty ?d) (RW:contains ?d cocktail2) (N:RW:clean ?d) (N:RW:shaker-level ?s ?l) (RW:shaker-level ?s ?l1))
    pour-shaker-to-shot: ?b:3 ?d:8 ?h:1 ?s:9 ?l:2 ?l1:2
        pre: (and (R:= ?b cocktail7) (N:R:= ?d shot1) (N:R:= ?d shot2) (N:R:= ?d shot3) (N:R:= ?d shot4) (N:R:= ?d shot5) (N:R:= ?d shot6) (N:R:= ?d shot7) (R:next ?l1 ?l) (RW:holding ?h ?s) (RW:empty ?d) (RW:contains ?s cocktail7) (RW:clean ?d) (RW:shaker-level ?s ?l) (RW:shaked ?s))
        eff: (and (N:RW:empty ?d) (RW:contains ?d cocktail7) (N:RW:clean ?d) (N:RW:shaker-level ?s ?l) (RW:shaker-level ?s ?l1))
    pour-shaker-to-shot: ?b:3 ?d:8 ?h:1 ?s:9 ?l:2 ?l1:2
        pre: (and (N:R:= ?d shot1) (N:R:= ?d shot2) (N:R:= ?d shot3) (N:R:= ?d shot4) (N:R:= ?d shot5) (N:R:= ?d shot6) (N:R:= ?d shot7) (N:R:= ?d shot8) (R:next ?l1 ?l) (RW:holding ?h ?s) (RW:empty ?d) (RW:contains ?s ?b) (RW:clean ?d) (RW:shaker-level ?s ?l) (RW:shaked ?s))
        eff: (and (N:RW:empty ?d) (RW:contains ?d ?b) (N:RW:clean ?d) (N:RW:shaker-level ?s ?l) (RW:shaker-level ?s ?l1))
Init[55]:
  S:(dispenses dispenser1 ingredient1)
  S:(dispenses dispenser2 ingredient2)
  S:(dispenses dispenser3 ingredient3)
  S:(shaker-empty-level shaker1 l0)
  S:(next l0 l1)
  S:(next l1 l2)
  S:(cocktail-part1 cocktail1 ingredient1)
  S:(cocktail-part1 cocktail2 ingredient1)
  S:(cocktail-part1 cocktail3 ingredient2)
  S:(cocktail-part1 cocktail4 ingredient3)
  S:(cocktail-part1 cocktail5 ingredient1)
  S:(cocktail-part1 cocktail6 ingredient1)
  S:(cocktail-part1 cocktail7 ingredient2)
  S:(cocktail-part1 cocktail8 ingredient2)
  S:(cocktail-part2 cocktail1 ingredient3)
  S:(cocktail-part2 cocktail2 ingredient2)
  S:(cocktail-part2 cocktail3 ingredient1)
  S:(cocktail-part2 cocktail4 ingredient1)
  S:(cocktail-part2 cocktail5 ingredient3)
  S:(cocktail-part2 cocktail6 ingredient3)
  S:(cocktail-part2 cocktail7 ingredient3)
  S:(cocktail-part2 cocktail8 ingredient1)
  (ontable shaker1)
  (ontable shot1)
  (ontable shot2)
  (ontable shot3)
  (ontable shot4)
  (ontable shot5)
  (ontable shot6)
  (ontable shot7)
  (ontable shot8)
  (ontable shot9)
  (handempty left)
  (handempty right)
  (empty shaker1)
  (empty shot1)
  (empty shot2)
  (empty shot3)
  (empty shot4)
  (empty shot5)
  (empty shot6)
  (empty shot7)
  (empty shot8)
  (empty shot9)
  (clean shaker1)
  (clean shot1)
  (clean shot2)
  (clean shot3)
  (clean shot4)
  (clean shot5)
  (clean shot6)
  (clean shot7)
  (clean shot8)
  (clean shot9)
  (shaker-level shaker1 l0)
Init[0]:
Goal: (and (RW:contains shot1 cocktail8) (RW:contains shot2 cocktail3) (RW:contains shot3 cocktail1) (RW:contains shot4 cocktail5) (RW:contains shot5 cocktail4) (RW:contains shot6 cocktail6) (RW:contains shot7 cocktail2) (RW:contains shot8 cocktail7))
Metric: no-metric
