Mutex groups: 40
 (NOT-NOT-part-of pos-0-2 g0) (NOT-blocked pos-0-0)
 (NOT-NOT-part-of pos-0-2 g0) (NOT-blocked pos-1-1)
 (NOT-NOT-part-of pos-0-2 g0) (NOT-painted pos-0-1)
 (NOT-NOT-part-of pos-0-2 g0) (NOT-part-of pos-0-2 g0)
 (NOT-NOT-part-of pos-0-2 g0) (available pos-0-2)
 (NOT-NOT-part-of pos-0-2 g0) (robot-pos pos-0-0)
 (NOT-available pos-0-2) (NOT-blocked pos-0-0)
 (NOT-available pos-0-2) (NOT-blocked pos-1-1)
 (NOT-available pos-0-2) (NOT-painted pos-0-1)
 (NOT-available pos-0-2) (NOT-part-of pos-0-2 g0)
 (NOT-available pos-0-2) (available pos-0-2)
 (NOT-available pos-0-2) (robot-pos pos-0-0)
 (NOT-blocked pos-0-0) (group-painted g0)
 (NOT-blocked pos-0-0) (remaining-cells g0 n0)
 (NOT-blocked pos-1-1) (group-painted g0)
 (NOT-blocked pos-1-1) (remaining-cells g0 n0)
 (NOT-painted pos-2-1) (remaining-cells g1 n0)
 (group-painted g0) (robot-pos pos-0-0)
 (remaining-cells g0 n0) (robot-pos pos-0-0)
 (remaining-cells g1 n0) (remaining-cells g1 n1)
 (NOT-NOT-part-of pos-0-2 g0) (NOT-painted pos-0-0) (remaining-cells g0 n1)
 (NOT-NOT-part-of pos-0-2 g0) (remaining-cells g0 n1) (remaining-cells g0 n2)
 (NOT-available pos-0-2) (NOT-painted pos-0-0) (remaining-cells g0 n1)
 (NOT-available pos-0-2) (remaining-cells g0 n1) (remaining-cells g0 n2)
 (NOT-painted pos-0-0) (group-painted g0) (painting g0)
 (NOT-painted pos-0-0) (group-painted g0) (remaining-cells g0 n1)
 (NOT-painted pos-0-0) (remaining-cells g0 n0) (remaining-cells g0 n1)
 (NOT-painted pos-2-1) (group-painted g1) (painting g1)
 (group-painted g0) (painting g0) (remaining-cells g0 n2)
 (group-painted g0) (remaining-cells g0 n1) (remaining-cells g0 n2)
 (group-painted g1) (painting g1) (remaining-cells g1 n1)
 (moving) (painting g0) (painting g1)
 (moving) (painting g1) (remaining-cells g0 n1)
 (remaining-cells g0 n0) (remaining-cells g0 n1) (remaining-cells g0 n2)
 (painting g0) (painting g1) (robot-pos pos-0-2) (robot-pos pos-1-1) (robot-pos pos-1-2) (robot-pos pos-2-0) (robot-pos pos-2-2)
 (painting g0) (robot-pos pos-0-2) (robot-pos pos-1-1) (robot-pos pos-1-2) (robot-pos pos-2-0) (robot-pos pos-2-1) (robot-pos pos-2-2)
 (painting g1) (remaining-cells g0 n1) (robot-pos pos-0-1) (robot-pos pos-0-2) (robot-pos pos-1-0) (robot-pos pos-1-1) (robot-pos pos-1-2) (robot-pos pos-2-0) (robot-pos pos-2-2)
 (painting g1) (robot-pos pos-0-0) (robot-pos pos-0-1) (robot-pos pos-0-2) (robot-pos pos-1-0) (robot-pos pos-1-1) (robot-pos pos-1-2) (robot-pos pos-2-0) (robot-pos pos-2-2)
 (remaining-cells g0 n1) (robot-pos pos-0-1) (robot-pos pos-0-2) (robot-pos pos-1-0) (robot-pos pos-1-1) (robot-pos pos-1-2) (robot-pos pos-2-0) (robot-pos pos-2-1) (robot-pos pos-2-2)
 (robot-pos pos-0-0) (robot-pos pos-0-1) (robot-pos pos-0-2) (robot-pos pos-1-0) (robot-pos pos-1-1) (robot-pos pos-1-2) (robot-pos pos-2-0) (robot-pos pos-2-1) (robot-pos pos-2-2)

