Irrelevant facts [21/45, static: 15]:
  (NOT-NOT-part-of pos-0-2 g0)
  (NOT-available pos-0-2)
  (NOT-blocked pos-0-0)
  S:(NOT-blocked pos-0-1)
  S:(NOT-blocked pos-0-2)
  S:(NOT-blocked pos-1-0)
  (NOT-blocked pos-1-1)
  S:(NOT-blocked pos-1-2)
  (NOT-blocked pos-2-0)
  S:(NOT-blocked pos-2-1)
  S:(NOT-blocked pos-2-2)
  S:(NOT-painted pos-0-2)
  S:(NOT-painted pos-1-1)
  S:(NOT-painted pos-1-2)
  S:(NOT-painted pos-2-0)
  S:(NOT-painted pos-2-2)
  (NOT-part-of pos-0-2 g0)
  S:(NOT-part-of pos-0-2 g1)
  S:(NOT-part-of pos-1-2 g0)
  S:(NOT-part-of pos-1-2 g1)
  S:(available pos-1-2)
