Step 0 (robot-pos pos-0-0) (moving) (available pos-0-2) (available pos-1-2) (remaining-cells g0 n2) (remaining-cells g1 n1) (NOT-painted pos-0-0) (NOT-painted pos-0-1) (NOT-painted pos-0-2) (NOT-painted pos-1-0) (NOT-painted pos-1-1) (NOT-painted pos-1-2) (NOT-painted pos-2-0) (NOT-painted pos-2-1) (NOT-painted pos-2-2) (NOT-available pos-0-0) (NOT-available pos-0-1) (NOT-available pos-1-0) (NOT-available pos-1-1) (NOT-available pos-2-0) (NOT-available pos-2-1) (NOT-available pos-2-2) (NOT-part-of pos-0-0 g0) (NOT-part-of pos-0-2 g0) (NOT-part-of pos-1-1 g0) (NOT-part-of pos-1-2 g0) (NOT-part-of pos-2-0 g0) (NOT-part-of pos-2-1 g0) (NOT-part-of pos-2-2 g0) (NOT-part-of pos-0-0 g1) (NOT-part-of pos-0-1 g1) (NOT-part-of pos-0-2 g1) (NOT-part-of pos-1-0 g1) (NOT-part-of pos-1-2 g1) (NOT-part-of pos-2-1 g1) (NOT-blocked pos-0-0) (NOT-blocked pos-0-1) (NOT-blocked pos-0-2) (NOT-blocked pos-1-0) (NOT-blocked pos-1-1) (NOT-blocked pos-1-2) (NOT-blocked pos-2-0) (NOT-blocked pos-2-1) (NOT-blocked pos-2-2)
size: 3
move pos-0-0 pos-0-1 :: cost: 1
    add: (robot-pos pos-0-1)
    del: (robot-pos pos-0-0)
move pos-0-0 pos-1-0 :: cost: 1
    add: (robot-pos pos-1-0)
    del: (robot-pos pos-0-0)
start-painting pos-0-0 g0 n2 n1 :: cost: 1
    add: (painting g0) (remaining-cells g0 n1)
    del: (moving) (remaining-cells g0 n2) (NOT-painted pos-0-0)
Step 1 (moving) (available pos-0-2) (available pos-1-2) (remaining-cells g0 n2) (remaining-cells g1 n1) (NOT-painted pos-0-0) (NOT-painted pos-0-1) (NOT-painted pos-0-2) (NOT-painted pos-1-0) (NOT-painted pos-1-1) (NOT-painted pos-1-2) (NOT-painted pos-2-0) (NOT-painted pos-2-1) (NOT-painted pos-2-2) (NOT-available pos-0-0) (NOT-available pos-0-1) (NOT-available pos-1-0) (NOT-available pos-1-1) (NOT-available pos-2-0) (NOT-available pos-2-1) (NOT-available pos-2-2) (NOT-part-of pos-0-0 g0) (NOT-part-of pos-0-2 g0) (NOT-part-of pos-1-1 g0) (NOT-part-of pos-1-2 g0) (NOT-part-of pos-2-0 g0) (NOT-part-of pos-2-1 g0) (NOT-part-of pos-2-2 g0) (NOT-part-of pos-0-0 g1) (NOT-part-of pos-0-1 g1) (NOT-part-of pos-0-2 g1) (NOT-part-of pos-1-0 g1) (NOT-part-of pos-1-2 g1) (NOT-part-of pos-2-1 g1) (NOT-blocked pos-0-0) (NOT-blocked pos-0-1) (NOT-blocked pos-0-2) (NOT-blocked pos-1-0) (NOT-blocked pos-1-1) (NOT-blocked pos-1-2) (NOT-blocked pos-2-0) (NOT-blocked pos-2-1) (NOT-blocked pos-2-2) (robot-pos pos-0-1)
size: 3
move pos-0-1 pos-0-0 :: cost: 1
    add: (robot-pos pos-0-0)
    del: (robot-pos pos-0-1)
move pos-0-1 pos-0-2 :: cost: 1
    add: (robot-pos pos-0-2)
    del: (robot-pos pos-0-1)
move pos-0-1 pos-1-1 :: cost: 1
    add: (robot-pos pos-1-1)
    del: (robot-pos pos-0-1)
Step 2 (moving) (available pos-0-2) (available pos-1-2) (remaining-cells g0 n2) (remaining-cells g1 n1) (NOT-painted pos-0-0) (NOT-painted pos-0-1) (NOT-painted pos-0-2) (NOT-painted pos-1-0) (NOT-painted pos-1-1) (NOT-painted pos-1-2) (NOT-painted pos-2-0) (NOT-painted pos-2-1) (NOT-painted pos-2-2) (NOT-available pos-0-0) (NOT-available pos-0-1) (NOT-available pos-1-0) (NOT-available pos-1-1) (NOT-available pos-2-0) (NOT-available pos-2-1) (NOT-available pos-2-2) (NOT-part-of pos-0-0 g0) (NOT-part-of pos-0-2 g0) (NOT-part-of pos-1-1 g0) (NOT-part-of pos-1-2 g0) (NOT-part-of pos-2-0 g0) (NOT-part-of pos-2-1 g0) (NOT-part-of pos-2-2 g0) (NOT-part-of pos-0-0 g1) (NOT-part-of pos-0-1 g1) (NOT-part-of pos-0-2 g1) (NOT-part-of pos-1-0 g1) (NOT-part-of pos-1-2 g1) (NOT-part-of pos-2-1 g1) (NOT-blocked pos-0-0) (NOT-blocked pos-0-1) (NOT-blocked pos-0-2) (NOT-blocked pos-1-0) (NOT-blocked pos-1-1) (NOT-blocked pos-1-2) (NOT-blocked pos-2-0) (NOT-blocked pos-2-1) (NOT-blocked pos-2-2) (robot-pos pos-0-2)
size: 2
move pos-0-2 pos-0-1 :: cost: 1
    add: (robot-pos pos-0-1)
    del: (robot-pos pos-0-2)
move pos-0-2 pos-1-2 :: cost: 1
    add: (robot-pos pos-1-2)
    del: (robot-pos pos-0-2)
Step 3 (moving) (available pos-0-2) (available pos-1-2) (remaining-cells g0 n2) (remaining-cells g1 n1) (NOT-painted pos-0-0) (NOT-painted pos-0-1) (NOT-painted pos-0-2) (NOT-painted pos-1-0) (NOT-painted pos-1-1) (NOT-painted pos-1-2) (NOT-painted pos-2-0) (NOT-painted pos-2-1) (NOT-painted pos-2-2) (NOT-available pos-0-0) (NOT-available pos-0-1) (NOT-available pos-1-0) (NOT-available pos-1-1) (NOT-available pos-2-0) (NOT-available pos-2-1) (NOT-available pos-2-2) (NOT-part-of pos-0-0 g0) (NOT-part-of pos-0-2 g0) (NOT-part-of pos-1-1 g0) (NOT-part-of pos-1-2 g0) (NOT-part-of pos-2-0 g0) (NOT-part-of pos-2-1 g0) (NOT-part-of pos-2-2 g0) (NOT-part-of pos-0-0 g1) (NOT-part-of pos-0-1 g1) (NOT-part-of pos-0-2 g1) (NOT-part-of pos-1-0 g1) (NOT-part-of pos-1-2 g1) (NOT-part-of pos-2-1 g1) (NOT-blocked pos-0-0) (NOT-blocked pos-0-1) (NOT-blocked pos-0-2) (NOT-blocked pos-1-0) (NOT-blocked pos-1-1) (NOT-blocked pos-1-2) (NOT-blocked pos-2-0) (NOT-blocked pos-2-1) (NOT-blocked pos-2-2) (robot-pos pos-0-1)
size: 3
move pos-0-1 pos-0-0 :: cost: 1
    add: (robot-pos pos-0-0)
    del: (robot-pos pos-0-1)
move pos-0-1 pos-0-2 :: cost: 1
    add: (robot-pos pos-0-2)
    del: (robot-pos pos-0-1)
move pos-0-1 pos-1-1 :: cost: 1
    add: (robot-pos pos-1-1)
    del: (robot-pos pos-0-1)
Step 4 (robot-pos pos-0-0) (moving) (available pos-0-2) (available pos-1-2) (remaining-cells g0 n2) (remaining-cells g1 n1) (NOT-painted pos-0-0) (NOT-painted pos-0-1) (NOT-painted pos-0-2) (NOT-painted pos-1-0) (NOT-painted pos-1-1) (NOT-painted pos-1-2) (NOT-painted pos-2-0) (NOT-painted pos-2-1) (NOT-painted pos-2-2) (NOT-available pos-0-0) (NOT-available pos-0-1) (NOT-available pos-1-0) (NOT-available pos-1-1) (NOT-available pos-2-0) (NOT-available pos-2-1) (NOT-available pos-2-2) (NOT-part-of pos-0-0 g0) (NOT-part-of pos-0-2 g0) (NOT-part-of pos-1-1 g0) (NOT-part-of pos-1-2 g0) (NOT-part-of pos-2-0 g0) (NOT-part-of pos-2-1 g0) (NOT-part-of pos-2-2 g0) (NOT-part-of pos-0-0 g1) (NOT-part-of pos-0-1 g1) (NOT-part-of pos-0-2 g1) (NOT-part-of pos-1-0 g1) (NOT-part-of pos-1-2 g1) (NOT-part-of pos-2-1 g1) (NOT-blocked pos-0-0) (NOT-blocked pos-0-1) (NOT-blocked pos-0-2) (NOT-blocked pos-1-0) (NOT-blocked pos-1-1) (NOT-blocked pos-1-2) (NOT-blocked pos-2-0) (NOT-blocked pos-2-1) (NOT-blocked pos-2-2)
size: 3
move pos-0-0 pos-0-1 :: cost: 1
    add: (robot-pos pos-0-1)
    del: (robot-pos pos-0-0)
move pos-0-0 pos-1-0 :: cost: 1
    add: (robot-pos pos-1-0)
    del: (robot-pos pos-0-0)
start-painting pos-0-0 g0 n2 n1 :: cost: 1
    add: (painting g0) (remaining-cells g0 n1)
    del: (moving) (remaining-cells g0 n2) (NOT-painted pos-0-0)
Step 5 (moving) (available pos-0-2) (available pos-1-2) (remaining-cells g0 n2) (remaining-cells g1 n1) (NOT-painted pos-0-0) (NOT-painted pos-0-1) (NOT-painted pos-0-2) (NOT-painted pos-1-0) (NOT-painted pos-1-1) (NOT-painted pos-1-2) (NOT-painted pos-2-0) (NOT-painted pos-2-1) (NOT-painted pos-2-2) (NOT-available pos-0-0) (NOT-available pos-0-1) (NOT-available pos-1-0) (NOT-available pos-1-1) (NOT-available pos-2-0) (NOT-available pos-2-1) (NOT-available pos-2-2) (NOT-part-of pos-0-0 g0) (NOT-part-of pos-0-2 g0) (NOT-part-of pos-1-1 g0) (NOT-part-of pos-1-2 g0) (NOT-part-of pos-2-0 g0) (NOT-part-of pos-2-1 g0) (NOT-part-of pos-2-2 g0) (NOT-part-of pos-0-0 g1) (NOT-part-of pos-0-1 g1) (NOT-part-of pos-0-2 g1) (NOT-part-of pos-1-0 g1) (NOT-part-of pos-1-2 g1) (NOT-part-of pos-2-1 g1) (NOT-blocked pos-0-0) (NOT-blocked pos-0-1) (NOT-blocked pos-0-2) (NOT-blocked pos-1-0) (NOT-blocked pos-1-1) (NOT-blocked pos-1-2) (NOT-blocked pos-2-0) (NOT-blocked pos-2-1) (NOT-blocked pos-2-2) (robot-pos pos-1-0)
size: 3
move pos-1-0 pos-0-0 :: cost: 1
    add: (robot-pos pos-0-0)
    del: (robot-pos pos-1-0)
move pos-1-0 pos-1-1 :: cost: 1
    add: (robot-pos pos-1-1)
    del: (robot-pos pos-1-0)
move pos-1-0 pos-2-0 :: cost: 1
    add: (robot-pos pos-2-0)
    del: (robot-pos pos-1-0)
Step 6 (moving) (available pos-0-2) (available pos-1-2) (remaining-cells g0 n2) (remaining-cells g1 n1) (NOT-painted pos-0-0) (NOT-painted pos-0-1) (NOT-painted pos-0-2) (NOT-painted pos-1-0) (NOT-painted pos-1-1) (NOT-painted pos-1-2) (NOT-painted pos-2-0) (NOT-painted pos-2-1) (NOT-painted pos-2-2) (NOT-available pos-0-0) (NOT-available pos-0-1) (NOT-available pos-1-0) (NOT-available pos-1-1) (NOT-available pos-2-0) (NOT-available pos-2-1) (NOT-available pos-2-2) (NOT-part-of pos-0-0 g0) (NOT-part-of pos-0-2 g0) (NOT-part-of pos-1-1 g0) (NOT-part-of pos-1-2 g0) (NOT-part-of pos-2-0 g0) (NOT-part-of pos-2-1 g0) (NOT-part-of pos-2-2 g0) (NOT-part-of pos-0-0 g1) (NOT-part-of pos-0-1 g1) (NOT-part-of pos-0-2 g1) (NOT-part-of pos-1-0 g1) (NOT-part-of pos-1-2 g1) (NOT-part-of pos-2-1 g1) (NOT-blocked pos-0-0) (NOT-blocked pos-0-1) (NOT-blocked pos-0-2) (NOT-blocked pos-1-0) (NOT-blocked pos-1-1) (NOT-blocked pos-1-2) (NOT-blocked pos-2-0) (NOT-blocked pos-2-1) (NOT-blocked pos-2-2) (robot-pos pos-2-0)
size: 2
move pos-2-0 pos-1-0 :: cost: 1
    add: (robot-pos pos-1-0)
    del: (robot-pos pos-2-0)
move pos-2-0 pos-2-1 :: cost: 1
    add: (robot-pos pos-2-1)
    del: (robot-pos pos-2-0)
Step 7 (moving) (available pos-0-2) (available pos-1-2) (remaining-cells g0 n2) (remaining-cells g1 n1) (NOT-painted pos-0-0) (NOT-painted pos-0-1) (NOT-painted pos-0-2) (NOT-painted pos-1-0) (NOT-painted pos-1-1) (NOT-painted pos-1-2) (NOT-painted pos-2-0) (NOT-painted pos-2-1) (NOT-painted pos-2-2) (NOT-available pos-0-0) (NOT-available pos-0-1) (NOT-available pos-1-0) (NOT-available pos-1-1) (NOT-available pos-2-0) (NOT-available pos-2-1) (NOT-available pos-2-2) (NOT-part-of pos-0-0 g0) (NOT-part-of pos-0-2 g0) (NOT-part-of pos-1-1 g0) (NOT-part-of pos-1-2 g0) (NOT-part-of pos-2-0 g0) (NOT-part-of pos-2-1 g0) (NOT-part-of pos-2-2 g0) (NOT-part-of pos-0-0 g1) (NOT-part-of pos-0-1 g1) (NOT-part-of pos-0-2 g1) (NOT-part-of pos-1-0 g1) (NOT-part-of pos-1-2 g1) (NOT-part-of pos-2-1 g1) (NOT-blocked pos-0-0) (NOT-blocked pos-0-1) (NOT-blocked pos-0-2) (NOT-blocked pos-1-0) (NOT-blocked pos-1-1) (NOT-blocked pos-1-2) (NOT-blocked pos-2-0) (NOT-blocked pos-2-1) (NOT-blocked pos-2-2) (robot-pos pos-1-0)
size: 3
move pos-1-0 pos-0-0 :: cost: 1
    add: (robot-pos pos-0-0)
    del: (robot-pos pos-1-0)
move pos-1-0 pos-1-1 :: cost: 1
    add: (robot-pos pos-1-1)
    del: (robot-pos pos-1-0)
move pos-1-0 pos-2-0 :: cost: 1
    add: (robot-pos pos-2-0)
    del: (robot-pos pos-1-0)
Step 8 (moving) (available pos-0-2) (available pos-1-2) (remaining-cells g0 n2) (remaining-cells g1 n1) (NOT-painted pos-0-0) (NOT-painted pos-0-1) (NOT-painted pos-0-2) (NOT-painted pos-1-0) (NOT-painted pos-1-1) (NOT-painted pos-1-2) (NOT-painted pos-2-0) (NOT-painted pos-2-1) (NOT-painted pos-2-2) (NOT-available pos-0-0) (NOT-available pos-0-1) (NOT-available pos-1-0) (NOT-available pos-1-1) (NOT-available pos-2-0) (NOT-available pos-2-1) (NOT-available pos-2-2) (NOT-part-of pos-0-0 g0) (NOT-part-of pos-0-2 g0) (NOT-part-of pos-1-1 g0) (NOT-part-of pos-1-2 g0) (NOT-part-of pos-2-0 g0) (NOT-part-of pos-2-1 g0) (NOT-part-of pos-2-2 g0) (NOT-part-of pos-0-0 g1) (NOT-part-of pos-0-1 g1) (NOT-part-of pos-0-2 g1) (NOT-part-of pos-1-0 g1) (NOT-part-of pos-1-2 g1) (NOT-part-of pos-2-1 g1) (NOT-blocked pos-0-0) (NOT-blocked pos-0-1) (NOT-blocked pos-0-2) (NOT-blocked pos-1-0) (NOT-blocked pos-1-1) (NOT-blocked pos-1-2) (NOT-blocked pos-2-0) (NOT-blocked pos-2-1) (NOT-blocked pos-2-2) (robot-pos pos-1-1)
size: 4
move pos-1-1 pos-0-1 :: cost: 1
    add: (robot-pos pos-0-1)
    del: (robot-pos pos-1-1)
move pos-1-1 pos-1-0 :: cost: 1
    add: (robot-pos pos-1-0)
    del: (robot-pos pos-1-1)
move pos-1-1 pos-1-2 :: cost: 1
    add: (robot-pos pos-1-2)
    del: (robot-pos pos-1-1)
move pos-1-1 pos-2-1 :: cost: 1
    add: (robot-pos pos-2-1)
    del: (robot-pos pos-1-1)
Step 9 (moving) (available pos-0-2) (available pos-1-2) (remaining-cells g0 n2) (remaining-cells g1 n1) (NOT-painted pos-0-0) (NOT-painted pos-0-1) (NOT-painted pos-0-2) (NOT-painted pos-1-0) (NOT-painted pos-1-1) (NOT-painted pos-1-2) (NOT-painted pos-2-0) (NOT-painted pos-2-1) (NOT-painted pos-2-2) (NOT-available pos-0-0) (NOT-available pos-0-1) (NOT-available pos-1-0) (NOT-available pos-1-1) (NOT-available pos-2-0) (NOT-available pos-2-1) (NOT-available pos-2-2) (NOT-part-of pos-0-0 g0) (NOT-part-of pos-0-2 g0) (NOT-part-of pos-1-1 g0) (NOT-part-of pos-1-2 g0) (NOT-part-of pos-2-0 g0) (NOT-part-of pos-2-1 g0) (NOT-part-of pos-2-2 g0) (NOT-part-of pos-0-0 g1) (NOT-part-of pos-0-1 g1) (NOT-part-of pos-0-2 g1) (NOT-part-of pos-1-0 g1) (NOT-part-of pos-1-2 g1) (NOT-part-of pos-2-1 g1) (NOT-blocked pos-0-0) (NOT-blocked pos-0-1) (NOT-blocked pos-0-2) (NOT-blocked pos-1-0) (NOT-blocked pos-1-1) (NOT-blocked pos-1-2) (NOT-blocked pos-2-0) (NOT-blocked pos-2-1) (NOT-blocked pos-2-2) (robot-pos pos-0-1)
size: 3
move pos-0-1 pos-0-0 :: cost: 1
    add: (robot-pos pos-0-0)
    del: (robot-pos pos-0-1)
move pos-0-1 pos-0-2 :: cost: 1
    add: (robot-pos pos-0-2)
    del: (robot-pos pos-0-1)
move pos-0-1 pos-1-1 :: cost: 1
    add: (robot-pos pos-1-1)
    del: (robot-pos pos-0-1)
