step 0: state 4 applicable 8
    state: (NOT-ps r0) (NOT-ps r1) (NOT-ps r2) (NOT-ps r3)
    num: (x r0) = 25 (x r1) = 75 (x r2) = 125 (x r3) = 175 (q r0) = 13 (q r1) = 9 (q r2) = 5 (q r3) = 13
lft r0 :: cost: 1 [successor]
    add:
    del:
    num: (x r0) 25 -> 24
lft r1 :: cost: 1
    add:
    del:
    num: (x r1) 75 -> 74
lft r2 :: cost: 1
    add:
    del:
    num: (x r2) 125 -> 124
step 1: state 4 applicable 8
    state: (NOT-ps r0) (NOT-ps r1) (NOT-ps r2) (NOT-ps r3)
    num: (x r0) = 24 (x r1) = 75 (x r2) = 125 (x r3) = 175 (q r0) = 13 (q r1) = 9 (q r2) = 5 (q r3) = 13
lft r0 :: cost: 1
    add:
    del:
    num: (x r0) 24 -> 23
lft r1 :: cost: 1 [successor]
    add:
    del:
    num: (x r1) 75 -> 74
lft r2 :: cost: 1
    add:
    del:
    num: (x r2) 125 -> 124
step 2: state 4 applicable 8
    state: (NOT-ps r0) (NOT-ps r1) (NOT-ps r2) (NOT-ps r3)
    num: (x r0) = 24 (x r1) = 74 (x r2) = 125 (x r3) = 175 (q r0) = 13 (q r1) = 9 (q r2) = 5 (q r3) = 13
lft r0 :: cost: 1
    add:
    del:
    num: (x r0) 24 -> 23
lft r1 :: cost: 1
    add:
    del:
    num: (x r1) 74 -> 73
lft r2 :: cost: 1 [successor]
    add:
    del:
    num: (x r2) 125 -> 124
step 3: state 4 applicable 8
    state: (NOT-ps r0) (NOT-ps r1) (NOT-ps r2) (NOT-ps r3)
    num: (x r0) = 24 (x r1) = 74 (x r2) = 124 (x r3) = 175 (q r0) = 13 (q r1) = 9 (q r2) = 5 (q r3) = 13
lft r0 :: cost: 1
    add:
    del:
    num: (x r0) 24 -> 23
lft r1 :: cost: 1
    add:
    del:
    num: (x r1) 74 -> 73
lft r2 :: cost: 1
    add:
    del:
    num: (x r2) 124 -> 123
    successor: lft r3
step 4: state 4 applicable 8
    state: (NOT-ps r0) (NOT-ps r1) (NOT-ps r2) (NOT-ps r3)
    num: (x r0) = 24 (x r1) = 74 (x r2) = 124 (x r3) = 174 (q r0) = 13 (q r1) = 9 (q r2) = 5 (q r3) = 13
lft r0 :: cost: 1
    add:
    del:
    num: (x r0) 24 -> 23
lft r1 :: cost: 1
    add:
    del:
    num: (x r1) 74 -> 73
lft r2 :: cost: 1
    add:
    del:
    num: (x r2) 124 -> 123
    successor: rgt r0
ground atoms: 4 groundings: 8
