step 0: state 4 applicable 21
    state: (craves angina chicken) (craves depression wurst) (craves expectation tuna) (craves rest pistachio)
    num: (locale tuna) = 2 (harmony expectation) = 1 (locale wurst) = 2 (harmony rest) = 3 (locale chicken) = 2 (locale pistachio) = 5
drink chicken chicken :: cost: 1
    add:
    del:
    num:
drink chicken pistachio :: cost: 1
    add:
    del:
    num: (locale chicken) 2 -> 1 (locale pistachio) 5 -> 6
drink chicken tuna :: cost: 1
    add:
    del:
    num: (locale tuna) 2 -> 3 (locale chicken) 2 -> 1
    successor: feast expectation tuna wurst
step 1: state 4 applicable 23
    state: (craves angina chicken) (craves depression wurst) (craves expectation wurst) (craves rest pistachio)
    num: (locale tuna) = 1 (harmony expectation) = 1 (locale wurst) = 2 (harmony rest) = 3 (locale chicken) = 2 (locale pistachio) = 5
drink chicken chicken :: cost: 1
    add:
    del:
    num:
drink chicken pistachio :: cost: 1
    add:
    del:
    num: (locale chicken) 2 -> 1 (locale pistachio) 5 -> 6
drink chicken tuna :: cost: 1
    add:
    del:
    num: (locale tuna) 1 -> 2 (locale chicken) 2 -> 1
    successor: feast expectation wurst tuna
step 2: state 4 applicable 21
    state: (craves angina chicken) (craves depression wurst) (craves expectation tuna) (craves rest pistachio)
    num: (locale tuna) = 1 (harmony expectation) = 1 (locale wurst) = 1 (harmony rest) = 3 (locale chicken) = 2 (locale pistachio) = 5
drink chicken chicken :: cost: 1
    add:
    del:
    num:
drink chicken pistachio :: cost: 1
    add:
    del:
    num: (locale chicken) 2 -> 1 (locale pistachio) 5 -> 6
drink chicken tuna :: cost: 1
    add:
    del:
    num: (locale tuna) 1 -> 2 (locale chicken) 2 -> 1
    successor: feast rest pistachio wurst
step 3: state 4 applicable 22
    state: (craves angina chicken) (craves depression wurst) (craves expectation tuna) (craves rest wurst)
    num: (locale tuna) = 1 (harmony expectation) = 1 (locale wurst) = 1 (harmony rest) = 3 (locale chicken) = 2 (locale pistachio) = 4
drink chicken chicken :: cost: 1
    add:
    del:
    num:
drink chicken pistachio :: cost: 1
    add:
    del:
    num: (locale chicken) 2 -> 1 (locale pistachio) 4 -> 5
drink chicken tuna :: cost: 1
    add:
    del:
    num: (locale tuna) 1 -> 2 (locale chicken) 2 -> 1
    successor: feast rest wurst tuna
step 4: state 4 applicable 16
    state: (craves angina chicken) (craves depression wurst) (craves expectation tuna) (craves rest tuna)
    num: (locale tuna) = 1 (harmony expectation) = 1 (locale wurst) = 0 (harmony rest) = 3 (locale chicken) = 2 (locale pistachio) = 4
drink chicken chicken :: cost: 1
    add:
    del:
    num:
drink chicken pistachio :: cost: 1
    add:
    del:
    num: (locale chicken) 2 -> 1 (locale pistachio) 4 -> 5
drink chicken tuna :: cost: 1
    add:
    del:
    num: (locale tuna) 1 -> 2 (locale chicken) 2 -> 1
    successor: drink tuna wurst
ground atoms: 12 groundings: 31
