Mutex pairs: 301
Unreachable facts [2/58]:
  (cellspace n3)
  (cellspace n4)
Unreachable ops [184/504]:
  (colfromfreecell cluba diamond2 n2 n3)
  (colfromfreecell cluba diamond2 n3 n4)
  (colfromfreecell cluba heart2 n2 n3)
  (colfromfreecell cluba heart2 n3 n4)
  (colfromfreecell diamonda club2 n2 n3)
  (colfromfreecell diamonda club2 n3 n4)
  (colfromfreecell diamonda spade2 n2 n3)
  (colfromfreecell diamonda spade2 n3 n4)
  (colfromfreecell hearta club2 n2 n3)
  (colfromfreecell hearta club2 n3 n4)
  (colfromfreecell hearta spade2 n2 n3)
  (colfromfreecell hearta spade2 n3 n4)
  (colfromfreecell spadea diamond2 n2 n3)
  (colfromfreecell spadea diamond2 n3 n4)
  (colfromfreecell spadea heart2 n2 n3)
  (colfromfreecell spadea heart2 n3 n4)
  (homefromfreecell club2 club n2 cluba n1 n2 n3)
  (homefromfreecell club2 club n2 cluba n1 n3 n4)
  (homefromfreecell cluba club n1 club0 n0 n2 n3)
  (homefromfreecell cluba club n1 club0 n0 n3 n4)
  (homefromfreecell diamond2 diamond n2 diamonda n1 n2 n3)
  (homefromfreecell diamond2 diamond n2 diamonda n1 n3 n4)
  (homefromfreecell diamonda diamond n1 diamond0 n0 n2 n3)
  (homefromfreecell diamonda diamond n1 diamond0 n0 n3 n4)
  (homefromfreecell heart2 heart n2 hearta n1 n2 n3)
  (homefromfreecell heart2 heart n2 hearta n1 n3 n4)
  (homefromfreecell hearta heart n1 heart0 n0 n2 n3)
  (homefromfreecell hearta heart n1 heart0 n0 n3 n4)
  (homefromfreecell spade2 spade n2 spadea n1 n2 n3)
  (homefromfreecell spade2 spade n2 spadea n1 n3 n4)
  (homefromfreecell spadea spade n1 spade0 n0 n2 n3)
  (homefromfreecell spadea spade n1 spade0 n0 n3 n4)
  (newcolfromfreecell club2 n1 n0 n2 n3)
  (newcolfromfreecell club2 n1 n0 n3 n4)
  (newcolfromfreecell club2 n2 n1 n2 n3)
  (newcolfromfreecell club2 n2 n1 n3 n4)
  (newcolfromfreecell club2 n3 n2 n2 n3)
  (newcolfromfreecell club2 n3 n2 n3 n4)
  (newcolfromfreecell club2 n4 n3 n2 n3)
  (newcolfromfreecell club2 n4 n3 n3 n4)
  (newcolfromfreecell cluba n1 n0 n2 n3)
  (newcolfromfreecell cluba n1 n0 n3 n4)
  (newcolfromfreecell cluba n2 n1 n2 n3)
  (newcolfromfreecell cluba n2 n1 n3 n4)
  (newcolfromfreecell cluba n3 n2 n2 n3)
  (newcolfromfreecell cluba n3 n2 n3 n4)
  (newcolfromfreecell cluba n4 n3 n2 n3)
  (newcolfromfreecell cluba n4 n3 n3 n4)
  (newcolfromfreecell diamond2 n1 n0 n2 n3)
  (newcolfromfreecell diamond2 n1 n0 n3 n4)
  (newcolfromfreecell diamond2 n2 n1 n2 n3)
  (newcolfromfreecell diamond2 n2 n1 n3 n4)
  (newcolfromfreecell diamond2 n3 n2 n2 n3)
  (newcolfromfreecell diamond2 n3 n2 n3 n4)
  (newcolfromfreecell diamond2 n4 n3 n2 n3)
  (newcolfromfreecell diamond2 n4 n3 n3 n4)
  (newcolfromfreecell diamonda n1 n0 n2 n3)
  (newcolfromfreecell diamonda n1 n0 n3 n4)
  (newcolfromfreecell diamonda n2 n1 n2 n3)
  (newcolfromfreecell diamonda n2 n1 n3 n4)
  (newcolfromfreecell diamonda n3 n2 n2 n3)
  (newcolfromfreecell diamonda n3 n2 n3 n4)
  (newcolfromfreecell diamonda n4 n3 n2 n3)
  (newcolfromfreecell diamonda n4 n3 n3 n4)
  (newcolfromfreecell heart2 n1 n0 n2 n3)
  (newcolfromfreecell heart2 n1 n0 n3 n4)
  (newcolfromfreecell heart2 n2 n1 n2 n3)
  (newcolfromfreecell heart2 n2 n1 n3 n4)
  (newcolfromfreecell heart2 n3 n2 n2 n3)
  (newcolfromfreecell heart2 n3 n2 n3 n4)
  (newcolfromfreecell heart2 n4 n3 n2 n3)
  (newcolfromfreecell heart2 n4 n3 n3 n4)
  (newcolfromfreecell hearta n1 n0 n2 n3)
  (newcolfromfreecell hearta n1 n0 n3 n4)
  (newcolfromfreecell hearta n2 n1 n2 n3)
  (newcolfromfreecell hearta n2 n1 n3 n4)
  (newcolfromfreecell hearta n3 n2 n2 n3)
  (newcolfromfreecell hearta n3 n2 n3 n4)
  (newcolfromfreecell hearta n4 n3 n2 n3)
  (newcolfromfreecell hearta n4 n3 n3 n4)
  (newcolfromfreecell spade2 n1 n0 n2 n3)
  (newcolfromfreecell spade2 n1 n0 n3 n4)
  (newcolfromfreecell spade2 n2 n1 n2 n3)
  (newcolfromfreecell spade2 n2 n1 n3 n4)
  (newcolfromfreecell spade2 n3 n2 n2 n3)
  (newcolfromfreecell spade2 n3 n2 n3 n4)
  (newcolfromfreecell spade2 n4 n3 n2 n3)
  (newcolfromfreecell spade2 n4 n3 n3 n4)
  (newcolfromfreecell spadea n1 n0 n2 n3)
  (newcolfromfreecell spadea n1 n0 n3 n4)
  (newcolfromfreecell spadea n2 n1 n2 n3)
  (newcolfromfreecell spadea n2 n1 n3 n4)
  (newcolfromfreecell spadea n3 n2 n2 n3)
  (newcolfromfreecell spadea n3 n2 n3 n4)
  (newcolfromfreecell spadea n4 n3 n2 n3)
  (newcolfromfreecell spadea n4 n3 n3 n4)
  (sendtofree club2 diamond2 n3 n2)
  (sendtofree club2 diamond2 n4 n3)
  (sendtofree cluba diamond2 n3 n2)
  (sendtofree cluba diamond2 n4 n3)
  (sendtofree cluba heart2 n3 n2)
  (sendtofree cluba heart2 n4 n3)
  (sendtofree diamonda club2 n3 n2)
  (sendtofree diamonda club2 n4 n3)
  (sendtofree diamonda hearta n3 n2)
  (sendtofree diamonda hearta n4 n3)
  (sendtofree diamonda spade2 n3 n2)
  (sendtofree diamonda spade2 n4 n3)
  (sendtofree heart2 cluba n3 n2)
  (sendtofree heart2 cluba n4 n3)
  (sendtofree hearta club2 n3 n2)
  (sendtofree hearta club2 n4 n3)
  (sendtofree hearta spade2 n3 n2)
  (sendtofree hearta spade2 n4 n3)
  (sendtofree spadea diamond2 n3 n2)
  (sendtofree spadea diamond2 n4 n3)
  (sendtofree spadea heart2 n3 n2)
  (sendtofree spadea heart2 n4 n3)
  (sendtofree spadea spade2 n3 n2)
  (sendtofree spadea spade2 n4 n3)
  (sendtofree-b club2 n3 n2 n0 n1)
  (sendtofree-b club2 n3 n2 n1 n2)
  (sendtofree-b club2 n3 n2 n2 n3)
  (sendtofree-b club2 n3 n2 n3 n4)
  (sendtofree-b club2 n4 n3 n0 n1)
  (sendtofree-b club2 n4 n3 n1 n2)
  (sendtofree-b club2 n4 n3 n2 n3)
  (sendtofree-b club2 n4 n3 n3 n4)
  (sendtofree-b cluba n3 n2 n0 n1)
  (sendtofree-b cluba n3 n2 n1 n2)
  (sendtofree-b cluba n3 n2 n2 n3)
  (sendtofree-b cluba n3 n2 n3 n4)
  (sendtofree-b cluba n4 n3 n0 n1)
  (sendtofree-b cluba n4 n3 n1 n2)
  (sendtofree-b cluba n4 n3 n2 n3)
  (sendtofree-b cluba n4 n3 n3 n4)
  (sendtofree-b diamond2 n3 n2 n0 n1)
  (sendtofree-b diamond2 n3 n2 n1 n2)
  (sendtofree-b diamond2 n3 n2 n2 n3)
  (sendtofree-b diamond2 n3 n2 n3 n4)
  (sendtofree-b diamond2 n4 n3 n0 n1)
  (sendtofree-b diamond2 n4 n3 n1 n2)
  (sendtofree-b diamond2 n4 n3 n2 n3)
  (sendtofree-b diamond2 n4 n3 n3 n4)
  (sendtofree-b diamonda n3 n2 n0 n1)
  (sendtofree-b diamonda n3 n2 n1 n2)
  (sendtofree-b diamonda n3 n2 n2 n3)
  (sendtofree-b diamonda n3 n2 n3 n4)
  (sendtofree-b diamonda n4 n3 n0 n1)
  (sendtofree-b diamonda n4 n3 n1 n2)
  (sendtofree-b diamonda n4 n3 n2 n3)
  (sendtofree-b diamonda n4 n3 n3 n4)
  (sendtofree-b heart2 n3 n2 n0 n1)
  (sendtofree-b heart2 n3 n2 n1 n2)
  (sendtofree-b heart2 n3 n2 n2 n3)
  (sendtofree-b heart2 n3 n2 n3 n4)
  (sendtofree-b heart2 n4 n3 n0 n1)
  (sendtofree-b heart2 n4 n3 n1 n2)
  (sendtofree-b heart2 n4 n3 n2 n3)
  (sendtofree-b heart2 n4 n3 n3 n4)
  (sendtofree-b hearta n3 n2 n0 n1)
  (sendtofree-b hearta n3 n2 n1 n2)
  (sendtofree-b hearta n3 n2 n2 n3)
  (sendtofree-b hearta n3 n2 n3 n4)
  (sendtofree-b hearta n4 n3 n0 n1)
  (sendtofree-b hearta n4 n3 n1 n2)
  (sendtofree-b hearta n4 n3 n2 n3)
  (sendtofree-b hearta n4 n3 n3 n4)
  (sendtofree-b spade2 n3 n2 n0 n1)
  (sendtofree-b spade2 n3 n2 n1 n2)
  (sendtofree-b spade2 n3 n2 n2 n3)
  (sendtofree-b spade2 n3 n2 n3 n4)
  (sendtofree-b spade2 n4 n3 n0 n1)
  (sendtofree-b spade2 n4 n3 n1 n2)
  (sendtofree-b spade2 n4 n3 n2 n3)
  (sendtofree-b spade2 n4 n3 n3 n4)
  (sendtofree-b spadea n3 n2 n0 n1)
  (sendtofree-b spadea n3 n2 n1 n2)
  (sendtofree-b spadea n3 n2 n2 n3)
  (sendtofree-b spadea n3 n2 n3 n4)
  (sendtofree-b spadea n4 n3 n0 n1)
  (sendtofree-b spadea n4 n3 n1 n2)
  (sendtofree-b spadea n4 n3 n2 n3)
  (sendtofree-b spadea n4 n3 n3 n4)
