Diameter for move: 1
Diameter for move-up: 2
Diameter for move-down: 2
Diameter for place-block: 2
Diameter for remove-block: 2
Diameter for create-block: 0
Diameter for destroy-block: 0
Init-to-goal-distance n0 - pos-0-1: 0
Init-to-goal-distance n0 - pos-1-2: 0
Init-to-goal-distance n0 - pos-2-0: 0
Init-to-goal-distance n0 - pos-2-1: 0
Init-to-goal-distance n0 - pos-2-2: 0
Init-to-goal-distance n0 - pos-3-1: 0
Init-to-goal-distance n2 - pos-0-2: 2
Init-to-goal-distance n2 - pos-1-1: 2
Init-to-goal-distance n2 - pos-3-0: 2
Init-to-goal-distance n2 - pos-3-2: 2
Init-to-goal-distance n4 - pos-0-0: 4
Init-to-goal-distance n4 - pos-1-0: 4
Init-to-goal-distance pos-0-0 - pos-1-0: -1, w/ static: 0
Init-to-goal-distance pos-0-1 - pos-1-2: 0
Init-to-goal-distance pos-0-1 - pos-2-0: 0
Init-to-goal-distance pos-0-1 - pos-2-1: 0
Init-to-goal-distance pos-0-1 - pos-2-2: 0
Init-to-goal-distance pos-0-1 - pos-3-1: 0
Init-to-goal-distance pos-0-2 - pos-1-1: 0
Init-to-goal-distance pos-0-2 - pos-3-0: 0
Init-to-goal-distance pos-0-2 - pos-3-2: 0
Init-to-goal-distance pos-1-1 - pos-3-0: 0
Init-to-goal-distance pos-1-1 - pos-3-2: 0
Init-to-goal-distance pos-1-2 - pos-2-0: 0
Init-to-goal-distance pos-1-2 - pos-2-1: 0
Init-to-goal-distance pos-1-2 - pos-2-2: -1, w/ static: 0
Init-to-goal-distance pos-1-2 - pos-3-1: 0
Init-to-goal-distance pos-2-0 - pos-2-1: -1, w/ static: 0
Init-to-goal-distance pos-2-0 - pos-2-2: 0
Init-to-goal-distance pos-2-0 - pos-3-1: 0
Init-to-goal-distance pos-2-1 - pos-2-2: -1, w/ static: 0
Init-to-goal-distance pos-2-1 - pos-3-1: -1, w/ static: 0
Init-to-goal-distance pos-2-2 - pos-3-1: 0
Init-to-goal-distance pos-3-0 - pos-3-2: 0
