Domain: strips-sliding-tile
Problem: p3-3-puzzle-problem-100-1390833173323132671
Require:
  :conditional-effects
  :disjunctive-preconditions
  :equality
  :existential-preconditions
  :negative-preconditions
  :strips
  :typing
  :universal-preconditions
Type:
  object
Obj:
  p1 - object
  p2 - object
  p3 - object
  t1 - object
  t2 - object
  t3 - object
  t4 - object
  t5 - object
  t6 - object
  t7 - object
  t8 - object
Predicate:
  (= object object) :eq
  (at object object object)
  (blank object object)
  (dec object object)
  (inc object object)
  (tile object)
  (xposition object)
  (yposition object)
Function:
Action:
  move-down: ?t - object ?px - object ?py - object ?by - object
      pre: (and (at ?t ?px ?py) (blank ?px ?by) (inc ?by ?py) (tile ?t) (xposition ?px) (yposition ?by) (yposition ?py))
      eff: (and (at ?t ?px ?by) (blank ?px ?py) (not (at ?t ?px ?py)) (not (blank ?px ?by)))
  move-left: ?t - object ?px - object ?py - object ?bx - object
      pre: (and (at ?t ?px ?py) (blank ?bx ?py) (dec ?bx ?px) (tile ?t) (xposition ?bx) (xposition ?px) (yposition ?py))
      eff: (and (at ?t ?bx ?py) (blank ?px ?py) (not (at ?t ?px ?py)) (not (blank ?bx ?py)))
  move-right: ?t - object ?px - object ?py - object ?bx - object
      pre: (and (at ?t ?px ?py) (blank ?bx ?py) (inc ?bx ?px) (tile ?t) (xposition ?bx) (xposition ?px) (yposition ?py))
      eff: (and (at ?t ?bx ?py) (blank ?px ?py) (not (at ?t ?px ?py)) (not (blank ?bx ?py)))
  move-up: ?t - object ?px - object ?py - object ?by - object
      pre: (and (at ?t ?px ?py) (blank ?px ?by) (dec ?by ?py) (tile ?t) (xposition ?px) (yposition ?by) (yposition ?py))
      eff: (and (at ?t ?px ?by) (blank ?px ?py) (not (at ?t ?px ?py)) (not (blank ?px ?by)))
Init:
  (at t1 p3 p3)
  (at t2 p1 p1)
  (at t3 p2 p2)
  (at t4 p2 p3)
  (at t5 p1 p3)
  (at t6 p1 p2)
  (at t7 p3 p1)
  (at t8 p3 p2)
  (blank p2 p1)
  (dec p2 p1)
  (dec p3 p2)
  (inc p1 p2)
  (inc p2 p3)
  (tile t1)
  (tile t2)
  (tile t3)
  (tile t4)
  (tile t5)
  (tile t6)
  (tile t7)
  (tile t8)
  (xposition p1)
  (xposition p2)
  (xposition p3)
  (yposition p1)
  (yposition p2)
  (yposition p3)
Goal:
  (and (at t1 p2 p1) (at t2 p3 p1) (at t3 p1 p2) (at t4 p2 p2) (at t5 p3 p2) (at t6 p1 p3) (at t7 p2 p3) (at t8 p3 p3))
Metric:
Pred prop:
  (at object object object): in_init in_pre in_goal in_eff
  (blank object object): in_init in_pre in_eff
  (dec object object): in_init in_pre
  (inc object object): in_init in_pre
  (tile object): in_init in_pre
  (xposition object): in_init in_pre
  (yposition object): in_init in_pre
Func prop:
Global prop:
  is_unit_cost
