Goal:
   (at-goal stone-01) (at-goal stone-02)
   + (at stone-01 pos-6-6) (at stone-02 pos-6-5)
(move player-01 pos-2-2 pos-2-3 dir-down)
   (at player-01 pos-2-2) (clear pos-2-3)
   + (clear pos-3-2) (clear pos-3-4) (clear pos-4-2) (clear pos-4-6) (clear pos-4-7) (clear pos-5-3) (clear pos-5-7) (clear pos-6-7) (clear pos-7-7) (clear pos-8-5) (clear pos-8-6) (clear pos-8-7)
(move player-01 pos-2-2 pos-3-2 dir-right)
   (at player-01 pos-2-2) (clear pos-3-2)
   + (clear pos-2-3) (clear pos-3-4) (clear pos-4-2) (clear pos-4-6) (clear pos-4-7) (clear pos-5-3) (clear pos-5-7) (clear pos-6-7) (clear pos-7-7) (clear pos-8-5) (clear pos-8-6) (clear pos-8-7)
(move player-01 pos-2-3 pos-2-2 dir-up)
   (at player-01 pos-2-3) (clear pos-2-2)
   + (clear pos-3-2) (clear pos-3-4) (clear pos-4-2) (clear pos-4-6) (clear pos-4-7) (clear pos-5-3) (clear pos-5-7) (clear pos-6-7) (clear pos-7-7) (clear pos-8-5) (clear pos-8-6) (clear pos-8-7)
(move player-01 pos-2-3 pos-3-3 dir-right)
   (at player-01 pos-2-3) (clear pos-3-3)
   + (clear pos-2-2) (clear pos-3-2) (clear pos-3-4) (clear pos-4-2) (clear pos-4-6) (clear pos-4-7) (clear pos-5-3) (clear pos-5-7) (clear pos-6-7) (clear pos-7-7) (clear pos-8-5) (clear pos-8-6) (clear pos-8-7)
(move player-01 pos-3-2 pos-2-2 dir-left)
   (at player-01 pos-3-2) (clear pos-2-2)
   + (clear pos-2-3) (clear pos-3-4) (clear pos-4-2) (clear pos-4-6) (clear pos-4-7) (clear pos-5-3) (clear pos-5-7) (clear pos-6-7) (clear pos-7-7) (clear pos-8-5) (clear pos-8-6) (clear pos-8-7)
(move player-01 pos-3-2 pos-3-3 dir-down)
   (at player-01 pos-3-2) (clear pos-3-3)
   + (clear pos-2-2) (clear pos-2-3) (clear pos-3-4) (clear pos-4-2) (clear pos-4-6) (clear pos-4-7) (clear pos-5-3) (clear pos-5-7) (clear pos-6-7) (clear pos-7-7) (clear pos-8-5) (clear pos-8-6) (clear pos-8-7)
(move player-01 pos-3-2 pos-4-2 dir-right)
   (at player-01 pos-3-2) (clear pos-4-2)
   + (clear pos-2-2) (clear pos-2-3) (clear pos-3-4) (clear pos-4-6) (clear pos-4-7) (clear pos-5-3) (clear pos-5-7) (clear pos-6-7) (clear pos-7-7) (clear pos-8-5) (clear pos-8-6) (clear pos-8-7)
(move player-01 pos-3-3 pos-2-3 dir-left)
   (at player-01 pos-3-3) (clear pos-2-3)
   + (clear pos-2-2) (clear pos-3-2) (clear pos-3-4) (clear pos-4-2) (clear pos-4-6) (clear pos-4-7) (clear pos-5-3) (clear pos-5-7) (clear pos-6-7) (clear pos-7-7) (clear pos-8-5) (clear pos-8-6) (clear pos-8-7)
(move player-01 pos-3-3 pos-3-2 dir-up)
   (at player-01 pos-3-3) (clear pos-3-2)
   + (clear pos-2-2) (clear pos-2-3) (clear pos-3-4) (clear pos-4-2) (clear pos-4-6) (clear pos-4-7) (clear pos-5-3) (clear pos-5-7) (clear pos-6-7) (clear pos-7-7) (clear pos-8-5) (clear pos-8-6) (clear pos-8-7)
(move player-01 pos-3-3 pos-3-4 dir-down)
   (at player-01 pos-3-3) (clear pos-3-4)
   + (clear pos-2-2) (clear pos-2-3) (clear pos-3-2) (clear pos-4-2) (clear pos-4-6) (clear pos-4-7) (clear pos-5-3) (clear pos-5-7) (clear pos-6-7) (clear pos-7-7) (clear pos-8-5) (clear pos-8-6) (clear pos-8-7)
(move player-01 pos-3-3 pos-4-3 dir-right)
   (at player-01 pos-3-3) (clear pos-4-3)
   + (clear pos-2-2) (clear pos-2-3) (clear pos-3-2) (clear pos-3-4) (clear pos-4-2) (clear pos-4-6) (clear pos-4-7) (clear pos-5-3) (clear pos-5-7) (clear pos-6-7) (clear pos-7-7) (clear pos-8-5) (clear pos-8-6) (clear pos-8-7)
(move player-01 pos-3-4 pos-3-3 dir-up)
   (at player-01 pos-3-4) (clear pos-3-3)
   + (clear pos-2-2) (clear pos-2-3) (clear pos-3-2) (clear pos-4-2) (clear pos-4-6) (clear pos-4-7) (clear pos-5-3) (clear pos-5-7) (clear pos-6-7) (clear pos-7-7) (clear pos-8-5) (clear pos-8-6) (clear pos-8-7)
(move player-01 pos-3-4 pos-4-4 dir-right)
   (at player-01 pos-3-4) (clear pos-4-4)
   + (clear pos-2-2) (clear pos-2-3) (clear pos-3-2) (clear pos-4-2) (clear pos-4-6) (clear pos-4-7) (clear pos-5-3) (clear pos-5-7) (clear pos-6-7) (clear pos-7-7) (clear pos-8-5) (clear pos-8-6) (clear pos-8-7)
(move player-01 pos-4-2 pos-3-2 dir-left)
   (at player-01 pos-4-2) (clear pos-3-2)
   + (clear pos-2-2) (clear pos-2-3) (clear pos-3-4) (clear pos-4-6) (clear pos-4-7) (clear pos-5-3) (clear pos-5-7) (clear pos-6-7) (clear pos-7-7) (clear pos-8-5) (clear pos-8-6) (clear pos-8-7)
(move player-01 pos-4-2 pos-4-3 dir-down)
   (at player-01 pos-4-2) (clear pos-4-3)
   + (clear pos-2-2) (clear pos-2-3) (clear pos-3-2) (clear pos-3-4) (clear pos-4-6) (clear pos-4-7) (clear pos-5-3) (clear pos-5-7) (clear pos-6-7) (clear pos-7-7) (clear pos-8-5) (clear pos-8-6) (clear pos-8-7)
(move player-01 pos-4-3 pos-3-3 dir-left)
   (at player-01 pos-4-3) (clear pos-3-3)
   + (clear pos-2-2) (clear pos-2-3) (clear pos-3-2) (clear pos-3-4) (clear pos-4-2) (clear pos-4-6) (clear pos-4-7) (clear pos-5-3) (clear pos-5-7) (clear pos-6-7) (clear pos-7-7) (clear pos-8-5) (clear pos-8-6) (clear pos-8-7)
(move player-01 pos-4-3 pos-4-2 dir-up)
   (at player-01 pos-4-3) (clear pos-4-2)
   + (clear pos-2-2) (clear pos-2-3) (clear pos-3-2) (clear pos-3-4) (clear pos-4-6) (clear pos-4-7) (clear pos-5-3) (clear pos-5-7) (clear pos-6-7) (clear pos-7-7) (clear pos-8-5) (clear pos-8-6) (clear pos-8-7)
(move player-01 pos-4-3 pos-4-4 dir-down)
   (at player-01 pos-4-3) (clear pos-4-4)
   + (clear pos-2-2) (clear pos-2-3) (clear pos-3-2) (clear pos-3-4) (clear pos-4-2) (clear pos-4-6) (clear pos-4-7) (clear pos-5-3) (clear pos-5-7) (clear pos-6-7) (clear pos-7-7) (clear pos-8-5) (clear pos-8-6) (clear pos-8-7)
(move player-01 pos-4-3 pos-5-3 dir-right)
   (at player-01 pos-4-3) (clear pos-5-3)
   + (clear pos-2-2) (clear pos-2-3) (clear pos-3-2) (clear pos-3-4) (clear pos-4-2) (clear pos-4-6) (clear pos-4-7) (clear pos-5-7) (clear pos-6-7) (clear pos-7-7) (clear pos-8-5) (clear pos-8-6) (clear pos-8-7)
(move player-01 pos-4-4 pos-3-4 dir-left)
   (at player-01 pos-4-4) (clear pos-3-4)
   + (clear pos-2-2) (clear pos-2-3) (clear pos-3-2) (clear pos-4-2) (clear pos-4-6) (clear pos-4-7) (clear pos-5-3) (clear pos-5-7) (clear pos-6-7) (clear pos-7-7) (clear pos-8-5) (clear pos-8-6) (clear pos-8-7)
(move player-01 pos-4-4 pos-4-3 dir-up)
   (at player-01 pos-4-4) (clear pos-4-3)
   + (clear pos-2-2) (clear pos-2-3) (clear pos-3-2) (clear pos-3-4) (clear pos-4-2) (clear pos-4-6) (clear pos-4-7) (clear pos-5-3) (clear pos-5-7) (clear pos-6-7) (clear pos-7-7) (clear pos-8-5) (clear pos-8-6) (clear pos-8-7)
(move player-01 pos-4-4 pos-5-4 dir-right)
   (at player-01 pos-4-4) (clear pos-5-4)
   + (clear pos-2-2) (clear pos-2-3) (clear pos-3-2) (clear pos-3-4) (clear pos-4-2) (clear pos-4-6) (clear pos-4-7) (clear pos-5-3) (clear pos-5-7) (clear pos-6-7) (clear pos-7-7) (clear pos-8-5) (clear pos-8-6) (clear pos-8-7)
(move player-01 pos-4-6 pos-4-7 dir-down)
   (at player-01 pos-4-6) (clear pos-4-7)
   + (clear pos-2-2) (clear pos-2-3) (clear pos-3-2) (clear pos-3-4) (clear pos-4-2) (clear pos-5-3) (clear pos-5-4) (clear pos-5-5) (clear pos-5-7) (clear pos-6-7) (clear pos-7-7) (clear pos-8-5) (clear pos-8-6) (clear pos-8-7)
(move player-01 pos-4-6 pos-5-6 dir-right)
   (at player-01 pos-4-6) (clear pos-5-6)
   + (clear pos-2-2) (clear pos-2-3) (clear pos-3-2) (clear pos-3-4) (clear pos-4-2) (clear pos-4-7) (clear pos-5-3) (clear pos-5-4) (clear pos-5-5) (clear pos-5-7) (clear pos-6-7) (clear pos-7-7) (clear pos-8-5) (clear pos-8-6) (clear pos-8-7)
(move player-01 pos-4-7 pos-4-6 dir-up)
   (at player-01 pos-4-7) (clear pos-4-6)
   + (clear pos-2-2) (clear pos-2-3) (clear pos-3-2) (clear pos-3-4) (clear pos-4-2) (clear pos-5-3) (clear pos-5-4) (clear pos-5-5) (clear pos-5-7) (clear pos-6-7) (clear pos-7-7) (clear pos-8-5) (clear pos-8-6) (clear pos-8-7)
(move player-01 pos-4-7 pos-5-7 dir-right)
   (at player-01 pos-4-7) (clear pos-5-7)
   + (clear pos-2-2) (clear pos-2-3) (clear pos-3-2) (clear pos-3-4) (clear pos-4-2) (clear pos-4-6) (clear pos-5-3) (clear pos-5-4) (clear pos-5-5) (clear pos-6-7) (clear pos-7-7) (clear pos-8-5) (clear pos-8-6) (clear pos-8-7)
(move player-01 pos-5-3 pos-4-3 dir-left)
   (at player-01 pos-5-3) (clear pos-4-3)
   + (clear pos-2-2) (clear pos-2-3) (clear pos-3-2) (clear pos-3-4) (clear pos-4-2) (clear pos-4-6) (clear pos-4-7) (clear pos-5-7) (clear pos-6-7) (clear pos-7-7) (clear pos-8-5) (clear pos-8-6) (clear pos-8-7)
(move player-01 pos-5-3 pos-5-4 dir-down)
   (at player-01 pos-5-3) (clear pos-5-4)
   + (clear pos-2-2) (clear pos-2-3) (clear pos-3-2) (clear pos-3-4) (clear pos-4-2) (clear pos-4-6) (clear pos-4-7) (clear pos-5-7) (clear pos-6-7) (clear pos-7-7) (clear pos-8-5) (clear pos-8-6) (clear pos-8-7)
(move player-01 pos-5-4 pos-4-4 dir-left)
   (at player-01 pos-5-4) (clear pos-4-4)
   + (clear pos-2-2) (clear pos-2-3) (clear pos-3-2) (clear pos-3-4) (clear pos-4-2) (clear pos-4-6) (clear pos-4-7) (clear pos-5-3) (clear pos-5-7) (clear pos-6-7) (clear pos-7-7) (clear pos-8-5) (clear pos-8-6) (clear pos-8-7)
(move player-01 pos-5-4 pos-5-3 dir-up)
   (at player-01 pos-5-4) (clear pos-5-3)
   + (clear pos-2-2) (clear pos-2-3) (clear pos-3-2) (clear pos-3-4) (clear pos-4-2) (clear pos-4-6) (clear pos-4-7) (clear pos-5-7) (clear pos-6-7) (clear pos-7-7) (clear pos-8-5) (clear pos-8-6) (clear pos-8-7)
(move player-01 pos-5-4 pos-5-5 dir-down)
   (at player-01 pos-5-4) (clear pos-5-5)
   + (clear pos-2-2) (clear pos-2-3) (clear pos-3-2) (clear pos-3-4) (clear pos-4-2) (clear pos-4-6) (clear pos-4-7) (clear pos-5-3) (clear pos-5-7) (clear pos-6-7) (clear pos-7-7) (clear pos-8-5) (clear pos-8-6) (clear pos-8-7)
(move player-01 pos-5-5 pos-5-4 dir-up)
   (at player-01 pos-5-5) (clear pos-5-4)
   + (clear pos-2-2) (clear pos-2-3) (clear pos-3-2) (clear pos-3-4) (clear pos-4-2) (clear pos-4-6) (clear pos-4-7) (clear pos-5-3) (clear pos-5-7) (clear pos-6-7) (clear pos-7-7) (clear pos-8-5) (clear pos-8-6) (clear pos-8-7)
(move player-01 pos-5-5 pos-5-6 dir-down)
   (at player-01 pos-5-5) (clear pos-5-6)
   + (clear pos-2-2) (clear pos-2-3) (clear pos-3-2) (clear pos-3-4) (clear pos-4-2) (clear pos-4-6) (clear pos-4-7) (clear pos-5-3) (clear pos-5-4) (clear pos-5-7) (clear pos-6-7) (clear pos-7-7) (clear pos-8-5) (clear pos-8-6) (clear pos-8-7)
(move player-01 pos-5-5 pos-6-5 dir-right)
   (at player-01 pos-5-5) (clear pos-6-5)
   + (clear pos-2-2) (clear pos-2-3) (clear pos-3-2) (clear pos-3-4) (clear pos-4-2) (clear pos-4-6) (clear pos-4-7) (clear pos-5-3) (clear pos-5-4) (clear pos-5-7) (clear pos-6-7) (clear pos-7-7) (clear pos-8-5) (clear pos-8-6) (clear pos-8-7)
(move player-01 pos-5-6 pos-4-6 dir-left)
   (at player-01 pos-5-6) (clear pos-4-6)
   + (clear pos-2-2) (clear pos-2-3) (clear pos-3-2) (clear pos-3-4) (clear pos-4-2) (clear pos-4-7) (clear pos-5-3) (clear pos-5-4) (clear pos-5-5) (clear pos-5-7) (clear pos-6-7) (clear pos-7-7) (clear pos-8-5) (clear pos-8-6) (clear pos-8-7)
(move player-01 pos-5-6 pos-5-5 dir-up)
   (at player-01 pos-5-6) (clear pos-5-5)
   + (clear pos-2-2) (clear pos-2-3) (clear pos-3-2) (clear pos-3-4) (clear pos-4-2) (clear pos-4-6) (clear pos-4-7) (clear pos-5-3) (clear pos-5-4) (clear pos-5-7) (clear pos-6-7) (clear pos-7-7) (clear pos-8-5) (clear pos-8-6) (clear pos-8-7)
(move player-01 pos-5-6 pos-5-7 dir-down)
   (at player-01 pos-5-6) (clear pos-5-7)
   + (clear pos-2-2) (clear pos-2-3) (clear pos-3-2) (clear pos-3-4) (clear pos-4-2) (clear pos-4-6) (clear pos-4-7) (clear pos-5-3) (clear pos-5-4) (clear pos-5-5) (clear pos-6-7) (clear pos-7-7) (clear pos-8-5) (clear pos-8-6) (clear pos-8-7)
(move player-01 pos-5-6 pos-6-6 dir-right)
   (at player-01 pos-5-6) (clear pos-6-6)
   + (clear pos-2-2) (clear pos-2-3) (clear pos-3-2) (clear pos-3-4) (clear pos-4-2) (clear pos-4-6) (clear pos-4-7) (clear pos-5-3) (clear pos-5-4) (clear pos-5-5) (clear pos-5-7) (clear pos-6-7) (clear pos-7-7) (clear pos-8-5) (clear pos-8-6) (clear pos-8-7) (NOT:at-goal stone-01)
(move player-01 pos-5-7 pos-4-7 dir-left)
   (at player-01 pos-5-7) (clear pos-4-7)
   + (clear pos-2-2) (clear pos-2-3) (clear pos-3-2) (clear pos-3-4) (clear pos-4-2) (clear pos-4-6) (clear pos-5-3) (clear pos-5-4) (clear pos-5-5) (clear pos-6-7) (clear pos-7-7) (clear pos-8-5) (clear pos-8-6) (clear pos-8-7)
(move player-01 pos-5-7 pos-5-6 dir-up)
   (at player-01 pos-5-7) (clear pos-5-6)
   + (clear pos-2-2) (clear pos-2-3) (clear pos-3-2) (clear pos-3-4) (clear pos-4-2) (clear pos-4-6) (clear pos-4-7) (clear pos-5-3) (clear pos-5-4) (clear pos-5-5) (clear pos-6-7) (clear pos-7-7) (clear pos-8-5) (clear pos-8-6) (clear pos-8-7)
(move player-01 pos-5-7 pos-6-7 dir-right)
   (at player-01 pos-5-7) (clear pos-6-7)
   + (clear pos-2-2) (clear pos-2-3) (clear pos-3-2) (clear pos-3-4) (clear pos-4-2) (clear pos-4-6) (clear pos-4-7) (clear pos-5-3) (clear pos-5-4) (clear pos-5-5) (clear pos-7-7) (clear pos-8-5) (clear pos-8-6) (clear pos-8-7)
(move player-01 pos-6-5 pos-5-5 dir-left)
   (at player-01 pos-6-5) (clear pos-5-5)
   + (clear pos-2-2) (clear pos-2-3) (clear pos-3-2) (clear pos-3-4) (clear pos-4-2) (clear pos-4-6) (clear pos-4-7) (clear pos-5-3) (clear pos-5-4) (clear pos-5-7) (clear pos-6-7) (clear pos-7-7) (clear pos-8-5) (clear pos-8-6) (clear pos-8-7)
(move player-01 pos-6-5 pos-6-6 dir-down)
   (at player-01 pos-6-5) (clear pos-6-6)
   + (clear pos-2-2) (clear pos-2-3) (clear pos-3-2) (clear pos-3-4) (clear pos-4-2) (clear pos-4-6) (clear pos-4-7) (clear pos-5-3) (clear pos-5-4) (clear pos-5-5) (clear pos-5-7) (clear pos-6-7) (clear pos-7-7) (clear pos-8-5) (clear pos-8-6) (clear pos-8-7) (NOT:at-goal stone-01) (NOT:at-goal stone-02)
(move player-01 pos-6-5 pos-7-5 dir-right)
   (at player-01 pos-6-5) (clear pos-7-5)
   + (clear pos-2-2) (clear pos-2-3) (clear pos-3-2) (clear pos-3-4) (clear pos-4-2) (clear pos-4-6) (clear pos-4-7) (clear pos-5-3) (clear pos-5-4) (clear pos-5-5) (clear pos-5-7) (clear pos-6-7) (clear pos-7-7) (clear pos-8-5) (clear pos-8-6) (clear pos-8-7) (NOT:at-goal stone-01)
(move player-01 pos-6-6 pos-5-6 dir-left)
   (at player-01 pos-6-6) (clear pos-5-6)
   + (clear pos-2-2) (clear pos-2-3) (clear pos-3-2) (clear pos-3-4) (clear pos-4-2) (clear pos-4-6) (clear pos-4-7) (clear pos-5-3) (clear pos-5-4) (clear pos-5-5) (clear pos-5-7) (clear pos-6-7) (clear pos-7-7) (clear pos-8-5) (clear pos-8-6) (clear pos-8-7) (NOT:at-goal stone-01)
(move player-01 pos-6-6 pos-6-5 dir-up)
   (at player-01 pos-6-6) (clear pos-6-5)
   + (clear pos-2-2) (clear pos-2-3) (clear pos-3-2) (clear pos-3-4) (clear pos-4-2) (clear pos-4-6) (clear pos-4-7) (clear pos-5-3) (clear pos-5-4) (clear pos-5-5) (clear pos-5-7) (clear pos-6-7) (clear pos-7-7) (clear pos-8-5) (clear pos-8-6) (clear pos-8-7) (NOT:at-goal stone-01) (NOT:at-goal stone-02)
(move player-01 pos-6-6 pos-6-7 dir-down)
   (at player-01 pos-6-6) (clear pos-6-7)
   + (clear pos-2-2) (clear pos-2-3) (clear pos-3-2) (clear pos-3-4) (clear pos-4-2) (clear pos-4-6) (clear pos-4-7) (clear pos-5-3) (clear pos-5-4) (clear pos-5-5) (clear pos-5-7) (clear pos-7-7) (clear pos-8-5) (clear pos-8-6) (clear pos-8-7) (NOT:at-goal stone-01)
(move player-01 pos-6-7 pos-5-7 dir-left)
   (at player-01 pos-6-7) (clear pos-5-7)
   + (clear pos-2-2) (clear pos-2-3) (clear pos-3-2) (clear pos-3-4) (clear pos-4-2) (clear pos-4-6) (clear pos-4-7) (clear pos-5-3) (clear pos-5-4) (clear pos-5-5) (clear pos-7-7) (clear pos-8-5) (clear pos-8-6) (clear pos-8-7)
(move player-01 pos-6-7 pos-6-6 dir-up)
   (at player-01 pos-6-7) (clear pos-6-6)
   + (clear pos-2-2) (clear pos-2-3) (clear pos-3-2) (clear pos-3-4) (clear pos-4-2) (clear pos-4-6) (clear pos-4-7) (clear pos-5-3) (clear pos-5-4) (clear pos-5-5) (clear pos-5-7) (clear pos-7-7) (clear pos-8-5) (clear pos-8-6) (clear pos-8-7) (NOT:at-goal stone-01)
(move player-01 pos-6-7 pos-7-7 dir-right)
   (at player-01 pos-6-7) (clear pos-7-7)
   + (clear pos-2-2) (clear pos-2-3) (clear pos-3-2) (clear pos-3-4) (clear pos-4-2) (clear pos-4-6) (clear pos-4-7) (clear pos-5-3) (clear pos-5-4) (clear pos-5-5) (clear pos-5-7) (clear pos-8-5) (clear pos-8-6) (clear pos-8-7)
(move player-01 pos-7-5 pos-6-5 dir-left)
   (at player-01 pos-7-5) (clear pos-6-5)
   + (clear pos-2-2) (clear pos-2-3) (clear pos-3-2) (clear pos-3-4) (clear pos-4-2) (clear pos-4-6) (clear pos-4-7) (clear pos-5-3) (clear pos-5-4) (clear pos-5-5) (clear pos-5-7) (clear pos-6-7) (clear pos-7-7) (clear pos-8-5) (clear pos-8-6) (clear pos-8-7) (NOT:at-goal stone-01)
(move player-01 pos-7-5 pos-8-5 dir-right)
   (at player-01 pos-7-5) (clear pos-8-5)
   + (clear pos-2-2) (clear pos-2-3) (clear pos-3-2) (clear pos-3-4) (clear pos-4-2) (clear pos-4-6) (clear pos-4-7) (clear pos-5-3) (clear pos-5-4) (clear pos-5-5) (clear pos-5-7) (clear pos-6-7) (clear pos-7-7) (clear pos-8-6) (clear pos-8-7)
(move player-01 pos-7-7 pos-6-7 dir-left)
   (at player-01 pos-7-7) (clear pos-6-7)
   + (clear pos-2-2) (clear pos-2-3) (clear pos-3-2) (clear pos-3-4) (clear pos-4-2) (clear pos-4-6) (clear pos-4-7) (clear pos-5-3) (clear pos-5-4) (clear pos-5-5) (clear pos-5-7) (clear pos-8-5) (clear pos-8-6) (clear pos-8-7)
(move player-01 pos-7-7 pos-8-7 dir-right)
   (at player-01 pos-7-7) (clear pos-8-7)
   + (clear pos-2-2) (clear pos-2-3) (clear pos-3-2) (clear pos-3-4) (clear pos-4-2) (clear pos-4-6) (clear pos-4-7) (clear pos-5-3) (clear pos-5-4) (clear pos-5-5) (clear pos-5-7) (clear pos-6-7) (clear pos-8-5) (clear pos-8-6)
(move player-01 pos-8-5 pos-7-5 dir-left)
   (at player-01 pos-8-5) (clear pos-7-5)
   + (clear pos-2-2) (clear pos-2-3) (clear pos-3-2) (clear pos-3-4) (clear pos-4-2) (clear pos-4-6) (clear pos-4-7) (clear pos-5-3) (clear pos-5-4) (clear pos-5-5) (clear pos-5-7) (clear pos-6-7) (clear pos-7-7) (clear pos-8-6) (clear pos-8-7)
(move player-01 pos-8-5 pos-8-6 dir-down)
   (at player-01 pos-8-5) (clear pos-8-6)
   + (clear pos-2-2) (clear pos-2-3) (clear pos-3-2) (clear pos-3-4) (clear pos-4-2) (clear pos-4-6) (clear pos-4-7) (clear pos-5-3) (clear pos-5-4) (clear pos-5-5) (clear pos-5-7) (clear pos-6-7) (clear pos-7-7) (clear pos-8-7)
(move player-01 pos-8-6 pos-8-5 dir-up)
   (at player-01 pos-8-6) (clear pos-8-5)
   + (clear pos-2-2) (clear pos-2-3) (clear pos-3-2) (clear pos-3-4) (clear pos-4-2) (clear pos-4-6) (clear pos-4-7) (clear pos-5-3) (clear pos-5-4) (clear pos-5-5) (clear pos-5-7) (clear pos-6-7) (clear pos-7-7) (clear pos-8-7)
(move player-01 pos-8-6 pos-8-7 dir-down)
   (at player-01 pos-8-6) (clear pos-8-7)
   + (clear pos-2-2) (clear pos-2-3) (clear pos-3-2) (clear pos-3-4) (clear pos-4-2) (clear pos-4-6) (clear pos-4-7) (clear pos-5-3) (clear pos-5-4) (clear pos-5-5) (clear pos-5-7) (clear pos-6-7) (clear pos-7-7) (clear pos-8-5)
(move player-01 pos-8-7 pos-7-7 dir-left)
   (at player-01 pos-8-7) (clear pos-7-7)
   + (clear pos-2-2) (clear pos-2-3) (clear pos-3-2) (clear pos-3-4) (clear pos-4-2) (clear pos-4-6) (clear pos-4-7) (clear pos-5-3) (clear pos-5-4) (clear pos-5-5) (clear pos-5-7) (clear pos-6-7) (clear pos-8-5) (clear pos-8-6)
(move player-01 pos-8-7 pos-8-6 dir-up)
   (at player-01 pos-8-7) (clear pos-8-6)
   + (clear pos-2-2) (clear pos-2-3) (clear pos-3-2) (clear pos-3-4) (clear pos-4-2) (clear pos-4-6) (clear pos-4-7) (clear pos-5-3) (clear pos-5-4) (clear pos-5-5) (clear pos-5-7) (clear pos-6-7) (clear pos-7-7) (clear pos-8-5)
(push-to-goal player-01 stone-01 pos-4-6 pos-5-6 pos-6-6 dir-right)
   (at player-01 pos-4-6) (at stone-01 pos-5-6) (clear pos-6-6)
   + (clear pos-2-2) (clear pos-2-3) (clear pos-3-2) (clear pos-3-3) (clear pos-3-4) (clear pos-4-2) (clear pos-4-3) (clear pos-4-4) (clear pos-4-7) (clear pos-5-3) (clear pos-5-4) (clear pos-5-5) (clear pos-5-7) (clear pos-6-7) (clear pos-7-7) (clear pos-8-5) (clear pos-8-6) (clear pos-8-7) (NOT:at-goal stone-01)
(push-to-goal player-01 stone-01 pos-6-7 pos-6-6 pos-6-5 dir-up)
   (at player-01 pos-6-7) (at stone-01 pos-6-6) (clear pos-6-5)
   + (at stone-02 pos-7-5) (at-goal stone-01) (clear pos-2-2) (clear pos-2-3) (clear pos-3-2) (clear pos-3-3) (clear pos-3-4) (clear pos-4-2) (clear pos-4-3) (clear pos-4-4) (clear pos-4-6) (clear pos-4-7) (clear pos-5-3) (clear pos-5-4) (clear pos-5-5) (clear pos-5-6) (clear pos-5-7) (clear pos-7-7) (clear pos-8-5) (clear pos-8-6) (clear pos-8-7) (NOT:at-goal stone-02)
Unreachable: (push-to-goal player-01 stone-01 pos-8-5 pos-7-5 pos-6-5 dir-left)
(push-to-goal player-01 stone-02 pos-4-6 pos-5-6 pos-6-6 dir-right)
   (at player-01 pos-4-6) (at stone-02 pos-5-6) (clear pos-6-6)
   + (clear pos-2-2) (clear pos-2-3) (clear pos-3-2) (clear pos-3-4) (clear pos-4-2) (clear pos-4-7) (clear pos-5-3) (clear pos-5-4) (clear pos-5-5) (clear pos-5-7) (clear pos-6-5) (clear pos-6-7) (clear pos-7-5) (clear pos-7-7) (clear pos-8-5) (clear pos-8-6) (clear pos-8-7) (NOT:at-goal stone-01) (NOT:at-goal stone-02)
(push-to-goal player-01 stone-02 pos-6-7 pos-6-6 pos-6-5 dir-up)
   (at player-01 pos-6-7) (at stone-02 pos-6-6) (clear pos-6-5)
   + (at-goal stone-02) (clear pos-2-2) (clear pos-2-3) (clear pos-3-2) (clear pos-3-4) (clear pos-4-2) (clear pos-4-6) (clear pos-4-7) (clear pos-5-3) (clear pos-5-4) (clear pos-5-5) (clear pos-5-7) (clear pos-7-5) (clear pos-7-7) (clear pos-8-5) (clear pos-8-6) (clear pos-8-7) (NOT:at-goal stone-01)
(push-to-goal player-01 stone-02 pos-8-5 pos-7-5 pos-6-5 dir-left)
   (at player-01 pos-8-5) (at stone-02 pos-7-5) (clear pos-6-5)
   + (clear pos-2-2) (clear pos-2-3) (clear pos-3-2) (clear pos-3-4) (clear pos-4-2) (clear pos-4-6) (clear pos-4-7) (clear pos-5-3) (clear pos-5-4) (clear pos-5-5) (clear pos-5-7) (clear pos-6-7) (clear pos-7-7) (clear pos-8-6) (clear pos-8-7) (NOT:at-goal stone-02)
Unreachable: (push-to-nongoal player-01 stone-01 pos-2-2 pos-3-2 pos-4-2 dir-right)
(push-to-nongoal player-01 stone-01 pos-2-3 pos-3-3 pos-4-3 dir-right)
   (at player-01 pos-2-3) (at stone-01 pos-3-3) (clear pos-4-3)
   + (clear pos-2-2) (clear pos-3-2) (clear pos-3-4) (clear pos-4-2) (clear pos-4-6) (clear pos-4-7) (clear pos-5-3) (clear pos-5-7) (clear pos-6-7) (clear pos-7-7) (clear pos-8-5) (clear pos-8-6) (clear pos-8-7) (NOT:at-goal stone-01)
(push-to-nongoal player-01 stone-01 pos-3-2 pos-3-3 pos-3-4 dir-down)
   (at player-01 pos-3-2) (at stone-01 pos-3-3) (clear pos-3-4)
   + (clear pos-2-2) (clear pos-2-3) (clear pos-4-2) (clear pos-4-3) (clear pos-4-6) (clear pos-4-7) (clear pos-5-3) (clear pos-5-7) (clear pos-6-7) (clear pos-7-7) (clear pos-8-5) (clear pos-8-6) (clear pos-8-7) (NOT:at-goal stone-01)
(push-to-nongoal player-01 stone-01 pos-3-3 pos-4-3 pos-5-3 dir-right)
   (at player-01 pos-3-3) (at stone-01 pos-4-3) (clear pos-5-3)
   + (clear pos-2-2) (clear pos-2-3) (clear pos-3-2) (clear pos-3-4) (clear pos-4-2) (clear pos-4-6) (clear pos-4-7) (clear pos-5-7) (clear pos-6-7) (clear pos-7-7) (clear pos-8-5) (clear pos-8-6) (clear pos-8-7) (NOT:at-goal stone-01)
(push-to-nongoal player-01 stone-01 pos-3-4 pos-3-3 pos-3-2 dir-up)
   (at player-01 pos-3-4) (at stone-01 pos-3-3) (clear pos-3-2)
   + (clear pos-2-2) (clear pos-2-3) (clear pos-4-2) (clear pos-4-3) (clear pos-4-6) (clear pos-4-7) (clear pos-5-3) (clear pos-5-7) (clear pos-6-7) (clear pos-7-7) (clear pos-8-5) (clear pos-8-6) (clear pos-8-7) (NOT:at-goal stone-01)
(push-to-nongoal player-01 stone-01 pos-3-4 pos-4-4 pos-5-4 dir-right)
   (at player-01 pos-3-4) (at stone-01 pos-4-4) (clear pos-5-4)
   + (clear pos-2-2) (clear pos-2-3) (clear pos-3-2) (clear pos-3-3) (clear pos-4-2) (clear pos-4-3) (clear pos-4-6) (clear pos-4-7) (clear pos-5-3) (clear pos-5-7) (clear pos-6-7) (clear pos-7-7) (clear pos-8-5) (clear pos-8-6) (clear pos-8-7) (NOT:at-goal stone-01)
Unreachable: (push-to-nongoal player-01 stone-01 pos-4-2 pos-3-2 pos-2-2 dir-left)
(push-to-nongoal player-01 stone-01 pos-4-2 pos-4-3 pos-4-4 dir-down)
   (at player-01 pos-4-2) (at stone-01 pos-4-3) (clear pos-4-4)
   + (clear pos-2-2) (clear pos-2-3) (clear pos-3-2) (clear pos-3-3) (clear pos-3-4) (clear pos-4-6) (clear pos-4-7) (clear pos-5-3) (clear pos-5-7) (clear pos-6-7) (clear pos-7-7) (clear pos-8-5) (clear pos-8-6) (clear pos-8-7) (NOT:at-goal stone-01)
(push-to-nongoal player-01 stone-01 pos-4-3 pos-3-3 pos-2-3 dir-left)
   (at player-01 pos-4-3) (at stone-01 pos-3-3) (clear pos-2-3)
   + (clear pos-2-2) (clear pos-3-2) (clear pos-3-4) (clear pos-4-2) (clear pos-4-6) (clear pos-4-7) (clear pos-5-3) (clear pos-5-7) (clear pos-6-7) (clear pos-7-7) (clear pos-8-5) (clear pos-8-6) (clear pos-8-7) (NOT:at-goal stone-01)
(push-to-nongoal player-01 stone-01 pos-4-4 pos-4-3 pos-4-2 dir-up)
   (at player-01 pos-4-4) (at stone-01 pos-4-3) (clear pos-4-2)
   + (clear pos-2-2) (clear pos-2-3) (clear pos-3-2) (clear pos-3-3) (clear pos-3-4) (clear pos-4-6) (clear pos-4-7) (clear pos-5-3) (clear pos-5-7) (clear pos-6-7) (clear pos-7-7) (clear pos-8-5) (clear pos-8-6) (clear pos-8-7) (NOT:at-goal stone-01)
Unreachable: (push-to-nongoal player-01 stone-01 pos-4-7 pos-5-7 pos-6-7 dir-right)
(push-to-nongoal player-01 stone-01 pos-5-3 pos-4-3 pos-3-3 dir-left)
   (at player-01 pos-5-3) (at stone-01 pos-4-3) (clear pos-3-3)
   + (clear pos-2-2) (clear pos-2-3) (clear pos-3-2) (clear pos-3-4) (clear pos-4-2) (clear pos-4-6) (clear pos-4-7) (clear pos-5-7) (clear pos-6-7) (clear pos-7-7) (clear pos-8-5) (clear pos-8-6) (clear pos-8-7) (NOT:at-goal stone-01)
(push-to-nongoal player-01 stone-01 pos-5-3 pos-5-4 pos-5-5 dir-down)
   (at player-01 pos-5-3) (at stone-01 pos-5-4) (clear pos-5-5)
   + (clear pos-2-2) (clear pos-2-3) (clear pos-3-2) (clear pos-3-3) (clear pos-3-4) (clear pos-4-2) (clear pos-4-3) (clear pos-4-4) (clear pos-4-6) (clear pos-4-7) (clear pos-5-6) (clear pos-5-7) (clear pos-6-7) (clear pos-7-7) (clear pos-8-5) (clear pos-8-6) (clear pos-8-7) (NOT:at-goal stone-01)
(push-to-nongoal player-01 stone-01 pos-5-4 pos-4-4 pos-3-4 dir-left)
   (at player-01 pos-5-4) (at stone-01 pos-4-4) (clear pos-3-4)
   + (clear pos-2-2) (clear pos-2-3) (clear pos-3-2) (clear pos-3-3) (clear pos-4-2) (clear pos-4-3) (clear pos-4-6) (clear pos-4-7) (clear pos-5-3) (clear pos-5-7) (clear pos-6-7) (clear pos-7-7) (clear pos-8-5) (clear pos-8-6) (clear pos-8-7) (NOT:at-goal stone-01)
(push-to-nongoal player-01 stone-01 pos-5-4 pos-5-5 pos-5-6 dir-down)
   (at player-01 pos-5-4) (at stone-01 pos-5-5) (clear pos-5-6)
   + (clear pos-2-2) (clear pos-2-3) (clear pos-3-2) (clear pos-3-3) (clear pos-3-4) (clear pos-4-2) (clear pos-4-3) (clear pos-4-4) (clear pos-4-6) (clear pos-4-7) (clear pos-5-3) (clear pos-5-7) (clear pos-6-7) (clear pos-7-7) (clear pos-8-5) (clear pos-8-6) (clear pos-8-7) (NOT:at-goal stone-01)
(push-to-nongoal player-01 stone-01 pos-5-5 pos-5-4 pos-5-3 dir-up)
   (at player-01 pos-5-5) (at stone-01 pos-5-4) (clear pos-5-3)
   + (clear pos-2-2) (clear pos-2-3) (clear pos-3-2) (clear pos-3-3) (clear pos-3-4) (clear pos-4-2) (clear pos-4-3) (clear pos-4-4) (clear pos-4-6) (clear pos-4-7) (clear pos-5-6) (clear pos-5-7) (clear pos-6-7) (clear pos-7-7) (clear pos-8-5) (clear pos-8-6) (clear pos-8-7) (NOT:at-goal stone-01)
(push-to-nongoal player-01 stone-01 pos-5-5 pos-5-6 pos-5-7 dir-down)
   (at player-01 pos-5-5) (at stone-01 pos-5-6) (clear pos-5-7)
   + (clear pos-2-2) (clear pos-2-3) (clear pos-3-2) (clear pos-3-3) (clear pos-3-4) (clear pos-4-2) (clear pos-4-3) (clear pos-4-4) (clear pos-4-6) (clear pos-4-7) (clear pos-5-3) (clear pos-5-4) (clear pos-6-7) (clear pos-7-7) (clear pos-8-5) (clear pos-8-6) (clear pos-8-7) (NOT:at-goal stone-01)
Unreachable: (push-to-nongoal player-01 stone-01 pos-5-5 pos-6-5 pos-7-5 dir-right)
(push-to-nongoal player-01 stone-01 pos-5-6 pos-5-5 pos-5-4 dir-up)
   (at player-01 pos-5-6) (at stone-01 pos-5-5) (clear pos-5-4)
   + (clear pos-2-2) (clear pos-2-3) (clear pos-3-2) (clear pos-3-3) (clear pos-3-4) (clear pos-4-2) (clear pos-4-3) (clear pos-4-4) (clear pos-4-6) (clear pos-4-7) (clear pos-5-3) (clear pos-5-7) (clear pos-6-7) (clear pos-7-7) (clear pos-8-5) (clear pos-8-6) (clear pos-8-7) (NOT:at-goal stone-01)
(push-to-nongoal player-01 stone-01 pos-5-7 pos-5-6 pos-5-5 dir-up)
   (at player-01 pos-5-7) (at stone-01 pos-5-6) (clear pos-5-5)
   + (clear pos-2-2) (clear pos-2-3) (clear pos-3-2) (clear pos-3-3) (clear pos-3-4) (clear pos-4-2) (clear pos-4-3) (clear pos-4-4) (clear pos-4-6) (clear pos-4-7) (clear pos-5-3) (clear pos-5-4) (clear pos-6-7) (clear pos-7-7) (clear pos-8-5) (clear pos-8-6) (clear pos-8-7) (NOT:at-goal stone-01)
Unreachable: (push-to-nongoal player-01 stone-01 pos-5-7 pos-6-7 pos-7-7 dir-right)
(push-to-nongoal player-01 stone-01 pos-6-5 pos-6-6 pos-6-7 dir-down)
   (at player-01 pos-6-5) (at stone-01 pos-6-6) (clear pos-6-7)
   + (at stone-02 pos-7-5) (at-goal stone-01) (clear pos-2-2) (clear pos-2-3) (clear pos-3-2) (clear pos-3-3) (clear pos-3-4) (clear pos-4-2) (clear pos-4-3) (clear pos-4-4) (clear pos-4-6) (clear pos-4-7) (clear pos-5-3) (clear pos-5-4) (clear pos-5-5) (clear pos-5-6) (clear pos-5-7) (clear pos-7-7) (clear pos-8-5) (clear pos-8-6) (clear pos-8-7) (NOT:at-goal stone-02)
Unreachable: (push-to-nongoal player-01 stone-01 pos-6-5 pos-7-5 pos-8-5 dir-right)
(push-to-nongoal player-01 stone-01 pos-6-6 pos-5-6 pos-4-6 dir-left)
   (at player-01 pos-6-6) (at stone-01 pos-5-6) (clear pos-4-6)
   + (clear pos-2-2) (clear pos-2-3) (clear pos-3-2) (clear pos-3-3) (clear pos-3-4) (clear pos-4-2) (clear pos-4-3) (clear pos-4-4) (clear pos-4-7) (clear pos-5-3) (clear pos-5-4) (clear pos-5-5) (clear pos-5-7) (clear pos-6-7) (clear pos-7-7) (clear pos-8-5) (clear pos-8-6) (clear pos-8-7) (NOT:at-goal stone-01)
Unreachable: (push-to-nongoal player-01 stone-01 pos-6-7 pos-5-7 pos-4-7 dir-left)
Unreachable: (push-to-nongoal player-01 stone-01 pos-6-7 pos-7-7 pos-8-7 dir-right)
Unreachable: (push-to-nongoal player-01 stone-01 pos-7-5 pos-6-5 pos-5-5 dir-left)
Unreachable: (push-to-nongoal player-01 stone-01 pos-7-7 pos-6-7 pos-5-7 dir-left)
Unreachable: (push-to-nongoal player-01 stone-01 pos-8-7 pos-7-7 pos-6-7 dir-left)
(push-to-nongoal player-01 stone-02 pos-3-4 pos-4-4 pos-5-4 dir-right)
   (at player-01 pos-3-4) (at stone-02 pos-4-4) (clear pos-5-4)
   + (clear pos-2-2) (clear pos-2-3) (clear pos-3-2) (clear pos-4-2) (clear pos-4-6) (clear pos-4-7) (clear pos-5-3) (clear pos-5-5) (clear pos-5-6) (clear pos-5-7) (clear pos-6-5) (clear pos-6-6) (clear pos-6-7) (clear pos-7-5) (clear pos-7-7) (clear pos-8-5) (clear pos-8-6) (clear pos-8-7) (NOT:at-goal stone-01) (NOT:at-goal stone-02)
Unreachable: (push-to-nongoal player-01 stone-02 pos-4-7 pos-5-7 pos-6-7 dir-right)
(push-to-nongoal player-01 stone-02 pos-5-3 pos-5-4 pos-5-5 dir-down)
   (at player-01 pos-5-3) (at stone-02 pos-5-4) (clear pos-5-5)
   + (clear pos-2-2) (clear pos-2-3) (clear pos-3-2) (clear pos-3-4) (clear pos-4-2) (clear pos-4-6) (clear pos-4-7) (clear pos-5-6) (clear pos-5-7) (clear pos-6-5) (clear pos-6-6) (clear pos-6-7) (clear pos-7-5) (clear pos-7-7) (clear pos-8-5) (clear pos-8-6) (clear pos-8-7) (NOT:at-goal stone-01) (NOT:at-goal stone-02)
(push-to-nongoal player-01 stone-02 pos-5-4 pos-4-4 pos-3-4 dir-left)
   (at player-01 pos-5-4) (at stone-02 pos-4-4) (clear pos-3-4)
   + (clear pos-2-2) (clear pos-2-3) (clear pos-3-2) (clear pos-4-2) (clear pos-4-6) (clear pos-4-7) (clear pos-5-3) (clear pos-5-5) (clear pos-5-6) (clear pos-5-7) (clear pos-6-5) (clear pos-6-6) (clear pos-6-7) (clear pos-7-5) (clear pos-7-7) (clear pos-8-5) (clear pos-8-6) (clear pos-8-7) (NOT:at-goal stone-01) (NOT:at-goal stone-02)
(push-to-nongoal player-01 stone-02 pos-5-4 pos-5-5 pos-5-6 dir-down)
   (at player-01 pos-5-4) (at stone-02 pos-5-5) (clear pos-5-6)
   + (clear pos-2-2) (clear pos-2-3) (clear pos-3-2) (clear pos-3-4) (clear pos-4-2) (clear pos-4-6) (clear pos-4-7) (clear pos-5-3) (clear pos-5-7) (clear pos-6-5) (clear pos-6-6) (clear pos-6-7) (clear pos-7-5) (clear pos-7-7) (clear pos-8-5) (clear pos-8-6) (clear pos-8-7) (NOT:at-goal stone-01) (NOT:at-goal stone-02)
(push-to-nongoal player-01 stone-02 pos-5-5 pos-5-4 pos-5-3 dir-up)
   (at player-01 pos-5-5) (at stone-02 pos-5-4) (clear pos-5-3)
   + (clear pos-2-2) (clear pos-2-3) (clear pos-3-2) (clear pos-3-4) (clear pos-4-2) (clear pos-4-6) (clear pos-4-7) (clear pos-5-6) (clear pos-5-7) (clear pos-6-5) (clear pos-6-6) (clear pos-6-7) (clear pos-7-5) (clear pos-7-7) (clear pos-8-5) (clear pos-8-6) (clear pos-8-7) (NOT:at-goal stone-01) (NOT:at-goal stone-02)
(push-to-nongoal player-01 stone-02 pos-5-5 pos-5-6 pos-5-7 dir-down)
   (at player-01 pos-5-5) (at stone-02 pos-5-6) (clear pos-5-7)
   + (clear pos-2-2) (clear pos-2-3) (clear pos-3-2) (clear pos-3-4) (clear pos-4-2) (clear pos-4-6) (clear pos-4-7) (clear pos-5-3) (clear pos-5-4) (clear pos-6-5) (clear pos-6-6) (clear pos-6-7) (clear pos-7-5) (clear pos-7-7) (clear pos-8-5) (clear pos-8-6) (clear pos-8-7) (NOT:at-goal stone-01) (NOT:at-goal stone-02)
(push-to-nongoal player-01 stone-02 pos-5-5 pos-6-5 pos-7-5 dir-right)
   (at player-01 pos-5-5) (at stone-02 pos-6-5) (clear pos-7-5)
   + (at-goal stone-02) (clear pos-2-2) (clear pos-2-3) (clear pos-3-2) (clear pos-3-4) (clear pos-4-2) (clear pos-4-6) (clear pos-4-7) (clear pos-5-3) (clear pos-5-4) (clear pos-5-7) (clear pos-6-7) (clear pos-7-7) (clear pos-8-5) (clear pos-8-6) (clear pos-8-7)
(push-to-nongoal player-01 stone-02 pos-5-6 pos-5-5 pos-5-4 dir-up)
   (at player-01 pos-5-6) (at stone-02 pos-5-5) (clear pos-5-4)
   + (clear pos-2-2) (clear pos-2-3) (clear pos-3-2) (clear pos-3-4) (clear pos-4-2) (clear pos-4-6) (clear pos-4-7) (clear pos-5-3) (clear pos-5-7) (clear pos-6-5) (clear pos-6-6) (clear pos-6-7) (clear pos-7-5) (clear pos-7-7) (clear pos-8-5) (clear pos-8-6) (clear pos-8-7) (NOT:at-goal stone-01) (NOT:at-goal stone-02)
(push-to-nongoal player-01 stone-02 pos-5-7 pos-5-6 pos-5-5 dir-up)
   (at player-01 pos-5-7) (at stone-02 pos-5-6) (clear pos-5-5)
   + (clear pos-2-2) (clear pos-2-3) (clear pos-3-2) (clear pos-3-4) (clear pos-4-2) (clear pos-4-6) (clear pos-4-7) (clear pos-5-3) (clear pos-5-4) (clear pos-6-5) (clear pos-6-6) (clear pos-6-7) (clear pos-7-5) (clear pos-7-7) (clear pos-8-5) (clear pos-8-6) (clear pos-8-7) (NOT:at-goal stone-01) (NOT:at-goal stone-02)
Unreachable: (push-to-nongoal player-01 stone-02 pos-5-7 pos-6-7 pos-7-7 dir-right)
(push-to-nongoal player-01 stone-02 pos-6-5 pos-6-6 pos-6-7 dir-down)
   (at player-01 pos-6-5) (at stone-02 pos-6-6) (clear pos-6-7)
   + (at-goal stone-02) (clear pos-2-2) (clear pos-2-3) (clear pos-3-2) (clear pos-3-4) (clear pos-4-2) (clear pos-4-6) (clear pos-4-7) (clear pos-5-3) (clear pos-5-4) (clear pos-5-5) (clear pos-5-7) (clear pos-7-5) (clear pos-7-7) (clear pos-8-5) (clear pos-8-6) (clear pos-8-7) (NOT:at-goal stone-01)
(push-to-nongoal player-01 stone-02 pos-6-5 pos-7-5 pos-8-5 dir-right)
   (at player-01 pos-6-5) (at stone-02 pos-7-5) (clear pos-8-5)
   + (clear pos-2-2) (clear pos-2-3) (clear pos-3-2) (clear pos-3-4) (clear pos-4-2) (clear pos-4-6) (clear pos-4-7) (clear pos-5-3) (clear pos-5-4) (clear pos-5-5) (clear pos-5-7) (clear pos-6-7) (clear pos-7-7) (clear pos-8-6) (clear pos-8-7) (NOT:at-goal stone-02)
(push-to-nongoal player-01 stone-02 pos-6-6 pos-5-6 pos-4-6 dir-left)
   (at player-01 pos-6-6) (at stone-02 pos-5-6) (clear pos-4-6)
   + (clear pos-2-2) (clear pos-2-3) (clear pos-3-2) (clear pos-3-4) (clear pos-4-2) (clear pos-4-7) (clear pos-5-3) (clear pos-5-4) (clear pos-5-5) (clear pos-5-7) (clear pos-6-5) (clear pos-6-7) (clear pos-7-5) (clear pos-7-7) (clear pos-8-5) (clear pos-8-6) (clear pos-8-7) (NOT:at-goal stone-01) (NOT:at-goal stone-02)
Unreachable: (push-to-nongoal player-01 stone-02 pos-6-7 pos-5-7 pos-4-7 dir-left)
Unreachable: (push-to-nongoal player-01 stone-02 pos-6-7 pos-7-7 pos-8-7 dir-right)
(push-to-nongoal player-01 stone-02 pos-7-5 pos-6-5 pos-5-5 dir-left)
   (at player-01 pos-7-5) (at stone-02 pos-6-5) (clear pos-5-5)
   + (at-goal stone-02) (clear pos-2-2) (clear pos-2-3) (clear pos-3-2) (clear pos-3-4) (clear pos-4-2) (clear pos-4-6) (clear pos-4-7) (clear pos-5-3) (clear pos-5-4) (clear pos-5-7) (clear pos-6-7) (clear pos-7-7) (clear pos-8-5) (clear pos-8-6) (clear pos-8-7)
Unreachable: (push-to-nongoal player-01 stone-02 pos-7-7 pos-6-7 pos-5-7 dir-left)
Unreachable: (push-to-nongoal player-01 stone-02 pos-8-7 pos-7-7 pos-6-7 dir-left)
