Mutex groups: 62
 (at player-01 pos-2-2) (clear pos-2-2)
 (at player-01 pos-2-3) (clear pos-2-3)
 (at player-01 pos-3-4) (clear pos-3-4)
 (at player-01 pos-4-2) (clear pos-4-2)
 (at player-01 pos-4-6) (clear pos-4-6)
 (at player-01 pos-4-7) (clear pos-4-7)
 (at player-01 pos-5-3) (clear pos-5-3)
 (at player-01 pos-8-5) (clear pos-8-5)
 (at player-01 pos-8-6) (clear pos-8-6)
 (at player-01 pos-8-7) (clear pos-8-7)
 (at player-01 pos-3-2) (at stone-01 pos-3-2) (clear pos-3-2)
 (at player-01 pos-3-3) (at stone-01 pos-3-3) (clear pos-3-3)
 (at player-01 pos-4-3) (at stone-01 pos-4-3) (clear pos-4-3)
 (at player-01 pos-4-4) (at stone-01 pos-4-4) (at stone-02 pos-4-4) (clear pos-4-4)
 (at player-01 pos-5-4) (at stone-01 pos-5-4) (at stone-02 pos-5-4) (clear pos-5-4)
 (at player-01 pos-5-5) (at stone-01 pos-5-5) (at stone-02 pos-5-5) (clear pos-5-5)
 (at player-01 pos-5-6) (at stone-01 pos-5-6) (at stone-02 pos-5-6) (clear pos-5-6)
 (at player-01 pos-5-7) (at stone-01 pos-5-7) (at stone-02 pos-5-7) (clear pos-5-7)
 (at player-01 pos-6-5) (at stone-01 pos-6-5) (at stone-02 pos-6-5) (clear pos-6-5)
 (at player-01 pos-6-6) (at stone-01 pos-6-6) (at stone-02 pos-6-6) (clear pos-6-6)
 (at player-01 pos-6-7) (at stone-01 pos-6-7) (at stone-02 pos-6-7) (clear pos-6-7)
 (at player-01 pos-7-5) (at stone-01 pos-7-5) (at stone-02 pos-7-5) (clear pos-7-5)
 (at player-01 pos-7-7) (at stone-01 pos-7-7) (at stone-02 pos-7-7) (clear pos-7-7)
 (at stone-01 pos-3-2) (at stone-01 pos-3-3) (at stone-01 pos-5-4) (at stone-01 pos-5-6) (at stone-02 pos-5-4)
 (at stone-01 pos-3-2) (at stone-01 pos-3-3) (at stone-01 pos-5-6) (at stone-02 pos-5-4) (at stone-02 pos-5-6)
 (at stone-01 pos-3-2) (at stone-01 pos-5-4) (at stone-01 pos-5-6) (at stone-02 pos-4-4) (at stone-02 pos-5-4)
 (at stone-01 pos-3-2) (at stone-01 pos-5-5) (at stone-01 pos-7-5) (at stone-02 pos-4-4) (at stone-02 pos-5-5)
 (at stone-01 pos-3-2) (at stone-01 pos-5-6) (at stone-02 pos-4-4) (at stone-02 pos-5-4) (at stone-02 pos-5-6)
 (at stone-01 pos-3-2) (at stone-01 pos-6-7) (at stone-02 pos-4-4) (at stone-02 pos-5-6) (at stone-02 pos-6-7)
 (at stone-01 pos-3-2) (at stone-01 pos-3-3) (at stone-01 pos-4-3) (at stone-01 pos-5-5) (at stone-01 pos-7-5) (at stone-02 pos-5-5)
 (at stone-01 pos-3-2) (at stone-01 pos-3-3) (at stone-01 pos-4-3) (at stone-01 pos-6-7) (at stone-02 pos-5-6) (at stone-02 pos-6-7)
 (at stone-01 pos-3-2) (at stone-01 pos-5-7) (at stone-01 pos-7-7) (at stone-02 pos-4-4) (at stone-02 pos-5-6) (at stone-02 pos-5-7)
 (at stone-01 pos-3-2) (at stone-01 pos-6-5) (at stone-01 pos-7-5) (at stone-02 pos-4-4) (at stone-02 pos-5-6) (at-goal stone-02)
 (at stone-01 pos-3-2) (at stone-01 pos-7-5) (at stone-02 pos-4-4) (at stone-02 pos-5-6) (at stone-02 pos-6-6) (at-goal stone-01)
 (at stone-01 pos-3-2) (at stone-01 pos-7-7) (at stone-02 pos-4-4) (at stone-02 pos-5-6) (at stone-02 pos-5-7) (at stone-02 pos-7-7)
 (at stone-01 pos-3-2) (at stone-01 pos-3-3) (at stone-01 pos-4-3) (at stone-01 pos-5-7) (at stone-01 pos-7-7) (at stone-02 pos-5-6) (at stone-02 pos-5-7)
 (at stone-01 pos-3-2) (at stone-01 pos-3-3) (at stone-01 pos-4-3) (at stone-01 pos-6-5) (at stone-01 pos-7-5) (at stone-02 pos-5-6) (at-goal stone-02)
 (at stone-01 pos-3-2) (at stone-01 pos-3-3) (at stone-01 pos-4-3) (at stone-01 pos-7-5) (at stone-02 pos-5-6) (at stone-02 pos-6-6) (at-goal stone-01)
 (at stone-01 pos-3-2) (at stone-01 pos-3-3) (at stone-01 pos-4-3) (at stone-01 pos-7-7) (at stone-02 pos-5-6) (at stone-02 pos-5-7) (at stone-02 pos-7-7)
 (at stone-01 pos-3-2) (at stone-01 pos-6-5) (at stone-01 pos-6-6) (at stone-01 pos-7-5) (at stone-02 pos-4-4) (at stone-02 pos-5-6) (at stone-02 pos-6-6)
 (at stone-01 pos-3-2) (at stone-01 pos-6-5) (at stone-01 pos-7-5) (at stone-02 pos-4-4) (at stone-02 pos-5-6) (at stone-02 pos-6-5) (at stone-02 pos-6-6)
 (at stone-01 pos-3-2) (at stone-01 pos-7-5) (at stone-02 pos-4-4) (at stone-02 pos-5-5) (at stone-02 pos-5-6) (at stone-02 pos-7-5) (at-goal stone-02)
 (at stone-01 pos-3-2) (at stone-01 pos-3-3) (at stone-01 pos-4-3) (at stone-01 pos-6-5) (at stone-01 pos-6-6) (at stone-01 pos-7-5) (at stone-02 pos-5-6) (at stone-02 pos-6-6)
 (at stone-01 pos-3-2) (at stone-01 pos-3-3) (at stone-01 pos-4-3) (at stone-01 pos-6-5) (at stone-01 pos-7-5) (at stone-02 pos-5-6) (at stone-02 pos-6-5) (at stone-02 pos-6-6)
 (at stone-01 pos-3-2) (at stone-01 pos-3-3) (at stone-01 pos-4-3) (at stone-01 pos-7-5) (at stone-02 pos-5-5) (at stone-02 pos-5-6) (at stone-02 pos-7-5) (at-goal stone-02)
 (at stone-01 pos-3-2) (at stone-01 pos-7-5) (at stone-02 pos-4-4) (at stone-02 pos-5-5) (at stone-02 pos-5-6) (at stone-02 pos-6-5) (at stone-02 pos-6-6) (at stone-02 pos-7-5)
 (at stone-01 pos-3-2) (at stone-01 pos-3-3) (at stone-01 pos-4-3) (at stone-01 pos-7-5) (at stone-02 pos-5-5) (at stone-02 pos-5-6) (at stone-02 pos-6-5) (at stone-02 pos-6-6) (at stone-02 pos-7-5)
 (at stone-01 pos-3-2) (at stone-01 pos-5-6) (at stone-01 pos-5-7) (at stone-01 pos-6-7) (at stone-01 pos-7-5) (at stone-01 pos-7-7) (at stone-02 pos-4-4) (at stone-02 pos-5-6) (at-goal stone-01)
 (at stone-01 pos-3-2) (at stone-01 pos-3-3) (at stone-01 pos-4-3) (at stone-01 pos-5-6) (at stone-01 pos-5-7) (at stone-01 pos-6-7) (at stone-01 pos-7-5) (at stone-01 pos-7-7) (at stone-02 pos-5-6) (at-goal stone-01)
 (at stone-01 pos-3-2) (at stone-01 pos-3-3) (at stone-01 pos-4-3) (at stone-02 pos-5-5) (at stone-02 pos-5-6) (at stone-02 pos-5-7) (at stone-02 pos-6-7) (at stone-02 pos-7-5) (at stone-02 pos-7-7) (at-goal stone-02)
 (at stone-01 pos-3-2) (at stone-01 pos-3-3) (at stone-02 pos-5-4) (at stone-02 pos-5-5) (at stone-02 pos-5-6) (at stone-02 pos-5-7) (at stone-02 pos-6-7) (at stone-02 pos-7-5) (at stone-02 pos-7-7) (at-goal stone-02)
 (at stone-01 pos-3-2) (at stone-01 pos-5-6) (at stone-01 pos-5-7) (at stone-01 pos-6-5) (at stone-01 pos-6-6) (at stone-01 pos-6-7) (at stone-01 pos-7-5) (at stone-01 pos-7-7) (at stone-02 pos-4-4) (at stone-02 pos-5-6)
 (at stone-01 pos-3-2) (at stone-02 pos-4-4) (at stone-02 pos-5-4) (at stone-02 pos-5-5) (at stone-02 pos-5-6) (at stone-02 pos-5-7) (at stone-02 pos-6-7) (at stone-02 pos-7-5) (at stone-02 pos-7-7) (at-goal stone-02)
 (at stone-01 pos-3-2) (at stone-01 pos-3-3) (at stone-01 pos-4-3) (at stone-01 pos-5-6) (at stone-01 pos-5-7) (at stone-01 pos-6-5) (at stone-01 pos-6-6) (at stone-01 pos-6-7) (at stone-01 pos-7-5) (at stone-01 pos-7-7) (at stone-02 pos-5-6)
 (at stone-01 pos-3-2) (at stone-01 pos-3-3) (at stone-01 pos-4-3) (at stone-02 pos-5-5) (at stone-02 pos-5-6) (at stone-02 pos-5-7) (at stone-02 pos-6-5) (at stone-02 pos-6-6) (at stone-02 pos-6-7) (at stone-02 pos-7-5) (at stone-02 pos-7-7)
 (at stone-01 pos-3-2) (at stone-01 pos-3-3) (at stone-02 pos-5-4) (at stone-02 pos-5-5) (at stone-02 pos-5-6) (at stone-02 pos-5-7) (at stone-02 pos-6-5) (at stone-02 pos-6-6) (at stone-02 pos-6-7) (at stone-02 pos-7-5) (at stone-02 pos-7-7)
 (at stone-01 pos-3-2) (at stone-01 pos-4-4) (at stone-01 pos-5-4) (at stone-01 pos-5-5) (at stone-01 pos-5-6) (at stone-01 pos-5-7) (at stone-01 pos-6-7) (at stone-01 pos-7-5) (at stone-01 pos-7-7) (at stone-02 pos-4-4) (at-goal stone-01)
 (at stone-01 pos-3-2) (at stone-02 pos-4-4) (at stone-02 pos-5-4) (at stone-02 pos-5-5) (at stone-02 pos-5-6) (at stone-02 pos-5-7) (at stone-02 pos-6-5) (at stone-02 pos-6-6) (at stone-02 pos-6-7) (at stone-02 pos-7-5) (at stone-02 pos-7-7)
 (at stone-01 pos-3-2) (at stone-01 pos-3-3) (at stone-01 pos-4-3) (at stone-01 pos-4-4) (at stone-01 pos-5-4) (at stone-01 pos-5-5) (at stone-01 pos-5-6) (at stone-01 pos-5-7) (at stone-01 pos-6-7) (at stone-01 pos-7-5) (at stone-01 pos-7-7) (at-goal stone-01)
 (at stone-01 pos-3-2) (at stone-01 pos-4-4) (at stone-01 pos-5-4) (at stone-01 pos-5-5) (at stone-01 pos-5-6) (at stone-01 pos-5-7) (at stone-01 pos-6-5) (at stone-01 pos-6-6) (at stone-01 pos-6-7) (at stone-01 pos-7-5) (at stone-01 pos-7-7) (at stone-02 pos-4-4)
 (at stone-01 pos-3-2) (at stone-01 pos-3-3) (at stone-01 pos-4-3) (at stone-01 pos-4-4) (at stone-01 pos-5-4) (at stone-01 pos-5-5) (at stone-01 pos-5-6) (at stone-01 pos-5-7) (at stone-01 pos-6-5) (at stone-01 pos-6-6) (at stone-01 pos-6-7) (at stone-01 pos-7-5) (at stone-01 pos-7-7)
 (at player-01 pos-2-2) (at player-01 pos-2-3) (at player-01 pos-3-2) (at player-01 pos-3-3) (at player-01 pos-3-4) (at player-01 pos-4-2) (at player-01 pos-4-3) (at player-01 pos-4-4) (at player-01 pos-4-6) (at player-01 pos-4-7) (at player-01 pos-5-3) (at player-01 pos-5-4) (at player-01 pos-5-5) (at player-01 pos-5-6) (at player-01 pos-5-7) (at player-01 pos-6-5) (at player-01 pos-6-6) (at player-01 pos-6-7) (at player-01 pos-7-5) (at player-01 pos-7-7) (at player-01 pos-8-5) (at player-01 pos-8-6) (at player-01 pos-8-7)

