Step 0 (lift-at fast0 n12) (passengers fast0 n0) (lift-at fast1 n9) (passengers fast1 n0) (lift-at slow0-0 n2) (passengers slow0-0 n0) (lift-at slow1-0 n6) (passengers slow1-0 n0) (passenger-at p0 n8) (passenger-at p1 n8) (passenger-at p2 n12) (passenger-at p3 n4)
size: 21
move-up-slow slow0-0 n2 n3 :: cost: 6
    add: (lift-at slow0-0 n3)
    del: (lift-at slow0-0 n2)
move-up-slow slow0-0 n2 n4 :: cost: 7
    add: (lift-at slow0-0 n4)
    del: (lift-at slow0-0 n2)
move-up-slow slow0-0 n2 n5 :: cost: 8
    add: (lift-at slow0-0 n5)
    del: (lift-at slow0-0 n2)
move-up-slow slow0-0 n2 n6 :: cost: 9
    add: (lift-at slow0-0 n6)
    del: (lift-at slow0-0 n2)
move-up-slow slow1-0 n6 n7 :: cost: 6
    add: (lift-at slow1-0 n7)
    del: (lift-at slow1-0 n6)
move-up-slow slow1-0 n6 n8 :: cost: 7
    add: (lift-at slow1-0 n8)
    del: (lift-at slow1-0 n6)
move-up-slow slow1-0 n6 n9 :: cost: 8
    add: (lift-at slow1-0 n9)
    del: (lift-at slow1-0 n6)
move-up-slow slow1-0 n6 n10 :: cost: 9
    add: (lift-at slow1-0 n10)
    del: (lift-at slow1-0 n6)
move-up-slow slow1-0 n6 n11 :: cost: 10
    add: (lift-at slow1-0 n11)
    del: (lift-at slow1-0 n6)
move-up-slow slow1-0 n6 n12 :: cost: 11
    add: (lift-at slow1-0 n12)
    del: (lift-at slow1-0 n6)
move-down-slow slow0-0 n2 n0 :: cost: 7
    add: (lift-at slow0-0 n0)
    del: (lift-at slow0-0 n2)
move-down-slow slow0-0 n2 n1 :: cost: 6
    add: (lift-at slow0-0 n1)
    del: (lift-at slow0-0 n2)
move-up-fast fast1 n9 n12 :: cost: 10
    add: (lift-at fast1 n12)
    del: (lift-at fast1 n9)
move-down-fast fast0 n12 n0 :: cost: 37
    add: (lift-at fast0 n0)
    del: (lift-at fast0 n12)
move-down-fast fast0 n12 n3 :: cost: 28
    add: (lift-at fast0 n3)
    del: (lift-at fast0 n12)
move-down-fast fast0 n12 n6 :: cost: 19
    add: (lift-at fast0 n6)
    del: (lift-at fast0 n12)
move-down-fast fast0 n12 n9 :: cost: 10
    add: (lift-at fast0 n9)
    del: (lift-at fast0 n12)
move-down-fast fast1 n9 n0 :: cost: 28
    add: (lift-at fast1 n0)
    del: (lift-at fast1 n9)
move-down-fast fast1 n9 n3 :: cost: 19
    add: (lift-at fast1 n3)
    del: (lift-at fast1 n9)
move-down-fast fast1 n9 n6 :: cost: 10
    add: (lift-at fast1 n6)
    del: (lift-at fast1 n9)
board p2 fast0 n12 n0 n1 :: cost: 0
    add: (boarded p2 fast0) (passengers fast0 n1)
    del: (passengers fast0 n0) (passenger-at p2 n12)
Step 1 (lift-at fast0 n12) (passengers fast0 n0) (lift-at fast1 n9) (passengers fast1 n0) (passengers slow0-0 n0) (lift-at slow1-0 n6) (passengers slow1-0 n0) (passenger-at p0 n8) (passenger-at p1 n8) (passenger-at p2 n12) (passenger-at p3 n4) (lift-at slow0-0 n3)
size: 21
move-up-slow slow0-0 n3 n4 :: cost: 6
    add: (lift-at slow0-0 n4)
    del: (lift-at slow0-0 n3)
move-up-slow slow0-0 n3 n5 :: cost: 7
    add: (lift-at slow0-0 n5)
    del: (lift-at slow0-0 n3)
move-up-slow slow0-0 n3 n6 :: cost: 8
    add: (lift-at slow0-0 n6)
    del: (lift-at slow0-0 n3)
move-up-slow slow1-0 n6 n7 :: cost: 6
    add: (lift-at slow1-0 n7)
    del: (lift-at slow1-0 n6)
move-up-slow slow1-0 n6 n8 :: cost: 7
    add: (lift-at slow1-0 n8)
    del: (lift-at slow1-0 n6)
move-up-slow slow1-0 n6 n9 :: cost: 8
    add: (lift-at slow1-0 n9)
    del: (lift-at slow1-0 n6)
move-up-slow slow1-0 n6 n10 :: cost: 9
    add: (lift-at slow1-0 n10)
    del: (lift-at slow1-0 n6)
move-up-slow slow1-0 n6 n11 :: cost: 10
    add: (lift-at slow1-0 n11)
    del: (lift-at slow1-0 n6)
move-up-slow slow1-0 n6 n12 :: cost: 11
    add: (lift-at slow1-0 n12)
    del: (lift-at slow1-0 n6)
move-down-slow slow0-0 n3 n0 :: cost: 8
    add: (lift-at slow0-0 n0)
    del: (lift-at slow0-0 n3)
move-down-slow slow0-0 n3 n1 :: cost: 7
    add: (lift-at slow0-0 n1)
    del: (lift-at slow0-0 n3)
move-down-slow slow0-0 n3 n2 :: cost: 6
    add: (lift-at slow0-0 n2)
    del: (lift-at slow0-0 n3)
move-up-fast fast1 n9 n12 :: cost: 10
    add: (lift-at fast1 n12)
    del: (lift-at fast1 n9)
move-down-fast fast0 n12 n0 :: cost: 37
    add: (lift-at fast0 n0)
    del: (lift-at fast0 n12)
move-down-fast fast0 n12 n3 :: cost: 28
    add: (lift-at fast0 n3)
    del: (lift-at fast0 n12)
move-down-fast fast0 n12 n6 :: cost: 19
    add: (lift-at fast0 n6)
    del: (lift-at fast0 n12)
move-down-fast fast0 n12 n9 :: cost: 10
    add: (lift-at fast0 n9)
    del: (lift-at fast0 n12)
move-down-fast fast1 n9 n0 :: cost: 28
    add: (lift-at fast1 n0)
    del: (lift-at fast1 n9)
move-down-fast fast1 n9 n3 :: cost: 19
    add: (lift-at fast1 n3)
    del: (lift-at fast1 n9)
move-down-fast fast1 n9 n6 :: cost: 10
    add: (lift-at fast1 n6)
    del: (lift-at fast1 n9)
board p2 fast0 n12 n0 n1 :: cost: 0
    add: (boarded p2 fast0) (passengers fast0 n1)
    del: (passengers fast0 n0) (passenger-at p2 n12)
Step 2 (lift-at fast0 n12) (passengers fast0 n0) (lift-at fast1 n9) (passengers fast1 n0) (passengers slow0-0 n0) (lift-at slow1-0 n6) (passengers slow1-0 n0) (passenger-at p0 n8) (passenger-at p1 n8) (passenger-at p2 n12) (passenger-at p3 n4) (lift-at slow0-0 n5)
size: 21
move-up-slow slow0-0 n5 n6 :: cost: 6
    add: (lift-at slow0-0 n6)
    del: (lift-at slow0-0 n5)
move-up-slow slow1-0 n6 n7 :: cost: 6
    add: (lift-at slow1-0 n7)
    del: (lift-at slow1-0 n6)
move-up-slow slow1-0 n6 n8 :: cost: 7
    add: (lift-at slow1-0 n8)
    del: (lift-at slow1-0 n6)
move-up-slow slow1-0 n6 n9 :: cost: 8
    add: (lift-at slow1-0 n9)
    del: (lift-at slow1-0 n6)
move-up-slow slow1-0 n6 n10 :: cost: 9
    add: (lift-at slow1-0 n10)
    del: (lift-at slow1-0 n6)
move-up-slow slow1-0 n6 n11 :: cost: 10
    add: (lift-at slow1-0 n11)
    del: (lift-at slow1-0 n6)
move-up-slow slow1-0 n6 n12 :: cost: 11
    add: (lift-at slow1-0 n12)
    del: (lift-at slow1-0 n6)
move-down-slow slow0-0 n5 n0 :: cost: 10
    add: (lift-at slow0-0 n0)
    del: (lift-at slow0-0 n5)
move-down-slow slow0-0 n5 n1 :: cost: 9
    add: (lift-at slow0-0 n1)
    del: (lift-at slow0-0 n5)
move-down-slow slow0-0 n5 n2 :: cost: 8
    add: (lift-at slow0-0 n2)
    del: (lift-at slow0-0 n5)
move-down-slow slow0-0 n5 n3 :: cost: 7
    add: (lift-at slow0-0 n3)
    del: (lift-at slow0-0 n5)
move-down-slow slow0-0 n5 n4 :: cost: 6
    add: (lift-at slow0-0 n4)
    del: (lift-at slow0-0 n5)
move-up-fast fast1 n9 n12 :: cost: 10
    add: (lift-at fast1 n12)
    del: (lift-at fast1 n9)
move-down-fast fast0 n12 n0 :: cost: 37
    add: (lift-at fast0 n0)
    del: (lift-at fast0 n12)
move-down-fast fast0 n12 n3 :: cost: 28
    add: (lift-at fast0 n3)
    del: (lift-at fast0 n12)
move-down-fast fast0 n12 n6 :: cost: 19
    add: (lift-at fast0 n6)
    del: (lift-at fast0 n12)
move-down-fast fast0 n12 n9 :: cost: 10
    add: (lift-at fast0 n9)
    del: (lift-at fast0 n12)
move-down-fast fast1 n9 n0 :: cost: 28
    add: (lift-at fast1 n0)
    del: (lift-at fast1 n9)
move-down-fast fast1 n9 n3 :: cost: 19
    add: (lift-at fast1 n3)
    del: (lift-at fast1 n9)
move-down-fast fast1 n9 n6 :: cost: 10
    add: (lift-at fast1 n6)
    del: (lift-at fast1 n9)
board p2 fast0 n12 n0 n1 :: cost: 0
    add: (boarded p2 fast0) (passengers fast0 n1)
    del: (passengers fast0 n0) (passenger-at p2 n12)
Step 3 (lift-at fast0 n12) (passengers fast0 n0) (lift-at fast1 n9) (passengers fast1 n0) (passengers slow0-0 n0) (passengers slow1-0 n0) (passenger-at p0 n8) (passenger-at p1 n8) (passenger-at p2 n12) (passenger-at p3 n4) (lift-at slow0-0 n5) (lift-at slow1-0 n8)
size: 23
move-up-slow slow0-0 n5 n6 :: cost: 6
    add: (lift-at slow0-0 n6)
    del: (lift-at slow0-0 n5)
move-up-slow slow1-0 n8 n9 :: cost: 6
    add: (lift-at slow1-0 n9)
    del: (lift-at slow1-0 n8)
move-up-slow slow1-0 n8 n10 :: cost: 7
    add: (lift-at slow1-0 n10)
    del: (lift-at slow1-0 n8)
move-up-slow slow1-0 n8 n11 :: cost: 8
    add: (lift-at slow1-0 n11)
    del: (lift-at slow1-0 n8)
move-up-slow slow1-0 n8 n12 :: cost: 9
    add: (lift-at slow1-0 n12)
    del: (lift-at slow1-0 n8)
move-down-slow slow0-0 n5 n0 :: cost: 10
    add: (lift-at slow0-0 n0)
    del: (lift-at slow0-0 n5)
move-down-slow slow0-0 n5 n1 :: cost: 9
    add: (lift-at slow0-0 n1)
    del: (lift-at slow0-0 n5)
move-down-slow slow0-0 n5 n2 :: cost: 8
    add: (lift-at slow0-0 n2)
    del: (lift-at slow0-0 n5)
move-down-slow slow0-0 n5 n3 :: cost: 7
    add: (lift-at slow0-0 n3)
    del: (lift-at slow0-0 n5)
move-down-slow slow0-0 n5 n4 :: cost: 6
    add: (lift-at slow0-0 n4)
    del: (lift-at slow0-0 n5)
move-down-slow slow1-0 n8 n6 :: cost: 7
    add: (lift-at slow1-0 n6)
    del: (lift-at slow1-0 n8)
move-down-slow slow1-0 n8 n7 :: cost: 6
    add: (lift-at slow1-0 n7)
    del: (lift-at slow1-0 n8)
move-up-fast fast1 n9 n12 :: cost: 10
    add: (lift-at fast1 n12)
    del: (lift-at fast1 n9)
move-down-fast fast0 n12 n0 :: cost: 37
    add: (lift-at fast0 n0)
    del: (lift-at fast0 n12)
move-down-fast fast0 n12 n3 :: cost: 28
    add: (lift-at fast0 n3)
    del: (lift-at fast0 n12)
move-down-fast fast0 n12 n6 :: cost: 19
    add: (lift-at fast0 n6)
    del: (lift-at fast0 n12)
move-down-fast fast0 n12 n9 :: cost: 10
    add: (lift-at fast0 n9)
    del: (lift-at fast0 n12)
move-down-fast fast1 n9 n0 :: cost: 28
    add: (lift-at fast1 n0)
    del: (lift-at fast1 n9)
move-down-fast fast1 n9 n3 :: cost: 19
    add: (lift-at fast1 n3)
    del: (lift-at fast1 n9)
move-down-fast fast1 n9 n6 :: cost: 10
    add: (lift-at fast1 n6)
    del: (lift-at fast1 n9)
board p0 slow1-0 n8 n0 n1 :: cost: 0
    add: (boarded p0 slow1-0) (passengers slow1-0 n1)
    del: (passengers slow1-0 n0) (passenger-at p0 n8)
board p1 slow1-0 n8 n0 n1 :: cost: 0
    add: (passengers slow1-0 n1) (boarded p1 slow1-0)
    del: (passengers slow1-0 n0) (passenger-at p1 n8)
board p2 fast0 n12 n0 n1 :: cost: 0
    add: (boarded p2 fast0) (passengers fast0 n1)
    del: (passengers fast0 n0) (passenger-at p2 n12)
Step 4 (lift-at fast0 n12) (passengers fast0 n0) (lift-at fast1 n9) (passengers fast1 n0) (passengers slow0-0 n0) (passengers slow1-0 n0) (passenger-at p0 n8) (passenger-at p1 n8) (passenger-at p2 n12) (passenger-at p3 n4) (lift-at slow0-0 n5) (lift-at slow1-0 n11)
size: 21
move-up-slow slow0-0 n5 n6 :: cost: 6
    add: (lift-at slow0-0 n6)
    del: (lift-at slow0-0 n5)
move-up-slow slow1-0 n11 n12 :: cost: 6
    add: (lift-at slow1-0 n12)
    del: (lift-at slow1-0 n11)
move-down-slow slow0-0 n5 n0 :: cost: 10
    add: (lift-at slow0-0 n0)
    del: (lift-at slow0-0 n5)
move-down-slow slow0-0 n5 n1 :: cost: 9
    add: (lift-at slow0-0 n1)
    del: (lift-at slow0-0 n5)
move-down-slow slow0-0 n5 n2 :: cost: 8
    add: (lift-at slow0-0 n2)
    del: (lift-at slow0-0 n5)
move-down-slow slow0-0 n5 n3 :: cost: 7
    add: (lift-at slow0-0 n3)
    del: (lift-at slow0-0 n5)
move-down-slow slow0-0 n5 n4 :: cost: 6
    add: (lift-at slow0-0 n4)
    del: (lift-at slow0-0 n5)
move-down-slow slow1-0 n11 n6 :: cost: 10
    add: (lift-at slow1-0 n6)
    del: (lift-at slow1-0 n11)
move-down-slow slow1-0 n11 n7 :: cost: 9
    add: (lift-at slow1-0 n7)
    del: (lift-at slow1-0 n11)
move-down-slow slow1-0 n11 n8 :: cost: 8
    add: (lift-at slow1-0 n8)
    del: (lift-at slow1-0 n11)
move-down-slow slow1-0 n11 n9 :: cost: 7
    add: (lift-at slow1-0 n9)
    del: (lift-at slow1-0 n11)
move-down-slow slow1-0 n11 n10 :: cost: 6
    add: (lift-at slow1-0 n10)
    del: (lift-at slow1-0 n11)
move-up-fast fast1 n9 n12 :: cost: 10
    add: (lift-at fast1 n12)
    del: (lift-at fast1 n9)
move-down-fast fast0 n12 n0 :: cost: 37
    add: (lift-at fast0 n0)
    del: (lift-at fast0 n12)
move-down-fast fast0 n12 n3 :: cost: 28
    add: (lift-at fast0 n3)
    del: (lift-at fast0 n12)
move-down-fast fast0 n12 n6 :: cost: 19
    add: (lift-at fast0 n6)
    del: (lift-at fast0 n12)
move-down-fast fast0 n12 n9 :: cost: 10
    add: (lift-at fast0 n9)
    del: (lift-at fast0 n12)
move-down-fast fast1 n9 n0 :: cost: 28
    add: (lift-at fast1 n0)
    del: (lift-at fast1 n9)
move-down-fast fast1 n9 n3 :: cost: 19
    add: (lift-at fast1 n3)
    del: (lift-at fast1 n9)
move-down-fast fast1 n9 n6 :: cost: 10
    add: (lift-at fast1 n6)
    del: (lift-at fast1 n9)
board p2 fast0 n12 n0 n1 :: cost: 0
    add: (boarded p2 fast0) (passengers fast0 n1)
    del: (passengers fast0 n0) (passenger-at p2 n12)
Step 5 (lift-at fast0 n12) (passengers fast0 n0) (lift-at fast1 n9) (passengers fast1 n0) (lift-at slow0-0 n2) (passengers slow0-0 n0) (passengers slow1-0 n0) (passenger-at p0 n8) (passenger-at p1 n8) (passenger-at p2 n12) (passenger-at p3 n4) (lift-at slow1-0 n11)
size: 21
move-up-slow slow0-0 n2 n3 :: cost: 6
    add: (lift-at slow0-0 n3)
    del: (lift-at slow0-0 n2)
move-up-slow slow0-0 n2 n4 :: cost: 7
    add: (lift-at slow0-0 n4)
    del: (lift-at slow0-0 n2)
move-up-slow slow0-0 n2 n5 :: cost: 8
    add: (lift-at slow0-0 n5)
    del: (lift-at slow0-0 n2)
move-up-slow slow0-0 n2 n6 :: cost: 9
    add: (lift-at slow0-0 n6)
    del: (lift-at slow0-0 n2)
move-up-slow slow1-0 n11 n12 :: cost: 6
    add: (lift-at slow1-0 n12)
    del: (lift-at slow1-0 n11)
move-down-slow slow0-0 n2 n0 :: cost: 7
    add: (lift-at slow0-0 n0)
    del: (lift-at slow0-0 n2)
move-down-slow slow0-0 n2 n1 :: cost: 6
    add: (lift-at slow0-0 n1)
    del: (lift-at slow0-0 n2)
move-down-slow slow1-0 n11 n6 :: cost: 10
    add: (lift-at slow1-0 n6)
    del: (lift-at slow1-0 n11)
move-down-slow slow1-0 n11 n7 :: cost: 9
    add: (lift-at slow1-0 n7)
    del: (lift-at slow1-0 n11)
move-down-slow slow1-0 n11 n8 :: cost: 8
    add: (lift-at slow1-0 n8)
    del: (lift-at slow1-0 n11)
move-down-slow slow1-0 n11 n9 :: cost: 7
    add: (lift-at slow1-0 n9)
    del: (lift-at slow1-0 n11)
move-down-slow slow1-0 n11 n10 :: cost: 6
    add: (lift-at slow1-0 n10)
    del: (lift-at slow1-0 n11)
move-up-fast fast1 n9 n12 :: cost: 10
    add: (lift-at fast1 n12)
    del: (lift-at fast1 n9)
move-down-fast fast0 n12 n0 :: cost: 37
    add: (lift-at fast0 n0)
    del: (lift-at fast0 n12)
move-down-fast fast0 n12 n3 :: cost: 28
    add: (lift-at fast0 n3)
    del: (lift-at fast0 n12)
move-down-fast fast0 n12 n6 :: cost: 19
    add: (lift-at fast0 n6)
    del: (lift-at fast0 n12)
move-down-fast fast0 n12 n9 :: cost: 10
    add: (lift-at fast0 n9)
    del: (lift-at fast0 n12)
move-down-fast fast1 n9 n0 :: cost: 28
    add: (lift-at fast1 n0)
    del: (lift-at fast1 n9)
move-down-fast fast1 n9 n3 :: cost: 19
    add: (lift-at fast1 n3)
    del: (lift-at fast1 n9)
move-down-fast fast1 n9 n6 :: cost: 10
    add: (lift-at fast1 n6)
    del: (lift-at fast1 n9)
board p2 fast0 n12 n0 n1 :: cost: 0
    add: (boarded p2 fast0) (passengers fast0 n1)
    del: (passengers fast0 n0) (passenger-at p2 n12)
Step 6 (lift-at fast0 n12) (passengers fast0 n0) (lift-at fast1 n9) (passengers fast1 n0) (passengers slow0-0 n0) (passengers slow1-0 n0) (passenger-at p0 n8) (passenger-at p1 n8) (passenger-at p2 n12) (passenger-at p3 n4) (lift-at slow1-0 n11) (lift-at slow0-0 n0)
size: 21
move-up-slow slow0-0 n0 n1 :: cost: 6
    add: (lift-at slow0-0 n1)
    del: (lift-at slow0-0 n0)
move-up-slow slow0-0 n0 n2 :: cost: 7
    add: (lift-at slow0-0 n2)
    del: (lift-at slow0-0 n0)
move-up-slow slow0-0 n0 n3 :: cost: 8
    add: (lift-at slow0-0 n3)
    del: (lift-at slow0-0 n0)
move-up-slow slow0-0 n0 n4 :: cost: 9
    add: (lift-at slow0-0 n4)
    del: (lift-at slow0-0 n0)
move-up-slow slow0-0 n0 n5 :: cost: 10
    add: (lift-at slow0-0 n5)
    del: (lift-at slow0-0 n0)
move-up-slow slow0-0 n0 n6 :: cost: 11
    add: (lift-at slow0-0 n6)
    del: (lift-at slow0-0 n0)
move-up-slow slow1-0 n11 n12 :: cost: 6
    add: (lift-at slow1-0 n12)
    del: (lift-at slow1-0 n11)
move-down-slow slow1-0 n11 n6 :: cost: 10
    add: (lift-at slow1-0 n6)
    del: (lift-at slow1-0 n11)
move-down-slow slow1-0 n11 n7 :: cost: 9
    add: (lift-at slow1-0 n7)
    del: (lift-at slow1-0 n11)
move-down-slow slow1-0 n11 n8 :: cost: 8
    add: (lift-at slow1-0 n8)
    del: (lift-at slow1-0 n11)
move-down-slow slow1-0 n11 n9 :: cost: 7
    add: (lift-at slow1-0 n9)
    del: (lift-at slow1-0 n11)
move-down-slow slow1-0 n11 n10 :: cost: 6
    add: (lift-at slow1-0 n10)
    del: (lift-at slow1-0 n11)
move-up-fast fast1 n9 n12 :: cost: 10
    add: (lift-at fast1 n12)
    del: (lift-at fast1 n9)
move-down-fast fast0 n12 n0 :: cost: 37
    add: (lift-at fast0 n0)
    del: (lift-at fast0 n12)
move-down-fast fast0 n12 n3 :: cost: 28
    add: (lift-at fast0 n3)
    del: (lift-at fast0 n12)
move-down-fast fast0 n12 n6 :: cost: 19
    add: (lift-at fast0 n6)
    del: (lift-at fast0 n12)
move-down-fast fast0 n12 n9 :: cost: 10
    add: (lift-at fast0 n9)
    del: (lift-at fast0 n12)
move-down-fast fast1 n9 n0 :: cost: 28
    add: (lift-at fast1 n0)
    del: (lift-at fast1 n9)
move-down-fast fast1 n9 n3 :: cost: 19
    add: (lift-at fast1 n3)
    del: (lift-at fast1 n9)
move-down-fast fast1 n9 n6 :: cost: 10
    add: (lift-at fast1 n6)
    del: (lift-at fast1 n9)
board p2 fast0 n12 n0 n1 :: cost: 0
    add: (boarded p2 fast0) (passengers fast0 n1)
    del: (passengers fast0 n0) (passenger-at p2 n12)
Step 7 (lift-at fast0 n12) (passengers fast0 n0) (lift-at fast1 n9) (passengers fast1 n0) (passengers slow0-0 n0) (passengers slow1-0 n0) (passenger-at p0 n8) (passenger-at p1 n8) (passenger-at p2 n12) (passenger-at p3 n4) (lift-at slow1-0 n12) (lift-at slow0-0 n0)
size: 22
move-up-slow slow0-0 n0 n1 :: cost: 6
    add: (lift-at slow0-0 n1)
    del: (lift-at slow0-0 n0)
move-up-slow slow0-0 n0 n2 :: cost: 7
    add: (lift-at slow0-0 n2)
    del: (lift-at slow0-0 n0)
move-up-slow slow0-0 n0 n3 :: cost: 8
    add: (lift-at slow0-0 n3)
    del: (lift-at slow0-0 n0)
move-up-slow slow0-0 n0 n4 :: cost: 9
    add: (lift-at slow0-0 n4)
    del: (lift-at slow0-0 n0)
move-up-slow slow0-0 n0 n5 :: cost: 10
    add: (lift-at slow0-0 n5)
    del: (lift-at slow0-0 n0)
move-up-slow slow0-0 n0 n6 :: cost: 11
    add: (lift-at slow0-0 n6)
    del: (lift-at slow0-0 n0)
move-down-slow slow1-0 n12 n6 :: cost: 11
    add: (lift-at slow1-0 n6)
    del: (lift-at slow1-0 n12)
move-down-slow slow1-0 n12 n7 :: cost: 10
    add: (lift-at slow1-0 n7)
    del: (lift-at slow1-0 n12)
move-down-slow slow1-0 n12 n8 :: cost: 9
    add: (lift-at slow1-0 n8)
    del: (lift-at slow1-0 n12)
move-down-slow slow1-0 n12 n9 :: cost: 8
    add: (lift-at slow1-0 n9)
    del: (lift-at slow1-0 n12)
move-down-slow slow1-0 n12 n10 :: cost: 7
    add: (lift-at slow1-0 n10)
    del: (lift-at slow1-0 n12)
move-down-slow slow1-0 n12 n11 :: cost: 6
    add: (lift-at slow1-0 n11)
    del: (lift-at slow1-0 n12)
move-up-fast fast1 n9 n12 :: cost: 10
    add: (lift-at fast1 n12)
    del: (lift-at fast1 n9)
move-down-fast fast0 n12 n0 :: cost: 37
    add: (lift-at fast0 n0)
    del: (lift-at fast0 n12)
move-down-fast fast0 n12 n3 :: cost: 28
    add: (lift-at fast0 n3)
    del: (lift-at fast0 n12)
move-down-fast fast0 n12 n6 :: cost: 19
    add: (lift-at fast0 n6)
    del: (lift-at fast0 n12)
move-down-fast fast0 n12 n9 :: cost: 10
    add: (lift-at fast0 n9)
    del: (lift-at fast0 n12)
move-down-fast fast1 n9 n0 :: cost: 28
    add: (lift-at fast1 n0)
    del: (lift-at fast1 n9)
move-down-fast fast1 n9 n3 :: cost: 19
    add: (lift-at fast1 n3)
    del: (lift-at fast1 n9)
move-down-fast fast1 n9 n6 :: cost: 10
    add: (lift-at fast1 n6)
    del: (lift-at fast1 n9)
board p2 fast0 n12 n0 n1 :: cost: 0
    add: (boarded p2 fast0) (passengers fast0 n1)
    del: (passengers fast0 n0) (passenger-at p2 n12)
board p2 slow1-0 n12 n0 n1 :: cost: 0
    add: (passengers slow1-0 n1) (boarded p2 slow1-0)
    del: (passengers slow1-0 n0) (passenger-at p2 n12)
Step 8 (lift-at fast0 n12) (passengers fast0 n0) (lift-at fast1 n9) (passengers fast1 n0) (passengers slow0-0 n0) (passengers slow1-0 n0) (passenger-at p0 n8) (passenger-at p1 n8) (passenger-at p2 n12) (passenger-at p3 n4) (lift-at slow1-0 n7) (lift-at slow0-0 n0)
size: 21
move-up-slow slow0-0 n0 n1 :: cost: 6
    add: (lift-at slow0-0 n1)
    del: (lift-at slow0-0 n0)
move-up-slow slow0-0 n0 n2 :: cost: 7
    add: (lift-at slow0-0 n2)
    del: (lift-at slow0-0 n0)
move-up-slow slow0-0 n0 n3 :: cost: 8
    add: (lift-at slow0-0 n3)
    del: (lift-at slow0-0 n0)
move-up-slow slow0-0 n0 n4 :: cost: 9
    add: (lift-at slow0-0 n4)
    del: (lift-at slow0-0 n0)
move-up-slow slow0-0 n0 n5 :: cost: 10
    add: (lift-at slow0-0 n5)
    del: (lift-at slow0-0 n0)
move-up-slow slow0-0 n0 n6 :: cost: 11
    add: (lift-at slow0-0 n6)
    del: (lift-at slow0-0 n0)
move-up-slow slow1-0 n7 n8 :: cost: 6
    add: (lift-at slow1-0 n8)
    del: (lift-at slow1-0 n7)
move-up-slow slow1-0 n7 n9 :: cost: 7
    add: (lift-at slow1-0 n9)
    del: (lift-at slow1-0 n7)
move-up-slow slow1-0 n7 n10 :: cost: 8
    add: (lift-at slow1-0 n10)
    del: (lift-at slow1-0 n7)
move-up-slow slow1-0 n7 n11 :: cost: 9
    add: (lift-at slow1-0 n11)
    del: (lift-at slow1-0 n7)
move-up-slow slow1-0 n7 n12 :: cost: 10
    add: (lift-at slow1-0 n12)
    del: (lift-at slow1-0 n7)
move-down-slow slow1-0 n7 n6 :: cost: 6
    add: (lift-at slow1-0 n6)
    del: (lift-at slow1-0 n7)
move-up-fast fast1 n9 n12 :: cost: 10
    add: (lift-at fast1 n12)
    del: (lift-at fast1 n9)
move-down-fast fast0 n12 n0 :: cost: 37
    add: (lift-at fast0 n0)
    del: (lift-at fast0 n12)
move-down-fast fast0 n12 n3 :: cost: 28
    add: (lift-at fast0 n3)
    del: (lift-at fast0 n12)
move-down-fast fast0 n12 n6 :: cost: 19
    add: (lift-at fast0 n6)
    del: (lift-at fast0 n12)
move-down-fast fast0 n12 n9 :: cost: 10
    add: (lift-at fast0 n9)
    del: (lift-at fast0 n12)
move-down-fast fast1 n9 n0 :: cost: 28
    add: (lift-at fast1 n0)
    del: (lift-at fast1 n9)
move-down-fast fast1 n9 n3 :: cost: 19
    add: (lift-at fast1 n3)
    del: (lift-at fast1 n9)
move-down-fast fast1 n9 n6 :: cost: 10
    add: (lift-at fast1 n6)
    del: (lift-at fast1 n9)
board p2 fast0 n12 n0 n1 :: cost: 0
    add: (boarded p2 fast0) (passengers fast0 n1)
    del: (passengers fast0 n0) (passenger-at p2 n12)
Step 9 (lift-at fast0 n12) (passengers fast0 n0) (lift-at fast1 n9) (passengers fast1 n0) (passengers slow0-0 n0) (passengers slow1-0 n0) (passenger-at p0 n8) (passenger-at p1 n8) (passenger-at p2 n12) (passenger-at p3 n4) (lift-at slow1-0 n10) (lift-at slow0-0 n0)
size: 21
move-up-slow slow0-0 n0 n1 :: cost: 6
    add: (lift-at slow0-0 n1)
    del: (lift-at slow0-0 n0)
move-up-slow slow0-0 n0 n2 :: cost: 7
    add: (lift-at slow0-0 n2)
    del: (lift-at slow0-0 n0)
move-up-slow slow0-0 n0 n3 :: cost: 8
    add: (lift-at slow0-0 n3)
    del: (lift-at slow0-0 n0)
move-up-slow slow0-0 n0 n4 :: cost: 9
    add: (lift-at slow0-0 n4)
    del: (lift-at slow0-0 n0)
move-up-slow slow0-0 n0 n5 :: cost: 10
    add: (lift-at slow0-0 n5)
    del: (lift-at slow0-0 n0)
move-up-slow slow0-0 n0 n6 :: cost: 11
    add: (lift-at slow0-0 n6)
    del: (lift-at slow0-0 n0)
move-up-slow slow1-0 n10 n11 :: cost: 6
    add: (lift-at slow1-0 n11)
    del: (lift-at slow1-0 n10)
move-up-slow slow1-0 n10 n12 :: cost: 7
    add: (lift-at slow1-0 n12)
    del: (lift-at slow1-0 n10)
move-down-slow slow1-0 n10 n6 :: cost: 9
    add: (lift-at slow1-0 n6)
    del: (lift-at slow1-0 n10)
move-down-slow slow1-0 n10 n7 :: cost: 8
    add: (lift-at slow1-0 n7)
    del: (lift-at slow1-0 n10)
move-down-slow slow1-0 n10 n8 :: cost: 7
    add: (lift-at slow1-0 n8)
    del: (lift-at slow1-0 n10)
move-down-slow slow1-0 n10 n9 :: cost: 6
    add: (lift-at slow1-0 n9)
    del: (lift-at slow1-0 n10)
move-up-fast fast1 n9 n12 :: cost: 10
    add: (lift-at fast1 n12)
    del: (lift-at fast1 n9)
move-down-fast fast0 n12 n0 :: cost: 37
    add: (lift-at fast0 n0)
    del: (lift-at fast0 n12)
move-down-fast fast0 n12 n3 :: cost: 28
    add: (lift-at fast0 n3)
    del: (lift-at fast0 n12)
move-down-fast fast0 n12 n6 :: cost: 19
    add: (lift-at fast0 n6)
    del: (lift-at fast0 n12)
move-down-fast fast0 n12 n9 :: cost: 10
    add: (lift-at fast0 n9)
    del: (lift-at fast0 n12)
move-down-fast fast1 n9 n0 :: cost: 28
    add: (lift-at fast1 n0)
    del: (lift-at fast1 n9)
move-down-fast fast1 n9 n3 :: cost: 19
    add: (lift-at fast1 n3)
    del: (lift-at fast1 n9)
move-down-fast fast1 n9 n6 :: cost: 10
    add: (lift-at fast1 n6)
    del: (lift-at fast1 n9)
board p2 fast0 n12 n0 n1 :: cost: 0
    add: (boarded p2 fast0) (passengers fast0 n1)
    del: (passengers fast0 n0) (passenger-at p2 n12)
