(=)
  in-init: 0
  in-pre: 0
  in-goal: 0
  in-eff: 0
(at-tank)
  in-init: 0
  in-pre: 1
  in-goal: 0
  in-eff: 1
(in-storage)
  in-init: 1
  in-pre: 1
  in-goal: 0
  in-eff: 1
(full)
  in-init: 0
  in-pre: 1
  in-goal: 0
  in-eff: 1
(next-tank)
  in-init: 1
  in-pre: 1
  in-goal: 0
  in-eff: 0
(at-diver)
  in-init: 0
  in-pre: 1
  in-goal: 0
  in-eff: 1
(available)
  in-init: 1
  in-pre: 1
  in-goal: 0
  in-eff: 1
(at-surface)
  in-init: 0
  in-pre: 1
  in-goal: 0
  in-eff: 1
(decompressing)
  in-init: 0
  in-pre: 0
  in-goal: 1
  in-eff: 1
(cave-entrance)
  in-init: 1
  in-pre: 1
  in-goal: 0
  in-eff: 0
(connected)
  in-init: 1
  in-pre: 1
  in-goal: 0
  in-eff: 0
(next-quantity)
  in-init: 1
  in-pre: 1
  in-goal: 0
  in-eff: 0
(holding)
  in-init: 0
  in-pre: 1
  in-goal: 0
  in-eff: 1
(capacity)
  in-init: 1
  in-pre: 1
  in-goal: 0
  in-eff: 1
(have-photo)
  in-init: 0
  in-pre: 0
  in-goal: 1
  in-eff: 1
