step 0: state 11 applicable 6
deposit-documents office1 fuel1 :: cost: 1
    add: (at fuel1 office1)
    del: (in-train fuel1)
deposit-documents office1 fuel2 :: cost: 1
    add: (at fuel2 office1)
    del: (in-train fuel2)
drive office1 office1 fuel1 :: cost: 1
    add:
    del: (in-train fuel1)
step 1: state 10 applicable 3
deposit-documents office1 fuel2 :: cost: 1
    add: (at fuel2 office1)
    del: (in-train fuel2)
drive office1 office1 fuel2 :: cost: 1
    add:
    del: (in-train fuel2)
drive office1 office2 fuel2 :: cost: 1
    add: (train-at office2)
    del: (in-train fuel2) (train-at office1)
step 2: state 9 applicable 0
ground atoms: 14 groundings: 6
