Require:
  + :conditional-effects
  + :equality
Predicate:
  + (NOT-disable-link-0-0)
  + (NOT-linked node node)
  + (NOT-node-degree1 node) neg-of (node-degree1)
  - (disable-link-0-0)
  - (linked node node)
  - (node-degree1 node)
  + (node-degree1 node) neg-of (NOT-node-degree1)
Action:
  - link-0-0: ?n1 - node ?n2 - node ?c1 - cell ?c1capfrom - cell-capacity-level ?c1capto - cell-capacity-level ?c2 - cell ?c2capfrom - cell-capacity-level ?c2capto - cell-capacity-level
      pre: (and (cell-capacity ?c1 ?c1capfrom) (cell-capacity ?c2 ?c2capfrom) (cell-capacity-inc ?c1capto ?c1capfrom) (cell-capacity-inc ?c2capto ?c2capfrom) (cell-edge ?c1 ?c2 ?n1 ?n2) (node-degree0 ?n1) (node-degree0 ?n2) (not (disable-link-0-0)) (not (linked ?n1 ?n2)))
      eff: (and (cell-capacity ?c1 ?c1capto) (cell-capacity ?c2 ?c2capto) (disable-link-0-0) (linked ?n1 ?n2) (node-degree1 ?n1) (node-degree1 ?n2) (not (cell-capacity ?c1 ?c1capfrom)) (not (cell-capacity ?c2 ?c2capfrom)) (not (node-degree0 ?n1)) (not (node-degree0 ?n2)))
  + link-0-0: ?n1 - node ?n2 - node ?c1 - cell ?c1capfrom - cell-capacity-level ?c1capto - cell-capacity-level ?c2 - cell ?c2capfrom - cell-capacity-level ?c2capto - cell-capacity-level
      pre: (and (NOT-disable-link-0-0) (NOT-linked ?n1 ?n2) (cell-capacity ?c1 ?c1capfrom) (cell-capacity ?c2 ?c2capfrom) (cell-capacity-inc ?c1capto ?c1capfrom) (cell-capacity-inc ?c2capto ?c2capfrom) (cell-edge ?c1 ?c2 ?n1 ?n2) (node-degree0 ?n1) (node-degree0 ?n2))
      eff: (and (cell-capacity ?c1 ?c1capto) (cell-capacity ?c2 ?c2capto) (node-degree1 ?n1) (node-degree1 ?n2) (not (NOT-disable-link-0-0)) (not (NOT-linked ?n1 ?n2)) (not (NOT-node-degree1 ?n1)) (not (NOT-node-degree1 ?n2)) (not (cell-capacity ?c1 ?c1capfrom)) (not (cell-capacity ?c2 ?c2capfrom)) (not (node-degree0 ?n1)) (not (node-degree0 ?n2)))
  - link-0-1: ?n1 - node ?n2 - node ?c1 - cell ?c1capfrom - cell-capacity-level ?c1capto - cell-capacity-level ?c2 - cell ?c2capfrom - cell-capacity-level ?c2capto - cell-capacity-level
      pre: (and (cell-capacity ?c1 ?c1capfrom) (cell-capacity ?c2 ?c2capfrom) (cell-capacity-inc ?c1capto ?c1capfrom) (cell-capacity-inc ?c2capto ?c2capfrom) (cell-edge ?c1 ?c2 ?n1 ?n2) (node-degree0 ?n1) (node-degree1 ?n2) (not (linked ?n1 ?n2)))
      eff: (and (cell-capacity ?c1 ?c1capto) (cell-capacity ?c2 ?c2capto) (linked ?n1 ?n2) (node-degree1 ?n1) (not (cell-capacity ?c1 ?c1capfrom)) (not (cell-capacity ?c2 ?c2capfrom)) (not (node-degree0 ?n1)) (not (node-degree1 ?n2)))
  + link-0-1: ?n1 - node ?n2 - node ?c1 - cell ?c1capfrom - cell-capacity-level ?c1capto - cell-capacity-level ?c2 - cell ?c2capfrom - cell-capacity-level ?c2capto - cell-capacity-level
      pre: (and (NOT-linked ?n1 ?n2) (cell-capacity ?c1 ?c1capfrom) (cell-capacity ?c2 ?c2capfrom) (cell-capacity-inc ?c1capto ?c1capfrom) (cell-capacity-inc ?c2capto ?c2capfrom) (cell-edge ?c1 ?c2 ?n1 ?n2) (node-degree0 ?n1) (node-degree1 ?n2))
      eff: (and (cell-capacity ?c1 ?c1capto) (cell-capacity ?c2 ?c2capto) (node-degree1 ?n1) (not (NOT-linked ?n1 ?n2)) (not (NOT-node-degree1 ?n1)) (not (cell-capacity ?c1 ?c1capfrom)) (not (cell-capacity ?c2 ?c2capfrom)) (not (node-degree0 ?n1)) (not (node-degree1 ?n2)) (when (not (= ?n1 ?n2)) (NOT-node-degree1 ?n2)))
  - link-1-0: ?n1 - node ?n2 - node ?c1 - cell ?c1capfrom - cell-capacity-level ?c1capto - cell-capacity-level ?c2 - cell ?c2capfrom - cell-capacity-level ?c2capto - cell-capacity-level
      pre: (and (cell-capacity ?c1 ?c1capfrom) (cell-capacity ?c2 ?c2capfrom) (cell-capacity-inc ?c1capto ?c1capfrom) (cell-capacity-inc ?c2capto ?c2capfrom) (cell-edge ?c1 ?c2 ?n1 ?n2) (node-degree0 ?n2) (node-degree1 ?n1) (not (linked ?n1 ?n2)))
      eff: (and (cell-capacity ?c1 ?c1capto) (cell-capacity ?c2 ?c2capto) (linked ?n1 ?n2) (node-degree1 ?n2) (not (cell-capacity ?c1 ?c1capfrom)) (not (cell-capacity ?c2 ?c2capfrom)) (not (node-degree0 ?n2)) (not (node-degree1 ?n1)))
  + link-1-0: ?n1 - node ?n2 - node ?c1 - cell ?c1capfrom - cell-capacity-level ?c1capto - cell-capacity-level ?c2 - cell ?c2capfrom - cell-capacity-level ?c2capto - cell-capacity-level
      pre: (and (NOT-linked ?n1 ?n2) (cell-capacity ?c1 ?c1capfrom) (cell-capacity ?c2 ?c2capfrom) (cell-capacity-inc ?c1capto ?c1capfrom) (cell-capacity-inc ?c2capto ?c2capfrom) (cell-edge ?c1 ?c2 ?n1 ?n2) (node-degree0 ?n2) (node-degree1 ?n1))
      eff: (and (cell-capacity ?c1 ?c1capto) (cell-capacity ?c2 ?c2capto) (node-degree1 ?n2) (not (NOT-linked ?n1 ?n2)) (not (NOT-node-degree1 ?n2)) (not (cell-capacity ?c1 ?c1capfrom)) (not (cell-capacity ?c2 ?c2capfrom)) (not (node-degree0 ?n2)) (not (node-degree1 ?n1)) (when (not (= ?n1 ?n2)) (NOT-node-degree1 ?n1)))
  - link-1-1: ?n1 - node ?n2 - node ?c1 - cell ?c1capfrom - cell-capacity-level ?c1capto - cell-capacity-level ?c2 - cell ?c2capfrom - cell-capacity-level ?c2capto - cell-capacity-level
      pre: (and (cell-capacity ?c1 ?c1capfrom) (cell-capacity ?c2 ?c2capfrom) (cell-capacity-inc ?c1capto ?c1capfrom) (cell-capacity-inc ?c2capto ?c2capfrom) (cell-edge ?c1 ?c2 ?n1 ?n2) (node-degree1 ?n1) (node-degree1 ?n2) (not (linked ?n1 ?n2)))
      eff: (and (cell-capacity ?c1 ?c1capto) (cell-capacity ?c2 ?c2capto) (linked ?n1 ?n2) (not (cell-capacity ?c1 ?c1capfrom)) (not (cell-capacity ?c2 ?c2capfrom)) (not (node-degree1 ?n1)) (not (node-degree1 ?n2)))
  + link-1-1: ?n1 - node ?n2 - node ?c1 - cell ?c1capfrom - cell-capacity-level ?c1capto - cell-capacity-level ?c2 - cell ?c2capfrom - cell-capacity-level ?c2capto - cell-capacity-level
      pre: (and (NOT-linked ?n1 ?n2) (cell-capacity ?c1 ?c1capfrom) (cell-capacity ?c2 ?c2capfrom) (cell-capacity-inc ?c1capto ?c1capfrom) (cell-capacity-inc ?c2capto ?c2capfrom) (cell-edge ?c1 ?c2 ?n1 ?n2) (node-degree1 ?n1) (node-degree1 ?n2))
      eff: (and (NOT-node-degree1 ?n1) (NOT-node-degree1 ?n2) (cell-capacity ?c1 ?c1capto) (cell-capacity ?c2 ?c2capto) (not (NOT-linked ?n1 ?n2)) (not (cell-capacity ?c1 ?c1capfrom)) (not (cell-capacity ?c2 ?c2capfrom)) (not (node-degree1 ?n1)) (not (node-degree1 ?n2)))
Init:
  + (NOT-disable-link-0-0)
  + (NOT-linked n-0-0 n-0-1)
  + (NOT-linked n-0-0 n-1-0)
  + (NOT-linked n-0-1 n-0-2)
  + (NOT-linked n-0-1 n-1-1)
  + (NOT-linked n-0-2 n-0-3)
  + (NOT-linked n-0-2 n-1-2)
  + (NOT-linked n-0-3 n-0-4)
  + (NOT-linked n-0-3 n-1-3)
  + (NOT-linked n-0-4 n-1-4)
  + (NOT-linked n-1-0 n-1-1)
  + (NOT-linked n-1-0 n-2-0)
  + (NOT-linked n-1-1 n-1-2)
  + (NOT-linked n-1-1 n-2-1)
  + (NOT-linked n-1-2 n-1-3)
  + (NOT-linked n-1-2 n-2-2)
  + (NOT-linked n-1-3 n-1-4)
  + (NOT-linked n-1-3 n-2-3)
  + (NOT-linked n-1-4 n-2-4)
  + (NOT-linked n-2-0 n-2-1)
  + (NOT-linked n-2-0 n-3-0)
  + (NOT-linked n-2-1 n-2-2)
  + (NOT-linked n-2-1 n-3-1)
  + (NOT-linked n-2-2 n-2-3)
  + (NOT-linked n-2-2 n-3-2)
  + (NOT-linked n-2-3 n-2-4)
  + (NOT-linked n-2-3 n-3-3)
  + (NOT-linked n-2-4 n-3-4)
  + (NOT-linked n-3-0 n-3-1)
  + (NOT-linked n-3-1 n-3-2)
  + (NOT-linked n-3-2 n-3-3)
  + (NOT-linked n-3-3 n-3-4)
  + (NOT-node-degree1 n-0-0)
  + (NOT-node-degree1 n-0-1)
  + (NOT-node-degree1 n-0-2)
  + (NOT-node-degree1 n-0-3)
  + (NOT-node-degree1 n-0-4)
  + (NOT-node-degree1 n-1-0)
  + (NOT-node-degree1 n-1-1)
  + (NOT-node-degree1 n-1-2)
  + (NOT-node-degree1 n-1-3)
  + (NOT-node-degree1 n-1-4)
  + (NOT-node-degree1 n-2-0)
  + (NOT-node-degree1 n-2-1)
  + (NOT-node-degree1 n-2-2)
  + (NOT-node-degree1 n-2-3)
  + (NOT-node-degree1 n-2-4)
  + (NOT-node-degree1 n-3-0)
  + (NOT-node-degree1 n-3-1)
  + (NOT-node-degree1 n-3-2)
  + (NOT-node-degree1 n-3-3)
  + (NOT-node-degree1 n-3-4)
Goal:
  - (and (cell-capacity cell-0-1 cap-0) (cell-capacity cell-0-3 cap-0) (cell-capacity cell-1-3 cap-0) (cell-capacity cell-2-0 cap-0) (cell-capacity cell-2-1 cap-0) (not (node-degree1 n-0-0)) (not (node-degree1 n-0-1)) (not (node-degree1 n-0-2)) (not (node-degree1 n-0-3)) (not (node-degree1 n-0-4)) (not (node-degree1 n-1-0)) (not (node-degree1 n-1-1)) (not (node-degree1 n-1-2)) (not (node-degree1 n-1-3)) (not (node-degree1 n-1-4)) (not (node-degree1 n-2-0)) (not (node-degree1 n-2-1)) (not (node-degree1 n-2-2)) (not (node-degree1 n-2-3)) (not (node-degree1 n-2-4)) (not (node-degree1 n-3-0)) (not (node-degree1 n-3-1)) (not (node-degree1 n-3-2)) (not (node-degree1 n-3-3)) (not (node-degree1 n-3-4)))
  + (and (NOT-node-degree1 n-0-0) (NOT-node-degree1 n-0-1) (NOT-node-degree1 n-0-2) (NOT-node-degree1 n-0-3) (NOT-node-degree1 n-0-4) (NOT-node-degree1 n-1-0) (NOT-node-degree1 n-1-1) (NOT-node-degree1 n-1-2) (NOT-node-degree1 n-1-3) (NOT-node-degree1 n-1-4) (NOT-node-degree1 n-2-0) (NOT-node-degree1 n-2-1) (NOT-node-degree1 n-2-2) (NOT-node-degree1 n-2-3) (NOT-node-degree1 n-2-4) (NOT-node-degree1 n-3-0) (NOT-node-degree1 n-3-1) (NOT-node-degree1 n-3-2) (NOT-node-degree1 n-3-3) (NOT-node-degree1 n-3-4) (cell-capacity cell-0-1 cap-0) (cell-capacity cell-0-3 cap-0) (cell-capacity cell-1-3 cap-0) (cell-capacity cell-2-0 cap-0) (cell-capacity cell-2-1 cap-0))
Pred prop:
  + (= object object): in_pre in_pre_neg
  + (NOT-disable-link-0-0): in_init in_pre in_eff
  + (NOT-linked node node): in_init in_pre in_eff
  + (NOT-node-degree1 node): in_init in_goal in_eff
  - (disable-link-0-0): in_pre in_pre_neg in_eff
  - (linked node node): in_pre in_pre_neg in_eff
  - (node-degree1 node): in_pre in_goal in_goal_neg in_eff
  + (node-degree1 node): in_pre in_eff
