Step 0 (free) (normal r1) (normal r2) (normal r3) (normal r4)
size: 8
double r1 :: cost: 1
    add:
    del:
    num: 2 0 1 0 1 0 1 0
double r2 :: cost: 1
    add:
    del:
    num: 2 0 2 0 1 0 1 0
double r3 :: cost: 1
    add:
    del:
    num: 2 0 1 0 2 0 1 0
double r4 :: cost: 1
    add:
    del:
    num: 2 0 1 0 1 0 2 0
m1d3-start r1 :: cost: 1
    add: (m1d3-after-dec r1)
    del: (free) (normal r1)
    num: 1 0 1 0 1 0 1 0
m1d3-start r2 :: cost: 1
    add: (m1d3-after-dec r2)
    del: (free) (normal r2)
    num: 2 0 0 0 1 0 1 0
m1d3-start r3 :: cost: 1
    add: (m1d3-after-dec r3)
    del: (free) (normal r3)
    num: 2 0 1 0 0 0 1 0
m1d3-start r4 :: cost: 1
    add: (m1d3-after-dec r4)
    del: (free) (normal r4)
    num: 2 0 1 0 1 0 0 0
Step 1 (free) (normal r1) (normal r2) (normal r3) (normal r4)
size: 8
double r1 :: cost: 1
    add:
    del:
    num: 4 0 1 0 1 0 1 0
double r2 :: cost: 1
    add:
    del:
    num: 2 0 2 0 1 0 1 0
double r3 :: cost: 1
    add:
    del:
    num: 2 0 2 0 2 0 1 0
double r4 :: cost: 1
    add:
    del:
    num: 2 0 2 0 1 0 2 0
m1d3-start r1 :: cost: 1
    add: (m1d3-after-dec r1)
    del: (free) (normal r1)
    num: 1 0 2 0 1 0 1 0
m1d3-start r2 :: cost: 1
    add: (m1d3-after-dec r2)
    del: (free) (normal r2)
    num: 2 0 1 0 1 0 1 0
m1d3-start r3 :: cost: 1
    add: (m1d3-after-dec r3)
    del: (free) (normal r3)
    num: 2 0 2 0 0 0 1 0
m1d3-start r4 :: cost: 1
    add: (m1d3-after-dec r4)
    del: (free) (normal r4)
    num: 2 0 2 0 1 0 0 0
Step 2 (free) (normal r1) (normal r2) (normal r3) (normal r4)
size: 8
double r1 :: cost: 1
    add:
    del:
    num: 4 0 2 0 1 0 1 0
double r2 :: cost: 1
    add:
    del:
    num: 2 0 4 0 1 0 1 0
double r3 :: cost: 1
    add:
    del:
    num: 2 0 2 0 2 0 1 0
double r4 :: cost: 1
    add:
    del:
    num: 2 0 2 0 2 0 2 0
m1d3-start r1 :: cost: 1
    add: (m1d3-after-dec r1)
    del: (free) (normal r1)
    num: 1 0 2 0 2 0 1 0
m1d3-start r2 :: cost: 1
    add: (m1d3-after-dec r2)
    del: (free) (normal r2)
    num: 2 0 1 0 2 0 1 0
m1d3-start r3 :: cost: 1
    add: (m1d3-after-dec r3)
    del: (free) (normal r3)
    num: 2 0 2 0 1 0 1 0
m1d3-start r4 :: cost: 1
    add: (m1d3-after-dec r4)
    del: (free) (normal r4)
    num: 2 0 2 0 2 0 0 0
Step 3 (free) (normal r1) (normal r2) (normal r3) (normal r4)
size: 8
double r1 :: cost: 1
    add:
    del:
    num: 4 0 2 0 2 0 1 0
double r2 :: cost: 1
    add:
    del:
    num: 2 0 4 0 2 0 1 0
double r3 :: cost: 1
    add:
    del:
    num: 2 0 2 0 4 0 1 0
double r4 :: cost: 1
    add:
    del:
    num: 2 0 2 0 2 0 2 0
m1d3-start r1 :: cost: 1
    add: (m1d3-after-dec r1)
    del: (free) (normal r1)
    num: 1 0 2 0 2 0 2 0
m1d3-start r2 :: cost: 1
    add: (m1d3-after-dec r2)
    del: (free) (normal r2)
    num: 2 0 1 0 2 0 2 0
m1d3-start r3 :: cost: 1
    add: (m1d3-after-dec r3)
    del: (free) (normal r3)
    num: 2 0 2 0 1 0 2 0
m1d3-start r4 :: cost: 1
    add: (m1d3-after-dec r4)
    del: (free) (normal r4)
    num: 2 0 2 0 2 0 1 0
Step 4 (free) (normal r1) (normal r2) (normal r3) (normal r4)
size: 8
double r1 :: cost: 1
    add:
    del:
    num: 4 0 2 0 2 0 2 0
double r2 :: cost: 1
    add:
    del:
    num: 2 0 4 0 2 0 2 0
double r3 :: cost: 1
    add:
    del:
    num: 2 0 2 0 4 0 2 0
double r4 :: cost: 1
    add:
    del:
    num: 2 0 2 0 2 0 4 0
m1d3-start r1 :: cost: 1
    add: (m1d3-after-dec r1)
    del: (free) (normal r1)
    num: 1 0 2 0 2 0 2 0
m1d3-start r2 :: cost: 1
    add: (m1d3-after-dec r2)
    del: (free) (normal r2)
    num: 1 0 1 0 2 0 2 0
m1d3-start r3 :: cost: 1
    add: (m1d3-after-dec r3)
    del: (free) (normal r3)
    num: 1 0 2 0 1 0 2 0
m1d3-start r4 :: cost: 1
    add: (m1d3-after-dec r4)
    del: (free) (normal r4)
    num: 1 0 2 0 2 0 1 0
Step 5 (normal r2) (normal r3) (normal r4) (m1d3-after-dec r1)
size: 1
m1d3-copy-reset r1 :: cost: 0
    add: (m1d3-dividing r1)
    del: (m1d3-after-dec r1)
    num: 0 1 2 0 2 0 2 0
Step 6 (normal r2) (normal r3) (normal r4) (m1d3-dividing r1)
size: 2
Step 7
size: 0
