h2fwbw task_fdr mutex pairs: 576 -> 578
h2fwbw task_fdr extra unreachable ops [36]:
  (link-0-1 n-0-0 n-0-1 cell-outside-0-up cap-1 cap-0 cell-0-0 cap-1 cap-0)
  (link-0-1 n-0-0 n-1-0 cell-outside-0-left cap-1 cap-0 cell-0-0 cap-1 cap-0)
  (link-0-1 n-0-4 n-1-4 cell-0-3 cap-1 cap-0 cell-outside-0-right cap-1 cap-0)
  (link-0-1 n-12-0 n-12-1 cell-11-0 cap-1 cap-0 cell-outside-0-down cap-1 cap-0)
  (link-0-1 n-3-2 n-3-3 cell-2-2 cap-1 cap-0 cell-3-2 cap-1 cap-0)
  (link-0-1 n-3-2 n-3-3 cell-2-2 cap-1 cap-0 cell-3-2 cap-2 cap-1)
  (link-0-1 n-3-2 n-3-3 cell-2-2 cap-1 cap-0 cell-3-2 cap-3 cap-2)
  (link-0-1 n-3-2 n-3-3 cell-2-2 cap-1 cap-0 cell-3-2 cap-4 cap-3)
  (link-0-1 n-4-1 n-5-1 cell-4-0 cap-1 cap-0 cell-4-1 cap-1 cap-0)
  (link-0-1 n-4-1 n-5-1 cell-4-0 cap-1 cap-0 cell-4-1 cap-2 cap-1)
  (link-0-1 n-4-1 n-5-1 cell-4-0 cap-1 cap-0 cell-4-1 cap-3 cap-2)
  (link-0-1 n-4-1 n-5-1 cell-4-0 cap-1 cap-0 cell-4-1 cap-4 cap-3)
  (link-0-1 n-4-2 n-4-3 cell-3-2 cap-1 cap-0 cell-4-2 cap-1 cap-0)
  (link-0-1 n-4-2 n-4-3 cell-3-2 cap-2 cap-1 cell-4-2 cap-1 cap-0)
  (link-0-1 n-4-2 n-4-3 cell-3-2 cap-3 cap-2 cell-4-2 cap-1 cap-0)
  (link-0-1 n-4-2 n-4-3 cell-3-2 cap-4 cap-3 cell-4-2 cap-1 cap-0)
  (link-0-1 n-4-2 n-5-2 cell-4-1 cap-1 cap-0 cell-4-2 cap-1 cap-0)
  (link-0-1 n-4-2 n-5-2 cell-4-1 cap-2 cap-1 cell-4-2 cap-1 cap-0)
  (link-0-1 n-4-2 n-5-2 cell-4-1 cap-3 cap-2 cell-4-2 cap-1 cap-0)
  (link-0-1 n-4-2 n-5-2 cell-4-1 cap-4 cap-3 cell-4-2 cap-1 cap-0)
  (link-1-0 n-0-3 n-0-4 cell-outside-3-up cap-1 cap-0 cell-0-3 cap-1 cap-0)
  (link-1-0 n-11-0 n-12-0 cell-outside-11-left cap-1 cap-0 cell-11-0 cap-1 cap-0)
  (link-1-0 n-11-4 n-12-4 cell-11-3 cap-1 cap-0 cell-outside-11-right cap-1 cap-0)
  (link-1-0 n-12-3 n-12-4 cell-11-3 cap-1 cap-0 cell-outside-3-down cap-1 cap-0)
  (link-1-0 n-2-1 n-3-1 cell-2-0 cap-1 cap-0 cell-2-1 cap-1 cap-0)
  (link-1-0 n-2-1 n-3-1 cell-2-0 cap-1 cap-0 cell-2-1 cap-2 cap-1)
  (link-1-0 n-2-2 n-3-2 cell-2-1 cap-1 cap-0 cell-2-2 cap-1 cap-0)
  (link-1-0 n-2-2 n-3-2 cell-2-1 cap-2 cap-1 cell-2-2 cap-1 cap-0)
  (link-1-0 n-3-0 n-3-1 cell-2-0 cap-1 cap-0 cell-3-0 cap-1 cap-0)
  (link-1-0 n-3-0 n-3-1 cell-2-0 cap-1 cap-0 cell-3-0 cap-2 cap-1)
  (link-1-0 n-3-0 n-3-1 cell-2-0 cap-1 cap-0 cell-3-0 cap-3 cap-2)
  (link-1-0 n-3-0 n-3-1 cell-2-0 cap-1 cap-0 cell-3-0 cap-4 cap-3)
  (link-1-0 n-4-0 n-4-1 cell-3-0 cap-1 cap-0 cell-4-0 cap-1 cap-0)
  (link-1-0 n-4-0 n-4-1 cell-3-0 cap-2 cap-1 cell-4-0 cap-1 cap-0)
  (link-1-0 n-4-0 n-4-1 cell-3-0 cap-3 cap-2 cell-4-0 cap-1 cap-0)
  (link-1-0 n-4-0 n-4-1 cell-3-0 cap-4 cap-3 cell-4-0 cap-1 cap-0)
