Monotonicity invariants:
< {cell-capacity V0:cell C1:cell-capacity-level}
, {node-degree0 V0:node}
, {node-degree0 C0:node}
, {NOT-linked V0:node V1:node}
, {NOT-linked V0:node C1:node}
, {NOT-linked C1:node V0:node}
, {NOT-disable-link-0-0}
, {node-degree0 V0:node, node-degree1 V0:node}
, {node-degree0 C1:node, node-degree1 V0:node}
, {node-degree0 V0:node, node-degree1 V0:node, NOT-node-degree1 V0:node}
, {node-degree0 V0:node, node-degree1 V0:node, NOT-linked V0:node C1:node}
, {node-degree0 V0:node, node-degree1 V0:node, NOT-disable-link-0-0}
, {node-degree0 C1:node, node-degree1 V0:node, NOT-node-degree1 V0:node}
, {node-degree0 C1:node, node-degree1 V0:node, NOT-linked V0:node C2:node}
, {node-degree0 C1:node, node-degree1 V0:node, NOT-disable-link-0-0}
, {node-degree0 V0:node, node-degree1 V0:node, NOT-node-degree1 V0:node, NOT-linked V0:node C1:node}
, {node-degree0 V0:node, node-degree1 V0:node, NOT-node-degree1 V0:node, NOT-linked C1:node V0:node}
, {node-degree0 V0:node, node-degree1 V0:node, NOT-node-degree1 V0:node, NOT-disable-link-0-0}
, {node-degree0 V0:node, node-degree1 V0:node, NOT-linked V0:node C1:node, NOT-disable-link-0-0}
, {node-degree0 C1:node, node-degree1 V0:node, NOT-node-degree1 V0:node, NOT-linked V0:node C2:node}
, {node-degree0 C1:node, node-degree1 V0:node, NOT-node-degree1 V0:node, NOT-linked C2:node V0:node}
, {node-degree0 C1:node, node-degree1 V0:node, NOT-node-degree1 V0:node, NOT-disable-link-0-0}
, {node-degree0 C1:node, node-degree1 V0:node, NOT-linked V0:node C2:node, NOT-disable-link-0-0}
, {node-degree0 V0:node, node-degree1 V0:node, NOT-node-degree1 V0:node, NOT-linked V0:node C1:node, NOT-disable-link-0-0}
, {node-degree0 V0:node, node-degree1 V0:node, NOT-node-degree1 V0:node, NOT-linked C1:node V0:node, NOT-disable-link-0-0}
, {node-degree0 C1:node, node-degree1 V0:node, NOT-node-degree1 V0:node, NOT-linked V0:node C2:node, NOT-disable-link-0-0}
, {node-degree0 C1:node, node-degree1 V0:node, NOT-node-degree1 V0:node, NOT-linked C2:node V0:node, NOT-disable-link-0-0}
>
FD Mutex Groups:
< {cell-capacity V0:cell C1:cell-capacity-level}:=1
, {node-degree0 V0:node}
, {NOT-linked n-0-4 C0:node}
, {NOT-linked n-1-4 C0:node}
, {NOT-linked n-2-4 C0:node}
, {NOT-linked n-3-4 C0:node}
, {NOT-linked n-4-4 C0:node}
, {NOT-linked n-5-4 C0:node}
, {NOT-linked n-6-4 C0:node}
, {NOT-linked n-7-4 C0:node}
, {NOT-linked n-8-4 C0:node}
, {NOT-linked n-9-4 C0:node}
, {NOT-linked n-10-4 C0:node}
, {NOT-linked n-11-4 C0:node}
, {NOT-linked n-12-0 C0:node}
, {NOT-linked n-12-1 C0:node}
, {NOT-linked n-12-2 C0:node}
, {NOT-linked n-12-3 C0:node}
, {NOT-linked C0:node n-0-1}
, {NOT-linked C0:node n-0-2}
, {NOT-linked C0:node n-0-3}
, {NOT-linked C0:node n-0-4}
, {NOT-linked C0:node n-1-0}
, {NOT-linked C0:node n-2-0}
, {NOT-linked C0:node n-3-0}
, {NOT-linked C0:node n-4-0}
, {NOT-linked C0:node n-5-0}
, {NOT-linked C0:node n-6-0}
, {NOT-linked C0:node n-7-0}
, {NOT-linked C0:node n-8-0}
, {NOT-linked C0:node n-9-0}
, {NOT-linked C0:node n-10-0}
, {NOT-linked C0:node n-11-0}
, {NOT-linked C0:node n-12-0}
, {NOT-linked V0:node V1:node}
, {NOT-disable-link-0-0}
, {node-degree0 V0:node, node-degree1 V0:node}
, {node-degree0 n-12-4, node-degree1 n-12-4, NOT-linked n-12-4 C0:node}
>
FD Goal aware:
< {cell-capacity cell-0-1 C0:cell-capacity-level}:=1
, {cell-capacity cell-0-2 C0:cell-capacity-level}:=1
, {cell-capacity cell-1-0 C0:cell-capacity-level}:=1
, {cell-capacity cell-1-3 C0:cell-capacity-level}:=1
, {cell-capacity cell-2-1 C0:cell-capacity-level}:=1
, {cell-capacity cell-3-1 C0:cell-capacity-level}:=1
, {cell-capacity cell-3-3 C0:cell-capacity-level}:=1
, {cell-capacity cell-4-0 C0:cell-capacity-level}:=1
, {cell-capacity cell-5-0 C0:cell-capacity-level}:=1
, {cell-capacity cell-5-2 C0:cell-capacity-level}:=1
, {cell-capacity cell-5-3 C0:cell-capacity-level}:=1
, {cell-capacity cell-6-2 C0:cell-capacity-level}:=1
, {cell-capacity cell-7-0 C0:cell-capacity-level}:=1
, {cell-capacity cell-8-0 C0:cell-capacity-level}:=1
, {cell-capacity cell-8-2 C0:cell-capacity-level}:=1
, {cell-capacity cell-10-0 C0:cell-capacity-level}:=1
, {cell-capacity cell-10-1 C0:cell-capacity-level}:=1
, {cell-capacity cell-11-1 C0:cell-capacity-level}:=1
, {cell-capacity cell-11-3 C0:cell-capacity-level}:=1
>
