Domain: openstacks-sequencedstrips-nonadl-nonnegated
Problem: os-sequencedstrips-p26_1
Require:
  :action-costs
  :strips
  :typing
Type:
  count - object
  object
  order - object
  product - object
Obj:
  n0 - count
  n1 - count
  n10 - count
  n11 - count
  n12 - count
  n13 - count
  n14 - count
  n15 - count
  n16 - count
  n17 - count
  n18 - count
  n19 - count
  n2 - count
  n20 - count
  n21 - count
  n22 - count
  n23 - count
  n24 - count
  n25 - count
  n26 - count
  n3 - count
  n4 - count
  n5 - count
  n6 - count
  n7 - count
  n8 - count
  n9 - count
  o1 - order :constant
  o10 - order :constant
  o11 - order :constant
  o12 - order :constant
  o13 - order :constant
  o14 - order :constant
  o15 - order :constant
  o16 - order :constant
  o17 - order :constant
  o18 - order :constant
  o19 - order :constant
  o2 - order :constant
  o20 - order :constant
  o21 - order :constant
  o22 - order :constant
  o23 - order :constant
  o24 - order :constant
  o25 - order :constant
  o26 - order :constant
  o3 - order :constant
  o4 - order :constant
  o5 - order :constant
  o6 - order :constant
  o7 - order :constant
  o8 - order :constant
  o9 - order :constant
  p1 - product :constant
  p10 - product :constant
  p11 - product :constant
  p12 - product :constant
  p13 - product :constant
  p14 - product :constant
  p15 - product :constant
  p16 - product :constant
  p17 - product :constant
  p18 - product :constant
  p19 - product :constant
  p2 - product :constant
  p20 - product :constant
  p21 - product :constant
  p22 - product :constant
  p23 - product :constant
  p24 - product :constant
  p25 - product :constant
  p26 - product :constant
  p3 - product :constant
  p4 - product :constant
  p5 - product :constant
  p6 - product :constant
  p7 - product :constant
  p8 - product :constant
  p9 - product :constant
Predicate:
  (= object object) :eq
  (made product)
  (next-count count count)
  (not-made product)
  (shipped order)
  (stacks-avail count)
  (started order)
  (waiting order)
Function:
  (total-cost) :total-cost
Action:
  make-product-p10:
      pre: (and (not-made p10) (started o5))
      eff: (and (made p10) (not (not-made p10)))
  make-product-p11:
      pre: (and (not-made p11) (started o1))
      eff: (and (made p11) (not (not-made p11)))
  make-product-p12:
      pre: (and (not-made p12) (started o13) (started o25) (started o3))
      eff: (and (made p12) (not (not-made p12)))
  make-product-p13:
      pre: (and (not-made p13) (started o1) (started o16) (started o19))
      eff: (and (made p13) (not (not-made p13)))
  make-product-p14:
      pre: (and (not-made p14) (started o10) (started o13) (started o25))
      eff: (and (made p14) (not (not-made p14)))
  make-product-p15:
      pre: (and (not-made p15) (started o16) (started o20) (started o25))
      eff: (and (made p15) (not (not-made p15)))
  make-product-p16:
      pre: (and (not-made p16) (started o14) (started o22))
      eff: (and (made p16) (not (not-made p16)))
  make-product-p17:
      pre: (and (not-made p17) (started o16) (started o17) (started o18))
      eff: (and (made p17) (not (not-made p17)))
  make-product-p18:
      pre: (and (not-made p18) (started o13))
      eff: (and (made p18) (not (not-made p18)))
  make-product-p19:
      pre: (and (not-made p19) (started o14) (started o18) (started o21))
      eff: (and (made p19) (not (not-made p19)))
  make-product-p1:
      pre: (and (not-made p1) (started o7))
      eff: (and (made p1) (not (not-made p1)))
  make-product-p20:
      pre: (and (not-made p20) (started o16) (started o17))
      eff: (and (made p20) (not (not-made p20)))
  make-product-p21:
      pre: (and (not-made p21) (started o13) (started o4) (started o7))
      eff: (and (made p21) (not (not-made p21)))
  make-product-p22:
      pre: (and (not-made p22) (started o16) (started o24))
      eff: (and (made p22) (not (not-made p22)))
  make-product-p23:
      pre: (and (not-made p23) (started o10))
      eff: (and (made p23) (not (not-made p23)))
  make-product-p24:
      pre: (and (not-made p24) (started o9))
      eff: (and (made p24) (not (not-made p24)))
  make-product-p25:
      pre: (and (not-made p25) (started o7) (started o9))
      eff: (and (made p25) (not (not-made p25)))
  make-product-p26:
      pre: (and (not-made p26) (started o21))
      eff: (and (made p26) (not (not-made p26)))
  make-product-p2:
      pre: (and (not-made p2) (started o13) (started o2))
      eff: (and (made p2) (not (not-made p2)))
  make-product-p3:
      pre: (and (not-made p3) (started o15))
      eff: (and (made p3) (not (not-made p3)))
  make-product-p4:
      pre: (and (not-made p4) (started o12) (started o23) (started o25))
      eff: (and (made p4) (not (not-made p4)))
  make-product-p5:
      pre: (and (not-made p5) (started o8))
      eff: (and (made p5) (not (not-made p5)))
  make-product-p6:
      pre: (and (not-made p6) (started o6) (started o8))
      eff: (and (made p6) (not (not-made p6)))
  make-product-p7:
      pre: (and (not-made p7) (started o15) (started o26))
      eff: (and (made p7) (not (not-made p7)))
  make-product-p8:
      pre: (and (not-made p8) (started o17) (started o3))
      eff: (and (made p8) (not (not-made p8)))
  make-product-p9:
      pre: (and (not-made p9) (started o11) (started o13) (started o14))
      eff: (and (made p9) (not (not-made p9)))
  open-new-stack: ?open - count ?new-open - count
      pre: (and (next-count ?open ?new-open) (stacks-avail ?open))
      eff: (and (increase (total-cost) 1) (not (stacks-avail ?open)) (stacks-avail ?new-open))
  ship-order-o10: ?avail - count ?new-avail - count
      pre: (and (made p14) (made p23) (next-count ?avail ?new-avail) (stacks-avail ?avail) (started o10))
      eff: (and (not (stacks-avail ?avail)) (not (started o10)) (shipped o10) (stacks-avail ?new-avail))
  ship-order-o11: ?avail - count ?new-avail - count
      pre: (and (made p9) (next-count ?avail ?new-avail) (stacks-avail ?avail) (started o11))
      eff: (and (not (stacks-avail ?avail)) (not (started o11)) (shipped o11) (stacks-avail ?new-avail))
  ship-order-o12: ?avail - count ?new-avail - count
      pre: (and (made p4) (next-count ?avail ?new-avail) (stacks-avail ?avail) (started o12))
      eff: (and (not (stacks-avail ?avail)) (not (started o12)) (shipped o12) (stacks-avail ?new-avail))
  ship-order-o13: ?avail - count ?new-avail - count
      pre: (and (made p12) (made p14) (made p18) (made p2) (made p21) (made p9) (next-count ?avail ?new-avail) (stacks-avail ?avail) (started o13))
      eff: (and (not (stacks-avail ?avail)) (not (started o13)) (shipped o13) (stacks-avail ?new-avail))
  ship-order-o14: ?avail - count ?new-avail - count
      pre: (and (made p16) (made p19) (made p9) (next-count ?avail ?new-avail) (stacks-avail ?avail) (started o14))
      eff: (and (not (stacks-avail ?avail)) (not (started o14)) (shipped o14) (stacks-avail ?new-avail))
  ship-order-o15: ?avail - count ?new-avail - count
      pre: (and (made p3) (made p7) (next-count ?avail ?new-avail) (stacks-avail ?avail) (started o15))
      eff: (and (not (stacks-avail ?avail)) (not (started o15)) (shipped o15) (stacks-avail ?new-avail))
  ship-order-o16: ?avail - count ?new-avail - count
      pre: (and (made p13) (made p15) (made p17) (made p20) (made p22) (next-count ?avail ?new-avail) (stacks-avail ?avail) (started o16))
      eff: (and (not (stacks-avail ?avail)) (not (started o16)) (shipped o16) (stacks-avail ?new-avail))
  ship-order-o17: ?avail - count ?new-avail - count
      pre: (and (made p17) (made p20) (made p8) (next-count ?avail ?new-avail) (stacks-avail ?avail) (started o17))
      eff: (and (not (stacks-avail ?avail)) (not (started o17)) (shipped o17) (stacks-avail ?new-avail))
  ship-order-o18: ?avail - count ?new-avail - count
      pre: (and (made p17) (made p19) (next-count ?avail ?new-avail) (stacks-avail ?avail) (started o18))
      eff: (and (not (stacks-avail ?avail)) (not (started o18)) (shipped o18) (stacks-avail ?new-avail))
  ship-order-o19: ?avail - count ?new-avail - count
      pre: (and (made p13) (next-count ?avail ?new-avail) (stacks-avail ?avail) (started o19))
      eff: (and (not (stacks-avail ?avail)) (not (started o19)) (shipped o19) (stacks-avail ?new-avail))
  ship-order-o1: ?avail - count ?new-avail - count
      pre: (and (made p11) (made p13) (next-count ?avail ?new-avail) (stacks-avail ?avail) (started o1))
      eff: (and (not (stacks-avail ?avail)) (not (started o1)) (shipped o1) (stacks-avail ?new-avail))
  ship-order-o20: ?avail - count ?new-avail - count
      pre: (and (made p15) (next-count ?avail ?new-avail) (stacks-avail ?avail) (started o20))
      eff: (and (not (stacks-avail ?avail)) (not (started o20)) (shipped o20) (stacks-avail ?new-avail))
  ship-order-o21: ?avail - count ?new-avail - count
      pre: (and (made p19) (made p26) (next-count ?avail ?new-avail) (stacks-avail ?avail) (started o21))
      eff: (and (not (stacks-avail ?avail)) (not (started o21)) (shipped o21) (stacks-avail ?new-avail))
  ship-order-o22: ?avail - count ?new-avail - count
      pre: (and (made p16) (next-count ?avail ?new-avail) (stacks-avail ?avail) (started o22))
      eff: (and (not (stacks-avail ?avail)) (not (started o22)) (shipped o22) (stacks-avail ?new-avail))
  ship-order-o23: ?avail - count ?new-avail - count
      pre: (and (made p4) (next-count ?avail ?new-avail) (stacks-avail ?avail) (started o23))
      eff: (and (not (stacks-avail ?avail)) (not (started o23)) (shipped o23) (stacks-avail ?new-avail))
  ship-order-o24: ?avail - count ?new-avail - count
      pre: (and (made p22) (next-count ?avail ?new-avail) (stacks-avail ?avail) (started o24))
      eff: (and (not (stacks-avail ?avail)) (not (started o24)) (shipped o24) (stacks-avail ?new-avail))
  ship-order-o25: ?avail - count ?new-avail - count
      pre: (and (made p12) (made p14) (made p15) (made p4) (next-count ?avail ?new-avail) (stacks-avail ?avail) (started o25))
      eff: (and (not (stacks-avail ?avail)) (not (started o25)) (shipped o25) (stacks-avail ?new-avail))
  ship-order-o26: ?avail - count ?new-avail - count
      pre: (and (made p7) (next-count ?avail ?new-avail) (stacks-avail ?avail) (started o26))
      eff: (and (not (stacks-avail ?avail)) (not (started o26)) (shipped o26) (stacks-avail ?new-avail))
  ship-order-o2: ?avail - count ?new-avail - count
      pre: (and (made p2) (next-count ?avail ?new-avail) (stacks-avail ?avail) (started o2))
      eff: (and (not (stacks-avail ?avail)) (not (started o2)) (shipped o2) (stacks-avail ?new-avail))
  ship-order-o3: ?avail - count ?new-avail - count
      pre: (and (made p12) (made p8) (next-count ?avail ?new-avail) (stacks-avail ?avail) (started o3))
      eff: (and (not (stacks-avail ?avail)) (not (started o3)) (shipped o3) (stacks-avail ?new-avail))
  ship-order-o4: ?avail - count ?new-avail - count
      pre: (and (made p21) (next-count ?avail ?new-avail) (stacks-avail ?avail) (started o4))
      eff: (and (not (stacks-avail ?avail)) (not (started o4)) (shipped o4) (stacks-avail ?new-avail))
  ship-order-o5: ?avail - count ?new-avail - count
      pre: (and (made p10) (next-count ?avail ?new-avail) (stacks-avail ?avail) (started o5))
      eff: (and (not (stacks-avail ?avail)) (not (started o5)) (shipped o5) (stacks-avail ?new-avail))
  ship-order-o6: ?avail - count ?new-avail - count
      pre: (and (made p6) (next-count ?avail ?new-avail) (stacks-avail ?avail) (started o6))
      eff: (and (not (stacks-avail ?avail)) (not (started o6)) (shipped o6) (stacks-avail ?new-avail))
  ship-order-o7: ?avail - count ?new-avail - count
      pre: (and (made p1) (made p21) (made p25) (next-count ?avail ?new-avail) (stacks-avail ?avail) (started o7))
      eff: (and (not (stacks-avail ?avail)) (not (started o7)) (shipped o7) (stacks-avail ?new-avail))
  ship-order-o8: ?avail - count ?new-avail - count
      pre: (and (made p5) (made p6) (next-count ?avail ?new-avail) (stacks-avail ?avail) (started o8))
      eff: (and (not (stacks-avail ?avail)) (not (started o8)) (shipped o8) (stacks-avail ?new-avail))
  ship-order-o9: ?avail - count ?new-avail - count
      pre: (and (made p24) (made p25) (next-count ?avail ?new-avail) (stacks-avail ?avail) (started o9))
      eff: (and (not (stacks-avail ?avail)) (not (started o9)) (shipped o9) (stacks-avail ?new-avail))
  start-order: ?o - order ?avail - count ?new-avail - count
      pre: (and (next-count ?new-avail ?avail) (stacks-avail ?avail) (waiting ?o))
      eff: (and (not (stacks-avail ?avail)) (not (waiting ?o)) (stacks-avail ?new-avail) (started ?o))
Init:
  (= (total-cost) 0)
  (next-count n0 n1)
  (next-count n1 n2)
  (next-count n10 n11)
  (next-count n11 n12)
  (next-count n12 n13)
  (next-count n13 n14)
  (next-count n14 n15)
  (next-count n15 n16)
  (next-count n16 n17)
  (next-count n17 n18)
  (next-count n18 n19)
  (next-count n19 n20)
  (next-count n2 n3)
  (next-count n20 n21)
  (next-count n21 n22)
  (next-count n22 n23)
  (next-count n23 n24)
  (next-count n24 n25)
  (next-count n25 n26)
  (next-count n3 n4)
  (next-count n4 n5)
  (next-count n5 n6)
  (next-count n6 n7)
  (next-count n7 n8)
  (next-count n8 n9)
  (next-count n9 n10)
  (not-made p1)
  (not-made p10)
  (not-made p11)
  (not-made p12)
  (not-made p13)
  (not-made p14)
  (not-made p15)
  (not-made p16)
  (not-made p17)
  (not-made p18)
  (not-made p19)
  (not-made p2)
  (not-made p20)
  (not-made p21)
  (not-made p22)
  (not-made p23)
  (not-made p24)
  (not-made p25)
  (not-made p26)
  (not-made p3)
  (not-made p4)
  (not-made p5)
  (not-made p6)
  (not-made p7)
  (not-made p8)
  (not-made p9)
  (stacks-avail n0)
  (waiting o1)
  (waiting o10)
  (waiting o11)
  (waiting o12)
  (waiting o13)
  (waiting o14)
  (waiting o15)
  (waiting o16)
  (waiting o17)
  (waiting o18)
  (waiting o19)
  (waiting o2)
  (waiting o20)
  (waiting o21)
  (waiting o22)
  (waiting o23)
  (waiting o24)
  (waiting o25)
  (waiting o26)
  (waiting o3)
  (waiting o4)
  (waiting o5)
  (waiting o6)
  (waiting o7)
  (waiting o8)
  (waiting o9)
Goal:
  (and (shipped o1) (shipped o10) (shipped o11) (shipped o12) (shipped o13) (shipped o14) (shipped o15) (shipped o16) (shipped o17) (shipped o18) (shipped o19) (shipped o2) (shipped o20) (shipped o21) (shipped o22) (shipped o23) (shipped o24) (shipped o25) (shipped o26) (shipped o3) (shipped o4) (shipped o5) (shipped o6) (shipped o7) (shipped o8) (shipped o9))
Metric:
  (total-cost)
Pred prop:
  (made product): in_pre in_eff
  (next-count count count): in_init in_pre
  (not-made product): in_init in_pre in_eff
  (shipped order): in_goal in_eff
  (stacks-avail count): in_init in_pre in_eff
  (started order): in_pre in_eff
  (waiting order): in_init in_pre in_eff
Func prop:
  (total-cost): in_init init_all_nonneg init_all_nonpos init_all_int in_metric is_metric_alone in_eff write_delta_nonneg write_delta_nonneg_int
Global prop:
  action_cost_func:(total-cost)
  has_int_action_cost_func
