Step 0 (rcnot l0_l1_i4) (rcnot l2_l3_i6) (rcnot l2_l3_i9) (rcnot l1_l2_i10) (rcnot l3_l0_i11) (rcnot l0_l1_i12) (rcnot l0_l1_i15) (rcnot l2_l3_i16) (rcnot l2_l3_i19) (rcnot l3_l0_i21) (NOT-occupied_pqubit p0) (NOT-occupied_pqubit p1) (NOT-occupied_pqubit p2) (NOT-occupied_pqubit p3) (NOT-occupied_pqubit p4) (NOT-occupied_pqubit p5) (NOT-occupied_pqubit p6) (NOT-occupied_pqubit p7) (NOT-occupied_pqubit p8) (NOT-occupied_pqubit p9) (NOT-occupied_pqubit p10) (NOT-occupied_pqubit p11) (NOT-occupied_pqubit p12) (NOT-occupied_pqubit p13) (NOT-initialized p0) (NOT-initialized p1) (NOT-initialized p2) (NOT-initialized p3) (NOT-initialized p4) (NOT-initialized p5) (NOT-initialized p6) (NOT-initialized p7) (NOT-initialized p8) (NOT-initialized p9) (NOT-initialized p10) (NOT-initialized p11) (NOT-initialized p12) (NOT-initialized p13)
size: 72
apply_cnot_l0_l1_i4 p0 p1 :: cost: 1
    add: (mapped l0 p0) (mapped l1 p1) (NOT-rcnot l0_l1_i4)
    del: (rcnot l0_l1_i4) (NOT-occupied_pqubit p0) (NOT-occupied_pqubit p1) (NOT-initialized p0) (NOT-initialized p1)
apply_cnot_l0_l1_i4 p1 p0 :: cost: 1
    add: (NOT-rcnot l0_l1_i4) (mapped l0 p1) (mapped l1 p0)
    del: (rcnot l0_l1_i4) (NOT-occupied_pqubit p0) (NOT-occupied_pqubit p1) (NOT-initialized p0) (NOT-initialized p1)
apply_cnot_l0_l1_i4 p1 p2 :: cost: 1
    add: (NOT-rcnot l0_l1_i4) (mapped l0 p1) (mapped l1 p2)
    del: (rcnot l0_l1_i4) (NOT-occupied_pqubit p1) (NOT-occupied_pqubit p2) (NOT-initialized p1) (NOT-initialized p2)
apply_cnot_l0_l1_i4 p1 p13 :: cost: 1
    add: (NOT-rcnot l0_l1_i4) (mapped l0 p1) (mapped l1 p13)
    del: (rcnot l0_l1_i4) (NOT-occupied_pqubit p1) (NOT-occupied_pqubit p13) (NOT-initialized p1) (NOT-initialized p13)
apply_cnot_l0_l1_i4 p2 p1 :: cost: 1
    add: (mapped l1 p1) (NOT-rcnot l0_l1_i4) (mapped l0 p2)
    del: (rcnot l0_l1_i4) (NOT-occupied_pqubit p1) (NOT-occupied_pqubit p2) (NOT-initialized p1) (NOT-initialized p2)
apply_cnot_l0_l1_i4 p2 p3 :: cost: 1
    add: (NOT-rcnot l0_l1_i4) (mapped l0 p2) (mapped l1 p3)
    del: (rcnot l0_l1_i4) (NOT-occupied_pqubit p2) (NOT-occupied_pqubit p3) (NOT-initialized p2) (NOT-initialized p3)
apply_cnot_l0_l1_i4 p2 p12 :: cost: 1
    add: (NOT-rcnot l0_l1_i4) (mapped l0 p2) (mapped l1 p12)
    del: (rcnot l0_l1_i4) (NOT-occupied_pqubit p2) (NOT-occupied_pqubit p12) (NOT-initialized p2) (NOT-initialized p12)
apply_cnot_l0_l1_i4 p3 p2 :: cost: 1
    add: (NOT-rcnot l0_l1_i4) (mapped l1 p2) (mapped l0 p3)
    del: (rcnot l0_l1_i4) (NOT-occupied_pqubit p2) (NOT-occupied_pqubit p3) (NOT-initialized p2) (NOT-initialized p3)
apply_cnot_l0_l1_i4 p3 p4 :: cost: 1
    add: (NOT-rcnot l0_l1_i4) (mapped l0 p3) (mapped l1 p4)
    del: (rcnot l0_l1_i4) (NOT-occupied_pqubit p3) (NOT-occupied_pqubit p4) (NOT-initialized p3) (NOT-initialized p4)
apply_cnot_l0_l1_i4 p3 p11 :: cost: 1
    add: (NOT-rcnot l0_l1_i4) (mapped l0 p3) (mapped l1 p11)
    del: (rcnot l0_l1_i4) (NOT-occupied_pqubit p3) (NOT-occupied_pqubit p11) (NOT-initialized p3) (NOT-initialized p11)
apply_cnot_l0_l1_i4 p4 p3 :: cost: 1
    add: (NOT-rcnot l0_l1_i4) (mapped l1 p3) (mapped l0 p4)
    del: (rcnot l0_l1_i4) (NOT-occupied_pqubit p3) (NOT-occupied_pqubit p4) (NOT-initialized p3) (NOT-initialized p4)
apply_cnot_l0_l1_i4 p4 p5 :: cost: 1
    add: (NOT-rcnot l0_l1_i4) (mapped l0 p4) (mapped l1 p5)
    del: (rcnot l0_l1_i4) (NOT-occupied_pqubit p4) (NOT-occupied_pqubit p5) (NOT-initialized p4) (NOT-initialized p5)
apply_cnot_l0_l1_i4 p4 p10 :: cost: 1
    add: (NOT-rcnot l0_l1_i4) (mapped l0 p4) (mapped l1 p10)
    del: (rcnot l0_l1_i4) (NOT-occupied_pqubit p4) (NOT-occupied_pqubit p10) (NOT-initialized p4) (NOT-initialized p10)
apply_cnot_l0_l1_i4 p5 p4 :: cost: 1
    add: (NOT-rcnot l0_l1_i4) (mapped l1 p4) (mapped l0 p5)
    del: (rcnot l0_l1_i4) (NOT-occupied_pqubit p4) (NOT-occupied_pqubit p5) (NOT-initialized p4) (NOT-initialized p5)
apply_cnot_l0_l1_i4 p5 p6 :: cost: 1
    add: (NOT-rcnot l0_l1_i4) (mapped l0 p5) (mapped l1 p6)
    del: (rcnot l0_l1_i4) (NOT-occupied_pqubit p5) (NOT-occupied_pqubit p6) (NOT-initialized p5) (NOT-initialized p6)
apply_cnot_l0_l1_i4 p5 p9 :: cost: 1
    add: (NOT-rcnot l0_l1_i4) (mapped l0 p5) (mapped l1 p9)
    del: (rcnot l0_l1_i4) (NOT-occupied_pqubit p5) (NOT-occupied_pqubit p9) (NOT-initialized p5) (NOT-initialized p9)
apply_cnot_l0_l1_i4 p6 p5 :: cost: 1
    add: (NOT-rcnot l0_l1_i4) (mapped l1 p5) (mapped l0 p6)
    del: (rcnot l0_l1_i4) (NOT-occupied_pqubit p5) (NOT-occupied_pqubit p6) (NOT-initialized p5) (NOT-initialized p6)
apply_cnot_l0_l1_i4 p6 p8 :: cost: 1
    add: (NOT-rcnot l0_l1_i4) (mapped l0 p6) (mapped l1 p8)
    del: (rcnot l0_l1_i4) (NOT-occupied_pqubit p6) (NOT-occupied_pqubit p8) (NOT-initialized p6) (NOT-initialized p8)
apply_cnot_l0_l1_i4 p7 p8 :: cost: 1
    add: (NOT-rcnot l0_l1_i4) (mapped l1 p8) (mapped l0 p7)
    del: (rcnot l0_l1_i4) (NOT-occupied_pqubit p7) (NOT-occupied_pqubit p8) (NOT-initialized p7) (NOT-initialized p8)
apply_cnot_l0_l1_i4 p8 p6 :: cost: 1
    add: (NOT-rcnot l0_l1_i4) (mapped l1 p6) (mapped l0 p8)
    del: (rcnot l0_l1_i4) (NOT-occupied_pqubit p6) (NOT-occupied_pqubit p8) (NOT-initialized p6) (NOT-initialized p8)
apply_cnot_l0_l1_i4 p8 p7 :: cost: 1
    add: (NOT-rcnot l0_l1_i4) (mapped l0 p8) (mapped l1 p7)
    del: (rcnot l0_l1_i4) (NOT-occupied_pqubit p7) (NOT-occupied_pqubit p8) (NOT-initialized p7) (NOT-initialized p8)
apply_cnot_l0_l1_i4 p8 p9 :: cost: 1
    add: (NOT-rcnot l0_l1_i4) (mapped l1 p9) (mapped l0 p8)
    del: (rcnot l0_l1_i4) (NOT-occupied_pqubit p8) (NOT-occupied_pqubit p9) (NOT-initialized p8) (NOT-initialized p9)
apply_cnot_l0_l1_i4 p9 p5 :: cost: 1
    add: (NOT-rcnot l0_l1_i4) (mapped l1 p5) (mapped l0 p9)
    del: (rcnot l0_l1_i4) (NOT-occupied_pqubit p5) (NOT-occupied_pqubit p9) (NOT-initialized p5) (NOT-initialized p9)
apply_cnot_l0_l1_i4 p9 p8 :: cost: 1
    add: (NOT-rcnot l0_l1_i4) (mapped l1 p8) (mapped l0 p9)
    del: (rcnot l0_l1_i4) (NOT-occupied_pqubit p8) (NOT-occupied_pqubit p9) (NOT-initialized p8) (NOT-initialized p9)
apply_cnot_l0_l1_i4 p9 p10 :: cost: 1
    add: (NOT-rcnot l0_l1_i4) (mapped l1 p10) (mapped l0 p9)
    del: (rcnot l0_l1_i4) (NOT-occupied_pqubit p9) (NOT-occupied_pqubit p10) (NOT-initialized p9) (NOT-initialized p10)
apply_cnot_l0_l1_i4 p10 p4 :: cost: 1
    add: (NOT-rcnot l0_l1_i4) (mapped l1 p4) (mapped l0 p10)
    del: (rcnot l0_l1_i4) (NOT-occupied_pqubit p4) (NOT-occupied_pqubit p10) (NOT-initialized p4) (NOT-initialized p10)
apply_cnot_l0_l1_i4 p10 p9 :: cost: 1
    add: (NOT-rcnot l0_l1_i4) (mapped l1 p9) (mapped l0 p10)
    del: (rcnot l0_l1_i4) (NOT-occupied_pqubit p9) (NOT-occupied_pqubit p10) (NOT-initialized p9) (NOT-initialized p10)
apply_cnot_l0_l1_i4 p10 p11 :: cost: 1
    add: (NOT-rcnot l0_l1_i4) (mapped l1 p11) (mapped l0 p10)
    del: (rcnot l0_l1_i4) (NOT-occupied_pqubit p10) (NOT-occupied_pqubit p11) (NOT-initialized p10) (NOT-initialized p11)
apply_cnot_l0_l1_i4 p11 p3 :: cost: 1
    add: (NOT-rcnot l0_l1_i4) (mapped l1 p3) (mapped l0 p11)
    del: (rcnot l0_l1_i4) (NOT-occupied_pqubit p3) (NOT-occupied_pqubit p11) (NOT-initialized p3) (NOT-initialized p11)
apply_cnot_l0_l1_i4 p11 p10 :: cost: 1
    add: (NOT-rcnot l0_l1_i4) (mapped l1 p10) (mapped l0 p11)
    del: (rcnot l0_l1_i4) (NOT-occupied_pqubit p10) (NOT-occupied_pqubit p11) (NOT-initialized p10) (NOT-initialized p11)
apply_cnot_l0_l1_i4 p11 p12 :: cost: 1
    add: (NOT-rcnot l0_l1_i4) (mapped l1 p12) (mapped l0 p11)
    del: (rcnot l0_l1_i4) (NOT-occupied_pqubit p11) (NOT-occupied_pqubit p12) (NOT-initialized p11) (NOT-initialized p12)
apply_cnot_l0_l1_i4 p12 p2 :: cost: 1
    add: (NOT-rcnot l0_l1_i4) (mapped l1 p2) (mapped l0 p12)
    del: (rcnot l0_l1_i4) (NOT-occupied_pqubit p2) (NOT-occupied_pqubit p12) (NOT-initialized p2) (NOT-initialized p12)
apply_cnot_l0_l1_i4 p12 p11 :: cost: 1
    add: (NOT-rcnot l0_l1_i4) (mapped l1 p11) (mapped l0 p12)
    del: (rcnot l0_l1_i4) (NOT-occupied_pqubit p11) (NOT-occupied_pqubit p12) (NOT-initialized p11) (NOT-initialized p12)
apply_cnot_l0_l1_i4 p12 p13 :: cost: 1
    add: (NOT-rcnot l0_l1_i4) (mapped l1 p13) (mapped l0 p12)
    del: (rcnot l0_l1_i4) (NOT-occupied_pqubit p12) (NOT-occupied_pqubit p13) (NOT-initialized p12) (NOT-initialized p13)
apply_cnot_l0_l1_i4 p13 p1 :: cost: 1
    add: (mapped l1 p1) (NOT-rcnot l0_l1_i4) (mapped l0 p13)
    del: (rcnot l0_l1_i4) (NOT-occupied_pqubit p1) (NOT-occupied_pqubit p13) (NOT-initialized p1) (NOT-initialized p13)
apply_cnot_l0_l1_i4 p13 p12 :: cost: 1
    add: (NOT-rcnot l0_l1_i4) (mapped l1 p12) (mapped l0 p13)
    del: (rcnot l0_l1_i4) (NOT-occupied_pqubit p12) (NOT-occupied_pqubit p13) (NOT-initialized p12) (NOT-initialized p13)
apply_cnot_l2_l3_i6 p0 p1 :: cost: 1
    add: (mapped l2 p0) (mapped l3 p1) (NOT-rcnot l2_l3_i6)
    del: (rcnot l2_l3_i6) (NOT-occupied_pqubit p0) (NOT-occupied_pqubit p1) (NOT-initialized p0) (NOT-initialized p1)
apply_cnot_l2_l3_i6 p1 p0 :: cost: 1
    add: (NOT-rcnot l2_l3_i6) (mapped l2 p1) (mapped l3 p0)
    del: (rcnot l2_l3_i6) (NOT-occupied_pqubit p0) (NOT-occupied_pqubit p1) (NOT-initialized p0) (NOT-initialized p1)
apply_cnot_l2_l3_i6 p1 p2 :: cost: 1
    add: (NOT-rcnot l2_l3_i6) (mapped l2 p1) (mapped l3 p2)
    del: (rcnot l2_l3_i6) (NOT-occupied_pqubit p1) (NOT-occupied_pqubit p2) (NOT-initialized p1) (NOT-initialized p2)
apply_cnot_l2_l3_i6 p1 p13 :: cost: 1
    add: (NOT-rcnot l2_l3_i6) (mapped l2 p1) (mapped l3 p13)
    del: (rcnot l2_l3_i6) (NOT-occupied_pqubit p1) (NOT-occupied_pqubit p13) (NOT-initialized p1) (NOT-initialized p13)
apply_cnot_l2_l3_i6 p2 p1 :: cost: 1
    add: (mapped l3 p1) (NOT-rcnot l2_l3_i6) (mapped l2 p2)
    del: (rcnot l2_l3_i6) (NOT-occupied_pqubit p1) (NOT-occupied_pqubit p2) (NOT-initialized p1) (NOT-initialized p2)
apply_cnot_l2_l3_i6 p2 p3 :: cost: 1
    add: (NOT-rcnot l2_l3_i6) (mapped l2 p2) (mapped l3 p3)
    del: (rcnot l2_l3_i6) (NOT-occupied_pqubit p2) (NOT-occupied_pqubit p3) (NOT-initialized p2) (NOT-initialized p3)
apply_cnot_l2_l3_i6 p2 p12 :: cost: 1
    add: (NOT-rcnot l2_l3_i6) (mapped l2 p2) (mapped l3 p12)
    del: (rcnot l2_l3_i6) (NOT-occupied_pqubit p2) (NOT-occupied_pqubit p12) (NOT-initialized p2) (NOT-initialized p12)
apply_cnot_l2_l3_i6 p3 p2 :: cost: 1
    add: (NOT-rcnot l2_l3_i6) (mapped l3 p2) (mapped l2 p3)
    del: (rcnot l2_l3_i6) (NOT-occupied_pqubit p2) (NOT-occupied_pqubit p3) (NOT-initialized p2) (NOT-initialized p3)
apply_cnot_l2_l3_i6 p3 p4 :: cost: 1
    add: (NOT-rcnot l2_l3_i6) (mapped l2 p3) (mapped l3 p4)
    del: (rcnot l2_l3_i6) (NOT-occupied_pqubit p3) (NOT-occupied_pqubit p4) (NOT-initialized p3) (NOT-initialized p4)
apply_cnot_l2_l3_i6 p3 p11 :: cost: 1
    add: (NOT-rcnot l2_l3_i6) (mapped l2 p3) (mapped l3 p11)
    del: (rcnot l2_l3_i6) (NOT-occupied_pqubit p3) (NOT-occupied_pqubit p11) (NOT-initialized p3) (NOT-initialized p11)
apply_cnot_l2_l3_i6 p4 p3 :: cost: 1
    add: (NOT-rcnot l2_l3_i6) (mapped l3 p3) (mapped l2 p4)
    del: (rcnot l2_l3_i6) (NOT-occupied_pqubit p3) (NOT-occupied_pqubit p4) (NOT-initialized p3) (NOT-initialized p4)
apply_cnot_l2_l3_i6 p4 p5 :: cost: 1
    add: (NOT-rcnot l2_l3_i6) (mapped l2 p4) (mapped l3 p5)
    del: (rcnot l2_l3_i6) (NOT-occupied_pqubit p4) (NOT-occupied_pqubit p5) (NOT-initialized p4) (NOT-initialized p5)
apply_cnot_l2_l3_i6 p4 p10 :: cost: 1
    add: (NOT-rcnot l2_l3_i6) (mapped l2 p4) (mapped l3 p10)
    del: (rcnot l2_l3_i6) (NOT-occupied_pqubit p4) (NOT-occupied_pqubit p10) (NOT-initialized p4) (NOT-initialized p10)
apply_cnot_l2_l3_i6 p5 p4 :: cost: 1
    add: (NOT-rcnot l2_l3_i6) (mapped l3 p4) (mapped l2 p5)
    del: (rcnot l2_l3_i6) (NOT-occupied_pqubit p4) (NOT-occupied_pqubit p5) (NOT-initialized p4) (NOT-initialized p5)
apply_cnot_l2_l3_i6 p5 p6 :: cost: 1
    add: (NOT-rcnot l2_l3_i6) (mapped l2 p5) (mapped l3 p6)
    del: (rcnot l2_l3_i6) (NOT-occupied_pqubit p5) (NOT-occupied_pqubit p6) (NOT-initialized p5) (NOT-initialized p6)
apply_cnot_l2_l3_i6 p5 p9 :: cost: 1
    add: (NOT-rcnot l2_l3_i6) (mapped l2 p5) (mapped l3 p9)
    del: (rcnot l2_l3_i6) (NOT-occupied_pqubit p5) (NOT-occupied_pqubit p9) (NOT-initialized p5) (NOT-initialized p9)
apply_cnot_l2_l3_i6 p6 p5 :: cost: 1
    add: (NOT-rcnot l2_l3_i6) (mapped l3 p5) (mapped l2 p6)
    del: (rcnot l2_l3_i6) (NOT-occupied_pqubit p5) (NOT-occupied_pqubit p6) (NOT-initialized p5) (NOT-initialized p6)
apply_cnot_l2_l3_i6 p6 p8 :: cost: 1
    add: (NOT-rcnot l2_l3_i6) (mapped l2 p6) (mapped l3 p8)
    del: (rcnot l2_l3_i6) (NOT-occupied_pqubit p6) (NOT-occupied_pqubit p8) (NOT-initialized p6) (NOT-initialized p8)
apply_cnot_l2_l3_i6 p7 p8 :: cost: 1
    add: (NOT-rcnot l2_l3_i6) (mapped l3 p8) (mapped l2 p7)
    del: (rcnot l2_l3_i6) (NOT-occupied_pqubit p7) (NOT-occupied_pqubit p8) (NOT-initialized p7) (NOT-initialized p8)
apply_cnot_l2_l3_i6 p8 p6 :: cost: 1
    add: (NOT-rcnot l2_l3_i6) (mapped l3 p6) (mapped l2 p8)
    del: (rcnot l2_l3_i6) (NOT-occupied_pqubit p6) (NOT-occupied_pqubit p8) (NOT-initialized p6) (NOT-initialized p8)
apply_cnot_l2_l3_i6 p8 p7 :: cost: 1
    add: (NOT-rcnot l2_l3_i6) (mapped l2 p8) (mapped l3 p7)
    del: (rcnot l2_l3_i6) (NOT-occupied_pqubit p7) (NOT-occupied_pqubit p8) (NOT-initialized p7) (NOT-initialized p8)
apply_cnot_l2_l3_i6 p8 p9 :: cost: 1
    add: (NOT-rcnot l2_l3_i6) (mapped l3 p9) (mapped l2 p8)
    del: (rcnot l2_l3_i6) (NOT-occupied_pqubit p8) (NOT-occupied_pqubit p9) (NOT-initialized p8) (NOT-initialized p9)
apply_cnot_l2_l3_i6 p9 p5 :: cost: 1
    add: (NOT-rcnot l2_l3_i6) (mapped l3 p5) (mapped l2 p9)
    del: (rcnot l2_l3_i6) (NOT-occupied_pqubit p5) (NOT-occupied_pqubit p9) (NOT-initialized p5) (NOT-initialized p9)
apply_cnot_l2_l3_i6 p9 p8 :: cost: 1
    add: (NOT-rcnot l2_l3_i6) (mapped l3 p8) (mapped l2 p9)
    del: (rcnot l2_l3_i6) (NOT-occupied_pqubit p8) (NOT-occupied_pqubit p9) (NOT-initialized p8) (NOT-initialized p9)
apply_cnot_l2_l3_i6 p9 p10 :: cost: 1
    add: (NOT-rcnot l2_l3_i6) (mapped l3 p10) (mapped l2 p9)
    del: (rcnot l2_l3_i6) (NOT-occupied_pqubit p9) (NOT-occupied_pqubit p10) (NOT-initialized p9) (NOT-initialized p10)
apply_cnot_l2_l3_i6 p10 p4 :: cost: 1
    add: (NOT-rcnot l2_l3_i6) (mapped l3 p4) (mapped l2 p10)
    del: (rcnot l2_l3_i6) (NOT-occupied_pqubit p4) (NOT-occupied_pqubit p10) (NOT-initialized p4) (NOT-initialized p10)
apply_cnot_l2_l3_i6 p10 p9 :: cost: 1
    add: (NOT-rcnot l2_l3_i6) (mapped l3 p9) (mapped l2 p10)
    del: (rcnot l2_l3_i6) (NOT-occupied_pqubit p9) (NOT-occupied_pqubit p10) (NOT-initialized p9) (NOT-initialized p10)
apply_cnot_l2_l3_i6 p10 p11 :: cost: 1
    add: (NOT-rcnot l2_l3_i6) (mapped l3 p11) (mapped l2 p10)
    del: (rcnot l2_l3_i6) (NOT-occupied_pqubit p10) (NOT-occupied_pqubit p11) (NOT-initialized p10) (NOT-initialized p11)
apply_cnot_l2_l3_i6 p11 p3 :: cost: 1
    add: (NOT-rcnot l2_l3_i6) (mapped l3 p3) (mapped l2 p11)
    del: (rcnot l2_l3_i6) (NOT-occupied_pqubit p3) (NOT-occupied_pqubit p11) (NOT-initialized p3) (NOT-initialized p11)
apply_cnot_l2_l3_i6 p11 p10 :: cost: 1
    add: (NOT-rcnot l2_l3_i6) (mapped l3 p10) (mapped l2 p11)
    del: (rcnot l2_l3_i6) (NOT-occupied_pqubit p10) (NOT-occupied_pqubit p11) (NOT-initialized p10) (NOT-initialized p11)
apply_cnot_l2_l3_i6 p11 p12 :: cost: 1
    add: (NOT-rcnot l2_l3_i6) (mapped l3 p12) (mapped l2 p11)
    del: (rcnot l2_l3_i6) (NOT-occupied_pqubit p11) (NOT-occupied_pqubit p12) (NOT-initialized p11) (NOT-initialized p12)
apply_cnot_l2_l3_i6 p12 p2 :: cost: 1
    add: (NOT-rcnot l2_l3_i6) (mapped l3 p2) (mapped l2 p12)
    del: (rcnot l2_l3_i6) (NOT-occupied_pqubit p2) (NOT-occupied_pqubit p12) (NOT-initialized p2) (NOT-initialized p12)
apply_cnot_l2_l3_i6 p12 p11 :: cost: 1
    add: (NOT-rcnot l2_l3_i6) (mapped l3 p11) (mapped l2 p12)
    del: (rcnot l2_l3_i6) (NOT-occupied_pqubit p11) (NOT-occupied_pqubit p12) (NOT-initialized p11) (NOT-initialized p12)
apply_cnot_l2_l3_i6 p12 p13 :: cost: 1
    add: (NOT-rcnot l2_l3_i6) (mapped l3 p13) (mapped l2 p12)
    del: (rcnot l2_l3_i6) (NOT-occupied_pqubit p12) (NOT-occupied_pqubit p13) (NOT-initialized p12) (NOT-initialized p13)
apply_cnot_l2_l3_i6 p13 p1 :: cost: 1
    add: (mapped l3 p1) (NOT-rcnot l2_l3_i6) (mapped l2 p13)
    del: (rcnot l2_l3_i6) (NOT-occupied_pqubit p1) (NOT-occupied_pqubit p13) (NOT-initialized p1) (NOT-initialized p13)
apply_cnot_l2_l3_i6 p13 p12 :: cost: 1
    add: (NOT-rcnot l2_l3_i6) (mapped l3 p12) (mapped l2 p13)
    del: (rcnot l2_l3_i6) (NOT-occupied_pqubit p12) (NOT-occupied_pqubit p13) (NOT-initialized p12) (NOT-initialized p13)
Step 1 (rcnot l2_l3_i6) (rcnot l2_l3_i9) (rcnot l1_l2_i10) (rcnot l3_l0_i11) (rcnot l0_l1_i12) (rcnot l0_l1_i15) (rcnot l2_l3_i16) (rcnot l2_l3_i19) (rcnot l3_l0_i21) (NOT-occupied_pqubit p2) (NOT-occupied_pqubit p3) (NOT-occupied_pqubit p4) (NOT-occupied_pqubit p5) (NOT-occupied_pqubit p6) (NOT-occupied_pqubit p7) (NOT-occupied_pqubit p8) (NOT-occupied_pqubit p9) (NOT-occupied_pqubit p10) (NOT-occupied_pqubit p11) (NOT-occupied_pqubit p12) (NOT-occupied_pqubit p13) (NOT-initialized p2) (NOT-initialized p3) (NOT-initialized p4) (NOT-initialized p5) (NOT-initialized p6) (NOT-initialized p7) (NOT-initialized p8) (NOT-initialized p9) (NOT-initialized p10) (NOT-initialized p11) (NOT-initialized p12) (NOT-initialized p13) (mapped l0 p0) (mapped l1 p1) (NOT-rcnot l0_l1_i4)
size: 34
swap l0 l1 p0 p1 :: cost: 1
    add: (mapped l0 p1) (mapped l1 p0)
    del: (mapped l0 p0) (mapped l1 p1)
swap l1 l0 p1 p0 :: cost: 1
    add: (mapped l0 p1) (mapped l1 p0)
    del: (mapped l0 p0) (mapped l1 p1)
swap-ancilary l1 p1 p2 :: cost: 1
    add: (NOT-occupied_pqubit p1) (mapped l1 p2)
    del: (NOT-occupied_pqubit p2) (NOT-initialized p2) (mapped l1 p1)
swap-ancilary l1 p1 p13 :: cost: 1
    add: (NOT-occupied_pqubit p1) (mapped l1 p13)
    del: (NOT-occupied_pqubit p13) (NOT-initialized p13) (mapped l1 p1)
apply_cnot_l2_l3_i6 p2 p3 :: cost: 1
    add: (NOT-rcnot l2_l3_i6) (mapped l2 p2) (mapped l3 p3)
    del: (rcnot l2_l3_i6) (NOT-occupied_pqubit p2) (NOT-occupied_pqubit p3) (NOT-initialized p2) (NOT-initialized p3)
apply_cnot_l2_l3_i6 p2 p12 :: cost: 1
    add: (NOT-rcnot l2_l3_i6) (mapped l2 p2) (mapped l3 p12)
    del: (rcnot l2_l3_i6) (NOT-occupied_pqubit p2) (NOT-occupied_pqubit p12) (NOT-initialized p2) (NOT-initialized p12)
apply_cnot_l2_l3_i6 p3 p2 :: cost: 1
    add: (NOT-rcnot l2_l3_i6) (mapped l3 p2) (mapped l2 p3)
    del: (rcnot l2_l3_i6) (NOT-occupied_pqubit p2) (NOT-occupied_pqubit p3) (NOT-initialized p2) (NOT-initialized p3)
apply_cnot_l2_l3_i6 p3 p4 :: cost: 1
    add: (NOT-rcnot l2_l3_i6) (mapped l2 p3) (mapped l3 p4)
    del: (rcnot l2_l3_i6) (NOT-occupied_pqubit p3) (NOT-occupied_pqubit p4) (NOT-initialized p3) (NOT-initialized p4)
apply_cnot_l2_l3_i6 p3 p11 :: cost: 1
    add: (NOT-rcnot l2_l3_i6) (mapped l2 p3) (mapped l3 p11)
    del: (rcnot l2_l3_i6) (NOT-occupied_pqubit p3) (NOT-occupied_pqubit p11) (NOT-initialized p3) (NOT-initialized p11)
apply_cnot_l2_l3_i6 p4 p3 :: cost: 1
    add: (NOT-rcnot l2_l3_i6) (mapped l3 p3) (mapped l2 p4)
    del: (rcnot l2_l3_i6) (NOT-occupied_pqubit p3) (NOT-occupied_pqubit p4) (NOT-initialized p3) (NOT-initialized p4)
apply_cnot_l2_l3_i6 p4 p5 :: cost: 1
    add: (NOT-rcnot l2_l3_i6) (mapped l2 p4) (mapped l3 p5)
    del: (rcnot l2_l3_i6) (NOT-occupied_pqubit p4) (NOT-occupied_pqubit p5) (NOT-initialized p4) (NOT-initialized p5)
apply_cnot_l2_l3_i6 p4 p10 :: cost: 1
    add: (NOT-rcnot l2_l3_i6) (mapped l2 p4) (mapped l3 p10)
    del: (rcnot l2_l3_i6) (NOT-occupied_pqubit p4) (NOT-occupied_pqubit p10) (NOT-initialized p4) (NOT-initialized p10)
apply_cnot_l2_l3_i6 p5 p4 :: cost: 1
    add: (NOT-rcnot l2_l3_i6) (mapped l3 p4) (mapped l2 p5)
    del: (rcnot l2_l3_i6) (NOT-occupied_pqubit p4) (NOT-occupied_pqubit p5) (NOT-initialized p4) (NOT-initialized p5)
apply_cnot_l2_l3_i6 p5 p6 :: cost: 1
    add: (NOT-rcnot l2_l3_i6) (mapped l2 p5) (mapped l3 p6)
    del: (rcnot l2_l3_i6) (NOT-occupied_pqubit p5) (NOT-occupied_pqubit p6) (NOT-initialized p5) (NOT-initialized p6)
apply_cnot_l2_l3_i6 p5 p9 :: cost: 1
    add: (NOT-rcnot l2_l3_i6) (mapped l2 p5) (mapped l3 p9)
    del: (rcnot l2_l3_i6) (NOT-occupied_pqubit p5) (NOT-occupied_pqubit p9) (NOT-initialized p5) (NOT-initialized p9)
apply_cnot_l2_l3_i6 p6 p5 :: cost: 1
    add: (NOT-rcnot l2_l3_i6) (mapped l3 p5) (mapped l2 p6)
    del: (rcnot l2_l3_i6) (NOT-occupied_pqubit p5) (NOT-occupied_pqubit p6) (NOT-initialized p5) (NOT-initialized p6)
apply_cnot_l2_l3_i6 p6 p8 :: cost: 1
    add: (NOT-rcnot l2_l3_i6) (mapped l2 p6) (mapped l3 p8)
    del: (rcnot l2_l3_i6) (NOT-occupied_pqubit p6) (NOT-occupied_pqubit p8) (NOT-initialized p6) (NOT-initialized p8)
apply_cnot_l2_l3_i6 p7 p8 :: cost: 1
    add: (NOT-rcnot l2_l3_i6) (mapped l3 p8) (mapped l2 p7)
    del: (rcnot l2_l3_i6) (NOT-occupied_pqubit p7) (NOT-occupied_pqubit p8) (NOT-initialized p7) (NOT-initialized p8)
apply_cnot_l2_l3_i6 p8 p6 :: cost: 1
    add: (NOT-rcnot l2_l3_i6) (mapped l3 p6) (mapped l2 p8)
    del: (rcnot l2_l3_i6) (NOT-occupied_pqubit p6) (NOT-occupied_pqubit p8) (NOT-initialized p6) (NOT-initialized p8)
apply_cnot_l2_l3_i6 p8 p7 :: cost: 1
    add: (NOT-rcnot l2_l3_i6) (mapped l2 p8) (mapped l3 p7)
    del: (rcnot l2_l3_i6) (NOT-occupied_pqubit p7) (NOT-occupied_pqubit p8) (NOT-initialized p7) (NOT-initialized p8)
apply_cnot_l2_l3_i6 p8 p9 :: cost: 1
    add: (NOT-rcnot l2_l3_i6) (mapped l3 p9) (mapped l2 p8)
    del: (rcnot l2_l3_i6) (NOT-occupied_pqubit p8) (NOT-occupied_pqubit p9) (NOT-initialized p8) (NOT-initialized p9)
apply_cnot_l2_l3_i6 p9 p5 :: cost: 1
    add: (NOT-rcnot l2_l3_i6) (mapped l3 p5) (mapped l2 p9)
    del: (rcnot l2_l3_i6) (NOT-occupied_pqubit p5) (NOT-occupied_pqubit p9) (NOT-initialized p5) (NOT-initialized p9)
apply_cnot_l2_l3_i6 p9 p8 :: cost: 1
    add: (NOT-rcnot l2_l3_i6) (mapped l3 p8) (mapped l2 p9)
    del: (rcnot l2_l3_i6) (NOT-occupied_pqubit p8) (NOT-occupied_pqubit p9) (NOT-initialized p8) (NOT-initialized p9)
apply_cnot_l2_l3_i6 p9 p10 :: cost: 1
    add: (NOT-rcnot l2_l3_i6) (mapped l3 p10) (mapped l2 p9)
    del: (rcnot l2_l3_i6) (NOT-occupied_pqubit p9) (NOT-occupied_pqubit p10) (NOT-initialized p9) (NOT-initialized p10)
apply_cnot_l2_l3_i6 p10 p4 :: cost: 1
    add: (NOT-rcnot l2_l3_i6) (mapped l3 p4) (mapped l2 p10)
    del: (rcnot l2_l3_i6) (NOT-occupied_pqubit p4) (NOT-occupied_pqubit p10) (NOT-initialized p4) (NOT-initialized p10)
apply_cnot_l2_l3_i6 p10 p9 :: cost: 1
    add: (NOT-rcnot l2_l3_i6) (mapped l3 p9) (mapped l2 p10)
    del: (rcnot l2_l3_i6) (NOT-occupied_pqubit p9) (NOT-occupied_pqubit p10) (NOT-initialized p9) (NOT-initialized p10)
apply_cnot_l2_l3_i6 p10 p11 :: cost: 1
    add: (NOT-rcnot l2_l3_i6) (mapped l3 p11) (mapped l2 p10)
    del: (rcnot l2_l3_i6) (NOT-occupied_pqubit p10) (NOT-occupied_pqubit p11) (NOT-initialized p10) (NOT-initialized p11)
apply_cnot_l2_l3_i6 p11 p3 :: cost: 1
    add: (NOT-rcnot l2_l3_i6) (mapped l3 p3) (mapped l2 p11)
    del: (rcnot l2_l3_i6) (NOT-occupied_pqubit p3) (NOT-occupied_pqubit p11) (NOT-initialized p3) (NOT-initialized p11)
apply_cnot_l2_l3_i6 p11 p10 :: cost: 1
    add: (NOT-rcnot l2_l3_i6) (mapped l3 p10) (mapped l2 p11)
    del: (rcnot l2_l3_i6) (NOT-occupied_pqubit p10) (NOT-occupied_pqubit p11) (NOT-initialized p10) (NOT-initialized p11)
apply_cnot_l2_l3_i6 p11 p12 :: cost: 1
    add: (NOT-rcnot l2_l3_i6) (mapped l3 p12) (mapped l2 p11)
    del: (rcnot l2_l3_i6) (NOT-occupied_pqubit p11) (NOT-occupied_pqubit p12) (NOT-initialized p11) (NOT-initialized p12)
apply_cnot_l2_l3_i6 p12 p2 :: cost: 1
    add: (NOT-rcnot l2_l3_i6) (mapped l3 p2) (mapped l2 p12)
    del: (rcnot l2_l3_i6) (NOT-occupied_pqubit p2) (NOT-occupied_pqubit p12) (NOT-initialized p2) (NOT-initialized p12)
apply_cnot_l2_l3_i6 p12 p11 :: cost: 1
    add: (NOT-rcnot l2_l3_i6) (mapped l3 p11) (mapped l2 p12)
    del: (rcnot l2_l3_i6) (NOT-occupied_pqubit p11) (NOT-occupied_pqubit p12) (NOT-initialized p11) (NOT-initialized p12)
apply_cnot_l2_l3_i6 p12 p13 :: cost: 1
    add: (NOT-rcnot l2_l3_i6) (mapped l3 p13) (mapped l2 p12)
    del: (rcnot l2_l3_i6) (NOT-occupied_pqubit p12) (NOT-occupied_pqubit p13) (NOT-initialized p12) (NOT-initialized p13)
apply_cnot_l2_l3_i6 p13 p12 :: cost: 1
    add: (NOT-rcnot l2_l3_i6) (mapped l3 p12) (mapped l2 p13)
    del: (rcnot l2_l3_i6) (NOT-occupied_pqubit p12) (NOT-occupied_pqubit p13) (NOT-initialized p12) (NOT-initialized p13)
Step 2 (rcnot l2_l3_i6) (rcnot l2_l3_i9) (rcnot l1_l2_i10) (rcnot l3_l0_i11) (rcnot l0_l1_i12) (rcnot l0_l1_i15) (rcnot l2_l3_i16) (rcnot l2_l3_i19) (rcnot l3_l0_i21) (NOT-occupied_pqubit p2) (NOT-occupied_pqubit p3) (NOT-occupied_pqubit p4) (NOT-occupied_pqubit p5) (NOT-occupied_pqubit p6) (NOT-occupied_pqubit p7) (NOT-occupied_pqubit p8) (NOT-occupied_pqubit p9) (NOT-occupied_pqubit p10) (NOT-occupied_pqubit p11) (NOT-occupied_pqubit p12) (NOT-occupied_pqubit p13) (NOT-initialized p2) (NOT-initialized p3) (NOT-initialized p4) (NOT-initialized p5) (NOT-initialized p6) (NOT-initialized p7) (NOT-initialized p8) (NOT-initialized p9) (NOT-initialized p10) (NOT-initialized p11) (NOT-initialized p12) (NOT-initialized p13) (NOT-rcnot l0_l1_i4) (mapped l0 p1) (mapped l1 p0)
size: 34
swap l0 l1 p1 p0 :: cost: 1
    add: (mapped l0 p0) (mapped l1 p1)
    del: (mapped l0 p1) (mapped l1 p0)
swap l1 l0 p0 p1 :: cost: 1
    add: (mapped l0 p0) (mapped l1 p1)
    del: (mapped l0 p1) (mapped l1 p0)
swap-ancilary l0 p1 p2 :: cost: 1
    add: (NOT-occupied_pqubit p1) (mapped l0 p2)
    del: (NOT-occupied_pqubit p2) (NOT-initialized p2) (mapped l0 p1)
swap-ancilary l0 p1 p13 :: cost: 1
    add: (NOT-occupied_pqubit p1) (mapped l0 p13)
    del: (NOT-occupied_pqubit p13) (NOT-initialized p13) (mapped l0 p1)
apply_cnot_l2_l3_i6 p2 p3 :: cost: 1
    add: (NOT-rcnot l2_l3_i6) (mapped l2 p2) (mapped l3 p3)
    del: (rcnot l2_l3_i6) (NOT-occupied_pqubit p2) (NOT-occupied_pqubit p3) (NOT-initialized p2) (NOT-initialized p3)
apply_cnot_l2_l3_i6 p2 p12 :: cost: 1
    add: (NOT-rcnot l2_l3_i6) (mapped l2 p2) (mapped l3 p12)
    del: (rcnot l2_l3_i6) (NOT-occupied_pqubit p2) (NOT-occupied_pqubit p12) (NOT-initialized p2) (NOT-initialized p12)
apply_cnot_l2_l3_i6 p3 p2 :: cost: 1
    add: (NOT-rcnot l2_l3_i6) (mapped l3 p2) (mapped l2 p3)
    del: (rcnot l2_l3_i6) (NOT-occupied_pqubit p2) (NOT-occupied_pqubit p3) (NOT-initialized p2) (NOT-initialized p3)
apply_cnot_l2_l3_i6 p3 p4 :: cost: 1
    add: (NOT-rcnot l2_l3_i6) (mapped l2 p3) (mapped l3 p4)
    del: (rcnot l2_l3_i6) (NOT-occupied_pqubit p3) (NOT-occupied_pqubit p4) (NOT-initialized p3) (NOT-initialized p4)
apply_cnot_l2_l3_i6 p3 p11 :: cost: 1
    add: (NOT-rcnot l2_l3_i6) (mapped l2 p3) (mapped l3 p11)
    del: (rcnot l2_l3_i6) (NOT-occupied_pqubit p3) (NOT-occupied_pqubit p11) (NOT-initialized p3) (NOT-initialized p11)
apply_cnot_l2_l3_i6 p4 p3 :: cost: 1
    add: (NOT-rcnot l2_l3_i6) (mapped l3 p3) (mapped l2 p4)
    del: (rcnot l2_l3_i6) (NOT-occupied_pqubit p3) (NOT-occupied_pqubit p4) (NOT-initialized p3) (NOT-initialized p4)
apply_cnot_l2_l3_i6 p4 p5 :: cost: 1
    add: (NOT-rcnot l2_l3_i6) (mapped l2 p4) (mapped l3 p5)
    del: (rcnot l2_l3_i6) (NOT-occupied_pqubit p4) (NOT-occupied_pqubit p5) (NOT-initialized p4) (NOT-initialized p5)
apply_cnot_l2_l3_i6 p4 p10 :: cost: 1
    add: (NOT-rcnot l2_l3_i6) (mapped l2 p4) (mapped l3 p10)
    del: (rcnot l2_l3_i6) (NOT-occupied_pqubit p4) (NOT-occupied_pqubit p10) (NOT-initialized p4) (NOT-initialized p10)
apply_cnot_l2_l3_i6 p5 p4 :: cost: 1
    add: (NOT-rcnot l2_l3_i6) (mapped l3 p4) (mapped l2 p5)
    del: (rcnot l2_l3_i6) (NOT-occupied_pqubit p4) (NOT-occupied_pqubit p5) (NOT-initialized p4) (NOT-initialized p5)
apply_cnot_l2_l3_i6 p5 p6 :: cost: 1
    add: (NOT-rcnot l2_l3_i6) (mapped l2 p5) (mapped l3 p6)
    del: (rcnot l2_l3_i6) (NOT-occupied_pqubit p5) (NOT-occupied_pqubit p6) (NOT-initialized p5) (NOT-initialized p6)
apply_cnot_l2_l3_i6 p5 p9 :: cost: 1
    add: (NOT-rcnot l2_l3_i6) (mapped l2 p5) (mapped l3 p9)
    del: (rcnot l2_l3_i6) (NOT-occupied_pqubit p5) (NOT-occupied_pqubit p9) (NOT-initialized p5) (NOT-initialized p9)
apply_cnot_l2_l3_i6 p6 p5 :: cost: 1
    add: (NOT-rcnot l2_l3_i6) (mapped l3 p5) (mapped l2 p6)
    del: (rcnot l2_l3_i6) (NOT-occupied_pqubit p5) (NOT-occupied_pqubit p6) (NOT-initialized p5) (NOT-initialized p6)
apply_cnot_l2_l3_i6 p6 p8 :: cost: 1
    add: (NOT-rcnot l2_l3_i6) (mapped l2 p6) (mapped l3 p8)
    del: (rcnot l2_l3_i6) (NOT-occupied_pqubit p6) (NOT-occupied_pqubit p8) (NOT-initialized p6) (NOT-initialized p8)
apply_cnot_l2_l3_i6 p7 p8 :: cost: 1
    add: (NOT-rcnot l2_l3_i6) (mapped l3 p8) (mapped l2 p7)
    del: (rcnot l2_l3_i6) (NOT-occupied_pqubit p7) (NOT-occupied_pqubit p8) (NOT-initialized p7) (NOT-initialized p8)
apply_cnot_l2_l3_i6 p8 p6 :: cost: 1
    add: (NOT-rcnot l2_l3_i6) (mapped l3 p6) (mapped l2 p8)
    del: (rcnot l2_l3_i6) (NOT-occupied_pqubit p6) (NOT-occupied_pqubit p8) (NOT-initialized p6) (NOT-initialized p8)
apply_cnot_l2_l3_i6 p8 p7 :: cost: 1
    add: (NOT-rcnot l2_l3_i6) (mapped l2 p8) (mapped l3 p7)
    del: (rcnot l2_l3_i6) (NOT-occupied_pqubit p7) (NOT-occupied_pqubit p8) (NOT-initialized p7) (NOT-initialized p8)
apply_cnot_l2_l3_i6 p8 p9 :: cost: 1
    add: (NOT-rcnot l2_l3_i6) (mapped l3 p9) (mapped l2 p8)
    del: (rcnot l2_l3_i6) (NOT-occupied_pqubit p8) (NOT-occupied_pqubit p9) (NOT-initialized p8) (NOT-initialized p9)
apply_cnot_l2_l3_i6 p9 p5 :: cost: 1
    add: (NOT-rcnot l2_l3_i6) (mapped l3 p5) (mapped l2 p9)
    del: (rcnot l2_l3_i6) (NOT-occupied_pqubit p5) (NOT-occupied_pqubit p9) (NOT-initialized p5) (NOT-initialized p9)
apply_cnot_l2_l3_i6 p9 p8 :: cost: 1
    add: (NOT-rcnot l2_l3_i6) (mapped l3 p8) (mapped l2 p9)
    del: (rcnot l2_l3_i6) (NOT-occupied_pqubit p8) (NOT-occupied_pqubit p9) (NOT-initialized p8) (NOT-initialized p9)
apply_cnot_l2_l3_i6 p9 p10 :: cost: 1
    add: (NOT-rcnot l2_l3_i6) (mapped l3 p10) (mapped l2 p9)
    del: (rcnot l2_l3_i6) (NOT-occupied_pqubit p9) (NOT-occupied_pqubit p10) (NOT-initialized p9) (NOT-initialized p10)
apply_cnot_l2_l3_i6 p10 p4 :: cost: 1
    add: (NOT-rcnot l2_l3_i6) (mapped l3 p4) (mapped l2 p10)
    del: (rcnot l2_l3_i6) (NOT-occupied_pqubit p4) (NOT-occupied_pqubit p10) (NOT-initialized p4) (NOT-initialized p10)
apply_cnot_l2_l3_i6 p10 p9 :: cost: 1
    add: (NOT-rcnot l2_l3_i6) (mapped l3 p9) (mapped l2 p10)
    del: (rcnot l2_l3_i6) (NOT-occupied_pqubit p9) (NOT-occupied_pqubit p10) (NOT-initialized p9) (NOT-initialized p10)
apply_cnot_l2_l3_i6 p10 p11 :: cost: 1
    add: (NOT-rcnot l2_l3_i6) (mapped l3 p11) (mapped l2 p10)
    del: (rcnot l2_l3_i6) (NOT-occupied_pqubit p10) (NOT-occupied_pqubit p11) (NOT-initialized p10) (NOT-initialized p11)
apply_cnot_l2_l3_i6 p11 p3 :: cost: 1
    add: (NOT-rcnot l2_l3_i6) (mapped l3 p3) (mapped l2 p11)
    del: (rcnot l2_l3_i6) (NOT-occupied_pqubit p3) (NOT-occupied_pqubit p11) (NOT-initialized p3) (NOT-initialized p11)
apply_cnot_l2_l3_i6 p11 p10 :: cost: 1
    add: (NOT-rcnot l2_l3_i6) (mapped l3 p10) (mapped l2 p11)
    del: (rcnot l2_l3_i6) (NOT-occupied_pqubit p10) (NOT-occupied_pqubit p11) (NOT-initialized p10) (NOT-initialized p11)
apply_cnot_l2_l3_i6 p11 p12 :: cost: 1
    add: (NOT-rcnot l2_l3_i6) (mapped l3 p12) (mapped l2 p11)
    del: (rcnot l2_l3_i6) (NOT-occupied_pqubit p11) (NOT-occupied_pqubit p12) (NOT-initialized p11) (NOT-initialized p12)
apply_cnot_l2_l3_i6 p12 p2 :: cost: 1
    add: (NOT-rcnot l2_l3_i6) (mapped l3 p2) (mapped l2 p12)
    del: (rcnot l2_l3_i6) (NOT-occupied_pqubit p2) (NOT-occupied_pqubit p12) (NOT-initialized p2) (NOT-initialized p12)
apply_cnot_l2_l3_i6 p12 p11 :: cost: 1
    add: (NOT-rcnot l2_l3_i6) (mapped l3 p11) (mapped l2 p12)
    del: (rcnot l2_l3_i6) (NOT-occupied_pqubit p11) (NOT-occupied_pqubit p12) (NOT-initialized p11) (NOT-initialized p12)
apply_cnot_l2_l3_i6 p12 p13 :: cost: 1
    add: (NOT-rcnot l2_l3_i6) (mapped l3 p13) (mapped l2 p12)
    del: (rcnot l2_l3_i6) (NOT-occupied_pqubit p12) (NOT-occupied_pqubit p13) (NOT-initialized p12) (NOT-initialized p13)
apply_cnot_l2_l3_i6 p13 p12 :: cost: 1
    add: (NOT-rcnot l2_l3_i6) (mapped l3 p12) (mapped l2 p13)
    del: (rcnot l2_l3_i6) (NOT-occupied_pqubit p12) (NOT-occupied_pqubit p13) (NOT-initialized p12) (NOT-initialized p13)
Step 3 (rcnot l2_l3_i6) (rcnot l2_l3_i9) (rcnot l1_l2_i10) (rcnot l3_l0_i11) (rcnot l0_l1_i12) (rcnot l0_l1_i15) (rcnot l2_l3_i16) (rcnot l2_l3_i19) (rcnot l3_l0_i21) (NOT-occupied_pqubit p1) (NOT-occupied_pqubit p3) (NOT-occupied_pqubit p4) (NOT-occupied_pqubit p5) (NOT-occupied_pqubit p6) (NOT-occupied_pqubit p7) (NOT-occupied_pqubit p8) (NOT-occupied_pqubit p9) (NOT-occupied_pqubit p10) (NOT-occupied_pqubit p11) (NOT-occupied_pqubit p12) (NOT-occupied_pqubit p13) (NOT-initialized p3) (NOT-initialized p4) (NOT-initialized p5) (NOT-initialized p6) (NOT-initialized p7) (NOT-initialized p8) (NOT-initialized p9) (NOT-initialized p10) (NOT-initialized p11) (NOT-initialized p12) (NOT-initialized p13) (NOT-rcnot l0_l1_i4) (mapped l1 p0) (mapped l0 p2)
size: 30
swap-ancilary l0 p2 p1 :: cost: 1
    add: (NOT-occupied_pqubit p2) (mapped l0 p1)
    del: (NOT-occupied_pqubit p1) (mapped l0 p2)
swap-ancilary l0 p2 p3 :: cost: 1
    add: (NOT-occupied_pqubit p2) (mapped l0 p3)
    del: (NOT-occupied_pqubit p3) (NOT-initialized p3) (mapped l0 p2)
swap-ancilary l0 p2 p12 :: cost: 1
    add: (NOT-occupied_pqubit p2) (mapped l0 p12)
    del: (NOT-occupied_pqubit p12) (NOT-initialized p12) (mapped l0 p2)
swap-ancilary l1 p0 p1 :: cost: 1
    add: (NOT-occupied_pqubit p0) (mapped l1 p1)
    del: (NOT-occupied_pqubit p1) (mapped l1 p0)
apply_cnot_l2_l3_i6 p3 p4 :: cost: 1
    add: (NOT-rcnot l2_l3_i6) (mapped l2 p3) (mapped l3 p4)
    del: (rcnot l2_l3_i6) (NOT-occupied_pqubit p3) (NOT-occupied_pqubit p4) (NOT-initialized p3) (NOT-initialized p4)
apply_cnot_l2_l3_i6 p3 p11 :: cost: 1
    add: (NOT-rcnot l2_l3_i6) (mapped l2 p3) (mapped l3 p11)
    del: (rcnot l2_l3_i6) (NOT-occupied_pqubit p3) (NOT-occupied_pqubit p11) (NOT-initialized p3) (NOT-initialized p11)
apply_cnot_l2_l3_i6 p4 p3 :: cost: 1
    add: (NOT-rcnot l2_l3_i6) (mapped l3 p3) (mapped l2 p4)
    del: (rcnot l2_l3_i6) (NOT-occupied_pqubit p3) (NOT-occupied_pqubit p4) (NOT-initialized p3) (NOT-initialized p4)
apply_cnot_l2_l3_i6 p4 p5 :: cost: 1
    add: (NOT-rcnot l2_l3_i6) (mapped l2 p4) (mapped l3 p5)
    del: (rcnot l2_l3_i6) (NOT-occupied_pqubit p4) (NOT-occupied_pqubit p5) (NOT-initialized p4) (NOT-initialized p5)
apply_cnot_l2_l3_i6 p4 p10 :: cost: 1
    add: (NOT-rcnot l2_l3_i6) (mapped l2 p4) (mapped l3 p10)
    del: (rcnot l2_l3_i6) (NOT-occupied_pqubit p4) (NOT-occupied_pqubit p10) (NOT-initialized p4) (NOT-initialized p10)
apply_cnot_l2_l3_i6 p5 p4 :: cost: 1
    add: (NOT-rcnot l2_l3_i6) (mapped l3 p4) (mapped l2 p5)
    del: (rcnot l2_l3_i6) (NOT-occupied_pqubit p4) (NOT-occupied_pqubit p5) (NOT-initialized p4) (NOT-initialized p5)
apply_cnot_l2_l3_i6 p5 p6 :: cost: 1
    add: (NOT-rcnot l2_l3_i6) (mapped l2 p5) (mapped l3 p6)
    del: (rcnot l2_l3_i6) (NOT-occupied_pqubit p5) (NOT-occupied_pqubit p6) (NOT-initialized p5) (NOT-initialized p6)
apply_cnot_l2_l3_i6 p5 p9 :: cost: 1
    add: (NOT-rcnot l2_l3_i6) (mapped l2 p5) (mapped l3 p9)
    del: (rcnot l2_l3_i6) (NOT-occupied_pqubit p5) (NOT-occupied_pqubit p9) (NOT-initialized p5) (NOT-initialized p9)
apply_cnot_l2_l3_i6 p6 p5 :: cost: 1
    add: (NOT-rcnot l2_l3_i6) (mapped l3 p5) (mapped l2 p6)
    del: (rcnot l2_l3_i6) (NOT-occupied_pqubit p5) (NOT-occupied_pqubit p6) (NOT-initialized p5) (NOT-initialized p6)
apply_cnot_l2_l3_i6 p6 p8 :: cost: 1
    add: (NOT-rcnot l2_l3_i6) (mapped l2 p6) (mapped l3 p8)
    del: (rcnot l2_l3_i6) (NOT-occupied_pqubit p6) (NOT-occupied_pqubit p8) (NOT-initialized p6) (NOT-initialized p8)
apply_cnot_l2_l3_i6 p7 p8 :: cost: 1
    add: (NOT-rcnot l2_l3_i6) (mapped l3 p8) (mapped l2 p7)
    del: (rcnot l2_l3_i6) (NOT-occupied_pqubit p7) (NOT-occupied_pqubit p8) (NOT-initialized p7) (NOT-initialized p8)
apply_cnot_l2_l3_i6 p8 p6 :: cost: 1
    add: (NOT-rcnot l2_l3_i6) (mapped l3 p6) (mapped l2 p8)
    del: (rcnot l2_l3_i6) (NOT-occupied_pqubit p6) (NOT-occupied_pqubit p8) (NOT-initialized p6) (NOT-initialized p8)
apply_cnot_l2_l3_i6 p8 p7 :: cost: 1
    add: (NOT-rcnot l2_l3_i6) (mapped l2 p8) (mapped l3 p7)
    del: (rcnot l2_l3_i6) (NOT-occupied_pqubit p7) (NOT-occupied_pqubit p8) (NOT-initialized p7) (NOT-initialized p8)
apply_cnot_l2_l3_i6 p8 p9 :: cost: 1
    add: (NOT-rcnot l2_l3_i6) (mapped l3 p9) (mapped l2 p8)
    del: (rcnot l2_l3_i6) (NOT-occupied_pqubit p8) (NOT-occupied_pqubit p9) (NOT-initialized p8) (NOT-initialized p9)
apply_cnot_l2_l3_i6 p9 p5 :: cost: 1
    add: (NOT-rcnot l2_l3_i6) (mapped l3 p5) (mapped l2 p9)
    del: (rcnot l2_l3_i6) (NOT-occupied_pqubit p5) (NOT-occupied_pqubit p9) (NOT-initialized p5) (NOT-initialized p9)
apply_cnot_l2_l3_i6 p9 p8 :: cost: 1
    add: (NOT-rcnot l2_l3_i6) (mapped l3 p8) (mapped l2 p9)
    del: (rcnot l2_l3_i6) (NOT-occupied_pqubit p8) (NOT-occupied_pqubit p9) (NOT-initialized p8) (NOT-initialized p9)
apply_cnot_l2_l3_i6 p9 p10 :: cost: 1
    add: (NOT-rcnot l2_l3_i6) (mapped l3 p10) (mapped l2 p9)
    del: (rcnot l2_l3_i6) (NOT-occupied_pqubit p9) (NOT-occupied_pqubit p10) (NOT-initialized p9) (NOT-initialized p10)
apply_cnot_l2_l3_i6 p10 p4 :: cost: 1
    add: (NOT-rcnot l2_l3_i6) (mapped l3 p4) (mapped l2 p10)
    del: (rcnot l2_l3_i6) (NOT-occupied_pqubit p4) (NOT-occupied_pqubit p10) (NOT-initialized p4) (NOT-initialized p10)
apply_cnot_l2_l3_i6 p10 p9 :: cost: 1
    add: (NOT-rcnot l2_l3_i6) (mapped l3 p9) (mapped l2 p10)
    del: (rcnot l2_l3_i6) (NOT-occupied_pqubit p9) (NOT-occupied_pqubit p10) (NOT-initialized p9) (NOT-initialized p10)
apply_cnot_l2_l3_i6 p10 p11 :: cost: 1
    add: (NOT-rcnot l2_l3_i6) (mapped l3 p11) (mapped l2 p10)
    del: (rcnot l2_l3_i6) (NOT-occupied_pqubit p10) (NOT-occupied_pqubit p11) (NOT-initialized p10) (NOT-initialized p11)
apply_cnot_l2_l3_i6 p11 p3 :: cost: 1
    add: (NOT-rcnot l2_l3_i6) (mapped l3 p3) (mapped l2 p11)
    del: (rcnot l2_l3_i6) (NOT-occupied_pqubit p3) (NOT-occupied_pqubit p11) (NOT-initialized p3) (NOT-initialized p11)
apply_cnot_l2_l3_i6 p11 p10 :: cost: 1
    add: (NOT-rcnot l2_l3_i6) (mapped l3 p10) (mapped l2 p11)
    del: (rcnot l2_l3_i6) (NOT-occupied_pqubit p10) (NOT-occupied_pqubit p11) (NOT-initialized p10) (NOT-initialized p11)
apply_cnot_l2_l3_i6 p11 p12 :: cost: 1
    add: (NOT-rcnot l2_l3_i6) (mapped l3 p12) (mapped l2 p11)
    del: (rcnot l2_l3_i6) (NOT-occupied_pqubit p11) (NOT-occupied_pqubit p12) (NOT-initialized p11) (NOT-initialized p12)
apply_cnot_l2_l3_i6 p12 p11 :: cost: 1
    add: (NOT-rcnot l2_l3_i6) (mapped l3 p11) (mapped l2 p12)
    del: (rcnot l2_l3_i6) (NOT-occupied_pqubit p11) (NOT-occupied_pqubit p12) (NOT-initialized p11) (NOT-initialized p12)
apply_cnot_l2_l3_i6 p12 p13 :: cost: 1
    add: (NOT-rcnot l2_l3_i6) (mapped l3 p13) (mapped l2 p12)
    del: (rcnot l2_l3_i6) (NOT-occupied_pqubit p12) (NOT-occupied_pqubit p13) (NOT-initialized p12) (NOT-initialized p13)
apply_cnot_l2_l3_i6 p13 p12 :: cost: 1
    add: (NOT-rcnot l2_l3_i6) (mapped l3 p12) (mapped l2 p13)
    del: (rcnot l2_l3_i6) (NOT-occupied_pqubit p12) (NOT-occupied_pqubit p13) (NOT-initialized p12) (NOT-initialized p13)
Step 4 (rcnot l2_l3_i6) (rcnot l2_l3_i9) (rcnot l1_l2_i10) (rcnot l3_l0_i11) (rcnot l0_l1_i12) (rcnot l0_l1_i15) (rcnot l2_l3_i16) (rcnot l2_l3_i19) (rcnot l3_l0_i21) (NOT-occupied_pqubit p0) (NOT-occupied_pqubit p3) (NOT-occupied_pqubit p4) (NOT-occupied_pqubit p5) (NOT-occupied_pqubit p6) (NOT-occupied_pqubit p7) (NOT-occupied_pqubit p8) (NOT-occupied_pqubit p9) (NOT-occupied_pqubit p10) (NOT-occupied_pqubit p11) (NOT-occupied_pqubit p12) (NOT-occupied_pqubit p13) (NOT-initialized p3) (NOT-initialized p4) (NOT-initialized p5) (NOT-initialized p6) (NOT-initialized p7) (NOT-initialized p8) (NOT-initialized p9) (NOT-initialized p10) (NOT-initialized p11) (NOT-initialized p12) (NOT-initialized p13) (mapped l1 p1) (NOT-rcnot l0_l1_i4) (mapped l0 p2)
size: 32
swap l0 l1 p2 p1 :: cost: 1
    add: (mapped l0 p1) (mapped l1 p2)
    del: (mapped l1 p1) (mapped l0 p2)
swap l1 l0 p1 p2 :: cost: 1
    add: (mapped l0 p1) (mapped l1 p2)
    del: (mapped l1 p1) (mapped l0 p2)
swap-ancilary l0 p2 p3 :: cost: 1
    add: (NOT-occupied_pqubit p2) (mapped l0 p3)
    del: (NOT-occupied_pqubit p3) (NOT-initialized p3) (mapped l0 p2)
swap-ancilary l0 p2 p12 :: cost: 1
    add: (NOT-occupied_pqubit p2) (mapped l0 p12)
    del: (NOT-occupied_pqubit p12) (NOT-initialized p12) (mapped l0 p2)
swap-ancilary l1 p1 p0 :: cost: 1
    add: (NOT-occupied_pqubit p1) (mapped l1 p0)
    del: (NOT-occupied_pqubit p0) (mapped l1 p1)
swap-ancilary l1 p1 p13 :: cost: 1
    add: (NOT-occupied_pqubit p1) (mapped l1 p13)
    del: (NOT-occupied_pqubit p13) (NOT-initialized p13) (mapped l1 p1)
apply_cnot_l2_l3_i6 p3 p4 :: cost: 1
    add: (NOT-rcnot l2_l3_i6) (mapped l2 p3) (mapped l3 p4)
    del: (rcnot l2_l3_i6) (NOT-occupied_pqubit p3) (NOT-occupied_pqubit p4) (NOT-initialized p3) (NOT-initialized p4)
apply_cnot_l2_l3_i6 p3 p11 :: cost: 1
    add: (NOT-rcnot l2_l3_i6) (mapped l2 p3) (mapped l3 p11)
    del: (rcnot l2_l3_i6) (NOT-occupied_pqubit p3) (NOT-occupied_pqubit p11) (NOT-initialized p3) (NOT-initialized p11)
apply_cnot_l2_l3_i6 p4 p3 :: cost: 1
    add: (NOT-rcnot l2_l3_i6) (mapped l3 p3) (mapped l2 p4)
    del: (rcnot l2_l3_i6) (NOT-occupied_pqubit p3) (NOT-occupied_pqubit p4) (NOT-initialized p3) (NOT-initialized p4)
apply_cnot_l2_l3_i6 p4 p5 :: cost: 1
    add: (NOT-rcnot l2_l3_i6) (mapped l2 p4) (mapped l3 p5)
    del: (rcnot l2_l3_i6) (NOT-occupied_pqubit p4) (NOT-occupied_pqubit p5) (NOT-initialized p4) (NOT-initialized p5)
apply_cnot_l2_l3_i6 p4 p10 :: cost: 1
    add: (NOT-rcnot l2_l3_i6) (mapped l2 p4) (mapped l3 p10)
    del: (rcnot l2_l3_i6) (NOT-occupied_pqubit p4) (NOT-occupied_pqubit p10) (NOT-initialized p4) (NOT-initialized p10)
apply_cnot_l2_l3_i6 p5 p4 :: cost: 1
    add: (NOT-rcnot l2_l3_i6) (mapped l3 p4) (mapped l2 p5)
    del: (rcnot l2_l3_i6) (NOT-occupied_pqubit p4) (NOT-occupied_pqubit p5) (NOT-initialized p4) (NOT-initialized p5)
apply_cnot_l2_l3_i6 p5 p6 :: cost: 1
    add: (NOT-rcnot l2_l3_i6) (mapped l2 p5) (mapped l3 p6)
    del: (rcnot l2_l3_i6) (NOT-occupied_pqubit p5) (NOT-occupied_pqubit p6) (NOT-initialized p5) (NOT-initialized p6)
apply_cnot_l2_l3_i6 p5 p9 :: cost: 1
    add: (NOT-rcnot l2_l3_i6) (mapped l2 p5) (mapped l3 p9)
    del: (rcnot l2_l3_i6) (NOT-occupied_pqubit p5) (NOT-occupied_pqubit p9) (NOT-initialized p5) (NOT-initialized p9)
apply_cnot_l2_l3_i6 p6 p5 :: cost: 1
    add: (NOT-rcnot l2_l3_i6) (mapped l3 p5) (mapped l2 p6)
    del: (rcnot l2_l3_i6) (NOT-occupied_pqubit p5) (NOT-occupied_pqubit p6) (NOT-initialized p5) (NOT-initialized p6)
apply_cnot_l2_l3_i6 p6 p8 :: cost: 1
    add: (NOT-rcnot l2_l3_i6) (mapped l2 p6) (mapped l3 p8)
    del: (rcnot l2_l3_i6) (NOT-occupied_pqubit p6) (NOT-occupied_pqubit p8) (NOT-initialized p6) (NOT-initialized p8)
apply_cnot_l2_l3_i6 p7 p8 :: cost: 1
    add: (NOT-rcnot l2_l3_i6) (mapped l3 p8) (mapped l2 p7)
    del: (rcnot l2_l3_i6) (NOT-occupied_pqubit p7) (NOT-occupied_pqubit p8) (NOT-initialized p7) (NOT-initialized p8)
apply_cnot_l2_l3_i6 p8 p6 :: cost: 1
    add: (NOT-rcnot l2_l3_i6) (mapped l3 p6) (mapped l2 p8)
    del: (rcnot l2_l3_i6) (NOT-occupied_pqubit p6) (NOT-occupied_pqubit p8) (NOT-initialized p6) (NOT-initialized p8)
apply_cnot_l2_l3_i6 p8 p7 :: cost: 1
    add: (NOT-rcnot l2_l3_i6) (mapped l2 p8) (mapped l3 p7)
    del: (rcnot l2_l3_i6) (NOT-occupied_pqubit p7) (NOT-occupied_pqubit p8) (NOT-initialized p7) (NOT-initialized p8)
apply_cnot_l2_l3_i6 p8 p9 :: cost: 1
    add: (NOT-rcnot l2_l3_i6) (mapped l3 p9) (mapped l2 p8)
    del: (rcnot l2_l3_i6) (NOT-occupied_pqubit p8) (NOT-occupied_pqubit p9) (NOT-initialized p8) (NOT-initialized p9)
apply_cnot_l2_l3_i6 p9 p5 :: cost: 1
    add: (NOT-rcnot l2_l3_i6) (mapped l3 p5) (mapped l2 p9)
    del: (rcnot l2_l3_i6) (NOT-occupied_pqubit p5) (NOT-occupied_pqubit p9) (NOT-initialized p5) (NOT-initialized p9)
apply_cnot_l2_l3_i6 p9 p8 :: cost: 1
    add: (NOT-rcnot l2_l3_i6) (mapped l3 p8) (mapped l2 p9)
    del: (rcnot l2_l3_i6) (NOT-occupied_pqubit p8) (NOT-occupied_pqubit p9) (NOT-initialized p8) (NOT-initialized p9)
apply_cnot_l2_l3_i6 p9 p10 :: cost: 1
    add: (NOT-rcnot l2_l3_i6) (mapped l3 p10) (mapped l2 p9)
    del: (rcnot l2_l3_i6) (NOT-occupied_pqubit p9) (NOT-occupied_pqubit p10) (NOT-initialized p9) (NOT-initialized p10)
apply_cnot_l2_l3_i6 p10 p4 :: cost: 1
    add: (NOT-rcnot l2_l3_i6) (mapped l3 p4) (mapped l2 p10)
    del: (rcnot l2_l3_i6) (NOT-occupied_pqubit p4) (NOT-occupied_pqubit p10) (NOT-initialized p4) (NOT-initialized p10)
apply_cnot_l2_l3_i6 p10 p9 :: cost: 1
    add: (NOT-rcnot l2_l3_i6) (mapped l3 p9) (mapped l2 p10)
    del: (rcnot l2_l3_i6) (NOT-occupied_pqubit p9) (NOT-occupied_pqubit p10) (NOT-initialized p9) (NOT-initialized p10)
apply_cnot_l2_l3_i6 p10 p11 :: cost: 1
    add: (NOT-rcnot l2_l3_i6) (mapped l3 p11) (mapped l2 p10)
    del: (rcnot l2_l3_i6) (NOT-occupied_pqubit p10) (NOT-occupied_pqubit p11) (NOT-initialized p10) (NOT-initialized p11)
apply_cnot_l2_l3_i6 p11 p3 :: cost: 1
    add: (NOT-rcnot l2_l3_i6) (mapped l3 p3) (mapped l2 p11)
    del: (rcnot l2_l3_i6) (NOT-occupied_pqubit p3) (NOT-occupied_pqubit p11) (NOT-initialized p3) (NOT-initialized p11)
apply_cnot_l2_l3_i6 p11 p10 :: cost: 1
    add: (NOT-rcnot l2_l3_i6) (mapped l3 p10) (mapped l2 p11)
    del: (rcnot l2_l3_i6) (NOT-occupied_pqubit p10) (NOT-occupied_pqubit p11) (NOT-initialized p10) (NOT-initialized p11)
apply_cnot_l2_l3_i6 p11 p12 :: cost: 1
    add: (NOT-rcnot l2_l3_i6) (mapped l3 p12) (mapped l2 p11)
    del: (rcnot l2_l3_i6) (NOT-occupied_pqubit p11) (NOT-occupied_pqubit p12) (NOT-initialized p11) (NOT-initialized p12)
apply_cnot_l2_l3_i6 p12 p11 :: cost: 1
    add: (NOT-rcnot l2_l3_i6) (mapped l3 p11) (mapped l2 p12)
    del: (rcnot l2_l3_i6) (NOT-occupied_pqubit p11) (NOT-occupied_pqubit p12) (NOT-initialized p11) (NOT-initialized p12)
apply_cnot_l2_l3_i6 p12 p13 :: cost: 1
    add: (NOT-rcnot l2_l3_i6) (mapped l3 p13) (mapped l2 p12)
    del: (rcnot l2_l3_i6) (NOT-occupied_pqubit p12) (NOT-occupied_pqubit p13) (NOT-initialized p12) (NOT-initialized p13)
apply_cnot_l2_l3_i6 p13 p12 :: cost: 1
    add: (NOT-rcnot l2_l3_i6) (mapped l3 p12) (mapped l2 p13)
    del: (rcnot l2_l3_i6) (NOT-occupied_pqubit p12) (NOT-occupied_pqubit p13) (NOT-initialized p12) (NOT-initialized p13)
Step 5 (rcnot l2_l3_i6) (rcnot l2_l3_i9) (rcnot l1_l2_i10) (rcnot l3_l0_i11) (rcnot l0_l1_i12) (rcnot l0_l1_i15) (rcnot l2_l3_i16) (rcnot l2_l3_i19) (rcnot l3_l0_i21) (NOT-occupied_pqubit p1) (NOT-occupied_pqubit p3) (NOT-occupied_pqubit p4) (NOT-occupied_pqubit p5) (NOT-occupied_pqubit p6) (NOT-occupied_pqubit p7) (NOT-occupied_pqubit p8) (NOT-occupied_pqubit p9) (NOT-occupied_pqubit p10) (NOT-occupied_pqubit p11) (NOT-occupied_pqubit p12) (NOT-occupied_pqubit p13) (NOT-initialized p3) (NOT-initialized p4) (NOT-initialized p5) (NOT-initialized p6) (NOT-initialized p7) (NOT-initialized p8) (NOT-initialized p9) (NOT-initialized p10) (NOT-initialized p11) (NOT-initialized p12) (NOT-initialized p13) (NOT-rcnot l0_l1_i4) (mapped l1 p0) (mapped l0 p2)
size: 30
swap-ancilary l0 p2 p1 :: cost: 1
    add: (NOT-occupied_pqubit p2) (mapped l0 p1)
    del: (NOT-occupied_pqubit p1) (mapped l0 p2)
swap-ancilary l0 p2 p3 :: cost: 1
    add: (NOT-occupied_pqubit p2) (mapped l0 p3)
    del: (NOT-occupied_pqubit p3) (NOT-initialized p3) (mapped l0 p2)
swap-ancilary l0 p2 p12 :: cost: 1
    add: (NOT-occupied_pqubit p2) (mapped l0 p12)
    del: (NOT-occupied_pqubit p12) (NOT-initialized p12) (mapped l0 p2)
swap-ancilary l1 p0 p1 :: cost: 1
    add: (NOT-occupied_pqubit p0) (mapped l1 p1)
    del: (NOT-occupied_pqubit p1) (mapped l1 p0)
apply_cnot_l2_l3_i6 p3 p4 :: cost: 1
    add: (NOT-rcnot l2_l3_i6) (mapped l2 p3) (mapped l3 p4)
    del: (rcnot l2_l3_i6) (NOT-occupied_pqubit p3) (NOT-occupied_pqubit p4) (NOT-initialized p3) (NOT-initialized p4)
apply_cnot_l2_l3_i6 p3 p11 :: cost: 1
    add: (NOT-rcnot l2_l3_i6) (mapped l2 p3) (mapped l3 p11)
    del: (rcnot l2_l3_i6) (NOT-occupied_pqubit p3) (NOT-occupied_pqubit p11) (NOT-initialized p3) (NOT-initialized p11)
apply_cnot_l2_l3_i6 p4 p3 :: cost: 1
    add: (NOT-rcnot l2_l3_i6) (mapped l3 p3) (mapped l2 p4)
    del: (rcnot l2_l3_i6) (NOT-occupied_pqubit p3) (NOT-occupied_pqubit p4) (NOT-initialized p3) (NOT-initialized p4)
apply_cnot_l2_l3_i6 p4 p5 :: cost: 1
    add: (NOT-rcnot l2_l3_i6) (mapped l2 p4) (mapped l3 p5)
    del: (rcnot l2_l3_i6) (NOT-occupied_pqubit p4) (NOT-occupied_pqubit p5) (NOT-initialized p4) (NOT-initialized p5)
apply_cnot_l2_l3_i6 p4 p10 :: cost: 1
    add: (NOT-rcnot l2_l3_i6) (mapped l2 p4) (mapped l3 p10)
    del: (rcnot l2_l3_i6) (NOT-occupied_pqubit p4) (NOT-occupied_pqubit p10) (NOT-initialized p4) (NOT-initialized p10)
apply_cnot_l2_l3_i6 p5 p4 :: cost: 1
    add: (NOT-rcnot l2_l3_i6) (mapped l3 p4) (mapped l2 p5)
    del: (rcnot l2_l3_i6) (NOT-occupied_pqubit p4) (NOT-occupied_pqubit p5) (NOT-initialized p4) (NOT-initialized p5)
apply_cnot_l2_l3_i6 p5 p6 :: cost: 1
    add: (NOT-rcnot l2_l3_i6) (mapped l2 p5) (mapped l3 p6)
    del: (rcnot l2_l3_i6) (NOT-occupied_pqubit p5) (NOT-occupied_pqubit p6) (NOT-initialized p5) (NOT-initialized p6)
apply_cnot_l2_l3_i6 p5 p9 :: cost: 1
    add: (NOT-rcnot l2_l3_i6) (mapped l2 p5) (mapped l3 p9)
    del: (rcnot l2_l3_i6) (NOT-occupied_pqubit p5) (NOT-occupied_pqubit p9) (NOT-initialized p5) (NOT-initialized p9)
apply_cnot_l2_l3_i6 p6 p5 :: cost: 1
    add: (NOT-rcnot l2_l3_i6) (mapped l3 p5) (mapped l2 p6)
    del: (rcnot l2_l3_i6) (NOT-occupied_pqubit p5) (NOT-occupied_pqubit p6) (NOT-initialized p5) (NOT-initialized p6)
apply_cnot_l2_l3_i6 p6 p8 :: cost: 1
    add: (NOT-rcnot l2_l3_i6) (mapped l2 p6) (mapped l3 p8)
    del: (rcnot l2_l3_i6) (NOT-occupied_pqubit p6) (NOT-occupied_pqubit p8) (NOT-initialized p6) (NOT-initialized p8)
apply_cnot_l2_l3_i6 p7 p8 :: cost: 1
    add: (NOT-rcnot l2_l3_i6) (mapped l3 p8) (mapped l2 p7)
    del: (rcnot l2_l3_i6) (NOT-occupied_pqubit p7) (NOT-occupied_pqubit p8) (NOT-initialized p7) (NOT-initialized p8)
apply_cnot_l2_l3_i6 p8 p6 :: cost: 1
    add: (NOT-rcnot l2_l3_i6) (mapped l3 p6) (mapped l2 p8)
    del: (rcnot l2_l3_i6) (NOT-occupied_pqubit p6) (NOT-occupied_pqubit p8) (NOT-initialized p6) (NOT-initialized p8)
apply_cnot_l2_l3_i6 p8 p7 :: cost: 1
    add: (NOT-rcnot l2_l3_i6) (mapped l2 p8) (mapped l3 p7)
    del: (rcnot l2_l3_i6) (NOT-occupied_pqubit p7) (NOT-occupied_pqubit p8) (NOT-initialized p7) (NOT-initialized p8)
apply_cnot_l2_l3_i6 p8 p9 :: cost: 1
    add: (NOT-rcnot l2_l3_i6) (mapped l3 p9) (mapped l2 p8)
    del: (rcnot l2_l3_i6) (NOT-occupied_pqubit p8) (NOT-occupied_pqubit p9) (NOT-initialized p8) (NOT-initialized p9)
apply_cnot_l2_l3_i6 p9 p5 :: cost: 1
    add: (NOT-rcnot l2_l3_i6) (mapped l3 p5) (mapped l2 p9)
    del: (rcnot l2_l3_i6) (NOT-occupied_pqubit p5) (NOT-occupied_pqubit p9) (NOT-initialized p5) (NOT-initialized p9)
apply_cnot_l2_l3_i6 p9 p8 :: cost: 1
    add: (NOT-rcnot l2_l3_i6) (mapped l3 p8) (mapped l2 p9)
    del: (rcnot l2_l3_i6) (NOT-occupied_pqubit p8) (NOT-occupied_pqubit p9) (NOT-initialized p8) (NOT-initialized p9)
apply_cnot_l2_l3_i6 p9 p10 :: cost: 1
    add: (NOT-rcnot l2_l3_i6) (mapped l3 p10) (mapped l2 p9)
    del: (rcnot l2_l3_i6) (NOT-occupied_pqubit p9) (NOT-occupied_pqubit p10) (NOT-initialized p9) (NOT-initialized p10)
apply_cnot_l2_l3_i6 p10 p4 :: cost: 1
    add: (NOT-rcnot l2_l3_i6) (mapped l3 p4) (mapped l2 p10)
    del: (rcnot l2_l3_i6) (NOT-occupied_pqubit p4) (NOT-occupied_pqubit p10) (NOT-initialized p4) (NOT-initialized p10)
apply_cnot_l2_l3_i6 p10 p9 :: cost: 1
    add: (NOT-rcnot l2_l3_i6) (mapped l3 p9) (mapped l2 p10)
    del: (rcnot l2_l3_i6) (NOT-occupied_pqubit p9) (NOT-occupied_pqubit p10) (NOT-initialized p9) (NOT-initialized p10)
apply_cnot_l2_l3_i6 p10 p11 :: cost: 1
    add: (NOT-rcnot l2_l3_i6) (mapped l3 p11) (mapped l2 p10)
    del: (rcnot l2_l3_i6) (NOT-occupied_pqubit p10) (NOT-occupied_pqubit p11) (NOT-initialized p10) (NOT-initialized p11)
apply_cnot_l2_l3_i6 p11 p3 :: cost: 1
    add: (NOT-rcnot l2_l3_i6) (mapped l3 p3) (mapped l2 p11)
    del: (rcnot l2_l3_i6) (NOT-occupied_pqubit p3) (NOT-occupied_pqubit p11) (NOT-initialized p3) (NOT-initialized p11)
apply_cnot_l2_l3_i6 p11 p10 :: cost: 1
    add: (NOT-rcnot l2_l3_i6) (mapped l3 p10) (mapped l2 p11)
    del: (rcnot l2_l3_i6) (NOT-occupied_pqubit p10) (NOT-occupied_pqubit p11) (NOT-initialized p10) (NOT-initialized p11)
apply_cnot_l2_l3_i6 p11 p12 :: cost: 1
    add: (NOT-rcnot l2_l3_i6) (mapped l3 p12) (mapped l2 p11)
    del: (rcnot l2_l3_i6) (NOT-occupied_pqubit p11) (NOT-occupied_pqubit p12) (NOT-initialized p11) (NOT-initialized p12)
apply_cnot_l2_l3_i6 p12 p11 :: cost: 1
    add: (NOT-rcnot l2_l3_i6) (mapped l3 p11) (mapped l2 p12)
    del: (rcnot l2_l3_i6) (NOT-occupied_pqubit p11) (NOT-occupied_pqubit p12) (NOT-initialized p11) (NOT-initialized p12)
apply_cnot_l2_l3_i6 p12 p13 :: cost: 1
    add: (NOT-rcnot l2_l3_i6) (mapped l3 p13) (mapped l2 p12)
    del: (rcnot l2_l3_i6) (NOT-occupied_pqubit p12) (NOT-occupied_pqubit p13) (NOT-initialized p12) (NOT-initialized p13)
apply_cnot_l2_l3_i6 p13 p12 :: cost: 1
    add: (NOT-rcnot l2_l3_i6) (mapped l3 p12) (mapped l2 p13)
    del: (rcnot l2_l3_i6) (NOT-occupied_pqubit p12) (NOT-occupied_pqubit p13) (NOT-initialized p12) (NOT-initialized p13)
Step 6 (rcnot l2_l3_i9) (rcnot l1_l2_i10) (rcnot l3_l0_i11) (rcnot l0_l1_i12) (rcnot l0_l1_i15) (rcnot l2_l3_i16) (rcnot l2_l3_i19) (rcnot l3_l0_i21) (NOT-occupied_pqubit p1) (NOT-occupied_pqubit p4) (NOT-occupied_pqubit p5) (NOT-occupied_pqubit p6) (NOT-occupied_pqubit p7) (NOT-occupied_pqubit p8) (NOT-occupied_pqubit p9) (NOT-occupied_pqubit p10) (NOT-occupied_pqubit p12) (NOT-occupied_pqubit p13) (NOT-initialized p4) (NOT-initialized p5) (NOT-initialized p6) (NOT-initialized p7) (NOT-initialized p8) (NOT-initialized p9) (NOT-initialized p10) (NOT-initialized p12) (NOT-initialized p13) (NOT-rcnot l0_l1_i4) (mapped l1 p0) (mapped l0 p2) (NOT-rcnot l2_l3_i6) (mapped l2 p3) (mapped l3 p11)
size: 11
swap l0 l2 p2 p3 :: cost: 1
    add: (mapped l0 p3) (mapped l2 p2)
    del: (mapped l0 p2) (mapped l2 p3)
swap l2 l0 p3 p2 :: cost: 1
    add: (mapped l0 p3) (mapped l2 p2)
    del: (mapped l0 p2) (mapped l2 p3)
swap l2 l3 p3 p11 :: cost: 1
    add: (mapped l3 p3) (mapped l2 p11)
    del: (mapped l2 p3) (mapped l3 p11)
swap l3 l2 p11 p3 :: cost: 1
    add: (mapped l3 p3) (mapped l2 p11)
    del: (mapped l2 p3) (mapped l3 p11)
swap-ancilary l0 p2 p1 :: cost: 1
    add: (NOT-occupied_pqubit p2) (mapped l0 p1)
    del: (NOT-occupied_pqubit p1) (mapped l0 p2)
swap-ancilary l0 p2 p12 :: cost: 1
    add: (NOT-occupied_pqubit p2) (mapped l0 p12)
    del: (NOT-occupied_pqubit p12) (NOT-initialized p12) (mapped l0 p2)
swap-ancilary l1 p0 p1 :: cost: 1
    add: (NOT-occupied_pqubit p0) (mapped l1 p1)
    del: (NOT-occupied_pqubit p1) (mapped l1 p0)
swap-ancilary l2 p3 p4 :: cost: 1
    add: (NOT-occupied_pqubit p3) (mapped l2 p4)
    del: (NOT-occupied_pqubit p4) (NOT-initialized p4) (mapped l2 p3)
swap-ancilary l3 p11 p10 :: cost: 1
    add: (NOT-occupied_pqubit p11) (mapped l3 p10)
    del: (NOT-occupied_pqubit p10) (NOT-initialized p10) (mapped l3 p11)
swap-ancilary l3 p11 p12 :: cost: 1
    add: (NOT-occupied_pqubit p11) (mapped l3 p12)
    del: (NOT-occupied_pqubit p12) (NOT-initialized p12) (mapped l3 p11)
apply_cnot_l2_l3_i9 p3 p11 :: cost: 1
    add: (NOT-rcnot l2_l3_i9)
    del: (rcnot l2_l3_i9)
Step 7 (rcnot l2_l3_i9) (rcnot l1_l2_i10) (rcnot l3_l0_i11) (rcnot l0_l1_i12) (rcnot l0_l1_i15) (rcnot l2_l3_i16) (rcnot l2_l3_i19) (rcnot l3_l0_i21) (NOT-occupied_pqubit p0) (NOT-occupied_pqubit p4) (NOT-occupied_pqubit p5) (NOT-occupied_pqubit p6) (NOT-occupied_pqubit p7) (NOT-occupied_pqubit p8) (NOT-occupied_pqubit p9) (NOT-occupied_pqubit p10) (NOT-occupied_pqubit p12) (NOT-occupied_pqubit p13) (NOT-initialized p4) (NOT-initialized p5) (NOT-initialized p6) (NOT-initialized p7) (NOT-initialized p8) (NOT-initialized p9) (NOT-initialized p10) (NOT-initialized p12) (NOT-initialized p13) (mapped l1 p1) (NOT-rcnot l0_l1_i4) (mapped l0 p2) (NOT-rcnot l2_l3_i6) (mapped l2 p3) (mapped l3 p11)
size: 13
swap l0 l1 p2 p1 :: cost: 1
    add: (mapped l0 p1) (mapped l1 p2)
    del: (mapped l1 p1) (mapped l0 p2)
swap l0 l2 p2 p3 :: cost: 1
    add: (mapped l0 p3) (mapped l2 p2)
    del: (mapped l0 p2) (mapped l2 p3)
swap l1 l0 p1 p2 :: cost: 1
    add: (mapped l0 p1) (mapped l1 p2)
    del: (mapped l1 p1) (mapped l0 p2)
swap l2 l0 p3 p2 :: cost: 1
    add: (mapped l0 p3) (mapped l2 p2)
    del: (mapped l0 p2) (mapped l2 p3)
swap l2 l3 p3 p11 :: cost: 1
    add: (mapped l3 p3) (mapped l2 p11)
    del: (mapped l2 p3) (mapped l3 p11)
swap l3 l2 p11 p3 :: cost: 1
    add: (mapped l3 p3) (mapped l2 p11)
    del: (mapped l2 p3) (mapped l3 p11)
swap-ancilary l0 p2 p12 :: cost: 1
    add: (NOT-occupied_pqubit p2) (mapped l0 p12)
    del: (NOT-occupied_pqubit p12) (NOT-initialized p12) (mapped l0 p2)
swap-ancilary l1 p1 p0 :: cost: 1
    add: (NOT-occupied_pqubit p1) (mapped l1 p0)
    del: (NOT-occupied_pqubit p0) (mapped l1 p1)
swap-ancilary l1 p1 p13 :: cost: 1
    add: (NOT-occupied_pqubit p1) (mapped l1 p13)
    del: (NOT-occupied_pqubit p13) (NOT-initialized p13) (mapped l1 p1)
swap-ancilary l2 p3 p4 :: cost: 1
    add: (NOT-occupied_pqubit p3) (mapped l2 p4)
    del: (NOT-occupied_pqubit p4) (NOT-initialized p4) (mapped l2 p3)
swap-ancilary l3 p11 p10 :: cost: 1
    add: (NOT-occupied_pqubit p11) (mapped l3 p10)
    del: (NOT-occupied_pqubit p10) (NOT-initialized p10) (mapped l3 p11)
swap-ancilary l3 p11 p12 :: cost: 1
    add: (NOT-occupied_pqubit p11) (mapped l3 p12)
    del: (NOT-occupied_pqubit p12) (NOT-initialized p12) (mapped l3 p11)
apply_cnot_l2_l3_i9 p3 p11 :: cost: 1
    add: (NOT-rcnot l2_l3_i9)
    del: (rcnot l2_l3_i9)
Step 8 (rcnot l2_l3_i9) (rcnot l1_l2_i10) (rcnot l3_l0_i11) (rcnot l0_l1_i12) (rcnot l0_l1_i15) (rcnot l2_l3_i16) (rcnot l2_l3_i19) (rcnot l3_l0_i21) (NOT-occupied_pqubit p1) (NOT-occupied_pqubit p4) (NOT-occupied_pqubit p5) (NOT-occupied_pqubit p6) (NOT-occupied_pqubit p7) (NOT-occupied_pqubit p8) (NOT-occupied_pqubit p9) (NOT-occupied_pqubit p10) (NOT-occupied_pqubit p12) (NOT-occupied_pqubit p13) (NOT-initialized p4) (NOT-initialized p5) (NOT-initialized p6) (NOT-initialized p7) (NOT-initialized p8) (NOT-initialized p9) (NOT-initialized p10) (NOT-initialized p12) (NOT-initialized p13) (NOT-rcnot l0_l1_i4) (mapped l1 p0) (mapped l0 p2) (NOT-rcnot l2_l3_i6) (mapped l2 p3) (mapped l3 p11)
size: 11
swap l0 l2 p2 p3 :: cost: 1
    add: (mapped l0 p3) (mapped l2 p2)
    del: (mapped l0 p2) (mapped l2 p3)
swap l2 l0 p3 p2 :: cost: 1
    add: (mapped l0 p3) (mapped l2 p2)
    del: (mapped l0 p2) (mapped l2 p3)
swap l2 l3 p3 p11 :: cost: 1
    add: (mapped l3 p3) (mapped l2 p11)
    del: (mapped l2 p3) (mapped l3 p11)
swap l3 l2 p11 p3 :: cost: 1
    add: (mapped l3 p3) (mapped l2 p11)
    del: (mapped l2 p3) (mapped l3 p11)
swap-ancilary l0 p2 p1 :: cost: 1
    add: (NOT-occupied_pqubit p2) (mapped l0 p1)
    del: (NOT-occupied_pqubit p1) (mapped l0 p2)
swap-ancilary l0 p2 p12 :: cost: 1
    add: (NOT-occupied_pqubit p2) (mapped l0 p12)
    del: (NOT-occupied_pqubit p12) (NOT-initialized p12) (mapped l0 p2)
swap-ancilary l1 p0 p1 :: cost: 1
    add: (NOT-occupied_pqubit p0) (mapped l1 p1)
    del: (NOT-occupied_pqubit p1) (mapped l1 p0)
swap-ancilary l2 p3 p4 :: cost: 1
    add: (NOT-occupied_pqubit p3) (mapped l2 p4)
    del: (NOT-occupied_pqubit p4) (NOT-initialized p4) (mapped l2 p3)
swap-ancilary l3 p11 p10 :: cost: 1
    add: (NOT-occupied_pqubit p11) (mapped l3 p10)
    del: (NOT-occupied_pqubit p10) (NOT-initialized p10) (mapped l3 p11)
swap-ancilary l3 p11 p12 :: cost: 1
    add: (NOT-occupied_pqubit p11) (mapped l3 p12)
    del: (NOT-occupied_pqubit p12) (NOT-initialized p12) (mapped l3 p11)
apply_cnot_l2_l3_i9 p3 p11 :: cost: 1
    add: (NOT-rcnot l2_l3_i9)
    del: (rcnot l2_l3_i9)
Step 9 (rcnot l2_l3_i9) (rcnot l1_l2_i10) (rcnot l3_l0_i11) (rcnot l0_l1_i12) (rcnot l0_l1_i15) (rcnot l2_l3_i16) (rcnot l2_l3_i19) (rcnot l3_l0_i21) (NOT-occupied_pqubit p1) (NOT-occupied_pqubit p4) (NOT-occupied_pqubit p5) (NOT-occupied_pqubit p6) (NOT-occupied_pqubit p7) (NOT-occupied_pqubit p8) (NOT-occupied_pqubit p9) (NOT-occupied_pqubit p11) (NOT-occupied_pqubit p12) (NOT-occupied_pqubit p13) (NOT-initialized p4) (NOT-initialized p5) (NOT-initialized p6) (NOT-initialized p7) (NOT-initialized p8) (NOT-initialized p9) (NOT-initialized p12) (NOT-initialized p13) (NOT-rcnot l0_l1_i4) (mapped l1 p0) (mapped l0 p2) (NOT-rcnot l2_l3_i6) (mapped l2 p3) (mapped l3 p10)
size: 10
swap l0 l2 p2 p3 :: cost: 1
    add: (mapped l0 p3) (mapped l2 p2)
    del: (mapped l0 p2) (mapped l2 p3)
swap l2 l0 p3 p2 :: cost: 1
    add: (mapped l0 p3) (mapped l2 p2)
    del: (mapped l0 p2) (mapped l2 p3)
swap-ancilary l0 p2 p1 :: cost: 1
    add: (NOT-occupied_pqubit p2) (mapped l0 p1)
    del: (NOT-occupied_pqubit p1) (mapped l0 p2)
swap-ancilary l0 p2 p12 :: cost: 1
    add: (NOT-occupied_pqubit p2) (mapped l0 p12)
    del: (NOT-occupied_pqubit p12) (NOT-initialized p12) (mapped l0 p2)
swap-ancilary l1 p0 p1 :: cost: 1
    add: (NOT-occupied_pqubit p0) (mapped l1 p1)
    del: (NOT-occupied_pqubit p1) (mapped l1 p0)
swap-ancilary l2 p3 p4 :: cost: 1
    add: (NOT-occupied_pqubit p3) (mapped l2 p4)
    del: (NOT-occupied_pqubit p4) (NOT-initialized p4) (mapped l2 p3)
swap-ancilary l2 p3 p11 :: cost: 1
    add: (NOT-occupied_pqubit p3) (mapped l2 p11)
    del: (NOT-occupied_pqubit p11) (mapped l2 p3)
swap-ancilary l3 p10 p4 :: cost: 1
    add: (NOT-occupied_pqubit p10) (mapped l3 p4)
    del: (NOT-occupied_pqubit p4) (NOT-initialized p4) (mapped l3 p10)
swap-ancilary l3 p10 p9 :: cost: 1
    add: (NOT-occupied_pqubit p10) (mapped l3 p9)
    del: (NOT-occupied_pqubit p9) (NOT-initialized p9) (mapped l3 p10)
swap-ancilary l3 p10 p11 :: cost: 1
    add: (NOT-occupied_pqubit p10) (mapped l3 p11)
    del: (NOT-occupied_pqubit p11) (mapped l3 p10)
