Mutex groups: 23
 (locale pear bosnia) (locale pear surrey)
 (locale pear bosnia) (locale pork quebec)
 (harmony rest earth) (harmony rest mars) (locale pork quebec)
 (locale flounder bosnia) (locale flounder surrey) (locale lamb pennsylvania)
 (locale lamb bosnia) (locale lamb pennsylvania) (locale lamb surrey)
 (locale lamb bosnia) (locale lamb surrey) (locale pork quebec)
 (craves depression okra) (craves depression pear) (craves depression pork) (locale lamb pennsylvania)
 (harmony rest earth) (harmony rest mars) (harmony rest uranus) (harmony rest venus)
 (locale flounder alsace) (locale flounder bosnia) (locale flounder pennsylvania) (locale flounder surrey)
 (locale flounder bosnia) (locale flounder pennsylvania) (locale flounder surrey) (locale pork quebec)
 (locale pork alsace) (locale pork bosnia) (locale pork pennsylvania) (locale pork quebec) (locale pork surrey)
 (craves abrasion flounder) (craves abrasion lamb) (craves abrasion okra) (craves abrasion pear) (craves abrasion rice) (locale pork quebec)
 (craves depression lamb) (craves depression okra) (craves depression pear) (craves depression pork) (craves depression rice) (locale flounder alsace)
 (craves hangover flounder) (craves hangover lamb) (craves hangover okra) (craves hangover pear) (craves hangover pork) (locale rice bosnia)
 (craves rest flounder) (craves rest lamb) (craves rest okra) (craves rest pear) (craves rest pork) (craves rest rice)
 (craves rest flounder) (craves rest lamb) (craves rest okra) (craves rest pear) (craves rest rice) (locale pork quebec)
 (locale okra alsace) (locale okra bosnia) (locale okra guanabara) (locale okra pennsylvania) (locale okra quebec) (locale okra surrey)
 (locale okra alsace) (locale okra bosnia) (locale okra pennsylvania) (locale okra quebec) (locale okra surrey) (locale pork quebec)
 (craves abrasion flounder) (craves abrasion lamb) (craves abrasion okra) (craves abrasion pear) (craves abrasion pork) (craves abrasion rice) (fears abrasion rest)
 (craves depression flounder) (craves depression lamb) (craves depression okra) (craves depression pear) (craves depression pork) (craves depression rice) (fears depression rest)
 (craves depression lamb) (craves depression okra) (craves depression pear) (craves depression pork) (craves depression rice) (fears depression rest) (locale pork quebec)
 (craves hangover flounder) (craves hangover lamb) (craves hangover okra) (craves hangover pear) (craves hangover pork) (craves hangover rice) (fears hangover rest)
 (craves hangover flounder) (craves hangover lamb) (craves hangover okra) (craves hangover pear) (craves hangover pork) (fears hangover rest) (locale pork quebec)

