begin_version
3
end_version
begin_metric
1
end_metric
52
begin_variable
var0
-1
2
Atom locale(flounder, alsace)
<none of those>
end_variable
begin_variable
var1
-1
2
Atom locale(lamb, pennsylvania)
<none of those>
end_variable
begin_variable
var2
-1
2
Atom locale(okra, guanabara)
<none of those>
end_variable
begin_variable
var3
-1
2
Atom locale(pear, surrey)
<none of those>
end_variable
begin_variable
var4
-1
2
Atom locale(pork, quebec)
<none of those>
end_variable
begin_variable
var5
-1
2
Atom locale(rice, bosnia)
<none of those>
end_variable
begin_variable
var6
-1
2
Atom locale(flounder, pennsylvania)
<none of those>
end_variable
begin_variable
var7
-1
2
Atom locale(flounder, surrey)
<none of those>
end_variable
begin_variable
var8
-1
2
Atom locale(flounder, bosnia)
<none of those>
end_variable
begin_variable
var9
-1
2
Atom locale(lamb, surrey)
<none of those>
end_variable
begin_variable
var10
-1
2
Atom locale(lamb, bosnia)
<none of those>
end_variable
begin_variable
var11
-1
2
Atom craves(rest, flounder)
<none of those>
end_variable
begin_variable
var12
-1
2
Atom craves(rest, rice)
<none of those>
end_variable
begin_variable
var13
-1
2
Atom locale(okra, quebec)
<none of those>
end_variable
begin_variable
var14
-1
2
Atom locale(okra, alsace)
<none of those>
end_variable
begin_variable
var15
-1
2
Atom locale(okra, pennsylvania)
<none of those>
end_variable
begin_variable
var16
-1
2
Atom locale(okra, surrey)
<none of those>
end_variable
begin_variable
var17
-1
2
Atom locale(okra, bosnia)
<none of those>
end_variable
begin_variable
var18
-1
2
Atom locale(pear, bosnia)
<none of those>
end_variable
begin_variable
var19
-1
2
Atom locale(pork, alsace)
<none of those>
end_variable
begin_variable
var20
-1
2
Atom locale(pork, pennsylvania)
<none of those>
end_variable
begin_variable
var21
-1
2
Atom locale(pork, surrey)
<none of those>
end_variable
begin_variable
var22
-1
2
Atom locale(pork, bosnia)
<none of those>
end_variable
begin_variable
var23
-1
2
Atom craves(rest, lamb)
<none of those>
end_variable
begin_variable
var24
-1
2
Atom craves(rest, pear)
<none of those>
end_variable
begin_variable
var25
-1
2
Atom craves(rest, okra)
<none of those>
end_variable
begin_variable
var26
-1
2
Atom craves(rest, pork)
<none of those>
end_variable
begin_variable
var27
-1
2
Atom craves(abrasion, flounder)
<none of those>
end_variable
begin_variable
var28
-1
2
Atom craves(abrasion, lamb)
<none of those>
end_variable
begin_variable
var29
-1
2
Atom craves(abrasion, okra)
<none of those>
end_variable
begin_variable
var30
-1
2
Atom craves(abrasion, pear)
<none of those>
end_variable
begin_variable
var31
-1
2
Atom craves(abrasion, pork)
<none of those>
end_variable
begin_variable
var32
-1
2
Atom craves(depression, flounder)
<none of those>
end_variable
begin_variable
var33
-1
2
Atom craves(depression, lamb)
<none of those>
end_variable
begin_variable
var34
-1
2
Atom craves(depression, okra)
<none of those>
end_variable
begin_variable
var35
-1
2
Atom craves(depression, pear)
<none of those>
end_variable
begin_variable
var36
-1
2
Atom craves(depression, pork)
<none of those>
end_variable
begin_variable
var37
-1
2
Atom craves(depression, rice)
<none of those>
end_variable
begin_variable
var38
-1
2
Atom craves(hangover, flounder)
<none of those>
end_variable
begin_variable
var39
-1
2
Atom craves(hangover, lamb)
<none of those>
end_variable
begin_variable
var40
-1
2
Atom craves(hangover, okra)
<none of those>
end_variable
begin_variable
var41
-1
2
Atom craves(hangover, pear)
<none of those>
end_variable
begin_variable
var42
-1
2
Atom craves(hangover, pork)
<none of those>
end_variable
begin_variable
var43
-1
2
Atom craves(hangover, rice)
<none of those>
end_variable
begin_variable
var44
-1
2
Atom fears(depression, rest)
<none of those>
end_variable
begin_variable
var45
-1
2
Atom harmony(rest, mars)
<none of those>
end_variable
begin_variable
var46
-1
2
Atom fears(hangover, rest)
<none of those>
end_variable
begin_variable
var47
-1
2
Atom harmony(rest, venus)
<none of those>
end_variable
begin_variable
var48
-1
2
Atom fears(abrasion, rest)
<none of those>
end_variable
begin_variable
var49
-1
2
Atom harmony(rest, earth)
<none of those>
end_variable
begin_variable
var50
-1
2
Atom harmony(rest, uranus)
<none of those>
end_variable
begin_variable
var51
-1
2
Atom craves(abrasion, rice)
<none of those>
end_variable
0
begin_state
0
0
0
0
0
0
1
1
1
1
1
1
1
1
1
1
1
1
1
1
1
1
1
1
1
1
0
1
1
1
1
0
0
1
1
1
1
1
1
1
1
1
1
0
1
1
1
0
1
1
1
1
end_state
begin_goal
1
51 0
end_goal
151
begin_operator
feast rest flounder lamb bosnia surrey
0
4
0 7 0 1
0 8 -1 0
0 11 0 1
0 23 -1 0
1
end_operator
begin_operator
feast rest flounder lamb kentucky bosnia
0
3
0 8 0 1
0 11 0 1
0 23 -1 0
1
end_operator
begin_operator
feast rest flounder lamb pennsylvania alsace
0
4
0 0 0 1
0 6 -1 0
0 11 0 1
0 23 -1 0
1
end_operator
begin_operator
feast rest flounder lamb surrey pennsylvania
0
4
0 6 0 1
0 7 -1 0
0 11 0 1
0 23 -1 0
1
end_operator
begin_operator
feast rest flounder rice bosnia surrey
0
4
0 7 0 1
0 8 -1 0
0 11 0 1
0 12 -1 0
1
end_operator
begin_operator
feast rest flounder rice kentucky bosnia
0
3
0 8 0 1
0 11 0 1
0 12 -1 0
1
end_operator
begin_operator
feast rest flounder rice pennsylvania alsace
0
4
0 0 0 1
0 6 -1 0
0 11 0 1
0 12 -1 0
1
end_operator
begin_operator
feast rest flounder rice surrey pennsylvania
0
4
0 6 0 1
0 7 -1 0
0 11 0 1
0 12 -1 0
1
end_operator
begin_operator
feast rest lamb flounder bosnia surrey
0
4
0 9 0 1
0 10 -1 0
0 11 -1 0
0 23 0 1
1
end_operator
begin_operator
feast rest lamb flounder kentucky bosnia
0
3
0 10 0 1
0 11 -1 0
0 23 0 1
1
end_operator
begin_operator
feast rest lamb flounder surrey pennsylvania
0
4
0 1 0 1
0 9 -1 0
0 11 -1 0
0 23 0 1
1
end_operator
begin_operator
feast rest lamb pork bosnia surrey
0
4
0 9 0 1
0 10 -1 0
0 23 0 1
0 26 -1 0
1
end_operator
begin_operator
feast rest lamb pork kentucky bosnia
0
3
0 10 0 1
0 23 0 1
0 26 -1 0
1
end_operator
begin_operator
feast rest lamb pork surrey pennsylvania
0
4
0 1 0 1
0 9 -1 0
0 23 0 1
0 26 -1 0
1
end_operator
begin_operator
feast rest okra pear alsace quebec
0
4
0 13 0 1
0 14 -1 0
0 24 -1 0
0 25 0 1
1
end_operator
begin_operator
feast rest okra pear bosnia surrey
0
4
0 16 0 1
0 17 -1 0
0 24 -1 0
0 25 0 1
1
end_operator
begin_operator
feast rest okra pear kentucky bosnia
0
3
0 17 0 1
0 24 -1 0
0 25 0 1
1
end_operator
begin_operator
feast rest okra pear pennsylvania alsace
0
4
0 14 0 1
0 15 -1 0
0 24 -1 0
0 25 0 1
1
end_operator
begin_operator
feast rest okra pear quebec guanabara
0
4
0 2 0 1
0 13 -1 0
0 24 -1 0
0 25 0 1
1
end_operator
begin_operator
feast rest okra pear surrey pennsylvania
0
4
0 15 0 1
0 16 -1 0
0 24 -1 0
0 25 0 1
1
end_operator
begin_operator
feast rest okra pork alsace quebec
0
4
0 13 0 1
0 14 -1 0
0 25 0 1
0 26 -1 0
1
end_operator
begin_operator
feast rest okra pork bosnia surrey
0
4
0 16 0 1
0 17 -1 0
0 25 0 1
0 26 -1 0
1
end_operator
begin_operator
feast rest okra pork kentucky bosnia
0
3
0 17 0 1
0 25 0 1
0 26 -1 0
1
end_operator
begin_operator
feast rest okra pork pennsylvania alsace
0
4
0 14 0 1
0 15 -1 0
0 25 0 1
0 26 -1 0
1
end_operator
begin_operator
feast rest okra pork quebec guanabara
0
4
0 2 0 1
0 13 -1 0
0 25 0 1
0 26 -1 0
1
end_operator
begin_operator
feast rest okra pork surrey pennsylvania
0
4
0 15 0 1
0 16 -1 0
0 25 0 1
0 26 -1 0
1
end_operator
begin_operator
feast rest pear okra bosnia surrey
0
4
0 3 0 1
0 18 -1 0
0 24 0 1
0 25 -1 0
1
end_operator
begin_operator
feast rest pear okra kentucky bosnia
0
3
0 18 0 1
0 24 0 1
0 25 -1 0
1
end_operator
begin_operator
feast rest pear rice bosnia surrey
0
4
0 3 0 1
0 12 -1 0
0 18 -1 0
0 24 0 1
1
end_operator
begin_operator
feast rest pear rice kentucky bosnia
0
3
0 12 -1 0
0 18 0 1
0 24 0 1
1
end_operator
begin_operator
feast rest pork lamb alsace quebec
0
4
0 4 0 1
0 19 -1 0
0 23 -1 0
0 26 0 1
1
end_operator
begin_operator
feast rest pork lamb bosnia surrey
0
4
0 21 0 1
0 22 -1 0
0 23 -1 0
0 26 0 1
1
end_operator
begin_operator
feast rest pork lamb kentucky bosnia
0
3
0 22 0 1
0 23 -1 0
0 26 0 1
1
end_operator
begin_operator
feast rest pork lamb pennsylvania alsace
0
4
0 19 0 1
0 20 -1 0
0 23 -1 0
0 26 0 1
1
end_operator
begin_operator
feast rest pork lamb surrey pennsylvania
0
4
0 20 0 1
0 21 -1 0
0 23 -1 0
0 26 0 1
1
end_operator
begin_operator
feast rest pork okra alsace quebec
0
4
0 4 0 1
0 19 -1 0
0 25 -1 0
0 26 0 1
1
end_operator
begin_operator
feast rest pork okra bosnia surrey
0
4
0 21 0 1
0 22 -1 0
0 25 -1 0
0 26 0 1
1
end_operator
begin_operator
feast rest pork okra kentucky bosnia
0
3
0 22 0 1
0 25 -1 0
0 26 0 1
1
end_operator
begin_operator
feast rest pork okra pennsylvania alsace
0
4
0 19 0 1
0 20 -1 0
0 25 -1 0
0 26 0 1
1
end_operator
begin_operator
feast rest pork okra surrey pennsylvania
0
4
0 20 0 1
0 21 -1 0
0 25 -1 0
0 26 0 1
1
end_operator
begin_operator
feast rest rice flounder kentucky bosnia
0
3
0 5 0 1
0 11 -1 0
0 12 0 1
1
end_operator
begin_operator
feast rest rice pear kentucky bosnia
0
3
0 5 0 1
0 12 0 1
0 24 -1 0
1
end_operator
begin_operator
feast rest rice rice kentucky bosnia
1
12 0
1
0 5 0 1
1
end_operator
begin_operator
overcome abrasion rest flounder earth uranus
1
11 0
4
0 27 0 1
0 48 -1 0
0 49 -1 0
0 50 0 1
1
end_operator
begin_operator
overcome abrasion rest flounder mars earth
1
11 0
4
0 27 0 1
0 45 -1 0
0 48 -1 0
0 49 0 1
1
end_operator
begin_operator
overcome abrasion rest flounder uranus venus
1
11 0
4
0 27 0 1
0 47 0 1
0 48 -1 0
0 50 -1 0
1
end_operator
begin_operator
overcome abrasion rest lamb earth uranus
1
23 0
4
0 28 0 1
0 48 -1 0
0 49 -1 0
0 50 0 1
1
end_operator
begin_operator
overcome abrasion rest lamb mars earth
1
23 0
4
0 28 0 1
0 45 -1 0
0 48 -1 0
0 49 0 1
1
end_operator
begin_operator
overcome abrasion rest lamb uranus venus
1
23 0
4
0 28 0 1
0 47 0 1
0 48 -1 0
0 50 -1 0
1
end_operator
begin_operator
overcome abrasion rest okra earth uranus
1
25 0
4
0 29 0 1
0 48 -1 0
0 49 -1 0
0 50 0 1
1
end_operator
begin_operator
overcome abrasion rest okra mars earth
1
25 0
4
0 29 0 1
0 45 -1 0
0 48 -1 0
0 49 0 1
1
end_operator
begin_operator
overcome abrasion rest okra uranus venus
1
25 0
4
0 29 0 1
0 47 0 1
0 48 -1 0
0 50 -1 0
1
end_operator
begin_operator
overcome abrasion rest pear earth uranus
1
24 0
4
0 30 0 1
0 48 -1 0
0 49 -1 0
0 50 0 1
1
end_operator
begin_operator
overcome abrasion rest pear mars earth
1
24 0
4
0 30 0 1
0 45 -1 0
0 48 -1 0
0 49 0 1
1
end_operator
begin_operator
overcome abrasion rest pear uranus venus
1
24 0
4
0 30 0 1
0 47 0 1
0 48 -1 0
0 50 -1 0
1
end_operator
begin_operator
overcome abrasion rest pork earth uranus
1
26 0
4
0 31 0 1
0 48 -1 0
0 49 -1 0
0 50 0 1
1
end_operator
begin_operator
overcome abrasion rest pork mars earth
1
26 0
4
0 31 0 1
0 45 -1 0
0 48 -1 0
0 49 0 1
1
end_operator
begin_operator
overcome abrasion rest pork uranus venus
1
26 0
4
0 31 0 1
0 47 0 1
0 48 -1 0
0 50 -1 0
1
end_operator
begin_operator
overcome abrasion rest rice earth uranus
1
12 0
4
0 48 -1 0
0 49 -1 0
0 50 0 1
0 51 0 1
1
end_operator
begin_operator
overcome abrasion rest rice mars earth
1
12 0
4
0 45 -1 0
0 48 -1 0
0 49 0 1
0 51 0 1
1
end_operator
begin_operator
overcome abrasion rest rice uranus venus
1
12 0
4
0 47 0 1
0 48 -1 0
0 50 -1 0
0 51 0 1
1
end_operator
begin_operator
overcome depression rest flounder earth uranus
1
11 0
4
0 32 0 1
0 44 -1 0
0 49 -1 0
0 50 0 1
1
end_operator
begin_operator
overcome depression rest flounder mars earth
1
11 0
4
0 32 0 1
0 44 -1 0
0 45 -1 0
0 49 0 1
1
end_operator
begin_operator
overcome depression rest flounder uranus venus
1
11 0
4
0 32 0 1
0 44 -1 0
0 47 0 1
0 50 -1 0
1
end_operator
begin_operator
overcome depression rest lamb earth uranus
1
23 0
4
0 33 0 1
0 44 -1 0
0 49 -1 0
0 50 0 1
1
end_operator
begin_operator
overcome depression rest lamb mars earth
1
23 0
4
0 33 0 1
0 44 -1 0
0 45 -1 0
0 49 0 1
1
end_operator
begin_operator
overcome depression rest lamb uranus venus
1
23 0
4
0 33 0 1
0 44 -1 0
0 47 0 1
0 50 -1 0
1
end_operator
begin_operator
overcome depression rest okra earth uranus
1
25 0
4
0 34 0 1
0 44 -1 0
0 49 -1 0
0 50 0 1
1
end_operator
begin_operator
overcome depression rest okra mars earth
1
25 0
4
0 34 0 1
0 44 -1 0
0 45 -1 0
0 49 0 1
1
end_operator
begin_operator
overcome depression rest okra uranus venus
1
25 0
4
0 34 0 1
0 44 -1 0
0 47 0 1
0 50 -1 0
1
end_operator
begin_operator
overcome depression rest pear earth uranus
1
24 0
4
0 35 0 1
0 44 -1 0
0 49 -1 0
0 50 0 1
1
end_operator
begin_operator
overcome depression rest pear mars earth
1
24 0
4
0 35 0 1
0 44 -1 0
0 45 -1 0
0 49 0 1
1
end_operator
begin_operator
overcome depression rest pear uranus venus
1
24 0
4
0 35 0 1
0 44 -1 0
0 47 0 1
0 50 -1 0
1
end_operator
begin_operator
overcome depression rest pork earth uranus
1
26 0
4
0 36 0 1
0 44 -1 0
0 49 -1 0
0 50 0 1
1
end_operator
begin_operator
overcome depression rest pork mars earth
1
26 0
4
0 36 0 1
0 44 -1 0
0 45 -1 0
0 49 0 1
1
end_operator
begin_operator
overcome depression rest pork uranus venus
1
26 0
4
0 36 0 1
0 44 -1 0
0 47 0 1
0 50 -1 0
1
end_operator
begin_operator
overcome depression rest rice earth uranus
1
12 0
4
0 37 0 1
0 44 -1 0
0 49 -1 0
0 50 0 1
1
end_operator
begin_operator
overcome depression rest rice mars earth
1
12 0
4
0 37 0 1
0 44 -1 0
0 45 -1 0
0 49 0 1
1
end_operator
begin_operator
overcome depression rest rice uranus venus
1
12 0
4
0 37 0 1
0 44 -1 0
0 47 0 1
0 50 -1 0
1
end_operator
begin_operator
overcome hangover rest flounder earth uranus
1
11 0
4
0 38 0 1
0 46 -1 0
0 49 -1 0
0 50 0 1
1
end_operator
begin_operator
overcome hangover rest flounder mars earth
1
11 0
4
0 38 0 1
0 45 -1 0
0 46 -1 0
0 49 0 1
1
end_operator
begin_operator
overcome hangover rest flounder uranus venus
1
11 0
4
0 38 0 1
0 46 -1 0
0 47 0 1
0 50 -1 0
1
end_operator
begin_operator
overcome hangover rest lamb earth uranus
1
23 0
4
0 39 0 1
0 46 -1 0
0 49 -1 0
0 50 0 1
1
end_operator
begin_operator
overcome hangover rest lamb mars earth
1
23 0
4
0 39 0 1
0 45 -1 0
0 46 -1 0
0 49 0 1
1
end_operator
begin_operator
overcome hangover rest lamb uranus venus
1
23 0
4
0 39 0 1
0 46 -1 0
0 47 0 1
0 50 -1 0
1
end_operator
begin_operator
overcome hangover rest okra earth uranus
1
25 0
4
0 40 0 1
0 46 -1 0
0 49 -1 0
0 50 0 1
1
end_operator
begin_operator
overcome hangover rest okra mars earth
1
25 0
4
0 40 0 1
0 45 -1 0
0 46 -1 0
0 49 0 1
1
end_operator
begin_operator
overcome hangover rest okra uranus venus
1
25 0
4
0 40 0 1
0 46 -1 0
0 47 0 1
0 50 -1 0
1
end_operator
begin_operator
overcome hangover rest pear earth uranus
1
24 0
4
0 41 0 1
0 46 -1 0
0 49 -1 0
0 50 0 1
1
end_operator
begin_operator
overcome hangover rest pear mars earth
1
24 0
4
0 41 0 1
0 45 -1 0
0 46 -1 0
0 49 0 1
1
end_operator
begin_operator
overcome hangover rest pear uranus venus
1
24 0
4
0 41 0 1
0 46 -1 0
0 47 0 1
0 50 -1 0
1
end_operator
begin_operator
overcome hangover rest pork earth uranus
1
26 0
4
0 42 0 1
0 46 -1 0
0 49 -1 0
0 50 0 1
1
end_operator
begin_operator
overcome hangover rest pork mars earth
1
26 0
4
0 42 0 1
0 45 -1 0
0 46 -1 0
0 49 0 1
1
end_operator
begin_operator
overcome hangover rest pork uranus venus
1
26 0
4
0 42 0 1
0 46 -1 0
0 47 0 1
0 50 -1 0
1
end_operator
begin_operator
overcome hangover rest rice earth uranus
1
12 0
4
0 43 0 1
0 46 -1 0
0 49 -1 0
0 50 0 1
1
end_operator
begin_operator
overcome hangover rest rice mars earth
1
12 0
4
0 43 0 1
0 45 -1 0
0 46 -1 0
0 49 0 1
1
end_operator
begin_operator
overcome hangover rest rice uranus venus
1
12 0
4
0 43 0 1
0 46 -1 0
0 47 0 1
0 50 -1 0
1
end_operator
begin_operator
succumb abrasion rest flounder earth uranus
1
11 0
4
0 27 -1 0
0 48 0 1
0 49 0 1
0 50 -1 0
1
end_operator
begin_operator
succumb abrasion rest flounder mars earth
1
11 0
4
0 27 -1 0
0 45 0 1
0 48 0 1
0 49 -1 0
1
end_operator
begin_operator
succumb abrasion rest flounder uranus venus
1
11 0
4
0 27 -1 0
0 47 -1 0
0 48 0 1
0 50 0 1
1
end_operator
begin_operator
succumb abrasion rest lamb earth uranus
1
23 0
4
0 28 -1 0
0 48 0 1
0 49 0 1
0 50 -1 0
1
end_operator
begin_operator
succumb abrasion rest lamb mars earth
1
23 0
4
0 28 -1 0
0 45 0 1
0 48 0 1
0 49 -1 0
1
end_operator
begin_operator
succumb abrasion rest lamb uranus venus
1
23 0
4
0 28 -1 0
0 47 -1 0
0 48 0 1
0 50 0 1
1
end_operator
begin_operator
succumb abrasion rest okra earth uranus
1
25 0
4
0 29 -1 0
0 48 0 1
0 49 0 1
0 50 -1 0
1
end_operator
begin_operator
succumb abrasion rest okra mars earth
1
25 0
4
0 29 -1 0
0 45 0 1
0 48 0 1
0 49 -1 0
1
end_operator
begin_operator
succumb abrasion rest okra uranus venus
1
25 0
4
0 29 -1 0
0 47 -1 0
0 48 0 1
0 50 0 1
1
end_operator
begin_operator
succumb abrasion rest pear earth uranus
1
24 0
4
0 30 -1 0
0 48 0 1
0 49 0 1
0 50 -1 0
1
end_operator
begin_operator
succumb abrasion rest pear mars earth
1
24 0
4
0 30 -1 0
0 45 0 1
0 48 0 1
0 49 -1 0
1
end_operator
begin_operator
succumb abrasion rest pear uranus venus
1
24 0
4
0 30 -1 0
0 47 -1 0
0 48 0 1
0 50 0 1
1
end_operator
begin_operator
succumb abrasion rest pork earth uranus
1
26 0
4
0 31 -1 0
0 48 0 1
0 49 0 1
0 50 -1 0
1
end_operator
begin_operator
succumb abrasion rest pork mars earth
1
26 0
4
0 31 -1 0
0 45 0 1
0 48 0 1
0 49 -1 0
1
end_operator
begin_operator
succumb abrasion rest pork uranus venus
1
26 0
4
0 31 -1 0
0 47 -1 0
0 48 0 1
0 50 0 1
1
end_operator
begin_operator
succumb abrasion rest rice earth uranus
1
12 0
4
0 48 0 1
0 49 0 1
0 50 -1 0
0 51 -1 0
1
end_operator
begin_operator
succumb abrasion rest rice mars earth
1
12 0
4
0 45 0 1
0 48 0 1
0 49 -1 0
0 51 -1 0
1
end_operator
begin_operator
succumb abrasion rest rice uranus venus
1
12 0
4
0 47 -1 0
0 48 0 1
0 50 0 1
0 51 -1 0
1
end_operator
begin_operator
succumb depression rest flounder earth uranus
1
11 0
4
0 32 -1 0
0 44 0 1
0 49 0 1
0 50 -1 0
1
end_operator
begin_operator
succumb depression rest flounder mars earth
1
11 0
4
0 32 -1 0
0 44 0 1
0 45 0 1
0 49 -1 0
1
end_operator
begin_operator
succumb depression rest flounder uranus venus
1
11 0
4
0 32 -1 0
0 44 0 1
0 47 -1 0
0 50 0 1
1
end_operator
begin_operator
succumb depression rest lamb earth uranus
1
23 0
4
0 33 -1 0
0 44 0 1
0 49 0 1
0 50 -1 0
1
end_operator
begin_operator
succumb depression rest lamb mars earth
1
23 0
4
0 33 -1 0
0 44 0 1
0 45 0 1
0 49 -1 0
1
end_operator
begin_operator
succumb depression rest lamb uranus venus
1
23 0
4
0 33 -1 0
0 44 0 1
0 47 -1 0
0 50 0 1
1
end_operator
begin_operator
succumb depression rest okra earth uranus
1
25 0
4
0 34 -1 0
0 44 0 1
0 49 0 1
0 50 -1 0
1
end_operator
begin_operator
succumb depression rest okra mars earth
1
25 0
4
0 34 -1 0
0 44 0 1
0 45 0 1
0 49 -1 0
1
end_operator
begin_operator
succumb depression rest okra uranus venus
1
25 0
4
0 34 -1 0
0 44 0 1
0 47 -1 0
0 50 0 1
1
end_operator
begin_operator
succumb depression rest pear earth uranus
1
24 0
4
0 35 -1 0
0 44 0 1
0 49 0 1
0 50 -1 0
1
end_operator
begin_operator
succumb depression rest pear mars earth
1
24 0
4
0 35 -1 0
0 44 0 1
0 45 0 1
0 49 -1 0
1
end_operator
begin_operator
succumb depression rest pear uranus venus
1
24 0
4
0 35 -1 0
0 44 0 1
0 47 -1 0
0 50 0 1
1
end_operator
begin_operator
succumb depression rest pork earth uranus
1
26 0
4
0 36 -1 0
0 44 0 1
0 49 0 1
0 50 -1 0
1
end_operator
begin_operator
succumb depression rest pork mars earth
1
26 0
4
0 36 -1 0
0 44 0 1
0 45 0 1
0 49 -1 0
1
end_operator
begin_operator
succumb depression rest pork uranus venus
1
26 0
4
0 36 -1 0
0 44 0 1
0 47 -1 0
0 50 0 1
1
end_operator
begin_operator
succumb depression rest rice earth uranus
1
12 0
4
0 37 -1 0
0 44 0 1
0 49 0 1
0 50 -1 0
1
end_operator
begin_operator
succumb depression rest rice mars earth
1
12 0
4
0 37 -1 0
0 44 0 1
0 45 0 1
0 49 -1 0
1
end_operator
begin_operator
succumb depression rest rice uranus venus
1
12 0
4
0 37 -1 0
0 44 0 1
0 47 -1 0
0 50 0 1
1
end_operator
begin_operator
succumb hangover rest flounder earth uranus
1
11 0
4
0 38 -1 0
0 46 0 1
0 49 0 1
0 50 -1 0
1
end_operator
begin_operator
succumb hangover rest flounder mars earth
1
11 0
4
0 38 -1 0
0 45 0 1
0 46 0 1
0 49 -1 0
1
end_operator
begin_operator
succumb hangover rest flounder uranus venus
1
11 0
4
0 38 -1 0
0 46 0 1
0 47 -1 0
0 50 0 1
1
end_operator
begin_operator
succumb hangover rest lamb earth uranus
1
23 0
4
0 39 -1 0
0 46 0 1
0 49 0 1
0 50 -1 0
1
end_operator
begin_operator
succumb hangover rest lamb mars earth
1
23 0
4
0 39 -1 0
0 45 0 1
0 46 0 1
0 49 -1 0
1
end_operator
begin_operator
succumb hangover rest lamb uranus venus
1
23 0
4
0 39 -1 0
0 46 0 1
0 47 -1 0
0 50 0 1
1
end_operator
begin_operator
succumb hangover rest okra earth uranus
1
25 0
4
0 40 -1 0
0 46 0 1
0 49 0 1
0 50 -1 0
1
end_operator
begin_operator
succumb hangover rest okra mars earth
1
25 0
4
0 40 -1 0
0 45 0 1
0 46 0 1
0 49 -1 0
1
end_operator
begin_operator
succumb hangover rest okra uranus venus
1
25 0
4
0 40 -1 0
0 46 0 1
0 47 -1 0
0 50 0 1
1
end_operator
begin_operator
succumb hangover rest pear earth uranus
1
24 0
4
0 41 -1 0
0 46 0 1
0 49 0 1
0 50 -1 0
1
end_operator
begin_operator
succumb hangover rest pear mars earth
1
24 0
4
0 41 -1 0
0 45 0 1
0 46 0 1
0 49 -1 0
1
end_operator
begin_operator
succumb hangover rest pear uranus venus
1
24 0
4
0 41 -1 0
0 46 0 1
0 47 -1 0
0 50 0 1
1
end_operator
begin_operator
succumb hangover rest pork earth uranus
1
26 0
4
0 42 -1 0
0 46 0 1
0 49 0 1
0 50 -1 0
1
end_operator
begin_operator
succumb hangover rest pork mars earth
1
26 0
4
0 42 -1 0
0 45 0 1
0 46 0 1
0 49 -1 0
1
end_operator
begin_operator
succumb hangover rest pork uranus venus
1
26 0
4
0 42 -1 0
0 46 0 1
0 47 -1 0
0 50 0 1
1
end_operator
begin_operator
succumb hangover rest rice earth uranus
1
12 0
4
0 43 -1 0
0 46 0 1
0 49 0 1
0 50 -1 0
1
end_operator
begin_operator
succumb hangover rest rice mars earth
1
12 0
4
0 43 -1 0
0 45 0 1
0 46 0 1
0 49 -1 0
1
end_operator
begin_operator
succumb hangover rest rice uranus venus
1
12 0
4
0 43 -1 0
0 46 0 1
0 47 -1 0
0 50 0 1
1
end_operator
0
