Reduced 58 -> 29
Domain: freecell
Problem: freecell-9-5
Require: ff
Type[1]:
    [0]: object, parent: -1
Obj-by-Type:
    [0]: 0 1 2 3 4 5 6 7 8 9 10 11 12 13 14 15 16 17 18 19 20 21 22 23 24 25 26 27 28
Obj[29]:
    [0]: s9, type: 0, is-constant: 0, is-private: 0, owner: -1, is-agent: 0
    [1]: h9, type: 0, is-constant: 0, is-private: 0, owner: -1, is-agent: 0
    [2]: d9, type: 0, is-constant: 0, is-private: 0, owner: -1, is-agent: 0
    [3]: c9, type: 0, is-constant: 0, is-private: 0, owner: -1, is-agent: 0
    [4]: s8, type: 0, is-constant: 0, is-private: 0, owner: -1, is-agent: 0
    [5]: h8, type: 0, is-constant: 0, is-private: 0, owner: -1, is-agent: 0
    [6]: d8, type: 0, is-constant: 0, is-private: 0, owner: -1, is-agent: 0
    [7]: c8, type: 0, is-constant: 0, is-private: 0, owner: -1, is-agent: 0
    [8]: s7, type: 0, is-constant: 0, is-private: 0, owner: -1, is-agent: 0
    [9]: h7, type: 0, is-constant: 0, is-private: 0, owner: -1, is-agent: 0
    [10]: d7, type: 0, is-constant: 0, is-private: 0, owner: -1, is-agent: 0
    [11]: c7, type: 0, is-constant: 0, is-private: 0, owner: -1, is-agent: 0
    [12]: s6, type: 0, is-constant: 0, is-private: 0, owner: -1, is-agent: 0
    [13]: d6, type: 0, is-constant: 0, is-private: 0, owner: -1, is-agent: 0
    [14]: h5, type: 0, is-constant: 0, is-private: 0, owner: -1, is-agent: 0
    [15]: d5, type: 0, is-constant: 0, is-private: 0, owner: -1, is-agent: 0
    [16]: c5, type: 0, is-constant: 0, is-private: 0, owner: -1, is-agent: 0
    [17]: s4, type: 0, is-constant: 0, is-private: 0, owner: -1, is-agent: 0
    [18]: c4, type: 0, is-constant: 0, is-private: 0, owner: -1, is-agent: 0
    [19]: s3, type: 0, is-constant: 0, is-private: 0, owner: -1, is-agent: 0
    [20]: h3, type: 0, is-constant: 0, is-private: 0, owner: -1, is-agent: 0
    [21]: d3, type: 0, is-constant: 0, is-private: 0, owner: -1, is-agent: 0
    [22]: h, type: 0, is-constant: 0, is-private: 0, owner: -1, is-agent: 0
    [23]: n8, type: 0, is-constant: 0, is-private: 0, owner: -1, is-agent: 0
    [24]: n7, type: 0, is-constant: 0, is-private: 0, owner: -1, is-agent: 0
    [25]: n4, type: 0, is-constant: 0, is-private: 0, owner: -1, is-agent: 0
    [26]: n3, type: 0, is-constant: 0, is-private: 0, owner: -1, is-agent: 0
    [27]: n13, type: 0, is-constant: 0, is-private: 0, owner: -1, is-agent: 0
    [28]: s2, type: 0, is-constant: 0, is-private: 0, owner: -1, is-agent: 0
Predicate[12]:
    =: 0 0 :: is-private: 0, owner-param: -1, read: 0, write: 0
    on: 0 0 :: is-private: 0, owner-param: -1, read: 1, write: 1
    incell: 0 :: is-private: 0, owner-param: -1, read: 1, write: 1
    clear: 0 :: is-private: 0, owner-param: -1, read: 1, write: 1
    cellspace: 0 :: is-private: 0, owner-param: -1, read: 1, write: 1
    colspace: 0 :: is-private: 0, owner-param: -1, read: 1, write: 1
    home: 0 :: is-private: 0, owner-param: -1, read: 1, write: 1
    bottomcol: 0 :: is-private: 0, owner-param: -1, read: 1, write: 1
    canstack: 0 0 :: is-private: 0, owner-param: -1, read: 1, write: 0
    suit: 0 0 :: is-private: 0, owner-param: -1, read: 1, write: 0
    value: 0 0 :: is-private: 0, owner-param: -1, read: 1, write: 0
    successor: 0 0 :: is-private: 0, owner-param: -1, read: 1, write: 0
Function[0]:
Action[10]:
    move: ?card:0 ?oldcard:0 ?newcard:0
        pre: (and (RW:clear ?card) (RW:clear ?newcard) (R:canstack ?card ?newcard) (RW:on ?card ?oldcard))
        eff: (and (RW:on ?card ?newcard) (RW:clear ?oldcard))
    move-b: ?card:0 ?newcard:0 ?cols:0 ?ncols:0
        pre: (and (RW:clear ?card) (RW:bottomcol ?card) (RW:clear ?newcard) (R:canstack ?card ?newcard) (RW:colspace ?cols) (R:successor ?ncols ?cols))
        eff: (and (RW:on ?card ?newcard) (RW:colspace ?ncols))
    sendtofree: ?card:0 ?oldcard:0 ?cells:0 ?ncells:0
        pre: (and (RW:clear ?card) (RW:on ?card ?oldcard) (RW:cellspace ?cells) (R:successor ?cells ?ncells))
        eff: (and (RW:incell ?card) (RW:clear ?oldcard) (RW:cellspace ?ncells))
    sendtofree-b: ?card:0 ?cells:0 ?ncells:0 ?cols:0 ?ncols:0
        pre: (and (RW:clear ?card) (RW:bottomcol ?card) (RW:cellspace ?cells) (R:successor ?cells ?ncells) (RW:colspace ?cols) (R:successor ?ncols ?cols))
        eff: (and (RW:incell ?card) (RW:colspace ?ncols) (RW:cellspace ?ncells))
    sendtonewcol: ?card:0 ?oldcard:0 ?cols:0 ?ncols:0
        pre: (and (RW:clear ?card) (RW:colspace ?cols) (R:successor ?cols ?ncols) (RW:on ?card ?oldcard))
        eff: (and (RW:bottomcol ?card) (RW:clear ?oldcard) (RW:colspace ?ncols))
    sendtohome: ?card:0 ?oldcard:0 ?suit:0 ?vcard:0 ?homecard:0 ?vhomecard:0
        pre: (and (RW:clear ?card) (RW:on ?card ?oldcard) (RW:home ?homecard) (R:suit ?card ?suit) (R:suit ?homecard ?suit) (R:value ?card ?vcard) (R:value ?homecard ?vhomecard) (R:successor ?vcard ?vhomecard))
        eff: (and (RW:home ?card) (RW:clear ?oldcard))
    sendtohome-b: ?card:0 ?suit:0 ?vcard:0 ?homecard:0 ?vhomecard:0 ?cols:0 ?ncols:0
        pre: (and (RW:clear ?card) (RW:bottomcol ?card) (RW:home ?homecard) (R:suit ?card ?suit) (R:suit ?homecard ?suit) (R:value ?card ?vcard) (R:value ?homecard ?vhomecard) (R:successor ?vcard ?vhomecard) (RW:colspace ?cols) (R:successor ?ncols ?cols))
        eff: (and (RW:home ?card) (RW:colspace ?ncols))
    homefromfreecell: ?card:0 ?suit:0 ?vcard:0 ?homecard:0 ?vhomecard:0 ?cells:0 ?ncells:0
        pre: (and (RW:incell ?card) (RW:home ?homecard) (R:suit ?card ?suit) (R:suit ?homecard ?suit) (R:value ?card ?vcard) (R:value ?homecard ?vhomecard) (R:successor ?vcard ?vhomecard) (RW:cellspace ?cells) (R:successor ?ncells ?cells))
        eff: (and (RW:home ?card) (RW:cellspace ?ncells))
    colfromfreecell: ?card:0 ?newcard:0 ?cells:0 ?ncells:0
        pre: (and (RW:incell ?card) (RW:clear ?newcard) (R:canstack ?card ?newcard) (RW:cellspace ?cells) (R:successor ?ncells ?cells))
        eff: (and (RW:cellspace ?ncells) (RW:clear ?card) (RW:on ?card ?newcard))
    newcolfromfreecell: ?card:0 ?cols:0 ?ncols:0 ?cells:0 ?ncells:0
        pre: (and (RW:incell ?card) (RW:colspace ?cols) (RW:cellspace ?cells) (R:successor ?cols ?ncols) (R:successor ?ncells ?cells))
        eff: (and (RW:bottomcol ?card) (RW:clear ?card) (RW:colspace ?ncols) (RW:cellspace ?ncells))
Init[201]:
  S:(value s2 s2)
  S:(value s2 h7)
  S:(value s8 n3)
  S:(value c4 n4)
  S:(value c5 c7)
  S:(value c8 h3)
  S:(value c7 n7)
  S:(value c8 n8)
  S:(value c9 n13)
  S:(value s2 s2)
  S:(value s2 s2)
  S:(value s3 h7)
  S:(value d3 n3)
  S:(value c5 n4)
  S:(value d5 c7)
  S:(value d6 h3)
  S:(value d7 n7)
  S:(value d8 n8)
  S:(value d9 n13)
  S:(value s2 s2)
  S:(value s2 s2)
  S:(value n3 h7)
  S:(value h3 n3)
  S:(value s8 n4)
  S:(value h5 c7)
  S:(value s7 h3)
  S:(value h7 n7)
  S:(value h8 n8)
  S:(value h9 n13)
  S:(value s2 s2)
  S:(value s2 h7)
  S:(value s3 n3)
  S:(value s4 n4)
  S:(value s7 c7)
  S:(value s6 h3)
  S:(value s7 n7)
  S:(value s8 n8)
  S:(value s9 n13)
  S:(value h7 s2)
  S:(successor s2 s2)
  S:(successor n13 n13)
  S:(successor h7 s2)
  S:(successor n3 h7)
  S:(successor n4 n3)
  S:(successor c7 n4)
  S:(successor h3 c7)
  S:(successor n7 h3)
  S:(successor n8 n7)
  S:(successor n13 n8)
  S:(suit s2 d6)
  S:(suit s2 d6)
  S:(suit s8 d6)
  S:(suit c4 d6)
  S:(suit c5 d6)
  S:(suit c8 d6)
  S:(suit c7 d6)
  S:(suit c8 d6)
  S:(suit c9 d6)
  S:(suit s2 d6)
  S:(suit s2 s3)
  S:(suit s3 s3)
  S:(suit d3 s3)
  S:(suit c5 s3)
  S:(suit d5 s3)
  S:(suit d6 s3)
  S:(suit d7 s3)
  S:(suit d8 s3)
  S:(suit d9 s3)
  S:(suit s2 s3)
  S:(suit s2 h)
  S:(suit n3 h)
  S:(suit h3 h)
  S:(suit s8 h)
  S:(suit h5 h)
  S:(suit s7 h)
  S:(suit h7 h)
  S:(suit h8 h)
  S:(suit h9 h)
  S:(suit s2 d6)
  S:(suit s2 d6)
  S:(suit s3 d6)
  S:(suit s4 d6)
  S:(suit s7 d6)
  S:(suit s6 d6)
  S:(suit s7 d6)
  S:(suit s8 d6)
  S:(suit s9 d6)
  S:(suit h7 d6)
  S:(canstack s2 d3)
  S:(canstack s2 h3)
  S:(canstack s8 c5)
  S:(canstack s8 s8)
  S:(canstack c4 d5)
  S:(canstack c4 h5)
  S:(canstack c5 d6)
  S:(canstack c5 s7)
  S:(canstack c8 d7)
  S:(canstack c8 h7)
  S:(canstack c7 d8)
  S:(canstack c7 h8)
  S:(canstack c8 d9)
  S:(canstack c8 h9)
  S:(canstack s2 s3)
  S:(canstack s2 n3)
  S:(canstack s3 s8)
  S:(canstack s3 s3)
  S:(canstack d3 c4)
  S:(canstack d3 s4)
  S:(canstack c5 c5)
  S:(canstack c5 s7)
  S:(canstack d5 c8)
  S:(canstack d5 s6)
  S:(canstack d6 c7)
  S:(canstack d6 s7)
  S:(canstack d7 c8)
  S:(canstack d7 s8)
  S:(canstack d8 c9)
  S:(canstack d8 s9)
  S:(canstack s2 s2)
  S:(canstack s2 s2)
  S:(canstack n3 s8)
  S:(canstack n3 s3)
  S:(canstack h3 c4)
  S:(canstack h3 s4)
  S:(canstack s8 c5)
  S:(canstack s8 s7)
  S:(canstack h5 c8)
  S:(canstack h5 s6)
  S:(canstack s7 c7)
  S:(canstack s7 s7)
  S:(canstack h7 c8)
  S:(canstack h7 s8)
  S:(canstack h8 c9)
  S:(canstack h8 s9)
  S:(canstack s2 s2)
  S:(canstack s2 s2)
  S:(canstack s2 d3)
  S:(canstack s2 h3)
  S:(canstack s3 c5)
  S:(canstack s3 s8)
  S:(canstack s4 d5)
  S:(canstack s4 h5)
  S:(canstack s7 d6)
  S:(canstack s7 s7)
  S:(canstack s6 d7)
  S:(canstack s6 h7)
  S:(canstack s7 d8)
  S:(canstack s7 h8)
  S:(canstack s8 d9)
  S:(canstack s8 h9)
  S:(canstack h7 s3)
  S:(canstack h7 n3)
  (home s2)
  (home s2)
  (home s2)
  (cellspace n4)
  (colspace s2)
  (on s2 h9)
  (on s8 s2)
  (on c5 s2)
  (on c8 h5)
  (on c7 c8)
  (on c8 c9)
  (on c9 s3)
  (on s2 d7)
  (on c5 c4)
  (on d5 h7)
  (on d6 d9)
  (on d7 d8)
  (on d8 s4)
  (on d9 h7)
  (on s2 s7)
  (on n3 s7)
  (on s8 s6)
  (on h5 s2)
  (on s7 h8)
  (on h7 h3)
  (on h8 c5)
  (on s3 c5)
  (on s4 d3)
  (on s7 s3)
  (on s6 s8)
  (on s7 d5)
  (on s9 n3)
  (on h7 s8)
  (clear c8)
  (clear c7)
  (clear s2)
  (clear d6)
  (clear s2)
  (clear s8)
  (clear s7)
  (clear s9)
  (bottomcol c4)
  (bottomcol s3)
  (bottomcol d3)
  (bottomcol h3)
  (bottomcol h9)
  (bottomcol s2)
  (bottomcol s2)
  (bottomcol s8)
Init[0]:
Goal: (and (RW:home c9) (RW:home d9) (RW:home h9) (RW:home s9))
Metric: 0
