Step 0 (home c0) (home d0) (home h0) (home s0) (cellspace n4) (colspace n0) (on c2 h9) (on c3 s2) (on c5 ha) (on c6 h5) (on c7 c8) (on c8 c9) (on c9 d2) (on ca d7) (on d4 c4) (on d5 sa) (on d6 d9) (on d7 d8) (on d8 s4) (on d9 h7) (on da s7) (on h2 s5) (on h4 s6) (on h5 c2) (on h6 h8) (on h7 h3) (on h8 d4) (on s3 c5) (on s4 d3) (on s5 s3) (on s6 c3) (on s7 d5) (on s9 h2) (on sa s8) (clear c6) (clear c7) (clear ca) (clear d6) (clear da) (clear h4) (clear h6) (clear s9) (bottomcol c4) (bottomcol d2) (bottomcol d3) (bottomcol h3) (bottomcol h9) (bottomcol ha) (bottomcol s2) (bottomcol s8)
size: 12
move h6 h8 c7 :: cost: 1
    add: (on h6 c7) (clear h8)
    del: (on h6 h8) (clear c7)
move d6 d9 c7 :: cost: 1
    add: (on d6 c7) (clear d9)
    del: (on d6 d9) (clear c7)
sendtofree s9 h2 n4 n3 :: cost: 1
    add: (incell s9) (clear h2) (cellspace n3)
    del: (cellspace n4) (on s9 h2) (clear s9)
sendtofree c7 c8 n4 n3 :: cost: 1
    add: (cellspace n3) (incell c7) (clear c8)
    del: (cellspace n4) (on c7 c8) (clear c7)
sendtofree h6 h8 n4 n3 :: cost: 1
    add: (clear h8) (cellspace n3) (incell h6)
    del: (cellspace n4) (on h6 h8) (clear h6)
sendtofree d6 d9 n4 n3 :: cost: 1
    add: (clear d9) (cellspace n3) (incell d6)
    del: (cellspace n4) (on d6 d9) (clear d6)
sendtofree c6 h5 n4 n3 :: cost: 1
    add: (cellspace n3) (incell c6) (clear h5)
    del: (cellspace n4) (on c6 h5) (clear c6)
sendtofree h4 s6 n4 n3 :: cost: 1
    add: (cellspace n3) (incell h4) (clear s6)
    del: (cellspace n4) (on h4 s6) (clear h4)
sendtofree da s7 n4 n3 :: cost: 1
    add: (cellspace n3) (incell da) (clear s7)
    del: (cellspace n4) (on da s7) (clear da)
sendtofree ca d7 n4 n3 :: cost: 1
    add: (cellspace n3) (incell ca) (clear d7)
    del: (cellspace n4) (on ca d7) (clear ca)
sendtohome da s7 d n1 d0 n0 :: cost: 1
    add: (clear s7) (home da)
    del: (home d0) (on da s7) (clear da)
sendtohome ca d7 c n1 c0 n0 :: cost: 1
    add: (clear d7) (home ca)
    del: (home c0) (on ca d7) (clear ca)
Step 1 (home c0) (home d0) (home h0) (home s0) (cellspace n4) (colspace n0) (on c2 h9) (on c3 s2) (on c5 ha) (on c6 h5) (on c7 c8) (on c8 c9) (on c9 d2) (on ca d7) (on d4 c4) (on d5 sa) (on d6 d9) (on d7 d8) (on d8 s4) (on d9 h7) (on da s7) (on h2 s5) (on h4 s6) (on h5 c2) (on h7 h3) (on h8 d4) (on s3 c5) (on s4 d3) (on s5 s3) (on s6 c3) (on s7 d5) (on s9 h2) (on sa s8) (clear c6) (clear ca) (clear d6) (clear da) (clear h4) (clear h6) (clear s9) (bottomcol c4) (bottomcol d2) (bottomcol d3) (bottomcol h3) (bottomcol h9) (bottomcol ha) (bottomcol s2) (bottomcol s8) (on h6 c7) (clear h8)
size: 11
move h8 d4 s9 :: cost: 1
    add: (on h8 s9) (clear d4)
    del: (on h8 d4) (clear s9)
sendtofree s9 h2 n4 n3 :: cost: 1
    add: (incell s9) (clear h2) (cellspace n3)
    del: (cellspace n4) (on s9 h2) (clear s9)
sendtofree h8 d4 n4 n3 :: cost: 1
    add: (cellspace n3) (clear d4) (incell h8)
    del: (cellspace n4) (on h8 d4) (clear h8)
sendtofree h6 c7 n4 n3 :: cost: 1
    add: (clear c7) (cellspace n3) (incell h6)
    del: (cellspace n4) (clear h6) (on h6 c7)
sendtofree d6 d9 n4 n3 :: cost: 1
    add: (clear d9) (cellspace n3) (incell d6)
    del: (cellspace n4) (on d6 d9) (clear d6)
sendtofree c6 h5 n4 n3 :: cost: 1
    add: (cellspace n3) (incell c6) (clear h5)
    del: (cellspace n4) (on c6 h5) (clear c6)
sendtofree h4 s6 n4 n3 :: cost: 1
    add: (cellspace n3) (incell h4) (clear s6)
    del: (cellspace n4) (on h4 s6) (clear h4)
sendtofree da s7 n4 n3 :: cost: 1
    add: (cellspace n3) (incell da) (clear s7)
    del: (cellspace n4) (on da s7) (clear da)
sendtofree ca d7 n4 n3 :: cost: 1
    add: (cellspace n3) (incell ca) (clear d7)
    del: (cellspace n4) (on ca d7) (clear ca)
sendtohome da s7 d n1 d0 n0 :: cost: 1
    add: (clear s7) (home da)
    del: (home d0) (on da s7) (clear da)
sendtohome ca d7 c n1 c0 n0 :: cost: 1
    add: (clear d7) (home ca)
    del: (home c0) (on ca d7) (clear ca)
Step 2 (home c0) (home d0) (home h0) (home s0) (colspace n0) (on c2 h9) (on c3 s2) (on c5 ha) (on c6 h5) (on c7 c8) (on c8 c9) (on c9 d2) (on ca d7) (on d4 c4) (on d5 sa) (on d6 d9) (on d7 d8) (on d8 s4) (on d9 h7) (on da s7) (on h2 s5) (on h4 s6) (on h5 c2) (on h7 h3) (on h8 d4) (on s3 c5) (on s4 d3) (on s5 s3) (on s6 c3) (on s7 d5) (on sa s8) (clear c6) (clear ca) (clear d6) (clear da) (clear h4) (clear h6) (bottomcol c4) (bottomcol d2) (bottomcol d3) (bottomcol h3) (bottomcol h9) (bottomcol ha) (bottomcol s2) (bottomcol s8) (on h6 c7) (clear h8) (incell s9) (clear h2) (cellspace n3)
size: 11
move ca d7 h2 :: cost: 1
    add: (clear d7) (on ca h2)
    del: (on ca d7) (clear h2)
sendtofree h8 d4 n3 n2 :: cost: 1
    add: (clear d4) (incell h8) (cellspace n2)
    del: (on h8 d4) (clear h8) (cellspace n3)
sendtofree h6 c7 n3 n2 :: cost: 1
    add: (clear c7) (incell h6) (cellspace n2)
    del: (clear h6) (on h6 c7) (cellspace n3)
sendtofree d6 d9 n3 n2 :: cost: 1
    add: (clear d9) (incell d6) (cellspace n2)
    del: (on d6 d9) (clear d6) (cellspace n3)
sendtofree c6 h5 n3 n2 :: cost: 1
    add: (incell c6) (clear h5) (cellspace n2)
    del: (on c6 h5) (clear c6) (cellspace n3)
sendtofree h4 s6 n3 n2 :: cost: 1
    add: (incell h4) (clear s6) (cellspace n2)
    del: (on h4 s6) (clear h4) (cellspace n3)
sendtofree h2 s5 n3 n2 :: cost: 1
    add: (cellspace n2) (incell h2) (clear s5)
    del: (on h2 s5) (clear h2) (cellspace n3)
sendtofree da s7 n3 n2 :: cost: 1
    add: (incell da) (clear s7) (cellspace n2)
    del: (on da s7) (clear da) (cellspace n3)
sendtofree ca d7 n3 n2 :: cost: 1
    add: (incell ca) (clear d7) (cellspace n2)
    del: (on ca d7) (clear ca) (cellspace n3)
sendtohome da s7 d n1 d0 n0 :: cost: 1
    add: (clear s7) (home da)
    del: (home d0) (on da s7) (clear da)
sendtohome ca d7 c n1 c0 n0 :: cost: 1
    add: (clear d7) (home ca)
    del: (home c0) (on ca d7) (clear ca)
Step 3 (home c0) (home d0) (home h0) (home s0) (colspace n0) (on c2 h9) (on c3 s2) (on c5 ha) (on c6 h5) (on c7 c8) (on c8 c9) (on c9 d2) (on ca d7) (on d4 c4) (on d5 sa) (on d6 d9) (on d7 d8) (on d8 s4) (on d9 h7) (on da s7) (on h2 s5) (on h4 s6) (on h5 c2) (on h7 h3) (on h8 d4) (on s3 c5) (on s4 d3) (on s5 s3) (on s6 c3) (on s7 d5) (on sa s8) (clear c6) (clear c7) (clear ca) (clear d6) (clear da) (clear h4) (bottomcol c4) (bottomcol d2) (bottomcol d3) (bottomcol h3) (bottomcol h9) (bottomcol ha) (bottomcol s2) (bottomcol s8) (clear h8) (incell s9) (clear h2) (incell h6) (cellspace n2)
size: 14
move c7 c8 h8 :: cost: 1
    add: (clear c8) (on c7 h8)
    del: (on c7 c8) (clear h8)
move d6 d9 c7 :: cost: 1
    add: (on d6 c7) (clear d9)
    del: (on d6 d9) (clear c7)
move ca d7 h2 :: cost: 1
    add: (clear d7) (on ca h2)
    del: (on ca d7) (clear h2)
sendtofree h8 d4 n2 n1 :: cost: 1
    add: (clear d4) (incell h8) (cellspace n1)
    del: (on h8 d4) (clear h8) (cellspace n2)
sendtofree c7 c8 n2 n1 :: cost: 1
    add: (incell c7) (clear c8) (cellspace n1)
    del: (on c7 c8) (clear c7) (cellspace n2)
sendtofree d6 d9 n2 n1 :: cost: 1
    add: (clear d9) (incell d6) (cellspace n1)
    del: (on d6 d9) (clear d6) (cellspace n2)
sendtofree c6 h5 n2 n1 :: cost: 1
    add: (incell c6) (clear h5) (cellspace n1)
    del: (on c6 h5) (clear c6) (cellspace n2)
sendtofree h4 s6 n2 n1 :: cost: 1
    add: (incell h4) (clear s6) (cellspace n1)
    del: (on h4 s6) (clear h4) (cellspace n2)
sendtofree h2 s5 n2 n1 :: cost: 1
    add: (incell h2) (clear s5) (cellspace n1)
    del: (on h2 s5) (clear h2) (cellspace n2)
sendtofree da s7 n2 n1 :: cost: 1
    add: (incell da) (clear s7) (cellspace n1)
    del: (on da s7) (clear da) (cellspace n2)
sendtofree ca d7 n2 n1 :: cost: 1
    add: (incell ca) (clear d7) (cellspace n1)
    del: (on ca d7) (clear ca) (cellspace n2)
sendtohome da s7 d n1 d0 n0 :: cost: 1
    add: (clear s7) (home da)
    del: (home d0) (on da s7) (clear da)
sendtohome ca d7 c n1 c0 n0 :: cost: 1
    add: (clear d7) (home ca)
    del: (home c0) (on ca d7) (clear ca)
colfromfreecell h6 c7 n2 n3 :: cost: 1
    add: (clear h6) (on h6 c7) (cellspace n3)
    del: (clear c7) (incell h6) (cellspace n2)
Step 4 (home c0) (home d0) (home h0) (home s0) (colspace n0) (on c2 h9) (on c3 s2) (on c5 ha) (on c6 h5) (on c7 c8) (on c8 c9) (on c9 d2) (on ca d7) (on d4 c4) (on d5 sa) (on d6 d9) (on d7 d8) (on d8 s4) (on d9 h7) (on da s7) (on h2 s5) (on h4 s6) (on h5 c2) (on h7 h3) (on s3 c5) (on s4 d3) (on s5 s3) (on s6 c3) (on s7 d5) (on sa s8) (clear c6) (clear c7) (clear ca) (clear d6) (clear da) (clear h4) (bottomcol c4) (bottomcol d2) (bottomcol d3) (bottomcol h3) (bottomcol h9) (bottomcol ha) (bottomcol s2) (bottomcol s8) (incell s9) (clear h2) (incell h6) (clear d4) (incell h8) (cellspace n1)
size: 13
move d6 d9 c7 :: cost: 1
    add: (on d6 c7) (clear d9)
    del: (on d6 d9) (clear c7)
move ca d7 h2 :: cost: 1
    add: (clear d7) (on ca h2)
    del: (on ca d7) (clear h2)
sendtofree c7 c8 n1 n0 :: cost: 1
    add: (incell c7) (clear c8) (cellspace n0)
    del: (on c7 c8) (clear c7) (cellspace n1)
sendtofree d6 d9 n1 n0 :: cost: 1
    add: (clear d9) (incell d6) (cellspace n0)
    del: (on d6 d9) (clear d6) (cellspace n1)
sendtofree c6 h5 n1 n0 :: cost: 1
    add: (incell c6) (clear h5) (cellspace n0)
    del: (on c6 h5) (clear c6) (cellspace n1)
sendtofree h4 s6 n1 n0 :: cost: 1
    add: (incell h4) (clear s6) (cellspace n0)
    del: (on h4 s6) (clear h4) (cellspace n1)
sendtofree d4 c4 n1 n0 :: cost: 1
    add: (cellspace n0) (incell d4) (clear c4)
    del: (on d4 c4) (clear d4) (cellspace n1)
sendtofree h2 s5 n1 n0 :: cost: 1
    add: (incell h2) (clear s5) (cellspace n0)
    del: (on h2 s5) (clear h2) (cellspace n1)
sendtofree da s7 n1 n0 :: cost: 1
    add: (incell da) (clear s7) (cellspace n0)
    del: (on da s7) (clear da) (cellspace n1)
sendtofree ca d7 n1 n0 :: cost: 1
    add: (incell ca) (clear d7) (cellspace n0)
    del: (on ca d7) (clear ca) (cellspace n1)
sendtohome da s7 d n1 d0 n0 :: cost: 1
    add: (clear s7) (home da)
    del: (home d0) (on da s7) (clear da)
sendtohome ca d7 c n1 c0 n0 :: cost: 1
    add: (clear d7) (home ca)
    del: (home c0) (on ca d7) (clear ca)
colfromfreecell h6 c7 n1 n2 :: cost: 1
    add: (clear h6) (on h6 c7) (cellspace n2)
    del: (clear c7) (incell h6) (cellspace n1)
Step 5 (home c0) (home d0) (home h0) (home s0) (colspace n0) (on c2 h9) (on c3 s2) (on c5 ha) (on c7 c8) (on c8 c9) (on c9 d2) (on ca d7) (on d4 c4) (on d5 sa) (on d6 d9) (on d7 d8) (on d8 s4) (on d9 h7) (on da s7) (on h2 s5) (on h4 s6) (on h5 c2) (on h7 h3) (on s3 c5) (on s4 d3) (on s5 s3) (on s6 c3) (on s7 d5) (on sa s8) (clear c7) (clear ca) (clear d6) (clear da) (clear h4) (bottomcol c4) (bottomcol d2) (bottomcol d3) (bottomcol h3) (bottomcol h9) (bottomcol ha) (bottomcol s2) (bottomcol s8) (incell s9) (clear h2) (incell h6) (incell c6) (clear h5) (clear d4) (incell h8) (cellspace n0)
size: 5
move d6 d9 c7 :: cost: 1
    add: (on d6 c7) (clear d9)
    del: (on d6 d9) (clear c7)
move ca d7 h2 :: cost: 1
    add: (clear d7) (on ca h2)
    del: (on ca d7) (clear h2)
sendtohome da s7 d n1 d0 n0 :: cost: 1
    add: (clear s7) (home da)
    del: (home d0) (on da s7) (clear da)
sendtohome ca d7 c n1 c0 n0 :: cost: 1
    add: (clear d7) (home ca)
    del: (home c0) (on ca d7) (clear ca)
colfromfreecell h6 c7 n0 n1 :: cost: 1
    add: (clear h6) (on h6 c7) (cellspace n1)
    del: (clear c7) (incell h6) (cellspace n0)
Step 6 (home c0) (home d0) (home h0) (home s0) (colspace n0) (on c2 h9) (on c3 s2) (on c5 ha) (on c7 c8) (on c8 c9) (on c9 d2) (on ca d7) (on d4 c4) (on d5 sa) (on d7 d8) (on d8 s4) (on d9 h7) (on da s7) (on h2 s5) (on h4 s6) (on h5 c2) (on h7 h3) (on s3 c5) (on s4 d3) (on s5 s3) (on s6 c3) (on s7 d5) (on sa s8) (clear ca) (clear d6) (clear da) (clear h4) (bottomcol c4) (bottomcol d2) (bottomcol d3) (bottomcol h3) (bottomcol h9) (bottomcol ha) (bottomcol s2) (bottomcol s8) (on d6 c7) (clear d9) (incell s9) (clear h2) (incell h6) (incell c6) (clear h5) (clear d4) (incell h8) (cellspace n0)
size: 3
move ca d7 h2 :: cost: 1
    add: (clear d7) (on ca h2)
    del: (on ca d7) (clear h2)
sendtohome da s7 d n1 d0 n0 :: cost: 1
    add: (clear s7) (home da)
    del: (home d0) (on da s7) (clear da)
sendtohome ca d7 c n1 c0 n0 :: cost: 1
    add: (clear d7) (home ca)
    del: (home c0) (on ca d7) (clear ca)
Step 7 (home c0) (home d0) (home h0) (home s0) (colspace n0) (on c2 h9) (on c3 s2) (on c5 ha) (on c7 c8) (on c8 c9) (on c9 d2) (on d4 c4) (on d5 sa) (on d7 d8) (on d8 s4) (on d9 h7) (on da s7) (on h2 s5) (on h4 s6) (on h5 c2) (on h7 h3) (on s3 c5) (on s4 d3) (on s5 s3) (on s6 c3) (on s7 d5) (on sa s8) (clear ca) (clear d6) (clear da) (clear h4) (bottomcol c4) (bottomcol d2) (bottomcol d3) (bottomcol h3) (bottomcol h9) (bottomcol ha) (bottomcol s2) (bottomcol s8) (on d6 c7) (clear d9) (incell s9) (incell h6) (incell c6) (clear h5) (clear d7) (clear d4) (incell h8) (on ca h2) (cellspace n0)
size: 3
sendtohome da s7 d n1 d0 n0 :: cost: 1
    add: (clear s7) (home da)
    del: (home d0) (on da s7) (clear da)
sendtohome ca h2 c n1 c0 n0 :: cost: 1
    add: (clear h2) (home ca)
    del: (home c0) (clear ca) (on ca h2)
colfromfreecell c6 d7 n0 n1 :: cost: 1
    add: (clear c6) (cellspace n1) (on c6 d7)
    del: (incell c6) (clear d7) (cellspace n0)
Step 8 (home d0) (home h0) (home s0) (colspace n0) (on c2 h9) (on c3 s2) (on c5 ha) (on c7 c8) (on c8 c9) (on c9 d2) (on d4 c4) (on d5 sa) (on d7 d8) (on d8 s4) (on d9 h7) (on da s7) (on h2 s5) (on h4 s6) (on h5 c2) (on h7 h3) (on s3 c5) (on s4 d3) (on s5 s3) (on s6 c3) (on s7 d5) (on sa s8) (clear d6) (clear da) (clear h4) (bottomcol c4) (bottomcol d2) (bottomcol d3) (bottomcol h3) (bottomcol h9) (bottomcol ha) (bottomcol s2) (bottomcol s8) (on d6 c7) (clear d9) (incell s9) (clear h2) (incell h6) (incell c6) (clear h5) (clear d7) (home ca) (clear d4) (incell h8) (cellspace n0)
size: 2
sendtohome da s7 d n1 d0 n0 :: cost: 1
    add: (clear s7) (home da)
    del: (home d0) (on da s7) (clear da)
colfromfreecell c6 d7 n0 n1 :: cost: 1
    add: (clear c6) (cellspace n1) (on c6 d7)
    del: (incell c6) (clear d7) (cellspace n0)
Step 9 (home h0) (home s0) (colspace n0) (on c2 h9) (on c3 s2) (on c5 ha) (on c7 c8) (on c8 c9) (on c9 d2) (on d4 c4) (on d5 sa) (on d7 d8) (on d8 s4) (on d9 h7) (on h2 s5) (on h4 s6) (on h5 c2) (on h7 h3) (on s3 c5) (on s4 d3) (on s5 s3) (on s6 c3) (on s7 d5) (on sa s8) (clear d6) (clear h4) (bottomcol c4) (bottomcol d2) (bottomcol d3) (bottomcol h3) (bottomcol h9) (bottomcol ha) (bottomcol s2) (bottomcol s8) (on d6 c7) (clear d9) (incell s9) (clear h2) (incell h6) (incell c6) (clear h5) (clear s7) (clear d7) (home da) (home ca) (clear d4) (incell h8) (cellspace n0)
size: 3
move d6 c7 s7 :: cost: 1
    add: (clear c7) (on d6 s7)
    del: (on d6 c7) (clear s7)
colfromfreecell h6 s7 n0 n1 :: cost: 1
    add: (clear h6) (cellspace n1) (on h6 s7)
    del: (incell h6) (clear s7) (cellspace n0)
colfromfreecell c6 d7 n0 n1 :: cost: 1
    add: (clear c6) (cellspace n1) (on c6 d7)
    del: (incell c6) (clear d7) (cellspace n0)
