Init: (at package-1 city-1-loc-9) (at package-2 city-1-loc-11) (at package-3 city-1-loc-12) (at package-4 city-1-loc-8) (at package-5 city-1-loc-11) (at truck-1 city-2-loc-7) (at truck-2 city-2-loc-9) (at truck-3 city-2-loc-5) (capacity truck-1 capacity-3) (capacity truck-2 capacity-4)
Unreachable facts [10/270]:
  (capacity truck-3 capacity-0)
  (capacity truck-3 capacity-1)
  (capacity truck-3 capacity-2)
  (capacity truck-3 capacity-3)
  (capacity truck-3 capacity-4)
  (in package-1 truck-3)
  (in package-2 truck-3)
  (in package-3 truck-3)
  (in package-4 truck-3)
  (in package-5 truck-3)
Unreachable ops [1200/3882]:
  (drop truck-3 city-1-loc-1 package-1 capacity-0 capacity-1)
  (drop truck-3 city-1-loc-1 package-1 capacity-1 capacity-2)
  (drop truck-3 city-1-loc-1 package-1 capacity-2 capacity-3)
  (drop truck-3 city-1-loc-1 package-1 capacity-3 capacity-4)
  (drop truck-3 city-1-loc-1 package-2 capacity-0 capacity-1)
  (drop truck-3 city-1-loc-1 package-2 capacity-1 capacity-2)
  (drop truck-3 city-1-loc-1 package-2 capacity-2 capacity-3)
  (drop truck-3 city-1-loc-1 package-2 capacity-3 capacity-4)
  (drop truck-3 city-1-loc-1 package-3 capacity-0 capacity-1)
  (drop truck-3 city-1-loc-1 package-3 capacity-1 capacity-2)
  (drop truck-3 city-1-loc-1 package-3 capacity-2 capacity-3)
  (drop truck-3 city-1-loc-1 package-3 capacity-3 capacity-4)
  (drop truck-3 city-1-loc-1 package-4 capacity-0 capacity-1)
  (drop truck-3 city-1-loc-1 package-4 capacity-1 capacity-2)
  (drop truck-3 city-1-loc-1 package-4 capacity-2 capacity-3)
  (drop truck-3 city-1-loc-1 package-4 capacity-3 capacity-4)
  (drop truck-3 city-1-loc-1 package-5 capacity-0 capacity-1)
  (drop truck-3 city-1-loc-1 package-5 capacity-1 capacity-2)
  (drop truck-3 city-1-loc-1 package-5 capacity-2 capacity-3)
  (drop truck-3 city-1-loc-1 package-5 capacity-3 capacity-4)
  (drop truck-3 city-1-loc-10 package-1 capacity-0 capacity-1)
  (drop truck-3 city-1-loc-10 package-1 capacity-1 capacity-2)
  (drop truck-3 city-1-loc-10 package-1 capacity-2 capacity-3)
  (drop truck-3 city-1-loc-10 package-1 capacity-3 capacity-4)
  (drop truck-3 city-1-loc-10 package-2 capacity-0 capacity-1)
  (drop truck-3 city-1-loc-10 package-2 capacity-1 capacity-2)
  (drop truck-3 city-1-loc-10 package-2 capacity-2 capacity-3)
  (drop truck-3 city-1-loc-10 package-2 capacity-3 capacity-4)
  (drop truck-3 city-1-loc-10 package-3 capacity-0 capacity-1)
  (drop truck-3 city-1-loc-10 package-3 capacity-1 capacity-2)
  (drop truck-3 city-1-loc-10 package-3 capacity-2 capacity-3)
  (drop truck-3 city-1-loc-10 package-3 capacity-3 capacity-4)
  (drop truck-3 city-1-loc-10 package-4 capacity-0 capacity-1)
  (drop truck-3 city-1-loc-10 package-4 capacity-1 capacity-2)
  (drop truck-3 city-1-loc-10 package-4 capacity-2 capacity-3)
  (drop truck-3 city-1-loc-10 package-4 capacity-3 capacity-4)
  (drop truck-3 city-1-loc-10 package-5 capacity-0 capacity-1)
  (drop truck-3 city-1-loc-10 package-5 capacity-1 capacity-2)
  (drop truck-3 city-1-loc-10 package-5 capacity-2 capacity-3)
  (drop truck-3 city-1-loc-10 package-5 capacity-3 capacity-4)
  (drop truck-3 city-1-loc-11 package-1 capacity-0 capacity-1)
  (drop truck-3 city-1-loc-11 package-1 capacity-1 capacity-2)
  (drop truck-3 city-1-loc-11 package-1 capacity-2 capacity-3)
  (drop truck-3 city-1-loc-11 package-1 capacity-3 capacity-4)
  (drop truck-3 city-1-loc-11 package-2 capacity-0 capacity-1)
  (drop truck-3 city-1-loc-11 package-2 capacity-1 capacity-2)
  (drop truck-3 city-1-loc-11 package-2 capacity-2 capacity-3)
  (drop truck-3 city-1-loc-11 package-2 capacity-3 capacity-4)
  (drop truck-3 city-1-loc-11 package-3 capacity-0 capacity-1)
  (drop truck-3 city-1-loc-11 package-3 capacity-1 capacity-2)
  (drop truck-3 city-1-loc-11 package-3 capacity-2 capacity-3)
  (drop truck-3 city-1-loc-11 package-3 capacity-3 capacity-4)
  (drop truck-3 city-1-loc-11 package-4 capacity-0 capacity-1)
  (drop truck-3 city-1-loc-11 package-4 capacity-1 capacity-2)
  (drop truck-3 city-1-loc-11 package-4 capacity-2 capacity-3)
  (drop truck-3 city-1-loc-11 package-4 capacity-3 capacity-4)
  (drop truck-3 city-1-loc-11 package-5 capacity-0 capacity-1)
  (drop truck-3 city-1-loc-11 package-5 capacity-1 capacity-2)
  (drop truck-3 city-1-loc-11 package-5 capacity-2 capacity-3)
  (drop truck-3 city-1-loc-11 package-5 capacity-3 capacity-4)
  (drop truck-3 city-1-loc-12 package-1 capacity-0 capacity-1)
  (drop truck-3 city-1-loc-12 package-1 capacity-1 capacity-2)
  (drop truck-3 city-1-loc-12 package-1 capacity-2 capacity-3)
  (drop truck-3 city-1-loc-12 package-1 capacity-3 capacity-4)
  (drop truck-3 city-1-loc-12 package-2 capacity-0 capacity-1)
  (drop truck-3 city-1-loc-12 package-2 capacity-1 capacity-2)
  (drop truck-3 city-1-loc-12 package-2 capacity-2 capacity-3)
  (drop truck-3 city-1-loc-12 package-2 capacity-3 capacity-4)
  (drop truck-3 city-1-loc-12 package-3 capacity-0 capacity-1)
  (drop truck-3 city-1-loc-12 package-3 capacity-1 capacity-2)
  (drop truck-3 city-1-loc-12 package-3 capacity-2 capacity-3)
  (drop truck-3 city-1-loc-12 package-3 capacity-3 capacity-4)
  (drop truck-3 city-1-loc-12 package-4 capacity-0 capacity-1)
  (drop truck-3 city-1-loc-12 package-4 capacity-1 capacity-2)
  (drop truck-3 city-1-loc-12 package-4 capacity-2 capacity-3)
  (drop truck-3 city-1-loc-12 package-4 capacity-3 capacity-4)
  (drop truck-3 city-1-loc-12 package-5 capacity-0 capacity-1)
  (drop truck-3 city-1-loc-12 package-5 capacity-1 capacity-2)
  (drop truck-3 city-1-loc-12 package-5 capacity-2 capacity-3)
  (drop truck-3 city-1-loc-12 package-5 capacity-3 capacity-4)
  (drop truck-3 city-1-loc-13 package-1 capacity-0 capacity-1)
  (drop truck-3 city-1-loc-13 package-1 capacity-1 capacity-2)
  (drop truck-3 city-1-loc-13 package-1 capacity-2 capacity-3)
  (drop truck-3 city-1-loc-13 package-1 capacity-3 capacity-4)
  (drop truck-3 city-1-loc-13 package-2 capacity-0 capacity-1)
  (drop truck-3 city-1-loc-13 package-2 capacity-1 capacity-2)
  (drop truck-3 city-1-loc-13 package-2 capacity-2 capacity-3)
  (drop truck-3 city-1-loc-13 package-2 capacity-3 capacity-4)
  (drop truck-3 city-1-loc-13 package-3 capacity-0 capacity-1)
  (drop truck-3 city-1-loc-13 package-3 capacity-1 capacity-2)
  (drop truck-3 city-1-loc-13 package-3 capacity-2 capacity-3)
  (drop truck-3 city-1-loc-13 package-3 capacity-3 capacity-4)
  (drop truck-3 city-1-loc-13 package-4 capacity-0 capacity-1)
  (drop truck-3 city-1-loc-13 package-4 capacity-1 capacity-2)
  (drop truck-3 city-1-loc-13 package-4 capacity-2 capacity-3)
  (drop truck-3 city-1-loc-13 package-4 capacity-3 capacity-4)
  (drop truck-3 city-1-loc-13 package-5 capacity-0 capacity-1)
  (drop truck-3 city-1-loc-13 package-5 capacity-1 capacity-2)
  (drop truck-3 city-1-loc-13 package-5 capacity-2 capacity-3)
  (drop truck-3 city-1-loc-13 package-5 capacity-3 capacity-4)
  (drop truck-3 city-1-loc-14 package-1 capacity-0 capacity-1)
  (drop truck-3 city-1-loc-14 package-1 capacity-1 capacity-2)
  (drop truck-3 city-1-loc-14 package-1 capacity-2 capacity-3)
  (drop truck-3 city-1-loc-14 package-1 capacity-3 capacity-4)
  (drop truck-3 city-1-loc-14 package-2 capacity-0 capacity-1)
  (drop truck-3 city-1-loc-14 package-2 capacity-1 capacity-2)
  (drop truck-3 city-1-loc-14 package-2 capacity-2 capacity-3)
  (drop truck-3 city-1-loc-14 package-2 capacity-3 capacity-4)
  (drop truck-3 city-1-loc-14 package-3 capacity-0 capacity-1)
  (drop truck-3 city-1-loc-14 package-3 capacity-1 capacity-2)
  (drop truck-3 city-1-loc-14 package-3 capacity-2 capacity-3)
  (drop truck-3 city-1-loc-14 package-3 capacity-3 capacity-4)
  (drop truck-3 city-1-loc-14 package-4 capacity-0 capacity-1)
  (drop truck-3 city-1-loc-14 package-4 capacity-1 capacity-2)
  (drop truck-3 city-1-loc-14 package-4 capacity-2 capacity-3)
  (drop truck-3 city-1-loc-14 package-4 capacity-3 capacity-4)
  (drop truck-3 city-1-loc-14 package-5 capacity-0 capacity-1)
  (drop truck-3 city-1-loc-14 package-5 capacity-1 capacity-2)
  (drop truck-3 city-1-loc-14 package-5 capacity-2 capacity-3)
  (drop truck-3 city-1-loc-14 package-5 capacity-3 capacity-4)
  (drop truck-3 city-1-loc-15 package-1 capacity-0 capacity-1)
  (drop truck-3 city-1-loc-15 package-1 capacity-1 capacity-2)
  (drop truck-3 city-1-loc-15 package-1 capacity-2 capacity-3)
  (drop truck-3 city-1-loc-15 package-1 capacity-3 capacity-4)
  (drop truck-3 city-1-loc-15 package-2 capacity-0 capacity-1)
  (drop truck-3 city-1-loc-15 package-2 capacity-1 capacity-2)
  (drop truck-3 city-1-loc-15 package-2 capacity-2 capacity-3)
  (drop truck-3 city-1-loc-15 package-2 capacity-3 capacity-4)
  (drop truck-3 city-1-loc-15 package-3 capacity-0 capacity-1)
  (drop truck-3 city-1-loc-15 package-3 capacity-1 capacity-2)
  (drop truck-3 city-1-loc-15 package-3 capacity-2 capacity-3)
  (drop truck-3 city-1-loc-15 package-3 capacity-3 capacity-4)
  (drop truck-3 city-1-loc-15 package-4 capacity-0 capacity-1)
  (drop truck-3 city-1-loc-15 package-4 capacity-1 capacity-2)
  (drop truck-3 city-1-loc-15 package-4 capacity-2 capacity-3)
  (drop truck-3 city-1-loc-15 package-4 capacity-3 capacity-4)
  (drop truck-3 city-1-loc-15 package-5 capacity-0 capacity-1)
  (drop truck-3 city-1-loc-15 package-5 capacity-1 capacity-2)
  (drop truck-3 city-1-loc-15 package-5 capacity-2 capacity-3)
  (drop truck-3 city-1-loc-15 package-5 capacity-3 capacity-4)
  (drop truck-3 city-1-loc-2 package-1 capacity-0 capacity-1)
  (drop truck-3 city-1-loc-2 package-1 capacity-1 capacity-2)
  (drop truck-3 city-1-loc-2 package-1 capacity-2 capacity-3)
  (drop truck-3 city-1-loc-2 package-1 capacity-3 capacity-4)
  (drop truck-3 city-1-loc-2 package-2 capacity-0 capacity-1)
  (drop truck-3 city-1-loc-2 package-2 capacity-1 capacity-2)
  (drop truck-3 city-1-loc-2 package-2 capacity-2 capacity-3)
  (drop truck-3 city-1-loc-2 package-2 capacity-3 capacity-4)
  (drop truck-3 city-1-loc-2 package-3 capacity-0 capacity-1)
  (drop truck-3 city-1-loc-2 package-3 capacity-1 capacity-2)
  (drop truck-3 city-1-loc-2 package-3 capacity-2 capacity-3)
  (drop truck-3 city-1-loc-2 package-3 capacity-3 capacity-4)
  (drop truck-3 city-1-loc-2 package-4 capacity-0 capacity-1)
  (drop truck-3 city-1-loc-2 package-4 capacity-1 capacity-2)
  (drop truck-3 city-1-loc-2 package-4 capacity-2 capacity-3)
  (drop truck-3 city-1-loc-2 package-4 capacity-3 capacity-4)
  (drop truck-3 city-1-loc-2 package-5 capacity-0 capacity-1)
  (drop truck-3 city-1-loc-2 package-5 capacity-1 capacity-2)
  (drop truck-3 city-1-loc-2 package-5 capacity-2 capacity-3)
  (drop truck-3 city-1-loc-2 package-5 capacity-3 capacity-4)
  (drop truck-3 city-1-loc-3 package-1 capacity-0 capacity-1)
  (drop truck-3 city-1-loc-3 package-1 capacity-1 capacity-2)
  (drop truck-3 city-1-loc-3 package-1 capacity-2 capacity-3)
  (drop truck-3 city-1-loc-3 package-1 capacity-3 capacity-4)
  (drop truck-3 city-1-loc-3 package-2 capacity-0 capacity-1)
  (drop truck-3 city-1-loc-3 package-2 capacity-1 capacity-2)
  (drop truck-3 city-1-loc-3 package-2 capacity-2 capacity-3)
  (drop truck-3 city-1-loc-3 package-2 capacity-3 capacity-4)
  (drop truck-3 city-1-loc-3 package-3 capacity-0 capacity-1)
  (drop truck-3 city-1-loc-3 package-3 capacity-1 capacity-2)
  (drop truck-3 city-1-loc-3 package-3 capacity-2 capacity-3)
  (drop truck-3 city-1-loc-3 package-3 capacity-3 capacity-4)
  (drop truck-3 city-1-loc-3 package-4 capacity-0 capacity-1)
  (drop truck-3 city-1-loc-3 package-4 capacity-1 capacity-2)
  (drop truck-3 city-1-loc-3 package-4 capacity-2 capacity-3)
  (drop truck-3 city-1-loc-3 package-4 capacity-3 capacity-4)
  (drop truck-3 city-1-loc-3 package-5 capacity-0 capacity-1)
  (drop truck-3 city-1-loc-3 package-5 capacity-1 capacity-2)
  (drop truck-3 city-1-loc-3 package-5 capacity-2 capacity-3)
  (drop truck-3 city-1-loc-3 package-5 capacity-3 capacity-4)
  (drop truck-3 city-1-loc-4 package-1 capacity-0 capacity-1)
  (drop truck-3 city-1-loc-4 package-1 capacity-1 capacity-2)
  (drop truck-3 city-1-loc-4 package-1 capacity-2 capacity-3)
  (drop truck-3 city-1-loc-4 package-1 capacity-3 capacity-4)
  (drop truck-3 city-1-loc-4 package-2 capacity-0 capacity-1)
  (drop truck-3 city-1-loc-4 package-2 capacity-1 capacity-2)
  (drop truck-3 city-1-loc-4 package-2 capacity-2 capacity-3)
  (drop truck-3 city-1-loc-4 package-2 capacity-3 capacity-4)
  (drop truck-3 city-1-loc-4 package-3 capacity-0 capacity-1)
  (drop truck-3 city-1-loc-4 package-3 capacity-1 capacity-2)
  (drop truck-3 city-1-loc-4 package-3 capacity-2 capacity-3)
  (drop truck-3 city-1-loc-4 package-3 capacity-3 capacity-4)
  (drop truck-3 city-1-loc-4 package-4 capacity-0 capacity-1)
  (drop truck-3 city-1-loc-4 package-4 capacity-1 capacity-2)
  (drop truck-3 city-1-loc-4 package-4 capacity-2 capacity-3)
  (drop truck-3 city-1-loc-4 package-4 capacity-3 capacity-4)
  (drop truck-3 city-1-loc-4 package-5 capacity-0 capacity-1)
  (drop truck-3 city-1-loc-4 package-5 capacity-1 capacity-2)
  (drop truck-3 city-1-loc-4 package-5 capacity-2 capacity-3)
  (drop truck-3 city-1-loc-4 package-5 capacity-3 capacity-4)
  (drop truck-3 city-1-loc-5 package-1 capacity-0 capacity-1)
  (drop truck-3 city-1-loc-5 package-1 capacity-1 capacity-2)
  (drop truck-3 city-1-loc-5 package-1 capacity-2 capacity-3)
  (drop truck-3 city-1-loc-5 package-1 capacity-3 capacity-4)
  (drop truck-3 city-1-loc-5 package-2 capacity-0 capacity-1)
  (drop truck-3 city-1-loc-5 package-2 capacity-1 capacity-2)
  (drop truck-3 city-1-loc-5 package-2 capacity-2 capacity-3)
  (drop truck-3 city-1-loc-5 package-2 capacity-3 capacity-4)
  (drop truck-3 city-1-loc-5 package-3 capacity-0 capacity-1)
  (drop truck-3 city-1-loc-5 package-3 capacity-1 capacity-2)
  (drop truck-3 city-1-loc-5 package-3 capacity-2 capacity-3)
  (drop truck-3 city-1-loc-5 package-3 capacity-3 capacity-4)
  (drop truck-3 city-1-loc-5 package-4 capacity-0 capacity-1)
  (drop truck-3 city-1-loc-5 package-4 capacity-1 capacity-2)
  (drop truck-3 city-1-loc-5 package-4 capacity-2 capacity-3)
  (drop truck-3 city-1-loc-5 package-4 capacity-3 capacity-4)
  (drop truck-3 city-1-loc-5 package-5 capacity-0 capacity-1)
  (drop truck-3 city-1-loc-5 package-5 capacity-1 capacity-2)
  (drop truck-3 city-1-loc-5 package-5 capacity-2 capacity-3)
  (drop truck-3 city-1-loc-5 package-5 capacity-3 capacity-4)
  (drop truck-3 city-1-loc-6 package-1 capacity-0 capacity-1)
  (drop truck-3 city-1-loc-6 package-1 capacity-1 capacity-2)
  (drop truck-3 city-1-loc-6 package-1 capacity-2 capacity-3)
  (drop truck-3 city-1-loc-6 package-1 capacity-3 capacity-4)
  (drop truck-3 city-1-loc-6 package-2 capacity-0 capacity-1)
  (drop truck-3 city-1-loc-6 package-2 capacity-1 capacity-2)
  (drop truck-3 city-1-loc-6 package-2 capacity-2 capacity-3)
  (drop truck-3 city-1-loc-6 package-2 capacity-3 capacity-4)
  (drop truck-3 city-1-loc-6 package-3 capacity-0 capacity-1)
  (drop truck-3 city-1-loc-6 package-3 capacity-1 capacity-2)
  (drop truck-3 city-1-loc-6 package-3 capacity-2 capacity-3)
  (drop truck-3 city-1-loc-6 package-3 capacity-3 capacity-4)
  (drop truck-3 city-1-loc-6 package-4 capacity-0 capacity-1)
  (drop truck-3 city-1-loc-6 package-4 capacity-1 capacity-2)
  (drop truck-3 city-1-loc-6 package-4 capacity-2 capacity-3)
  (drop truck-3 city-1-loc-6 package-4 capacity-3 capacity-4)
  (drop truck-3 city-1-loc-6 package-5 capacity-0 capacity-1)
  (drop truck-3 city-1-loc-6 package-5 capacity-1 capacity-2)
  (drop truck-3 city-1-loc-6 package-5 capacity-2 capacity-3)
  (drop truck-3 city-1-loc-6 package-5 capacity-3 capacity-4)
  (drop truck-3 city-1-loc-7 package-1 capacity-0 capacity-1)
  (drop truck-3 city-1-loc-7 package-1 capacity-1 capacity-2)
  (drop truck-3 city-1-loc-7 package-1 capacity-2 capacity-3)
  (drop truck-3 city-1-loc-7 package-1 capacity-3 capacity-4)
  (drop truck-3 city-1-loc-7 package-2 capacity-0 capacity-1)
  (drop truck-3 city-1-loc-7 package-2 capacity-1 capacity-2)
  (drop truck-3 city-1-loc-7 package-2 capacity-2 capacity-3)
  (drop truck-3 city-1-loc-7 package-2 capacity-3 capacity-4)
  (drop truck-3 city-1-loc-7 package-3 capacity-0 capacity-1)
  (drop truck-3 city-1-loc-7 package-3 capacity-1 capacity-2)
  (drop truck-3 city-1-loc-7 package-3 capacity-2 capacity-3)
  (drop truck-3 city-1-loc-7 package-3 capacity-3 capacity-4)
  (drop truck-3 city-1-loc-7 package-4 capacity-0 capacity-1)
  (drop truck-3 city-1-loc-7 package-4 capacity-1 capacity-2)
  (drop truck-3 city-1-loc-7 package-4 capacity-2 capacity-3)
  (drop truck-3 city-1-loc-7 package-4 capacity-3 capacity-4)
  (drop truck-3 city-1-loc-7 package-5 capacity-0 capacity-1)
  (drop truck-3 city-1-loc-7 package-5 capacity-1 capacity-2)
  (drop truck-3 city-1-loc-7 package-5 capacity-2 capacity-3)
  (drop truck-3 city-1-loc-7 package-5 capacity-3 capacity-4)
  (drop truck-3 city-1-loc-8 package-1 capacity-0 capacity-1)
  (drop truck-3 city-1-loc-8 package-1 capacity-1 capacity-2)
  (drop truck-3 city-1-loc-8 package-1 capacity-2 capacity-3)
  (drop truck-3 city-1-loc-8 package-1 capacity-3 capacity-4)
  (drop truck-3 city-1-loc-8 package-2 capacity-0 capacity-1)
  (drop truck-3 city-1-loc-8 package-2 capacity-1 capacity-2)
  (drop truck-3 city-1-loc-8 package-2 capacity-2 capacity-3)
  (drop truck-3 city-1-loc-8 package-2 capacity-3 capacity-4)
  (drop truck-3 city-1-loc-8 package-3 capacity-0 capacity-1)
  (drop truck-3 city-1-loc-8 package-3 capacity-1 capacity-2)
  (drop truck-3 city-1-loc-8 package-3 capacity-2 capacity-3)
  (drop truck-3 city-1-loc-8 package-3 capacity-3 capacity-4)
  (drop truck-3 city-1-loc-8 package-4 capacity-0 capacity-1)
  (drop truck-3 city-1-loc-8 package-4 capacity-1 capacity-2)
  (drop truck-3 city-1-loc-8 package-4 capacity-2 capacity-3)
  (drop truck-3 city-1-loc-8 package-4 capacity-3 capacity-4)
  (drop truck-3 city-1-loc-8 package-5 capacity-0 capacity-1)
  (drop truck-3 city-1-loc-8 package-5 capacity-1 capacity-2)
  (drop truck-3 city-1-loc-8 package-5 capacity-2 capacity-3)
  (drop truck-3 city-1-loc-8 package-5 capacity-3 capacity-4)
  (drop truck-3 city-1-loc-9 package-1 capacity-0 capacity-1)
  (drop truck-3 city-1-loc-9 package-1 capacity-1 capacity-2)
  (drop truck-3 city-1-loc-9 package-1 capacity-2 capacity-3)
  (drop truck-3 city-1-loc-9 package-1 capacity-3 capacity-4)
  (drop truck-3 city-1-loc-9 package-2 capacity-0 capacity-1)
  (drop truck-3 city-1-loc-9 package-2 capacity-1 capacity-2)
  (drop truck-3 city-1-loc-9 package-2 capacity-2 capacity-3)
  (drop truck-3 city-1-loc-9 package-2 capacity-3 capacity-4)
  (drop truck-3 city-1-loc-9 package-3 capacity-0 capacity-1)
  (drop truck-3 city-1-loc-9 package-3 capacity-1 capacity-2)
  (drop truck-3 city-1-loc-9 package-3 capacity-2 capacity-3)
  (drop truck-3 city-1-loc-9 package-3 capacity-3 capacity-4)
  (drop truck-3 city-1-loc-9 package-4 capacity-0 capacity-1)
  (drop truck-3 city-1-loc-9 package-4 capacity-1 capacity-2)
  (drop truck-3 city-1-loc-9 package-4 capacity-2 capacity-3)
  (drop truck-3 city-1-loc-9 package-4 capacity-3 capacity-4)
  (drop truck-3 city-1-loc-9 package-5 capacity-0 capacity-1)
  (drop truck-3 city-1-loc-9 package-5 capacity-1 capacity-2)
  (drop truck-3 city-1-loc-9 package-5 capacity-2 capacity-3)
  (drop truck-3 city-1-loc-9 package-5 capacity-3 capacity-4)
  (drop truck-3 city-2-loc-1 package-1 capacity-0 capacity-1)
  (drop truck-3 city-2-loc-1 package-1 capacity-1 capacity-2)
  (drop truck-3 city-2-loc-1 package-1 capacity-2 capacity-3)
  (drop truck-3 city-2-loc-1 package-1 capacity-3 capacity-4)
  (drop truck-3 city-2-loc-1 package-2 capacity-0 capacity-1)
  (drop truck-3 city-2-loc-1 package-2 capacity-1 capacity-2)
  (drop truck-3 city-2-loc-1 package-2 capacity-2 capacity-3)
  (drop truck-3 city-2-loc-1 package-2 capacity-3 capacity-4)
  (drop truck-3 city-2-loc-1 package-3 capacity-0 capacity-1)
  (drop truck-3 city-2-loc-1 package-3 capacity-1 capacity-2)
  (drop truck-3 city-2-loc-1 package-3 capacity-2 capacity-3)
  (drop truck-3 city-2-loc-1 package-3 capacity-3 capacity-4)
  (drop truck-3 city-2-loc-1 package-4 capacity-0 capacity-1)
  (drop truck-3 city-2-loc-1 package-4 capacity-1 capacity-2)
  (drop truck-3 city-2-loc-1 package-4 capacity-2 capacity-3)
  (drop truck-3 city-2-loc-1 package-4 capacity-3 capacity-4)
  (drop truck-3 city-2-loc-1 package-5 capacity-0 capacity-1)
  (drop truck-3 city-2-loc-1 package-5 capacity-1 capacity-2)
  (drop truck-3 city-2-loc-1 package-5 capacity-2 capacity-3)
  (drop truck-3 city-2-loc-1 package-5 capacity-3 capacity-4)
  (drop truck-3 city-2-loc-10 package-1 capacity-0 capacity-1)
  (drop truck-3 city-2-loc-10 package-1 capacity-1 capacity-2)
  (drop truck-3 city-2-loc-10 package-1 capacity-2 capacity-3)
  (drop truck-3 city-2-loc-10 package-1 capacity-3 capacity-4)
  (drop truck-3 city-2-loc-10 package-2 capacity-0 capacity-1)
  (drop truck-3 city-2-loc-10 package-2 capacity-1 capacity-2)
  (drop truck-3 city-2-loc-10 package-2 capacity-2 capacity-3)
  (drop truck-3 city-2-loc-10 package-2 capacity-3 capacity-4)
  (drop truck-3 city-2-loc-10 package-3 capacity-0 capacity-1)
  (drop truck-3 city-2-loc-10 package-3 capacity-1 capacity-2)
  (drop truck-3 city-2-loc-10 package-3 capacity-2 capacity-3)
  (drop truck-3 city-2-loc-10 package-3 capacity-3 capacity-4)
  (drop truck-3 city-2-loc-10 package-4 capacity-0 capacity-1)
  (drop truck-3 city-2-loc-10 package-4 capacity-1 capacity-2)
  (drop truck-3 city-2-loc-10 package-4 capacity-2 capacity-3)
  (drop truck-3 city-2-loc-10 package-4 capacity-3 capacity-4)
  (drop truck-3 city-2-loc-10 package-5 capacity-0 capacity-1)
  (drop truck-3 city-2-loc-10 package-5 capacity-1 capacity-2)
  (drop truck-3 city-2-loc-10 package-5 capacity-2 capacity-3)
  (drop truck-3 city-2-loc-10 package-5 capacity-3 capacity-4)
  (drop truck-3 city-2-loc-11 package-1 capacity-0 capacity-1)
  (drop truck-3 city-2-loc-11 package-1 capacity-1 capacity-2)
  (drop truck-3 city-2-loc-11 package-1 capacity-2 capacity-3)
  (drop truck-3 city-2-loc-11 package-1 capacity-3 capacity-4)
  (drop truck-3 city-2-loc-11 package-2 capacity-0 capacity-1)
  (drop truck-3 city-2-loc-11 package-2 capacity-1 capacity-2)
  (drop truck-3 city-2-loc-11 package-2 capacity-2 capacity-3)
  (drop truck-3 city-2-loc-11 package-2 capacity-3 capacity-4)
  (drop truck-3 city-2-loc-11 package-3 capacity-0 capacity-1)
  (drop truck-3 city-2-loc-11 package-3 capacity-1 capacity-2)
  (drop truck-3 city-2-loc-11 package-3 capacity-2 capacity-3)
  (drop truck-3 city-2-loc-11 package-3 capacity-3 capacity-4)
  (drop truck-3 city-2-loc-11 package-4 capacity-0 capacity-1)
  (drop truck-3 city-2-loc-11 package-4 capacity-1 capacity-2)
  (drop truck-3 city-2-loc-11 package-4 capacity-2 capacity-3)
  (drop truck-3 city-2-loc-11 package-4 capacity-3 capacity-4)
  (drop truck-3 city-2-loc-11 package-5 capacity-0 capacity-1)
  (drop truck-3 city-2-loc-11 package-5 capacity-1 capacity-2)
  (drop truck-3 city-2-loc-11 package-5 capacity-2 capacity-3)
  (drop truck-3 city-2-loc-11 package-5 capacity-3 capacity-4)
  (drop truck-3 city-2-loc-12 package-1 capacity-0 capacity-1)
  (drop truck-3 city-2-loc-12 package-1 capacity-1 capacity-2)
  (drop truck-3 city-2-loc-12 package-1 capacity-2 capacity-3)
  (drop truck-3 city-2-loc-12 package-1 capacity-3 capacity-4)
  (drop truck-3 city-2-loc-12 package-2 capacity-0 capacity-1)
  (drop truck-3 city-2-loc-12 package-2 capacity-1 capacity-2)
  (drop truck-3 city-2-loc-12 package-2 capacity-2 capacity-3)
  (drop truck-3 city-2-loc-12 package-2 capacity-3 capacity-4)
  (drop truck-3 city-2-loc-12 package-3 capacity-0 capacity-1)
  (drop truck-3 city-2-loc-12 package-3 capacity-1 capacity-2)
  (drop truck-3 city-2-loc-12 package-3 capacity-2 capacity-3)
  (drop truck-3 city-2-loc-12 package-3 capacity-3 capacity-4)
  (drop truck-3 city-2-loc-12 package-4 capacity-0 capacity-1)
  (drop truck-3 city-2-loc-12 package-4 capacity-1 capacity-2)
  (drop truck-3 city-2-loc-12 package-4 capacity-2 capacity-3)
  (drop truck-3 city-2-loc-12 package-4 capacity-3 capacity-4)
  (drop truck-3 city-2-loc-12 package-5 capacity-0 capacity-1)
  (drop truck-3 city-2-loc-12 package-5 capacity-1 capacity-2)
  (drop truck-3 city-2-loc-12 package-5 capacity-2 capacity-3)
  (drop truck-3 city-2-loc-12 package-5 capacity-3 capacity-4)
  (drop truck-3 city-2-loc-13 package-1 capacity-0 capacity-1)
  (drop truck-3 city-2-loc-13 package-1 capacity-1 capacity-2)
  (drop truck-3 city-2-loc-13 package-1 capacity-2 capacity-3)
  (drop truck-3 city-2-loc-13 package-1 capacity-3 capacity-4)
  (drop truck-3 city-2-loc-13 package-2 capacity-0 capacity-1)
  (drop truck-3 city-2-loc-13 package-2 capacity-1 capacity-2)
  (drop truck-3 city-2-loc-13 package-2 capacity-2 capacity-3)
  (drop truck-3 city-2-loc-13 package-2 capacity-3 capacity-4)
  (drop truck-3 city-2-loc-13 package-3 capacity-0 capacity-1)
  (drop truck-3 city-2-loc-13 package-3 capacity-1 capacity-2)
  (drop truck-3 city-2-loc-13 package-3 capacity-2 capacity-3)
  (drop truck-3 city-2-loc-13 package-3 capacity-3 capacity-4)
  (drop truck-3 city-2-loc-13 package-4 capacity-0 capacity-1)
  (drop truck-3 city-2-loc-13 package-4 capacity-1 capacity-2)
  (drop truck-3 city-2-loc-13 package-4 capacity-2 capacity-3)
  (drop truck-3 city-2-loc-13 package-4 capacity-3 capacity-4)
  (drop truck-3 city-2-loc-13 package-5 capacity-0 capacity-1)
  (drop truck-3 city-2-loc-13 package-5 capacity-1 capacity-2)
  (drop truck-3 city-2-loc-13 package-5 capacity-2 capacity-3)
  (drop truck-3 city-2-loc-13 package-5 capacity-3 capacity-4)
  (drop truck-3 city-2-loc-14 package-1 capacity-0 capacity-1)
  (drop truck-3 city-2-loc-14 package-1 capacity-1 capacity-2)
  (drop truck-3 city-2-loc-14 package-1 capacity-2 capacity-3)
  (drop truck-3 city-2-loc-14 package-1 capacity-3 capacity-4)
  (drop truck-3 city-2-loc-14 package-2 capacity-0 capacity-1)
  (drop truck-3 city-2-loc-14 package-2 capacity-1 capacity-2)
  (drop truck-3 city-2-loc-14 package-2 capacity-2 capacity-3)
  (drop truck-3 city-2-loc-14 package-2 capacity-3 capacity-4)
  (drop truck-3 city-2-loc-14 package-3 capacity-0 capacity-1)
  (drop truck-3 city-2-loc-14 package-3 capacity-1 capacity-2)
  (drop truck-3 city-2-loc-14 package-3 capacity-2 capacity-3)
  (drop truck-3 city-2-loc-14 package-3 capacity-3 capacity-4)
  (drop truck-3 city-2-loc-14 package-4 capacity-0 capacity-1)
  (drop truck-3 city-2-loc-14 package-4 capacity-1 capacity-2)
  (drop truck-3 city-2-loc-14 package-4 capacity-2 capacity-3)
  (drop truck-3 city-2-loc-14 package-4 capacity-3 capacity-4)
  (drop truck-3 city-2-loc-14 package-5 capacity-0 capacity-1)
  (drop truck-3 city-2-loc-14 package-5 capacity-1 capacity-2)
  (drop truck-3 city-2-loc-14 package-5 capacity-2 capacity-3)
  (drop truck-3 city-2-loc-14 package-5 capacity-3 capacity-4)
  (drop truck-3 city-2-loc-15 package-1 capacity-0 capacity-1)
  (drop truck-3 city-2-loc-15 package-1 capacity-1 capacity-2)
  (drop truck-3 city-2-loc-15 package-1 capacity-2 capacity-3)
  (drop truck-3 city-2-loc-15 package-1 capacity-3 capacity-4)
  (drop truck-3 city-2-loc-15 package-2 capacity-0 capacity-1)
  (drop truck-3 city-2-loc-15 package-2 capacity-1 capacity-2)
  (drop truck-3 city-2-loc-15 package-2 capacity-2 capacity-3)
  (drop truck-3 city-2-loc-15 package-2 capacity-3 capacity-4)
  (drop truck-3 city-2-loc-15 package-3 capacity-0 capacity-1)
  (drop truck-3 city-2-loc-15 package-3 capacity-1 capacity-2)
  (drop truck-3 city-2-loc-15 package-3 capacity-2 capacity-3)
  (drop truck-3 city-2-loc-15 package-3 capacity-3 capacity-4)
  (drop truck-3 city-2-loc-15 package-4 capacity-0 capacity-1)
  (drop truck-3 city-2-loc-15 package-4 capacity-1 capacity-2)
  (drop truck-3 city-2-loc-15 package-4 capacity-2 capacity-3)
  (drop truck-3 city-2-loc-15 package-4 capacity-3 capacity-4)
  (drop truck-3 city-2-loc-15 package-5 capacity-0 capacity-1)
  (drop truck-3 city-2-loc-15 package-5 capacity-1 capacity-2)
  (drop truck-3 city-2-loc-15 package-5 capacity-2 capacity-3)
  (drop truck-3 city-2-loc-15 package-5 capacity-3 capacity-4)
  (drop truck-3 city-2-loc-2 package-1 capacity-0 capacity-1)
  (drop truck-3 city-2-loc-2 package-1 capacity-1 capacity-2)
  (drop truck-3 city-2-loc-2 package-1 capacity-2 capacity-3)
  (drop truck-3 city-2-loc-2 package-1 capacity-3 capacity-4)
  (drop truck-3 city-2-loc-2 package-2 capacity-0 capacity-1)
  (drop truck-3 city-2-loc-2 package-2 capacity-1 capacity-2)
  (drop truck-3 city-2-loc-2 package-2 capacity-2 capacity-3)
  (drop truck-3 city-2-loc-2 package-2 capacity-3 capacity-4)
  (drop truck-3 city-2-loc-2 package-3 capacity-0 capacity-1)
  (drop truck-3 city-2-loc-2 package-3 capacity-1 capacity-2)
  (drop truck-3 city-2-loc-2 package-3 capacity-2 capacity-3)
  (drop truck-3 city-2-loc-2 package-3 capacity-3 capacity-4)
  (drop truck-3 city-2-loc-2 package-4 capacity-0 capacity-1)
  (drop truck-3 city-2-loc-2 package-4 capacity-1 capacity-2)
  (drop truck-3 city-2-loc-2 package-4 capacity-2 capacity-3)
  (drop truck-3 city-2-loc-2 package-4 capacity-3 capacity-4)
  (drop truck-3 city-2-loc-2 package-5 capacity-0 capacity-1)
  (drop truck-3 city-2-loc-2 package-5 capacity-1 capacity-2)
  (drop truck-3 city-2-loc-2 package-5 capacity-2 capacity-3)
  (drop truck-3 city-2-loc-2 package-5 capacity-3 capacity-4)
  (drop truck-3 city-2-loc-3 package-1 capacity-0 capacity-1)
  (drop truck-3 city-2-loc-3 package-1 capacity-1 capacity-2)
  (drop truck-3 city-2-loc-3 package-1 capacity-2 capacity-3)
  (drop truck-3 city-2-loc-3 package-1 capacity-3 capacity-4)
  (drop truck-3 city-2-loc-3 package-2 capacity-0 capacity-1)
  (drop truck-3 city-2-loc-3 package-2 capacity-1 capacity-2)
  (drop truck-3 city-2-loc-3 package-2 capacity-2 capacity-3)
  (drop truck-3 city-2-loc-3 package-2 capacity-3 capacity-4)
  (drop truck-3 city-2-loc-3 package-3 capacity-0 capacity-1)
  (drop truck-3 city-2-loc-3 package-3 capacity-1 capacity-2)
  (drop truck-3 city-2-loc-3 package-3 capacity-2 capacity-3)
  (drop truck-3 city-2-loc-3 package-3 capacity-3 capacity-4)
  (drop truck-3 city-2-loc-3 package-4 capacity-0 capacity-1)
  (drop truck-3 city-2-loc-3 package-4 capacity-1 capacity-2)
  (drop truck-3 city-2-loc-3 package-4 capacity-2 capacity-3)
  (drop truck-3 city-2-loc-3 package-4 capacity-3 capacity-4)
  (drop truck-3 city-2-loc-3 package-5 capacity-0 capacity-1)
  (drop truck-3 city-2-loc-3 package-5 capacity-1 capacity-2)
  (drop truck-3 city-2-loc-3 package-5 capacity-2 capacity-3)
  (drop truck-3 city-2-loc-3 package-5 capacity-3 capacity-4)
  (drop truck-3 city-2-loc-4 package-1 capacity-0 capacity-1)
  (drop truck-3 city-2-loc-4 package-1 capacity-1 capacity-2)
  (drop truck-3 city-2-loc-4 package-1 capacity-2 capacity-3)
  (drop truck-3 city-2-loc-4 package-1 capacity-3 capacity-4)
  (drop truck-3 city-2-loc-4 package-2 capacity-0 capacity-1)
  (drop truck-3 city-2-loc-4 package-2 capacity-1 capacity-2)
  (drop truck-3 city-2-loc-4 package-2 capacity-2 capacity-3)
  (drop truck-3 city-2-loc-4 package-2 capacity-3 capacity-4)
  (drop truck-3 city-2-loc-4 package-3 capacity-0 capacity-1)
  (drop truck-3 city-2-loc-4 package-3 capacity-1 capacity-2)
  (drop truck-3 city-2-loc-4 package-3 capacity-2 capacity-3)
  (drop truck-3 city-2-loc-4 package-3 capacity-3 capacity-4)
  (drop truck-3 city-2-loc-4 package-4 capacity-0 capacity-1)
  (drop truck-3 city-2-loc-4 package-4 capacity-1 capacity-2)
  (drop truck-3 city-2-loc-4 package-4 capacity-2 capacity-3)
  (drop truck-3 city-2-loc-4 package-4 capacity-3 capacity-4)
  (drop truck-3 city-2-loc-4 package-5 capacity-0 capacity-1)
  (drop truck-3 city-2-loc-4 package-5 capacity-1 capacity-2)
  (drop truck-3 city-2-loc-4 package-5 capacity-2 capacity-3)
  (drop truck-3 city-2-loc-4 package-5 capacity-3 capacity-4)
  (drop truck-3 city-2-loc-5 package-1 capacity-0 capacity-1)
  (drop truck-3 city-2-loc-5 package-1 capacity-1 capacity-2)
  (drop truck-3 city-2-loc-5 package-1 capacity-2 capacity-3)
  (drop truck-3 city-2-loc-5 package-1 capacity-3 capacity-4)
  (drop truck-3 city-2-loc-5 package-2 capacity-0 capacity-1)
  (drop truck-3 city-2-loc-5 package-2 capacity-1 capacity-2)
  (drop truck-3 city-2-loc-5 package-2 capacity-2 capacity-3)
  (drop truck-3 city-2-loc-5 package-2 capacity-3 capacity-4)
  (drop truck-3 city-2-loc-5 package-3 capacity-0 capacity-1)
  (drop truck-3 city-2-loc-5 package-3 capacity-1 capacity-2)
  (drop truck-3 city-2-loc-5 package-3 capacity-2 capacity-3)
  (drop truck-3 city-2-loc-5 package-3 capacity-3 capacity-4)
  (drop truck-3 city-2-loc-5 package-4 capacity-0 capacity-1)
  (drop truck-3 city-2-loc-5 package-4 capacity-1 capacity-2)
  (drop truck-3 city-2-loc-5 package-4 capacity-2 capacity-3)
  (drop truck-3 city-2-loc-5 package-4 capacity-3 capacity-4)
  (drop truck-3 city-2-loc-5 package-5 capacity-0 capacity-1)
  (drop truck-3 city-2-loc-5 package-5 capacity-1 capacity-2)
  (drop truck-3 city-2-loc-5 package-5 capacity-2 capacity-3)
  (drop truck-3 city-2-loc-5 package-5 capacity-3 capacity-4)
  (drop truck-3 city-2-loc-6 package-1 capacity-0 capacity-1)
  (drop truck-3 city-2-loc-6 package-1 capacity-1 capacity-2)
  (drop truck-3 city-2-loc-6 package-1 capacity-2 capacity-3)
  (drop truck-3 city-2-loc-6 package-1 capacity-3 capacity-4)
  (drop truck-3 city-2-loc-6 package-2 capacity-0 capacity-1)
  (drop truck-3 city-2-loc-6 package-2 capacity-1 capacity-2)
  (drop truck-3 city-2-loc-6 package-2 capacity-2 capacity-3)
  (drop truck-3 city-2-loc-6 package-2 capacity-3 capacity-4)
  (drop truck-3 city-2-loc-6 package-3 capacity-0 capacity-1)
  (drop truck-3 city-2-loc-6 package-3 capacity-1 capacity-2)
  (drop truck-3 city-2-loc-6 package-3 capacity-2 capacity-3)
  (drop truck-3 city-2-loc-6 package-3 capacity-3 capacity-4)
  (drop truck-3 city-2-loc-6 package-4 capacity-0 capacity-1)
  (drop truck-3 city-2-loc-6 package-4 capacity-1 capacity-2)
  (drop truck-3 city-2-loc-6 package-4 capacity-2 capacity-3)
  (drop truck-3 city-2-loc-6 package-4 capacity-3 capacity-4)
  (drop truck-3 city-2-loc-6 package-5 capacity-0 capacity-1)
  (drop truck-3 city-2-loc-6 package-5 capacity-1 capacity-2)
  (drop truck-3 city-2-loc-6 package-5 capacity-2 capacity-3)
  (drop truck-3 city-2-loc-6 package-5 capacity-3 capacity-4)
  (drop truck-3 city-2-loc-7 package-1 capacity-0 capacity-1)
  (drop truck-3 city-2-loc-7 package-1 capacity-1 capacity-2)
  (drop truck-3 city-2-loc-7 package-1 capacity-2 capacity-3)
  (drop truck-3 city-2-loc-7 package-1 capacity-3 capacity-4)
  (drop truck-3 city-2-loc-7 package-2 capacity-0 capacity-1)
  (drop truck-3 city-2-loc-7 package-2 capacity-1 capacity-2)
  (drop truck-3 city-2-loc-7 package-2 capacity-2 capacity-3)
  (drop truck-3 city-2-loc-7 package-2 capacity-3 capacity-4)
  (drop truck-3 city-2-loc-7 package-3 capacity-0 capacity-1)
  (drop truck-3 city-2-loc-7 package-3 capacity-1 capacity-2)
  (drop truck-3 city-2-loc-7 package-3 capacity-2 capacity-3)
  (drop truck-3 city-2-loc-7 package-3 capacity-3 capacity-4)
  (drop truck-3 city-2-loc-7 package-4 capacity-0 capacity-1)
  (drop truck-3 city-2-loc-7 package-4 capacity-1 capacity-2)
  (drop truck-3 city-2-loc-7 package-4 capacity-2 capacity-3)
  (drop truck-3 city-2-loc-7 package-4 capacity-3 capacity-4)
  (drop truck-3 city-2-loc-7 package-5 capacity-0 capacity-1)
  (drop truck-3 city-2-loc-7 package-5 capacity-1 capacity-2)
  (drop truck-3 city-2-loc-7 package-5 capacity-2 capacity-3)
  (drop truck-3 city-2-loc-7 package-5 capacity-3 capacity-4)
  (drop truck-3 city-2-loc-8 package-1 capacity-0 capacity-1)
  (drop truck-3 city-2-loc-8 package-1 capacity-1 capacity-2)
  (drop truck-3 city-2-loc-8 package-1 capacity-2 capacity-3)
  (drop truck-3 city-2-loc-8 package-1 capacity-3 capacity-4)
  (drop truck-3 city-2-loc-8 package-2 capacity-0 capacity-1)
  (drop truck-3 city-2-loc-8 package-2 capacity-1 capacity-2)
  (drop truck-3 city-2-loc-8 package-2 capacity-2 capacity-3)
  (drop truck-3 city-2-loc-8 package-2 capacity-3 capacity-4)
  (drop truck-3 city-2-loc-8 package-3 capacity-0 capacity-1)
  (drop truck-3 city-2-loc-8 package-3 capacity-1 capacity-2)
  (drop truck-3 city-2-loc-8 package-3 capacity-2 capacity-3)
  (drop truck-3 city-2-loc-8 package-3 capacity-3 capacity-4)
  (drop truck-3 city-2-loc-8 package-4 capacity-0 capacity-1)
  (drop truck-3 city-2-loc-8 package-4 capacity-1 capacity-2)
  (drop truck-3 city-2-loc-8 package-4 capacity-2 capacity-3)
  (drop truck-3 city-2-loc-8 package-4 capacity-3 capacity-4)
  (drop truck-3 city-2-loc-8 package-5 capacity-0 capacity-1)
  (drop truck-3 city-2-loc-8 package-5 capacity-1 capacity-2)
  (drop truck-3 city-2-loc-8 package-5 capacity-2 capacity-3)
  (drop truck-3 city-2-loc-8 package-5 capacity-3 capacity-4)
  (drop truck-3 city-2-loc-9 package-1 capacity-0 capacity-1)
  (drop truck-3 city-2-loc-9 package-1 capacity-1 capacity-2)
  (drop truck-3 city-2-loc-9 package-1 capacity-2 capacity-3)
  (drop truck-3 city-2-loc-9 package-1 capacity-3 capacity-4)
  (drop truck-3 city-2-loc-9 package-2 capacity-0 capacity-1)
  (drop truck-3 city-2-loc-9 package-2 capacity-1 capacity-2)
  (drop truck-3 city-2-loc-9 package-2 capacity-2 capacity-3)
  (drop truck-3 city-2-loc-9 package-2 capacity-3 capacity-4)
  (drop truck-3 city-2-loc-9 package-3 capacity-0 capacity-1)
  (drop truck-3 city-2-loc-9 package-3 capacity-1 capacity-2)
  (drop truck-3 city-2-loc-9 package-3 capacity-2 capacity-3)
  (drop truck-3 city-2-loc-9 package-3 capacity-3 capacity-4)
  (drop truck-3 city-2-loc-9 package-4 capacity-0 capacity-1)
  (drop truck-3 city-2-loc-9 package-4 capacity-1 capacity-2)
  (drop truck-3 city-2-loc-9 package-4 capacity-2 capacity-3)
  (drop truck-3 city-2-loc-9 package-4 capacity-3 capacity-4)
  (drop truck-3 city-2-loc-9 package-5 capacity-0 capacity-1)
  (drop truck-3 city-2-loc-9 package-5 capacity-1 capacity-2)
  (drop truck-3 city-2-loc-9 package-5 capacity-2 capacity-3)
  (drop truck-3 city-2-loc-9 package-5 capacity-3 capacity-4)
  (pick-up truck-3 city-1-loc-1 package-1 capacity-0 capacity-1)
  (pick-up truck-3 city-1-loc-1 package-1 capacity-1 capacity-2)
  (pick-up truck-3 city-1-loc-1 package-1 capacity-2 capacity-3)
  (pick-up truck-3 city-1-loc-1 package-1 capacity-3 capacity-4)
  (pick-up truck-3 city-1-loc-1 package-2 capacity-0 capacity-1)
  (pick-up truck-3 city-1-loc-1 package-2 capacity-1 capacity-2)
  (pick-up truck-3 city-1-loc-1 package-2 capacity-2 capacity-3)
  (pick-up truck-3 city-1-loc-1 package-2 capacity-3 capacity-4)
  (pick-up truck-3 city-1-loc-1 package-3 capacity-0 capacity-1)
  (pick-up truck-3 city-1-loc-1 package-3 capacity-1 capacity-2)
  (pick-up truck-3 city-1-loc-1 package-3 capacity-2 capacity-3)
  (pick-up truck-3 city-1-loc-1 package-3 capacity-3 capacity-4)
  (pick-up truck-3 city-1-loc-1 package-4 capacity-0 capacity-1)
  (pick-up truck-3 city-1-loc-1 package-4 capacity-1 capacity-2)
  (pick-up truck-3 city-1-loc-1 package-4 capacity-2 capacity-3)
  (pick-up truck-3 city-1-loc-1 package-4 capacity-3 capacity-4)
  (pick-up truck-3 city-1-loc-1 package-5 capacity-0 capacity-1)
  (pick-up truck-3 city-1-loc-1 package-5 capacity-1 capacity-2)
  (pick-up truck-3 city-1-loc-1 package-5 capacity-2 capacity-3)
  (pick-up truck-3 city-1-loc-1 package-5 capacity-3 capacity-4)
  (pick-up truck-3 city-1-loc-10 package-1 capacity-0 capacity-1)
  (pick-up truck-3 city-1-loc-10 package-1 capacity-1 capacity-2)
  (pick-up truck-3 city-1-loc-10 package-1 capacity-2 capacity-3)
  (pick-up truck-3 city-1-loc-10 package-1 capacity-3 capacity-4)
  (pick-up truck-3 city-1-loc-10 package-2 capacity-0 capacity-1)
  (pick-up truck-3 city-1-loc-10 package-2 capacity-1 capacity-2)
  (pick-up truck-3 city-1-loc-10 package-2 capacity-2 capacity-3)
  (pick-up truck-3 city-1-loc-10 package-2 capacity-3 capacity-4)
  (pick-up truck-3 city-1-loc-10 package-3 capacity-0 capacity-1)
  (pick-up truck-3 city-1-loc-10 package-3 capacity-1 capacity-2)
  (pick-up truck-3 city-1-loc-10 package-3 capacity-2 capacity-3)
  (pick-up truck-3 city-1-loc-10 package-3 capacity-3 capacity-4)
  (pick-up truck-3 city-1-loc-10 package-4 capacity-0 capacity-1)
  (pick-up truck-3 city-1-loc-10 package-4 capacity-1 capacity-2)
  (pick-up truck-3 city-1-loc-10 package-4 capacity-2 capacity-3)
  (pick-up truck-3 city-1-loc-10 package-4 capacity-3 capacity-4)
  (pick-up truck-3 city-1-loc-10 package-5 capacity-0 capacity-1)
  (pick-up truck-3 city-1-loc-10 package-5 capacity-1 capacity-2)
  (pick-up truck-3 city-1-loc-10 package-5 capacity-2 capacity-3)
  (pick-up truck-3 city-1-loc-10 package-5 capacity-3 capacity-4)
  (pick-up truck-3 city-1-loc-11 package-1 capacity-0 capacity-1)
  (pick-up truck-3 city-1-loc-11 package-1 capacity-1 capacity-2)
  (pick-up truck-3 city-1-loc-11 package-1 capacity-2 capacity-3)
  (pick-up truck-3 city-1-loc-11 package-1 capacity-3 capacity-4)
  (pick-up truck-3 city-1-loc-11 package-2 capacity-0 capacity-1)
  (pick-up truck-3 city-1-loc-11 package-2 capacity-1 capacity-2)
  (pick-up truck-3 city-1-loc-11 package-2 capacity-2 capacity-3)
  (pick-up truck-3 city-1-loc-11 package-2 capacity-3 capacity-4)
  (pick-up truck-3 city-1-loc-11 package-3 capacity-0 capacity-1)
  (pick-up truck-3 city-1-loc-11 package-3 capacity-1 capacity-2)
  (pick-up truck-3 city-1-loc-11 package-3 capacity-2 capacity-3)
  (pick-up truck-3 city-1-loc-11 package-3 capacity-3 capacity-4)
  (pick-up truck-3 city-1-loc-11 package-4 capacity-0 capacity-1)
  (pick-up truck-3 city-1-loc-11 package-4 capacity-1 capacity-2)
  (pick-up truck-3 city-1-loc-11 package-4 capacity-2 capacity-3)
  (pick-up truck-3 city-1-loc-11 package-4 capacity-3 capacity-4)
  (pick-up truck-3 city-1-loc-11 package-5 capacity-0 capacity-1)
  (pick-up truck-3 city-1-loc-11 package-5 capacity-1 capacity-2)
  (pick-up truck-3 city-1-loc-11 package-5 capacity-2 capacity-3)
  (pick-up truck-3 city-1-loc-11 package-5 capacity-3 capacity-4)
  (pick-up truck-3 city-1-loc-12 package-1 capacity-0 capacity-1)
  (pick-up truck-3 city-1-loc-12 package-1 capacity-1 capacity-2)
  (pick-up truck-3 city-1-loc-12 package-1 capacity-2 capacity-3)
  (pick-up truck-3 city-1-loc-12 package-1 capacity-3 capacity-4)
  (pick-up truck-3 city-1-loc-12 package-2 capacity-0 capacity-1)
  (pick-up truck-3 city-1-loc-12 package-2 capacity-1 capacity-2)
  (pick-up truck-3 city-1-loc-12 package-2 capacity-2 capacity-3)
  (pick-up truck-3 city-1-loc-12 package-2 capacity-3 capacity-4)
  (pick-up truck-3 city-1-loc-12 package-3 capacity-0 capacity-1)
  (pick-up truck-3 city-1-loc-12 package-3 capacity-1 capacity-2)
  (pick-up truck-3 city-1-loc-12 package-3 capacity-2 capacity-3)
  (pick-up truck-3 city-1-loc-12 package-3 capacity-3 capacity-4)
  (pick-up truck-3 city-1-loc-12 package-4 capacity-0 capacity-1)
  (pick-up truck-3 city-1-loc-12 package-4 capacity-1 capacity-2)
  (pick-up truck-3 city-1-loc-12 package-4 capacity-2 capacity-3)
  (pick-up truck-3 city-1-loc-12 package-4 capacity-3 capacity-4)
  (pick-up truck-3 city-1-loc-12 package-5 capacity-0 capacity-1)
  (pick-up truck-3 city-1-loc-12 package-5 capacity-1 capacity-2)
  (pick-up truck-3 city-1-loc-12 package-5 capacity-2 capacity-3)
  (pick-up truck-3 city-1-loc-12 package-5 capacity-3 capacity-4)
  (pick-up truck-3 city-1-loc-13 package-1 capacity-0 capacity-1)
  (pick-up truck-3 city-1-loc-13 package-1 capacity-1 capacity-2)
  (pick-up truck-3 city-1-loc-13 package-1 capacity-2 capacity-3)
  (pick-up truck-3 city-1-loc-13 package-1 capacity-3 capacity-4)
  (pick-up truck-3 city-1-loc-13 package-2 capacity-0 capacity-1)
  (pick-up truck-3 city-1-loc-13 package-2 capacity-1 capacity-2)
  (pick-up truck-3 city-1-loc-13 package-2 capacity-2 capacity-3)
  (pick-up truck-3 city-1-loc-13 package-2 capacity-3 capacity-4)
  (pick-up truck-3 city-1-loc-13 package-3 capacity-0 capacity-1)
  (pick-up truck-3 city-1-loc-13 package-3 capacity-1 capacity-2)
  (pick-up truck-3 city-1-loc-13 package-3 capacity-2 capacity-3)
  (pick-up truck-3 city-1-loc-13 package-3 capacity-3 capacity-4)
  (pick-up truck-3 city-1-loc-13 package-4 capacity-0 capacity-1)
  (pick-up truck-3 city-1-loc-13 package-4 capacity-1 capacity-2)
  (pick-up truck-3 city-1-loc-13 package-4 capacity-2 capacity-3)
  (pick-up truck-3 city-1-loc-13 package-4 capacity-3 capacity-4)
  (pick-up truck-3 city-1-loc-13 package-5 capacity-0 capacity-1)
  (pick-up truck-3 city-1-loc-13 package-5 capacity-1 capacity-2)
  (pick-up truck-3 city-1-loc-13 package-5 capacity-2 capacity-3)
  (pick-up truck-3 city-1-loc-13 package-5 capacity-3 capacity-4)
  (pick-up truck-3 city-1-loc-14 package-1 capacity-0 capacity-1)
  (pick-up truck-3 city-1-loc-14 package-1 capacity-1 capacity-2)
  (pick-up truck-3 city-1-loc-14 package-1 capacity-2 capacity-3)
  (pick-up truck-3 city-1-loc-14 package-1 capacity-3 capacity-4)
  (pick-up truck-3 city-1-loc-14 package-2 capacity-0 capacity-1)
  (pick-up truck-3 city-1-loc-14 package-2 capacity-1 capacity-2)
  (pick-up truck-3 city-1-loc-14 package-2 capacity-2 capacity-3)
  (pick-up truck-3 city-1-loc-14 package-2 capacity-3 capacity-4)
  (pick-up truck-3 city-1-loc-14 package-3 capacity-0 capacity-1)
  (pick-up truck-3 city-1-loc-14 package-3 capacity-1 capacity-2)
  (pick-up truck-3 city-1-loc-14 package-3 capacity-2 capacity-3)
  (pick-up truck-3 city-1-loc-14 package-3 capacity-3 capacity-4)
  (pick-up truck-3 city-1-loc-14 package-4 capacity-0 capacity-1)
  (pick-up truck-3 city-1-loc-14 package-4 capacity-1 capacity-2)
  (pick-up truck-3 city-1-loc-14 package-4 capacity-2 capacity-3)
  (pick-up truck-3 city-1-loc-14 package-4 capacity-3 capacity-4)
  (pick-up truck-3 city-1-loc-14 package-5 capacity-0 capacity-1)
  (pick-up truck-3 city-1-loc-14 package-5 capacity-1 capacity-2)
  (pick-up truck-3 city-1-loc-14 package-5 capacity-2 capacity-3)
  (pick-up truck-3 city-1-loc-14 package-5 capacity-3 capacity-4)
  (pick-up truck-3 city-1-loc-15 package-1 capacity-0 capacity-1)
  (pick-up truck-3 city-1-loc-15 package-1 capacity-1 capacity-2)
  (pick-up truck-3 city-1-loc-15 package-1 capacity-2 capacity-3)
  (pick-up truck-3 city-1-loc-15 package-1 capacity-3 capacity-4)
  (pick-up truck-3 city-1-loc-15 package-2 capacity-0 capacity-1)
  (pick-up truck-3 city-1-loc-15 package-2 capacity-1 capacity-2)
  (pick-up truck-3 city-1-loc-15 package-2 capacity-2 capacity-3)
  (pick-up truck-3 city-1-loc-15 package-2 capacity-3 capacity-4)
  (pick-up truck-3 city-1-loc-15 package-3 capacity-0 capacity-1)
  (pick-up truck-3 city-1-loc-15 package-3 capacity-1 capacity-2)
  (pick-up truck-3 city-1-loc-15 package-3 capacity-2 capacity-3)
  (pick-up truck-3 city-1-loc-15 package-3 capacity-3 capacity-4)
  (pick-up truck-3 city-1-loc-15 package-4 capacity-0 capacity-1)
  (pick-up truck-3 city-1-loc-15 package-4 capacity-1 capacity-2)
  (pick-up truck-3 city-1-loc-15 package-4 capacity-2 capacity-3)
  (pick-up truck-3 city-1-loc-15 package-4 capacity-3 capacity-4)
  (pick-up truck-3 city-1-loc-15 package-5 capacity-0 capacity-1)
  (pick-up truck-3 city-1-loc-15 package-5 capacity-1 capacity-2)
  (pick-up truck-3 city-1-loc-15 package-5 capacity-2 capacity-3)
  (pick-up truck-3 city-1-loc-15 package-5 capacity-3 capacity-4)
  (pick-up truck-3 city-1-loc-2 package-1 capacity-0 capacity-1)
  (pick-up truck-3 city-1-loc-2 package-1 capacity-1 capacity-2)
  (pick-up truck-3 city-1-loc-2 package-1 capacity-2 capacity-3)
  (pick-up truck-3 city-1-loc-2 package-1 capacity-3 capacity-4)
  (pick-up truck-3 city-1-loc-2 package-2 capacity-0 capacity-1)
  (pick-up truck-3 city-1-loc-2 package-2 capacity-1 capacity-2)
  (pick-up truck-3 city-1-loc-2 package-2 capacity-2 capacity-3)
  (pick-up truck-3 city-1-loc-2 package-2 capacity-3 capacity-4)
  (pick-up truck-3 city-1-loc-2 package-3 capacity-0 capacity-1)
  (pick-up truck-3 city-1-loc-2 package-3 capacity-1 capacity-2)
  (pick-up truck-3 city-1-loc-2 package-3 capacity-2 capacity-3)
  (pick-up truck-3 city-1-loc-2 package-3 capacity-3 capacity-4)
  (pick-up truck-3 city-1-loc-2 package-4 capacity-0 capacity-1)
  (pick-up truck-3 city-1-loc-2 package-4 capacity-1 capacity-2)
  (pick-up truck-3 city-1-loc-2 package-4 capacity-2 capacity-3)
  (pick-up truck-3 city-1-loc-2 package-4 capacity-3 capacity-4)
  (pick-up truck-3 city-1-loc-2 package-5 capacity-0 capacity-1)
  (pick-up truck-3 city-1-loc-2 package-5 capacity-1 capacity-2)
  (pick-up truck-3 city-1-loc-2 package-5 capacity-2 capacity-3)
  (pick-up truck-3 city-1-loc-2 package-5 capacity-3 capacity-4)
  (pick-up truck-3 city-1-loc-3 package-1 capacity-0 capacity-1)
  (pick-up truck-3 city-1-loc-3 package-1 capacity-1 capacity-2)
  (pick-up truck-3 city-1-loc-3 package-1 capacity-2 capacity-3)
  (pick-up truck-3 city-1-loc-3 package-1 capacity-3 capacity-4)
  (pick-up truck-3 city-1-loc-3 package-2 capacity-0 capacity-1)
  (pick-up truck-3 city-1-loc-3 package-2 capacity-1 capacity-2)
  (pick-up truck-3 city-1-loc-3 package-2 capacity-2 capacity-3)
  (pick-up truck-3 city-1-loc-3 package-2 capacity-3 capacity-4)
  (pick-up truck-3 city-1-loc-3 package-3 capacity-0 capacity-1)
  (pick-up truck-3 city-1-loc-3 package-3 capacity-1 capacity-2)
  (pick-up truck-3 city-1-loc-3 package-3 capacity-2 capacity-3)
  (pick-up truck-3 city-1-loc-3 package-3 capacity-3 capacity-4)
  (pick-up truck-3 city-1-loc-3 package-4 capacity-0 capacity-1)
  (pick-up truck-3 city-1-loc-3 package-4 capacity-1 capacity-2)
  (pick-up truck-3 city-1-loc-3 package-4 capacity-2 capacity-3)
  (pick-up truck-3 city-1-loc-3 package-4 capacity-3 capacity-4)
  (pick-up truck-3 city-1-loc-3 package-5 capacity-0 capacity-1)
  (pick-up truck-3 city-1-loc-3 package-5 capacity-1 capacity-2)
  (pick-up truck-3 city-1-loc-3 package-5 capacity-2 capacity-3)
  (pick-up truck-3 city-1-loc-3 package-5 capacity-3 capacity-4)
  (pick-up truck-3 city-1-loc-4 package-1 capacity-0 capacity-1)
  (pick-up truck-3 city-1-loc-4 package-1 capacity-1 capacity-2)
  (pick-up truck-3 city-1-loc-4 package-1 capacity-2 capacity-3)
  (pick-up truck-3 city-1-loc-4 package-1 capacity-3 capacity-4)
  (pick-up truck-3 city-1-loc-4 package-2 capacity-0 capacity-1)
  (pick-up truck-3 city-1-loc-4 package-2 capacity-1 capacity-2)
  (pick-up truck-3 city-1-loc-4 package-2 capacity-2 capacity-3)
  (pick-up truck-3 city-1-loc-4 package-2 capacity-3 capacity-4)
  (pick-up truck-3 city-1-loc-4 package-3 capacity-0 capacity-1)
  (pick-up truck-3 city-1-loc-4 package-3 capacity-1 capacity-2)
  (pick-up truck-3 city-1-loc-4 package-3 capacity-2 capacity-3)
  (pick-up truck-3 city-1-loc-4 package-3 capacity-3 capacity-4)
  (pick-up truck-3 city-1-loc-4 package-4 capacity-0 capacity-1)
  (pick-up truck-3 city-1-loc-4 package-4 capacity-1 capacity-2)
  (pick-up truck-3 city-1-loc-4 package-4 capacity-2 capacity-3)
  (pick-up truck-3 city-1-loc-4 package-4 capacity-3 capacity-4)
  (pick-up truck-3 city-1-loc-4 package-5 capacity-0 capacity-1)
  (pick-up truck-3 city-1-loc-4 package-5 capacity-1 capacity-2)
  (pick-up truck-3 city-1-loc-4 package-5 capacity-2 capacity-3)
  (pick-up truck-3 city-1-loc-4 package-5 capacity-3 capacity-4)
  (pick-up truck-3 city-1-loc-5 package-1 capacity-0 capacity-1)
  (pick-up truck-3 city-1-loc-5 package-1 capacity-1 capacity-2)
  (pick-up truck-3 city-1-loc-5 package-1 capacity-2 capacity-3)
  (pick-up truck-3 city-1-loc-5 package-1 capacity-3 capacity-4)
  (pick-up truck-3 city-1-loc-5 package-2 capacity-0 capacity-1)
  (pick-up truck-3 city-1-loc-5 package-2 capacity-1 capacity-2)
  (pick-up truck-3 city-1-loc-5 package-2 capacity-2 capacity-3)
  (pick-up truck-3 city-1-loc-5 package-2 capacity-3 capacity-4)
  (pick-up truck-3 city-1-loc-5 package-3 capacity-0 capacity-1)
  (pick-up truck-3 city-1-loc-5 package-3 capacity-1 capacity-2)
  (pick-up truck-3 city-1-loc-5 package-3 capacity-2 capacity-3)
  (pick-up truck-3 city-1-loc-5 package-3 capacity-3 capacity-4)
  (pick-up truck-3 city-1-loc-5 package-4 capacity-0 capacity-1)
  (pick-up truck-3 city-1-loc-5 package-4 capacity-1 capacity-2)
  (pick-up truck-3 city-1-loc-5 package-4 capacity-2 capacity-3)
  (pick-up truck-3 city-1-loc-5 package-4 capacity-3 capacity-4)
  (pick-up truck-3 city-1-loc-5 package-5 capacity-0 capacity-1)
  (pick-up truck-3 city-1-loc-5 package-5 capacity-1 capacity-2)
  (pick-up truck-3 city-1-loc-5 package-5 capacity-2 capacity-3)
  (pick-up truck-3 city-1-loc-5 package-5 capacity-3 capacity-4)
  (pick-up truck-3 city-1-loc-6 package-1 capacity-0 capacity-1)
  (pick-up truck-3 city-1-loc-6 package-1 capacity-1 capacity-2)
  (pick-up truck-3 city-1-loc-6 package-1 capacity-2 capacity-3)
  (pick-up truck-3 city-1-loc-6 package-1 capacity-3 capacity-4)
  (pick-up truck-3 city-1-loc-6 package-2 capacity-0 capacity-1)
  (pick-up truck-3 city-1-loc-6 package-2 capacity-1 capacity-2)
  (pick-up truck-3 city-1-loc-6 package-2 capacity-2 capacity-3)
  (pick-up truck-3 city-1-loc-6 package-2 capacity-3 capacity-4)
  (pick-up truck-3 city-1-loc-6 package-3 capacity-0 capacity-1)
  (pick-up truck-3 city-1-loc-6 package-3 capacity-1 capacity-2)
  (pick-up truck-3 city-1-loc-6 package-3 capacity-2 capacity-3)
  (pick-up truck-3 city-1-loc-6 package-3 capacity-3 capacity-4)
  (pick-up truck-3 city-1-loc-6 package-4 capacity-0 capacity-1)
  (pick-up truck-3 city-1-loc-6 package-4 capacity-1 capacity-2)
  (pick-up truck-3 city-1-loc-6 package-4 capacity-2 capacity-3)
  (pick-up truck-3 city-1-loc-6 package-4 capacity-3 capacity-4)
  (pick-up truck-3 city-1-loc-6 package-5 capacity-0 capacity-1)
  (pick-up truck-3 city-1-loc-6 package-5 capacity-1 capacity-2)
  (pick-up truck-3 city-1-loc-6 package-5 capacity-2 capacity-3)
  (pick-up truck-3 city-1-loc-6 package-5 capacity-3 capacity-4)
  (pick-up truck-3 city-1-loc-7 package-1 capacity-0 capacity-1)
  (pick-up truck-3 city-1-loc-7 package-1 capacity-1 capacity-2)
  (pick-up truck-3 city-1-loc-7 package-1 capacity-2 capacity-3)
  (pick-up truck-3 city-1-loc-7 package-1 capacity-3 capacity-4)
  (pick-up truck-3 city-1-loc-7 package-2 capacity-0 capacity-1)
  (pick-up truck-3 city-1-loc-7 package-2 capacity-1 capacity-2)
  (pick-up truck-3 city-1-loc-7 package-2 capacity-2 capacity-3)
  (pick-up truck-3 city-1-loc-7 package-2 capacity-3 capacity-4)
  (pick-up truck-3 city-1-loc-7 package-3 capacity-0 capacity-1)
  (pick-up truck-3 city-1-loc-7 package-3 capacity-1 capacity-2)
  (pick-up truck-3 city-1-loc-7 package-3 capacity-2 capacity-3)
  (pick-up truck-3 city-1-loc-7 package-3 capacity-3 capacity-4)
  (pick-up truck-3 city-1-loc-7 package-4 capacity-0 capacity-1)
  (pick-up truck-3 city-1-loc-7 package-4 capacity-1 capacity-2)
  (pick-up truck-3 city-1-loc-7 package-4 capacity-2 capacity-3)
  (pick-up truck-3 city-1-loc-7 package-4 capacity-3 capacity-4)
  (pick-up truck-3 city-1-loc-7 package-5 capacity-0 capacity-1)
  (pick-up truck-3 city-1-loc-7 package-5 capacity-1 capacity-2)
  (pick-up truck-3 city-1-loc-7 package-5 capacity-2 capacity-3)
  (pick-up truck-3 city-1-loc-7 package-5 capacity-3 capacity-4)
  (pick-up truck-3 city-1-loc-8 package-1 capacity-0 capacity-1)
  (pick-up truck-3 city-1-loc-8 package-1 capacity-1 capacity-2)
  (pick-up truck-3 city-1-loc-8 package-1 capacity-2 capacity-3)
  (pick-up truck-3 city-1-loc-8 package-1 capacity-3 capacity-4)
  (pick-up truck-3 city-1-loc-8 package-2 capacity-0 capacity-1)
  (pick-up truck-3 city-1-loc-8 package-2 capacity-1 capacity-2)
  (pick-up truck-3 city-1-loc-8 package-2 capacity-2 capacity-3)
  (pick-up truck-3 city-1-loc-8 package-2 capacity-3 capacity-4)
  (pick-up truck-3 city-1-loc-8 package-3 capacity-0 capacity-1)
  (pick-up truck-3 city-1-loc-8 package-3 capacity-1 capacity-2)
  (pick-up truck-3 city-1-loc-8 package-3 capacity-2 capacity-3)
  (pick-up truck-3 city-1-loc-8 package-3 capacity-3 capacity-4)
  (pick-up truck-3 city-1-loc-8 package-4 capacity-0 capacity-1)
  (pick-up truck-3 city-1-loc-8 package-4 capacity-1 capacity-2)
  (pick-up truck-3 city-1-loc-8 package-4 capacity-2 capacity-3)
  (pick-up truck-3 city-1-loc-8 package-4 capacity-3 capacity-4)
  (pick-up truck-3 city-1-loc-8 package-5 capacity-0 capacity-1)
  (pick-up truck-3 city-1-loc-8 package-5 capacity-1 capacity-2)
  (pick-up truck-3 city-1-loc-8 package-5 capacity-2 capacity-3)
  (pick-up truck-3 city-1-loc-8 package-5 capacity-3 capacity-4)
  (pick-up truck-3 city-1-loc-9 package-1 capacity-0 capacity-1)
  (pick-up truck-3 city-1-loc-9 package-1 capacity-1 capacity-2)
  (pick-up truck-3 city-1-loc-9 package-1 capacity-2 capacity-3)
  (pick-up truck-3 city-1-loc-9 package-1 capacity-3 capacity-4)
  (pick-up truck-3 city-1-loc-9 package-2 capacity-0 capacity-1)
  (pick-up truck-3 city-1-loc-9 package-2 capacity-1 capacity-2)
  (pick-up truck-3 city-1-loc-9 package-2 capacity-2 capacity-3)
  (pick-up truck-3 city-1-loc-9 package-2 capacity-3 capacity-4)
  (pick-up truck-3 city-1-loc-9 package-3 capacity-0 capacity-1)
  (pick-up truck-3 city-1-loc-9 package-3 capacity-1 capacity-2)
  (pick-up truck-3 city-1-loc-9 package-3 capacity-2 capacity-3)
  (pick-up truck-3 city-1-loc-9 package-3 capacity-3 capacity-4)
  (pick-up truck-3 city-1-loc-9 package-4 capacity-0 capacity-1)
  (pick-up truck-3 city-1-loc-9 package-4 capacity-1 capacity-2)
  (pick-up truck-3 city-1-loc-9 package-4 capacity-2 capacity-3)
  (pick-up truck-3 city-1-loc-9 package-4 capacity-3 capacity-4)
  (pick-up truck-3 city-1-loc-9 package-5 capacity-0 capacity-1)
  (pick-up truck-3 city-1-loc-9 package-5 capacity-1 capacity-2)
  (pick-up truck-3 city-1-loc-9 package-5 capacity-2 capacity-3)
  (pick-up truck-3 city-1-loc-9 package-5 capacity-3 capacity-4)
  (pick-up truck-3 city-2-loc-1 package-1 capacity-0 capacity-1)
  (pick-up truck-3 city-2-loc-1 package-1 capacity-1 capacity-2)
  (pick-up truck-3 city-2-loc-1 package-1 capacity-2 capacity-3)
  (pick-up truck-3 city-2-loc-1 package-1 capacity-3 capacity-4)
  (pick-up truck-3 city-2-loc-1 package-2 capacity-0 capacity-1)
  (pick-up truck-3 city-2-loc-1 package-2 capacity-1 capacity-2)
  (pick-up truck-3 city-2-loc-1 package-2 capacity-2 capacity-3)
  (pick-up truck-3 city-2-loc-1 package-2 capacity-3 capacity-4)
  (pick-up truck-3 city-2-loc-1 package-3 capacity-0 capacity-1)
  (pick-up truck-3 city-2-loc-1 package-3 capacity-1 capacity-2)
  (pick-up truck-3 city-2-loc-1 package-3 capacity-2 capacity-3)
  (pick-up truck-3 city-2-loc-1 package-3 capacity-3 capacity-4)
  (pick-up truck-3 city-2-loc-1 package-4 capacity-0 capacity-1)
  (pick-up truck-3 city-2-loc-1 package-4 capacity-1 capacity-2)
  (pick-up truck-3 city-2-loc-1 package-4 capacity-2 capacity-3)
  (pick-up truck-3 city-2-loc-1 package-4 capacity-3 capacity-4)
  (pick-up truck-3 city-2-loc-1 package-5 capacity-0 capacity-1)
  (pick-up truck-3 city-2-loc-1 package-5 capacity-1 capacity-2)
  (pick-up truck-3 city-2-loc-1 package-5 capacity-2 capacity-3)
  (pick-up truck-3 city-2-loc-1 package-5 capacity-3 capacity-4)
  (pick-up truck-3 city-2-loc-10 package-1 capacity-0 capacity-1)
  (pick-up truck-3 city-2-loc-10 package-1 capacity-1 capacity-2)
  (pick-up truck-3 city-2-loc-10 package-1 capacity-2 capacity-3)
  (pick-up truck-3 city-2-loc-10 package-1 capacity-3 capacity-4)
  (pick-up truck-3 city-2-loc-10 package-2 capacity-0 capacity-1)
  (pick-up truck-3 city-2-loc-10 package-2 capacity-1 capacity-2)
  (pick-up truck-3 city-2-loc-10 package-2 capacity-2 capacity-3)
  (pick-up truck-3 city-2-loc-10 package-2 capacity-3 capacity-4)
  (pick-up truck-3 city-2-loc-10 package-3 capacity-0 capacity-1)
  (pick-up truck-3 city-2-loc-10 package-3 capacity-1 capacity-2)
  (pick-up truck-3 city-2-loc-10 package-3 capacity-2 capacity-3)
  (pick-up truck-3 city-2-loc-10 package-3 capacity-3 capacity-4)
  (pick-up truck-3 city-2-loc-10 package-4 capacity-0 capacity-1)
  (pick-up truck-3 city-2-loc-10 package-4 capacity-1 capacity-2)
  (pick-up truck-3 city-2-loc-10 package-4 capacity-2 capacity-3)
  (pick-up truck-3 city-2-loc-10 package-4 capacity-3 capacity-4)
  (pick-up truck-3 city-2-loc-10 package-5 capacity-0 capacity-1)
  (pick-up truck-3 city-2-loc-10 package-5 capacity-1 capacity-2)
  (pick-up truck-3 city-2-loc-10 package-5 capacity-2 capacity-3)
  (pick-up truck-3 city-2-loc-10 package-5 capacity-3 capacity-4)
  (pick-up truck-3 city-2-loc-11 package-1 capacity-0 capacity-1)
  (pick-up truck-3 city-2-loc-11 package-1 capacity-1 capacity-2)
  (pick-up truck-3 city-2-loc-11 package-1 capacity-2 capacity-3)
  (pick-up truck-3 city-2-loc-11 package-1 capacity-3 capacity-4)
  (pick-up truck-3 city-2-loc-11 package-2 capacity-0 capacity-1)
  (pick-up truck-3 city-2-loc-11 package-2 capacity-1 capacity-2)
  (pick-up truck-3 city-2-loc-11 package-2 capacity-2 capacity-3)
  (pick-up truck-3 city-2-loc-11 package-2 capacity-3 capacity-4)
  (pick-up truck-3 city-2-loc-11 package-3 capacity-0 capacity-1)
  (pick-up truck-3 city-2-loc-11 package-3 capacity-1 capacity-2)
  (pick-up truck-3 city-2-loc-11 package-3 capacity-2 capacity-3)
  (pick-up truck-3 city-2-loc-11 package-3 capacity-3 capacity-4)
  (pick-up truck-3 city-2-loc-11 package-4 capacity-0 capacity-1)
  (pick-up truck-3 city-2-loc-11 package-4 capacity-1 capacity-2)
  (pick-up truck-3 city-2-loc-11 package-4 capacity-2 capacity-3)
  (pick-up truck-3 city-2-loc-11 package-4 capacity-3 capacity-4)
  (pick-up truck-3 city-2-loc-11 package-5 capacity-0 capacity-1)
  (pick-up truck-3 city-2-loc-11 package-5 capacity-1 capacity-2)
  (pick-up truck-3 city-2-loc-11 package-5 capacity-2 capacity-3)
  (pick-up truck-3 city-2-loc-11 package-5 capacity-3 capacity-4)
  (pick-up truck-3 city-2-loc-12 package-1 capacity-0 capacity-1)
  (pick-up truck-3 city-2-loc-12 package-1 capacity-1 capacity-2)
  (pick-up truck-3 city-2-loc-12 package-1 capacity-2 capacity-3)
  (pick-up truck-3 city-2-loc-12 package-1 capacity-3 capacity-4)
  (pick-up truck-3 city-2-loc-12 package-2 capacity-0 capacity-1)
  (pick-up truck-3 city-2-loc-12 package-2 capacity-1 capacity-2)
  (pick-up truck-3 city-2-loc-12 package-2 capacity-2 capacity-3)
  (pick-up truck-3 city-2-loc-12 package-2 capacity-3 capacity-4)
  (pick-up truck-3 city-2-loc-12 package-3 capacity-0 capacity-1)
  (pick-up truck-3 city-2-loc-12 package-3 capacity-1 capacity-2)
  (pick-up truck-3 city-2-loc-12 package-3 capacity-2 capacity-3)
  (pick-up truck-3 city-2-loc-12 package-3 capacity-3 capacity-4)
  (pick-up truck-3 city-2-loc-12 package-4 capacity-0 capacity-1)
  (pick-up truck-3 city-2-loc-12 package-4 capacity-1 capacity-2)
  (pick-up truck-3 city-2-loc-12 package-4 capacity-2 capacity-3)
  (pick-up truck-3 city-2-loc-12 package-4 capacity-3 capacity-4)
  (pick-up truck-3 city-2-loc-12 package-5 capacity-0 capacity-1)
  (pick-up truck-3 city-2-loc-12 package-5 capacity-1 capacity-2)
  (pick-up truck-3 city-2-loc-12 package-5 capacity-2 capacity-3)
  (pick-up truck-3 city-2-loc-12 package-5 capacity-3 capacity-4)
  (pick-up truck-3 city-2-loc-13 package-1 capacity-0 capacity-1)
  (pick-up truck-3 city-2-loc-13 package-1 capacity-1 capacity-2)
  (pick-up truck-3 city-2-loc-13 package-1 capacity-2 capacity-3)
  (pick-up truck-3 city-2-loc-13 package-1 capacity-3 capacity-4)
  (pick-up truck-3 city-2-loc-13 package-2 capacity-0 capacity-1)
  (pick-up truck-3 city-2-loc-13 package-2 capacity-1 capacity-2)
  (pick-up truck-3 city-2-loc-13 package-2 capacity-2 capacity-3)
  (pick-up truck-3 city-2-loc-13 package-2 capacity-3 capacity-4)
  (pick-up truck-3 city-2-loc-13 package-3 capacity-0 capacity-1)
  (pick-up truck-3 city-2-loc-13 package-3 capacity-1 capacity-2)
  (pick-up truck-3 city-2-loc-13 package-3 capacity-2 capacity-3)
  (pick-up truck-3 city-2-loc-13 package-3 capacity-3 capacity-4)
  (pick-up truck-3 city-2-loc-13 package-4 capacity-0 capacity-1)
  (pick-up truck-3 city-2-loc-13 package-4 capacity-1 capacity-2)
  (pick-up truck-3 city-2-loc-13 package-4 capacity-2 capacity-3)
  (pick-up truck-3 city-2-loc-13 package-4 capacity-3 capacity-4)
  (pick-up truck-3 city-2-loc-13 package-5 capacity-0 capacity-1)
  (pick-up truck-3 city-2-loc-13 package-5 capacity-1 capacity-2)
  (pick-up truck-3 city-2-loc-13 package-5 capacity-2 capacity-3)
  (pick-up truck-3 city-2-loc-13 package-5 capacity-3 capacity-4)
  (pick-up truck-3 city-2-loc-14 package-1 capacity-0 capacity-1)
  (pick-up truck-3 city-2-loc-14 package-1 capacity-1 capacity-2)
  (pick-up truck-3 city-2-loc-14 package-1 capacity-2 capacity-3)
  (pick-up truck-3 city-2-loc-14 package-1 capacity-3 capacity-4)
  (pick-up truck-3 city-2-loc-14 package-2 capacity-0 capacity-1)
  (pick-up truck-3 city-2-loc-14 package-2 capacity-1 capacity-2)
  (pick-up truck-3 city-2-loc-14 package-2 capacity-2 capacity-3)
  (pick-up truck-3 city-2-loc-14 package-2 capacity-3 capacity-4)
  (pick-up truck-3 city-2-loc-14 package-3 capacity-0 capacity-1)
  (pick-up truck-3 city-2-loc-14 package-3 capacity-1 capacity-2)
  (pick-up truck-3 city-2-loc-14 package-3 capacity-2 capacity-3)
  (pick-up truck-3 city-2-loc-14 package-3 capacity-3 capacity-4)
  (pick-up truck-3 city-2-loc-14 package-4 capacity-0 capacity-1)
  (pick-up truck-3 city-2-loc-14 package-4 capacity-1 capacity-2)
  (pick-up truck-3 city-2-loc-14 package-4 capacity-2 capacity-3)
  (pick-up truck-3 city-2-loc-14 package-4 capacity-3 capacity-4)
  (pick-up truck-3 city-2-loc-14 package-5 capacity-0 capacity-1)
  (pick-up truck-3 city-2-loc-14 package-5 capacity-1 capacity-2)
  (pick-up truck-3 city-2-loc-14 package-5 capacity-2 capacity-3)
  (pick-up truck-3 city-2-loc-14 package-5 capacity-3 capacity-4)
  (pick-up truck-3 city-2-loc-15 package-1 capacity-0 capacity-1)
  (pick-up truck-3 city-2-loc-15 package-1 capacity-1 capacity-2)
  (pick-up truck-3 city-2-loc-15 package-1 capacity-2 capacity-3)
  (pick-up truck-3 city-2-loc-15 package-1 capacity-3 capacity-4)
  (pick-up truck-3 city-2-loc-15 package-2 capacity-0 capacity-1)
  (pick-up truck-3 city-2-loc-15 package-2 capacity-1 capacity-2)
  (pick-up truck-3 city-2-loc-15 package-2 capacity-2 capacity-3)
  (pick-up truck-3 city-2-loc-15 package-2 capacity-3 capacity-4)
  (pick-up truck-3 city-2-loc-15 package-3 capacity-0 capacity-1)
  (pick-up truck-3 city-2-loc-15 package-3 capacity-1 capacity-2)
  (pick-up truck-3 city-2-loc-15 package-3 capacity-2 capacity-3)
  (pick-up truck-3 city-2-loc-15 package-3 capacity-3 capacity-4)
  (pick-up truck-3 city-2-loc-15 package-4 capacity-0 capacity-1)
  (pick-up truck-3 city-2-loc-15 package-4 capacity-1 capacity-2)
  (pick-up truck-3 city-2-loc-15 package-4 capacity-2 capacity-3)
  (pick-up truck-3 city-2-loc-15 package-4 capacity-3 capacity-4)
  (pick-up truck-3 city-2-loc-15 package-5 capacity-0 capacity-1)
  (pick-up truck-3 city-2-loc-15 package-5 capacity-1 capacity-2)
  (pick-up truck-3 city-2-loc-15 package-5 capacity-2 capacity-3)
  (pick-up truck-3 city-2-loc-15 package-5 capacity-3 capacity-4)
  (pick-up truck-3 city-2-loc-2 package-1 capacity-0 capacity-1)
  (pick-up truck-3 city-2-loc-2 package-1 capacity-1 capacity-2)
  (pick-up truck-3 city-2-loc-2 package-1 capacity-2 capacity-3)
  (pick-up truck-3 city-2-loc-2 package-1 capacity-3 capacity-4)
  (pick-up truck-3 city-2-loc-2 package-2 capacity-0 capacity-1)
  (pick-up truck-3 city-2-loc-2 package-2 capacity-1 capacity-2)
  (pick-up truck-3 city-2-loc-2 package-2 capacity-2 capacity-3)
  (pick-up truck-3 city-2-loc-2 package-2 capacity-3 capacity-4)
  (pick-up truck-3 city-2-loc-2 package-3 capacity-0 capacity-1)
  (pick-up truck-3 city-2-loc-2 package-3 capacity-1 capacity-2)
  (pick-up truck-3 city-2-loc-2 package-3 capacity-2 capacity-3)
  (pick-up truck-3 city-2-loc-2 package-3 capacity-3 capacity-4)
  (pick-up truck-3 city-2-loc-2 package-4 capacity-0 capacity-1)
  (pick-up truck-3 city-2-loc-2 package-4 capacity-1 capacity-2)
  (pick-up truck-3 city-2-loc-2 package-4 capacity-2 capacity-3)
  (pick-up truck-3 city-2-loc-2 package-4 capacity-3 capacity-4)
  (pick-up truck-3 city-2-loc-2 package-5 capacity-0 capacity-1)
  (pick-up truck-3 city-2-loc-2 package-5 capacity-1 capacity-2)
  (pick-up truck-3 city-2-loc-2 package-5 capacity-2 capacity-3)
  (pick-up truck-3 city-2-loc-2 package-5 capacity-3 capacity-4)
  (pick-up truck-3 city-2-loc-3 package-1 capacity-0 capacity-1)
  (pick-up truck-3 city-2-loc-3 package-1 capacity-1 capacity-2)
  (pick-up truck-3 city-2-loc-3 package-1 capacity-2 capacity-3)
  (pick-up truck-3 city-2-loc-3 package-1 capacity-3 capacity-4)
  (pick-up truck-3 city-2-loc-3 package-2 capacity-0 capacity-1)
  (pick-up truck-3 city-2-loc-3 package-2 capacity-1 capacity-2)
  (pick-up truck-3 city-2-loc-3 package-2 capacity-2 capacity-3)
  (pick-up truck-3 city-2-loc-3 package-2 capacity-3 capacity-4)
  (pick-up truck-3 city-2-loc-3 package-3 capacity-0 capacity-1)
  (pick-up truck-3 city-2-loc-3 package-3 capacity-1 capacity-2)
  (pick-up truck-3 city-2-loc-3 package-3 capacity-2 capacity-3)
  (pick-up truck-3 city-2-loc-3 package-3 capacity-3 capacity-4)
  (pick-up truck-3 city-2-loc-3 package-4 capacity-0 capacity-1)
  (pick-up truck-3 city-2-loc-3 package-4 capacity-1 capacity-2)
  (pick-up truck-3 city-2-loc-3 package-4 capacity-2 capacity-3)
  (pick-up truck-3 city-2-loc-3 package-4 capacity-3 capacity-4)
  (pick-up truck-3 city-2-loc-3 package-5 capacity-0 capacity-1)
  (pick-up truck-3 city-2-loc-3 package-5 capacity-1 capacity-2)
  (pick-up truck-3 city-2-loc-3 package-5 capacity-2 capacity-3)
  (pick-up truck-3 city-2-loc-3 package-5 capacity-3 capacity-4)
  (pick-up truck-3 city-2-loc-4 package-1 capacity-0 capacity-1)
  (pick-up truck-3 city-2-loc-4 package-1 capacity-1 capacity-2)
  (pick-up truck-3 city-2-loc-4 package-1 capacity-2 capacity-3)
  (pick-up truck-3 city-2-loc-4 package-1 capacity-3 capacity-4)
  (pick-up truck-3 city-2-loc-4 package-2 capacity-0 capacity-1)
  (pick-up truck-3 city-2-loc-4 package-2 capacity-1 capacity-2)
  (pick-up truck-3 city-2-loc-4 package-2 capacity-2 capacity-3)
  (pick-up truck-3 city-2-loc-4 package-2 capacity-3 capacity-4)
  (pick-up truck-3 city-2-loc-4 package-3 capacity-0 capacity-1)
  (pick-up truck-3 city-2-loc-4 package-3 capacity-1 capacity-2)
  (pick-up truck-3 city-2-loc-4 package-3 capacity-2 capacity-3)
  (pick-up truck-3 city-2-loc-4 package-3 capacity-3 capacity-4)
  (pick-up truck-3 city-2-loc-4 package-4 capacity-0 capacity-1)
  (pick-up truck-3 city-2-loc-4 package-4 capacity-1 capacity-2)
  (pick-up truck-3 city-2-loc-4 package-4 capacity-2 capacity-3)
  (pick-up truck-3 city-2-loc-4 package-4 capacity-3 capacity-4)
  (pick-up truck-3 city-2-loc-4 package-5 capacity-0 capacity-1)
  (pick-up truck-3 city-2-loc-4 package-5 capacity-1 capacity-2)
  (pick-up truck-3 city-2-loc-4 package-5 capacity-2 capacity-3)
  (pick-up truck-3 city-2-loc-4 package-5 capacity-3 capacity-4)
  (pick-up truck-3 city-2-loc-5 package-1 capacity-0 capacity-1)
  (pick-up truck-3 city-2-loc-5 package-1 capacity-1 capacity-2)
  (pick-up truck-3 city-2-loc-5 package-1 capacity-2 capacity-3)
  (pick-up truck-3 city-2-loc-5 package-1 capacity-3 capacity-4)
  (pick-up truck-3 city-2-loc-5 package-2 capacity-0 capacity-1)
  (pick-up truck-3 city-2-loc-5 package-2 capacity-1 capacity-2)
  (pick-up truck-3 city-2-loc-5 package-2 capacity-2 capacity-3)
  (pick-up truck-3 city-2-loc-5 package-2 capacity-3 capacity-4)
  (pick-up truck-3 city-2-loc-5 package-3 capacity-0 capacity-1)
  (pick-up truck-3 city-2-loc-5 package-3 capacity-1 capacity-2)
  (pick-up truck-3 city-2-loc-5 package-3 capacity-2 capacity-3)
  (pick-up truck-3 city-2-loc-5 package-3 capacity-3 capacity-4)
  (pick-up truck-3 city-2-loc-5 package-4 capacity-0 capacity-1)
  (pick-up truck-3 city-2-loc-5 package-4 capacity-1 capacity-2)
  (pick-up truck-3 city-2-loc-5 package-4 capacity-2 capacity-3)
  (pick-up truck-3 city-2-loc-5 package-4 capacity-3 capacity-4)
  (pick-up truck-3 city-2-loc-5 package-5 capacity-0 capacity-1)
  (pick-up truck-3 city-2-loc-5 package-5 capacity-1 capacity-2)
  (pick-up truck-3 city-2-loc-5 package-5 capacity-2 capacity-3)
  (pick-up truck-3 city-2-loc-5 package-5 capacity-3 capacity-4)
  (pick-up truck-3 city-2-loc-6 package-1 capacity-0 capacity-1)
  (pick-up truck-3 city-2-loc-6 package-1 capacity-1 capacity-2)
  (pick-up truck-3 city-2-loc-6 package-1 capacity-2 capacity-3)
  (pick-up truck-3 city-2-loc-6 package-1 capacity-3 capacity-4)
  (pick-up truck-3 city-2-loc-6 package-2 capacity-0 capacity-1)
  (pick-up truck-3 city-2-loc-6 package-2 capacity-1 capacity-2)
  (pick-up truck-3 city-2-loc-6 package-2 capacity-2 capacity-3)
  (pick-up truck-3 city-2-loc-6 package-2 capacity-3 capacity-4)
  (pick-up truck-3 city-2-loc-6 package-3 capacity-0 capacity-1)
  (pick-up truck-3 city-2-loc-6 package-3 capacity-1 capacity-2)
  (pick-up truck-3 city-2-loc-6 package-3 capacity-2 capacity-3)
  (pick-up truck-3 city-2-loc-6 package-3 capacity-3 capacity-4)
  (pick-up truck-3 city-2-loc-6 package-4 capacity-0 capacity-1)
  (pick-up truck-3 city-2-loc-6 package-4 capacity-1 capacity-2)
  (pick-up truck-3 city-2-loc-6 package-4 capacity-2 capacity-3)
  (pick-up truck-3 city-2-loc-6 package-4 capacity-3 capacity-4)
  (pick-up truck-3 city-2-loc-6 package-5 capacity-0 capacity-1)
  (pick-up truck-3 city-2-loc-6 package-5 capacity-1 capacity-2)
  (pick-up truck-3 city-2-loc-6 package-5 capacity-2 capacity-3)
  (pick-up truck-3 city-2-loc-6 package-5 capacity-3 capacity-4)
  (pick-up truck-3 city-2-loc-7 package-1 capacity-0 capacity-1)
  (pick-up truck-3 city-2-loc-7 package-1 capacity-1 capacity-2)
  (pick-up truck-3 city-2-loc-7 package-1 capacity-2 capacity-3)
  (pick-up truck-3 city-2-loc-7 package-1 capacity-3 capacity-4)
  (pick-up truck-3 city-2-loc-7 package-2 capacity-0 capacity-1)
  (pick-up truck-3 city-2-loc-7 package-2 capacity-1 capacity-2)
  (pick-up truck-3 city-2-loc-7 package-2 capacity-2 capacity-3)
  (pick-up truck-3 city-2-loc-7 package-2 capacity-3 capacity-4)
  (pick-up truck-3 city-2-loc-7 package-3 capacity-0 capacity-1)
  (pick-up truck-3 city-2-loc-7 package-3 capacity-1 capacity-2)
  (pick-up truck-3 city-2-loc-7 package-3 capacity-2 capacity-3)
  (pick-up truck-3 city-2-loc-7 package-3 capacity-3 capacity-4)
  (pick-up truck-3 city-2-loc-7 package-4 capacity-0 capacity-1)
  (pick-up truck-3 city-2-loc-7 package-4 capacity-1 capacity-2)
  (pick-up truck-3 city-2-loc-7 package-4 capacity-2 capacity-3)
  (pick-up truck-3 city-2-loc-7 package-4 capacity-3 capacity-4)
  (pick-up truck-3 city-2-loc-7 package-5 capacity-0 capacity-1)
  (pick-up truck-3 city-2-loc-7 package-5 capacity-1 capacity-2)
  (pick-up truck-3 city-2-loc-7 package-5 capacity-2 capacity-3)
  (pick-up truck-3 city-2-loc-7 package-5 capacity-3 capacity-4)
  (pick-up truck-3 city-2-loc-8 package-1 capacity-0 capacity-1)
  (pick-up truck-3 city-2-loc-8 package-1 capacity-1 capacity-2)
  (pick-up truck-3 city-2-loc-8 package-1 capacity-2 capacity-3)
  (pick-up truck-3 city-2-loc-8 package-1 capacity-3 capacity-4)
  (pick-up truck-3 city-2-loc-8 package-2 capacity-0 capacity-1)
  (pick-up truck-3 city-2-loc-8 package-2 capacity-1 capacity-2)
  (pick-up truck-3 city-2-loc-8 package-2 capacity-2 capacity-3)
  (pick-up truck-3 city-2-loc-8 package-2 capacity-3 capacity-4)
  (pick-up truck-3 city-2-loc-8 package-3 capacity-0 capacity-1)
  (pick-up truck-3 city-2-loc-8 package-3 capacity-1 capacity-2)
  (pick-up truck-3 city-2-loc-8 package-3 capacity-2 capacity-3)
  (pick-up truck-3 city-2-loc-8 package-3 capacity-3 capacity-4)
  (pick-up truck-3 city-2-loc-8 package-4 capacity-0 capacity-1)
  (pick-up truck-3 city-2-loc-8 package-4 capacity-1 capacity-2)
  (pick-up truck-3 city-2-loc-8 package-4 capacity-2 capacity-3)
  (pick-up truck-3 city-2-loc-8 package-4 capacity-3 capacity-4)
  (pick-up truck-3 city-2-loc-8 package-5 capacity-0 capacity-1)
  (pick-up truck-3 city-2-loc-8 package-5 capacity-1 capacity-2)
  (pick-up truck-3 city-2-loc-8 package-5 capacity-2 capacity-3)
  (pick-up truck-3 city-2-loc-8 package-5 capacity-3 capacity-4)
  (pick-up truck-3 city-2-loc-9 package-1 capacity-0 capacity-1)
  (pick-up truck-3 city-2-loc-9 package-1 capacity-1 capacity-2)
  (pick-up truck-3 city-2-loc-9 package-1 capacity-2 capacity-3)
  (pick-up truck-3 city-2-loc-9 package-1 capacity-3 capacity-4)
  (pick-up truck-3 city-2-loc-9 package-2 capacity-0 capacity-1)
  (pick-up truck-3 city-2-loc-9 package-2 capacity-1 capacity-2)
  (pick-up truck-3 city-2-loc-9 package-2 capacity-2 capacity-3)
  (pick-up truck-3 city-2-loc-9 package-2 capacity-3 capacity-4)
  (pick-up truck-3 city-2-loc-9 package-3 capacity-0 capacity-1)
  (pick-up truck-3 city-2-loc-9 package-3 capacity-1 capacity-2)
  (pick-up truck-3 city-2-loc-9 package-3 capacity-2 capacity-3)
  (pick-up truck-3 city-2-loc-9 package-3 capacity-3 capacity-4)
  (pick-up truck-3 city-2-loc-9 package-4 capacity-0 capacity-1)
  (pick-up truck-3 city-2-loc-9 package-4 capacity-1 capacity-2)
  (pick-up truck-3 city-2-loc-9 package-4 capacity-2 capacity-3)
  (pick-up truck-3 city-2-loc-9 package-4 capacity-3 capacity-4)
  (pick-up truck-3 city-2-loc-9 package-5 capacity-0 capacity-1)
  (pick-up truck-3 city-2-loc-9 package-5 capacity-1 capacity-2)
  (pick-up truck-3 city-2-loc-9 package-5 capacity-2 capacity-3)
  (pick-up truck-3 city-2-loc-9 package-5 capacity-3 capacity-4)
