step 0: state 11 applicable 11
drive truck-1 city-2-loc-7 city-2-loc-10 :: cost: 29
    add: (at truck-1 city-2-loc-10)
    del: (at truck-1 city-2-loc-7)
drive truck-1 city-2-loc-7 city-2-loc-11 :: cost: 25
    add: (at truck-1 city-2-loc-11)
    del: (at truck-1 city-2-loc-7)
drive truck-1 city-2-loc-7 city-2-loc-12 :: cost: 27
    add: (at truck-1 city-2-loc-12)
    del: (at truck-1 city-2-loc-7)
step 1: state 11 applicable 10
drive truck-1 city-2-loc-9 city-2-loc-10 :: cost: 19
    add: (at truck-1 city-2-loc-10)
    del: (at truck-1 city-2-loc-9)
drive truck-1 city-2-loc-9 city-2-loc-12 :: cost: 12
    add: (at truck-1 city-2-loc-12)
    del: (at truck-1 city-2-loc-9)
drive truck-1 city-2-loc-9 city-2-loc-2 :: cost: 19
    add: (at truck-1 city-2-loc-2)
    del: (at truck-1 city-2-loc-9)
step 2: state 11 applicable 11
drive truck-1 city-2-loc-7 city-2-loc-10 :: cost: 29
    add: (at truck-1 city-2-loc-10)
    del: (at truck-1 city-2-loc-7)
drive truck-1 city-2-loc-7 city-2-loc-11 :: cost: 25
    add: (at truck-1 city-2-loc-11)
    del: (at truck-1 city-2-loc-7)
drive truck-1 city-2-loc-7 city-2-loc-12 :: cost: 27
    add: (at truck-1 city-2-loc-12)
    del: (at truck-1 city-2-loc-7)
step 3: state 11 applicable 10
drive truck-1 city-2-loc-11 city-2-loc-14 :: cost: 15
    add: (at truck-1 city-2-loc-14)
    del: (at truck-1 city-2-loc-11)
drive truck-1 city-2-loc-11 city-2-loc-6 :: cost: 17
    add: (at truck-1 city-2-loc-6)
    del: (at truck-1 city-2-loc-11)
drive truck-1 city-2-loc-11 city-2-loc-7 :: cost: 25
    add: (at truck-1 city-2-loc-7)
    del: (at truck-1 city-2-loc-11)
step 4: state 11 applicable 9
drive truck-1 city-2-loc-14 city-2-loc-11 :: cost: 15
    add: (at truck-1 city-2-loc-11)
    del: (at truck-1 city-2-loc-14)
drive truck-1 city-2-loc-14 city-2-loc-6 :: cost: 15
    add: (at truck-1 city-2-loc-6)
    del: (at truck-1 city-2-loc-14)
drive truck-1 city-2-loc-14 city-2-loc-8 :: cost: 13
    add: (at truck-1 city-2-loc-8)
    del: (at truck-1 city-2-loc-14)
ground atoms: 26 groundings: 22
