Step 0 (cleavable e-coli-exosome) (cleavable junk-exosome)
size: 47
reverse-transcribe insulin-gene :: cost: 1
    add: (connected-cdna-mrna insulin-gene)
    del:
ligate linker insulin-gene :: cost: 1
    add:
    del:
ligate linker e-coli-exosome :: cost: 1
    add:
    del:
ligate linker junk-exosome :: cost: 1
    add:
    del:
ligate linker e-coli :: cost: 1
    add:
    del:
ligate linker junk :: cost: 1
    add:
    del:
ligate linker antibiotic-1 :: cost: 1
    add:
    del:
ligate insulin-gene linker :: cost: 1
    add:
    del:
ligate insulin-gene e-coli-exosome :: cost: 1
    add:
    del:
ligate insulin-gene junk-exosome :: cost: 1
    add:
    del:
ligate insulin-gene e-coli :: cost: 1
    add:
    del:
ligate insulin-gene junk :: cost: 1
    add:
    del:
ligate insulin-gene antibiotic-1 :: cost: 1
    add:
    del:
ligate e-coli-exosome linker :: cost: 1
    add:
    del:
ligate e-coli-exosome insulin-gene :: cost: 1
    add:
    del:
ligate e-coli-exosome junk-exosome :: cost: 1
    add:
    del:
ligate e-coli-exosome e-coli :: cost: 1
    add:
    del:
ligate e-coli-exosome junk :: cost: 1
    add:
    del:
ligate e-coli-exosome antibiotic-1 :: cost: 1
    add:
    del:
ligate junk-exosome linker :: cost: 1
    add:
    del:
ligate junk-exosome insulin-gene :: cost: 1
    add:
    del:
ligate junk-exosome e-coli-exosome :: cost: 1
    add:
    del:
ligate junk-exosome e-coli :: cost: 1
    add:
    del:
ligate junk-exosome junk :: cost: 1
    add:
    del:
ligate junk-exosome antibiotic-1 :: cost: 1
    add:
    del:
ligate e-coli linker :: cost: 1
    add:
    del:
ligate e-coli insulin-gene :: cost: 1
    add:
    del:
ligate e-coli e-coli-exosome :: cost: 1
    add:
    del:
ligate e-coli junk-exosome :: cost: 1
    add:
    del:
ligate e-coli junk :: cost: 1
    add:
    del:
ligate e-coli antibiotic-1 :: cost: 1
    add:
    del:
ligate junk linker :: cost: 1
    add:
    del:
ligate junk insulin-gene :: cost: 1
    add:
    del:
ligate junk e-coli-exosome :: cost: 1
    add:
    del:
ligate junk junk-exosome :: cost: 1
    add:
    del:
ligate junk e-coli :: cost: 1
    add:
    del:
ligate junk antibiotic-1 :: cost: 1
    add:
    del:
ligate antibiotic-1 linker :: cost: 1
    add:
    del:
ligate antibiotic-1 insulin-gene :: cost: 1
    add:
    del:
ligate antibiotic-1 e-coli-exosome :: cost: 1
    add:
    del:
ligate antibiotic-1 junk-exosome :: cost: 1
    add:
    del:
ligate antibiotic-1 e-coli :: cost: 1
    add:
    del:
ligate antibiotic-1 junk :: cost: 1
    add:
    del:
cleave e-coli-exosome :: cost: 1
    add: (cleaved e-coli-exosome)
    del: (cleavable e-coli-exosome)
cleave junk-exosome :: cost: 1
    add: (cleaved junk-exosome)
    del: (cleavable junk-exosome)
transform e-coli-exosome e-coli :: cost: 1
    add: (contains e-coli-exosome e-coli)
    del: (cleavable e-coli-exosome)
transform junk-exosome junk :: cost: 1
    add: (contains junk-exosome junk)
    del: (cleavable junk-exosome)
Step 1 (cleavable e-coli-exosome) (cleavable junk-exosome) (connected-cdna-mrna insulin-gene)
size: 48
reverse-transcribe insulin-gene :: cost: 1
    add:
    del:
separate insulin-gene :: cost: 1
    add: (single-strand insulin-gene)
    del: (connected-cdna-mrna insulin-gene)
ligate linker insulin-gene :: cost: 1
    add:
    del:
ligate linker e-coli-exosome :: cost: 1
    add:
    del:
ligate linker junk-exosome :: cost: 1
    add:
    del:
ligate linker e-coli :: cost: 1
    add:
    del:
ligate linker junk :: cost: 1
    add:
    del:
ligate linker antibiotic-1 :: cost: 1
    add:
    del:
ligate insulin-gene linker :: cost: 1
    add:
    del:
ligate insulin-gene e-coli-exosome :: cost: 1
    add:
    del:
ligate insulin-gene junk-exosome :: cost: 1
    add:
    del:
ligate insulin-gene e-coli :: cost: 1
    add:
    del:
ligate insulin-gene junk :: cost: 1
    add:
    del:
ligate insulin-gene antibiotic-1 :: cost: 1
    add:
    del:
ligate e-coli-exosome linker :: cost: 1
    add:
    del:
ligate e-coli-exosome insulin-gene :: cost: 1
    add:
    del:
ligate e-coli-exosome junk-exosome :: cost: 1
    add:
    del:
ligate e-coli-exosome e-coli :: cost: 1
    add:
    del:
ligate e-coli-exosome junk :: cost: 1
    add:
    del:
ligate e-coli-exosome antibiotic-1 :: cost: 1
    add:
    del:
ligate junk-exosome linker :: cost: 1
    add:
    del:
ligate junk-exosome insulin-gene :: cost: 1
    add:
    del:
ligate junk-exosome e-coli-exosome :: cost: 1
    add:
    del:
ligate junk-exosome e-coli :: cost: 1
    add:
    del:
ligate junk-exosome junk :: cost: 1
    add:
    del:
ligate junk-exosome antibiotic-1 :: cost: 1
    add:
    del:
ligate e-coli linker :: cost: 1
    add:
    del:
ligate e-coli insulin-gene :: cost: 1
    add:
    del:
ligate e-coli e-coli-exosome :: cost: 1
    add:
    del:
ligate e-coli junk-exosome :: cost: 1
    add:
    del:
ligate e-coli junk :: cost: 1
    add:
    del:
ligate e-coli antibiotic-1 :: cost: 1
    add:
    del:
ligate junk linker :: cost: 1
    add:
    del:
ligate junk insulin-gene :: cost: 1
    add:
    del:
ligate junk e-coli-exosome :: cost: 1
    add:
    del:
ligate junk junk-exosome :: cost: 1
    add:
    del:
ligate junk e-coli :: cost: 1
    add:
    del:
ligate junk antibiotic-1 :: cost: 1
    add:
    del:
ligate antibiotic-1 linker :: cost: 1
    add:
    del:
ligate antibiotic-1 insulin-gene :: cost: 1
    add:
    del:
ligate antibiotic-1 e-coli-exosome :: cost: 1
    add:
    del:
ligate antibiotic-1 junk-exosome :: cost: 1
    add:
    del:
ligate antibiotic-1 e-coli :: cost: 1
    add:
    del:
ligate antibiotic-1 junk :: cost: 1
    add:
    del:
cleave e-coli-exosome :: cost: 1
    add: (cleaved e-coli-exosome)
    del: (cleavable e-coli-exosome)
cleave junk-exosome :: cost: 1
    add: (cleaved junk-exosome)
    del: (cleavable junk-exosome)
transform e-coli-exosome e-coli :: cost: 1
    add: (contains e-coli-exosome e-coli)
    del: (cleavable e-coli-exosome)
transform junk-exosome junk :: cost: 1
    add: (contains junk-exosome junk)
    del: (cleavable junk-exosome)
Step 2 (cleavable e-coli-exosome) (cleavable junk-exosome) (single-strand insulin-gene)
size: 48
reverse-transcribe insulin-gene :: cost: 1
    add: (connected-cdna-mrna insulin-gene)
    del:
polymerize insulin-gene :: cost: 1
    add: (hair-pin insulin-gene)
    del: (single-strand insulin-gene)
ligate linker insulin-gene :: cost: 1
    add:
    del:
ligate linker e-coli-exosome :: cost: 1
    add:
    del:
ligate linker junk-exosome :: cost: 1
    add:
    del:
ligate linker e-coli :: cost: 1
    add:
    del:
ligate linker junk :: cost: 1
    add:
    del:
ligate linker antibiotic-1 :: cost: 1
    add:
    del:
ligate insulin-gene linker :: cost: 1
    add:
    del:
ligate insulin-gene e-coli-exosome :: cost: 1
    add:
    del:
ligate insulin-gene junk-exosome :: cost: 1
    add:
    del:
ligate insulin-gene e-coli :: cost: 1
    add:
    del:
ligate insulin-gene junk :: cost: 1
    add:
    del:
ligate insulin-gene antibiotic-1 :: cost: 1
    add:
    del:
ligate e-coli-exosome linker :: cost: 1
    add:
    del:
ligate e-coli-exosome insulin-gene :: cost: 1
    add:
    del:
ligate e-coli-exosome junk-exosome :: cost: 1
    add:
    del:
ligate e-coli-exosome e-coli :: cost: 1
    add:
    del:
ligate e-coli-exosome junk :: cost: 1
    add:
    del:
ligate e-coli-exosome antibiotic-1 :: cost: 1
    add:
    del:
ligate junk-exosome linker :: cost: 1
    add:
    del:
ligate junk-exosome insulin-gene :: cost: 1
    add:
    del:
ligate junk-exosome e-coli-exosome :: cost: 1
    add:
    del:
ligate junk-exosome e-coli :: cost: 1
    add:
    del:
ligate junk-exosome junk :: cost: 1
    add:
    del:
ligate junk-exosome antibiotic-1 :: cost: 1
    add:
    del:
ligate e-coli linker :: cost: 1
    add:
    del:
ligate e-coli insulin-gene :: cost: 1
    add:
    del:
ligate e-coli e-coli-exosome :: cost: 1
    add:
    del:
ligate e-coli junk-exosome :: cost: 1
    add:
    del:
ligate e-coli junk :: cost: 1
    add:
    del:
ligate e-coli antibiotic-1 :: cost: 1
    add:
    del:
ligate junk linker :: cost: 1
    add:
    del:
ligate junk insulin-gene :: cost: 1
    add:
    del:
ligate junk e-coli-exosome :: cost: 1
    add:
    del:
ligate junk junk-exosome :: cost: 1
    add:
    del:
ligate junk e-coli :: cost: 1
    add:
    del:
ligate junk antibiotic-1 :: cost: 1
    add:
    del:
ligate antibiotic-1 linker :: cost: 1
    add:
    del:
ligate antibiotic-1 insulin-gene :: cost: 1
    add:
    del:
ligate antibiotic-1 e-coli-exosome :: cost: 1
    add:
    del:
ligate antibiotic-1 junk-exosome :: cost: 1
    add:
    del:
ligate antibiotic-1 e-coli :: cost: 1
    add:
    del:
ligate antibiotic-1 junk :: cost: 1
    add:
    del:
cleave e-coli-exosome :: cost: 1
    add: (cleaved e-coli-exosome)
    del: (cleavable e-coli-exosome)
cleave junk-exosome :: cost: 1
    add: (cleaved junk-exosome)
    del: (cleavable junk-exosome)
transform e-coli-exosome e-coli :: cost: 1
    add: (contains e-coli-exosome e-coli)
    del: (cleavable e-coli-exosome)
transform junk-exosome junk :: cost: 1
    add: (contains junk-exosome junk)
    del: (cleavable junk-exosome)
Step 3 (cleavable e-coli-exosome) (cleavable junk-exosome) (single-strand insulin-gene)
size: 48
reverse-transcribe insulin-gene :: cost: 1
    add: (connected-cdna-mrna insulin-gene)
    del:
polymerize insulin-gene :: cost: 1
    add: (hair-pin insulin-gene)
    del: (single-strand insulin-gene)
ligate linker insulin-gene :: cost: 1
    add:
    del:
ligate linker e-coli-exosome :: cost: 1
    add:
    del:
ligate linker junk-exosome :: cost: 1
    add:
    del:
ligate linker e-coli :: cost: 1
    add:
    del:
ligate linker junk :: cost: 1
    add:
    del:
ligate linker antibiotic-1 :: cost: 1
    add:
    del:
ligate insulin-gene linker :: cost: 1
    add:
    del:
ligate insulin-gene e-coli-exosome :: cost: 1
    add:
    del:
ligate insulin-gene junk-exosome :: cost: 1
    add:
    del:
ligate insulin-gene e-coli :: cost: 1
    add:
    del:
ligate insulin-gene junk :: cost: 1
    add:
    del:
ligate insulin-gene antibiotic-1 :: cost: 1
    add:
    del:
ligate e-coli-exosome linker :: cost: 1
    add:
    del:
ligate e-coli-exosome insulin-gene :: cost: 1
    add:
    del:
ligate e-coli-exosome junk-exosome :: cost: 1
    add:
    del:
ligate e-coli-exosome e-coli :: cost: 1
    add:
    del:
ligate e-coli-exosome junk :: cost: 1
    add:
    del:
ligate e-coli-exosome antibiotic-1 :: cost: 1
    add:
    del:
ligate junk-exosome linker :: cost: 1
    add:
    del:
ligate junk-exosome insulin-gene :: cost: 1
    add:
    del:
ligate junk-exosome e-coli-exosome :: cost: 1
    add:
    del:
ligate junk-exosome e-coli :: cost: 1
    add:
    del:
ligate junk-exosome junk :: cost: 1
    add:
    del:
ligate junk-exosome antibiotic-1 :: cost: 1
    add:
    del:
ligate e-coli linker :: cost: 1
    add:
    del:
ligate e-coli insulin-gene :: cost: 1
    add:
    del:
ligate e-coli e-coli-exosome :: cost: 1
    add:
    del:
ligate e-coli junk-exosome :: cost: 1
    add:
    del:
ligate e-coli junk :: cost: 1
    add:
    del:
ligate e-coli antibiotic-1 :: cost: 1
    add:
    del:
ligate junk linker :: cost: 1
    add:
    del:
ligate junk insulin-gene :: cost: 1
    add:
    del:
ligate junk e-coli-exosome :: cost: 1
    add:
    del:
ligate junk junk-exosome :: cost: 1
    add:
    del:
ligate junk e-coli :: cost: 1
    add:
    del:
ligate junk antibiotic-1 :: cost: 1
    add:
    del:
ligate antibiotic-1 linker :: cost: 1
    add:
    del:
ligate antibiotic-1 insulin-gene :: cost: 1
    add:
    del:
ligate antibiotic-1 e-coli-exosome :: cost: 1
    add:
    del:
ligate antibiotic-1 junk-exosome :: cost: 1
    add:
    del:
ligate antibiotic-1 e-coli :: cost: 1
    add:
    del:
ligate antibiotic-1 junk :: cost: 1
    add:
    del:
cleave e-coli-exosome :: cost: 1
    add: (cleaved e-coli-exosome)
    del: (cleavable e-coli-exosome)
cleave junk-exosome :: cost: 1
    add: (cleaved junk-exosome)
    del: (cleavable junk-exosome)
transform e-coli-exosome e-coli :: cost: 1
    add: (contains e-coli-exosome e-coli)
    del: (cleavable e-coli-exosome)
transform junk-exosome junk :: cost: 1
    add: (contains junk-exosome junk)
    del: (cleavable junk-exosome)
Step 4 (cleavable e-coli-exosome) (cleavable junk-exosome) (single-strand insulin-gene)
size: 48
reverse-transcribe insulin-gene :: cost: 1
    add: (connected-cdna-mrna insulin-gene)
    del:
polymerize insulin-gene :: cost: 1
    add: (hair-pin insulin-gene)
    del: (single-strand insulin-gene)
ligate linker insulin-gene :: cost: 1
    add:
    del:
ligate linker e-coli-exosome :: cost: 1
    add:
    del:
ligate linker junk-exosome :: cost: 1
    add:
    del:
ligate linker e-coli :: cost: 1
    add:
    del:
ligate linker junk :: cost: 1
    add:
    del:
ligate linker antibiotic-1 :: cost: 1
    add:
    del:
ligate insulin-gene linker :: cost: 1
    add:
    del:
ligate insulin-gene e-coli-exosome :: cost: 1
    add:
    del:
ligate insulin-gene junk-exosome :: cost: 1
    add:
    del:
ligate insulin-gene e-coli :: cost: 1
    add:
    del:
ligate insulin-gene junk :: cost: 1
    add:
    del:
ligate insulin-gene antibiotic-1 :: cost: 1
    add:
    del:
ligate e-coli-exosome linker :: cost: 1
    add:
    del:
ligate e-coli-exosome insulin-gene :: cost: 1
    add:
    del:
ligate e-coli-exosome junk-exosome :: cost: 1
    add:
    del:
ligate e-coli-exosome e-coli :: cost: 1
    add:
    del:
ligate e-coli-exosome junk :: cost: 1
    add:
    del:
ligate e-coli-exosome antibiotic-1 :: cost: 1
    add:
    del:
ligate junk-exosome linker :: cost: 1
    add:
    del:
ligate junk-exosome insulin-gene :: cost: 1
    add:
    del:
ligate junk-exosome e-coli-exosome :: cost: 1
    add:
    del:
ligate junk-exosome e-coli :: cost: 1
    add:
    del:
ligate junk-exosome junk :: cost: 1
    add:
    del:
ligate junk-exosome antibiotic-1 :: cost: 1
    add:
    del:
ligate e-coli linker :: cost: 1
    add:
    del:
ligate e-coli insulin-gene :: cost: 1
    add:
    del:
ligate e-coli e-coli-exosome :: cost: 1
    add:
    del:
ligate e-coli junk-exosome :: cost: 1
    add:
    del:
ligate e-coli junk :: cost: 1
    add:
    del:
ligate e-coli antibiotic-1 :: cost: 1
    add:
    del:
ligate junk linker :: cost: 1
    add:
    del:
ligate junk insulin-gene :: cost: 1
    add:
    del:
ligate junk e-coli-exosome :: cost: 1
    add:
    del:
ligate junk junk-exosome :: cost: 1
    add:
    del:
ligate junk e-coli :: cost: 1
    add:
    del:
ligate junk antibiotic-1 :: cost: 1
    add:
    del:
ligate antibiotic-1 linker :: cost: 1
    add:
    del:
ligate antibiotic-1 insulin-gene :: cost: 1
    add:
    del:
ligate antibiotic-1 e-coli-exosome :: cost: 1
    add:
    del:
ligate antibiotic-1 junk-exosome :: cost: 1
    add:
    del:
ligate antibiotic-1 e-coli :: cost: 1
    add:
    del:
ligate antibiotic-1 junk :: cost: 1
    add:
    del:
cleave e-coli-exosome :: cost: 1
    add: (cleaved e-coli-exosome)
    del: (cleavable e-coli-exosome)
cleave junk-exosome :: cost: 1
    add: (cleaved junk-exosome)
    del: (cleavable junk-exosome)
transform e-coli-exosome e-coli :: cost: 1
    add: (contains e-coli-exosome e-coli)
    del: (cleavable e-coli-exosome)
transform junk-exosome junk :: cost: 1
    add: (contains junk-exosome junk)
    del: (cleavable junk-exosome)
Step 5 (cleavable e-coli-exosome) (cleavable junk-exosome) (single-strand insulin-gene)
size: 48
reverse-transcribe insulin-gene :: cost: 1
    add: (connected-cdna-mrna insulin-gene)
    del:
polymerize insulin-gene :: cost: 1
    add: (hair-pin insulin-gene)
    del: (single-strand insulin-gene)
ligate linker insulin-gene :: cost: 1
    add:
    del:
ligate linker e-coli-exosome :: cost: 1
    add:
    del:
ligate linker junk-exosome :: cost: 1
    add:
    del:
ligate linker e-coli :: cost: 1
    add:
    del:
ligate linker junk :: cost: 1
    add:
    del:
ligate linker antibiotic-1 :: cost: 1
    add:
    del:
ligate insulin-gene linker :: cost: 1
    add:
    del:
ligate insulin-gene e-coli-exosome :: cost: 1
    add:
    del:
ligate insulin-gene junk-exosome :: cost: 1
    add:
    del:
ligate insulin-gene e-coli :: cost: 1
    add:
    del:
ligate insulin-gene junk :: cost: 1
    add:
    del:
ligate insulin-gene antibiotic-1 :: cost: 1
    add:
    del:
ligate e-coli-exosome linker :: cost: 1
    add:
    del:
ligate e-coli-exosome insulin-gene :: cost: 1
    add:
    del:
ligate e-coli-exosome junk-exosome :: cost: 1
    add:
    del:
ligate e-coli-exosome e-coli :: cost: 1
    add:
    del:
ligate e-coli-exosome junk :: cost: 1
    add:
    del:
ligate e-coli-exosome antibiotic-1 :: cost: 1
    add:
    del:
ligate junk-exosome linker :: cost: 1
    add:
    del:
ligate junk-exosome insulin-gene :: cost: 1
    add:
    del:
ligate junk-exosome e-coli-exosome :: cost: 1
    add:
    del:
ligate junk-exosome e-coli :: cost: 1
    add:
    del:
ligate junk-exosome junk :: cost: 1
    add:
    del:
ligate junk-exosome antibiotic-1 :: cost: 1
    add:
    del:
ligate e-coli linker :: cost: 1
    add:
    del:
ligate e-coli insulin-gene :: cost: 1
    add:
    del:
ligate e-coli e-coli-exosome :: cost: 1
    add:
    del:
ligate e-coli junk-exosome :: cost: 1
    add:
    del:
ligate e-coli junk :: cost: 1
    add:
    del:
ligate e-coli antibiotic-1 :: cost: 1
    add:
    del:
ligate junk linker :: cost: 1
    add:
    del:
ligate junk insulin-gene :: cost: 1
    add:
    del:
ligate junk e-coli-exosome :: cost: 1
    add:
    del:
ligate junk junk-exosome :: cost: 1
    add:
    del:
ligate junk e-coli :: cost: 1
    add:
    del:
ligate junk antibiotic-1 :: cost: 1
    add:
    del:
ligate antibiotic-1 linker :: cost: 1
    add:
    del:
ligate antibiotic-1 insulin-gene :: cost: 1
    add:
    del:
ligate antibiotic-1 e-coli-exosome :: cost: 1
    add:
    del:
ligate antibiotic-1 junk-exosome :: cost: 1
    add:
    del:
ligate antibiotic-1 e-coli :: cost: 1
    add:
    del:
ligate antibiotic-1 junk :: cost: 1
    add:
    del:
cleave e-coli-exosome :: cost: 1
    add: (cleaved e-coli-exosome)
    del: (cleavable e-coli-exosome)
cleave junk-exosome :: cost: 1
    add: (cleaved junk-exosome)
    del: (cleavable junk-exosome)
transform e-coli-exosome e-coli :: cost: 1
    add: (contains e-coli-exosome e-coli)
    del: (cleavable e-coli-exosome)
transform junk-exosome junk :: cost: 1
    add: (contains junk-exosome junk)
    del: (cleavable junk-exosome)
Step 6 (cleavable e-coli-exosome) (cleavable junk-exosome) (single-strand insulin-gene)
size: 48
reverse-transcribe insulin-gene :: cost: 1
    add: (connected-cdna-mrna insulin-gene)
    del:
polymerize insulin-gene :: cost: 1
    add: (hair-pin insulin-gene)
    del: (single-strand insulin-gene)
ligate linker insulin-gene :: cost: 1
    add:
    del:
ligate linker e-coli-exosome :: cost: 1
    add:
    del:
ligate linker junk-exosome :: cost: 1
    add:
    del:
ligate linker e-coli :: cost: 1
    add:
    del:
ligate linker junk :: cost: 1
    add:
    del:
ligate linker antibiotic-1 :: cost: 1
    add:
    del:
ligate insulin-gene linker :: cost: 1
    add:
    del:
ligate insulin-gene e-coli-exosome :: cost: 1
    add:
    del:
ligate insulin-gene junk-exosome :: cost: 1
    add:
    del:
ligate insulin-gene e-coli :: cost: 1
    add:
    del:
ligate insulin-gene junk :: cost: 1
    add:
    del:
ligate insulin-gene antibiotic-1 :: cost: 1
    add:
    del:
ligate e-coli-exosome linker :: cost: 1
    add:
    del:
ligate e-coli-exosome insulin-gene :: cost: 1
    add:
    del:
ligate e-coli-exosome junk-exosome :: cost: 1
    add:
    del:
ligate e-coli-exosome e-coli :: cost: 1
    add:
    del:
ligate e-coli-exosome junk :: cost: 1
    add:
    del:
ligate e-coli-exosome antibiotic-1 :: cost: 1
    add:
    del:
ligate junk-exosome linker :: cost: 1
    add:
    del:
ligate junk-exosome insulin-gene :: cost: 1
    add:
    del:
ligate junk-exosome e-coli-exosome :: cost: 1
    add:
    del:
ligate junk-exosome e-coli :: cost: 1
    add:
    del:
ligate junk-exosome junk :: cost: 1
    add:
    del:
ligate junk-exosome antibiotic-1 :: cost: 1
    add:
    del:
ligate e-coli linker :: cost: 1
    add:
    del:
ligate e-coli insulin-gene :: cost: 1
    add:
    del:
ligate e-coli e-coli-exosome :: cost: 1
    add:
    del:
ligate e-coli junk-exosome :: cost: 1
    add:
    del:
ligate e-coli junk :: cost: 1
    add:
    del:
ligate e-coli antibiotic-1 :: cost: 1
    add:
    del:
ligate junk linker :: cost: 1
    add:
    del:
ligate junk insulin-gene :: cost: 1
    add:
    del:
ligate junk e-coli-exosome :: cost: 1
    add:
    del:
ligate junk junk-exosome :: cost: 1
    add:
    del:
ligate junk e-coli :: cost: 1
    add:
    del:
ligate junk antibiotic-1 :: cost: 1
    add:
    del:
ligate antibiotic-1 linker :: cost: 1
    add:
    del:
ligate antibiotic-1 insulin-gene :: cost: 1
    add:
    del:
ligate antibiotic-1 e-coli-exosome :: cost: 1
    add:
    del:
ligate antibiotic-1 junk-exosome :: cost: 1
    add:
    del:
ligate antibiotic-1 e-coli :: cost: 1
    add:
    del:
ligate antibiotic-1 junk :: cost: 1
    add:
    del:
cleave e-coli-exosome :: cost: 1
    add: (cleaved e-coli-exosome)
    del: (cleavable e-coli-exosome)
cleave junk-exosome :: cost: 1
    add: (cleaved junk-exosome)
    del: (cleavable junk-exosome)
transform e-coli-exosome e-coli :: cost: 1
    add: (contains e-coli-exosome e-coli)
    del: (cleavable e-coli-exosome)
transform junk-exosome junk :: cost: 1
    add: (contains junk-exosome junk)
    del: (cleavable junk-exosome)
Step 7 (cleavable e-coli-exosome) (cleavable junk-exosome) (single-strand insulin-gene)
size: 48
reverse-transcribe insulin-gene :: cost: 1
    add: (connected-cdna-mrna insulin-gene)
    del:
polymerize insulin-gene :: cost: 1
    add: (hair-pin insulin-gene)
    del: (single-strand insulin-gene)
ligate linker insulin-gene :: cost: 1
    add:
    del:
ligate linker e-coli-exosome :: cost: 1
    add:
    del:
ligate linker junk-exosome :: cost: 1
    add:
    del:
ligate linker e-coli :: cost: 1
    add:
    del:
ligate linker junk :: cost: 1
    add:
    del:
ligate linker antibiotic-1 :: cost: 1
    add:
    del:
ligate insulin-gene linker :: cost: 1
    add:
    del:
ligate insulin-gene e-coli-exosome :: cost: 1
    add:
    del:
ligate insulin-gene junk-exosome :: cost: 1
    add:
    del:
ligate insulin-gene e-coli :: cost: 1
    add:
    del:
ligate insulin-gene junk :: cost: 1
    add:
    del:
ligate insulin-gene antibiotic-1 :: cost: 1
    add:
    del:
ligate e-coli-exosome linker :: cost: 1
    add:
    del:
ligate e-coli-exosome insulin-gene :: cost: 1
    add:
    del:
ligate e-coli-exosome junk-exosome :: cost: 1
    add:
    del:
ligate e-coli-exosome e-coli :: cost: 1
    add:
    del:
ligate e-coli-exosome junk :: cost: 1
    add:
    del:
ligate e-coli-exosome antibiotic-1 :: cost: 1
    add:
    del:
ligate junk-exosome linker :: cost: 1
    add:
    del:
ligate junk-exosome insulin-gene :: cost: 1
    add:
    del:
ligate junk-exosome e-coli-exosome :: cost: 1
    add:
    del:
ligate junk-exosome e-coli :: cost: 1
    add:
    del:
ligate junk-exosome junk :: cost: 1
    add:
    del:
ligate junk-exosome antibiotic-1 :: cost: 1
    add:
    del:
ligate e-coli linker :: cost: 1
    add:
    del:
ligate e-coli insulin-gene :: cost: 1
    add:
    del:
ligate e-coli e-coli-exosome :: cost: 1
    add:
    del:
ligate e-coli junk-exosome :: cost: 1
    add:
    del:
ligate e-coli junk :: cost: 1
    add:
    del:
ligate e-coli antibiotic-1 :: cost: 1
    add:
    del:
ligate junk linker :: cost: 1
    add:
    del:
ligate junk insulin-gene :: cost: 1
    add:
    del:
ligate junk e-coli-exosome :: cost: 1
    add:
    del:
ligate junk junk-exosome :: cost: 1
    add:
    del:
ligate junk e-coli :: cost: 1
    add:
    del:
ligate junk antibiotic-1 :: cost: 1
    add:
    del:
ligate antibiotic-1 linker :: cost: 1
    add:
    del:
ligate antibiotic-1 insulin-gene :: cost: 1
    add:
    del:
ligate antibiotic-1 e-coli-exosome :: cost: 1
    add:
    del:
ligate antibiotic-1 junk-exosome :: cost: 1
    add:
    del:
ligate antibiotic-1 e-coli :: cost: 1
    add:
    del:
ligate antibiotic-1 junk :: cost: 1
    add:
    del:
cleave e-coli-exosome :: cost: 1
    add: (cleaved e-coli-exosome)
    del: (cleavable e-coli-exosome)
cleave junk-exosome :: cost: 1
    add: (cleaved junk-exosome)
    del: (cleavable junk-exosome)
transform e-coli-exosome e-coli :: cost: 1
    add: (contains e-coli-exosome e-coli)
    del: (cleavable e-coli-exosome)
transform junk-exosome junk :: cost: 1
    add: (contains junk-exosome junk)
    del: (cleavable junk-exosome)
Step 8 (cleavable e-coli-exosome) (cleavable junk-exosome) (single-strand insulin-gene)
size: 48
reverse-transcribe insulin-gene :: cost: 1
    add: (connected-cdna-mrna insulin-gene)
    del:
polymerize insulin-gene :: cost: 1
    add: (hair-pin insulin-gene)
    del: (single-strand insulin-gene)
ligate linker insulin-gene :: cost: 1
    add:
    del:
ligate linker e-coli-exosome :: cost: 1
    add:
    del:
ligate linker junk-exosome :: cost: 1
    add:
    del:
ligate linker e-coli :: cost: 1
    add:
    del:
ligate linker junk :: cost: 1
    add:
    del:
ligate linker antibiotic-1 :: cost: 1
    add:
    del:
ligate insulin-gene linker :: cost: 1
    add:
    del:
ligate insulin-gene e-coli-exosome :: cost: 1
    add:
    del:
ligate insulin-gene junk-exosome :: cost: 1
    add:
    del:
ligate insulin-gene e-coli :: cost: 1
    add:
    del:
ligate insulin-gene junk :: cost: 1
    add:
    del:
ligate insulin-gene antibiotic-1 :: cost: 1
    add:
    del:
ligate e-coli-exosome linker :: cost: 1
    add:
    del:
ligate e-coli-exosome insulin-gene :: cost: 1
    add:
    del:
ligate e-coli-exosome junk-exosome :: cost: 1
    add:
    del:
ligate e-coli-exosome e-coli :: cost: 1
    add:
    del:
ligate e-coli-exosome junk :: cost: 1
    add:
    del:
ligate e-coli-exosome antibiotic-1 :: cost: 1
    add:
    del:
ligate junk-exosome linker :: cost: 1
    add:
    del:
ligate junk-exosome insulin-gene :: cost: 1
    add:
    del:
ligate junk-exosome e-coli-exosome :: cost: 1
    add:
    del:
ligate junk-exosome e-coli :: cost: 1
    add:
    del:
ligate junk-exosome junk :: cost: 1
    add:
    del:
ligate junk-exosome antibiotic-1 :: cost: 1
    add:
    del:
ligate e-coli linker :: cost: 1
    add:
    del:
ligate e-coli insulin-gene :: cost: 1
    add:
    del:
ligate e-coli e-coli-exosome :: cost: 1
    add:
    del:
ligate e-coli junk-exosome :: cost: 1
    add:
    del:
ligate e-coli junk :: cost: 1
    add:
    del:
ligate e-coli antibiotic-1 :: cost: 1
    add:
    del:
ligate junk linker :: cost: 1
    add:
    del:
ligate junk insulin-gene :: cost: 1
    add:
    del:
ligate junk e-coli-exosome :: cost: 1
    add:
    del:
ligate junk junk-exosome :: cost: 1
    add:
    del:
ligate junk e-coli :: cost: 1
    add:
    del:
ligate junk antibiotic-1 :: cost: 1
    add:
    del:
ligate antibiotic-1 linker :: cost: 1
    add:
    del:
ligate antibiotic-1 insulin-gene :: cost: 1
    add:
    del:
ligate antibiotic-1 e-coli-exosome :: cost: 1
    add:
    del:
ligate antibiotic-1 junk-exosome :: cost: 1
    add:
    del:
ligate antibiotic-1 e-coli :: cost: 1
    add:
    del:
ligate antibiotic-1 junk :: cost: 1
    add:
    del:
cleave e-coli-exosome :: cost: 1
    add: (cleaved e-coli-exosome)
    del: (cleavable e-coli-exosome)
cleave junk-exosome :: cost: 1
    add: (cleaved junk-exosome)
    del: (cleavable junk-exosome)
transform e-coli-exosome e-coli :: cost: 1
    add: (contains e-coli-exosome e-coli)
    del: (cleavable e-coli-exosome)
transform junk-exosome junk :: cost: 1
    add: (contains junk-exosome junk)
    del: (cleavable junk-exosome)
Step 9 (cleavable e-coli-exosome) (cleavable junk-exosome) (single-strand insulin-gene)
size: 48
reverse-transcribe insulin-gene :: cost: 1
    add: (connected-cdna-mrna insulin-gene)
    del:
polymerize insulin-gene :: cost: 1
    add: (hair-pin insulin-gene)
    del: (single-strand insulin-gene)
ligate linker insulin-gene :: cost: 1
    add:
    del:
ligate linker e-coli-exosome :: cost: 1
    add:
    del:
ligate linker junk-exosome :: cost: 1
    add:
    del:
ligate linker e-coli :: cost: 1
    add:
    del:
ligate linker junk :: cost: 1
    add:
    del:
ligate linker antibiotic-1 :: cost: 1
    add:
    del:
ligate insulin-gene linker :: cost: 1
    add:
    del:
ligate insulin-gene e-coli-exosome :: cost: 1
    add:
    del:
ligate insulin-gene junk-exosome :: cost: 1
    add:
    del:
ligate insulin-gene e-coli :: cost: 1
    add:
    del:
ligate insulin-gene junk :: cost: 1
    add:
    del:
ligate insulin-gene antibiotic-1 :: cost: 1
    add:
    del:
ligate e-coli-exosome linker :: cost: 1
    add:
    del:
ligate e-coli-exosome insulin-gene :: cost: 1
    add:
    del:
ligate e-coli-exosome junk-exosome :: cost: 1
    add:
    del:
ligate e-coli-exosome e-coli :: cost: 1
    add:
    del:
ligate e-coli-exosome junk :: cost: 1
    add:
    del:
ligate e-coli-exosome antibiotic-1 :: cost: 1
    add:
    del:
ligate junk-exosome linker :: cost: 1
    add:
    del:
ligate junk-exosome insulin-gene :: cost: 1
    add:
    del:
ligate junk-exosome e-coli-exosome :: cost: 1
    add:
    del:
ligate junk-exosome e-coli :: cost: 1
    add:
    del:
ligate junk-exosome junk :: cost: 1
    add:
    del:
ligate junk-exosome antibiotic-1 :: cost: 1
    add:
    del:
ligate e-coli linker :: cost: 1
    add:
    del:
ligate e-coli insulin-gene :: cost: 1
    add:
    del:
ligate e-coli e-coli-exosome :: cost: 1
    add:
    del:
ligate e-coli junk-exosome :: cost: 1
    add:
    del:
ligate e-coli junk :: cost: 1
    add:
    del:
ligate e-coli antibiotic-1 :: cost: 1
    add:
    del:
ligate junk linker :: cost: 1
    add:
    del:
ligate junk insulin-gene :: cost: 1
    add:
    del:
ligate junk e-coli-exosome :: cost: 1
    add:
    del:
ligate junk junk-exosome :: cost: 1
    add:
    del:
ligate junk e-coli :: cost: 1
    add:
    del:
ligate junk antibiotic-1 :: cost: 1
    add:
    del:
ligate antibiotic-1 linker :: cost: 1
    add:
    del:
ligate antibiotic-1 insulin-gene :: cost: 1
    add:
    del:
ligate antibiotic-1 e-coli-exosome :: cost: 1
    add:
    del:
ligate antibiotic-1 junk-exosome :: cost: 1
    add:
    del:
ligate antibiotic-1 e-coli :: cost: 1
    add:
    del:
ligate antibiotic-1 junk :: cost: 1
    add:
    del:
cleave e-coli-exosome :: cost: 1
    add: (cleaved e-coli-exosome)
    del: (cleavable e-coli-exosome)
cleave junk-exosome :: cost: 1
    add: (cleaved junk-exosome)
    del: (cleavable junk-exosome)
transform e-coli-exosome e-coli :: cost: 1
    add: (contains e-coli-exosome e-coli)
    del: (cleavable e-coli-exosome)
transform junk-exosome junk :: cost: 1
    add: (contains junk-exosome junk)
    del: (cleavable junk-exosome)
