h2fwbw: facts: 97, ops: 148, goal-unreachable: 0
removed facts [41]:
  (at stone-01 pos-02-03)
  (at stone-01 pos-02-04)
  (at stone-01 pos-03-02)
  (at stone-01 pos-04-02)
  (at stone-01 pos-04-05)
  (at stone-01 pos-05-02)
  (at stone-01 pos-05-08)
  (at stone-01 pos-06-02)
  (at stone-01 pos-06-03)
  (at stone-01 pos-06-04)
  (at stone-02 pos-02-03)
  (at stone-02 pos-02-04)
  (at stone-02 pos-03-02)
  (at stone-02 pos-04-02)
  (at stone-02 pos-04-05)
  (at stone-02 pos-05-02)
  (at stone-02 pos-05-08)
  (at stone-02 pos-06-02)
  (at stone-02 pos-06-03)
  (at stone-02 pos-06-04)
  (at stone-03 pos-02-03)
  (at stone-03 pos-02-04)
  (at stone-03 pos-03-02)
  (at stone-03 pos-04-02)
  (at stone-03 pos-04-05)
  (at stone-03 pos-05-02)
  (at stone-03 pos-05-08)
  (at stone-03 pos-06-02)
  (at stone-03 pos-06-03)
  (at stone-03 pos-06-04)
  (at stone-04 pos-02-03)
  (at stone-04 pos-02-04)
  (at stone-04 pos-03-02)
  (at stone-04 pos-04-02)
  (at stone-04 pos-04-05)
  (at stone-04 pos-05-02)
  (at stone-04 pos-05-08)
  (at stone-04 pos-06-02)
  (at stone-04 pos-06-03)
  (at stone-04 pos-06-04)
  (at stone-04 pos-09-07)
removed ops [68]:
  (push-to-goal player-01 stone-01 pos-05-07 pos-05-06 pos-05-05 dir-up)
  (push-to-goal player-01 stone-01 pos-05-08 pos-05-07 pos-05-06 dir-up)
  (push-to-goal player-01 stone-02 pos-05-07 pos-05-06 pos-05-05 dir-up)
  (push-to-goal player-01 stone-02 pos-05-08 pos-05-07 pos-05-06 dir-up)
  (push-to-goal player-01 stone-03 pos-05-07 pos-05-06 pos-05-05 dir-up)
  (push-to-goal player-01 stone-03 pos-05-08 pos-05-07 pos-05-06 dir-up)
  (push-to-nongoal player-01 stone-01 pos-03-02 pos-04-02 pos-05-02 dir-right)
  (push-to-nongoal player-01 stone-01 pos-03-04 pos-03-03 pos-03-02 dir-up)
  (push-to-nongoal player-01 stone-01 pos-04-02 pos-05-02 pos-06-02 dir-right)
  (push-to-nongoal player-01 stone-01 pos-04-03 pos-03-03 pos-02-03 dir-left)
  (push-to-nongoal player-01 stone-01 pos-04-03 pos-04-04 pos-04-05 dir-down)
  (push-to-nongoal player-01 stone-01 pos-04-03 pos-05-03 pos-06-03 dir-right)
  (push-to-nongoal player-01 stone-01 pos-04-04 pos-03-04 pos-02-04 dir-left)
  (push-to-nongoal player-01 stone-01 pos-04-04 pos-04-03 pos-04-02 dir-up)
  (push-to-nongoal player-01 stone-01 pos-04-04 pos-05-04 pos-06-04 dir-right)
  (push-to-nongoal player-01 stone-01 pos-05-02 pos-04-02 pos-03-02 dir-left)
  (push-to-nongoal player-01 stone-01 pos-05-04 pos-05-03 pos-05-02 dir-up)
  (push-to-nongoal player-01 stone-01 pos-05-06 pos-05-05 pos-05-04 dir-up)
  (push-to-nongoal player-01 stone-01 pos-06-02 pos-05-02 pos-04-02 dir-left)
  (push-to-nongoal player-01 stone-01 pos-06-02 pos-06-03 pos-06-04 dir-down)
  (push-to-nongoal player-01 stone-01 pos-06-04 pos-06-03 pos-06-02 dir-up)
  (push-to-nongoal player-01 stone-02 pos-03-02 pos-04-02 pos-05-02 dir-right)
  (push-to-nongoal player-01 stone-02 pos-03-04 pos-03-03 pos-03-02 dir-up)
  (push-to-nongoal player-01 stone-02 pos-04-02 pos-05-02 pos-06-02 dir-right)
  (push-to-nongoal player-01 stone-02 pos-04-03 pos-03-03 pos-02-03 dir-left)
  (push-to-nongoal player-01 stone-02 pos-04-03 pos-04-04 pos-04-05 dir-down)
  (push-to-nongoal player-01 stone-02 pos-04-03 pos-05-03 pos-06-03 dir-right)
  (push-to-nongoal player-01 stone-02 pos-04-04 pos-03-04 pos-02-04 dir-left)
  (push-to-nongoal player-01 stone-02 pos-04-04 pos-04-03 pos-04-02 dir-up)
  (push-to-nongoal player-01 stone-02 pos-04-04 pos-05-04 pos-06-04 dir-right)
  (push-to-nongoal player-01 stone-02 pos-05-02 pos-04-02 pos-03-02 dir-left)
  (push-to-nongoal player-01 stone-02 pos-05-04 pos-05-03 pos-05-02 dir-up)
  (push-to-nongoal player-01 stone-02 pos-05-06 pos-05-05 pos-05-04 dir-up)
  (push-to-nongoal player-01 stone-02 pos-06-02 pos-05-02 pos-04-02 dir-left)
  (push-to-nongoal player-01 stone-02 pos-06-02 pos-06-03 pos-06-04 dir-down)
  (push-to-nongoal player-01 stone-02 pos-06-04 pos-06-03 pos-06-02 dir-up)
  (push-to-nongoal player-01 stone-03 pos-03-02 pos-04-02 pos-05-02 dir-right)
  (push-to-nongoal player-01 stone-03 pos-03-04 pos-03-03 pos-03-02 dir-up)
  (push-to-nongoal player-01 stone-03 pos-04-02 pos-05-02 pos-06-02 dir-right)
  (push-to-nongoal player-01 stone-03 pos-04-03 pos-03-03 pos-02-03 dir-left)
  (push-to-nongoal player-01 stone-03 pos-04-03 pos-04-04 pos-04-05 dir-down)
  (push-to-nongoal player-01 stone-03 pos-04-03 pos-05-03 pos-06-03 dir-right)
  (push-to-nongoal player-01 stone-03 pos-04-04 pos-03-04 pos-02-04 dir-left)
  (push-to-nongoal player-01 stone-03 pos-04-04 pos-04-03 pos-04-02 dir-up)
  (push-to-nongoal player-01 stone-03 pos-04-04 pos-05-04 pos-06-04 dir-right)
  (push-to-nongoal player-01 stone-03 pos-05-02 pos-04-02 pos-03-02 dir-left)
  (push-to-nongoal player-01 stone-03 pos-05-04 pos-05-03 pos-05-02 dir-up)
  (push-to-nongoal player-01 stone-03 pos-05-06 pos-05-05 pos-05-04 dir-up)
  (push-to-nongoal player-01 stone-03 pos-06-02 pos-05-02 pos-04-02 dir-left)
  (push-to-nongoal player-01 stone-03 pos-06-02 pos-06-03 pos-06-04 dir-down)
  (push-to-nongoal player-01 stone-03 pos-06-04 pos-06-03 pos-06-02 dir-up)
  (push-to-nongoal player-01 stone-04 pos-03-02 pos-04-02 pos-05-02 dir-right)
  (push-to-nongoal player-01 stone-04 pos-03-04 pos-03-03 pos-03-02 dir-up)
  (push-to-nongoal player-01 stone-04 pos-04-02 pos-05-02 pos-06-02 dir-right)
  (push-to-nongoal player-01 stone-04 pos-04-03 pos-03-03 pos-02-03 dir-left)
  (push-to-nongoal player-01 stone-04 pos-04-03 pos-04-04 pos-04-05 dir-down)
  (push-to-nongoal player-01 stone-04 pos-04-03 pos-05-03 pos-06-03 dir-right)
  (push-to-nongoal player-01 stone-04 pos-04-04 pos-03-04 pos-02-04 dir-left)
  (push-to-nongoal player-01 stone-04 pos-04-04 pos-04-03 pos-04-02 dir-up)
  (push-to-nongoal player-01 stone-04 pos-04-04 pos-05-04 pos-06-04 dir-right)
  (push-to-nongoal player-01 stone-04 pos-05-02 pos-04-02 pos-03-02 dir-left)
  (push-to-nongoal player-01 stone-04 pos-05-04 pos-05-03 pos-05-02 dir-up)
  (push-to-nongoal player-01 stone-04 pos-05-07 pos-06-07 pos-07-07 dir-right)
  (push-to-nongoal player-01 stone-04 pos-06-02 pos-05-02 pos-04-02 dir-left)
  (push-to-nongoal player-01 stone-04 pos-06-02 pos-06-03 pos-06-04 dir-down)
  (push-to-nongoal player-01 stone-04 pos-06-04 pos-06-03 pos-06-02 dir-up)
  (push-to-nongoal player-01 stone-04 pos-06-07 pos-07-07 pos-08-07 dir-right)
  (push-to-nongoal player-01 stone-04 pos-07-07 pos-08-07 pos-09-07 dir-right)
num mutex pairs: 863
