h2fw: facts: 109, ops: 205, goal-unreachable: 0
removed facts [29]:
  (at stone-01 pos-02-03)
  (at stone-01 pos-02-04)
  (at stone-01 pos-03-02)
  (at stone-01 pos-04-05)
  (at stone-01 pos-05-08)
  (at stone-01 pos-06-02)
  (at stone-01 pos-06-04)
  (at stone-02 pos-02-03)
  (at stone-02 pos-02-04)
  (at stone-02 pos-03-02)
  (at stone-02 pos-04-05)
  (at stone-02 pos-05-08)
  (at stone-02 pos-06-02)
  (at stone-02 pos-06-04)
  (at stone-03 pos-02-03)
  (at stone-03 pos-02-04)
  (at stone-03 pos-03-02)
  (at stone-03 pos-04-05)
  (at stone-03 pos-05-08)
  (at stone-03 pos-06-02)
  (at stone-03 pos-06-04)
  (at stone-04 pos-02-03)
  (at stone-04 pos-02-04)
  (at stone-04 pos-03-02)
  (at stone-04 pos-04-05)
  (at stone-04 pos-05-08)
  (at stone-04 pos-06-02)
  (at stone-04 pos-06-04)
  (at stone-04 pos-09-07)
removed ops [11]:
  (push-to-goal player-01 stone-01 pos-05-07 pos-05-06 pos-05-05 dir-up)
  (push-to-goal player-01 stone-01 pos-05-08 pos-05-07 pos-05-06 dir-up)
  (push-to-goal player-01 stone-02 pos-05-07 pos-05-06 pos-05-05 dir-up)
  (push-to-goal player-01 stone-02 pos-05-08 pos-05-07 pos-05-06 dir-up)
  (push-to-goal player-01 stone-03 pos-05-07 pos-05-06 pos-05-05 dir-up)
  (push-to-goal player-01 stone-03 pos-05-08 pos-05-07 pos-05-06 dir-up)
  (push-to-nongoal player-01 stone-01 pos-05-06 pos-05-05 pos-05-04 dir-up)
  (push-to-nongoal player-01 stone-02 pos-05-06 pos-05-05 pos-05-04 dir-up)
  (push-to-nongoal player-01 stone-03 pos-05-06 pos-05-05 pos-05-04 dir-up)
  (push-to-nongoal player-01 stone-04 pos-05-07 pos-06-07 pos-07-07 dir-right)
  (push-to-nongoal player-01 stone-04 pos-06-07 pos-07-07 pos-08-07 dir-right)
