Domain: recharging-robots
Problem: recharging-robots-cover-robots3-areas1-1291-7639
Require:
  :action-costs
  :conditional-effects
  :equality
  :negative-preconditions
  :strips
  :typing
Type:
  battery-level - object
  config - object
  location - object
  object
  robot - object
Obj:
  battery-0000 - battery-level
  battery-0001 - battery-level
  battery-0002 - battery-level
  battery-0003 - battery-level
  battery-0004 - battery-level
  battery-0005 - battery-level
  battery-0006 - battery-level
  battery-0007 - battery-level
  battery-0008 - battery-level
  battery-0009 - battery-level
  battery-0010 - battery-level
  battery-0011 - battery-level
  battery-0012 - battery-level
  battery-0013 - battery-level
  battery-0014 - battery-level
  config-00 - config
  location-0000 - location
  location-0001 - location
  location-0002 - location
  location-0003 - location
  location-0004 - location
  location-0005 - location
  location-0006 - location
  location-0007 - location
  location-0008 - location
  location-0009 - location
  location-0010 - location
  location-0011 - location
  location-0012 - location
  location-0013 - location
  location-0014 - location
  location-0015 - location
  location-0016 - location
  location-0017 - location
  location-0018 - location
  location-0019 - location
  location-0020 - location
  location-0021 - location
  location-0022 - location
  location-0023 - location
  location-0024 - location
  location-0025 - location
  location-0026 - location
  location-0027 - location
  location-0028 - location
  location-0029 - location
  robot-00 - robot
  robot-01 - robot
  robot-02 - robot
Predicate:
  (= object object) :eq
  (NOT-stopped robot)
  (at robot location)
  (battery robot battery-level)
  (battery-predecessor battery-level battery-level)
  (config-fullfilled config)
  (connected location location)
  (guarded location)
Function:
  (move-cost)
  (recharge-cost)
  (total-cost) :total-cost
Action:
  move: ?r - robot ?from - location ?to - location ?fpre - battery-level ?fpost - battery-level
      pre: (and (NOT-stopped ?r) (at ?r ?from) (battery ?r ?fpre) (battery-predecessor ?fpost ?fpre) (connected ?from ?to))
      eff: (and (at ?r ?to) (battery ?r ?fpost) (increase (total-cost) (move-cost)) (not (at ?r ?from)) (not (battery ?r ?fpre)))
  move: ?r - robot ?from - location ?to - location ?fpre - battery-level ?fpost - battery-level
      pre: (and (NOT-stopped ?r) (at ?r ?from) (battery ?r ?fpre) (battery-predecessor ?fpost ?fpre) (connected ?to ?from))
      eff: (and (at ?r ?to) (battery ?r ?fpost) (increase (total-cost) (move-cost)) (not (at ?r ?from)) (not (battery ?r ?fpre)))
  recharge: ?rfrom - robot ?rto - robot ?loc - location ?fpre-from - battery-level ?fpost-from - battery-level ?fpre-to - battery-level ?fpost-to - battery-level
      pre: (and (at ?rfrom ?loc) (at ?rto ?loc) (battery ?rfrom ?fpre-from) (battery ?rto ?fpre-to) (battery-predecessor ?fpost-from ?fpre-from) (battery-predecessor ?fpre-to ?fpost-to) (not (= ?rfrom ?rto)))
      eff: (and (battery ?rfrom ?fpost-from) (battery ?rto ?fpost-to) (increase (total-cost) (recharge-cost)) (not (battery ?rfrom ?fpre-from)) (not (battery ?rto ?fpre-to)))
  stop-and-guard: ?r - robot ?l - location
      pre: (and (NOT-stopped ?r) (at ?r ?l))
      eff: (and (guarded ?l) (not (NOT-stopped ?r)) (when (connected ?l location-0000) (guarded location-0000)) (when (connected ?l location-0001) (guarded location-0001)) (when (connected ?l location-0002) (guarded location-0002)) (when (connected ?l location-0003) (guarded location-0003)) (when (connected ?l location-0004) (guarded location-0004)) (when (connected ?l location-0005) (guarded location-0005)) (when (connected ?l location-0006) (guarded location-0006)) (when (connected ?l location-0007) (guarded location-0007)) (when (connected ?l location-0008) (guarded location-0008)) (when (connected ?l location-0009) (guarded location-0009)) (when (connected ?l location-0010) (guarded location-0010)) (when (connected ?l location-0011) (guarded location-0011)) (when (connected ?l location-0012) (guarded location-0012)) (when (connected ?l location-0013) (guarded location-0013)) (when (connected ?l location-0014) (guarded location-0014)) (when (connected ?l location-0015) (guarded location-0015)) (when (connected ?l location-0016) (guarded location-0016)) (when (connected ?l location-0017) (guarded location-0017)) (when (connected ?l location-0018) (guarded location-0018)) (when (connected ?l location-0019) (guarded location-0019)) (when (connected ?l location-0020) (guarded location-0020)) (when (connected ?l location-0021) (guarded location-0021)) (when (connected ?l location-0022) (guarded location-0022)) (when (connected ?l location-0023) (guarded location-0023)) (when (connected ?l location-0024) (guarded location-0024)) (when (connected ?l location-0025) (guarded location-0025)) (when (connected ?l location-0026) (guarded location-0026)) (when (connected ?l location-0027) (guarded location-0027)) (when (connected ?l location-0028) (guarded location-0028)) (when (connected ?l location-0029) (guarded location-0029)) (when (connected location-0000 ?l) (guarded location-0000)) (when (connected location-0001 ?l) (guarded location-0001)) (when (connected location-0002 ?l) (guarded location-0002)) (when (connected location-0003 ?l) (guarded location-0003)) (when (connected location-0004 ?l) (guarded location-0004)) (when (connected location-0005 ?l) (guarded location-0005)) (when (connected location-0006 ?l) (guarded location-0006)) (when (connected location-0007 ?l) (guarded location-0007)) (when (connected location-0008 ?l) (guarded location-0008)) (when (connected location-0009 ?l) (guarded location-0009)) (when (connected location-0010 ?l) (guarded location-0010)) (when (connected location-0011 ?l) (guarded location-0011)) (when (connected location-0012 ?l) (guarded location-0012)) (when (connected location-0013 ?l) (guarded location-0013)) (when (connected location-0014 ?l) (guarded location-0014)) (when (connected location-0015 ?l) (guarded location-0015)) (when (connected location-0016 ?l) (guarded location-0016)) (when (connected location-0017 ?l) (guarded location-0017)) (when (connected location-0018 ?l) (guarded location-0018)) (when (connected location-0019 ?l) (guarded location-0019)) (when (connected location-0020 ?l) (guarded location-0020)) (when (connected location-0021 ?l) (guarded location-0021)) (when (connected location-0022 ?l) (guarded location-0022)) (when (connected location-0023 ?l) (guarded location-0023)) (when (connected location-0024 ?l) (guarded location-0024)) (when (connected location-0025 ?l) (guarded location-0025)) (when (connected location-0026 ?l) (guarded location-0026)) (when (connected location-0027 ?l) (guarded location-0027)) (when (connected location-0028 ?l) (guarded location-0028)) (when (connected location-0029 ?l) (guarded location-0029)))
  verify-guard-config: ?c - config
      pre: (and (= ?c config-00) (guarded location-0002) (guarded location-0003) (guarded location-0004) (guarded location-0006) (guarded location-0008) (guarded location-0014) (guarded location-0022) (guarded location-0023) (guarded location-0024) (guarded location-0025) (guarded location-0026))
      eff: (and (NOT-stopped robot-00) (NOT-stopped robot-01) (NOT-stopped robot-02) (config-fullfilled config-00) (not (guarded location-0000)) (not (guarded location-0001)) (not (guarded location-0002)) (not (guarded location-0003)) (not (guarded location-0004)) (not (guarded location-0005)) (not (guarded location-0006)) (not (guarded location-0007)) (not (guarded location-0008)) (not (guarded location-0009)) (not (guarded location-0010)) (not (guarded location-0011)) (not (guarded location-0012)) (not (guarded location-0013)) (not (guarded location-0014)) (not (guarded location-0015)) (not (guarded location-0016)) (not (guarded location-0017)) (not (guarded location-0018)) (not (guarded location-0019)) (not (guarded location-0020)) (not (guarded location-0021)) (not (guarded location-0022)) (not (guarded location-0023)) (not (guarded location-0024)) (not (guarded location-0025)) (not (guarded location-0026)) (not (guarded location-0027)) (not (guarded location-0028)) (not (guarded location-0029)))
Init:
  (= (move-cost) 1)
  (= (recharge-cost) 1)
  (= (total-cost) 0)
  (NOT-stopped robot-00)
  (NOT-stopped robot-01)
  (NOT-stopped robot-02)
  (at robot-00 location-0013)
  (at robot-01 location-0000)
  (at robot-02 location-0028)
  (battery robot-00 battery-0002)
  (battery robot-01 battery-0002)
  (battery robot-02 battery-0010)
  (battery-predecessor battery-0000 battery-0001)
  (battery-predecessor battery-0001 battery-0002)
  (battery-predecessor battery-0002 battery-0003)
  (battery-predecessor battery-0003 battery-0004)
  (battery-predecessor battery-0004 battery-0005)
  (battery-predecessor battery-0005 battery-0006)
  (battery-predecessor battery-0006 battery-0007)
  (battery-predecessor battery-0007 battery-0008)
  (battery-predecessor battery-0008 battery-0009)
  (battery-predecessor battery-0009 battery-0010)
  (battery-predecessor battery-0010 battery-0011)
  (battery-predecessor battery-0011 battery-0012)
  (battery-predecessor battery-0012 battery-0013)
  (battery-predecessor battery-0013 battery-0014)
  (connected location-0000 location-0019)
  (connected location-0000 location-0020)
  (connected location-0001 location-0005)
  (connected location-0001 location-0011)
  (connected location-0001 location-0012)
  (connected location-0001 location-0020)
  (connected location-0001 location-0021)
  (connected location-0002 location-0008)
  (connected location-0002 location-0022)
  (connected location-0002 location-0025)
  (connected location-0002 location-0026)
  (connected location-0003 location-0017)
  (connected location-0003 location-0018)
  (connected location-0003 location-0021)
  (connected location-0003 location-0024)
  (connected location-0003 location-0026)
  (connected location-0003 location-0027)
  (connected location-0004 location-0007)
  (connected location-0004 location-0010)
  (connected location-0004 location-0013)
  (connected location-0004 location-0026)
  (connected location-0004 location-0029)
  (connected location-0005 location-0011)
  (connected location-0005 location-0021)
  (connected location-0005 location-0027)
  (connected location-0005 location-0028)
  (connected location-0006 location-0008)
  (connected location-0006 location-0014)
  (connected location-0006 location-0017)
  (connected location-0006 location-0023)
  (connected location-0006 location-0024)
  (connected location-0007 location-0009)
  (connected location-0007 location-0013)
  (connected location-0008 location-0014)
  (connected location-0008 location-0022)
  (connected location-0008 location-0023)
  (connected location-0009 location-0012)
  (connected location-0009 location-0013)
  (connected location-0010 location-0011)
  (connected location-0010 location-0013)
  (connected location-0010 location-0028)
  (connected location-0010 location-0029)
  (connected location-0011 location-0012)
  (connected location-0011 location-0028)
  (connected location-0012 location-0013)
  (connected location-0014 location-0015)
  (connected location-0014 location-0017)
  (connected location-0015 location-0016)
  (connected location-0015 location-0019)
  (connected location-0016 location-0017)
  (connected location-0016 location-0018)
  (connected location-0016 location-0019)
  (connected location-0017 location-0018)
  (connected location-0017 location-0024)
  (connected location-0018 location-0019)
  (connected location-0018 location-0021)
  (connected location-0019 location-0020)
  (connected location-0020 location-0021)
  (connected location-0021 location-0027)
  (connected location-0022 location-0023)
  (connected location-0022 location-0025)
  (connected location-0023 location-0024)
  (connected location-0024 location-0025)
  (connected location-0024 location-0026)
  (connected location-0025 location-0026)
  (connected location-0026 location-0027)
  (connected location-0026 location-0029)
  (connected location-0027 location-0028)
  (connected location-0028 location-0029)
Goal:
  (config-fullfilled config-00)
Metric:
  (total-cost)
Pred prop:
  (= object object): in_pre in_pre_neg
  (NOT-stopped robot): in_init in_pre in_eff
  (at robot location): in_init in_pre in_eff
  (battery robot battery-level): in_init in_pre in_eff
  (battery-predecessor battery-level battery-level): in_init in_pre
  (config-fullfilled config): in_goal in_eff
  (connected location location): in_init in_pre
  (guarded location): in_pre in_eff
Func prop:
  (move-cost): in_init init_all_nonneg init_all_int on_num_op_rhs write_delta_nonneg write_delta_nonneg_int
  (recharge-cost): in_init init_all_nonneg init_all_int on_num_op_rhs write_delta_nonneg write_delta_nonneg_int
  (total-cost): in_init init_all_nonneg init_all_nonpos init_all_int in_metric is_metric_alone in_eff rhs_funcs:(move-cost recharge-cost) write_delta_nonneg write_delta_nonneg_int
Global prop:
  action_cost_func:(total-cost)
  has_cond_eff
  has_eq_pred
  has_int_action_cost_func
