step 0: state 9 applicable 15
move robot-00 location-0013 location-0004 battery-0002 battery-0001 :: cost: 1
    add: (at robot-00 location-0004) (battery robot-00 battery-0001)
    del: (at robot-00 location-0013) (battery robot-00 battery-0002)
move robot-00 location-0013 location-0007 battery-0002 battery-0001 :: cost: 1
    add: (at robot-00 location-0007) (battery robot-00 battery-0001)
    del: (at robot-00 location-0013) (battery robot-00 battery-0002)
move robot-00 location-0013 location-0009 battery-0002 battery-0001 :: cost: 1
    add: (at robot-00 location-0009) (battery robot-00 battery-0001)
    del: (at robot-00 location-0013) (battery robot-00 battery-0002)
step 1: state 9 applicable 18
move robot-00 location-0013 location-0004 battery-0002 battery-0001 :: cost: 1
    add: (at robot-00 location-0004) (battery robot-00 battery-0001)
    del: (at robot-00 location-0013) (battery robot-00 battery-0002)
move robot-00 location-0013 location-0007 battery-0002 battery-0001 :: cost: 1
    add: (at robot-00 location-0007) (battery robot-00 battery-0001)
    del: (at robot-00 location-0013) (battery robot-00 battery-0002)
move robot-00 location-0013 location-0009 battery-0002 battery-0001 :: cost: 1
    add: (at robot-00 location-0009) (battery robot-00 battery-0001)
    del: (at robot-00 location-0013) (battery robot-00 battery-0002)
step 2: state 9 applicable 17
move robot-00 location-0013 location-0004 battery-0002 battery-0001 :: cost: 1
    add: (at robot-00 location-0004) (battery robot-00 battery-0001)
    del: (at robot-00 location-0013) (battery robot-00 battery-0002)
move robot-00 location-0013 location-0007 battery-0002 battery-0001 :: cost: 1
    add: (at robot-00 location-0007) (battery robot-00 battery-0001)
    del: (at robot-00 location-0013) (battery robot-00 battery-0002)
move robot-00 location-0013 location-0009 battery-0002 battery-0001 :: cost: 1
    add: (at robot-00 location-0009) (battery robot-00 battery-0001)
    del: (at robot-00 location-0013) (battery robot-00 battery-0002)
step 3: state 14 applicable 11
move robot-00 location-0013 location-0004 battery-0002 battery-0001 :: cost: 1
    add: (at robot-00 location-0004) (battery robot-00 battery-0001)
    del: (at robot-00 location-0013) (battery robot-00 battery-0002)
move robot-00 location-0013 location-0007 battery-0002 battery-0001 :: cost: 1
    add: (at robot-00 location-0007) (battery robot-00 battery-0001)
    del: (at robot-00 location-0013) (battery robot-00 battery-0002)
move robot-00 location-0013 location-0009 battery-0002 battery-0001 :: cost: 1
    add: (at robot-00 location-0009) (battery robot-00 battery-0001)
    del: (at robot-00 location-0013) (battery robot-00 battery-0002)
step 4: state 14 applicable 9
move robot-00 location-0007 location-0004 battery-0001 battery-0000 :: cost: 1
    add: (at robot-00 location-0004) (battery robot-00 battery-0000)
    del: (at robot-00 location-0007) (battery robot-00 battery-0001)
move robot-00 location-0007 location-0009 battery-0001 battery-0000 :: cost: 1
    add: (at robot-00 location-0009) (battery robot-00 battery-0000)
    del: (at robot-00 location-0007) (battery robot-00 battery-0001)
move robot-00 location-0007 location-0013 battery-0001 battery-0000 :: cost: 1
    add: (at robot-00 location-0013) (battery robot-00 battery-0000)
    del: (at robot-00 location-0007) (battery robot-00 battery-0001)
ground atoms: 50 groundings: 30
