(move_l_down f0-0f f1-0f f1-1f f2-0f f2-1f rightl0)
   (at_right_l rightl0 f0-0f f1-0f f1-1f) (clear f2-0f) (clear f2-1f)
   + (NOT:clear f0-0f) (NOT:clear f1-0f) (NOT:clear f1-1f)
(move_l_down f0-1f f1-1f f1-2f f2-1f f2-2f rightl0)
   (at_right_l rightl0 f0-1f f1-1f f1-2f) (clear f2-1f) (clear f2-2f)
   + (NOT:clear f0-1f) (NOT:clear f1-1f) (NOT:clear f1-2f)
(move_l_down f0-2f f1-2f f1-3f f2-2f f2-3f rightl0)
   (at_right_l rightl0 f0-2f f1-2f f1-3f) (clear f2-2f) (clear f2-3f)
   + (NOT:clear f0-2f) (NOT:clear f1-2f) (NOT:clear f1-3f)
(move_l_down f1-0f f2-0f f2-1f f3-0f f3-1f rightl0)
   (at_right_l rightl0 f1-0f f2-0f f2-1f) (clear f3-0f) (clear f3-1f)
   + (NOT:clear f1-0f) (NOT:clear f2-0f) (NOT:clear f2-1f)
(move_l_down f1-1f f2-1f f2-2f f3-1f f3-2f rightl0)
   (at_right_l rightl0 f1-1f f2-1f f2-2f) (clear f3-1f) (clear f3-2f)
   + (NOT:clear f1-1f) (NOT:clear f2-1f) (NOT:clear f2-2f)
(move_l_down f1-2f f2-2f f2-3f f3-2f f3-3f rightl0)
   (at_right_l rightl0 f1-2f f2-2f f2-3f) (clear f3-2f) (clear f3-3f)
   + (NOT:clear f1-2f) (NOT:clear f2-2f) (NOT:clear f2-3f)
(move_l_down f2-0f f3-0f f3-1f f4-0f f4-1f rightl0)
   (at_right_l rightl0 f2-0f f3-0f f3-1f) (clear f4-0f) (clear f4-1f)
   + (NOT:clear f2-0f) (NOT:clear f3-0f) (NOT:clear f3-1f)
(move_l_down f2-1f f3-1f f3-2f f4-1f f4-2f rightl0)
   (at_right_l rightl0 f2-1f f3-1f f3-2f) (clear f4-1f) (clear f4-2f)
   + (NOT:clear f2-1f) (NOT:clear f3-1f) (NOT:clear f3-2f)
(move_l_down f2-2f f3-2f f3-3f f4-2f f4-3f rightl0)
   (at_right_l rightl0 f2-2f f3-2f f3-3f) (clear f4-2f) (clear f4-3f)
   + (NOT:clear f2-2f) (NOT:clear f3-2f) (NOT:clear f3-3f)
(move_l_down f3-0f f4-0f f4-1f f5-0f f5-1f rightl0)
   (at_right_l rightl0 f3-0f f4-0f f4-1f) (clear f5-0f) (clear f5-1f)
   + (NOT:clear f3-0f) (NOT:clear f4-0f) (NOT:clear f4-1f)
(move_l_down f3-1f f4-1f f4-2f f5-1f f5-2f rightl0)
   (at_right_l rightl0 f3-1f f4-1f f4-2f) (clear f5-1f) (clear f5-2f)
   + (NOT:clear f3-1f) (NOT:clear f4-1f) (NOT:clear f4-2f)
(move_l_down f3-2f f4-2f f4-3f f5-2f f5-3f rightl0)
   (at_right_l rightl0 f3-2f f4-2f f4-3f) (clear f5-2f) (clear f5-3f)
   + (NOT:clear f3-2f) (NOT:clear f4-2f) (NOT:clear f4-3f)
(move_l_left f0-1f f1-1f f1-2f f0-0f f1-0f rightl0)
   (at_right_l rightl0 f0-1f f1-1f f1-2f) (clear f0-0f) (clear f1-0f)
   + (NOT:clear f0-1f) (NOT:clear f1-1f) (NOT:clear f1-2f)
(move_l_left f0-2f f1-2f f1-3f f0-1f f1-1f rightl0)
   (at_right_l rightl0 f0-2f f1-2f f1-3f) (clear f0-1f) (clear f1-1f)
   + (NOT:clear f0-2f) (NOT:clear f1-2f) (NOT:clear f1-3f)
(move_l_left f1-1f f2-1f f2-2f f1-0f f2-0f rightl0)
   (at_right_l rightl0 f1-1f f2-1f f2-2f) (clear f1-0f) (clear f2-0f)
   + (NOT:clear f1-1f) (NOT:clear f2-1f) (NOT:clear f2-2f)
(move_l_left f1-2f f2-2f f2-3f f1-1f f2-1f rightl0)
   (at_right_l rightl0 f1-2f f2-2f f2-3f) (clear f1-1f) (clear f2-1f)
   + (NOT:clear f1-2f) (NOT:clear f2-2f) (NOT:clear f2-3f)
(move_l_left f2-1f f3-1f f3-2f f2-0f f3-0f rightl0)
   (at_right_l rightl0 f2-1f f3-1f f3-2f) (clear f2-0f) (clear f3-0f)
   + (NOT:clear f2-1f) (NOT:clear f3-1f) (NOT:clear f3-2f)
(move_l_left f2-2f f3-2f f3-3f f2-1f f3-1f rightl0)
   (at_right_l rightl0 f2-2f f3-2f f3-3f) (clear f2-1f) (clear f3-1f)
   + (NOT:clear f2-2f) (NOT:clear f3-2f) (NOT:clear f3-3f)
(move_l_left f3-1f f4-1f f4-2f f3-0f f4-0f rightl0)
   (at_right_l rightl0 f3-1f f4-1f f4-2f) (clear f3-0f) (clear f4-0f)
   + (NOT:clear f3-1f) (NOT:clear f4-1f) (NOT:clear f4-2f)
(move_l_left f3-2f f4-2f f4-3f f3-1f f4-1f rightl0)
   (at_right_l rightl0 f3-2f f4-2f f4-3f) (clear f3-1f) (clear f4-1f)
   + (NOT:clear f3-2f) (NOT:clear f4-2f) (NOT:clear f4-3f)
(move_l_left f4-1f f5-1f f5-2f f4-0f f5-0f rightl0)
   (at_right_l rightl0 f4-1f f5-1f f5-2f) (clear f4-0f) (clear f5-0f)
   + (NOT:clear f4-1f) (NOT:clear f5-1f) (NOT:clear f5-2f)
(move_l_left f4-2f f5-2f f5-3f f4-1f f5-1f rightl0)
   (at_right_l rightl0 f4-2f f5-2f f5-3f) (clear f4-1f) (clear f5-1f)
   + (NOT:clear f4-2f) (NOT:clear f5-2f) (NOT:clear f5-3f)
(move_l_right f0-0f f1-0f f1-1f f0-1f f1-2f f0-2f rightl0)
   (at_right_l rightl0 f0-0f f1-0f f1-1f) (clear f0-1f) (clear f1-2f)
   + (NOT:clear f0-0f) (NOT:clear f1-0f) (NOT:clear f1-1f)
(move_l_right f0-1f f1-1f f1-2f f0-2f f1-3f f0-3f rightl0)
   (at_right_l rightl0 f0-1f f1-1f f1-2f) (clear f0-2f) (clear f1-3f)
   + (NOT:clear f0-1f) (NOT:clear f1-1f) (NOT:clear f1-2f)
(move_l_right f1-0f f2-0f f2-1f f1-1f f2-2f f1-2f rightl0)
   (at_right_l rightl0 f1-0f f2-0f f2-1f) (clear f1-1f) (clear f2-2f)
   + (NOT:clear f1-0f) (NOT:clear f2-0f) (NOT:clear f2-1f)
(move_l_right f1-1f f2-1f f2-2f f1-2f f2-3f f1-3f rightl0)
   (at_right_l rightl0 f1-1f f2-1f f2-2f) (clear f1-2f) (clear f2-3f)
   + (NOT:clear f1-1f) (NOT:clear f2-1f) (NOT:clear f2-2f)
(move_l_right f2-0f f3-0f f3-1f f2-1f f3-2f f2-2f rightl0)
   (at_right_l rightl0 f2-0f f3-0f f3-1f) (clear f2-1f) (clear f3-2f)
   + (NOT:clear f2-0f) (NOT:clear f3-0f) (NOT:clear f3-1f)
(move_l_right f2-1f f3-1f f3-2f f2-2f f3-3f f2-3f rightl0)
   (at_right_l rightl0 f2-1f f3-1f f3-2f) (clear f2-2f) (clear f3-3f)
   + (NOT:clear f2-1f) (NOT:clear f3-1f) (NOT:clear f3-2f)
(move_l_right f3-0f f4-0f f4-1f f3-1f f4-2f f3-2f rightl0)
   (at_right_l rightl0 f3-0f f4-0f f4-1f) (clear f3-1f) (clear f4-2f)
   + (NOT:clear f3-0f) (NOT:clear f4-0f) (NOT:clear f4-1f)
(move_l_right f3-1f f4-1f f4-2f f3-2f f4-3f f3-3f rightl0)
   (at_right_l rightl0 f3-1f f4-1f f4-2f) (clear f3-2f) (clear f4-3f)
   + (NOT:clear f3-1f) (NOT:clear f4-1f) (NOT:clear f4-2f)
(move_l_right f4-0f f5-0f f5-1f f4-1f f5-2f f4-2f rightl0)
   (at_right_l rightl0 f4-0f f5-0f f5-1f) (clear f4-1f) (clear f5-2f)
   + (NOT:clear f4-0f) (NOT:clear f5-0f) (NOT:clear f5-1f)
(move_l_right f4-1f f5-1f f5-2f f4-2f f5-3f f4-3f rightl0)
   (at_right_l rightl0 f4-1f f5-1f f5-2f) (clear f4-2f) (clear f5-3f)
   + (NOT:clear f4-1f) (NOT:clear f5-1f) (NOT:clear f5-2f)
(move_l_up f1-0f f2-0f f2-1f f0-0f f1-1f f0-1f rightl0)
   (at_right_l rightl0 f1-0f f2-0f f2-1f) (clear f0-0f) (clear f1-1f)
   + (NOT:clear f1-0f) (NOT:clear f2-0f) (NOT:clear f2-1f)
(move_l_up f1-1f f2-1f f2-2f f0-1f f1-2f f0-2f rightl0)
   (at_right_l rightl0 f1-1f f2-1f f2-2f) (clear f0-1f) (clear f1-2f)
   + (NOT:clear f1-1f) (NOT:clear f2-1f) (NOT:clear f2-2f)
(move_l_up f1-2f f2-2f f2-3f f0-2f f1-3f f0-3f rightl0)
   (at_right_l rightl0 f1-2f f2-2f f2-3f) (clear f0-2f) (clear f1-3f)
   + (NOT:clear f1-2f) (NOT:clear f2-2f) (NOT:clear f2-3f)
(move_l_up f2-0f f3-0f f3-1f f1-0f f2-1f f1-1f rightl0)
   (at_right_l rightl0 f2-0f f3-0f f3-1f) (clear f1-0f) (clear f2-1f)
   + (NOT:clear f2-0f) (NOT:clear f3-0f) (NOT:clear f3-1f)
(move_l_up f2-1f f3-1f f3-2f f1-1f f2-2f f1-2f rightl0)
   (at_right_l rightl0 f2-1f f3-1f f3-2f) (clear f1-1f) (clear f2-2f)
   + (NOT:clear f2-1f) (NOT:clear f3-1f) (NOT:clear f3-2f)
(move_l_up f2-2f f3-2f f3-3f f1-2f f2-3f f1-3f rightl0)
   (at_right_l rightl0 f2-2f f3-2f f3-3f) (clear f1-2f) (clear f2-3f)
   + (NOT:clear f2-2f) (NOT:clear f3-2f) (NOT:clear f3-3f)
(move_l_up f3-0f f4-0f f4-1f f2-0f f3-1f f2-1f rightl0)
   (at_right_l rightl0 f3-0f f4-0f f4-1f) (clear f2-0f) (clear f3-1f)
   + (NOT:clear f3-0f) (NOT:clear f4-0f) (NOT:clear f4-1f)
(move_l_up f3-1f f4-1f f4-2f f2-1f f3-2f f2-2f rightl0)
   (at_right_l rightl0 f3-1f f4-1f f4-2f) (clear f2-1f) (clear f3-2f)
   + (NOT:clear f3-1f) (NOT:clear f4-1f) (NOT:clear f4-2f)
(move_l_up f3-2f f4-2f f4-3f f2-2f f3-3f f2-3f rightl0)
   (at_right_l rightl0 f3-2f f4-2f f4-3f) (clear f2-2f) (clear f3-3f)
   + (NOT:clear f3-2f) (NOT:clear f4-2f) (NOT:clear f4-3f)
(move_l_up f4-0f f5-0f f5-1f f3-0f f4-1f f3-1f rightl0)
   (at_right_l rightl0 f4-0f f5-0f f5-1f) (clear f3-0f) (clear f4-1f)
   + (NOT:clear f4-0f) (NOT:clear f5-0f) (NOT:clear f5-1f)
(move_l_up f4-1f f5-1f f5-2f f3-1f f4-2f f3-2f rightl0)
   (at_right_l rightl0 f4-1f f5-1f f5-2f) (clear f3-1f) (clear f4-2f)
   + (NOT:clear f4-1f) (NOT:clear f5-1f) (NOT:clear f5-2f)
(move_l_up f4-2f f5-2f f5-3f f3-2f f4-3f f3-3f rightl0)
   (at_right_l rightl0 f4-2f f5-2f f5-3f) (clear f3-2f) (clear f4-3f)
   + (NOT:clear f4-2f) (NOT:clear f5-2f) (NOT:clear f5-3f)
(move_square f0-0f f0-1f square0)
   (at_square square0 f0-0f) (clear f0-1f)
   + (NOT:clear f0-0f)
(move_square f0-0f f0-1f square1)
   (at_square square1 f0-0f) (clear f0-1f)
   + (NOT:clear f0-0f)
(move_square f0-0f f1-0f square0)
   (at_square square0 f0-0f) (clear f1-0f)
   + (NOT:clear f0-0f)
(move_square f0-0f f1-0f square1)
   (at_square square1 f0-0f) (clear f1-0f)
   + (NOT:clear f0-0f)
(move_square f0-1f f0-0f square0)
   (at_square square0 f0-1f) (clear f0-0f)
   + (NOT:clear f0-1f)
(move_square f0-1f f0-0f square1)
   (at_square square1 f0-1f) (clear f0-0f)
   + (NOT:clear f0-1f)
(move_square f0-1f f0-2f square0)
   (at_square square0 f0-1f) (clear f0-2f)
   + (NOT:clear f0-1f)
(move_square f0-1f f0-2f square1)
   (at_square square1 f0-1f) (clear f0-2f)
   + (NOT:clear f0-1f)
(move_square f0-1f f1-1f square0)
   (at_square square0 f0-1f) (clear f1-1f)
   + (NOT:clear f0-1f)
(move_square f0-1f f1-1f square1)
   (at_square square1 f0-1f) (clear f1-1f)
   + (NOT:clear f0-1f)
(move_square f0-2f f0-1f square0)
   (at_square square0 f0-2f) (clear f0-1f)
   + (NOT:clear f0-2f)
(move_square f0-2f f0-1f square1)
   (at_square square1 f0-2f) (clear f0-1f)
   + (NOT:clear f0-2f)
(move_square f0-2f f0-3f square0)
   (at_square square0 f0-2f) (clear f0-3f)
   + (NOT:clear f0-2f)
(move_square f0-2f f0-3f square1)
   (at_square square1 f0-2f) (clear f0-3f)
   + (NOT:clear f0-2f)
(move_square f0-2f f1-2f square0)
   (at_square square0 f0-2f) (clear f1-2f)
   + (NOT:clear f0-2f)
(move_square f0-2f f1-2f square1)
   (at_square square1 f0-2f) (clear f1-2f)
   + (NOT:clear f0-2f)
(move_square f0-3f f0-2f square0)
   (at_square square0 f0-3f) (clear f0-2f)
   + (NOT:clear f0-3f)
(move_square f0-3f f0-2f square1)
   (at_square square1 f0-3f) (clear f0-2f)
   + (NOT:clear f0-3f)
(move_square f0-3f f1-3f square0)
   (at_square square0 f0-3f) (clear f1-3f)
   + (NOT:clear f0-3f)
(move_square f0-3f f1-3f square1)
   (at_square square1 f0-3f) (clear f1-3f)
   + (NOT:clear f0-3f)
(move_square f1-0f f0-0f square0)
   (at_square square0 f1-0f) (clear f0-0f)
   + (NOT:clear f1-0f)
(move_square f1-0f f0-0f square1)
   (at_square square1 f1-0f) (clear f0-0f)
   + (NOT:clear f1-0f)
(move_square f1-0f f1-1f square0)
   (at_square square0 f1-0f) (clear f1-1f)
   + (NOT:clear f1-0f)
(move_square f1-0f f1-1f square1)
   (at_square square1 f1-0f) (clear f1-1f)
   + (NOT:clear f1-0f)
(move_square f1-0f f2-0f square0)
   (at_square square0 f1-0f) (clear f2-0f)
   + (NOT:clear f1-0f)
(move_square f1-0f f2-0f square1)
   (at_square square1 f1-0f) (clear f2-0f)
   + (NOT:clear f1-0f)
(move_square f1-1f f0-1f square0)
   (at_square square0 f1-1f) (clear f0-1f)
   + (NOT:clear f1-1f)
(move_square f1-1f f0-1f square1)
   (at_square square1 f1-1f) (clear f0-1f)
   + (NOT:clear f1-1f)
(move_square f1-1f f1-0f square0)
   (at_square square0 f1-1f) (clear f1-0f)
   + (NOT:clear f1-1f)
(move_square f1-1f f1-0f square1)
   (at_square square1 f1-1f) (clear f1-0f)
   + (NOT:clear f1-1f)
(move_square f1-1f f1-2f square0)
   (at_square square0 f1-1f) (clear f1-2f)
   + (NOT:clear f1-1f)
(move_square f1-1f f1-2f square1)
   (at_square square1 f1-1f) (clear f1-2f)
   + (NOT:clear f1-1f)
(move_square f1-1f f2-1f square0)
   (at_square square0 f1-1f) (clear f2-1f)
   + (NOT:clear f1-1f)
(move_square f1-1f f2-1f square1)
   (at_square square1 f1-1f) (clear f2-1f)
   + (NOT:clear f1-1f)
(move_square f1-2f f0-2f square0)
   (at_square square0 f1-2f) (clear f0-2f)
   + (NOT:clear f1-2f)
(move_square f1-2f f0-2f square1)
   (at_square square1 f1-2f) (clear f0-2f)
   + (NOT:clear f1-2f)
(move_square f1-2f f1-1f square0)
   (at_square square0 f1-2f) (clear f1-1f)
   + (NOT:clear f1-2f)
(move_square f1-2f f1-1f square1)
   (at_square square1 f1-2f) (clear f1-1f)
   + (NOT:clear f1-2f)
(move_square f1-2f f1-3f square0)
   (at_square square0 f1-2f) (clear f1-3f)
   + (NOT:clear f1-2f)
(move_square f1-2f f1-3f square1)
   (at_square square1 f1-2f) (clear f1-3f)
   + (NOT:clear f1-2f)
(move_square f1-2f f2-2f square0)
   (at_square square0 f1-2f) (clear f2-2f)
   + (NOT:clear f1-2f)
(move_square f1-2f f2-2f square1)
   (at_square square1 f1-2f) (clear f2-2f)
   + (NOT:clear f1-2f)
(move_square f1-3f f0-3f square0)
   (at_square square0 f1-3f) (clear f0-3f)
   + (NOT:clear f1-3f)
(move_square f1-3f f0-3f square1)
   (at_square square1 f1-3f) (clear f0-3f)
   + (NOT:clear f1-3f)
(move_square f1-3f f1-2f square0)
   (at_square square0 f1-3f) (clear f1-2f)
   + (NOT:clear f1-3f)
(move_square f1-3f f1-2f square1)
   (at_square square1 f1-3f) (clear f1-2f)
   + (NOT:clear f1-3f)
(move_square f1-3f f2-3f square0)
   (at_square square0 f1-3f) (clear f2-3f)
   + (NOT:clear f1-3f)
(move_square f1-3f f2-3f square1)
   (at_square square1 f1-3f) (clear f2-3f)
   + (NOT:clear f1-3f)
(move_square f2-0f f1-0f square0)
   (at_square square0 f2-0f) (clear f1-0f)
   + (NOT:clear f2-0f)
(move_square f2-0f f1-0f square1)
   (at_square square1 f2-0f) (clear f1-0f)
   + (NOT:clear f2-0f)
(move_square f2-0f f2-1f square0)
   (at_square square0 f2-0f) (clear f2-1f)
   + (NOT:clear f2-0f)
(move_square f2-0f f2-1f square1)
   (at_square square1 f2-0f) (clear f2-1f)
   + (NOT:clear f2-0f)
(move_square f2-0f f3-0f square0)
   (at_square square0 f2-0f) (clear f3-0f)
   + (NOT:clear f2-0f)
(move_square f2-0f f3-0f square1)
   (at_square square1 f2-0f) (clear f3-0f)
   + (NOT:clear f2-0f)
(move_square f2-1f f1-1f square0)
   (at_square square0 f2-1f) (clear f1-1f)
   + (NOT:clear f2-1f)
(move_square f2-1f f1-1f square1)
   (at_square square1 f2-1f) (clear f1-1f)
   + (NOT:clear f2-1f)
(move_square f2-1f f2-0f square0)
   (at_square square0 f2-1f) (clear f2-0f)
   + (NOT:clear f2-1f)
(move_square f2-1f f2-0f square1)
   (at_square square1 f2-1f) (clear f2-0f)
   + (NOT:clear f2-1f)
(move_square f2-1f f2-2f square0)
   (at_square square0 f2-1f) (clear f2-2f)
   + (NOT:clear f2-1f)
(move_square f2-1f f2-2f square1)
   (at_square square1 f2-1f) (clear f2-2f)
   + (NOT:clear f2-1f)
(move_square f2-1f f3-1f square0)
   (at_square square0 f2-1f) (clear f3-1f)
   + (NOT:clear f2-1f)
(move_square f2-1f f3-1f square1)
   (at_square square1 f2-1f) (clear f3-1f)
   + (NOT:clear f2-1f)
(move_square f2-2f f1-2f square0)
   (at_square square0 f2-2f) (clear f1-2f)
   + (NOT:clear f2-2f)
(move_square f2-2f f1-2f square1)
   (at_square square1 f2-2f) (clear f1-2f)
   + (NOT:clear f2-2f)
(move_square f2-2f f2-1f square0)
   (at_square square0 f2-2f) (clear f2-1f)
   + (NOT:clear f2-2f)
(move_square f2-2f f2-1f square1)
   (at_square square1 f2-2f) (clear f2-1f)
   + (NOT:clear f2-2f)
(move_square f2-2f f2-3f square0)
   (at_square square0 f2-2f) (clear f2-3f)
   + (NOT:clear f2-2f)
(move_square f2-2f f2-3f square1)
   (at_square square1 f2-2f) (clear f2-3f)
   + (NOT:clear f2-2f)
(move_square f2-2f f3-2f square0)
   (at_square square0 f2-2f) (clear f3-2f)
   + (NOT:clear f2-2f)
(move_square f2-2f f3-2f square1)
   (at_square square1 f2-2f) (clear f3-2f)
   + (NOT:clear f2-2f)
(move_square f2-3f f1-3f square0)
   (at_square square0 f2-3f) (clear f1-3f)
   + (NOT:clear f2-3f)
(move_square f2-3f f1-3f square1)
   (at_square square1 f2-3f) (clear f1-3f)
   + (NOT:clear f2-3f)
(move_square f2-3f f2-2f square0)
   (at_square square0 f2-3f) (clear f2-2f)
   + (NOT:clear f2-3f)
(move_square f2-3f f2-2f square1)
   (at_square square1 f2-3f) (clear f2-2f)
   + (NOT:clear f2-3f)
(move_square f2-3f f3-3f square0)
   (at_square square0 f2-3f) (clear f3-3f)
   + (NOT:clear f2-3f)
(move_square f2-3f f3-3f square1)
   (at_square square1 f2-3f) (clear f3-3f)
   + (NOT:clear f2-3f)
(move_square f3-0f f2-0f square0)
   (at_square square0 f3-0f) (clear f2-0f)
   + (NOT:clear f3-0f)
(move_square f3-0f f2-0f square1)
   (at_square square1 f3-0f) (clear f2-0f)
   + (NOT:clear f3-0f)
(move_square f3-0f f3-1f square0)
   (at_square square0 f3-0f) (clear f3-1f)
   + (NOT:clear f3-0f)
(move_square f3-0f f3-1f square1)
   (at_square square1 f3-0f) (clear f3-1f)
   + (NOT:clear f3-0f)
(move_square f3-0f f4-0f square0)
   (at_square square0 f3-0f) (clear f4-0f)
   + (NOT:clear f3-0f)
(move_square f3-0f f4-0f square1)
   (at_square square1 f3-0f) (clear f4-0f)
   + (NOT:clear f3-0f)
(move_square f3-1f f2-1f square0)
   (at_square square0 f3-1f) (clear f2-1f)
   + (NOT:clear f3-1f)
(move_square f3-1f f2-1f square1)
   (at_square square1 f3-1f) (clear f2-1f)
   + (NOT:clear f3-1f)
(move_square f3-1f f3-0f square0)
   (at_square square0 f3-1f) (clear f3-0f)
   + (NOT:clear f3-1f)
(move_square f3-1f f3-0f square1)
   (at_square square1 f3-1f) (clear f3-0f)
   + (NOT:clear f3-1f)
(move_square f3-1f f3-2f square0)
   (at_square square0 f3-1f) (clear f3-2f)
   + (NOT:clear f3-1f)
(move_square f3-1f f3-2f square1)
   (at_square square1 f3-1f) (clear f3-2f)
   + (NOT:clear f3-1f)
(move_square f3-1f f4-1f square0)
   (at_square square0 f3-1f) (clear f4-1f)
   + (NOT:clear f3-1f)
(move_square f3-1f f4-1f square1)
   (at_square square1 f3-1f) (clear f4-1f)
   + (NOT:clear f3-1f)
(move_square f3-2f f2-2f square0)
   (at_square square0 f3-2f) (clear f2-2f)
   + (NOT:clear f3-2f)
(move_square f3-2f f2-2f square1)
   (at_square square1 f3-2f) (clear f2-2f)
   + (NOT:clear f3-2f)
(move_square f3-2f f3-1f square0)
   (at_square square0 f3-2f) (clear f3-1f)
   + (NOT:clear f3-2f)
(move_square f3-2f f3-1f square1)
   (at_square square1 f3-2f) (clear f3-1f)
   + (NOT:clear f3-2f)
(move_square f3-2f f3-3f square0)
   (at_square square0 f3-2f) (clear f3-3f)
   + (NOT:clear f3-2f)
(move_square f3-2f f3-3f square1)
   (at_square square1 f3-2f) (clear f3-3f)
   + (NOT:clear f3-2f)
(move_square f3-2f f4-2f square0)
   (at_square square0 f3-2f) (clear f4-2f)
   + (NOT:clear f3-2f)
(move_square f3-2f f4-2f square1)
   (at_square square1 f3-2f) (clear f4-2f)
   + (NOT:clear f3-2f)
(move_square f3-3f f2-3f square0)
   (at_square square0 f3-3f) (clear f2-3f)
   + (NOT:clear f3-3f)
(move_square f3-3f f2-3f square1)
   (at_square square1 f3-3f) (clear f2-3f)
   + (NOT:clear f3-3f)
(move_square f3-3f f3-2f square0)
   (at_square square0 f3-3f) (clear f3-2f)
   + (NOT:clear f3-3f)
(move_square f3-3f f3-2f square1)
   (at_square square1 f3-3f) (clear f3-2f)
   + (NOT:clear f3-3f)
(move_square f3-3f f4-3f square0)
   (at_square square0 f3-3f) (clear f4-3f)
   + (NOT:clear f3-3f)
(move_square f3-3f f4-3f square1)
   (at_square square1 f3-3f) (clear f4-3f)
   + (NOT:clear f3-3f)
(move_square f4-0f f3-0f square0)
   (at_square square0 f4-0f) (clear f3-0f)
   + (NOT:clear f4-0f)
(move_square f4-0f f3-0f square1)
   (at_square square1 f4-0f) (clear f3-0f)
   + (NOT:clear f4-0f)
(move_square f4-0f f4-1f square0)
   (at_square square0 f4-0f) (clear f4-1f)
   + (NOT:clear f4-0f)
(move_square f4-0f f4-1f square1)
   (at_square square1 f4-0f) (clear f4-1f)
   + (NOT:clear f4-0f)
(move_square f4-0f f5-0f square0)
   (at_square square0 f4-0f) (clear f5-0f)
   + (NOT:clear f4-0f)
(move_square f4-0f f5-0f square1)
   (at_square square1 f4-0f) (clear f5-0f)
   + (NOT:clear f4-0f)
(move_square f4-1f f3-1f square0)
   (at_square square0 f4-1f) (clear f3-1f)
   + (NOT:clear f4-1f)
(move_square f4-1f f3-1f square1)
   (at_square square1 f4-1f) (clear f3-1f)
   + (NOT:clear f4-1f)
(move_square f4-1f f4-0f square0)
   (at_square square0 f4-1f) (clear f4-0f)
   + (NOT:clear f4-1f)
(move_square f4-1f f4-0f square1)
   (at_square square1 f4-1f) (clear f4-0f)
   + (NOT:clear f4-1f)
(move_square f4-1f f4-2f square0)
   (at_square square0 f4-1f) (clear f4-2f)
   + (NOT:clear f4-1f)
(move_square f4-1f f4-2f square1)
   (at_square square1 f4-1f) (clear f4-2f)
   + (NOT:clear f4-1f)
(move_square f4-1f f5-1f square0)
   (at_square square0 f4-1f) (clear f5-1f)
   + (NOT:clear f4-1f)
(move_square f4-1f f5-1f square1)
   (at_square square1 f4-1f) (clear f5-1f)
   + (NOT:clear f4-1f)
(move_square f4-2f f3-2f square0)
   (at_square square0 f4-2f) (clear f3-2f)
   + (NOT:clear f4-2f)
(move_square f4-2f f3-2f square1)
   (at_square square1 f4-2f) (clear f3-2f)
   + (NOT:clear f4-2f)
(move_square f4-2f f4-1f square0)
   (at_square square0 f4-2f) (clear f4-1f)
   + (NOT:clear f4-2f)
(move_square f4-2f f4-1f square1)
   (at_square square1 f4-2f) (clear f4-1f)
   + (NOT:clear f4-2f)
(move_square f4-2f f4-3f square0)
   (at_square square0 f4-2f) (clear f4-3f)
   + (NOT:clear f4-2f)
(move_square f4-2f f4-3f square1)
   (at_square square1 f4-2f) (clear f4-3f)
   + (NOT:clear f4-2f)
(move_square f4-2f f5-2f square0)
   (at_square square0 f4-2f) (clear f5-2f)
   + (NOT:clear f4-2f)
(move_square f4-2f f5-2f square1)
   (at_square square1 f4-2f) (clear f5-2f)
   + (NOT:clear f4-2f)
(move_square f4-3f f3-3f square0)
   (at_square square0 f4-3f) (clear f3-3f)
   + (NOT:clear f4-3f)
(move_square f4-3f f3-3f square1)
   (at_square square1 f4-3f) (clear f3-3f)
   + (NOT:clear f4-3f)
(move_square f4-3f f4-2f square0)
   (at_square square0 f4-3f) (clear f4-2f)
   + (NOT:clear f4-3f)
(move_square f4-3f f4-2f square1)
   (at_square square1 f4-3f) (clear f4-2f)
   + (NOT:clear f4-3f)
(move_square f4-3f f5-3f square0)
   (at_square square0 f4-3f) (clear f5-3f)
   + (NOT:clear f4-3f)
(move_square f4-3f f5-3f square1)
   (at_square square1 f4-3f) (clear f5-3f)
   + (NOT:clear f4-3f)
(move_square f5-0f f4-0f square0)
   (at_square square0 f5-0f) (clear f4-0f)
   + (NOT:clear f5-0f)
(move_square f5-0f f4-0f square1)
   (at_square square1 f5-0f) (clear f4-0f)
   + (NOT:clear f5-0f)
(move_square f5-0f f5-1f square0)
   (at_square square0 f5-0f) (clear f5-1f)
   + (NOT:clear f5-0f)
(move_square f5-0f f5-1f square1)
   (at_square square1 f5-0f) (clear f5-1f)
   + (NOT:clear f5-0f)
(move_square f5-1f f4-1f square0)
   (at_square square0 f5-1f) (clear f4-1f)
   + (NOT:clear f5-1f)
(move_square f5-1f f4-1f square1)
   (at_square square1 f5-1f) (clear f4-1f)
   + (NOT:clear f5-1f)
(move_square f5-1f f5-0f square0)
   (at_square square0 f5-1f) (clear f5-0f)
   + (NOT:clear f5-1f)
(move_square f5-1f f5-0f square1)
   (at_square square1 f5-1f) (clear f5-0f)
   + (NOT:clear f5-1f)
(move_square f5-1f f5-2f square0)
   (at_square square0 f5-1f) (clear f5-2f)
   + (NOT:clear f5-1f)
(move_square f5-1f f5-2f square1)
   (at_square square1 f5-1f) (clear f5-2f)
   + (NOT:clear f5-1f)
(move_square f5-2f f4-2f square0)
   (at_square square0 f5-2f) (clear f4-2f)
   + (NOT:clear f5-2f)
(move_square f5-2f f4-2f square1)
   (at_square square1 f5-2f) (clear f4-2f)
   + (NOT:clear f5-2f)
(move_square f5-2f f5-1f square0)
   (at_square square0 f5-2f) (clear f5-1f)
   + (NOT:clear f5-2f)
(move_square f5-2f f5-1f square1)
   (at_square square1 f5-2f) (clear f5-1f)
   + (NOT:clear f5-2f)
(move_square f5-2f f5-3f square0)
   (at_square square0 f5-2f) (clear f5-3f)
   + (NOT:clear f5-2f)
(move_square f5-2f f5-3f square1)
   (at_square square1 f5-2f) (clear f5-3f)
   + (NOT:clear f5-2f)
(move_square f5-3f f4-3f square0)
   (at_square square0 f5-3f) (clear f4-3f)
   + (NOT:clear f5-3f)
(move_square f5-3f f4-3f square1)
   (at_square square1 f5-3f) (clear f4-3f)
   + (NOT:clear f5-3f)
(move_square f5-3f f5-2f square0)
   (at_square square0 f5-3f) (clear f5-2f)
   + (NOT:clear f5-3f)
(move_square f5-3f f5-2f square1)
   (at_square square1 f5-3f) (clear f5-2f)
   + (NOT:clear f5-3f)
(move_two f0-0f f0-1f f0-2f straight0)
   (at_two straight0 f0-0f f0-1f) (clear f0-2f)
   + (NOT:clear f0-0f) (NOT:clear f0-1f)
(move_two f0-0f f0-1f f0-2f straight1)
   (at_two straight1 f0-0f f0-1f) (clear f0-2f)
   + (NOT:clear f0-0f) (NOT:clear f0-1f)
(move_two f0-0f f0-1f f1-1f straight0)
   (at_two straight0 f0-0f f0-1f) (clear f1-1f)
   + (NOT:clear f0-0f) (NOT:clear f0-1f)
(move_two f0-0f f0-1f f1-1f straight1)
   (at_two straight1 f0-0f f0-1f) (clear f1-1f)
   + (NOT:clear f0-0f) (NOT:clear f0-1f)
(move_two f0-0f f1-0f f1-1f straight0)
   (at_two straight0 f0-0f f1-0f) (clear f1-1f)
   + (NOT:clear f0-0f) (NOT:clear f1-0f)
(move_two f0-0f f1-0f f1-1f straight1)
   (at_two straight1 f0-0f f1-0f) (clear f1-1f)
   + (NOT:clear f0-0f) (NOT:clear f1-0f)
(move_two f0-0f f1-0f f2-0f straight0)
   (at_two straight0 f0-0f f1-0f) (clear f2-0f)
   + (NOT:clear f0-0f) (NOT:clear f1-0f)
(move_two f0-0f f1-0f f2-0f straight1)
   (at_two straight1 f0-0f f1-0f) (clear f2-0f)
   + (NOT:clear f0-0f) (NOT:clear f1-0f)
(move_two f0-1f f0-0f f1-0f straight0)
   (at_two straight0 f0-1f f0-0f) (clear f1-0f)
   + (NOT:clear f0-0f) (NOT:clear f0-1f)
(move_two f0-1f f0-0f f1-0f straight1)
   (at_two straight1 f0-1f f0-0f) (clear f1-0f)
   + (NOT:clear f0-0f) (NOT:clear f0-1f)
(move_two f0-1f f0-2f f0-3f straight0)
   (at_two straight0 f0-1f f0-2f) (clear f0-3f)
   + (NOT:clear f0-1f) (NOT:clear f0-2f)
(move_two f0-1f f0-2f f0-3f straight1)
   (at_two straight1 f0-1f f0-2f) (clear f0-3f)
   + (NOT:clear f0-1f) (NOT:clear f0-2f)
(move_two f0-1f f0-2f f1-2f straight0)
   (at_two straight0 f0-1f f0-2f) (clear f1-2f)
   + (NOT:clear f0-1f) (NOT:clear f0-2f)
(move_two f0-1f f0-2f f1-2f straight1)
   (at_two straight1 f0-1f f0-2f) (clear f1-2f)
   + (NOT:clear f0-1f) (NOT:clear f0-2f)
(move_two f0-1f f1-1f f1-0f straight0)
   (at_two straight0 f0-1f f1-1f) (clear f1-0f)
   + (NOT:clear f0-1f) (NOT:clear f1-1f)
(move_two f0-1f f1-1f f1-0f straight1)
   (at_two straight1 f0-1f f1-1f) (clear f1-0f)
   + (NOT:clear f0-1f) (NOT:clear f1-1f)
(move_two f0-1f f1-1f f1-2f straight0)
   (at_two straight0 f0-1f f1-1f) (clear f1-2f)
   + (NOT:clear f0-1f) (NOT:clear f1-1f)
(move_two f0-1f f1-1f f1-2f straight1)
   (at_two straight1 f0-1f f1-1f) (clear f1-2f)
   + (NOT:clear f0-1f) (NOT:clear f1-1f)
(move_two f0-1f f1-1f f2-1f straight0)
   (at_two straight0 f0-1f f1-1f) (clear f2-1f)
   + (NOT:clear f0-1f) (NOT:clear f1-1f)
(move_two f0-1f f1-1f f2-1f straight1)
   (at_two straight1 f0-1f f1-1f) (clear f2-1f)
   + (NOT:clear f0-1f) (NOT:clear f1-1f)
(move_two f0-2f f0-1f f0-0f straight0)
   (at_two straight0 f0-2f f0-1f) (clear f0-0f)
   + (NOT:clear f0-1f) (NOT:clear f0-2f)
(move_two f0-2f f0-1f f0-0f straight1)
   (at_two straight1 f0-2f f0-1f) (clear f0-0f)
   + (NOT:clear f0-1f) (NOT:clear f0-2f)
(move_two f0-2f f0-1f f1-1f straight0)
   (at_two straight0 f0-2f f0-1f) (clear f1-1f)
   + (NOT:clear f0-1f) (NOT:clear f0-2f)
(move_two f0-2f f0-1f f1-1f straight1)
   (at_two straight1 f0-2f f0-1f) (clear f1-1f)
   + (NOT:clear f0-1f) (NOT:clear f0-2f)
(move_two f0-2f f0-3f f1-3f straight0)
   (at_two straight0 f0-2f f0-3f) (clear f1-3f)
   + (NOT:clear f0-2f) (NOT:clear f0-3f)
(move_two f0-2f f0-3f f1-3f straight1)
   (at_two straight1 f0-2f f0-3f) (clear f1-3f)
   + (NOT:clear f0-2f) (NOT:clear f0-3f)
(move_two f0-2f f1-2f f1-1f straight0)
   (at_two straight0 f0-2f f1-2f) (clear f1-1f)
   + (NOT:clear f0-2f) (NOT:clear f1-2f)
(move_two f0-2f f1-2f f1-1f straight1)
   (at_two straight1 f0-2f f1-2f) (clear f1-1f)
   + (NOT:clear f0-2f) (NOT:clear f1-2f)
(move_two f0-2f f1-2f f1-3f straight0)
   (at_two straight0 f0-2f f1-2f) (clear f1-3f)
   + (NOT:clear f0-2f) (NOT:clear f1-2f)
(move_two f0-2f f1-2f f1-3f straight1)
   (at_two straight1 f0-2f f1-2f) (clear f1-3f)
   + (NOT:clear f0-2f) (NOT:clear f1-2f)
(move_two f0-2f f1-2f f2-2f straight0)
   (at_two straight0 f0-2f f1-2f) (clear f2-2f)
   + (NOT:clear f0-2f) (NOT:clear f1-2f)
(move_two f0-2f f1-2f f2-2f straight1)
   (at_two straight1 f0-2f f1-2f) (clear f2-2f)
   + (NOT:clear f0-2f) (NOT:clear f1-2f)
(move_two f0-3f f0-2f f0-1f straight0)
   (at_two straight0 f0-3f f0-2f) (clear f0-1f)
   + (NOT:clear f0-2f) (NOT:clear f0-3f)
(move_two f0-3f f0-2f f0-1f straight1)
   (at_two straight1 f0-3f f0-2f) (clear f0-1f)
   + (NOT:clear f0-2f) (NOT:clear f0-3f)
(move_two f0-3f f0-2f f1-2f straight0)
   (at_two straight0 f0-3f f0-2f) (clear f1-2f)
   + (NOT:clear f0-2f) (NOT:clear f0-3f)
(move_two f0-3f f0-2f f1-2f straight1)
   (at_two straight1 f0-3f f0-2f) (clear f1-2f)
   + (NOT:clear f0-2f) (NOT:clear f0-3f)
(move_two f0-3f f1-3f f1-2f straight0)
   (at_two straight0 f0-3f f1-3f) (clear f1-2f)
   + (NOT:clear f0-3f) (NOT:clear f1-3f)
(move_two f0-3f f1-3f f1-2f straight1)
   (at_two straight1 f0-3f f1-3f) (clear f1-2f)
   + (NOT:clear f0-3f) (NOT:clear f1-3f)
(move_two f0-3f f1-3f f2-3f straight0)
   (at_two straight0 f0-3f f1-3f) (clear f2-3f)
   + (NOT:clear f0-3f) (NOT:clear f1-3f)
(move_two f0-3f f1-3f f2-3f straight1)
   (at_two straight1 f0-3f f1-3f) (clear f2-3f)
   + (NOT:clear f0-3f) (NOT:clear f1-3f)
(move_two f1-0f f0-0f f0-1f straight0)
   (at_two straight0 f1-0f f0-0f) (clear f0-1f)
   + (NOT:clear f0-0f) (NOT:clear f1-0f)
(move_two f1-0f f0-0f f0-1f straight1)
   (at_two straight1 f1-0f f0-0f) (clear f0-1f)
   + (NOT:clear f0-0f) (NOT:clear f1-0f)
(move_two f1-0f f1-1f f0-1f straight0)
   (at_two straight0 f1-0f f1-1f) (clear f0-1f)
   + (NOT:clear f1-0f) (NOT:clear f1-1f)
(move_two f1-0f f1-1f f0-1f straight1)
   (at_two straight1 f1-0f f1-1f) (clear f0-1f)
   + (NOT:clear f1-0f) (NOT:clear f1-1f)
(move_two f1-0f f1-1f f1-2f straight0)
   (at_two straight0 f1-0f f1-1f) (clear f1-2f)
   + (NOT:clear f1-0f) (NOT:clear f1-1f)
(move_two f1-0f f1-1f f1-2f straight1)
   (at_two straight1 f1-0f f1-1f) (clear f1-2f)
   + (NOT:clear f1-0f) (NOT:clear f1-1f)
(move_two f1-0f f1-1f f2-1f straight0)
   (at_two straight0 f1-0f f1-1f) (clear f2-1f)
   + (NOT:clear f1-0f) (NOT:clear f1-1f)
(move_two f1-0f f1-1f f2-1f straight1)
   (at_two straight1 f1-0f f1-1f) (clear f2-1f)
   + (NOT:clear f1-0f) (NOT:clear f1-1f)
(move_two f1-0f f2-0f f2-1f straight0)
   (at_two straight0 f1-0f f2-0f) (clear f2-1f)
   + (NOT:clear f1-0f) (NOT:clear f2-0f)
(move_two f1-0f f2-0f f2-1f straight1)
   (at_two straight1 f1-0f f2-0f) (clear f2-1f)
   + (NOT:clear f1-0f) (NOT:clear f2-0f)
(move_two f1-0f f2-0f f3-0f straight0)
   (at_two straight0 f1-0f f2-0f) (clear f3-0f)
   + (NOT:clear f1-0f) (NOT:clear f2-0f)
(move_two f1-0f f2-0f f3-0f straight1)
   (at_two straight1 f1-0f f2-0f) (clear f3-0f)
   + (NOT:clear f1-0f) (NOT:clear f2-0f)
(move_two f1-1f f0-1f f0-0f straight0)
   (at_two straight0 f1-1f f0-1f) (clear f0-0f)
   + (NOT:clear f0-1f) (NOT:clear f1-1f)
(move_two f1-1f f0-1f f0-0f straight1)
   (at_two straight1 f1-1f f0-1f) (clear f0-0f)
   + (NOT:clear f0-1f) (NOT:clear f1-1f)
(move_two f1-1f f0-1f f0-2f straight0)
   (at_two straight0 f1-1f f0-1f) (clear f0-2f)
   + (NOT:clear f0-1f) (NOT:clear f1-1f)
(move_two f1-1f f0-1f f0-2f straight1)
   (at_two straight1 f1-1f f0-1f) (clear f0-2f)
   + (NOT:clear f0-1f) (NOT:clear f1-1f)
(move_two f1-1f f1-0f f0-0f straight0)
   (at_two straight0 f1-1f f1-0f) (clear f0-0f)
   + (NOT:clear f1-0f) (NOT:clear f1-1f)
(move_two f1-1f f1-0f f0-0f straight1)
   (at_two straight1 f1-1f f1-0f) (clear f0-0f)
   + (NOT:clear f1-0f) (NOT:clear f1-1f)
(move_two f1-1f f1-0f f2-0f straight0)
   (at_two straight0 f1-1f f1-0f) (clear f2-0f)
   + (NOT:clear f1-0f) (NOT:clear f1-1f)
(move_two f1-1f f1-0f f2-0f straight1)
   (at_two straight1 f1-1f f1-0f) (clear f2-0f)
   + (NOT:clear f1-0f) (NOT:clear f1-1f)
(move_two f1-1f f1-2f f0-2f straight0)
   (at_two straight0 f1-1f f1-2f) (clear f0-2f)
   + (NOT:clear f1-1f) (NOT:clear f1-2f)
(move_two f1-1f f1-2f f0-2f straight1)
   (at_two straight1 f1-1f f1-2f) (clear f0-2f)
   + (NOT:clear f1-1f) (NOT:clear f1-2f)
(move_two f1-1f f1-2f f1-3f straight0)
   (at_two straight0 f1-1f f1-2f) (clear f1-3f)
   + (NOT:clear f1-1f) (NOT:clear f1-2f)
(move_two f1-1f f1-2f f1-3f straight1)
   (at_two straight1 f1-1f f1-2f) (clear f1-3f)
   + (NOT:clear f1-1f) (NOT:clear f1-2f)
(move_two f1-1f f1-2f f2-2f straight0)
   (at_two straight0 f1-1f f1-2f) (clear f2-2f)
   + (NOT:clear f1-1f) (NOT:clear f1-2f)
(move_two f1-1f f1-2f f2-2f straight1)
   (at_two straight1 f1-1f f1-2f) (clear f2-2f)
   + (NOT:clear f1-1f) (NOT:clear f1-2f)
(move_two f1-1f f2-1f f2-0f straight0)
   (at_two straight0 f1-1f f2-1f) (clear f2-0f)
   + (NOT:clear f1-1f) (NOT:clear f2-1f)
(move_two f1-1f f2-1f f2-0f straight1)
   (at_two straight1 f1-1f f2-1f) (clear f2-0f)
   + (NOT:clear f1-1f) (NOT:clear f2-1f)
(move_two f1-1f f2-1f f2-2f straight0)
   (at_two straight0 f1-1f f2-1f) (clear f2-2f)
   + (NOT:clear f1-1f) (NOT:clear f2-1f)
(move_two f1-1f f2-1f f2-2f straight1)
   (at_two straight1 f1-1f f2-1f) (clear f2-2f)
   + (NOT:clear f1-1f) (NOT:clear f2-1f)
(move_two f1-1f f2-1f f3-1f straight0)
   (at_two straight0 f1-1f f2-1f) (clear f3-1f)
   + (NOT:clear f1-1f) (NOT:clear f2-1f)
(move_two f1-1f f2-1f f3-1f straight1)
   (at_two straight1 f1-1f f2-1f) (clear f3-1f)
   + (NOT:clear f1-1f) (NOT:clear f2-1f)
(move_two f1-2f f0-2f f0-1f straight0)
   (at_two straight0 f1-2f f0-2f) (clear f0-1f)
   + (NOT:clear f0-2f) (NOT:clear f1-2f)
(move_two f1-2f f0-2f f0-1f straight1)
   (at_two straight1 f1-2f f0-2f) (clear f0-1f)
   + (NOT:clear f0-2f) (NOT:clear f1-2f)
(move_two f1-2f f0-2f f0-3f straight0)
   (at_two straight0 f1-2f f0-2f) (clear f0-3f)
   + (NOT:clear f0-2f) (NOT:clear f1-2f)
(move_two f1-2f f0-2f f0-3f straight1)
   (at_two straight1 f1-2f f0-2f) (clear f0-3f)
   + (NOT:clear f0-2f) (NOT:clear f1-2f)
(move_two f1-2f f1-1f f0-1f straight0)
   (at_two straight0 f1-2f f1-1f) (clear f0-1f)
   + (NOT:clear f1-1f) (NOT:clear f1-2f)
(move_two f1-2f f1-1f f0-1f straight1)
   (at_two straight1 f1-2f f1-1f) (clear f0-1f)
   + (NOT:clear f1-1f) (NOT:clear f1-2f)
(move_two f1-2f f1-1f f1-0f straight0)
   (at_two straight0 f1-2f f1-1f) (clear f1-0f)
   + (NOT:clear f1-1f) (NOT:clear f1-2f)
(move_two f1-2f f1-1f f1-0f straight1)
   (at_two straight1 f1-2f f1-1f) (clear f1-0f)
   + (NOT:clear f1-1f) (NOT:clear f1-2f)
(move_two f1-2f f1-1f f2-1f straight0)
   (at_two straight0 f1-2f f1-1f) (clear f2-1f)
   + (NOT:clear f1-1f) (NOT:clear f1-2f)
(move_two f1-2f f1-1f f2-1f straight1)
   (at_two straight1 f1-2f f1-1f) (clear f2-1f)
   + (NOT:clear f1-1f) (NOT:clear f1-2f)
(move_two f1-2f f1-3f f0-3f straight0)
   (at_two straight0 f1-2f f1-3f) (clear f0-3f)
   + (NOT:clear f1-2f) (NOT:clear f1-3f)
(move_two f1-2f f1-3f f0-3f straight1)
   (at_two straight1 f1-2f f1-3f) (clear f0-3f)
   + (NOT:clear f1-2f) (NOT:clear f1-3f)
(move_two f1-2f f1-3f f2-3f straight0)
   (at_two straight0 f1-2f f1-3f) (clear f2-3f)
   + (NOT:clear f1-2f) (NOT:clear f1-3f)
(move_two f1-2f f1-3f f2-3f straight1)
   (at_two straight1 f1-2f f1-3f) (clear f2-3f)
   + (NOT:clear f1-2f) (NOT:clear f1-3f)
(move_two f1-2f f2-2f f2-1f straight0)
   (at_two straight0 f1-2f f2-2f) (clear f2-1f)
   + (NOT:clear f1-2f) (NOT:clear f2-2f)
(move_two f1-2f f2-2f f2-1f straight1)
   (at_two straight1 f1-2f f2-2f) (clear f2-1f)
   + (NOT:clear f1-2f) (NOT:clear f2-2f)
(move_two f1-2f f2-2f f2-3f straight0)
   (at_two straight0 f1-2f f2-2f) (clear f2-3f)
   + (NOT:clear f1-2f) (NOT:clear f2-2f)
(move_two f1-2f f2-2f f2-3f straight1)
   (at_two straight1 f1-2f f2-2f) (clear f2-3f)
   + (NOT:clear f1-2f) (NOT:clear f2-2f)
(move_two f1-2f f2-2f f3-2f straight0)
   (at_two straight0 f1-2f f2-2f) (clear f3-2f)
   + (NOT:clear f1-2f) (NOT:clear f2-2f)
(move_two f1-2f f2-2f f3-2f straight1)
   (at_two straight1 f1-2f f2-2f) (clear f3-2f)
   + (NOT:clear f1-2f) (NOT:clear f2-2f)
(move_two f1-3f f0-3f f0-2f straight0)
   (at_two straight0 f1-3f f0-3f) (clear f0-2f)
   + (NOT:clear f0-3f) (NOT:clear f1-3f)
(move_two f1-3f f0-3f f0-2f straight1)
   (at_two straight1 f1-3f f0-3f) (clear f0-2f)
   + (NOT:clear f0-3f) (NOT:clear f1-3f)
(move_two f1-3f f1-2f f0-2f straight0)
   (at_two straight0 f1-3f f1-2f) (clear f0-2f)
   + (NOT:clear f1-2f) (NOT:clear f1-3f)
(move_two f1-3f f1-2f f0-2f straight1)
   (at_two straight1 f1-3f f1-2f) (clear f0-2f)
   + (NOT:clear f1-2f) (NOT:clear f1-3f)
(move_two f1-3f f1-2f f1-1f straight0)
   (at_two straight0 f1-3f f1-2f) (clear f1-1f)
   + (NOT:clear f1-2f) (NOT:clear f1-3f)
(move_two f1-3f f1-2f f1-1f straight1)
   (at_two straight1 f1-3f f1-2f) (clear f1-1f)
   + (NOT:clear f1-2f) (NOT:clear f1-3f)
(move_two f1-3f f1-2f f2-2f straight0)
   (at_two straight0 f1-3f f1-2f) (clear f2-2f)
   + (NOT:clear f1-2f) (NOT:clear f1-3f)
(move_two f1-3f f1-2f f2-2f straight1)
   (at_two straight1 f1-3f f1-2f) (clear f2-2f)
   + (NOT:clear f1-2f) (NOT:clear f1-3f)
(move_two f1-3f f2-3f f2-2f straight0)
   (at_two straight0 f1-3f f2-3f) (clear f2-2f)
   + (NOT:clear f1-3f) (NOT:clear f2-3f)
(move_two f1-3f f2-3f f2-2f straight1)
   (at_two straight1 f1-3f f2-3f) (clear f2-2f)
   + (NOT:clear f1-3f) (NOT:clear f2-3f)
(move_two f1-3f f2-3f f3-3f straight0)
   (at_two straight0 f1-3f f2-3f) (clear f3-3f)
   + (NOT:clear f1-3f) (NOT:clear f2-3f)
(move_two f1-3f f2-3f f3-3f straight1)
   (at_two straight1 f1-3f f2-3f) (clear f3-3f)
   + (NOT:clear f1-3f) (NOT:clear f2-3f)
(move_two f2-0f f1-0f f0-0f straight0)
   (at_two straight0 f2-0f f1-0f) (clear f0-0f)
   + (NOT:clear f1-0f) (NOT:clear f2-0f)
(move_two f2-0f f1-0f f0-0f straight1)
   (at_two straight1 f2-0f f1-0f) (clear f0-0f)
   + (NOT:clear f1-0f) (NOT:clear f2-0f)
(move_two f2-0f f1-0f f1-1f straight0)
   (at_two straight0 f2-0f f1-0f) (clear f1-1f)
   + (NOT:clear f1-0f) (NOT:clear f2-0f)
(move_two f2-0f f1-0f f1-1f straight1)
   (at_two straight1 f2-0f f1-0f) (clear f1-1f)
   + (NOT:clear f1-0f) (NOT:clear f2-0f)
(move_two f2-0f f2-1f f1-1f straight0)
   (at_two straight0 f2-0f f2-1f) (clear f1-1f)
   + (NOT:clear f2-0f) (NOT:clear f2-1f)
(move_two f2-0f f2-1f f1-1f straight1)
   (at_two straight1 f2-0f f2-1f) (clear f1-1f)
   + (NOT:clear f2-0f) (NOT:clear f2-1f)
(move_two f2-0f f2-1f f2-2f straight0)
   (at_two straight0 f2-0f f2-1f) (clear f2-2f)
   + (NOT:clear f2-0f) (NOT:clear f2-1f)
(move_two f2-0f f2-1f f2-2f straight1)
   (at_two straight1 f2-0f f2-1f) (clear f2-2f)
   + (NOT:clear f2-0f) (NOT:clear f2-1f)
(move_two f2-0f f2-1f f3-1f straight0)
   (at_two straight0 f2-0f f2-1f) (clear f3-1f)
   + (NOT:clear f2-0f) (NOT:clear f2-1f)
(move_two f2-0f f2-1f f3-1f straight1)
   (at_two straight1 f2-0f f2-1f) (clear f3-1f)
   + (NOT:clear f2-0f) (NOT:clear f2-1f)
(move_two f2-0f f3-0f f3-1f straight0)
   (at_two straight0 f2-0f f3-0f) (clear f3-1f)
   + (NOT:clear f2-0f) (NOT:clear f3-0f)
(move_two f2-0f f3-0f f3-1f straight1)
   (at_two straight1 f2-0f f3-0f) (clear f3-1f)
   + (NOT:clear f2-0f) (NOT:clear f3-0f)
(move_two f2-0f f3-0f f4-0f straight0)
   (at_two straight0 f2-0f f3-0f) (clear f4-0f)
   + (NOT:clear f2-0f) (NOT:clear f3-0f)
(move_two f2-0f f3-0f f4-0f straight1)
   (at_two straight1 f2-0f f3-0f) (clear f4-0f)
   + (NOT:clear f2-0f) (NOT:clear f3-0f)
(move_two f2-1f f1-1f f0-1f straight0)
   (at_two straight0 f2-1f f1-1f) (clear f0-1f)
   + (NOT:clear f1-1f) (NOT:clear f2-1f)
(move_two f2-1f f1-1f f0-1f straight1)
   (at_two straight1 f2-1f f1-1f) (clear f0-1f)
   + (NOT:clear f1-1f) (NOT:clear f2-1f)
(move_two f2-1f f1-1f f1-0f straight0)
   (at_two straight0 f2-1f f1-1f) (clear f1-0f)
   + (NOT:clear f1-1f) (NOT:clear f2-1f)
(move_two f2-1f f1-1f f1-0f straight1)
   (at_two straight1 f2-1f f1-1f) (clear f1-0f)
   + (NOT:clear f1-1f) (NOT:clear f2-1f)
(move_two f2-1f f1-1f f1-2f straight0)
   (at_two straight0 f2-1f f1-1f) (clear f1-2f)
   + (NOT:clear f1-1f) (NOT:clear f2-1f)
(move_two f2-1f f1-1f f1-2f straight1)
   (at_two straight1 f2-1f f1-1f) (clear f1-2f)
   + (NOT:clear f1-1f) (NOT:clear f2-1f)
(move_two f2-1f f2-0f f1-0f straight0)
   (at_two straight0 f2-1f f2-0f) (clear f1-0f)
   + (NOT:clear f2-0f) (NOT:clear f2-1f)
(move_two f2-1f f2-0f f1-0f straight1)
   (at_two straight1 f2-1f f2-0f) (clear f1-0f)
   + (NOT:clear f2-0f) (NOT:clear f2-1f)
(move_two f2-1f f2-0f f3-0f straight0)
   (at_two straight0 f2-1f f2-0f) (clear f3-0f)
   + (NOT:clear f2-0f) (NOT:clear f2-1f)
(move_two f2-1f f2-0f f3-0f straight1)
   (at_two straight1 f2-1f f2-0f) (clear f3-0f)
   + (NOT:clear f2-0f) (NOT:clear f2-1f)
(move_two f2-1f f2-2f f1-2f straight0)
   (at_two straight0 f2-1f f2-2f) (clear f1-2f)
   + (NOT:clear f2-1f) (NOT:clear f2-2f)
(move_two f2-1f f2-2f f1-2f straight1)
   (at_two straight1 f2-1f f2-2f) (clear f1-2f)
   + (NOT:clear f2-1f) (NOT:clear f2-2f)
(move_two f2-1f f2-2f f2-3f straight0)
   (at_two straight0 f2-1f f2-2f) (clear f2-3f)
   + (NOT:clear f2-1f) (NOT:clear f2-2f)
(move_two f2-1f f2-2f f2-3f straight1)
   (at_two straight1 f2-1f f2-2f) (clear f2-3f)
   + (NOT:clear f2-1f) (NOT:clear f2-2f)
(move_two f2-1f f2-2f f3-2f straight0)
   (at_two straight0 f2-1f f2-2f) (clear f3-2f)
   + (NOT:clear f2-1f) (NOT:clear f2-2f)
(move_two f2-1f f2-2f f3-2f straight1)
   (at_two straight1 f2-1f f2-2f) (clear f3-2f)
   + (NOT:clear f2-1f) (NOT:clear f2-2f)
(move_two f2-1f f3-1f f3-0f straight0)
   (at_two straight0 f2-1f f3-1f) (clear f3-0f)
   + (NOT:clear f2-1f) (NOT:clear f3-1f)
(move_two f2-1f f3-1f f3-0f straight1)
   (at_two straight1 f2-1f f3-1f) (clear f3-0f)
   + (NOT:clear f2-1f) (NOT:clear f3-1f)
(move_two f2-1f f3-1f f3-2f straight0)
   (at_two straight0 f2-1f f3-1f) (clear f3-2f)
   + (NOT:clear f2-1f) (NOT:clear f3-1f)
(move_two f2-1f f3-1f f3-2f straight1)
   (at_two straight1 f2-1f f3-1f) (clear f3-2f)
   + (NOT:clear f2-1f) (NOT:clear f3-1f)
(move_two f2-1f f3-1f f4-1f straight0)
   (at_two straight0 f2-1f f3-1f) (clear f4-1f)
   + (NOT:clear f2-1f) (NOT:clear f3-1f)
(move_two f2-1f f3-1f f4-1f straight1)
   (at_two straight1 f2-1f f3-1f) (clear f4-1f)
   + (NOT:clear f2-1f) (NOT:clear f3-1f)
(move_two f2-2f f1-2f f0-2f straight0)
   (at_two straight0 f2-2f f1-2f) (clear f0-2f)
   + (NOT:clear f1-2f) (NOT:clear f2-2f)
(move_two f2-2f f1-2f f0-2f straight1)
   (at_two straight1 f2-2f f1-2f) (clear f0-2f)
   + (NOT:clear f1-2f) (NOT:clear f2-2f)
(move_two f2-2f f1-2f f1-1f straight0)
   (at_two straight0 f2-2f f1-2f) (clear f1-1f)
   + (NOT:clear f1-2f) (NOT:clear f2-2f)
(move_two f2-2f f1-2f f1-1f straight1)
   (at_two straight1 f2-2f f1-2f) (clear f1-1f)
   + (NOT:clear f1-2f) (NOT:clear f2-2f)
(move_two f2-2f f1-2f f1-3f straight0)
   (at_two straight0 f2-2f f1-2f) (clear f1-3f)
   + (NOT:clear f1-2f) (NOT:clear f2-2f)
(move_two f2-2f f1-2f f1-3f straight1)
   (at_two straight1 f2-2f f1-2f) (clear f1-3f)
   + (NOT:clear f1-2f) (NOT:clear f2-2f)
(move_two f2-2f f2-1f f1-1f straight0)
   (at_two straight0 f2-2f f2-1f) (clear f1-1f)
   + (NOT:clear f2-1f) (NOT:clear f2-2f)
(move_two f2-2f f2-1f f1-1f straight1)
   (at_two straight1 f2-2f f2-1f) (clear f1-1f)
   + (NOT:clear f2-1f) (NOT:clear f2-2f)
(move_two f2-2f f2-1f f2-0f straight0)
   (at_two straight0 f2-2f f2-1f) (clear f2-0f)
   + (NOT:clear f2-1f) (NOT:clear f2-2f)
(move_two f2-2f f2-1f f2-0f straight1)
   (at_two straight1 f2-2f f2-1f) (clear f2-0f)
   + (NOT:clear f2-1f) (NOT:clear f2-2f)
(move_two f2-2f f2-1f f3-1f straight0)
   (at_two straight0 f2-2f f2-1f) (clear f3-1f)
   + (NOT:clear f2-1f) (NOT:clear f2-2f)
(move_two f2-2f f2-1f f3-1f straight1)
   (at_two straight1 f2-2f f2-1f) (clear f3-1f)
   + (NOT:clear f2-1f) (NOT:clear f2-2f)
(move_two f2-2f f2-3f f1-3f straight0)
   (at_two straight0 f2-2f f2-3f) (clear f1-3f)
   + (NOT:clear f2-2f) (NOT:clear f2-3f)
(move_two f2-2f f2-3f f1-3f straight1)
   (at_two straight1 f2-2f f2-3f) (clear f1-3f)
   + (NOT:clear f2-2f) (NOT:clear f2-3f)
(move_two f2-2f f2-3f f3-3f straight0)
   (at_two straight0 f2-2f f2-3f) (clear f3-3f)
   + (NOT:clear f2-2f) (NOT:clear f2-3f)
(move_two f2-2f f2-3f f3-3f straight1)
   (at_two straight1 f2-2f f2-3f) (clear f3-3f)
   + (NOT:clear f2-2f) (NOT:clear f2-3f)
(move_two f2-2f f3-2f f3-1f straight0)
   (at_two straight0 f2-2f f3-2f) (clear f3-1f)
   + (NOT:clear f2-2f) (NOT:clear f3-2f)
(move_two f2-2f f3-2f f3-1f straight1)
   (at_two straight1 f2-2f f3-2f) (clear f3-1f)
   + (NOT:clear f2-2f) (NOT:clear f3-2f)
(move_two f2-2f f3-2f f3-3f straight0)
   (at_two straight0 f2-2f f3-2f) (clear f3-3f)
   + (NOT:clear f2-2f) (NOT:clear f3-2f)
(move_two f2-2f f3-2f f3-3f straight1)
   (at_two straight1 f2-2f f3-2f) (clear f3-3f)
   + (NOT:clear f2-2f) (NOT:clear f3-2f)
(move_two f2-2f f3-2f f4-2f straight0)
   (at_two straight0 f2-2f f3-2f) (clear f4-2f)
   + (NOT:clear f2-2f) (NOT:clear f3-2f)
(move_two f2-2f f3-2f f4-2f straight1)
   (at_two straight1 f2-2f f3-2f) (clear f4-2f)
   + (NOT:clear f2-2f) (NOT:clear f3-2f)
(move_two f2-3f f1-3f f0-3f straight0)
   (at_two straight0 f2-3f f1-3f) (clear f0-3f)
   + (NOT:clear f1-3f) (NOT:clear f2-3f)
(move_two f2-3f f1-3f f0-3f straight1)
   (at_two straight1 f2-3f f1-3f) (clear f0-3f)
   + (NOT:clear f1-3f) (NOT:clear f2-3f)
(move_two f2-3f f1-3f f1-2f straight0)
   (at_two straight0 f2-3f f1-3f) (clear f1-2f)
   + (NOT:clear f1-3f) (NOT:clear f2-3f)
(move_two f2-3f f1-3f f1-2f straight1)
   (at_two straight1 f2-3f f1-3f) (clear f1-2f)
   + (NOT:clear f1-3f) (NOT:clear f2-3f)
(move_two f2-3f f2-2f f1-2f straight0)
   (at_two straight0 f2-3f f2-2f) (clear f1-2f)
   + (NOT:clear f2-2f) (NOT:clear f2-3f)
(move_two f2-3f f2-2f f1-2f straight1)
   (at_two straight1 f2-3f f2-2f) (clear f1-2f)
   + (NOT:clear f2-2f) (NOT:clear f2-3f)
(move_two f2-3f f2-2f f2-1f straight0)
   (at_two straight0 f2-3f f2-2f) (clear f2-1f)
   + (NOT:clear f2-2f) (NOT:clear f2-3f)
(move_two f2-3f f2-2f f2-1f straight1)
   (at_two straight1 f2-3f f2-2f) (clear f2-1f)
   + (NOT:clear f2-2f) (NOT:clear f2-3f)
(move_two f2-3f f2-2f f3-2f straight0)
   (at_two straight0 f2-3f f2-2f) (clear f3-2f)
   + (NOT:clear f2-2f) (NOT:clear f2-3f)
(move_two f2-3f f2-2f f3-2f straight1)
   (at_two straight1 f2-3f f2-2f) (clear f3-2f)
   + (NOT:clear f2-2f) (NOT:clear f2-3f)
(move_two f2-3f f3-3f f3-2f straight0)
   (at_two straight0 f2-3f f3-3f) (clear f3-2f)
   + (NOT:clear f2-3f) (NOT:clear f3-3f)
(move_two f2-3f f3-3f f3-2f straight1)
   (at_two straight1 f2-3f f3-3f) (clear f3-2f)
   + (NOT:clear f2-3f) (NOT:clear f3-3f)
(move_two f2-3f f3-3f f4-3f straight0)
   (at_two straight0 f2-3f f3-3f) (clear f4-3f)
   + (NOT:clear f2-3f) (NOT:clear f3-3f)
(move_two f2-3f f3-3f f4-3f straight1)
   (at_two straight1 f2-3f f3-3f) (clear f4-3f)
   + (NOT:clear f2-3f) (NOT:clear f3-3f)
(move_two f3-0f f2-0f f1-0f straight0)
   (at_two straight0 f3-0f f2-0f) (clear f1-0f)
   + (NOT:clear f2-0f) (NOT:clear f3-0f)
(move_two f3-0f f2-0f f1-0f straight1)
   (at_two straight1 f3-0f f2-0f) (clear f1-0f)
   + (NOT:clear f2-0f) (NOT:clear f3-0f)
(move_two f3-0f f2-0f f2-1f straight0)
   (at_two straight0 f3-0f f2-0f) (clear f2-1f)
   + (NOT:clear f2-0f) (NOT:clear f3-0f)
(move_two f3-0f f2-0f f2-1f straight1)
   (at_two straight1 f3-0f f2-0f) (clear f2-1f)
   + (NOT:clear f2-0f) (NOT:clear f3-0f)
(move_two f3-0f f3-1f f2-1f straight0)
   (at_two straight0 f3-0f f3-1f) (clear f2-1f)
   + (NOT:clear f3-0f) (NOT:clear f3-1f)
(move_two f3-0f f3-1f f2-1f straight1)
   (at_two straight1 f3-0f f3-1f) (clear f2-1f)
   + (NOT:clear f3-0f) (NOT:clear f3-1f)
(move_two f3-0f f3-1f f3-2f straight0)
   (at_two straight0 f3-0f f3-1f) (clear f3-2f)
   + (NOT:clear f3-0f) (NOT:clear f3-1f)
(move_two f3-0f f3-1f f3-2f straight1)
   (at_two straight1 f3-0f f3-1f) (clear f3-2f)
   + (NOT:clear f3-0f) (NOT:clear f3-1f)
(move_two f3-0f f3-1f f4-1f straight0)
   (at_two straight0 f3-0f f3-1f) (clear f4-1f)
   + (NOT:clear f3-0f) (NOT:clear f3-1f)
(move_two f3-0f f3-1f f4-1f straight1)
   (at_two straight1 f3-0f f3-1f) (clear f4-1f)
   + (NOT:clear f3-0f) (NOT:clear f3-1f)
(move_two f3-0f f4-0f f4-1f straight0)
   (at_two straight0 f3-0f f4-0f) (clear f4-1f)
   + (NOT:clear f3-0f) (NOT:clear f4-0f)
(move_two f3-0f f4-0f f4-1f straight1)
   (at_two straight1 f3-0f f4-0f) (clear f4-1f)
   + (NOT:clear f3-0f) (NOT:clear f4-0f)
(move_two f3-0f f4-0f f5-0f straight0)
   (at_two straight0 f3-0f f4-0f) (clear f5-0f)
   + (NOT:clear f3-0f) (NOT:clear f4-0f)
(move_two f3-0f f4-0f f5-0f straight1)
   (at_two straight1 f3-0f f4-0f) (clear f5-0f)
   + (NOT:clear f3-0f) (NOT:clear f4-0f)
(move_two f3-1f f2-1f f1-1f straight0)
   (at_two straight0 f3-1f f2-1f) (clear f1-1f)
   + (NOT:clear f2-1f) (NOT:clear f3-1f)
(move_two f3-1f f2-1f f1-1f straight1)
   (at_two straight1 f3-1f f2-1f) (clear f1-1f)
   + (NOT:clear f2-1f) (NOT:clear f3-1f)
(move_two f3-1f f2-1f f2-0f straight0)
   (at_two straight0 f3-1f f2-1f) (clear f2-0f)
   + (NOT:clear f2-1f) (NOT:clear f3-1f)
(move_two f3-1f f2-1f f2-0f straight1)
   (at_two straight1 f3-1f f2-1f) (clear f2-0f)
   + (NOT:clear f2-1f) (NOT:clear f3-1f)
(move_two f3-1f f2-1f f2-2f straight0)
   (at_two straight0 f3-1f f2-1f) (clear f2-2f)
   + (NOT:clear f2-1f) (NOT:clear f3-1f)
(move_two f3-1f f2-1f f2-2f straight1)
   (at_two straight1 f3-1f f2-1f) (clear f2-2f)
   + (NOT:clear f2-1f) (NOT:clear f3-1f)
(move_two f3-1f f3-0f f2-0f straight0)
   (at_two straight0 f3-1f f3-0f) (clear f2-0f)
   + (NOT:clear f3-0f) (NOT:clear f3-1f)
(move_two f3-1f f3-0f f2-0f straight1)
   (at_two straight1 f3-1f f3-0f) (clear f2-0f)
   + (NOT:clear f3-0f) (NOT:clear f3-1f)
(move_two f3-1f f3-0f f4-0f straight0)
   (at_two straight0 f3-1f f3-0f) (clear f4-0f)
   + (NOT:clear f3-0f) (NOT:clear f3-1f)
(move_two f3-1f f3-0f f4-0f straight1)
   (at_two straight1 f3-1f f3-0f) (clear f4-0f)
   + (NOT:clear f3-0f) (NOT:clear f3-1f)
(move_two f3-1f f3-2f f2-2f straight0)
   (at_two straight0 f3-1f f3-2f) (clear f2-2f)
   + (NOT:clear f3-1f) (NOT:clear f3-2f)
(move_two f3-1f f3-2f f2-2f straight1)
   (at_two straight1 f3-1f f3-2f) (clear f2-2f)
   + (NOT:clear f3-1f) (NOT:clear f3-2f)
(move_two f3-1f f3-2f f3-3f straight0)
   (at_two straight0 f3-1f f3-2f) (clear f3-3f)
   + (NOT:clear f3-1f) (NOT:clear f3-2f)
(move_two f3-1f f3-2f f3-3f straight1)
   (at_two straight1 f3-1f f3-2f) (clear f3-3f)
   + (NOT:clear f3-1f) (NOT:clear f3-2f)
(move_two f3-1f f3-2f f4-2f straight0)
   (at_two straight0 f3-1f f3-2f) (clear f4-2f)
   + (NOT:clear f3-1f) (NOT:clear f3-2f)
(move_two f3-1f f3-2f f4-2f straight1)
   (at_two straight1 f3-1f f3-2f) (clear f4-2f)
   + (NOT:clear f3-1f) (NOT:clear f3-2f)
(move_two f3-1f f4-1f f4-0f straight0)
   (at_two straight0 f3-1f f4-1f) (clear f4-0f)
   + (NOT:clear f3-1f) (NOT:clear f4-1f)
(move_two f3-1f f4-1f f4-0f straight1)
   (at_two straight1 f3-1f f4-1f) (clear f4-0f)
   + (NOT:clear f3-1f) (NOT:clear f4-1f)
(move_two f3-1f f4-1f f4-2f straight0)
   (at_two straight0 f3-1f f4-1f) (clear f4-2f)
   + (NOT:clear f3-1f) (NOT:clear f4-1f)
(move_two f3-1f f4-1f f4-2f straight1)
   (at_two straight1 f3-1f f4-1f) (clear f4-2f)
   + (NOT:clear f3-1f) (NOT:clear f4-1f)
(move_two f3-1f f4-1f f5-1f straight0)
   (at_two straight0 f3-1f f4-1f) (clear f5-1f)
   + (NOT:clear f3-1f) (NOT:clear f4-1f)
(move_two f3-1f f4-1f f5-1f straight1)
   (at_two straight1 f3-1f f4-1f) (clear f5-1f)
   + (NOT:clear f3-1f) (NOT:clear f4-1f)
(move_two f3-2f f2-2f f1-2f straight0)
   (at_two straight0 f3-2f f2-2f) (clear f1-2f)
   + (NOT:clear f2-2f) (NOT:clear f3-2f)
(move_two f3-2f f2-2f f1-2f straight1)
   (at_two straight1 f3-2f f2-2f) (clear f1-2f)
   + (NOT:clear f2-2f) (NOT:clear f3-2f)
(move_two f3-2f f2-2f f2-1f straight0)
   (at_two straight0 f3-2f f2-2f) (clear f2-1f)
   + (NOT:clear f2-2f) (NOT:clear f3-2f)
(move_two f3-2f f2-2f f2-1f straight1)
   (at_two straight1 f3-2f f2-2f) (clear f2-1f)
   + (NOT:clear f2-2f) (NOT:clear f3-2f)
(move_two f3-2f f2-2f f2-3f straight0)
   (at_two straight0 f3-2f f2-2f) (clear f2-3f)
   + (NOT:clear f2-2f) (NOT:clear f3-2f)
(move_two f3-2f f2-2f f2-3f straight1)
   (at_two straight1 f3-2f f2-2f) (clear f2-3f)
   + (NOT:clear f2-2f) (NOT:clear f3-2f)
(move_two f3-2f f3-1f f2-1f straight0)
   (at_two straight0 f3-2f f3-1f) (clear f2-1f)
   + (NOT:clear f3-1f) (NOT:clear f3-2f)
(move_two f3-2f f3-1f f2-1f straight1)
   (at_two straight1 f3-2f f3-1f) (clear f2-1f)
   + (NOT:clear f3-1f) (NOT:clear f3-2f)
(move_two f3-2f f3-1f f3-0f straight0)
   (at_two straight0 f3-2f f3-1f) (clear f3-0f)
   + (NOT:clear f3-1f) (NOT:clear f3-2f)
(move_two f3-2f f3-1f f3-0f straight1)
   (at_two straight1 f3-2f f3-1f) (clear f3-0f)
   + (NOT:clear f3-1f) (NOT:clear f3-2f)
(move_two f3-2f f3-1f f4-1f straight0)
   (at_two straight0 f3-2f f3-1f) (clear f4-1f)
   + (NOT:clear f3-1f) (NOT:clear f3-2f)
(move_two f3-2f f3-1f f4-1f straight1)
   (at_two straight1 f3-2f f3-1f) (clear f4-1f)
   + (NOT:clear f3-1f) (NOT:clear f3-2f)
(move_two f3-2f f3-3f f2-3f straight0)
   (at_two straight0 f3-2f f3-3f) (clear f2-3f)
   + (NOT:clear f3-2f) (NOT:clear f3-3f)
(move_two f3-2f f3-3f f2-3f straight1)
   (at_two straight1 f3-2f f3-3f) (clear f2-3f)
   + (NOT:clear f3-2f) (NOT:clear f3-3f)
(move_two f3-2f f3-3f f4-3f straight0)
   (at_two straight0 f3-2f f3-3f) (clear f4-3f)
   + (NOT:clear f3-2f) (NOT:clear f3-3f)
(move_two f3-2f f3-3f f4-3f straight1)
   (at_two straight1 f3-2f f3-3f) (clear f4-3f)
   + (NOT:clear f3-2f) (NOT:clear f3-3f)
(move_two f3-2f f4-2f f4-1f straight0)
   (at_two straight0 f3-2f f4-2f) (clear f4-1f)
   + (NOT:clear f3-2f) (NOT:clear f4-2f)
(move_two f3-2f f4-2f f4-1f straight1)
   (at_two straight1 f3-2f f4-2f) (clear f4-1f)
   + (NOT:clear f3-2f) (NOT:clear f4-2f)
(move_two f3-2f f4-2f f4-3f straight0)
   (at_two straight0 f3-2f f4-2f) (clear f4-3f)
   + (NOT:clear f3-2f) (NOT:clear f4-2f)
(move_two f3-2f f4-2f f4-3f straight1)
   (at_two straight1 f3-2f f4-2f) (clear f4-3f)
   + (NOT:clear f3-2f) (NOT:clear f4-2f)
(move_two f3-2f f4-2f f5-2f straight0)
   (at_two straight0 f3-2f f4-2f) (clear f5-2f)
   + (NOT:clear f3-2f) (NOT:clear f4-2f)
(move_two f3-2f f4-2f f5-2f straight1)
   (at_two straight1 f3-2f f4-2f) (clear f5-2f)
   + (NOT:clear f3-2f) (NOT:clear f4-2f)
(move_two f3-3f f2-3f f1-3f straight0)
   (at_two straight0 f3-3f f2-3f) (clear f1-3f)
   + (NOT:clear f2-3f) (NOT:clear f3-3f)
(move_two f3-3f f2-3f f1-3f straight1)
   (at_two straight1 f3-3f f2-3f) (clear f1-3f)
   + (NOT:clear f2-3f) (NOT:clear f3-3f)
(move_two f3-3f f2-3f f2-2f straight0)
   (at_two straight0 f3-3f f2-3f) (clear f2-2f)
   + (NOT:clear f2-3f) (NOT:clear f3-3f)
(move_two f3-3f f2-3f f2-2f straight1)
   (at_two straight1 f3-3f f2-3f) (clear f2-2f)
   + (NOT:clear f2-3f) (NOT:clear f3-3f)
(move_two f3-3f f3-2f f2-2f straight0)
   (at_two straight0 f3-3f f3-2f) (clear f2-2f)
   + (NOT:clear f3-2f) (NOT:clear f3-3f)
(move_two f3-3f f3-2f f2-2f straight1)
   (at_two straight1 f3-3f f3-2f) (clear f2-2f)
   + (NOT:clear f3-2f) (NOT:clear f3-3f)
(move_two f3-3f f3-2f f3-1f straight0)
   (at_two straight0 f3-3f f3-2f) (clear f3-1f)
   + (NOT:clear f3-2f) (NOT:clear f3-3f)
(move_two f3-3f f3-2f f3-1f straight1)
   (at_two straight1 f3-3f f3-2f) (clear f3-1f)
   + (NOT:clear f3-2f) (NOT:clear f3-3f)
(move_two f3-3f f3-2f f4-2f straight0)
   (at_two straight0 f3-3f f3-2f) (clear f4-2f)
   + (NOT:clear f3-2f) (NOT:clear f3-3f)
(move_two f3-3f f3-2f f4-2f straight1)
   (at_two straight1 f3-3f f3-2f) (clear f4-2f)
   + (NOT:clear f3-2f) (NOT:clear f3-3f)
(move_two f3-3f f4-3f f4-2f straight0)
   (at_two straight0 f3-3f f4-3f) (clear f4-2f)
   + (NOT:clear f3-3f) (NOT:clear f4-3f)
(move_two f3-3f f4-3f f4-2f straight1)
   (at_two straight1 f3-3f f4-3f) (clear f4-2f)
   + (NOT:clear f3-3f) (NOT:clear f4-3f)
(move_two f3-3f f4-3f f5-3f straight0)
   (at_two straight0 f3-3f f4-3f) (clear f5-3f)
   + (NOT:clear f3-3f) (NOT:clear f4-3f)
(move_two f3-3f f4-3f f5-3f straight1)
   (at_two straight1 f3-3f f4-3f) (clear f5-3f)
   + (NOT:clear f3-3f) (NOT:clear f4-3f)
(move_two f4-0f f3-0f f2-0f straight0)
   (at_two straight0 f4-0f f3-0f) (clear f2-0f)
   + (NOT:clear f3-0f) (NOT:clear f4-0f)
(move_two f4-0f f3-0f f2-0f straight1)
   (at_two straight1 f4-0f f3-0f) (clear f2-0f)
   + (NOT:clear f3-0f) (NOT:clear f4-0f)
(move_two f4-0f f3-0f f3-1f straight0)
   (at_two straight0 f4-0f f3-0f) (clear f3-1f)
   + (NOT:clear f3-0f) (NOT:clear f4-0f)
(move_two f4-0f f3-0f f3-1f straight1)
   (at_two straight1 f4-0f f3-0f) (clear f3-1f)
   + (NOT:clear f3-0f) (NOT:clear f4-0f)
(move_two f4-0f f4-1f f3-1f straight0)
   (at_two straight0 f4-0f f4-1f) (clear f3-1f)
   + (NOT:clear f4-0f) (NOT:clear f4-1f)
(move_two f4-0f f4-1f f3-1f straight1)
   (at_two straight1 f4-0f f4-1f) (clear f3-1f)
   + (NOT:clear f4-0f) (NOT:clear f4-1f)
(move_two f4-0f f4-1f f4-2f straight0)
   (at_two straight0 f4-0f f4-1f) (clear f4-2f)
   + (NOT:clear f4-0f) (NOT:clear f4-1f)
(move_two f4-0f f4-1f f4-2f straight1)
   (at_two straight1 f4-0f f4-1f) (clear f4-2f)
   + (NOT:clear f4-0f) (NOT:clear f4-1f)
(move_two f4-0f f4-1f f5-1f straight0)
   (at_two straight0 f4-0f f4-1f) (clear f5-1f)
   + (NOT:clear f4-0f) (NOT:clear f4-1f)
(move_two f4-0f f4-1f f5-1f straight1)
   (at_two straight1 f4-0f f4-1f) (clear f5-1f)
   + (NOT:clear f4-0f) (NOT:clear f4-1f)
(move_two f4-0f f5-0f f5-1f straight0)
   (at_two straight0 f4-0f f5-0f) (clear f5-1f)
   + (NOT:clear f4-0f) (NOT:clear f5-0f)
(move_two f4-0f f5-0f f5-1f straight1)
   (at_two straight1 f4-0f f5-0f) (clear f5-1f)
   + (NOT:clear f4-0f) (NOT:clear f5-0f)
(move_two f4-1f f3-1f f2-1f straight0)
   (at_two straight0 f4-1f f3-1f) (clear f2-1f)
   + (NOT:clear f3-1f) (NOT:clear f4-1f)
(move_two f4-1f f3-1f f2-1f straight1)
   (at_two straight1 f4-1f f3-1f) (clear f2-1f)
   + (NOT:clear f3-1f) (NOT:clear f4-1f)
(move_two f4-1f f3-1f f3-0f straight0)
   (at_two straight0 f4-1f f3-1f) (clear f3-0f)
   + (NOT:clear f3-1f) (NOT:clear f4-1f)
(move_two f4-1f f3-1f f3-0f straight1)
   (at_two straight1 f4-1f f3-1f) (clear f3-0f)
   + (NOT:clear f3-1f) (NOT:clear f4-1f)
(move_two f4-1f f3-1f f3-2f straight0)
   (at_two straight0 f4-1f f3-1f) (clear f3-2f)
   + (NOT:clear f3-1f) (NOT:clear f4-1f)
(move_two f4-1f f3-1f f3-2f straight1)
   (at_two straight1 f4-1f f3-1f) (clear f3-2f)
   + (NOT:clear f3-1f) (NOT:clear f4-1f)
(move_two f4-1f f4-0f f3-0f straight0)
   (at_two straight0 f4-1f f4-0f) (clear f3-0f)
   + (NOT:clear f4-0f) (NOT:clear f4-1f)
(move_two f4-1f f4-0f f3-0f straight1)
   (at_two straight1 f4-1f f4-0f) (clear f3-0f)
   + (NOT:clear f4-0f) (NOT:clear f4-1f)
(move_two f4-1f f4-0f f5-0f straight0)
   (at_two straight0 f4-1f f4-0f) (clear f5-0f)
   + (NOT:clear f4-0f) (NOT:clear f4-1f)
(move_two f4-1f f4-0f f5-0f straight1)
   (at_two straight1 f4-1f f4-0f) (clear f5-0f)
   + (NOT:clear f4-0f) (NOT:clear f4-1f)
(move_two f4-1f f4-2f f3-2f straight0)
   (at_two straight0 f4-1f f4-2f) (clear f3-2f)
   + (NOT:clear f4-1f) (NOT:clear f4-2f)
(move_two f4-1f f4-2f f3-2f straight1)
   (at_two straight1 f4-1f f4-2f) (clear f3-2f)
   + (NOT:clear f4-1f) (NOT:clear f4-2f)
(move_two f4-1f f4-2f f4-3f straight0)
   (at_two straight0 f4-1f f4-2f) (clear f4-3f)
   + (NOT:clear f4-1f) (NOT:clear f4-2f)
(move_two f4-1f f4-2f f4-3f straight1)
   (at_two straight1 f4-1f f4-2f) (clear f4-3f)
   + (NOT:clear f4-1f) (NOT:clear f4-2f)
(move_two f4-1f f4-2f f5-2f straight0)
   (at_two straight0 f4-1f f4-2f) (clear f5-2f)
   + (NOT:clear f4-1f) (NOT:clear f4-2f)
(move_two f4-1f f4-2f f5-2f straight1)
   (at_two straight1 f4-1f f4-2f) (clear f5-2f)
   + (NOT:clear f4-1f) (NOT:clear f4-2f)
(move_two f4-1f f5-1f f5-0f straight0)
   (at_two straight0 f4-1f f5-1f) (clear f5-0f)
   + (NOT:clear f4-1f) (NOT:clear f5-1f)
(move_two f4-1f f5-1f f5-0f straight1)
   (at_two straight1 f4-1f f5-1f) (clear f5-0f)
   + (NOT:clear f4-1f) (NOT:clear f5-1f)
(move_two f4-1f f5-1f f5-2f straight0)
   (at_two straight0 f4-1f f5-1f) (clear f5-2f)
   + (NOT:clear f4-1f) (NOT:clear f5-1f)
(move_two f4-1f f5-1f f5-2f straight1)
   (at_two straight1 f4-1f f5-1f) (clear f5-2f)
   + (NOT:clear f4-1f) (NOT:clear f5-1f)
(move_two f4-2f f3-2f f2-2f straight0)
   (at_two straight0 f4-2f f3-2f) (clear f2-2f)
   + (NOT:clear f3-2f) (NOT:clear f4-2f)
(move_two f4-2f f3-2f f2-2f straight1)
   (at_two straight1 f4-2f f3-2f) (clear f2-2f)
   + (NOT:clear f3-2f) (NOT:clear f4-2f)
(move_two f4-2f f3-2f f3-1f straight0)
   (at_two straight0 f4-2f f3-2f) (clear f3-1f)
   + (NOT:clear f3-2f) (NOT:clear f4-2f)
(move_two f4-2f f3-2f f3-1f straight1)
   (at_two straight1 f4-2f f3-2f) (clear f3-1f)
   + (NOT:clear f3-2f) (NOT:clear f4-2f)
(move_two f4-2f f3-2f f3-3f straight0)
   (at_two straight0 f4-2f f3-2f) (clear f3-3f)
   + (NOT:clear f3-2f) (NOT:clear f4-2f)
(move_two f4-2f f3-2f f3-3f straight1)
   (at_two straight1 f4-2f f3-2f) (clear f3-3f)
   + (NOT:clear f3-2f) (NOT:clear f4-2f)
(move_two f4-2f f4-1f f3-1f straight0)
   (at_two straight0 f4-2f f4-1f) (clear f3-1f)
   + (NOT:clear f4-1f) (NOT:clear f4-2f)
(move_two f4-2f f4-1f f3-1f straight1)
   (at_two straight1 f4-2f f4-1f) (clear f3-1f)
   + (NOT:clear f4-1f) (NOT:clear f4-2f)
(move_two f4-2f f4-1f f4-0f straight0)
   (at_two straight0 f4-2f f4-1f) (clear f4-0f)
   + (NOT:clear f4-1f) (NOT:clear f4-2f)
(move_two f4-2f f4-1f f4-0f straight1)
   (at_two straight1 f4-2f f4-1f) (clear f4-0f)
   + (NOT:clear f4-1f) (NOT:clear f4-2f)
(move_two f4-2f f4-1f f5-1f straight0)
   (at_two straight0 f4-2f f4-1f) (clear f5-1f)
   + (NOT:clear f4-1f) (NOT:clear f4-2f)
(move_two f4-2f f4-1f f5-1f straight1)
   (at_two straight1 f4-2f f4-1f) (clear f5-1f)
   + (NOT:clear f4-1f) (NOT:clear f4-2f)
(move_two f4-2f f4-3f f3-3f straight0)
   (at_two straight0 f4-2f f4-3f) (clear f3-3f)
   + (NOT:clear f4-2f) (NOT:clear f4-3f)
(move_two f4-2f f4-3f f3-3f straight1)
   (at_two straight1 f4-2f f4-3f) (clear f3-3f)
   + (NOT:clear f4-2f) (NOT:clear f4-3f)
(move_two f4-2f f4-3f f5-3f straight0)
   (at_two straight0 f4-2f f4-3f) (clear f5-3f)
   + (NOT:clear f4-2f) (NOT:clear f4-3f)
(move_two f4-2f f4-3f f5-3f straight1)
   (at_two straight1 f4-2f f4-3f) (clear f5-3f)
   + (NOT:clear f4-2f) (NOT:clear f4-3f)
(move_two f4-2f f5-2f f5-1f straight0)
   (at_two straight0 f4-2f f5-2f) (clear f5-1f)
   + (NOT:clear f4-2f) (NOT:clear f5-2f)
(move_two f4-2f f5-2f f5-1f straight1)
   (at_two straight1 f4-2f f5-2f) (clear f5-1f)
   + (NOT:clear f4-2f) (NOT:clear f5-2f)
(move_two f4-2f f5-2f f5-3f straight0)
   (at_two straight0 f4-2f f5-2f) (clear f5-3f)
   + (NOT:clear f4-2f) (NOT:clear f5-2f)
(move_two f4-2f f5-2f f5-3f straight1)
   (at_two straight1 f4-2f f5-2f) (clear f5-3f)
   + (NOT:clear f4-2f) (NOT:clear f5-2f)
(move_two f4-3f f3-3f f2-3f straight0)
   (at_two straight0 f4-3f f3-3f) (clear f2-3f)
   + (NOT:clear f3-3f) (NOT:clear f4-3f)
(move_two f4-3f f3-3f f2-3f straight1)
   (at_two straight1 f4-3f f3-3f) (clear f2-3f)
   + (NOT:clear f3-3f) (NOT:clear f4-3f)
(move_two f4-3f f3-3f f3-2f straight0)
   (at_two straight0 f4-3f f3-3f) (clear f3-2f)
   + (NOT:clear f3-3f) (NOT:clear f4-3f)
(move_two f4-3f f3-3f f3-2f straight1)
   (at_two straight1 f4-3f f3-3f) (clear f3-2f)
   + (NOT:clear f3-3f) (NOT:clear f4-3f)
