Step 0
size: 40
increment c0 :: cost: 1
    add:
    del:
    num: 39 26 28 33 24 5 5 32 21 25 29 23 27 7 1 39 19 15 24 32
increment c1 :: cost: 1
    add:
    del:
    num: 39 27 28 33 24 5 5 32 21 25 29 23 27 7 1 39 19 15 24 32
increment c2 :: cost: 1
    add:
    del:
    num: 39 26 29 33 24 5 5 32 21 25 29 23 27 7 1 39 19 15 24 32
increment c3 :: cost: 1
    add:
    del:
    num: 39 26 28 34 24 5 5 32 21 25 29 23 27 7 1 39 19 15 24 32
increment c4 :: cost: 1
    add:
    del:
    num: 39 26 28 33 25 5 5 32 21 25 29 23 27 7 1 39 19 15 24 32
increment c5 :: cost: 1
    add:
    del:
    num: 39 26 28 33 24 6 5 32 21 25 29 23 27 7 1 39 19 15 24 32
increment c6 :: cost: 1
    add:
    del:
    num: 39 26 28 33 24 5 6 32 21 25 29 23 27 7 1 39 19 15 24 32
increment c7 :: cost: 1
    add:
    del:
    num: 39 26 28 33 24 5 5 33 21 25 29 23 27 7 1 39 19 15 24 32
increment c8 :: cost: 1
    add:
    del:
    num: 39 26 28 33 24 5 5 32 22 25 29 23 27 7 1 39 19 15 24 32
increment c9 :: cost: 1
    add:
    del:
    num: 39 26 28 33 24 5 5 32 21 26 29 23 27 7 1 39 19 15 24 32
increment c10 :: cost: 1
    add:
    del:
    num: 39 26 28 33 24 5 5 32 21 25 30 23 27 7 1 39 19 15 24 32
increment c11 :: cost: 1
    add:
    del:
    num: 39 26 28 33 24 5 5 32 21 25 29 24 27 7 1 39 19 15 24 32
increment c12 :: cost: 1
    add:
    del:
    num: 39 26 28 33 24 5 5 32 21 25 29 23 28 7 1 39 19 15 24 32
increment c13 :: cost: 1
    add:
    del:
    num: 39 26 28 33 24 5 5 32 21 25 29 23 27 8 1 39 19 15 24 32
increment c14 :: cost: 1
    add:
    del:
    num: 39 26 28 33 24 5 5 32 21 25 29 23 27 7 2 39 19 15 24 32
increment c15 :: cost: 1
    add:
    del:
    num: 39 26 28 33 24 5 5 32 21 25 29 23 27 7 1 40 19 15 24 32
increment c16 :: cost: 1
    add:
    del:
    num: 39 26 28 33 24 5 5 32 21 25 29 23 27 7 1 39 20 15 24 32
increment c17 :: cost: 1
    add:
    del:
    num: 39 26 28 33 24 5 5 32 21 25 29 23 27 7 1 39 19 16 24 32
increment c18 :: cost: 1
    add:
    del:
    num: 39 26 28 33 24 5 5 32 21 25 29 23 27 7 1 39 19 15 25 32
increment c19 :: cost: 1
    add:
    del:
    num: 39 26 28 33 24 5 5 32 21 25 29 23 27 7 1 39 19 15 24 33
decrement c0 :: cost: 1
    add:
    del:
    num: 38 26 28 33 24 5 5 32 21 25 29 23 27 7 1 39 19 15 24 32
decrement c1 :: cost: 1
    add:
    del:
    num: 39 25 28 33 24 5 5 32 21 25 29 23 27 7 1 39 19 15 24 32
decrement c2 :: cost: 1
    add:
    del:
    num: 39 26 27 33 24 5 5 32 21 25 29 23 27 7 1 39 19 15 24 32
decrement c3 :: cost: 1
    add:
    del:
    num: 39 26 28 32 24 5 5 32 21 25 29 23 27 7 1 39 19 15 24 32
decrement c4 :: cost: 1
    add:
    del:
    num: 39 26 28 33 23 5 5 32 21 25 29 23 27 7 1 39 19 15 24 32
decrement c5 :: cost: 1
    add:
    del:
    num: 39 26 28 33 24 4 5 32 21 25 29 23 27 7 1 39 19 15 24 32
decrement c6 :: cost: 1
    add:
    del:
    num: 39 26 28 33 24 5 4 32 21 25 29 23 27 7 1 39 19 15 24 32
decrement c7 :: cost: 1
    add:
    del:
    num: 39 26 28 33 24 5 5 31 21 25 29 23 27 7 1 39 19 15 24 32
decrement c8 :: cost: 1
    add:
    del:
    num: 39 26 28 33 24 5 5 32 20 25 29 23 27 7 1 39 19 15 24 32
decrement c9 :: cost: 1
    add:
    del:
    num: 39 26 28 33 24 5 5 32 21 24 29 23 27 7 1 39 19 15 24 32
decrement c10 :: cost: 1
    add:
    del:
    num: 39 26 28 33 24 5 5 32 21 25 28 23 27 7 1 39 19 15 24 32
decrement c11 :: cost: 1
    add:
    del:
    num: 39 26 28 33 24 5 5 32 21 25 29 22 27 7 1 39 19 15 24 32
decrement c12 :: cost: 1
    add:
    del:
    num: 39 26 28 33 24 5 5 32 21 25 29 23 26 7 1 39 19 15 24 32
decrement c13 :: cost: 1
    add:
    del:
    num: 39 26 28 33 24 5 5 32 21 25 29 23 27 6 1 39 19 15 24 32
decrement c14 :: cost: 1
    add:
    del:
    num: 39 26 28 33 24 5 5 32 21 25 29 23 27 7 0 39 19 15 24 32
decrement c15 :: cost: 1
    add:
    del:
    num: 39 26 28 33 24 5 5 32 21 25 29 23 27 7 1 38 19 15 24 32
decrement c16 :: cost: 1
    add:
    del:
    num: 39 26 28 33 24 5 5 32 21 25 29 23 27 7 1 39 18 15 24 32
decrement c17 :: cost: 1
    add:
    del:
    num: 39 26 28 33 24 5 5 32 21 25 29 23 27 7 1 39 19 14 24 32
decrement c18 :: cost: 1
    add:
    del:
    num: 39 26 28 33 24 5 5 32 21 25 29 23 27 7 1 39 19 15 23 32
decrement c19 :: cost: 1
    add:
    del:
    num: 39 26 28 33 24 5 5 32 21 25 29 23 27 7 1 39 19 15 24 31
Step 1
size: 40
increment c0 :: cost: 1
    add:
    del:
    num: 40 26 28 33 24 5 5 32 21 25 29 23 27 7 1 39 19 15 24 32
increment c1 :: cost: 1
    add:
    del:
    num: 39 27 28 33 24 5 5 32 21 25 29 23 27 7 1 39 19 15 24 32
increment c2 :: cost: 1
    add:
    del:
    num: 39 27 29 33 24 5 5 32 21 25 29 23 27 7 1 39 19 15 24 32
increment c3 :: cost: 1
    add:
    del:
    num: 39 27 28 34 24 5 5 32 21 25 29 23 27 7 1 39 19 15 24 32
increment c4 :: cost: 1
    add:
    del:
    num: 39 27 28 33 25 5 5 32 21 25 29 23 27 7 1 39 19 15 24 32
increment c5 :: cost: 1
    add:
    del:
    num: 39 27 28 33 24 6 5 32 21 25 29 23 27 7 1 39 19 15 24 32
increment c6 :: cost: 1
    add:
    del:
    num: 39 27 28 33 24 5 6 32 21 25 29 23 27 7 1 39 19 15 24 32
increment c7 :: cost: 1
    add:
    del:
    num: 39 27 28 33 24 5 5 33 21 25 29 23 27 7 1 39 19 15 24 32
increment c8 :: cost: 1
    add:
    del:
    num: 39 27 28 33 24 5 5 32 22 25 29 23 27 7 1 39 19 15 24 32
increment c9 :: cost: 1
    add:
    del:
    num: 39 27 28 33 24 5 5 32 21 26 29 23 27 7 1 39 19 15 24 32
increment c10 :: cost: 1
    add:
    del:
    num: 39 27 28 33 24 5 5 32 21 25 30 23 27 7 1 39 19 15 24 32
increment c11 :: cost: 1
    add:
    del:
    num: 39 27 28 33 24 5 5 32 21 25 29 24 27 7 1 39 19 15 24 32
increment c12 :: cost: 1
    add:
    del:
    num: 39 27 28 33 24 5 5 32 21 25 29 23 28 7 1 39 19 15 24 32
increment c13 :: cost: 1
    add:
    del:
    num: 39 27 28 33 24 5 5 32 21 25 29 23 27 8 1 39 19 15 24 32
increment c14 :: cost: 1
    add:
    del:
    num: 39 27 28 33 24 5 5 32 21 25 29 23 27 7 2 39 19 15 24 32
increment c15 :: cost: 1
    add:
    del:
    num: 39 27 28 33 24 5 5 32 21 25 29 23 27 7 1 40 19 15 24 32
increment c16 :: cost: 1
    add:
    del:
    num: 39 27 28 33 24 5 5 32 21 25 29 23 27 7 1 39 20 15 24 32
increment c17 :: cost: 1
    add:
    del:
    num: 39 27 28 33 24 5 5 32 21 25 29 23 27 7 1 39 19 16 24 32
increment c18 :: cost: 1
    add:
    del:
    num: 39 27 28 33 24 5 5 32 21 25 29 23 27 7 1 39 19 15 25 32
increment c19 :: cost: 1
    add:
    del:
    num: 39 27 28 33 24 5 5 32 21 25 29 23 27 7 1 39 19 15 24 33
decrement c0 :: cost: 1
    add:
    del:
    num: 38 27 28 33 24 5 5 32 21 25 29 23 27 7 1 39 19 15 24 32
decrement c1 :: cost: 1
    add:
    del:
    num: 39 26 28 33 24 5 5 32 21 25 29 23 27 7 1 39 19 15 24 32
decrement c2 :: cost: 1
    add:
    del:
    num: 39 27 27 33 24 5 5 32 21 25 29 23 27 7 1 39 19 15 24 32
decrement c3 :: cost: 1
    add:
    del:
    num: 39 27 28 32 24 5 5 32 21 25 29 23 27 7 1 39 19 15 24 32
decrement c4 :: cost: 1
    add:
    del:
    num: 39 27 28 33 23 5 5 32 21 25 29 23 27 7 1 39 19 15 24 32
decrement c5 :: cost: 1
    add:
    del:
    num: 39 27 28 33 24 4 5 32 21 25 29 23 27 7 1 39 19 15 24 32
decrement c6 :: cost: 1
    add:
    del:
    num: 39 27 28 33 24 5 4 32 21 25 29 23 27 7 1 39 19 15 24 32
decrement c7 :: cost: 1
    add:
    del:
    num: 39 27 28 33 24 5 5 31 21 25 29 23 27 7 1 39 19 15 24 32
decrement c8 :: cost: 1
    add:
    del:
    num: 39 27 28 33 24 5 5 32 20 25 29 23 27 7 1 39 19 15 24 32
decrement c9 :: cost: 1
    add:
    del:
    num: 39 27 28 33 24 5 5 32 21 24 29 23 27 7 1 39 19 15 24 32
decrement c10 :: cost: 1
    add:
    del:
    num: 39 27 28 33 24 5 5 32 21 25 28 23 27 7 1 39 19 15 24 32
decrement c11 :: cost: 1
    add:
    del:
    num: 39 27 28 33 24 5 5 32 21 25 29 22 27 7 1 39 19 15 24 32
decrement c12 :: cost: 1
    add:
    del:
    num: 39 27 28 33 24 5 5 32 21 25 29 23 26 7 1 39 19 15 24 32
decrement c13 :: cost: 1
    add:
    del:
    num: 39 27 28 33 24 5 5 32 21 25 29 23 27 6 1 39 19 15 24 32
decrement c14 :: cost: 1
    add:
    del:
    num: 39 27 28 33 24 5 5 32 21 25 29 23 27 7 0 39 19 15 24 32
decrement c15 :: cost: 1
    add:
    del:
    num: 39 27 28 33 24 5 5 32 21 25 29 23 27 7 1 38 19 15 24 32
decrement c16 :: cost: 1
    add:
    del:
    num: 39 27 28 33 24 5 5 32 21 25 29 23 27 7 1 39 18 15 24 32
decrement c17 :: cost: 1
    add:
    del:
    num: 39 27 28 33 24 5 5 32 21 25 29 23 27 7 1 39 19 14 24 32
decrement c18 :: cost: 1
    add:
    del:
    num: 39 27 28 33 24 5 5 32 21 25 29 23 27 7 1 39 19 15 23 32
decrement c19 :: cost: 1
    add:
    del:
    num: 39 27 28 33 24 5 5 32 21 25 29 23 27 7 1 39 19 15 24 31
Step 2
size: 40
increment c0 :: cost: 1
    add:
    del:
    num: 40 27 28 33 24 5 5 32 21 25 29 23 27 7 1 39 19 15 24 32
increment c1 :: cost: 1
    add:
    del:
    num: 39 28 28 33 24 5 5 32 21 25 29 23 27 7 1 39 19 15 24 32
increment c2 :: cost: 1
    add:
    del:
    num: 39 27 29 33 24 5 5 32 21 25 29 23 27 7 1 39 19 15 24 32
increment c3 :: cost: 1
    add:
    del:
    num: 39 27 29 34 24 5 5 32 21 25 29 23 27 7 1 39 19 15 24 32
increment c4 :: cost: 1
    add:
    del:
    num: 39 27 29 33 25 5 5 32 21 25 29 23 27 7 1 39 19 15 24 32
increment c5 :: cost: 1
    add:
    del:
    num: 39 27 29 33 24 6 5 32 21 25 29 23 27 7 1 39 19 15 24 32
increment c6 :: cost: 1
    add:
    del:
    num: 39 27 29 33 24 5 6 32 21 25 29 23 27 7 1 39 19 15 24 32
increment c7 :: cost: 1
    add:
    del:
    num: 39 27 29 33 24 5 5 33 21 25 29 23 27 7 1 39 19 15 24 32
increment c8 :: cost: 1
    add:
    del:
    num: 39 27 29 33 24 5 5 32 22 25 29 23 27 7 1 39 19 15 24 32
increment c9 :: cost: 1
    add:
    del:
    num: 39 27 29 33 24 5 5 32 21 26 29 23 27 7 1 39 19 15 24 32
increment c10 :: cost: 1
    add:
    del:
    num: 39 27 29 33 24 5 5 32 21 25 30 23 27 7 1 39 19 15 24 32
increment c11 :: cost: 1
    add:
    del:
    num: 39 27 29 33 24 5 5 32 21 25 29 24 27 7 1 39 19 15 24 32
increment c12 :: cost: 1
    add:
    del:
    num: 39 27 29 33 24 5 5 32 21 25 29 23 28 7 1 39 19 15 24 32
increment c13 :: cost: 1
    add:
    del:
    num: 39 27 29 33 24 5 5 32 21 25 29 23 27 8 1 39 19 15 24 32
increment c14 :: cost: 1
    add:
    del:
    num: 39 27 29 33 24 5 5 32 21 25 29 23 27 7 2 39 19 15 24 32
increment c15 :: cost: 1
    add:
    del:
    num: 39 27 29 33 24 5 5 32 21 25 29 23 27 7 1 40 19 15 24 32
increment c16 :: cost: 1
    add:
    del:
    num: 39 27 29 33 24 5 5 32 21 25 29 23 27 7 1 39 20 15 24 32
increment c17 :: cost: 1
    add:
    del:
    num: 39 27 29 33 24 5 5 32 21 25 29 23 27 7 1 39 19 16 24 32
increment c18 :: cost: 1
    add:
    del:
    num: 39 27 29 33 24 5 5 32 21 25 29 23 27 7 1 39 19 15 25 32
increment c19 :: cost: 1
    add:
    del:
    num: 39 27 29 33 24 5 5 32 21 25 29 23 27 7 1 39 19 15 24 33
decrement c0 :: cost: 1
    add:
    del:
    num: 38 27 29 33 24 5 5 32 21 25 29 23 27 7 1 39 19 15 24 32
decrement c1 :: cost: 1
    add:
    del:
    num: 39 26 29 33 24 5 5 32 21 25 29 23 27 7 1 39 19 15 24 32
decrement c2 :: cost: 1
    add:
    del:
    num: 39 27 28 33 24 5 5 32 21 25 29 23 27 7 1 39 19 15 24 32
decrement c3 :: cost: 1
    add:
    del:
    num: 39 27 29 32 24 5 5 32 21 25 29 23 27 7 1 39 19 15 24 32
decrement c4 :: cost: 1
    add:
    del:
    num: 39 27 29 33 23 5 5 32 21 25 29 23 27 7 1 39 19 15 24 32
decrement c5 :: cost: 1
    add:
    del:
    num: 39 27 29 33 24 4 5 32 21 25 29 23 27 7 1 39 19 15 24 32
decrement c6 :: cost: 1
    add:
    del:
    num: 39 27 29 33 24 5 4 32 21 25 29 23 27 7 1 39 19 15 24 32
decrement c7 :: cost: 1
    add:
    del:
    num: 39 27 29 33 24 5 5 31 21 25 29 23 27 7 1 39 19 15 24 32
decrement c8 :: cost: 1
    add:
    del:
    num: 39 27 29 33 24 5 5 32 20 25 29 23 27 7 1 39 19 15 24 32
decrement c9 :: cost: 1
    add:
    del:
    num: 39 27 29 33 24 5 5 32 21 24 29 23 27 7 1 39 19 15 24 32
decrement c10 :: cost: 1
    add:
    del:
    num: 39 27 29 33 24 5 5 32 21 25 28 23 27 7 1 39 19 15 24 32
decrement c11 :: cost: 1
    add:
    del:
    num: 39 27 29 33 24 5 5 32 21 25 29 22 27 7 1 39 19 15 24 32
decrement c12 :: cost: 1
    add:
    del:
    num: 39 27 29 33 24 5 5 32 21 25 29 23 26 7 1 39 19 15 24 32
decrement c13 :: cost: 1
    add:
    del:
    num: 39 27 29 33 24 5 5 32 21 25 29 23 27 6 1 39 19 15 24 32
decrement c14 :: cost: 1
    add:
    del:
    num: 39 27 29 33 24 5 5 32 21 25 29 23 27 7 0 39 19 15 24 32
decrement c15 :: cost: 1
    add:
    del:
    num: 39 27 29 33 24 5 5 32 21 25 29 23 27 7 1 38 19 15 24 32
decrement c16 :: cost: 1
    add:
    del:
    num: 39 27 29 33 24 5 5 32 21 25 29 23 27 7 1 39 18 15 24 32
decrement c17 :: cost: 1
    add:
    del:
    num: 39 27 29 33 24 5 5 32 21 25 29 23 27 7 1 39 19 14 24 32
decrement c18 :: cost: 1
    add:
    del:
    num: 39 27 29 33 24 5 5 32 21 25 29 23 27 7 1 39 19 15 23 32
decrement c19 :: cost: 1
    add:
    del:
    num: 39 27 29 33 24 5 5 32 21 25 29 23 27 7 1 39 19 15 24 31
Step 3
size: 40
increment c0 :: cost: 1
    add:
    del:
    num: 40 27 29 33 24 5 5 32 21 25 29 23 27 7 1 39 19 15 24 32
increment c1 :: cost: 1
    add:
    del:
    num: 39 28 29 33 24 5 5 32 21 25 29 23 27 7 1 39 19 15 24 32
increment c2 :: cost: 1
    add:
    del:
    num: 39 27 30 33 24 5 5 32 21 25 29 23 27 7 1 39 19 15 24 32
increment c3 :: cost: 1
    add:
    del:
    num: 39 27 29 34 24 5 5 32 21 25 29 23 27 7 1 39 19 15 24 32
increment c4 :: cost: 1
    add:
    del:
    num: 39 27 29 34 25 5 5 32 21 25 29 23 27 7 1 39 19 15 24 32
increment c5 :: cost: 1
    add:
    del:
    num: 39 27 29 34 24 6 5 32 21 25 29 23 27 7 1 39 19 15 24 32
increment c6 :: cost: 1
    add:
    del:
    num: 39 27 29 34 24 5 6 32 21 25 29 23 27 7 1 39 19 15 24 32
increment c7 :: cost: 1
    add:
    del:
    num: 39 27 29 34 24 5 5 33 21 25 29 23 27 7 1 39 19 15 24 32
increment c8 :: cost: 1
    add:
    del:
    num: 39 27 29 34 24 5 5 32 22 25 29 23 27 7 1 39 19 15 24 32
increment c9 :: cost: 1
    add:
    del:
    num: 39 27 29 34 24 5 5 32 21 26 29 23 27 7 1 39 19 15 24 32
increment c10 :: cost: 1
    add:
    del:
    num: 39 27 29 34 24 5 5 32 21 25 30 23 27 7 1 39 19 15 24 32
increment c11 :: cost: 1
    add:
    del:
    num: 39 27 29 34 24 5 5 32 21 25 29 24 27 7 1 39 19 15 24 32
increment c12 :: cost: 1
    add:
    del:
    num: 39 27 29 34 24 5 5 32 21 25 29 23 28 7 1 39 19 15 24 32
increment c13 :: cost: 1
    add:
    del:
    num: 39 27 29 34 24 5 5 32 21 25 29 23 27 8 1 39 19 15 24 32
increment c14 :: cost: 1
    add:
    del:
    num: 39 27 29 34 24 5 5 32 21 25 29 23 27 7 2 39 19 15 24 32
increment c15 :: cost: 1
    add:
    del:
    num: 39 27 29 34 24 5 5 32 21 25 29 23 27 7 1 40 19 15 24 32
increment c16 :: cost: 1
    add:
    del:
    num: 39 27 29 34 24 5 5 32 21 25 29 23 27 7 1 39 20 15 24 32
increment c17 :: cost: 1
    add:
    del:
    num: 39 27 29 34 24 5 5 32 21 25 29 23 27 7 1 39 19 16 24 32
increment c18 :: cost: 1
    add:
    del:
    num: 39 27 29 34 24 5 5 32 21 25 29 23 27 7 1 39 19 15 25 32
increment c19 :: cost: 1
    add:
    del:
    num: 39 27 29 34 24 5 5 32 21 25 29 23 27 7 1 39 19 15 24 33
decrement c0 :: cost: 1
    add:
    del:
    num: 38 27 29 34 24 5 5 32 21 25 29 23 27 7 1 39 19 15 24 32
decrement c1 :: cost: 1
    add:
    del:
    num: 39 26 29 34 24 5 5 32 21 25 29 23 27 7 1 39 19 15 24 32
decrement c2 :: cost: 1
    add:
    del:
    num: 39 27 28 34 24 5 5 32 21 25 29 23 27 7 1 39 19 15 24 32
decrement c3 :: cost: 1
    add:
    del:
    num: 39 27 29 33 24 5 5 32 21 25 29 23 27 7 1 39 19 15 24 32
decrement c4 :: cost: 1
    add:
    del:
    num: 39 27 29 34 23 5 5 32 21 25 29 23 27 7 1 39 19 15 24 32
decrement c5 :: cost: 1
    add:
    del:
    num: 39 27 29 34 24 4 5 32 21 25 29 23 27 7 1 39 19 15 24 32
decrement c6 :: cost: 1
    add:
    del:
    num: 39 27 29 34 24 5 4 32 21 25 29 23 27 7 1 39 19 15 24 32
decrement c7 :: cost: 1
    add:
    del:
    num: 39 27 29 34 24 5 5 31 21 25 29 23 27 7 1 39 19 15 24 32
decrement c8 :: cost: 1
    add:
    del:
    num: 39 27 29 34 24 5 5 32 20 25 29 23 27 7 1 39 19 15 24 32
decrement c9 :: cost: 1
    add:
    del:
    num: 39 27 29 34 24 5 5 32 21 24 29 23 27 7 1 39 19 15 24 32
decrement c10 :: cost: 1
    add:
    del:
    num: 39 27 29 34 24 5 5 32 21 25 28 23 27 7 1 39 19 15 24 32
decrement c11 :: cost: 1
    add:
    del:
    num: 39 27 29 34 24 5 5 32 21 25 29 22 27 7 1 39 19 15 24 32
decrement c12 :: cost: 1
    add:
    del:
    num: 39 27 29 34 24 5 5 32 21 25 29 23 26 7 1 39 19 15 24 32
decrement c13 :: cost: 1
    add:
    del:
    num: 39 27 29 34 24 5 5 32 21 25 29 23 27 6 1 39 19 15 24 32
decrement c14 :: cost: 1
    add:
    del:
    num: 39 27 29 34 24 5 5 32 21 25 29 23 27 7 0 39 19 15 24 32
decrement c15 :: cost: 1
    add:
    del:
    num: 39 27 29 34 24 5 5 32 21 25 29 23 27 7 1 38 19 15 24 32
decrement c16 :: cost: 1
    add:
    del:
    num: 39 27 29 34 24 5 5 32 21 25 29 23 27 7 1 39 18 15 24 32
decrement c17 :: cost: 1
    add:
    del:
    num: 39 27 29 34 24 5 5 32 21 25 29 23 27 7 1 39 19 14 24 32
decrement c18 :: cost: 1
    add:
    del:
    num: 39 27 29 34 24 5 5 32 21 25 29 23 27 7 1 39 19 15 23 32
decrement c19 :: cost: 1
    add:
    del:
    num: 39 27 29 34 24 5 5 32 21 25 29 23 27 7 1 39 19 15 24 31
Step 4
size: 40
increment c0 :: cost: 1
    add:
    del:
    num: 40 27 29 34 24 5 5 32 21 25 29 23 27 7 1 39 19 15 24 32
increment c1 :: cost: 1
    add:
    del:
    num: 39 28 29 34 24 5 5 32 21 25 29 23 27 7 1 39 19 15 24 32
increment c2 :: cost: 1
    add:
    del:
    num: 39 27 30 34 24 5 5 32 21 25 29 23 27 7 1 39 19 15 24 32
increment c3 :: cost: 1
    add:
    del:
    num: 39 27 29 35 24 5 5 32 21 25 29 23 27 7 1 39 19 15 24 32
increment c4 :: cost: 1
    add:
    del:
    num: 39 27 29 34 25 5 5 32 21 25 29 23 27 7 1 39 19 15 24 32
increment c5 :: cost: 1
    add:
    del:
    num: 39 27 29 34 25 6 5 32 21 25 29 23 27 7 1 39 19 15 24 32
increment c6 :: cost: 1
    add:
    del:
    num: 39 27 29 34 25 5 6 32 21 25 29 23 27 7 1 39 19 15 24 32
increment c7 :: cost: 1
    add:
    del:
    num: 39 27 29 34 25 5 5 33 21 25 29 23 27 7 1 39 19 15 24 32
increment c8 :: cost: 1
    add:
    del:
    num: 39 27 29 34 25 5 5 32 22 25 29 23 27 7 1 39 19 15 24 32
increment c9 :: cost: 1
    add:
    del:
    num: 39 27 29 34 25 5 5 32 21 26 29 23 27 7 1 39 19 15 24 32
increment c10 :: cost: 1
    add:
    del:
    num: 39 27 29 34 25 5 5 32 21 25 30 23 27 7 1 39 19 15 24 32
increment c11 :: cost: 1
    add:
    del:
    num: 39 27 29 34 25 5 5 32 21 25 29 24 27 7 1 39 19 15 24 32
increment c12 :: cost: 1
    add:
    del:
    num: 39 27 29 34 25 5 5 32 21 25 29 23 28 7 1 39 19 15 24 32
increment c13 :: cost: 1
    add:
    del:
    num: 39 27 29 34 25 5 5 32 21 25 29 23 27 8 1 39 19 15 24 32
increment c14 :: cost: 1
    add:
    del:
    num: 39 27 29 34 25 5 5 32 21 25 29 23 27 7 2 39 19 15 24 32
increment c15 :: cost: 1
    add:
    del:
    num: 39 27 29 34 25 5 5 32 21 25 29 23 27 7 1 40 19 15 24 32
increment c16 :: cost: 1
    add:
    del:
    num: 39 27 29 34 25 5 5 32 21 25 29 23 27 7 1 39 20 15 24 32
increment c17 :: cost: 1
    add:
    del:
    num: 39 27 29 34 25 5 5 32 21 25 29 23 27 7 1 39 19 16 24 32
increment c18 :: cost: 1
    add:
    del:
    num: 39 27 29 34 25 5 5 32 21 25 29 23 27 7 1 39 19 15 25 32
increment c19 :: cost: 1
    add:
    del:
    num: 39 27 29 34 25 5 5 32 21 25 29 23 27 7 1 39 19 15 24 33
decrement c0 :: cost: 1
    add:
    del:
    num: 38 27 29 34 25 5 5 32 21 25 29 23 27 7 1 39 19 15 24 32
decrement c1 :: cost: 1
    add:
    del:
    num: 39 26 29 34 25 5 5 32 21 25 29 23 27 7 1 39 19 15 24 32
decrement c2 :: cost: 1
    add:
    del:
    num: 39 27 28 34 25 5 5 32 21 25 29 23 27 7 1 39 19 15 24 32
decrement c3 :: cost: 1
    add:
    del:
    num: 39 27 29 33 25 5 5 32 21 25 29 23 27 7 1 39 19 15 24 32
decrement c4 :: cost: 1
    add:
    del:
    num: 39 27 29 34 24 5 5 32 21 25 29 23 27 7 1 39 19 15 24 32
decrement c5 :: cost: 1
    add:
    del:
    num: 39 27 29 34 25 4 5 32 21 25 29 23 27 7 1 39 19 15 24 32
decrement c6 :: cost: 1
    add:
    del:
    num: 39 27 29 34 25 5 4 32 21 25 29 23 27 7 1 39 19 15 24 32
decrement c7 :: cost: 1
    add:
    del:
    num: 39 27 29 34 25 5 5 31 21 25 29 23 27 7 1 39 19 15 24 32
decrement c8 :: cost: 1
    add:
    del:
    num: 39 27 29 34 25 5 5 32 20 25 29 23 27 7 1 39 19 15 24 32
decrement c9 :: cost: 1
    add:
    del:
    num: 39 27 29 34 25 5 5 32 21 24 29 23 27 7 1 39 19 15 24 32
decrement c10 :: cost: 1
    add:
    del:
    num: 39 27 29 34 25 5 5 32 21 25 28 23 27 7 1 39 19 15 24 32
decrement c11 :: cost: 1
    add:
    del:
    num: 39 27 29 34 25 5 5 32 21 25 29 22 27 7 1 39 19 15 24 32
decrement c12 :: cost: 1
    add:
    del:
    num: 39 27 29 34 25 5 5 32 21 25 29 23 26 7 1 39 19 15 24 32
decrement c13 :: cost: 1
    add:
    del:
    num: 39 27 29 34 25 5 5 32 21 25 29 23 27 6 1 39 19 15 24 32
decrement c14 :: cost: 1
    add:
    del:
    num: 39 27 29 34 25 5 5 32 21 25 29 23 27 7 0 39 19 15 24 32
decrement c15 :: cost: 1
    add:
    del:
    num: 39 27 29 34 25 5 5 32 21 25 29 23 27 7 1 38 19 15 24 32
decrement c16 :: cost: 1
    add:
    del:
    num: 39 27 29 34 25 5 5 32 21 25 29 23 27 7 1 39 18 15 24 32
decrement c17 :: cost: 1
    add:
    del:
    num: 39 27 29 34 25 5 5 32 21 25 29 23 27 7 1 39 19 14 24 32
decrement c18 :: cost: 1
    add:
    del:
    num: 39 27 29 34 25 5 5 32 21 25 29 23 27 7 1 39 19 15 23 32
decrement c19 :: cost: 1
    add:
    del:
    num: 39 27 29 34 25 5 5 32 21 25 29 23 27 7 1 39 19 15 24 31
Step 5
size: 40
increment c0 :: cost: 1
    add:
    del:
    num: 40 27 29 34 25 5 5 32 21 25 29 23 27 7 1 39 19 15 24 32
increment c1 :: cost: 1
    add:
    del:
    num: 39 28 29 34 25 5 5 32 21 25 29 23 27 7 1 39 19 15 24 32
increment c2 :: cost: 1
    add:
    del:
    num: 39 27 30 34 25 5 5 32 21 25 29 23 27 7 1 39 19 15 24 32
increment c3 :: cost: 1
    add:
    del:
    num: 39 27 29 35 25 5 5 32 21 25 29 23 27 7 1 39 19 15 24 32
increment c4 :: cost: 1
    add:
    del:
    num: 39 27 29 34 26 5 5 32 21 25 29 23 27 7 1 39 19 15 24 32
increment c5 :: cost: 1
    add:
    del:
    num: 39 27 29 34 25 6 5 32 21 25 29 23 27 7 1 39 19 15 24 32
increment c6 :: cost: 1
    add:
    del:
    num: 39 27 29 34 25 6 6 32 21 25 29 23 27 7 1 39 19 15 24 32
increment c7 :: cost: 1
    add:
    del:
    num: 39 27 29 34 25 6 5 33 21 25 29 23 27 7 1 39 19 15 24 32
increment c8 :: cost: 1
    add:
    del:
    num: 39 27 29 34 25 6 5 32 22 25 29 23 27 7 1 39 19 15 24 32
increment c9 :: cost: 1
    add:
    del:
    num: 39 27 29 34 25 6 5 32 21 26 29 23 27 7 1 39 19 15 24 32
increment c10 :: cost: 1
    add:
    del:
    num: 39 27 29 34 25 6 5 32 21 25 30 23 27 7 1 39 19 15 24 32
increment c11 :: cost: 1
    add:
    del:
    num: 39 27 29 34 25 6 5 32 21 25 29 24 27 7 1 39 19 15 24 32
increment c12 :: cost: 1
    add:
    del:
    num: 39 27 29 34 25 6 5 32 21 25 29 23 28 7 1 39 19 15 24 32
increment c13 :: cost: 1
    add:
    del:
    num: 39 27 29 34 25 6 5 32 21 25 29 23 27 8 1 39 19 15 24 32
increment c14 :: cost: 1
    add:
    del:
    num: 39 27 29 34 25 6 5 32 21 25 29 23 27 7 2 39 19 15 24 32
increment c15 :: cost: 1
    add:
    del:
    num: 39 27 29 34 25 6 5 32 21 25 29 23 27 7 1 40 19 15 24 32
increment c16 :: cost: 1
    add:
    del:
    num: 39 27 29 34 25 6 5 32 21 25 29 23 27 7 1 39 20 15 24 32
increment c17 :: cost: 1
    add:
    del:
    num: 39 27 29 34 25 6 5 32 21 25 29 23 27 7 1 39 19 16 24 32
increment c18 :: cost: 1
    add:
    del:
    num: 39 27 29 34 25 6 5 32 21 25 29 23 27 7 1 39 19 15 25 32
increment c19 :: cost: 1
    add:
    del:
    num: 39 27 29 34 25 6 5 32 21 25 29 23 27 7 1 39 19 15 24 33
decrement c0 :: cost: 1
    add:
    del:
    num: 38 27 29 34 25 6 5 32 21 25 29 23 27 7 1 39 19 15 24 32
decrement c1 :: cost: 1
    add:
    del:
    num: 39 26 29 34 25 6 5 32 21 25 29 23 27 7 1 39 19 15 24 32
decrement c2 :: cost: 1
    add:
    del:
    num: 39 27 28 34 25 6 5 32 21 25 29 23 27 7 1 39 19 15 24 32
decrement c3 :: cost: 1
    add:
    del:
    num: 39 27 29 33 25 6 5 32 21 25 29 23 27 7 1 39 19 15 24 32
decrement c4 :: cost: 1
    add:
    del:
    num: 39 27 29 34 24 6 5 32 21 25 29 23 27 7 1 39 19 15 24 32
decrement c5 :: cost: 1
    add:
    del:
    num: 39 27 29 34 25 5 5 32 21 25 29 23 27 7 1 39 19 15 24 32
decrement c6 :: cost: 1
    add:
    del:
    num: 39 27 29 34 25 6 4 32 21 25 29 23 27 7 1 39 19 15 24 32
decrement c7 :: cost: 1
    add:
    del:
    num: 39 27 29 34 25 6 5 31 21 25 29 23 27 7 1 39 19 15 24 32
decrement c8 :: cost: 1
    add:
    del:
    num: 39 27 29 34 25 6 5 32 20 25 29 23 27 7 1 39 19 15 24 32
decrement c9 :: cost: 1
    add:
    del:
    num: 39 27 29 34 25 6 5 32 21 24 29 23 27 7 1 39 19 15 24 32
decrement c10 :: cost: 1
    add:
    del:
    num: 39 27 29 34 25 6 5 32 21 25 28 23 27 7 1 39 19 15 24 32
decrement c11 :: cost: 1
    add:
    del:
    num: 39 27 29 34 25 6 5 32 21 25 29 22 27 7 1 39 19 15 24 32
decrement c12 :: cost: 1
    add:
    del:
    num: 39 27 29 34 25 6 5 32 21 25 29 23 26 7 1 39 19 15 24 32
decrement c13 :: cost: 1
    add:
    del:
    num: 39 27 29 34 25 6 5 32 21 25 29 23 27 6 1 39 19 15 24 32
decrement c14 :: cost: 1
    add:
    del:
    num: 39 27 29 34 25 6 5 32 21 25 29 23 27 7 0 39 19 15 24 32
decrement c15 :: cost: 1
    add:
    del:
    num: 39 27 29 34 25 6 5 32 21 25 29 23 27 7 1 38 19 15 24 32
decrement c16 :: cost: 1
    add:
    del:
    num: 39 27 29 34 25 6 5 32 21 25 29 23 27 7 1 39 18 15 24 32
decrement c17 :: cost: 1
    add:
    del:
    num: 39 27 29 34 25 6 5 32 21 25 29 23 27 7 1 39 19 14 24 32
decrement c18 :: cost: 1
    add:
    del:
    num: 39 27 29 34 25 6 5 32 21 25 29 23 27 7 1 39 19 15 23 32
decrement c19 :: cost: 1
    add:
    del:
    num: 39 27 29 34 25 6 5 32 21 25 29 23 27 7 1 39 19 15 24 31
Step 6
size: 40
increment c0 :: cost: 1
    add:
    del:
    num: 40 27 29 34 25 6 5 32 21 25 29 23 27 7 1 39 19 15 24 32
increment c1 :: cost: 1
    add:
    del:
    num: 39 28 29 34 25 6 5 32 21 25 29 23 27 7 1 39 19 15 24 32
increment c2 :: cost: 1
    add:
    del:
    num: 39 27 30 34 25 6 5 32 21 25 29 23 27 7 1 39 19 15 24 32
increment c3 :: cost: 1
    add:
    del:
    num: 39 27 29 35 25 6 5 32 21 25 29 23 27 7 1 39 19 15 24 32
increment c4 :: cost: 1
    add:
    del:
    num: 39 27 29 34 26 6 5 32 21 25 29 23 27 7 1 39 19 15 24 32
increment c5 :: cost: 1
    add:
    del:
    num: 39 27 29 34 25 7 5 32 21 25 29 23 27 7 1 39 19 15 24 32
increment c6 :: cost: 1
    add:
    del:
    num: 39 27 29 34 25 6 6 32 21 25 29 23 27 7 1 39 19 15 24 32
increment c7 :: cost: 1
    add:
    del:
    num: 39 27 29 34 25 6 6 33 21 25 29 23 27 7 1 39 19 15 24 32
increment c8 :: cost: 1
    add:
    del:
    num: 39 27 29 34 25 6 6 32 22 25 29 23 27 7 1 39 19 15 24 32
increment c9 :: cost: 1
    add:
    del:
    num: 39 27 29 34 25 6 6 32 21 26 29 23 27 7 1 39 19 15 24 32
increment c10 :: cost: 1
    add:
    del:
    num: 39 27 29 34 25 6 6 32 21 25 30 23 27 7 1 39 19 15 24 32
increment c11 :: cost: 1
    add:
    del:
    num: 39 27 29 34 25 6 6 32 21 25 29 24 27 7 1 39 19 15 24 32
increment c12 :: cost: 1
    add:
    del:
    num: 39 27 29 34 25 6 6 32 21 25 29 23 28 7 1 39 19 15 24 32
increment c13 :: cost: 1
    add:
    del:
    num: 39 27 29 34 25 6 6 32 21 25 29 23 27 8 1 39 19 15 24 32
increment c14 :: cost: 1
    add:
    del:
    num: 39 27 29 34 25 6 6 32 21 25 29 23 27 7 2 39 19 15 24 32
increment c15 :: cost: 1
    add:
    del:
    num: 39 27 29 34 25 6 6 32 21 25 29 23 27 7 1 40 19 15 24 32
increment c16 :: cost: 1
    add:
    del:
    num: 39 27 29 34 25 6 6 32 21 25 29 23 27 7 1 39 20 15 24 32
increment c17 :: cost: 1
    add:
    del:
    num: 39 27 29 34 25 6 6 32 21 25 29 23 27 7 1 39 19 16 24 32
increment c18 :: cost: 1
    add:
    del:
    num: 39 27 29 34 25 6 6 32 21 25 29 23 27 7 1 39 19 15 25 32
increment c19 :: cost: 1
    add:
    del:
    num: 39 27 29 34 25 6 6 32 21 25 29 23 27 7 1 39 19 15 24 33
decrement c0 :: cost: 1
    add:
    del:
    num: 38 27 29 34 25 6 6 32 21 25 29 23 27 7 1 39 19 15 24 32
decrement c1 :: cost: 1
    add:
    del:
    num: 39 26 29 34 25 6 6 32 21 25 29 23 27 7 1 39 19 15 24 32
decrement c2 :: cost: 1
    add:
    del:
    num: 39 27 28 34 25 6 6 32 21 25 29 23 27 7 1 39 19 15 24 32
decrement c3 :: cost: 1
    add:
    del:
    num: 39 27 29 33 25 6 6 32 21 25 29 23 27 7 1 39 19 15 24 32
decrement c4 :: cost: 1
    add:
    del:
    num: 39 27 29 34 24 6 6 32 21 25 29 23 27 7 1 39 19 15 24 32
decrement c5 :: cost: 1
    add:
    del:
    num: 39 27 29 34 25 5 6 32 21 25 29 23 27 7 1 39 19 15 24 32
decrement c6 :: cost: 1
    add:
    del:
    num: 39 27 29 34 25 6 5 32 21 25 29 23 27 7 1 39 19 15 24 32
decrement c7 :: cost: 1
    add:
    del:
    num: 39 27 29 34 25 6 6 31 21 25 29 23 27 7 1 39 19 15 24 32
decrement c8 :: cost: 1
    add:
    del:
    num: 39 27 29 34 25 6 6 32 20 25 29 23 27 7 1 39 19 15 24 32
decrement c9 :: cost: 1
    add:
    del:
    num: 39 27 29 34 25 6 6 32 21 24 29 23 27 7 1 39 19 15 24 32
decrement c10 :: cost: 1
    add:
    del:
    num: 39 27 29 34 25 6 6 32 21 25 28 23 27 7 1 39 19 15 24 32
decrement c11 :: cost: 1
    add:
    del:
    num: 39 27 29 34 25 6 6 32 21 25 29 22 27 7 1 39 19 15 24 32
decrement c12 :: cost: 1
    add:
    del:
    num: 39 27 29 34 25 6 6 32 21 25 29 23 26 7 1 39 19 15 24 32
decrement c13 :: cost: 1
    add:
    del:
    num: 39 27 29 34 25 6 6 32 21 25 29 23 27 6 1 39 19 15 24 32
decrement c14 :: cost: 1
    add:
    del:
    num: 39 27 29 34 25 6 6 32 21 25 29 23 27 7 0 39 19 15 24 32
decrement c15 :: cost: 1
    add:
    del:
    num: 39 27 29 34 25 6 6 32 21 25 29 23 27 7 1 38 19 15 24 32
decrement c16 :: cost: 1
    add:
    del:
    num: 39 27 29 34 25 6 6 32 21 25 29 23 27 7 1 39 18 15 24 32
decrement c17 :: cost: 1
    add:
    del:
    num: 39 27 29 34 25 6 6 32 21 25 29 23 27 7 1 39 19 14 24 32
decrement c18 :: cost: 1
    add:
    del:
    num: 39 27 29 34 25 6 6 32 21 25 29 23 27 7 1 39 19 15 23 32
decrement c19 :: cost: 1
    add:
    del:
    num: 39 27 29 34 25 6 6 32 21 25 29 23 27 7 1 39 19 15 24 31
Step 7
size: 40
increment c0 :: cost: 1
    add:
    del:
    num: 40 27 29 34 25 6 6 32 21 25 29 23 27 7 1 39 19 15 24 32
increment c1 :: cost: 1
    add:
    del:
    num: 39 28 29 34 25 6 6 32 21 25 29 23 27 7 1 39 19 15 24 32
increment c2 :: cost: 1
    add:
    del:
    num: 39 27 30 34 25 6 6 32 21 25 29 23 27 7 1 39 19 15 24 32
increment c3 :: cost: 1
    add:
    del:
    num: 39 27 29 35 25 6 6 32 21 25 29 23 27 7 1 39 19 15 24 32
increment c4 :: cost: 1
    add:
    del:
    num: 39 27 29 34 26 6 6 32 21 25 29 23 27 7 1 39 19 15 24 32
increment c5 :: cost: 1
    add:
    del:
    num: 39 27 29 34 25 7 6 32 21 25 29 23 27 7 1 39 19 15 24 32
increment c6 :: cost: 1
    add:
    del:
    num: 39 27 29 34 25 6 7 32 21 25 29 23 27 7 1 39 19 15 24 32
increment c7 :: cost: 1
    add:
    del:
    num: 39 27 29 34 25 6 6 33 21 25 29 23 27 7 1 39 19 15 24 32
increment c8 :: cost: 1
    add:
    del:
    num: 39 27 29 34 25 6 6 33 22 25 29 23 27 7 1 39 19 15 24 32
increment c9 :: cost: 1
    add:
    del:
    num: 39 27 29 34 25 6 6 33 21 26 29 23 27 7 1 39 19 15 24 32
increment c10 :: cost: 1
    add:
    del:
    num: 39 27 29 34 25 6 6 33 21 25 30 23 27 7 1 39 19 15 24 32
increment c11 :: cost: 1
    add:
    del:
    num: 39 27 29 34 25 6 6 33 21 25 29 24 27 7 1 39 19 15 24 32
increment c12 :: cost: 1
    add:
    del:
    num: 39 27 29 34 25 6 6 33 21 25 29 23 28 7 1 39 19 15 24 32
increment c13 :: cost: 1
    add:
    del:
    num: 39 27 29 34 25 6 6 33 21 25 29 23 27 8 1 39 19 15 24 32
increment c14 :: cost: 1
    add:
    del:
    num: 39 27 29 34 25 6 6 33 21 25 29 23 27 7 2 39 19 15 24 32
increment c15 :: cost: 1
    add:
    del:
    num: 39 27 29 34 25 6 6 33 21 25 29 23 27 7 1 40 19 15 24 32
increment c16 :: cost: 1
    add:
    del:
    num: 39 27 29 34 25 6 6 33 21 25 29 23 27 7 1 39 20 15 24 32
increment c17 :: cost: 1
    add:
    del:
    num: 39 27 29 34 25 6 6 33 21 25 29 23 27 7 1 39 19 16 24 32
increment c18 :: cost: 1
    add:
    del:
    num: 39 27 29 34 25 6 6 33 21 25 29 23 27 7 1 39 19 15 25 32
increment c19 :: cost: 1
    add:
    del:
    num: 39 27 29 34 25 6 6 33 21 25 29 23 27 7 1 39 19 15 24 33
decrement c0 :: cost: 1
    add:
    del:
    num: 38 27 29 34 25 6 6 33 21 25 29 23 27 7 1 39 19 15 24 32
decrement c1 :: cost: 1
    add:
    del:
    num: 39 26 29 34 25 6 6 33 21 25 29 23 27 7 1 39 19 15 24 32
decrement c2 :: cost: 1
    add:
    del:
    num: 39 27 28 34 25 6 6 33 21 25 29 23 27 7 1 39 19 15 24 32
decrement c3 :: cost: 1
    add:
    del:
    num: 39 27 29 33 25 6 6 33 21 25 29 23 27 7 1 39 19 15 24 32
decrement c4 :: cost: 1
    add:
    del:
    num: 39 27 29 34 24 6 6 33 21 25 29 23 27 7 1 39 19 15 24 32
decrement c5 :: cost: 1
    add:
    del:
    num: 39 27 29 34 25 5 6 33 21 25 29 23 27 7 1 39 19 15 24 32
decrement c6 :: cost: 1
    add:
    del:
    num: 39 27 29 34 25 6 5 33 21 25 29 23 27 7 1 39 19 15 24 32
decrement c7 :: cost: 1
    add:
    del:
    num: 39 27 29 34 25 6 6 32 21 25 29 23 27 7 1 39 19 15 24 32
decrement c8 :: cost: 1
    add:
    del:
    num: 39 27 29 34 25 6 6 33 20 25 29 23 27 7 1 39 19 15 24 32
decrement c9 :: cost: 1
    add:
    del:
    num: 39 27 29 34 25 6 6 33 21 24 29 23 27 7 1 39 19 15 24 32
decrement c10 :: cost: 1
    add:
    del:
    num: 39 27 29 34 25 6 6 33 21 25 28 23 27 7 1 39 19 15 24 32
decrement c11 :: cost: 1
    add:
    del:
    num: 39 27 29 34 25 6 6 33 21 25 29 22 27 7 1 39 19 15 24 32
decrement c12 :: cost: 1
    add:
    del:
    num: 39 27 29 34 25 6 6 33 21 25 29 23 26 7 1 39 19 15 24 32
decrement c13 :: cost: 1
    add:
    del:
    num: 39 27 29 34 25 6 6 33 21 25 29 23 27 6 1 39 19 15 24 32
decrement c14 :: cost: 1
    add:
    del:
    num: 39 27 29 34 25 6 6 33 21 25 29 23 27 7 0 39 19 15 24 32
decrement c15 :: cost: 1
    add:
    del:
    num: 39 27 29 34 25 6 6 33 21 25 29 23 27 7 1 38 19 15 24 32
decrement c16 :: cost: 1
    add:
    del:
    num: 39 27 29 34 25 6 6 33 21 25 29 23 27 7 1 39 18 15 24 32
decrement c17 :: cost: 1
    add:
    del:
    num: 39 27 29 34 25 6 6 33 21 25 29 23 27 7 1 39 19 14 24 32
decrement c18 :: cost: 1
    add:
    del:
    num: 39 27 29 34 25 6 6 33 21 25 29 23 27 7 1 39 19 15 23 32
decrement c19 :: cost: 1
    add:
    del:
    num: 39 27 29 34 25 6 6 33 21 25 29 23 27 7 1 39 19 15 24 31
Step 8
size: 40
increment c0 :: cost: 1
    add:
    del:
    num: 40 27 29 34 25 6 6 33 21 25 29 23 27 7 1 39 19 15 24 32
increment c1 :: cost: 1
    add:
    del:
    num: 39 28 29 34 25 6 6 33 21 25 29 23 27 7 1 39 19 15 24 32
increment c2 :: cost: 1
    add:
    del:
    num: 39 27 30 34 25 6 6 33 21 25 29 23 27 7 1 39 19 15 24 32
increment c3 :: cost: 1
    add:
    del:
    num: 39 27 29 35 25 6 6 33 21 25 29 23 27 7 1 39 19 15 24 32
increment c4 :: cost: 1
    add:
    del:
    num: 39 27 29 34 26 6 6 33 21 25 29 23 27 7 1 39 19 15 24 32
increment c5 :: cost: 1
    add:
    del:
    num: 39 27 29 34 25 7 6 33 21 25 29 23 27 7 1 39 19 15 24 32
increment c6 :: cost: 1
    add:
    del:
    num: 39 27 29 34 25 6 7 33 21 25 29 23 27 7 1 39 19 15 24 32
increment c7 :: cost: 1
    add:
    del:
    num: 39 27 29 34 25 6 6 34 21 25 29 23 27 7 1 39 19 15 24 32
increment c8 :: cost: 1
    add:
    del:
    num: 39 27 29 34 25 6 6 33 22 25 29 23 27 7 1 39 19 15 24 32
increment c9 :: cost: 1
    add:
    del:
    num: 39 27 29 34 25 6 6 33 22 26 29 23 27 7 1 39 19 15 24 32
increment c10 :: cost: 1
    add:
    del:
    num: 39 27 29 34 25 6 6 33 22 25 30 23 27 7 1 39 19 15 24 32
increment c11 :: cost: 1
    add:
    del:
    num: 39 27 29 34 25 6 6 33 22 25 29 24 27 7 1 39 19 15 24 32
increment c12 :: cost: 1
    add:
    del:
    num: 39 27 29 34 25 6 6 33 22 25 29 23 28 7 1 39 19 15 24 32
increment c13 :: cost: 1
    add:
    del:
    num: 39 27 29 34 25 6 6 33 22 25 29 23 27 8 1 39 19 15 24 32
increment c14 :: cost: 1
    add:
    del:
    num: 39 27 29 34 25 6 6 33 22 25 29 23 27 7 2 39 19 15 24 32
increment c15 :: cost: 1
    add:
    del:
    num: 39 27 29 34 25 6 6 33 22 25 29 23 27 7 1 40 19 15 24 32
increment c16 :: cost: 1
    add:
    del:
    num: 39 27 29 34 25 6 6 33 22 25 29 23 27 7 1 39 20 15 24 32
increment c17 :: cost: 1
    add:
    del:
    num: 39 27 29 34 25 6 6 33 22 25 29 23 27 7 1 39 19 16 24 32
increment c18 :: cost: 1
    add:
    del:
    num: 39 27 29 34 25 6 6 33 22 25 29 23 27 7 1 39 19 15 25 32
increment c19 :: cost: 1
    add:
    del:
    num: 39 27 29 34 25 6 6 33 22 25 29 23 27 7 1 39 19 15 24 33
decrement c0 :: cost: 1
    add:
    del:
    num: 38 27 29 34 25 6 6 33 22 25 29 23 27 7 1 39 19 15 24 32
decrement c1 :: cost: 1
    add:
    del:
    num: 39 26 29 34 25 6 6 33 22 25 29 23 27 7 1 39 19 15 24 32
decrement c2 :: cost: 1
    add:
    del:
    num: 39 27 28 34 25 6 6 33 22 25 29 23 27 7 1 39 19 15 24 32
decrement c3 :: cost: 1
    add:
    del:
    num: 39 27 29 33 25 6 6 33 22 25 29 23 27 7 1 39 19 15 24 32
decrement c4 :: cost: 1
    add:
    del:
    num: 39 27 29 34 24 6 6 33 22 25 29 23 27 7 1 39 19 15 24 32
decrement c5 :: cost: 1
    add:
    del:
    num: 39 27 29 34 25 5 6 33 22 25 29 23 27 7 1 39 19 15 24 32
decrement c6 :: cost: 1
    add:
    del:
    num: 39 27 29 34 25 6 5 33 22 25 29 23 27 7 1 39 19 15 24 32
decrement c7 :: cost: 1
    add:
    del:
    num: 39 27 29 34 25 6 6 32 22 25 29 23 27 7 1 39 19 15 24 32
decrement c8 :: cost: 1
    add:
    del:
    num: 39 27 29 34 25 6 6 33 21 25 29 23 27 7 1 39 19 15 24 32
decrement c9 :: cost: 1
    add:
    del:
    num: 39 27 29 34 25 6 6 33 22 24 29 23 27 7 1 39 19 15 24 32
decrement c10 :: cost: 1
    add:
    del:
    num: 39 27 29 34 25 6 6 33 22 25 28 23 27 7 1 39 19 15 24 32
decrement c11 :: cost: 1
    add:
    del:
    num: 39 27 29 34 25 6 6 33 22 25 29 22 27 7 1 39 19 15 24 32
decrement c12 :: cost: 1
    add:
    del:
    num: 39 27 29 34 25 6 6 33 22 25 29 23 26 7 1 39 19 15 24 32
decrement c13 :: cost: 1
    add:
    del:
    num: 39 27 29 34 25 6 6 33 22 25 29 23 27 6 1 39 19 15 24 32
decrement c14 :: cost: 1
    add:
    del:
    num: 39 27 29 34 25 6 6 33 22 25 29 23 27 7 0 39 19 15 24 32
decrement c15 :: cost: 1
    add:
    del:
    num: 39 27 29 34 25 6 6 33 22 25 29 23 27 7 1 38 19 15 24 32
decrement c16 :: cost: 1
    add:
    del:
    num: 39 27 29 34 25 6 6 33 22 25 29 23 27 7 1 39 18 15 24 32
decrement c17 :: cost: 1
    add:
    del:
    num: 39 27 29 34 25 6 6 33 22 25 29 23 27 7 1 39 19 14 24 32
decrement c18 :: cost: 1
    add:
    del:
    num: 39 27 29 34 25 6 6 33 22 25 29 23 27 7 1 39 19 15 23 32
decrement c19 :: cost: 1
    add:
    del:
    num: 39 27 29 34 25 6 6 33 22 25 29 23 27 7 1 39 19 15 24 31
Step 9
size: 40
increment c0 :: cost: 1
    add:
    del:
    num: 40 27 29 34 25 6 6 33 22 25 29 23 27 7 1 39 19 15 24 32
increment c1 :: cost: 1
    add:
    del:
    num: 39 28 29 34 25 6 6 33 22 25 29 23 27 7 1 39 19 15 24 32
increment c2 :: cost: 1
    add:
    del:
    num: 39 27 30 34 25 6 6 33 22 25 29 23 27 7 1 39 19 15 24 32
increment c3 :: cost: 1
    add:
    del:
    num: 39 27 29 35 25 6 6 33 22 25 29 23 27 7 1 39 19 15 24 32
increment c4 :: cost: 1
    add:
    del:
    num: 39 27 29 34 26 6 6 33 22 25 29 23 27 7 1 39 19 15 24 32
increment c5 :: cost: 1
    add:
    del:
    num: 39 27 29 34 25 7 6 33 22 25 29 23 27 7 1 39 19 15 24 32
increment c6 :: cost: 1
    add:
    del:
    num: 39 27 29 34 25 6 7 33 22 25 29 23 27 7 1 39 19 15 24 32
increment c7 :: cost: 1
    add:
    del:
    num: 39 27 29 34 25 6 6 34 22 25 29 23 27 7 1 39 19 15 24 32
increment c8 :: cost: 1
    add:
    del:
    num: 39 27 29 34 25 6 6 33 23 25 29 23 27 7 1 39 19 15 24 32
increment c9 :: cost: 1
    add:
    del:
    num: 39 27 29 34 25 6 6 33 22 26 29 23 27 7 1 39 19 15 24 32
increment c10 :: cost: 1
    add:
    del:
    num: 39 27 29 34 25 6 6 33 22 26 30 23 27 7 1 39 19 15 24 32
increment c11 :: cost: 1
    add:
    del:
    num: 39 27 29 34 25 6 6 33 22 26 29 24 27 7 1 39 19 15 24 32
increment c12 :: cost: 1
    add:
    del:
    num: 39 27 29 34 25 6 6 33 22 26 29 23 28 7 1 39 19 15 24 32
increment c13 :: cost: 1
    add:
    del:
    num: 39 27 29 34 25 6 6 33 22 26 29 23 27 8 1 39 19 15 24 32
increment c14 :: cost: 1
    add:
    del:
    num: 39 27 29 34 25 6 6 33 22 26 29 23 27 7 2 39 19 15 24 32
increment c15 :: cost: 1
    add:
    del:
    num: 39 27 29 34 25 6 6 33 22 26 29 23 27 7 1 40 19 15 24 32
increment c16 :: cost: 1
    add:
    del:
    num: 39 27 29 34 25 6 6 33 22 26 29 23 27 7 1 39 20 15 24 32
increment c17 :: cost: 1
    add:
    del:
    num: 39 27 29 34 25 6 6 33 22 26 29 23 27 7 1 39 19 16 24 32
increment c18 :: cost: 1
    add:
    del:
    num: 39 27 29 34 25 6 6 33 22 26 29 23 27 7 1 39 19 15 25 32
increment c19 :: cost: 1
    add:
    del:
    num: 39 27 29 34 25 6 6 33 22 26 29 23 27 7 1 39 19 15 24 33
decrement c0 :: cost: 1
    add:
    del:
    num: 38 27 29 34 25 6 6 33 22 26 29 23 27 7 1 39 19 15 24 32
decrement c1 :: cost: 1
    add:
    del:
    num: 39 26 29 34 25 6 6 33 22 26 29 23 27 7 1 39 19 15 24 32
decrement c2 :: cost: 1
    add:
    del:
    num: 39 27 28 34 25 6 6 33 22 26 29 23 27 7 1 39 19 15 24 32
decrement c3 :: cost: 1
    add:
    del:
    num: 39 27 29 33 25 6 6 33 22 26 29 23 27 7 1 39 19 15 24 32
decrement c4 :: cost: 1
    add:
    del:
    num: 39 27 29 34 24 6 6 33 22 26 29 23 27 7 1 39 19 15 24 32
decrement c5 :: cost: 1
    add:
    del:
    num: 39 27 29 34 25 5 6 33 22 26 29 23 27 7 1 39 19 15 24 32
decrement c6 :: cost: 1
    add:
    del:
    num: 39 27 29 34 25 6 5 33 22 26 29 23 27 7 1 39 19 15 24 32
decrement c7 :: cost: 1
    add:
    del:
    num: 39 27 29 34 25 6 6 32 22 26 29 23 27 7 1 39 19 15 24 32
decrement c8 :: cost: 1
    add:
    del:
    num: 39 27 29 34 25 6 6 33 21 26 29 23 27 7 1 39 19 15 24 32
decrement c9 :: cost: 1
    add:
    del:
    num: 39 27 29 34 25 6 6 33 22 25 29 23 27 7 1 39 19 15 24 32
decrement c10 :: cost: 1
    add:
    del:
    num: 39 27 29 34 25 6 6 33 22 26 28 23 27 7 1 39 19 15 24 32
decrement c11 :: cost: 1
    add:
    del:
    num: 39 27 29 34 25 6 6 33 22 26 29 22 27 7 1 39 19 15 24 32
decrement c12 :: cost: 1
    add:
    del:
    num: 39 27 29 34 25 6 6 33 22 26 29 23 26 7 1 39 19 15 24 32
decrement c13 :: cost: 1
    add:
    del:
    num: 39 27 29 34 25 6 6 33 22 26 29 23 27 6 1 39 19 15 24 32
decrement c14 :: cost: 1
    add:
    del:
    num: 39 27 29 34 25 6 6 33 22 26 29 23 27 7 0 39 19 15 24 32
decrement c15 :: cost: 1
    add:
    del:
    num: 39 27 29 34 25 6 6 33 22 26 29 23 27 7 1 38 19 15 24 32
decrement c16 :: cost: 1
    add:
    del:
    num: 39 27 29 34 25 6 6 33 22 26 29 23 27 7 1 39 18 15 24 32
decrement c17 :: cost: 1
    add:
    del:
    num: 39 27 29 34 25 6 6 33 22 26 29 23 27 7 1 39 19 14 24 32
decrement c18 :: cost: 1
    add:
    del:
    num: 39 27 29 34 25 6 6 33 22 26 29 23 27 7 1 39 19 15 23 32
decrement c19 :: cost: 1
    add:
    del:
    num: 39 27 29 34 25 6 6 33 22 26 29 23 27 7 1 39 19 15 24 31
