step 0: state 4 applicable 6
    state: (free) (normal r1) (normal r2) (normal r3)
    num: (value r1) = 1 (work-value r1) = 0 (value r2) = 1 (work-value r2) = 0 (value r3) = 1 (work-value r3) = 0
double r1 :: cost: 1 [successor]
    add:
    del:
    num: (value r1) 1 -> 2
double r2 :: cost: 1
    add:
    del:
    num: (value r2) 1 -> 2
double r3 :: cost: 1
    add:
    del:
    num: (value r3) 1 -> 2
step 1: state 4 applicable 6
    state: (free) (normal r1) (normal r2) (normal r3)
    num: (value r1) = 2 (work-value r1) = 0 (value r2) = 1 (work-value r2) = 0 (value r3) = 1 (work-value r3) = 0
double r1 :: cost: 1
    add:
    del:
    num: (value r1) 2 -> 4
double r2 :: cost: 1 [successor]
    add:
    del:
    num: (value r2) 1 -> 2
double r3 :: cost: 1
    add:
    del:
    num: (value r3) 1 -> 2
step 2: state 4 applicable 6
    state: (free) (normal r1) (normal r2) (normal r3)
    num: (value r1) = 2 (work-value r1) = 0 (value r2) = 2 (work-value r2) = 0 (value r3) = 1 (work-value r3) = 0
double r1 :: cost: 1
    add:
    del:
    num: (value r1) 2 -> 4
double r2 :: cost: 1
    add:
    del:
    num: (value r2) 2 -> 4
double r3 :: cost: 1 [successor]
    add:
    del:
    num: (value r3) 1 -> 2
step 3: state 4 applicable 6
    state: (free) (normal r1) (normal r2) (normal r3)
    num: (value r1) = 2 (work-value r1) = 0 (value r2) = 2 (work-value r2) = 0 (value r3) = 2 (work-value r3) = 0
double r1 :: cost: 1
    add:
    del:
    num: (value r1) 2 -> 4
double r2 :: cost: 1
    add:
    del:
    num: (value r2) 2 -> 4
double r3 :: cost: 1
    add:
    del:
    num: (value r3) 2 -> 4
    successor: m1d3-start r1
step 4: state 3 applicable 1
    state: (m1d3-after-dec r1) (normal r2) (normal r3)
    num: (value r1) = 1 (work-value r1) = 0 (value r2) = 2 (work-value r2) = 0 (value r3) = 2 (work-value r3) = 0
m1d3-copy-reset r1 :: cost: 0 [successor]
    add: (m1d3-dividing r1)
    del: (m1d3-after-dec r1)
    num: (value r1) 1 -> 0 (work-value r1) 0 -> 1
ground atoms: 8 groundings: 7
