Require:
  + :equality
  + :negative-preconditions
Action:
  - down: ?r - robot ?x - tile ?y - tile
      pre: (and (clear ?y) (down ?y ?x) (robot-at ?r ?x))
      eff: (and (clear ?x) (increase (total-cost) 1) (not (clear ?y)) (not (robot-at ?r ?x)) (robot-at ?r ?y))
  + down: ?r - robot ?x - tile ?y - tile
      pre: (and (clear ?y) (down ?y ?x) (not (= ?x ?y)) (robot-at ?r ?x))
      eff: (and (clear ?x) (increase (total-cost) 1) (not (clear ?y)) (not (robot-at ?r ?x)) (robot-at ?r ?y))
  - left: ?r - robot ?x - tile ?y - tile
      pre: (and (clear ?y) (left ?y ?x) (robot-at ?r ?x))
      eff: (and (clear ?x) (increase (total-cost) 1) (not (clear ?y)) (not (robot-at ?r ?x)) (robot-at ?r ?y))
  + left: ?r - robot ?x - tile ?y - tile
      pre: (and (clear ?y) (left ?y ?x) (not (= ?x ?y)) (robot-at ?r ?x))
      eff: (and (clear ?x) (increase (total-cost) 1) (not (clear ?y)) (not (robot-at ?r ?x)) (robot-at ?r ?y))
  - paint-down: ?r - robot ?y - tile ?x - tile ?c - color
      pre: (and (clear ?y) (down ?y ?x) (robot-at ?r ?x) (robot-has ?r ?c))
      eff: (and (increase (total-cost) 2) (not (clear ?y)) (painted ?y ?c))
  + paint-down: ?r - robot ?y - tile ?x - tile ?c - color
      pre: (and (= ?c black) (clear ?y) (down ?y ?x) (not (= ?y ?x)) (not (= ?y tile_1-1)) (not (= ?y tile_1-3)) (not (= ?y tile_1-5)) (not (= ?y tile_2-2)) (not (= ?y tile_2-4)) (not (= ?y tile_3-1)) (not (= ?y tile_3-3)) (not (= ?y tile_3-5)) (not (= ?y tile_4-2)) (not (= ?y tile_4-4)) (not (= ?y tile_5-1)) (not (= ?y tile_5-3)) (not (= ?y tile_5-5)) (not (= ?y tile_6-2)) (not (= ?y tile_6-4)) (robot-at ?r ?x) (robot-has ?r black))
      eff: (and (increase (total-cost) 2) (not (clear ?y)) (painted ?y black))
  + paint-down: ?r - robot ?y - tile ?x - tile ?c - color
      pre: (and (= ?c white) (clear ?y) (down ?y ?x) (not (= ?y ?x)) (not (= ?y tile_1-2)) (not (= ?y tile_1-4)) (not (= ?y tile_2-1)) (not (= ?y tile_2-3)) (not (= ?y tile_2-5)) (not (= ?y tile_3-2)) (not (= ?y tile_3-4)) (not (= ?y tile_4-1)) (not (= ?y tile_4-3)) (not (= ?y tile_4-5)) (not (= ?y tile_5-2)) (not (= ?y tile_5-4)) (not (= ?y tile_6-1)) (not (= ?y tile_6-3)) (not (= ?y tile_6-5)) (robot-at ?r ?x) (robot-has ?r white))
      eff: (and (increase (total-cost) 2) (not (clear ?y)) (painted ?y white))
  + paint-down: ?r - robot ?y - tile ?x - tile ?c - color
      pre: (and (clear ?y) (down ?y ?x) (not (= ?y ?x)) (not (= ?y tile_1-1)) (not (= ?y tile_1-2)) (not (= ?y tile_1-3)) (not (= ?y tile_1-4)) (not (= ?y tile_1-5)) (not (= ?y tile_2-1)) (not (= ?y tile_2-2)) (not (= ?y tile_2-3)) (not (= ?y tile_2-4)) (not (= ?y tile_2-5)) (not (= ?y tile_3-1)) (not (= ?y tile_3-2)) (not (= ?y tile_3-3)) (not (= ?y tile_3-4)) (not (= ?y tile_3-5)) (not (= ?y tile_4-1)) (not (= ?y tile_4-2)) (not (= ?y tile_4-3)) (not (= ?y tile_4-4)) (not (= ?y tile_4-5)) (not (= ?y tile_5-1)) (not (= ?y tile_5-2)) (not (= ?y tile_5-3)) (not (= ?y tile_5-4)) (not (= ?y tile_5-5)) (not (= ?y tile_6-1)) (not (= ?y tile_6-2)) (not (= ?y tile_6-3)) (not (= ?y tile_6-4)) (not (= ?y tile_6-5)) (robot-at ?r ?x) (robot-has ?r ?c))
      eff: (and (increase (total-cost) 2) (not (clear ?y)) (painted ?y ?c))
  - paint-up: ?r - robot ?y - tile ?x - tile ?c - color
      pre: (and (clear ?y) (robot-at ?r ?x) (robot-has ?r ?c) (up ?y ?x))
      eff: (and (increase (total-cost) 2) (not (clear ?y)) (painted ?y ?c))
  + paint-up: ?r - robot ?y - tile ?x - tile ?c - color
      pre: (and (= ?c black) (clear ?y) (not (= ?y ?x)) (not (= ?y tile_1-1)) (not (= ?y tile_1-3)) (not (= ?y tile_1-5)) (not (= ?y tile_2-2)) (not (= ?y tile_2-4)) (not (= ?y tile_3-1)) (not (= ?y tile_3-3)) (not (= ?y tile_3-5)) (not (= ?y tile_4-2)) (not (= ?y tile_4-4)) (not (= ?y tile_5-1)) (not (= ?y tile_5-3)) (not (= ?y tile_5-5)) (not (= ?y tile_6-2)) (not (= ?y tile_6-4)) (robot-at ?r ?x) (robot-has ?r black) (up ?y ?x))
      eff: (and (increase (total-cost) 2) (not (clear ?y)) (painted ?y black))
  + paint-up: ?r - robot ?y - tile ?x - tile ?c - color
      pre: (and (= ?c white) (clear ?y) (not (= ?y ?x)) (not (= ?y tile_1-2)) (not (= ?y tile_1-4)) (not (= ?y tile_2-1)) (not (= ?y tile_2-3)) (not (= ?y tile_2-5)) (not (= ?y tile_3-2)) (not (= ?y tile_3-4)) (not (= ?y tile_4-1)) (not (= ?y tile_4-3)) (not (= ?y tile_4-5)) (not (= ?y tile_5-2)) (not (= ?y tile_5-4)) (not (= ?y tile_6-1)) (not (= ?y tile_6-3)) (not (= ?y tile_6-5)) (robot-at ?r ?x) (robot-has ?r white) (up ?y ?x))
      eff: (and (increase (total-cost) 2) (not (clear ?y)) (painted ?y white))
  + paint-up: ?r - robot ?y - tile ?x - tile ?c - color
      pre: (and (clear ?y) (not (= ?y ?x)) (not (= ?y tile_1-1)) (not (= ?y tile_1-2)) (not (= ?y tile_1-3)) (not (= ?y tile_1-4)) (not (= ?y tile_1-5)) (not (= ?y tile_2-1)) (not (= ?y tile_2-2)) (not (= ?y tile_2-3)) (not (= ?y tile_2-4)) (not (= ?y tile_2-5)) (not (= ?y tile_3-1)) (not (= ?y tile_3-2)) (not (= ?y tile_3-3)) (not (= ?y tile_3-4)) (not (= ?y tile_3-5)) (not (= ?y tile_4-1)) (not (= ?y tile_4-2)) (not (= ?y tile_4-3)) (not (= ?y tile_4-4)) (not (= ?y tile_4-5)) (not (= ?y tile_5-1)) (not (= ?y tile_5-2)) (not (= ?y tile_5-3)) (not (= ?y tile_5-4)) (not (= ?y tile_5-5)) (not (= ?y tile_6-1)) (not (= ?y tile_6-2)) (not (= ?y tile_6-3)) (not (= ?y tile_6-4)) (not (= ?y tile_6-5)) (robot-at ?r ?x) (robot-has ?r ?c) (up ?y ?x))
      eff: (and (increase (total-cost) 2) (not (clear ?y)) (painted ?y ?c))
  - right: ?r - robot ?x - tile ?y - tile
      pre: (and (clear ?y) (right ?y ?x) (robot-at ?r ?x))
      eff: (and (clear ?x) (increase (total-cost) 1) (not (clear ?y)) (not (robot-at ?r ?x)) (robot-at ?r ?y))
  + right: ?r - robot ?x - tile ?y - tile
      pre: (and (clear ?y) (not (= ?x ?y)) (right ?y ?x) (robot-at ?r ?x))
      eff: (and (clear ?x) (increase (total-cost) 1) (not (clear ?y)) (not (robot-at ?r ?x)) (robot-at ?r ?y))
  - up: ?r - robot ?x - tile ?y - tile
      pre: (and (clear ?y) (robot-at ?r ?x) (up ?y ?x))
      eff: (and (clear ?x) (increase (total-cost) 3) (not (clear ?y)) (not (robot-at ?r ?x)) (robot-at ?r ?y))
  + up: ?r - robot ?x - tile ?y - tile
      pre: (and (clear ?y) (not (= ?x ?y)) (robot-at ?r ?x) (up ?y ?x))
      eff: (and (clear ?x) (increase (total-cost) 3) (not (clear ?y)) (not (robot-at ?r ?x)) (robot-at ?r ?y))
Pred prop:
  + (= object object): in_pre in_pre_neg
