(on-sale)
  init-count: 600
  init-all-nonneg: 1
  init-all-nonpos: 0
  init-all-int: 1
  in-pre: 1
  in-goal: 0
  in-metric: 0
  is-metric-alone: 0
  on-num-op-rhs: 1
  written: 1
  written-by-assign-or-scale: 1
  written-in-cond-eff: 0
  write-size: 2
  write-delta-nonneg: 0
  write-delta-nonneg-int: 0
  rhs-funcs: (bought) (request)
(drive-cost)
  init-count: 650
  init-all-nonneg: 1
  init-all-nonpos: 0
  init-all-int: 0
  in-pre: 0
  in-goal: 0
  in-metric: 0
  is-metric-alone: 0
  on-num-op-rhs: 1
  written: 0
  written-by-assign-or-scale: 0
  written-in-cond-eff: 0
  write-size: 0
  write-delta-nonneg: 1
  write-delta-nonneg-int: 1
  rhs-funcs:
(price)
  init-count: 325
  init-all-nonneg: 1
  init-all-nonpos: 0
  init-all-int: 1
  in-pre: 0
  in-goal: 0
  in-metric: 0
  is-metric-alone: 0
  on-num-op-rhs: 1
  written: 0
  written-by-assign-or-scale: 0
  written-in-cond-eff: 0
  write-size: 0
  write-delta-nonneg: 1
  write-delta-nonneg-int: 1
  rhs-funcs:
(bought)
  init-count: 24
  init-all-nonneg: 1
  init-all-nonpos: 1
  init-all-int: 1
  in-pre: 1
  in-goal: 1
  in-metric: 0
  is-metric-alone: 0
  on-num-op-rhs: 1
  written: 1
  written-by-assign-or-scale: 1
  written-in-cond-eff: 0
  write-size: 2
  write-delta-nonneg: 0
  write-delta-nonneg-int: 0
  rhs-funcs: (on-sale) (request)
(request)
  init-count: 24
  init-all-nonneg: 1
  init-all-nonpos: 0
  init-all-int: 1
  in-pre: 1
  in-goal: 1
  in-metric: 0
  is-metric-alone: 0
  on-num-op-rhs: 1
  written: 0
  written-by-assign-or-scale: 0
  written-in-cond-eff: 0
  write-size: 0
  write-delta-nonneg: 1
  write-delta-nonneg-int: 1
  rhs-funcs:
(total-cost)
  init-count: 1
  init-all-nonneg: 1
  init-all-nonpos: 1
  init-all-int: 1
  in-pre: 0
  in-goal: 0
  in-metric: 1
  is-metric-alone: 1
  on-num-op-rhs: 0
  written: 1
  written-by-assign-or-scale: 0
  written-in-cond-eff: 0
  write-size: 3
  write-delta-nonneg: 0
  write-delta-nonneg-int: 0
  rhs-funcs: (on-sale) (drive-cost) (price) (bought) (request)
