Goal:
   (at-curb-num car_00 curb_00) (at-curb-num car_01 curb_01) (at-curb-num car_02 curb_02) (at-curb-num car_03 curb_03) (at-curb-num car_04 curb_04) (at-curb-num car_05 curb_05) (at-curb-num car_06 curb_06) (at-curb-num car_07 curb_07) (at-curb-num car_08 curb_08) (at-curb-num car_09 curb_09) (at-curb-num car_10 curb_10) (behind-car car_11 car_00) (behind-car car_12 car_01) (behind-car car_13 car_02) (behind-car car_14 car_03) (behind-car car_15 car_04) (behind-car car_16 car_05) (behind-car car_17 car_06) (behind-car car_18 car_07) (behind-car car_19 car_08)
   + (at-curb car_00) (at-curb car_01) (at-curb car_02) (at-curb car_03) (at-curb car_04) (at-curb car_05) (at-curb car_06) (at-curb car_07) (at-curb car_08) (at-curb car_09) (at-curb car_10) (car-clear car_09) (car-clear car_10) (car-clear car_11) (car-clear car_12) (car-clear car_13) (car-clear car_14) (car-clear car_15) (car-clear car_16) (car-clear car_17) (car-clear car_18) (car-clear car_19) (NOT:at-curb car_11) (NOT:at-curb car_12) (NOT:at-curb car_13) (NOT:at-curb car_14) (NOT:at-curb car_15) (NOT:at-curb car_16) (NOT:at-curb car_17) (NOT:at-curb car_18) (NOT:at-curb car_19)
(move-car-to-car car_00 car_01 car_02)
   (at-curb car_02) (behind-car car_00 car_01) (car-clear car_00) (car-clear car_02)
   + (at-curb car_01) (NOT:at-curb car_00)
(move-car-to-car car_00 car_01 car_03)
   (at-curb car_03) (behind-car car_00 car_01) (car-clear car_00) (car-clear car_03)
   + (at-curb car_01) (NOT:at-curb car_00)
(move-car-to-car car_00 car_01 car_04)
   (at-curb car_04) (behind-car car_00 car_01) (car-clear car_00) (car-clear car_04)
   + (at-curb car_01) (NOT:at-curb car_00)
(move-car-to-car car_00 car_01 car_05)
   (at-curb car_05) (behind-car car_00 car_01) (car-clear car_00) (car-clear car_05)
   + (at-curb car_01) (NOT:at-curb car_00)
(move-car-to-car car_00 car_01 car_06)
   (at-curb car_06) (behind-car car_00 car_01) (car-clear car_00) (car-clear car_06)
   + (at-curb car_01) (NOT:at-curb car_00)
(move-car-to-car car_00 car_01 car_07)
   (at-curb car_07) (behind-car car_00 car_01) (car-clear car_00) (car-clear car_07)
   + (at-curb car_01) (NOT:at-curb car_00)
(move-car-to-car car_00 car_01 car_08)
   (at-curb car_08) (behind-car car_00 car_01) (car-clear car_00) (car-clear car_08)
   + (at-curb car_01) (NOT:at-curb car_00)
(move-car-to-car car_00 car_01 car_09)
   (at-curb car_09) (behind-car car_00 car_01) (car-clear car_00) (car-clear car_09)
   + (at-curb car_01) (NOT:at-curb car_00)
(move-car-to-car car_00 car_01 car_10)
   (at-curb car_10) (behind-car car_00 car_01) (car-clear car_00) (car-clear car_10)
   + (at-curb car_01) (NOT:at-curb car_00)
(move-car-to-car car_00 car_01 car_11)
   (at-curb car_11) (behind-car car_00 car_01) (car-clear car_00) (car-clear car_11)
   + (at-curb car_01) (NOT:at-curb car_00)
(move-car-to-car car_00 car_01 car_12)
   (at-curb car_12) (behind-car car_00 car_01) (car-clear car_00) (car-clear car_12)
   + (at-curb car_01) (NOT:at-curb car_00)
(move-car-to-car car_00 car_01 car_13)
   (at-curb car_13) (behind-car car_00 car_01) (car-clear car_00) (car-clear car_13)
   + (at-curb car_01) (NOT:at-curb car_00)
(move-car-to-car car_00 car_01 car_14)
   (at-curb car_14) (behind-car car_00 car_01) (car-clear car_00) (car-clear car_14)
   + (at-curb car_01) (NOT:at-curb car_00)
(move-car-to-car car_00 car_01 car_15)
   (at-curb car_15) (behind-car car_00 car_01) (car-clear car_00) (car-clear car_15)
   + (at-curb car_01) (NOT:at-curb car_00)
(move-car-to-car car_00 car_01 car_16)
   (at-curb car_16) (behind-car car_00 car_01) (car-clear car_00) (car-clear car_16)
   + (at-curb car_01) (NOT:at-curb car_00)
(move-car-to-car car_00 car_01 car_17)
   (at-curb car_17) (behind-car car_00 car_01) (car-clear car_00) (car-clear car_17)
   + (at-curb car_01) (NOT:at-curb car_00)
(move-car-to-car car_00 car_01 car_18)
   (at-curb car_18) (behind-car car_00 car_01) (car-clear car_00) (car-clear car_18)
   + (at-curb car_01) (NOT:at-curb car_00)
(move-car-to-car car_00 car_01 car_19)
   (at-curb car_19) (behind-car car_00 car_01) (car-clear car_00) (car-clear car_19)
   + (at-curb car_01) (NOT:at-curb car_00)
(move-car-to-car car_00 car_02 car_01)
   (at-curb car_01) (behind-car car_00 car_02) (car-clear car_00) (car-clear car_01)
   + (at-curb car_02) (NOT:at-curb car_00)
(move-car-to-car car_00 car_02 car_03)
   (at-curb car_03) (behind-car car_00 car_02) (car-clear car_00) (car-clear car_03)
   + (at-curb car_02) (NOT:at-curb car_00)
(move-car-to-car car_00 car_02 car_04)
   (at-curb car_04) (behind-car car_00 car_02) (car-clear car_00) (car-clear car_04)
   + (at-curb car_02) (NOT:at-curb car_00)
(move-car-to-car car_00 car_02 car_05)
   (at-curb car_05) (behind-car car_00 car_02) (car-clear car_00) (car-clear car_05)
   + (at-curb car_02) (NOT:at-curb car_00)
(move-car-to-car car_00 car_02 car_06)
   (at-curb car_06) (behind-car car_00 car_02) (car-clear car_00) (car-clear car_06)
   + (at-curb car_02) (NOT:at-curb car_00)
(move-car-to-car car_00 car_02 car_07)
   (at-curb car_07) (behind-car car_00 car_02) (car-clear car_00) (car-clear car_07)
   + (at-curb car_02) (NOT:at-curb car_00)
(move-car-to-car car_00 car_02 car_08)
   (at-curb car_08) (behind-car car_00 car_02) (car-clear car_00) (car-clear car_08)
   + (at-curb car_02) (NOT:at-curb car_00)
(move-car-to-car car_00 car_02 car_09)
   (at-curb car_09) (behind-car car_00 car_02) (car-clear car_00) (car-clear car_09)
   + (at-curb car_02) (NOT:at-curb car_00)
(move-car-to-car car_00 car_02 car_10)
   (at-curb car_10) (behind-car car_00 car_02) (car-clear car_00) (car-clear car_10)
   + (at-curb car_02) (NOT:at-curb car_00)
(move-car-to-car car_00 car_02 car_11)
   (at-curb car_11) (behind-car car_00 car_02) (car-clear car_00) (car-clear car_11)
   + (at-curb car_02) (NOT:at-curb car_00)
(move-car-to-car car_00 car_02 car_12)
   (at-curb car_12) (behind-car car_00 car_02) (car-clear car_00) (car-clear car_12)
   + (at-curb car_02) (NOT:at-curb car_00)
(move-car-to-car car_00 car_02 car_13)
   (at-curb car_13) (behind-car car_00 car_02) (car-clear car_00) (car-clear car_13)
   + (at-curb car_02) (NOT:at-curb car_00)
(move-car-to-car car_00 car_02 car_14)
   (at-curb car_14) (behind-car car_00 car_02) (car-clear car_00) (car-clear car_14)
   + (at-curb car_02) (NOT:at-curb car_00)
(move-car-to-car car_00 car_02 car_15)
   (at-curb car_15) (behind-car car_00 car_02) (car-clear car_00) (car-clear car_15)
   + (at-curb car_02) (NOT:at-curb car_00)
(move-car-to-car car_00 car_02 car_16)
   (at-curb car_16) (behind-car car_00 car_02) (car-clear car_00) (car-clear car_16)
   + (at-curb car_02) (NOT:at-curb car_00)
(move-car-to-car car_00 car_02 car_17)
   (at-curb car_17) (behind-car car_00 car_02) (car-clear car_00) (car-clear car_17)
   + (at-curb car_02) (NOT:at-curb car_00)
(move-car-to-car car_00 car_02 car_18)
   (at-curb car_18) (behind-car car_00 car_02) (car-clear car_00) (car-clear car_18)
   + (at-curb car_02) (NOT:at-curb car_00)
(move-car-to-car car_00 car_02 car_19)
   (at-curb car_19) (behind-car car_00 car_02) (car-clear car_00) (car-clear car_19)
   + (at-curb car_02) (NOT:at-curb car_00)
(move-car-to-car car_00 car_03 car_01)
   (at-curb car_01) (behind-car car_00 car_03) (car-clear car_00) (car-clear car_01)
   + (at-curb car_03) (NOT:at-curb car_00)
(move-car-to-car car_00 car_03 car_02)
   (at-curb car_02) (behind-car car_00 car_03) (car-clear car_00) (car-clear car_02)
   + (at-curb car_03) (NOT:at-curb car_00)
(move-car-to-car car_00 car_03 car_04)
   (at-curb car_04) (behind-car car_00 car_03) (car-clear car_00) (car-clear car_04)
   + (at-curb car_03) (NOT:at-curb car_00)
(move-car-to-car car_00 car_03 car_05)
   (at-curb car_05) (behind-car car_00 car_03) (car-clear car_00) (car-clear car_05)
   + (at-curb car_03) (NOT:at-curb car_00)
(move-car-to-car car_00 car_03 car_06)
   (at-curb car_06) (behind-car car_00 car_03) (car-clear car_00) (car-clear car_06)
   + (at-curb car_03) (NOT:at-curb car_00)
(move-car-to-car car_00 car_03 car_07)
   (at-curb car_07) (behind-car car_00 car_03) (car-clear car_00) (car-clear car_07)
   + (at-curb car_03) (NOT:at-curb car_00)
(move-car-to-car car_00 car_03 car_08)
   (at-curb car_08) (behind-car car_00 car_03) (car-clear car_00) (car-clear car_08)
   + (at-curb car_03) (NOT:at-curb car_00)
(move-car-to-car car_00 car_03 car_09)
   (at-curb car_09) (behind-car car_00 car_03) (car-clear car_00) (car-clear car_09)
   + (at-curb car_03) (NOT:at-curb car_00)
(move-car-to-car car_00 car_03 car_10)
   (at-curb car_10) (behind-car car_00 car_03) (car-clear car_00) (car-clear car_10)
   + (at-curb car_03) (NOT:at-curb car_00)
(move-car-to-car car_00 car_03 car_11)
   (at-curb car_11) (behind-car car_00 car_03) (car-clear car_00) (car-clear car_11)
   + (at-curb car_03) (NOT:at-curb car_00)
(move-car-to-car car_00 car_03 car_12)
   (at-curb car_12) (behind-car car_00 car_03) (car-clear car_00) (car-clear car_12)
   + (at-curb car_03) (NOT:at-curb car_00)
(move-car-to-car car_00 car_03 car_13)
   (at-curb car_13) (behind-car car_00 car_03) (car-clear car_00) (car-clear car_13)
   + (at-curb car_03) (NOT:at-curb car_00)
(move-car-to-car car_00 car_03 car_14)
   (at-curb car_14) (behind-car car_00 car_03) (car-clear car_00) (car-clear car_14)
   + (at-curb car_03) (NOT:at-curb car_00)
(move-car-to-car car_00 car_03 car_15)
   (at-curb car_15) (behind-car car_00 car_03) (car-clear car_00) (car-clear car_15)
   + (at-curb car_03) (NOT:at-curb car_00)
(move-car-to-car car_00 car_03 car_16)
   (at-curb car_16) (behind-car car_00 car_03) (car-clear car_00) (car-clear car_16)
   + (at-curb car_03) (NOT:at-curb car_00)
(move-car-to-car car_00 car_03 car_17)
   (at-curb car_17) (behind-car car_00 car_03) (car-clear car_00) (car-clear car_17)
   + (at-curb car_03) (NOT:at-curb car_00)
(move-car-to-car car_00 car_03 car_18)
   (at-curb car_18) (behind-car car_00 car_03) (car-clear car_00) (car-clear car_18)
   + (at-curb car_03) (NOT:at-curb car_00)
(move-car-to-car car_00 car_03 car_19)
   (at-curb car_19) (behind-car car_00 car_03) (car-clear car_00) (car-clear car_19)
   + (at-curb car_03) (NOT:at-curb car_00)
(move-car-to-car car_00 car_04 car_01)
   (at-curb car_01) (behind-car car_00 car_04) (car-clear car_00) (car-clear car_01)
   + (at-curb car_04) (NOT:at-curb car_00)
(move-car-to-car car_00 car_04 car_02)
   (at-curb car_02) (behind-car car_00 car_04) (car-clear car_00) (car-clear car_02)
   + (at-curb car_04) (NOT:at-curb car_00)
(move-car-to-car car_00 car_04 car_03)
   (at-curb car_03) (behind-car car_00 car_04) (car-clear car_00) (car-clear car_03)
   + (at-curb car_04) (NOT:at-curb car_00)
(move-car-to-car car_00 car_04 car_05)
   (at-curb car_05) (behind-car car_00 car_04) (car-clear car_00) (car-clear car_05)
   + (at-curb car_04) (NOT:at-curb car_00)
(move-car-to-car car_00 car_04 car_06)
   (at-curb car_06) (behind-car car_00 car_04) (car-clear car_00) (car-clear car_06)
   + (at-curb car_04) (NOT:at-curb car_00)
(move-car-to-car car_00 car_04 car_07)
   (at-curb car_07) (behind-car car_00 car_04) (car-clear car_00) (car-clear car_07)
   + (at-curb car_04) (NOT:at-curb car_00)
(move-car-to-car car_00 car_04 car_08)
   (at-curb car_08) (behind-car car_00 car_04) (car-clear car_00) (car-clear car_08)
   + (at-curb car_04) (NOT:at-curb car_00)
(move-car-to-car car_00 car_04 car_09)
   (at-curb car_09) (behind-car car_00 car_04) (car-clear car_00) (car-clear car_09)
   + (at-curb car_04) (NOT:at-curb car_00)
(move-car-to-car car_00 car_04 car_10)
   (at-curb car_10) (behind-car car_00 car_04) (car-clear car_00) (car-clear car_10)
   + (at-curb car_04) (NOT:at-curb car_00)
(move-car-to-car car_00 car_04 car_11)
   (at-curb car_11) (behind-car car_00 car_04) (car-clear car_00) (car-clear car_11)
   + (at-curb car_04) (NOT:at-curb car_00)
(move-car-to-car car_00 car_04 car_12)
   (at-curb car_12) (behind-car car_00 car_04) (car-clear car_00) (car-clear car_12)
   + (at-curb car_04) (NOT:at-curb car_00)
(move-car-to-car car_00 car_04 car_13)
   (at-curb car_13) (behind-car car_00 car_04) (car-clear car_00) (car-clear car_13)
   + (at-curb car_04) (NOT:at-curb car_00)
(move-car-to-car car_00 car_04 car_14)
   (at-curb car_14) (behind-car car_00 car_04) (car-clear car_00) (car-clear car_14)
   + (at-curb car_04) (NOT:at-curb car_00)
(move-car-to-car car_00 car_04 car_15)
   (at-curb car_15) (behind-car car_00 car_04) (car-clear car_00) (car-clear car_15)
   + (at-curb car_04) (NOT:at-curb car_00)
(move-car-to-car car_00 car_04 car_16)
   (at-curb car_16) (behind-car car_00 car_04) (car-clear car_00) (car-clear car_16)
   + (at-curb car_04) (NOT:at-curb car_00)
(move-car-to-car car_00 car_04 car_17)
   (at-curb car_17) (behind-car car_00 car_04) (car-clear car_00) (car-clear car_17)
   + (at-curb car_04) (NOT:at-curb car_00)
(move-car-to-car car_00 car_04 car_18)
   (at-curb car_18) (behind-car car_00 car_04) (car-clear car_00) (car-clear car_18)
   + (at-curb car_04) (NOT:at-curb car_00)
(move-car-to-car car_00 car_04 car_19)
   (at-curb car_19) (behind-car car_00 car_04) (car-clear car_00) (car-clear car_19)
   + (at-curb car_04) (NOT:at-curb car_00)
(move-car-to-car car_00 car_05 car_01)
   (at-curb car_01) (behind-car car_00 car_05) (car-clear car_00) (car-clear car_01)
   + (at-curb car_05) (NOT:at-curb car_00)
(move-car-to-car car_00 car_05 car_02)
   (at-curb car_02) (behind-car car_00 car_05) (car-clear car_00) (car-clear car_02)
   + (at-curb car_05) (NOT:at-curb car_00)
(move-car-to-car car_00 car_05 car_03)
   (at-curb car_03) (behind-car car_00 car_05) (car-clear car_00) (car-clear car_03)
   + (at-curb car_05) (NOT:at-curb car_00)
(move-car-to-car car_00 car_05 car_04)
   (at-curb car_04) (behind-car car_00 car_05) (car-clear car_00) (car-clear car_04)
   + (at-curb car_05) (NOT:at-curb car_00)
(move-car-to-car car_00 car_05 car_06)
   (at-curb car_06) (behind-car car_00 car_05) (car-clear car_00) (car-clear car_06)
   + (at-curb car_05) (NOT:at-curb car_00)
(move-car-to-car car_00 car_05 car_07)
   (at-curb car_07) (behind-car car_00 car_05) (car-clear car_00) (car-clear car_07)
   + (at-curb car_05) (NOT:at-curb car_00)
(move-car-to-car car_00 car_05 car_08)
   (at-curb car_08) (behind-car car_00 car_05) (car-clear car_00) (car-clear car_08)
   + (at-curb car_05) (NOT:at-curb car_00)
(move-car-to-car car_00 car_05 car_09)
   (at-curb car_09) (behind-car car_00 car_05) (car-clear car_00) (car-clear car_09)
   + (at-curb car_05) (NOT:at-curb car_00)
(move-car-to-car car_00 car_05 car_10)
   (at-curb car_10) (behind-car car_00 car_05) (car-clear car_00) (car-clear car_10)
   + (at-curb car_05) (NOT:at-curb car_00)
(move-car-to-car car_00 car_05 car_11)
   (at-curb car_11) (behind-car car_00 car_05) (car-clear car_00) (car-clear car_11)
   + (at-curb car_05) (NOT:at-curb car_00)
(move-car-to-car car_00 car_05 car_12)
   (at-curb car_12) (behind-car car_00 car_05) (car-clear car_00) (car-clear car_12)
   + (at-curb car_05) (NOT:at-curb car_00)
(move-car-to-car car_00 car_05 car_13)
   (at-curb car_13) (behind-car car_00 car_05) (car-clear car_00) (car-clear car_13)
   + (at-curb car_05) (NOT:at-curb car_00)
(move-car-to-car car_00 car_05 car_14)
   (at-curb car_14) (behind-car car_00 car_05) (car-clear car_00) (car-clear car_14)
   + (at-curb car_05) (NOT:at-curb car_00)
(move-car-to-car car_00 car_05 car_15)
   (at-curb car_15) (behind-car car_00 car_05) (car-clear car_00) (car-clear car_15)
   + (at-curb car_05) (NOT:at-curb car_00)
(move-car-to-car car_00 car_05 car_16)
   (at-curb car_16) (behind-car car_00 car_05) (car-clear car_00) (car-clear car_16)
   + (at-curb car_05) (NOT:at-curb car_00)
(move-car-to-car car_00 car_05 car_17)
   (at-curb car_17) (behind-car car_00 car_05) (car-clear car_00) (car-clear car_17)
   + (at-curb car_05) (NOT:at-curb car_00)
(move-car-to-car car_00 car_05 car_18)
   (at-curb car_18) (behind-car car_00 car_05) (car-clear car_00) (car-clear car_18)
   + (at-curb car_05) (NOT:at-curb car_00)
(move-car-to-car car_00 car_05 car_19)
   (at-curb car_19) (behind-car car_00 car_05) (car-clear car_00) (car-clear car_19)
   + (at-curb car_05) (NOT:at-curb car_00)
(move-car-to-car car_00 car_06 car_01)
   (at-curb car_01) (behind-car car_00 car_06) (car-clear car_00) (car-clear car_01)
   + (at-curb car_06) (NOT:at-curb car_00)
(move-car-to-car car_00 car_06 car_02)
   (at-curb car_02) (behind-car car_00 car_06) (car-clear car_00) (car-clear car_02)
   + (at-curb car_06) (NOT:at-curb car_00)
(move-car-to-car car_00 car_06 car_03)
   (at-curb car_03) (behind-car car_00 car_06) (car-clear car_00) (car-clear car_03)
   + (at-curb car_06) (NOT:at-curb car_00)
(move-car-to-car car_00 car_06 car_04)
   (at-curb car_04) (behind-car car_00 car_06) (car-clear car_00) (car-clear car_04)
   + (at-curb car_06) (NOT:at-curb car_00)
(move-car-to-car car_00 car_06 car_05)
   (at-curb car_05) (behind-car car_00 car_06) (car-clear car_00) (car-clear car_05)
   + (at-curb car_06) (NOT:at-curb car_00)
(move-car-to-car car_00 car_06 car_07)
   (at-curb car_07) (behind-car car_00 car_06) (car-clear car_00) (car-clear car_07)
   + (at-curb car_06) (NOT:at-curb car_00)
(move-car-to-car car_00 car_06 car_08)
   (at-curb car_08) (behind-car car_00 car_06) (car-clear car_00) (car-clear car_08)
   + (at-curb car_06) (NOT:at-curb car_00)
(move-car-to-car car_00 car_06 car_09)
   (at-curb car_09) (behind-car car_00 car_06) (car-clear car_00) (car-clear car_09)
   + (at-curb car_06) (NOT:at-curb car_00)
(move-car-to-car car_00 car_06 car_10)
   (at-curb car_10) (behind-car car_00 car_06) (car-clear car_00) (car-clear car_10)
   + (at-curb car_06) (NOT:at-curb car_00)
(move-car-to-car car_00 car_06 car_11)
   (at-curb car_11) (behind-car car_00 car_06) (car-clear car_00) (car-clear car_11)
   + (at-curb car_06) (NOT:at-curb car_00)
(move-car-to-car car_00 car_06 car_12)
   (at-curb car_12) (behind-car car_00 car_06) (car-clear car_00) (car-clear car_12)
   + (at-curb car_06) (NOT:at-curb car_00)
(move-car-to-car car_00 car_06 car_13)
   (at-curb car_13) (behind-car car_00 car_06) (car-clear car_00) (car-clear car_13)
   + (at-curb car_06) (NOT:at-curb car_00)
(move-car-to-car car_00 car_06 car_14)
   (at-curb car_14) (behind-car car_00 car_06) (car-clear car_00) (car-clear car_14)
   + (at-curb car_06) (NOT:at-curb car_00)
(move-car-to-car car_00 car_06 car_15)
   (at-curb car_15) (behind-car car_00 car_06) (car-clear car_00) (car-clear car_15)
   + (at-curb car_06) (NOT:at-curb car_00)
(move-car-to-car car_00 car_06 car_16)
   (at-curb car_16) (behind-car car_00 car_06) (car-clear car_00) (car-clear car_16)
   + (at-curb car_06) (NOT:at-curb car_00)
(move-car-to-car car_00 car_06 car_17)
   (at-curb car_17) (behind-car car_00 car_06) (car-clear car_00) (car-clear car_17)
   + (at-curb car_06) (NOT:at-curb car_00)
(move-car-to-car car_00 car_06 car_18)
   (at-curb car_18) (behind-car car_00 car_06) (car-clear car_00) (car-clear car_18)
   + (at-curb car_06) (NOT:at-curb car_00)
(move-car-to-car car_00 car_06 car_19)
   (at-curb car_19) (behind-car car_00 car_06) (car-clear car_00) (car-clear car_19)
   + (at-curb car_06) (NOT:at-curb car_00)
(move-car-to-car car_00 car_07 car_01)
   (at-curb car_01) (behind-car car_00 car_07) (car-clear car_00) (car-clear car_01)
   + (at-curb car_07) (NOT:at-curb car_00)
(move-car-to-car car_00 car_07 car_02)
   (at-curb car_02) (behind-car car_00 car_07) (car-clear car_00) (car-clear car_02)
   + (at-curb car_07) (NOT:at-curb car_00)
(move-car-to-car car_00 car_07 car_03)
   (at-curb car_03) (behind-car car_00 car_07) (car-clear car_00) (car-clear car_03)
   + (at-curb car_07) (NOT:at-curb car_00)
(move-car-to-car car_00 car_07 car_04)
   (at-curb car_04) (behind-car car_00 car_07) (car-clear car_00) (car-clear car_04)
   + (at-curb car_07) (NOT:at-curb car_00)
(move-car-to-car car_00 car_07 car_05)
   (at-curb car_05) (behind-car car_00 car_07) (car-clear car_00) (car-clear car_05)
   + (at-curb car_07) (NOT:at-curb car_00)
(move-car-to-car car_00 car_07 car_06)
   (at-curb car_06) (behind-car car_00 car_07) (car-clear car_00) (car-clear car_06)
   + (at-curb car_07) (NOT:at-curb car_00)
(move-car-to-car car_00 car_07 car_08)
   (at-curb car_08) (behind-car car_00 car_07) (car-clear car_00) (car-clear car_08)
   + (at-curb car_07) (NOT:at-curb car_00)
(move-car-to-car car_00 car_07 car_09)
   (at-curb car_09) (behind-car car_00 car_07) (car-clear car_00) (car-clear car_09)
   + (at-curb car_07) (NOT:at-curb car_00)
(move-car-to-car car_00 car_07 car_10)
   (at-curb car_10) (behind-car car_00 car_07) (car-clear car_00) (car-clear car_10)
   + (at-curb car_07) (NOT:at-curb car_00)
(move-car-to-car car_00 car_07 car_11)
   (at-curb car_11) (behind-car car_00 car_07) (car-clear car_00) (car-clear car_11)
   + (at-curb car_07) (NOT:at-curb car_00)
(move-car-to-car car_00 car_07 car_12)
   (at-curb car_12) (behind-car car_00 car_07) (car-clear car_00) (car-clear car_12)
   + (at-curb car_07) (NOT:at-curb car_00)
(move-car-to-car car_00 car_07 car_13)
   (at-curb car_13) (behind-car car_00 car_07) (car-clear car_00) (car-clear car_13)
   + (at-curb car_07) (NOT:at-curb car_00)
(move-car-to-car car_00 car_07 car_14)
   (at-curb car_14) (behind-car car_00 car_07) (car-clear car_00) (car-clear car_14)
   + (at-curb car_07) (NOT:at-curb car_00)
(move-car-to-car car_00 car_07 car_15)
   (at-curb car_15) (behind-car car_00 car_07) (car-clear car_00) (car-clear car_15)
   + (at-curb car_07) (NOT:at-curb car_00)
(move-car-to-car car_00 car_07 car_16)
   (at-curb car_16) (behind-car car_00 car_07) (car-clear car_00) (car-clear car_16)
   + (at-curb car_07) (NOT:at-curb car_00)
(move-car-to-car car_00 car_07 car_17)
   (at-curb car_17) (behind-car car_00 car_07) (car-clear car_00) (car-clear car_17)
   + (at-curb car_07) (NOT:at-curb car_00)
(move-car-to-car car_00 car_07 car_18)
   (at-curb car_18) (behind-car car_00 car_07) (car-clear car_00) (car-clear car_18)
   + (at-curb car_07) (NOT:at-curb car_00)
(move-car-to-car car_00 car_07 car_19)
   (at-curb car_19) (behind-car car_00 car_07) (car-clear car_00) (car-clear car_19)
   + (at-curb car_07) (NOT:at-curb car_00)
(move-car-to-car car_00 car_08 car_01)
   (at-curb car_01) (behind-car car_00 car_08) (car-clear car_00) (car-clear car_01)
   + (at-curb car_08) (NOT:at-curb car_00)
(move-car-to-car car_00 car_08 car_02)
   (at-curb car_02) (behind-car car_00 car_08) (car-clear car_00) (car-clear car_02)
   + (at-curb car_08) (NOT:at-curb car_00)
(move-car-to-car car_00 car_08 car_03)
   (at-curb car_03) (behind-car car_00 car_08) (car-clear car_00) (car-clear car_03)
   + (at-curb car_08) (NOT:at-curb car_00)
(move-car-to-car car_00 car_08 car_04)
   (at-curb car_04) (behind-car car_00 car_08) (car-clear car_00) (car-clear car_04)
   + (at-curb car_08) (NOT:at-curb car_00)
(move-car-to-car car_00 car_08 car_05)
   (at-curb car_05) (behind-car car_00 car_08) (car-clear car_00) (car-clear car_05)
   + (at-curb car_08) (NOT:at-curb car_00)
(move-car-to-car car_00 car_08 car_06)
   (at-curb car_06) (behind-car car_00 car_08) (car-clear car_00) (car-clear car_06)
   + (at-curb car_08) (NOT:at-curb car_00)
(move-car-to-car car_00 car_08 car_07)
   (at-curb car_07) (behind-car car_00 car_08) (car-clear car_00) (car-clear car_07)
   + (at-curb car_08) (NOT:at-curb car_00)
(move-car-to-car car_00 car_08 car_09)
   (at-curb car_09) (behind-car car_00 car_08) (car-clear car_00) (car-clear car_09)
   + (at-curb car_08) (NOT:at-curb car_00)
(move-car-to-car car_00 car_08 car_10)
   (at-curb car_10) (behind-car car_00 car_08) (car-clear car_00) (car-clear car_10)
   + (at-curb car_08) (NOT:at-curb car_00)
(move-car-to-car car_00 car_08 car_11)
   (at-curb car_11) (behind-car car_00 car_08) (car-clear car_00) (car-clear car_11)
   + (at-curb car_08) (NOT:at-curb car_00)
(move-car-to-car car_00 car_08 car_12)
   (at-curb car_12) (behind-car car_00 car_08) (car-clear car_00) (car-clear car_12)
   + (at-curb car_08) (NOT:at-curb car_00)
(move-car-to-car car_00 car_08 car_13)
   (at-curb car_13) (behind-car car_00 car_08) (car-clear car_00) (car-clear car_13)
   + (at-curb car_08) (NOT:at-curb car_00)
(move-car-to-car car_00 car_08 car_14)
   (at-curb car_14) (behind-car car_00 car_08) (car-clear car_00) (car-clear car_14)
   + (at-curb car_08) (NOT:at-curb car_00)
(move-car-to-car car_00 car_08 car_15)
   (at-curb car_15) (behind-car car_00 car_08) (car-clear car_00) (car-clear car_15)
   + (at-curb car_08) (NOT:at-curb car_00)
(move-car-to-car car_00 car_08 car_16)
   (at-curb car_16) (behind-car car_00 car_08) (car-clear car_00) (car-clear car_16)
   + (at-curb car_08) (NOT:at-curb car_00)
(move-car-to-car car_00 car_08 car_17)
   (at-curb car_17) (behind-car car_00 car_08) (car-clear car_00) (car-clear car_17)
   + (at-curb car_08) (NOT:at-curb car_00)
(move-car-to-car car_00 car_08 car_18)
   (at-curb car_18) (behind-car car_00 car_08) (car-clear car_00) (car-clear car_18)
   + (at-curb car_08) (NOT:at-curb car_00)
(move-car-to-car car_00 car_08 car_19)
   (at-curb car_19) (behind-car car_00 car_08) (car-clear car_00) (car-clear car_19)
   + (at-curb car_08) (NOT:at-curb car_00)
(move-car-to-car car_00 car_09 car_01)
   (at-curb car_01) (behind-car car_00 car_09) (car-clear car_00) (car-clear car_01)
   + (at-curb car_09) (NOT:at-curb car_00)
(move-car-to-car car_00 car_09 car_02)
   (at-curb car_02) (behind-car car_00 car_09) (car-clear car_00) (car-clear car_02)
   + (at-curb car_09) (NOT:at-curb car_00)
(move-car-to-car car_00 car_09 car_03)
   (at-curb car_03) (behind-car car_00 car_09) (car-clear car_00) (car-clear car_03)
   + (at-curb car_09) (NOT:at-curb car_00)
(move-car-to-car car_00 car_09 car_04)
   (at-curb car_04) (behind-car car_00 car_09) (car-clear car_00) (car-clear car_04)
   + (at-curb car_09) (NOT:at-curb car_00)
(move-car-to-car car_00 car_09 car_05)
   (at-curb car_05) (behind-car car_00 car_09) (car-clear car_00) (car-clear car_05)
   + (at-curb car_09) (NOT:at-curb car_00)
(move-car-to-car car_00 car_09 car_06)
   (at-curb car_06) (behind-car car_00 car_09) (car-clear car_00) (car-clear car_06)
   + (at-curb car_09) (NOT:at-curb car_00)
(move-car-to-car car_00 car_09 car_07)
   (at-curb car_07) (behind-car car_00 car_09) (car-clear car_00) (car-clear car_07)
   + (at-curb car_09) (NOT:at-curb car_00)
(move-car-to-car car_00 car_09 car_08)
   (at-curb car_08) (behind-car car_00 car_09) (car-clear car_00) (car-clear car_08)
   + (at-curb car_09) (NOT:at-curb car_00)
(move-car-to-car car_00 car_09 car_10)
   (at-curb car_10) (behind-car car_00 car_09) (car-clear car_00) (car-clear car_10)
   + (at-curb car_09) (NOT:at-curb car_00)
(move-car-to-car car_00 car_09 car_11)
   (at-curb car_11) (behind-car car_00 car_09) (car-clear car_00) (car-clear car_11)
   + (at-curb car_09) (NOT:at-curb car_00)
(move-car-to-car car_00 car_09 car_12)
   (at-curb car_12) (behind-car car_00 car_09) (car-clear car_00) (car-clear car_12)
   + (at-curb car_09) (NOT:at-curb car_00)
(move-car-to-car car_00 car_09 car_13)
   (at-curb car_13) (behind-car car_00 car_09) (car-clear car_00) (car-clear car_13)
   + (at-curb car_09) (NOT:at-curb car_00)
(move-car-to-car car_00 car_09 car_14)
   (at-curb car_14) (behind-car car_00 car_09) (car-clear car_00) (car-clear car_14)
   + (at-curb car_09) (NOT:at-curb car_00)
(move-car-to-car car_00 car_09 car_15)
   (at-curb car_15) (behind-car car_00 car_09) (car-clear car_00) (car-clear car_15)
   + (at-curb car_09) (NOT:at-curb car_00)
(move-car-to-car car_00 car_09 car_16)
   (at-curb car_16) (behind-car car_00 car_09) (car-clear car_00) (car-clear car_16)
   + (at-curb car_09) (NOT:at-curb car_00)
(move-car-to-car car_00 car_09 car_17)
   (at-curb car_17) (behind-car car_00 car_09) (car-clear car_00) (car-clear car_17)
   + (at-curb car_09) (NOT:at-curb car_00)
(move-car-to-car car_00 car_09 car_18)
   (at-curb car_18) (behind-car car_00 car_09) (car-clear car_00) (car-clear car_18)
   + (at-curb car_09) (NOT:at-curb car_00)
(move-car-to-car car_00 car_09 car_19)
   (at-curb car_19) (behind-car car_00 car_09) (car-clear car_00) (car-clear car_19)
   + (at-curb car_09) (NOT:at-curb car_00)
(move-car-to-car car_00 car_10 car_01)
   (at-curb car_01) (behind-car car_00 car_10) (car-clear car_00) (car-clear car_01)
   + (at-curb car_10) (NOT:at-curb car_00)
(move-car-to-car car_00 car_10 car_02)
   (at-curb car_02) (behind-car car_00 car_10) (car-clear car_00) (car-clear car_02)
   + (at-curb car_10) (NOT:at-curb car_00)
(move-car-to-car car_00 car_10 car_03)
   (at-curb car_03) (behind-car car_00 car_10) (car-clear car_00) (car-clear car_03)
   + (at-curb car_10) (NOT:at-curb car_00)
(move-car-to-car car_00 car_10 car_04)
   (at-curb car_04) (behind-car car_00 car_10) (car-clear car_00) (car-clear car_04)
   + (at-curb car_10) (NOT:at-curb car_00)
(move-car-to-car car_00 car_10 car_05)
   (at-curb car_05) (behind-car car_00 car_10) (car-clear car_00) (car-clear car_05)
   + (at-curb car_10) (NOT:at-curb car_00)
(move-car-to-car car_00 car_10 car_06)
   (at-curb car_06) (behind-car car_00 car_10) (car-clear car_00) (car-clear car_06)
   + (at-curb car_10) (NOT:at-curb car_00)
(move-car-to-car car_00 car_10 car_07)
   (at-curb car_07) (behind-car car_00 car_10) (car-clear car_00) (car-clear car_07)
   + (at-curb car_10) (NOT:at-curb car_00)
(move-car-to-car car_00 car_10 car_08)
   (at-curb car_08) (behind-car car_00 car_10) (car-clear car_00) (car-clear car_08)
   + (at-curb car_10) (NOT:at-curb car_00)
(move-car-to-car car_00 car_10 car_09)
   (at-curb car_09) (behind-car car_00 car_10) (car-clear car_00) (car-clear car_09)
   + (at-curb car_10) (NOT:at-curb car_00)
(move-car-to-car car_00 car_10 car_11)
   (at-curb car_11) (behind-car car_00 car_10) (car-clear car_00) (car-clear car_11)
   + (at-curb car_10) (NOT:at-curb car_00)
(move-car-to-car car_00 car_10 car_12)
   (at-curb car_12) (behind-car car_00 car_10) (car-clear car_00) (car-clear car_12)
   + (at-curb car_10) (NOT:at-curb car_00)
(move-car-to-car car_00 car_10 car_13)
   (at-curb car_13) (behind-car car_00 car_10) (car-clear car_00) (car-clear car_13)
   + (at-curb car_10) (NOT:at-curb car_00)
(move-car-to-car car_00 car_10 car_14)
   (at-curb car_14) (behind-car car_00 car_10) (car-clear car_00) (car-clear car_14)
   + (at-curb car_10) (NOT:at-curb car_00)
(move-car-to-car car_00 car_10 car_15)
   (at-curb car_15) (behind-car car_00 car_10) (car-clear car_00) (car-clear car_15)
   + (at-curb car_10) (NOT:at-curb car_00)
(move-car-to-car car_00 car_10 car_16)
   (at-curb car_16) (behind-car car_00 car_10) (car-clear car_00) (car-clear car_16)
   + (at-curb car_10) (NOT:at-curb car_00)
(move-car-to-car car_00 car_10 car_17)
   (at-curb car_17) (behind-car car_00 car_10) (car-clear car_00) (car-clear car_17)
   + (at-curb car_10) (NOT:at-curb car_00)
(move-car-to-car car_00 car_10 car_18)
   (at-curb car_18) (behind-car car_00 car_10) (car-clear car_00) (car-clear car_18)
   + (at-curb car_10) (NOT:at-curb car_00)
(move-car-to-car car_00 car_10 car_19)
   (at-curb car_19) (behind-car car_00 car_10) (car-clear car_00) (car-clear car_19)
   + (at-curb car_10) (NOT:at-curb car_00)
(move-car-to-car car_00 car_11 car_01)
   (at-curb car_01) (behind-car car_00 car_11) (car-clear car_00) (car-clear car_01)
   + (at-curb car_11) (NOT:at-curb car_00)
(move-car-to-car car_00 car_11 car_02)
   (at-curb car_02) (behind-car car_00 car_11) (car-clear car_00) (car-clear car_02)
   + (at-curb car_11) (NOT:at-curb car_00)
(move-car-to-car car_00 car_11 car_03)
   (at-curb car_03) (behind-car car_00 car_11) (car-clear car_00) (car-clear car_03)
   + (at-curb car_11) (NOT:at-curb car_00)
(move-car-to-car car_00 car_11 car_04)
   (at-curb car_04) (behind-car car_00 car_11) (car-clear car_00) (car-clear car_04)
   + (at-curb car_11) (NOT:at-curb car_00)
(move-car-to-car car_00 car_11 car_05)
   (at-curb car_05) (behind-car car_00 car_11) (car-clear car_00) (car-clear car_05)
   + (at-curb car_11) (NOT:at-curb car_00)
(move-car-to-car car_00 car_11 car_06)
   (at-curb car_06) (behind-car car_00 car_11) (car-clear car_00) (car-clear car_06)
   + (at-curb car_11) (NOT:at-curb car_00)
(move-car-to-car car_00 car_11 car_07)
   (at-curb car_07) (behind-car car_00 car_11) (car-clear car_00) (car-clear car_07)
   + (at-curb car_11) (NOT:at-curb car_00)
(move-car-to-car car_00 car_11 car_08)
   (at-curb car_08) (behind-car car_00 car_11) (car-clear car_00) (car-clear car_08)
   + (at-curb car_11) (NOT:at-curb car_00)
(move-car-to-car car_00 car_11 car_09)
   (at-curb car_09) (behind-car car_00 car_11) (car-clear car_00) (car-clear car_09)
   + (at-curb car_11) (NOT:at-curb car_00)
(move-car-to-car car_00 car_11 car_10)
   (at-curb car_10) (behind-car car_00 car_11) (car-clear car_00) (car-clear car_10)
   + (at-curb car_11) (NOT:at-curb car_00)
(move-car-to-car car_00 car_11 car_12)
   (at-curb car_12) (behind-car car_00 car_11) (car-clear car_00) (car-clear car_12)
   + (at-curb car_11) (NOT:at-curb car_00)
(move-car-to-car car_00 car_11 car_13)
   (at-curb car_13) (behind-car car_00 car_11) (car-clear car_00) (car-clear car_13)
   + (at-curb car_11) (NOT:at-curb car_00)
(move-car-to-car car_00 car_11 car_14)
   (at-curb car_14) (behind-car car_00 car_11) (car-clear car_00) (car-clear car_14)
   + (at-curb car_11) (NOT:at-curb car_00)
(move-car-to-car car_00 car_11 car_15)
   (at-curb car_15) (behind-car car_00 car_11) (car-clear car_00) (car-clear car_15)
   + (at-curb car_11) (NOT:at-curb car_00)
(move-car-to-car car_00 car_11 car_16)
   (at-curb car_16) (behind-car car_00 car_11) (car-clear car_00) (car-clear car_16)
   + (at-curb car_11) (NOT:at-curb car_00)
(move-car-to-car car_00 car_11 car_17)
   (at-curb car_17) (behind-car car_00 car_11) (car-clear car_00) (car-clear car_17)
   + (at-curb car_11) (NOT:at-curb car_00)
(move-car-to-car car_00 car_11 car_18)
   (at-curb car_18) (behind-car car_00 car_11) (car-clear car_00) (car-clear car_18)
   + (at-curb car_11) (NOT:at-curb car_00)
(move-car-to-car car_00 car_11 car_19)
   (at-curb car_19) (behind-car car_00 car_11) (car-clear car_00) (car-clear car_19)
   + (at-curb car_11) (NOT:at-curb car_00)
(move-car-to-car car_00 car_12 car_01)
   (at-curb car_01) (behind-car car_00 car_12) (car-clear car_00) (car-clear car_01)
   + (at-curb car_12) (NOT:at-curb car_00)
(move-car-to-car car_00 car_12 car_02)
   (at-curb car_02) (behind-car car_00 car_12) (car-clear car_00) (car-clear car_02)
   + (at-curb car_12) (NOT:at-curb car_00)
(move-car-to-car car_00 car_12 car_03)
   (at-curb car_03) (behind-car car_00 car_12) (car-clear car_00) (car-clear car_03)
   + (at-curb car_12) (NOT:at-curb car_00)
(move-car-to-car car_00 car_12 car_04)
   (at-curb car_04) (behind-car car_00 car_12) (car-clear car_00) (car-clear car_04)
   + (at-curb car_12) (NOT:at-curb car_00)
(move-car-to-car car_00 car_12 car_05)
   (at-curb car_05) (behind-car car_00 car_12) (car-clear car_00) (car-clear car_05)
   + (at-curb car_12) (NOT:at-curb car_00)
(move-car-to-car car_00 car_12 car_06)
   (at-curb car_06) (behind-car car_00 car_12) (car-clear car_00) (car-clear car_06)
   + (at-curb car_12) (NOT:at-curb car_00)
(move-car-to-car car_00 car_12 car_07)
   (at-curb car_07) (behind-car car_00 car_12) (car-clear car_00) (car-clear car_07)
   + (at-curb car_12) (NOT:at-curb car_00)
(move-car-to-car car_00 car_12 car_08)
   (at-curb car_08) (behind-car car_00 car_12) (car-clear car_00) (car-clear car_08)
   + (at-curb car_12) (NOT:at-curb car_00)
(move-car-to-car car_00 car_12 car_09)
   (at-curb car_09) (behind-car car_00 car_12) (car-clear car_00) (car-clear car_09)
   + (at-curb car_12) (NOT:at-curb car_00)
(move-car-to-car car_00 car_12 car_10)
   (at-curb car_10) (behind-car car_00 car_12) (car-clear car_00) (car-clear car_10)
   + (at-curb car_12) (NOT:at-curb car_00)
(move-car-to-car car_00 car_12 car_11)
   (at-curb car_11) (behind-car car_00 car_12) (car-clear car_00) (car-clear car_11)
   + (at-curb car_12) (NOT:at-curb car_00)
(move-car-to-car car_00 car_12 car_13)
   (at-curb car_13) (behind-car car_00 car_12) (car-clear car_00) (car-clear car_13)
   + (at-curb car_12) (NOT:at-curb car_00)
(move-car-to-car car_00 car_12 car_14)
   (at-curb car_14) (behind-car car_00 car_12) (car-clear car_00) (car-clear car_14)
   + (at-curb car_12) (NOT:at-curb car_00)
(move-car-to-car car_00 car_12 car_15)
   (at-curb car_15) (behind-car car_00 car_12) (car-clear car_00) (car-clear car_15)
   + (at-curb car_12) (NOT:at-curb car_00)
(move-car-to-car car_00 car_12 car_16)
   (at-curb car_16) (behind-car car_00 car_12) (car-clear car_00) (car-clear car_16)
   + (at-curb car_12) (NOT:at-curb car_00)
(move-car-to-car car_00 car_12 car_17)
   (at-curb car_17) (behind-car car_00 car_12) (car-clear car_00) (car-clear car_17)
   + (at-curb car_12) (NOT:at-curb car_00)
(move-car-to-car car_00 car_12 car_18)
   (at-curb car_18) (behind-car car_00 car_12) (car-clear car_00) (car-clear car_18)
   + (at-curb car_12) (NOT:at-curb car_00)
(move-car-to-car car_00 car_12 car_19)
   (at-curb car_19) (behind-car car_00 car_12) (car-clear car_00) (car-clear car_19)
   + (at-curb car_12) (NOT:at-curb car_00)
(move-car-to-car car_00 car_13 car_01)
   (at-curb car_01) (behind-car car_00 car_13) (car-clear car_00) (car-clear car_01)
   + (at-curb car_13) (NOT:at-curb car_00)
(move-car-to-car car_00 car_13 car_02)
   (at-curb car_02) (behind-car car_00 car_13) (car-clear car_00) (car-clear car_02)
   + (at-curb car_13) (NOT:at-curb car_00)
(move-car-to-car car_00 car_13 car_03)
   (at-curb car_03) (behind-car car_00 car_13) (car-clear car_00) (car-clear car_03)
   + (at-curb car_13) (NOT:at-curb car_00)
(move-car-to-car car_00 car_13 car_04)
   (at-curb car_04) (behind-car car_00 car_13) (car-clear car_00) (car-clear car_04)
   + (at-curb car_13) (NOT:at-curb car_00)
(move-car-to-car car_00 car_13 car_05)
   (at-curb car_05) (behind-car car_00 car_13) (car-clear car_00) (car-clear car_05)
   + (at-curb car_13) (NOT:at-curb car_00)
(move-car-to-car car_00 car_13 car_06)
   (at-curb car_06) (behind-car car_00 car_13) (car-clear car_00) (car-clear car_06)
   + (at-curb car_13) (NOT:at-curb car_00)
(move-car-to-car car_00 car_13 car_07)
   (at-curb car_07) (behind-car car_00 car_13) (car-clear car_00) (car-clear car_07)
   + (at-curb car_13) (NOT:at-curb car_00)
(move-car-to-car car_00 car_13 car_08)
   (at-curb car_08) (behind-car car_00 car_13) (car-clear car_00) (car-clear car_08)
   + (at-curb car_13) (NOT:at-curb car_00)
(move-car-to-car car_00 car_13 car_09)
   (at-curb car_09) (behind-car car_00 car_13) (car-clear car_00) (car-clear car_09)
   + (at-curb car_13) (NOT:at-curb car_00)
(move-car-to-car car_00 car_13 car_10)
   (at-curb car_10) (behind-car car_00 car_13) (car-clear car_00) (car-clear car_10)
   + (at-curb car_13) (NOT:at-curb car_00)
(move-car-to-car car_00 car_13 car_11)
   (at-curb car_11) (behind-car car_00 car_13) (car-clear car_00) (car-clear car_11)
   + (at-curb car_13) (NOT:at-curb car_00)
(move-car-to-car car_00 car_13 car_12)
   (at-curb car_12) (behind-car car_00 car_13) (car-clear car_00) (car-clear car_12)
   + (at-curb car_13) (NOT:at-curb car_00)
(move-car-to-car car_00 car_13 car_14)
   (at-curb car_14) (behind-car car_00 car_13) (car-clear car_00) (car-clear car_14)
   + (at-curb car_13) (NOT:at-curb car_00)
(move-car-to-car car_00 car_13 car_15)
   (at-curb car_15) (behind-car car_00 car_13) (car-clear car_00) (car-clear car_15)
   + (at-curb car_13) (NOT:at-curb car_00)
(move-car-to-car car_00 car_13 car_16)
   (at-curb car_16) (behind-car car_00 car_13) (car-clear car_00) (car-clear car_16)
   + (at-curb car_13) (NOT:at-curb car_00)
(move-car-to-car car_00 car_13 car_17)
   (at-curb car_17) (behind-car car_00 car_13) (car-clear car_00) (car-clear car_17)
   + (at-curb car_13) (NOT:at-curb car_00)
(move-car-to-car car_00 car_13 car_18)
   (at-curb car_18) (behind-car car_00 car_13) (car-clear car_00) (car-clear car_18)
   + (at-curb car_13) (NOT:at-curb car_00)
(move-car-to-car car_00 car_13 car_19)
   (at-curb car_19) (behind-car car_00 car_13) (car-clear car_00) (car-clear car_19)
   + (at-curb car_13) (NOT:at-curb car_00)
(move-car-to-car car_00 car_14 car_01)
   (at-curb car_01) (behind-car car_00 car_14) (car-clear car_00) (car-clear car_01)
   + (at-curb car_14) (NOT:at-curb car_00)
(move-car-to-car car_00 car_14 car_02)
   (at-curb car_02) (behind-car car_00 car_14) (car-clear car_00) (car-clear car_02)
   + (at-curb car_14) (NOT:at-curb car_00)
(move-car-to-car car_00 car_14 car_03)
   (at-curb car_03) (behind-car car_00 car_14) (car-clear car_00) (car-clear car_03)
   + (at-curb car_14) (NOT:at-curb car_00)
(move-car-to-car car_00 car_14 car_04)
   (at-curb car_04) (behind-car car_00 car_14) (car-clear car_00) (car-clear car_04)
   + (at-curb car_14) (NOT:at-curb car_00)
(move-car-to-car car_00 car_14 car_05)
   (at-curb car_05) (behind-car car_00 car_14) (car-clear car_00) (car-clear car_05)
   + (at-curb car_14) (NOT:at-curb car_00)
(move-car-to-car car_00 car_14 car_06)
   (at-curb car_06) (behind-car car_00 car_14) (car-clear car_00) (car-clear car_06)
   + (at-curb car_14) (NOT:at-curb car_00)
(move-car-to-car car_00 car_14 car_07)
   (at-curb car_07) (behind-car car_00 car_14) (car-clear car_00) (car-clear car_07)
   + (at-curb car_14) (NOT:at-curb car_00)
(move-car-to-car car_00 car_14 car_08)
   (at-curb car_08) (behind-car car_00 car_14) (car-clear car_00) (car-clear car_08)
   + (at-curb car_14) (NOT:at-curb car_00)
(move-car-to-car car_00 car_14 car_09)
   (at-curb car_09) (behind-car car_00 car_14) (car-clear car_00) (car-clear car_09)
   + (at-curb car_14) (NOT:at-curb car_00)
(move-car-to-car car_00 car_14 car_10)
   (at-curb car_10) (behind-car car_00 car_14) (car-clear car_00) (car-clear car_10)
   + (at-curb car_14) (NOT:at-curb car_00)
(move-car-to-car car_00 car_14 car_11)
   (at-curb car_11) (behind-car car_00 car_14) (car-clear car_00) (car-clear car_11)
   + (at-curb car_14) (NOT:at-curb car_00)
(move-car-to-car car_00 car_14 car_12)
   (at-curb car_12) (behind-car car_00 car_14) (car-clear car_00) (car-clear car_12)
   + (at-curb car_14) (NOT:at-curb car_00)
(move-car-to-car car_00 car_14 car_13)
   (at-curb car_13) (behind-car car_00 car_14) (car-clear car_00) (car-clear car_13)
   + (at-curb car_14) (NOT:at-curb car_00)
(move-car-to-car car_00 car_14 car_15)
   (at-curb car_15) (behind-car car_00 car_14) (car-clear car_00) (car-clear car_15)
   + (at-curb car_14) (NOT:at-curb car_00)
(move-car-to-car car_00 car_14 car_16)
   (at-curb car_16) (behind-car car_00 car_14) (car-clear car_00) (car-clear car_16)
   + (at-curb car_14) (NOT:at-curb car_00)
(move-car-to-car car_00 car_14 car_17)
   (at-curb car_17) (behind-car car_00 car_14) (car-clear car_00) (car-clear car_17)
   + (at-curb car_14) (NOT:at-curb car_00)
(move-car-to-car car_00 car_14 car_18)
   (at-curb car_18) (behind-car car_00 car_14) (car-clear car_00) (car-clear car_18)
   + (at-curb car_14) (NOT:at-curb car_00)
(move-car-to-car car_00 car_14 car_19)
   (at-curb car_19) (behind-car car_00 car_14) (car-clear car_00) (car-clear car_19)
   + (at-curb car_14) (NOT:at-curb car_00)
(move-car-to-car car_00 car_15 car_01)
   (at-curb car_01) (behind-car car_00 car_15) (car-clear car_00) (car-clear car_01)
   + (at-curb car_15) (NOT:at-curb car_00)
(move-car-to-car car_00 car_15 car_02)
   (at-curb car_02) (behind-car car_00 car_15) (car-clear car_00) (car-clear car_02)
   + (at-curb car_15) (NOT:at-curb car_00)
(move-car-to-car car_00 car_15 car_03)
   (at-curb car_03) (behind-car car_00 car_15) (car-clear car_00) (car-clear car_03)
   + (at-curb car_15) (NOT:at-curb car_00)
(move-car-to-car car_00 car_15 car_04)
   (at-curb car_04) (behind-car car_00 car_15) (car-clear car_00) (car-clear car_04)
   + (at-curb car_15) (NOT:at-curb car_00)
(move-car-to-car car_00 car_15 car_05)
   (at-curb car_05) (behind-car car_00 car_15) (car-clear car_00) (car-clear car_05)
   + (at-curb car_15) (NOT:at-curb car_00)
(move-car-to-car car_00 car_15 car_06)
   (at-curb car_06) (behind-car car_00 car_15) (car-clear car_00) (car-clear car_06)
   + (at-curb car_15) (NOT:at-curb car_00)
(move-car-to-car car_00 car_15 car_07)
   (at-curb car_07) (behind-car car_00 car_15) (car-clear car_00) (car-clear car_07)
   + (at-curb car_15) (NOT:at-curb car_00)
(move-car-to-car car_00 car_15 car_08)
   (at-curb car_08) (behind-car car_00 car_15) (car-clear car_00) (car-clear car_08)
   + (at-curb car_15) (NOT:at-curb car_00)
(move-car-to-car car_00 car_15 car_09)
   (at-curb car_09) (behind-car car_00 car_15) (car-clear car_00) (car-clear car_09)
   + (at-curb car_15) (NOT:at-curb car_00)
(move-car-to-car car_00 car_15 car_10)
   (at-curb car_10) (behind-car car_00 car_15) (car-clear car_00) (car-clear car_10)
   + (at-curb car_15) (NOT:at-curb car_00)
(move-car-to-car car_00 car_15 car_11)
   (at-curb car_11) (behind-car car_00 car_15) (car-clear car_00) (car-clear car_11)
   + (at-curb car_15) (NOT:at-curb car_00)
(move-car-to-car car_00 car_15 car_12)
   (at-curb car_12) (behind-car car_00 car_15) (car-clear car_00) (car-clear car_12)
   + (at-curb car_15) (NOT:at-curb car_00)
(move-car-to-car car_00 car_15 car_13)
   (at-curb car_13) (behind-car car_00 car_15) (car-clear car_00) (car-clear car_13)
   + (at-curb car_15) (NOT:at-curb car_00)
(move-car-to-car car_00 car_15 car_14)
   (at-curb car_14) (behind-car car_00 car_15) (car-clear car_00) (car-clear car_14)
   + (at-curb car_15) (NOT:at-curb car_00)
(move-car-to-car car_00 car_15 car_16)
   (at-curb car_16) (behind-car car_00 car_15) (car-clear car_00) (car-clear car_16)
   + (at-curb car_15) (NOT:at-curb car_00)
(move-car-to-car car_00 car_15 car_17)
   (at-curb car_17) (behind-car car_00 car_15) (car-clear car_00) (car-clear car_17)
   + (at-curb car_15) (NOT:at-curb car_00)
(move-car-to-car car_00 car_15 car_18)
   (at-curb car_18) (behind-car car_00 car_15) (car-clear car_00) (car-clear car_18)
   + (at-curb car_15) (NOT:at-curb car_00)
(move-car-to-car car_00 car_15 car_19)
   (at-curb car_19) (behind-car car_00 car_15) (car-clear car_00) (car-clear car_19)
   + (at-curb car_15) (NOT:at-curb car_00)
(move-car-to-car car_00 car_16 car_01)
   (at-curb car_01) (behind-car car_00 car_16) (car-clear car_00) (car-clear car_01)
   + (at-curb car_16) (NOT:at-curb car_00)
(move-car-to-car car_00 car_16 car_02)
   (at-curb car_02) (behind-car car_00 car_16) (car-clear car_00) (car-clear car_02)
   + (at-curb car_16) (NOT:at-curb car_00)
(move-car-to-car car_00 car_16 car_03)
   (at-curb car_03) (behind-car car_00 car_16) (car-clear car_00) (car-clear car_03)
   + (at-curb car_16) (NOT:at-curb car_00)
(move-car-to-car car_00 car_16 car_04)
   (at-curb car_04) (behind-car car_00 car_16) (car-clear car_00) (car-clear car_04)
   + (at-curb car_16) (NOT:at-curb car_00)
(move-car-to-car car_00 car_16 car_05)
   (at-curb car_05) (behind-car car_00 car_16) (car-clear car_00) (car-clear car_05)
   + (at-curb car_16) (NOT:at-curb car_00)
(move-car-to-car car_00 car_16 car_06)
   (at-curb car_06) (behind-car car_00 car_16) (car-clear car_00) (car-clear car_06)
   + (at-curb car_16) (NOT:at-curb car_00)
(move-car-to-car car_00 car_16 car_07)
   (at-curb car_07) (behind-car car_00 car_16) (car-clear car_00) (car-clear car_07)
   + (at-curb car_16) (NOT:at-curb car_00)
(move-car-to-car car_00 car_16 car_08)
   (at-curb car_08) (behind-car car_00 car_16) (car-clear car_00) (car-clear car_08)
   + (at-curb car_16) (NOT:at-curb car_00)
(move-car-to-car car_00 car_16 car_09)
   (at-curb car_09) (behind-car car_00 car_16) (car-clear car_00) (car-clear car_09)
   + (at-curb car_16) (NOT:at-curb car_00)
(move-car-to-car car_00 car_16 car_10)
   (at-curb car_10) (behind-car car_00 car_16) (car-clear car_00) (car-clear car_10)
   + (at-curb car_16) (NOT:at-curb car_00)
(move-car-to-car car_00 car_16 car_11)
   (at-curb car_11) (behind-car car_00 car_16) (car-clear car_00) (car-clear car_11)
   + (at-curb car_16) (NOT:at-curb car_00)
(move-car-to-car car_00 car_16 car_12)
   (at-curb car_12) (behind-car car_00 car_16) (car-clear car_00) (car-clear car_12)
   + (at-curb car_16) (NOT:at-curb car_00)
(move-car-to-car car_00 car_16 car_13)
   (at-curb car_13) (behind-car car_00 car_16) (car-clear car_00) (car-clear car_13)
   + (at-curb car_16) (NOT:at-curb car_00)
(move-car-to-car car_00 car_16 car_14)
   (at-curb car_14) (behind-car car_00 car_16) (car-clear car_00) (car-clear car_14)
   + (at-curb car_16) (NOT:at-curb car_00)
(move-car-to-car car_00 car_16 car_15)
   (at-curb car_15) (behind-car car_00 car_16) (car-clear car_00) (car-clear car_15)
   + (at-curb car_16) (NOT:at-curb car_00)
(move-car-to-car car_00 car_16 car_17)
   (at-curb car_17) (behind-car car_00 car_16) (car-clear car_00) (car-clear car_17)
   + (at-curb car_16) (NOT:at-curb car_00)
(move-car-to-car car_00 car_16 car_18)
   (at-curb car_18) (behind-car car_00 car_16) (car-clear car_00) (car-clear car_18)
   + (at-curb car_16) (NOT:at-curb car_00)
(move-car-to-car car_00 car_16 car_19)
   (at-curb car_19) (behind-car car_00 car_16) (car-clear car_00) (car-clear car_19)
   + (at-curb car_16) (NOT:at-curb car_00)
(move-car-to-car car_00 car_17 car_01)
   (at-curb car_01) (behind-car car_00 car_17) (car-clear car_00) (car-clear car_01)
   + (at-curb car_17) (NOT:at-curb car_00)
(move-car-to-car car_00 car_17 car_02)
   (at-curb car_02) (behind-car car_00 car_17) (car-clear car_00) (car-clear car_02)
   + (at-curb car_17) (NOT:at-curb car_00)
(move-car-to-car car_00 car_17 car_03)
   (at-curb car_03) (behind-car car_00 car_17) (car-clear car_00) (car-clear car_03)
   + (at-curb car_17) (NOT:at-curb car_00)
(move-car-to-car car_00 car_17 car_04)
   (at-curb car_04) (behind-car car_00 car_17) (car-clear car_00) (car-clear car_04)
   + (at-curb car_17) (NOT:at-curb car_00)
(move-car-to-car car_00 car_17 car_05)
   (at-curb car_05) (behind-car car_00 car_17) (car-clear car_00) (car-clear car_05)
   + (at-curb car_17) (NOT:at-curb car_00)
(move-car-to-car car_00 car_17 car_06)
   (at-curb car_06) (behind-car car_00 car_17) (car-clear car_00) (car-clear car_06)
   + (at-curb car_17) (NOT:at-curb car_00)
(move-car-to-car car_00 car_17 car_07)
   (at-curb car_07) (behind-car car_00 car_17) (car-clear car_00) (car-clear car_07)
   + (at-curb car_17) (NOT:at-curb car_00)
(move-car-to-car car_00 car_17 car_08)
   (at-curb car_08) (behind-car car_00 car_17) (car-clear car_00) (car-clear car_08)
   + (at-curb car_17) (NOT:at-curb car_00)
(move-car-to-car car_00 car_17 car_09)
   (at-curb car_09) (behind-car car_00 car_17) (car-clear car_00) (car-clear car_09)
   + (at-curb car_17) (NOT:at-curb car_00)
(move-car-to-car car_00 car_17 car_10)
   (at-curb car_10) (behind-car car_00 car_17) (car-clear car_00) (car-clear car_10)
   + (at-curb car_17) (NOT:at-curb car_00)
(move-car-to-car car_00 car_17 car_11)
   (at-curb car_11) (behind-car car_00 car_17) (car-clear car_00) (car-clear car_11)
   + (at-curb car_17) (NOT:at-curb car_00)
(move-car-to-car car_00 car_17 car_12)
   (at-curb car_12) (behind-car car_00 car_17) (car-clear car_00) (car-clear car_12)
   + (at-curb car_17) (NOT:at-curb car_00)
(move-car-to-car car_00 car_17 car_13)
   (at-curb car_13) (behind-car car_00 car_17) (car-clear car_00) (car-clear car_13)
   + (at-curb car_17) (NOT:at-curb car_00)
(move-car-to-car car_00 car_17 car_14)
   (at-curb car_14) (behind-car car_00 car_17) (car-clear car_00) (car-clear car_14)
   + (at-curb car_17) (NOT:at-curb car_00)
(move-car-to-car car_00 car_17 car_15)
   (at-curb car_15) (behind-car car_00 car_17) (car-clear car_00) (car-clear car_15)
   + (at-curb car_17) (NOT:at-curb car_00)
(move-car-to-car car_00 car_17 car_16)
   (at-curb car_16) (behind-car car_00 car_17) (car-clear car_00) (car-clear car_16)
   + (at-curb car_17) (NOT:at-curb car_00)
(move-car-to-car car_00 car_17 car_18)
   (at-curb car_18) (behind-car car_00 car_17) (car-clear car_00) (car-clear car_18)
   + (at-curb car_17) (NOT:at-curb car_00)
(move-car-to-car car_00 car_17 car_19)
   (at-curb car_19) (behind-car car_00 car_17) (car-clear car_00) (car-clear car_19)
   + (at-curb car_17) (NOT:at-curb car_00)
(move-car-to-car car_00 car_18 car_01)
   (at-curb car_01) (behind-car car_00 car_18) (car-clear car_00) (car-clear car_01)
   + (at-curb car_18) (NOT:at-curb car_00)
(move-car-to-car car_00 car_18 car_02)
   (at-curb car_02) (behind-car car_00 car_18) (car-clear car_00) (car-clear car_02)
   + (at-curb car_18) (NOT:at-curb car_00)
(move-car-to-car car_00 car_18 car_03)
   (at-curb car_03) (behind-car car_00 car_18) (car-clear car_00) (car-clear car_03)
   + (at-curb car_18) (NOT:at-curb car_00)
(move-car-to-car car_00 car_18 car_04)
   (at-curb car_04) (behind-car car_00 car_18) (car-clear car_00) (car-clear car_04)
   + (at-curb car_18) (NOT:at-curb car_00)
(move-car-to-car car_00 car_18 car_05)
   (at-curb car_05) (behind-car car_00 car_18) (car-clear car_00) (car-clear car_05)
   + (at-curb car_18) (NOT:at-curb car_00)
(move-car-to-car car_00 car_18 car_06)
   (at-curb car_06) (behind-car car_00 car_18) (car-clear car_00) (car-clear car_06)
   + (at-curb car_18) (NOT:at-curb car_00)
(move-car-to-car car_00 car_18 car_07)
   (at-curb car_07) (behind-car car_00 car_18) (car-clear car_00) (car-clear car_07)
   + (at-curb car_18) (NOT:at-curb car_00)
(move-car-to-car car_00 car_18 car_08)
   (at-curb car_08) (behind-car car_00 car_18) (car-clear car_00) (car-clear car_08)
   + (at-curb car_18) (NOT:at-curb car_00)
(move-car-to-car car_00 car_18 car_09)
   (at-curb car_09) (behind-car car_00 car_18) (car-clear car_00) (car-clear car_09)
   + (at-curb car_18) (NOT:at-curb car_00)
(move-car-to-car car_00 car_18 car_10)
   (at-curb car_10) (behind-car car_00 car_18) (car-clear car_00) (car-clear car_10)
   + (at-curb car_18) (NOT:at-curb car_00)
(move-car-to-car car_00 car_18 car_11)
   (at-curb car_11) (behind-car car_00 car_18) (car-clear car_00) (car-clear car_11)
   + (at-curb car_18) (NOT:at-curb car_00)
(move-car-to-car car_00 car_18 car_12)
   (at-curb car_12) (behind-car car_00 car_18) (car-clear car_00) (car-clear car_12)
   + (at-curb car_18) (NOT:at-curb car_00)
(move-car-to-car car_00 car_18 car_13)
   (at-curb car_13) (behind-car car_00 car_18) (car-clear car_00) (car-clear car_13)
   + (at-curb car_18) (NOT:at-curb car_00)
(move-car-to-car car_00 car_18 car_14)
   (at-curb car_14) (behind-car car_00 car_18) (car-clear car_00) (car-clear car_14)
   + (at-curb car_18) (NOT:at-curb car_00)
(move-car-to-car car_00 car_18 car_15)
   (at-curb car_15) (behind-car car_00 car_18) (car-clear car_00) (car-clear car_15)
   + (at-curb car_18) (NOT:at-curb car_00)
(move-car-to-car car_00 car_18 car_16)
   (at-curb car_16) (behind-car car_00 car_18) (car-clear car_00) (car-clear car_16)
   + (at-curb car_18) (NOT:at-curb car_00)
(move-car-to-car car_00 car_18 car_17)
   (at-curb car_17) (behind-car car_00 car_18) (car-clear car_00) (car-clear car_17)
   + (at-curb car_18) (NOT:at-curb car_00)
(move-car-to-car car_00 car_18 car_19)
   (at-curb car_19) (behind-car car_00 car_18) (car-clear car_00) (car-clear car_19)
   + (at-curb car_18) (NOT:at-curb car_00)
(move-car-to-car car_00 car_19 car_01)
   (at-curb car_01) (behind-car car_00 car_19) (car-clear car_00) (car-clear car_01)
   + (at-curb car_19) (NOT:at-curb car_00)
(move-car-to-car car_00 car_19 car_02)
   (at-curb car_02) (behind-car car_00 car_19) (car-clear car_00) (car-clear car_02)
   + (at-curb car_19) (NOT:at-curb car_00)
(move-car-to-car car_00 car_19 car_03)
   (at-curb car_03) (behind-car car_00 car_19) (car-clear car_00) (car-clear car_03)
   + (at-curb car_19) (NOT:at-curb car_00)
(move-car-to-car car_00 car_19 car_04)
   (at-curb car_04) (behind-car car_00 car_19) (car-clear car_00) (car-clear car_04)
   + (at-curb car_19) (NOT:at-curb car_00)
(move-car-to-car car_00 car_19 car_05)
   (at-curb car_05) (behind-car car_00 car_19) (car-clear car_00) (car-clear car_05)
   + (at-curb car_19) (NOT:at-curb car_00)
(move-car-to-car car_00 car_19 car_06)
   (at-curb car_06) (behind-car car_00 car_19) (car-clear car_00) (car-clear car_06)
   + (at-curb car_19) (NOT:at-curb car_00)
(move-car-to-car car_00 car_19 car_07)
   (at-curb car_07) (behind-car car_00 car_19) (car-clear car_00) (car-clear car_07)
   + (at-curb car_19) (NOT:at-curb car_00)
(move-car-to-car car_00 car_19 car_08)
   (at-curb car_08) (behind-car car_00 car_19) (car-clear car_00) (car-clear car_08)
   + (at-curb car_19) (NOT:at-curb car_00)
(move-car-to-car car_00 car_19 car_09)
   (at-curb car_09) (behind-car car_00 car_19) (car-clear car_00) (car-clear car_09)
   + (at-curb car_19) (NOT:at-curb car_00)
(move-car-to-car car_00 car_19 car_10)
   (at-curb car_10) (behind-car car_00 car_19) (car-clear car_00) (car-clear car_10)
   + (at-curb car_19) (NOT:at-curb car_00)
(move-car-to-car car_00 car_19 car_11)
   (at-curb car_11) (behind-car car_00 car_19) (car-clear car_00) (car-clear car_11)
   + (at-curb car_19) (NOT:at-curb car_00)
(move-car-to-car car_00 car_19 car_12)
   (at-curb car_12) (behind-car car_00 car_19) (car-clear car_00) (car-clear car_12)
   + (at-curb car_19) (NOT:at-curb car_00)
(move-car-to-car car_00 car_19 car_13)
   (at-curb car_13) (behind-car car_00 car_19) (car-clear car_00) (car-clear car_13)
   + (at-curb car_19) (NOT:at-curb car_00)
(move-car-to-car car_00 car_19 car_14)
   (at-curb car_14) (behind-car car_00 car_19) (car-clear car_00) (car-clear car_14)
   + (at-curb car_19) (NOT:at-curb car_00)
(move-car-to-car car_00 car_19 car_15)
   (at-curb car_15) (behind-car car_00 car_19) (car-clear car_00) (car-clear car_15)
   + (at-curb car_19) (NOT:at-curb car_00)
(move-car-to-car car_00 car_19 car_16)
   (at-curb car_16) (behind-car car_00 car_19) (car-clear car_00) (car-clear car_16)
   + (at-curb car_19) (NOT:at-curb car_00)
(move-car-to-car car_00 car_19 car_17)
   (at-curb car_17) (behind-car car_00 car_19) (car-clear car_00) (car-clear car_17)
   + (at-curb car_19) (NOT:at-curb car_00)
(move-car-to-car car_00 car_19 car_18)
   (at-curb car_18) (behind-car car_00 car_19) (car-clear car_00) (car-clear car_18)
   + (at-curb car_19) (NOT:at-curb car_00)
(move-car-to-car car_01 car_00 car_02)
   (at-curb car_02) (behind-car car_01 car_00) (car-clear car_01) (car-clear car_02)
   + (at-curb car_00) (NOT:at-curb car_01)
(move-car-to-car car_01 car_00 car_03)
   (at-curb car_03) (behind-car car_01 car_00) (car-clear car_01) (car-clear car_03)
   + (at-curb car_00) (NOT:at-curb car_01)
(move-car-to-car car_01 car_00 car_04)
   (at-curb car_04) (behind-car car_01 car_00) (car-clear car_01) (car-clear car_04)
   + (at-curb car_00) (NOT:at-curb car_01)
(move-car-to-car car_01 car_00 car_05)
   (at-curb car_05) (behind-car car_01 car_00) (car-clear car_01) (car-clear car_05)
   + (at-curb car_00) (NOT:at-curb car_01)
(move-car-to-car car_01 car_00 car_06)
   (at-curb car_06) (behind-car car_01 car_00) (car-clear car_01) (car-clear car_06)
   + (at-curb car_00) (NOT:at-curb car_01)
(move-car-to-car car_01 car_00 car_07)
   (at-curb car_07) (behind-car car_01 car_00) (car-clear car_01) (car-clear car_07)
   + (at-curb car_00) (NOT:at-curb car_01)
(move-car-to-car car_01 car_00 car_08)
   (at-curb car_08) (behind-car car_01 car_00) (car-clear car_01) (car-clear car_08)
   + (at-curb car_00) (NOT:at-curb car_01)
(move-car-to-car car_01 car_00 car_09)
   (at-curb car_09) (behind-car car_01 car_00) (car-clear car_01) (car-clear car_09)
   + (at-curb car_00) (NOT:at-curb car_01)
(move-car-to-car car_01 car_00 car_10)
   (at-curb car_10) (behind-car car_01 car_00) (car-clear car_01) (car-clear car_10)
   + (at-curb car_00) (NOT:at-curb car_01)
(move-car-to-car car_01 car_00 car_11)
   (at-curb car_11) (behind-car car_01 car_00) (car-clear car_01) (car-clear car_11)
   + (at-curb car_00) (NOT:at-curb car_01)
(move-car-to-car car_01 car_00 car_12)
   (at-curb car_12) (behind-car car_01 car_00) (car-clear car_01) (car-clear car_12)
   + (at-curb car_00) (NOT:at-curb car_01)
(move-car-to-car car_01 car_00 car_13)
   (at-curb car_13) (behind-car car_01 car_00) (car-clear car_01) (car-clear car_13)
   + (at-curb car_00) (NOT:at-curb car_01)
(move-car-to-car car_01 car_00 car_14)
   (at-curb car_14) (behind-car car_01 car_00) (car-clear car_01) (car-clear car_14)
   + (at-curb car_00) (NOT:at-curb car_01)
(move-car-to-car car_01 car_00 car_15)
   (at-curb car_15) (behind-car car_01 car_00) (car-clear car_01) (car-clear car_15)
   + (at-curb car_00) (NOT:at-curb car_01)
(move-car-to-car car_01 car_00 car_16)
   (at-curb car_16) (behind-car car_01 car_00) (car-clear car_01) (car-clear car_16)
   + (at-curb car_00) (NOT:at-curb car_01)
(move-car-to-car car_01 car_00 car_17)
   (at-curb car_17) (behind-car car_01 car_00) (car-clear car_01) (car-clear car_17)
   + (at-curb car_00) (NOT:at-curb car_01)
(move-car-to-car car_01 car_00 car_18)
   (at-curb car_18) (behind-car car_01 car_00) (car-clear car_01) (car-clear car_18)
   + (at-curb car_00) (NOT:at-curb car_01)
(move-car-to-car car_01 car_00 car_19)
   (at-curb car_19) (behind-car car_01 car_00) (car-clear car_01) (car-clear car_19)
   + (at-curb car_00) (NOT:at-curb car_01)
(move-car-to-car car_01 car_02 car_00)
   (at-curb car_00) (behind-car car_01 car_02) (car-clear car_00) (car-clear car_01)
   + (at-curb car_02) (NOT:at-curb car_01)
(move-car-to-car car_01 car_02 car_03)
   (at-curb car_03) (behind-car car_01 car_02) (car-clear car_01) (car-clear car_03)
   + (at-curb car_02) (NOT:at-curb car_01)
(move-car-to-car car_01 car_02 car_04)
   (at-curb car_04) (behind-car car_01 car_02) (car-clear car_01) (car-clear car_04)
   + (at-curb car_02) (NOT:at-curb car_01)
(move-car-to-car car_01 car_02 car_05)
   (at-curb car_05) (behind-car car_01 car_02) (car-clear car_01) (car-clear car_05)
   + (at-curb car_02) (NOT:at-curb car_01)
(move-car-to-car car_01 car_02 car_06)
   (at-curb car_06) (behind-car car_01 car_02) (car-clear car_01) (car-clear car_06)
   + (at-curb car_02) (NOT:at-curb car_01)
(move-car-to-car car_01 car_02 car_07)
   (at-curb car_07) (behind-car car_01 car_02) (car-clear car_01) (car-clear car_07)
   + (at-curb car_02) (NOT:at-curb car_01)
(move-car-to-car car_01 car_02 car_08)
   (at-curb car_08) (behind-car car_01 car_02) (car-clear car_01) (car-clear car_08)
   + (at-curb car_02) (NOT:at-curb car_01)
(move-car-to-car car_01 car_02 car_09)
   (at-curb car_09) (behind-car car_01 car_02) (car-clear car_01) (car-clear car_09)
   + (at-curb car_02) (NOT:at-curb car_01)
(move-car-to-car car_01 car_02 car_10)
   (at-curb car_10) (behind-car car_01 car_02) (car-clear car_01) (car-clear car_10)
   + (at-curb car_02) (NOT:at-curb car_01)
(move-car-to-car car_01 car_02 car_11)
   (at-curb car_11) (behind-car car_01 car_02) (car-clear car_01) (car-clear car_11)
   + (at-curb car_02) (NOT:at-curb car_01)
(move-car-to-car car_01 car_02 car_12)
   (at-curb car_12) (behind-car car_01 car_02) (car-clear car_01) (car-clear car_12)
   + (at-curb car_02) (NOT:at-curb car_01)
(move-car-to-car car_01 car_02 car_13)
   (at-curb car_13) (behind-car car_01 car_02) (car-clear car_01) (car-clear car_13)
   + (at-curb car_02) (NOT:at-curb car_01)
(move-car-to-car car_01 car_02 car_14)
   (at-curb car_14) (behind-car car_01 car_02) (car-clear car_01) (car-clear car_14)
   + (at-curb car_02) (NOT:at-curb car_01)
(move-car-to-car car_01 car_02 car_15)
   (at-curb car_15) (behind-car car_01 car_02) (car-clear car_01) (car-clear car_15)
   + (at-curb car_02) (NOT:at-curb car_01)
(move-car-to-car car_01 car_02 car_16)
   (at-curb car_16) (behind-car car_01 car_02) (car-clear car_01) (car-clear car_16)
   + (at-curb car_02) (NOT:at-curb car_01)
(move-car-to-car car_01 car_02 car_17)
   (at-curb car_17) (behind-car car_01 car_02) (car-clear car_01) (car-clear car_17)
   + (at-curb car_02) (NOT:at-curb car_01)
(move-car-to-car car_01 car_02 car_18)
   (at-curb car_18) (behind-car car_01 car_02) (car-clear car_01) (car-clear car_18)
   + (at-curb car_02) (NOT:at-curb car_01)
(move-car-to-car car_01 car_02 car_19)
   (at-curb car_19) (behind-car car_01 car_02) (car-clear car_01) (car-clear car_19)
   + (at-curb car_02) (NOT:at-curb car_01)
(move-car-to-car car_01 car_03 car_00)
   (at-curb car_00) (behind-car car_01 car_03) (car-clear car_00) (car-clear car_01)
   + (at-curb car_03) (NOT:at-curb car_01)
(move-car-to-car car_01 car_03 car_02)
   (at-curb car_02) (behind-car car_01 car_03) (car-clear car_01) (car-clear car_02)
   + (at-curb car_03) (NOT:at-curb car_01)
(move-car-to-car car_01 car_03 car_04)
   (at-curb car_04) (behind-car car_01 car_03) (car-clear car_01) (car-clear car_04)
   + (at-curb car_03) (NOT:at-curb car_01)
(move-car-to-car car_01 car_03 car_05)
   (at-curb car_05) (behind-car car_01 car_03) (car-clear car_01) (car-clear car_05)
   + (at-curb car_03) (NOT:at-curb car_01)
(move-car-to-car car_01 car_03 car_06)
   (at-curb car_06) (behind-car car_01 car_03) (car-clear car_01) (car-clear car_06)
   + (at-curb car_03) (NOT:at-curb car_01)
(move-car-to-car car_01 car_03 car_07)
   (at-curb car_07) (behind-car car_01 car_03) (car-clear car_01) (car-clear car_07)
   + (at-curb car_03) (NOT:at-curb car_01)
(move-car-to-car car_01 car_03 car_08)
   (at-curb car_08) (behind-car car_01 car_03) (car-clear car_01) (car-clear car_08)
   + (at-curb car_03) (NOT:at-curb car_01)
(move-car-to-car car_01 car_03 car_09)
   (at-curb car_09) (behind-car car_01 car_03) (car-clear car_01) (car-clear car_09)
   + (at-curb car_03) (NOT:at-curb car_01)
(move-car-to-car car_01 car_03 car_10)
   (at-curb car_10) (behind-car car_01 car_03) (car-clear car_01) (car-clear car_10)
   + (at-curb car_03) (NOT:at-curb car_01)
(move-car-to-car car_01 car_03 car_11)
   (at-curb car_11) (behind-car car_01 car_03) (car-clear car_01) (car-clear car_11)
   + (at-curb car_03) (NOT:at-curb car_01)
(move-car-to-car car_01 car_03 car_12)
   (at-curb car_12) (behind-car car_01 car_03) (car-clear car_01) (car-clear car_12)
   + (at-curb car_03) (NOT:at-curb car_01)
(move-car-to-car car_01 car_03 car_13)
   (at-curb car_13) (behind-car car_01 car_03) (car-clear car_01) (car-clear car_13)
   + (at-curb car_03) (NOT:at-curb car_01)
(move-car-to-car car_01 car_03 car_14)
   (at-curb car_14) (behind-car car_01 car_03) (car-clear car_01) (car-clear car_14)
   + (at-curb car_03) (NOT:at-curb car_01)
(move-car-to-car car_01 car_03 car_15)
   (at-curb car_15) (behind-car car_01 car_03) (car-clear car_01) (car-clear car_15)
   + (at-curb car_03) (NOT:at-curb car_01)
(move-car-to-car car_01 car_03 car_16)
   (at-curb car_16) (behind-car car_01 car_03) (car-clear car_01) (car-clear car_16)
   + (at-curb car_03) (NOT:at-curb car_01)
(move-car-to-car car_01 car_03 car_17)
   (at-curb car_17) (behind-car car_01 car_03) (car-clear car_01) (car-clear car_17)
   + (at-curb car_03) (NOT:at-curb car_01)
(move-car-to-car car_01 car_03 car_18)
   (at-curb car_18) (behind-car car_01 car_03) (car-clear car_01) (car-clear car_18)
   + (at-curb car_03) (NOT:at-curb car_01)
(move-car-to-car car_01 car_03 car_19)
   (at-curb car_19) (behind-car car_01 car_03) (car-clear car_01) (car-clear car_19)
   + (at-curb car_03) (NOT:at-curb car_01)
(move-car-to-car car_01 car_04 car_00)
   (at-curb car_00) (behind-car car_01 car_04) (car-clear car_00) (car-clear car_01)
   + (at-curb car_04) (NOT:at-curb car_01)
(move-car-to-car car_01 car_04 car_02)
   (at-curb car_02) (behind-car car_01 car_04) (car-clear car_01) (car-clear car_02)
   + (at-curb car_04) (NOT:at-curb car_01)
(move-car-to-car car_01 car_04 car_03)
   (at-curb car_03) (behind-car car_01 car_04) (car-clear car_01) (car-clear car_03)
   + (at-curb car_04) (NOT:at-curb car_01)
(move-car-to-car car_01 car_04 car_05)
   (at-curb car_05) (behind-car car_01 car_04) (car-clear car_01) (car-clear car_05)
   + (at-curb car_04) (NOT:at-curb car_01)
(move-car-to-car car_01 car_04 car_06)
   (at-curb car_06) (behind-car car_01 car_04) (car-clear car_01) (car-clear car_06)
   + (at-curb car_04) (NOT:at-curb car_01)
(move-car-to-car car_01 car_04 car_07)
   (at-curb car_07) (behind-car car_01 car_04) (car-clear car_01) (car-clear car_07)
   + (at-curb car_04) (NOT:at-curb car_01)
(move-car-to-car car_01 car_04 car_08)
   (at-curb car_08) (behind-car car_01 car_04) (car-clear car_01) (car-clear car_08)
   + (at-curb car_04) (NOT:at-curb car_01)
(move-car-to-car car_01 car_04 car_09)
   (at-curb car_09) (behind-car car_01 car_04) (car-clear car_01) (car-clear car_09)
   + (at-curb car_04) (NOT:at-curb car_01)
(move-car-to-car car_01 car_04 car_10)
   (at-curb car_10) (behind-car car_01 car_04) (car-clear car_01) (car-clear car_10)
   + (at-curb car_04) (NOT:at-curb car_01)
(move-car-to-car car_01 car_04 car_11)
   (at-curb car_11) (behind-car car_01 car_04) (car-clear car_01) (car-clear car_11)
   + (at-curb car_04) (NOT:at-curb car_01)
(move-car-to-car car_01 car_04 car_12)
   (at-curb car_12) (behind-car car_01 car_04) (car-clear car_01) (car-clear car_12)
   + (at-curb car_04) (NOT:at-curb car_01)
(move-car-to-car car_01 car_04 car_13)
   (at-curb car_13) (behind-car car_01 car_04) (car-clear car_01) (car-clear car_13)
   + (at-curb car_04) (NOT:at-curb car_01)
(move-car-to-car car_01 car_04 car_14)
   (at-curb car_14) (behind-car car_01 car_04) (car-clear car_01) (car-clear car_14)
   + (at-curb car_04) (NOT:at-curb car_01)
(move-car-to-car car_01 car_04 car_15)
   (at-curb car_15) (behind-car car_01 car_04) (car-clear car_01) (car-clear car_15)
   + (at-curb car_04) (NOT:at-curb car_01)
(move-car-to-car car_01 car_04 car_16)
   (at-curb car_16) (behind-car car_01 car_04) (car-clear car_01) (car-clear car_16)
   + (at-curb car_04) (NOT:at-curb car_01)
(move-car-to-car car_01 car_04 car_17)
   (at-curb car_17) (behind-car car_01 car_04) (car-clear car_01) (car-clear car_17)
   + (at-curb car_04) (NOT:at-curb car_01)
(move-car-to-car car_01 car_04 car_18)
   (at-curb car_18) (behind-car car_01 car_04) (car-clear car_01) (car-clear car_18)
   + (at-curb car_04) (NOT:at-curb car_01)
(move-car-to-car car_01 car_04 car_19)
   (at-curb car_19) (behind-car car_01 car_04) (car-clear car_01) (car-clear car_19)
   + (at-curb car_04) (NOT:at-curb car_01)
(move-car-to-car car_01 car_05 car_00)
   (at-curb car_00) (behind-car car_01 car_05) (car-clear car_00) (car-clear car_01)
   + (at-curb car_05) (NOT:at-curb car_01)
(move-car-to-car car_01 car_05 car_02)
   (at-curb car_02) (behind-car car_01 car_05) (car-clear car_01) (car-clear car_02)
   + (at-curb car_05) (NOT:at-curb car_01)
(move-car-to-car car_01 car_05 car_03)
   (at-curb car_03) (behind-car car_01 car_05) (car-clear car_01) (car-clear car_03)
   + (at-curb car_05) (NOT:at-curb car_01)
(move-car-to-car car_01 car_05 car_04)
   (at-curb car_04) (behind-car car_01 car_05) (car-clear car_01) (car-clear car_04)
   + (at-curb car_05) (NOT:at-curb car_01)
(move-car-to-car car_01 car_05 car_06)
   (at-curb car_06) (behind-car car_01 car_05) (car-clear car_01) (car-clear car_06)
   + (at-curb car_05) (NOT:at-curb car_01)
(move-car-to-car car_01 car_05 car_07)
   (at-curb car_07) (behind-car car_01 car_05) (car-clear car_01) (car-clear car_07)
   + (at-curb car_05) (NOT:at-curb car_01)
(move-car-to-car car_01 car_05 car_08)
   (at-curb car_08) (behind-car car_01 car_05) (car-clear car_01) (car-clear car_08)
   + (at-curb car_05) (NOT:at-curb car_01)
(move-car-to-car car_01 car_05 car_09)
   (at-curb car_09) (behind-car car_01 car_05) (car-clear car_01) (car-clear car_09)
   + (at-curb car_05) (NOT:at-curb car_01)
(move-car-to-car car_01 car_05 car_10)
   (at-curb car_10) (behind-car car_01 car_05) (car-clear car_01) (car-clear car_10)
   + (at-curb car_05) (NOT:at-curb car_01)
(move-car-to-car car_01 car_05 car_11)
   (at-curb car_11) (behind-car car_01 car_05) (car-clear car_01) (car-clear car_11)
   + (at-curb car_05) (NOT:at-curb car_01)
(move-car-to-car car_01 car_05 car_12)
   (at-curb car_12) (behind-car car_01 car_05) (car-clear car_01) (car-clear car_12)
   + (at-curb car_05) (NOT:at-curb car_01)
(move-car-to-car car_01 car_05 car_13)
   (at-curb car_13) (behind-car car_01 car_05) (car-clear car_01) (car-clear car_13)
   + (at-curb car_05) (NOT:at-curb car_01)
(move-car-to-car car_01 car_05 car_14)
   (at-curb car_14) (behind-car car_01 car_05) (car-clear car_01) (car-clear car_14)
   + (at-curb car_05) (NOT:at-curb car_01)
(move-car-to-car car_01 car_05 car_15)
   (at-curb car_15) (behind-car car_01 car_05) (car-clear car_01) (car-clear car_15)
   + (at-curb car_05) (NOT:at-curb car_01)
(move-car-to-car car_01 car_05 car_16)
   (at-curb car_16) (behind-car car_01 car_05) (car-clear car_01) (car-clear car_16)
   + (at-curb car_05) (NOT:at-curb car_01)
(move-car-to-car car_01 car_05 car_17)
   (at-curb car_17) (behind-car car_01 car_05) (car-clear car_01) (car-clear car_17)
   + (at-curb car_05) (NOT:at-curb car_01)
(move-car-to-car car_01 car_05 car_18)
   (at-curb car_18) (behind-car car_01 car_05) (car-clear car_01) (car-clear car_18)
   + (at-curb car_05) (NOT:at-curb car_01)
(move-car-to-car car_01 car_05 car_19)
   (at-curb car_19) (behind-car car_01 car_05) (car-clear car_01) (car-clear car_19)
   + (at-curb car_05) (NOT:at-curb car_01)
(move-car-to-car car_01 car_06 car_00)
   (at-curb car_00) (behind-car car_01 car_06) (car-clear car_00) (car-clear car_01)
   + (at-curb car_06) (NOT:at-curb car_01)
(move-car-to-car car_01 car_06 car_02)
   (at-curb car_02) (behind-car car_01 car_06) (car-clear car_01) (car-clear car_02)
   + (at-curb car_06) (NOT:at-curb car_01)
(move-car-to-car car_01 car_06 car_03)
   (at-curb car_03) (behind-car car_01 car_06) (car-clear car_01) (car-clear car_03)
   + (at-curb car_06) (NOT:at-curb car_01)
(move-car-to-car car_01 car_06 car_04)
   (at-curb car_04) (behind-car car_01 car_06) (car-clear car_01) (car-clear car_04)
   + (at-curb car_06) (NOT:at-curb car_01)
(move-car-to-car car_01 car_06 car_05)
   (at-curb car_05) (behind-car car_01 car_06) (car-clear car_01) (car-clear car_05)
   + (at-curb car_06) (NOT:at-curb car_01)
(move-car-to-car car_01 car_06 car_07)
   (at-curb car_07) (behind-car car_01 car_06) (car-clear car_01) (car-clear car_07)
   + (at-curb car_06) (NOT:at-curb car_01)
(move-car-to-car car_01 car_06 car_08)
   (at-curb car_08) (behind-car car_01 car_06) (car-clear car_01) (car-clear car_08)
   + (at-curb car_06) (NOT:at-curb car_01)
(move-car-to-car car_01 car_06 car_09)
   (at-curb car_09) (behind-car car_01 car_06) (car-clear car_01) (car-clear car_09)
   + (at-curb car_06) (NOT:at-curb car_01)
(move-car-to-car car_01 car_06 car_10)
   (at-curb car_10) (behind-car car_01 car_06) (car-clear car_01) (car-clear car_10)
   + (at-curb car_06) (NOT:at-curb car_01)
(move-car-to-car car_01 car_06 car_11)
   (at-curb car_11) (behind-car car_01 car_06) (car-clear car_01) (car-clear car_11)
   + (at-curb car_06) (NOT:at-curb car_01)
(move-car-to-car car_01 car_06 car_12)
   (at-curb car_12) (behind-car car_01 car_06) (car-clear car_01) (car-clear car_12)
   + (at-curb car_06) (NOT:at-curb car_01)
(move-car-to-car car_01 car_06 car_13)
   (at-curb car_13) (behind-car car_01 car_06) (car-clear car_01) (car-clear car_13)
   + (at-curb car_06) (NOT:at-curb car_01)
(move-car-to-car car_01 car_06 car_14)
   (at-curb car_14) (behind-car car_01 car_06) (car-clear car_01) (car-clear car_14)
   + (at-curb car_06) (NOT:at-curb car_01)
(move-car-to-car car_01 car_06 car_15)
   (at-curb car_15) (behind-car car_01 car_06) (car-clear car_01) (car-clear car_15)
   + (at-curb car_06) (NOT:at-curb car_01)
(move-car-to-car car_01 car_06 car_16)
   (at-curb car_16) (behind-car car_01 car_06) (car-clear car_01) (car-clear car_16)
   + (at-curb car_06) (NOT:at-curb car_01)
(move-car-to-car car_01 car_06 car_17)
   (at-curb car_17) (behind-car car_01 car_06) (car-clear car_01) (car-clear car_17)
   + (at-curb car_06) (NOT:at-curb car_01)
(move-car-to-car car_01 car_06 car_18)
   (at-curb car_18) (behind-car car_01 car_06) (car-clear car_01) (car-clear car_18)
   + (at-curb car_06) (NOT:at-curb car_01)
(move-car-to-car car_01 car_06 car_19)
   (at-curb car_19) (behind-car car_01 car_06) (car-clear car_01) (car-clear car_19)
   + (at-curb car_06) (NOT:at-curb car_01)
(move-car-to-car car_01 car_07 car_00)
   (at-curb car_00) (behind-car car_01 car_07) (car-clear car_00) (car-clear car_01)
   + (at-curb car_07) (NOT:at-curb car_01)
(move-car-to-car car_01 car_07 car_02)
   (at-curb car_02) (behind-car car_01 car_07) (car-clear car_01) (car-clear car_02)
   + (at-curb car_07) (NOT:at-curb car_01)
(move-car-to-car car_01 car_07 car_03)
   (at-curb car_03) (behind-car car_01 car_07) (car-clear car_01) (car-clear car_03)
   + (at-curb car_07) (NOT:at-curb car_01)
(move-car-to-car car_01 car_07 car_04)
   (at-curb car_04) (behind-car car_01 car_07) (car-clear car_01) (car-clear car_04)
   + (at-curb car_07) (NOT:at-curb car_01)
(move-car-to-car car_01 car_07 car_05)
   (at-curb car_05) (behind-car car_01 car_07) (car-clear car_01) (car-clear car_05)
   + (at-curb car_07) (NOT:at-curb car_01)
(move-car-to-car car_01 car_07 car_06)
   (at-curb car_06) (behind-car car_01 car_07) (car-clear car_01) (car-clear car_06)
   + (at-curb car_07) (NOT:at-curb car_01)
(move-car-to-car car_01 car_07 car_08)
   (at-curb car_08) (behind-car car_01 car_07) (car-clear car_01) (car-clear car_08)
   + (at-curb car_07) (NOT:at-curb car_01)
(move-car-to-car car_01 car_07 car_09)
   (at-curb car_09) (behind-car car_01 car_07) (car-clear car_01) (car-clear car_09)
   + (at-curb car_07) (NOT:at-curb car_01)
(move-car-to-car car_01 car_07 car_10)
   (at-curb car_10) (behind-car car_01 car_07) (car-clear car_01) (car-clear car_10)
   + (at-curb car_07) (NOT:at-curb car_01)
(move-car-to-car car_01 car_07 car_11)
   (at-curb car_11) (behind-car car_01 car_07) (car-clear car_01) (car-clear car_11)
   + (at-curb car_07) (NOT:at-curb car_01)
(move-car-to-car car_01 car_07 car_12)
   (at-curb car_12) (behind-car car_01 car_07) (car-clear car_01) (car-clear car_12)
   + (at-curb car_07) (NOT:at-curb car_01)
(move-car-to-car car_01 car_07 car_13)
   (at-curb car_13) (behind-car car_01 car_07) (car-clear car_01) (car-clear car_13)
   + (at-curb car_07) (NOT:at-curb car_01)
(move-car-to-car car_01 car_07 car_14)
   (at-curb car_14) (behind-car car_01 car_07) (car-clear car_01) (car-clear car_14)
   + (at-curb car_07) (NOT:at-curb car_01)
(move-car-to-car car_01 car_07 car_15)
   (at-curb car_15) (behind-car car_01 car_07) (car-clear car_01) (car-clear car_15)
   + (at-curb car_07) (NOT:at-curb car_01)
(move-car-to-car car_01 car_07 car_16)
   (at-curb car_16) (behind-car car_01 car_07) (car-clear car_01) (car-clear car_16)
   + (at-curb car_07) (NOT:at-curb car_01)
(move-car-to-car car_01 car_07 car_17)
   (at-curb car_17) (behind-car car_01 car_07) (car-clear car_01) (car-clear car_17)
   + (at-curb car_07) (NOT:at-curb car_01)
(move-car-to-car car_01 car_07 car_18)
   (at-curb car_18) (behind-car car_01 car_07) (car-clear car_01) (car-clear car_18)
   + (at-curb car_07) (NOT:at-curb car_01)
(move-car-to-car car_01 car_07 car_19)
   (at-curb car_19) (behind-car car_01 car_07) (car-clear car_01) (car-clear car_19)
   + (at-curb car_07) (NOT:at-curb car_01)
(move-car-to-car car_01 car_08 car_00)
   (at-curb car_00) (behind-car car_01 car_08) (car-clear car_00) (car-clear car_01)
   + (at-curb car_08) (NOT:at-curb car_01)
(move-car-to-car car_01 car_08 car_02)
   (at-curb car_02) (behind-car car_01 car_08) (car-clear car_01) (car-clear car_02)
   + (at-curb car_08) (NOT:at-curb car_01)
(move-car-to-car car_01 car_08 car_03)
   (at-curb car_03) (behind-car car_01 car_08) (car-clear car_01) (car-clear car_03)
   + (at-curb car_08) (NOT:at-curb car_01)
(move-car-to-car car_01 car_08 car_04)
   (at-curb car_04) (behind-car car_01 car_08) (car-clear car_01) (car-clear car_04)
   + (at-curb car_08) (NOT:at-curb car_01)
(move-car-to-car car_01 car_08 car_05)
   (at-curb car_05) (behind-car car_01 car_08) (car-clear car_01) (car-clear car_05)
   + (at-curb car_08) (NOT:at-curb car_01)
(move-car-to-car car_01 car_08 car_06)
   (at-curb car_06) (behind-car car_01 car_08) (car-clear car_01) (car-clear car_06)
   + (at-curb car_08) (NOT:at-curb car_01)
(move-car-to-car car_01 car_08 car_07)
   (at-curb car_07) (behind-car car_01 car_08) (car-clear car_01) (car-clear car_07)
   + (at-curb car_08) (NOT:at-curb car_01)
(move-car-to-car car_01 car_08 car_09)
   (at-curb car_09) (behind-car car_01 car_08) (car-clear car_01) (car-clear car_09)
   + (at-curb car_08) (NOT:at-curb car_01)
(move-car-to-car car_01 car_08 car_10)
   (at-curb car_10) (behind-car car_01 car_08) (car-clear car_01) (car-clear car_10)
   + (at-curb car_08) (NOT:at-curb car_01)
(move-car-to-car car_01 car_08 car_11)
   (at-curb car_11) (behind-car car_01 car_08) (car-clear car_01) (car-clear car_11)
   + (at-curb car_08) (NOT:at-curb car_01)
(move-car-to-car car_01 car_08 car_12)
   (at-curb car_12) (behind-car car_01 car_08) (car-clear car_01) (car-clear car_12)
   + (at-curb car_08) (NOT:at-curb car_01)
(move-car-to-car car_01 car_08 car_13)
   (at-curb car_13) (behind-car car_01 car_08) (car-clear car_01) (car-clear car_13)
   + (at-curb car_08) (NOT:at-curb car_01)
(move-car-to-car car_01 car_08 car_14)
   (at-curb car_14) (behind-car car_01 car_08) (car-clear car_01) (car-clear car_14)
   + (at-curb car_08) (NOT:at-curb car_01)
(move-car-to-car car_01 car_08 car_15)
   (at-curb car_15) (behind-car car_01 car_08) (car-clear car_01) (car-clear car_15)
   + (at-curb car_08) (NOT:at-curb car_01)
(move-car-to-car car_01 car_08 car_16)
   (at-curb car_16) (behind-car car_01 car_08) (car-clear car_01) (car-clear car_16)
   + (at-curb car_08) (NOT:at-curb car_01)
(move-car-to-car car_01 car_08 car_17)
   (at-curb car_17) (behind-car car_01 car_08) (car-clear car_01) (car-clear car_17)
   + (at-curb car_08) (NOT:at-curb car_01)
(move-car-to-car car_01 car_08 car_18)
   (at-curb car_18) (behind-car car_01 car_08) (car-clear car_01) (car-clear car_18)
   + (at-curb car_08) (NOT:at-curb car_01)
(move-car-to-car car_01 car_08 car_19)
   (at-curb car_19) (behind-car car_01 car_08) (car-clear car_01) (car-clear car_19)
   + (at-curb car_08) (NOT:at-curb car_01)
(move-car-to-car car_01 car_09 car_00)
   (at-curb car_00) (behind-car car_01 car_09) (car-clear car_00) (car-clear car_01)
   + (at-curb car_09) (NOT:at-curb car_01)
(move-car-to-car car_01 car_09 car_02)
   (at-curb car_02) (behind-car car_01 car_09) (car-clear car_01) (car-clear car_02)
   + (at-curb car_09) (NOT:at-curb car_01)
(move-car-to-car car_01 car_09 car_03)
   (at-curb car_03) (behind-car car_01 car_09) (car-clear car_01) (car-clear car_03)
   + (at-curb car_09) (NOT:at-curb car_01)
(move-car-to-car car_01 car_09 car_04)
   (at-curb car_04) (behind-car car_01 car_09) (car-clear car_01) (car-clear car_04)
   + (at-curb car_09) (NOT:at-curb car_01)
(move-car-to-car car_01 car_09 car_05)
   (at-curb car_05) (behind-car car_01 car_09) (car-clear car_01) (car-clear car_05)
   + (at-curb car_09) (NOT:at-curb car_01)
(move-car-to-car car_01 car_09 car_06)
   (at-curb car_06) (behind-car car_01 car_09) (car-clear car_01) (car-clear car_06)
   + (at-curb car_09) (NOT:at-curb car_01)
(move-car-to-car car_01 car_09 car_07)
   (at-curb car_07) (behind-car car_01 car_09) (car-clear car_01) (car-clear car_07)
   + (at-curb car_09) (NOT:at-curb car_01)
(move-car-to-car car_01 car_09 car_08)
   (at-curb car_08) (behind-car car_01 car_09) (car-clear car_01) (car-clear car_08)
   + (at-curb car_09) (NOT:at-curb car_01)
(move-car-to-car car_01 car_09 car_10)
   (at-curb car_10) (behind-car car_01 car_09) (car-clear car_01) (car-clear car_10)
   + (at-curb car_09) (NOT:at-curb car_01)
(move-car-to-car car_01 car_09 car_11)
   (at-curb car_11) (behind-car car_01 car_09) (car-clear car_01) (car-clear car_11)
   + (at-curb car_09) (NOT:at-curb car_01)
(move-car-to-car car_01 car_09 car_12)
   (at-curb car_12) (behind-car car_01 car_09) (car-clear car_01) (car-clear car_12)
   + (at-curb car_09) (NOT:at-curb car_01)
(move-car-to-car car_01 car_09 car_13)
   (at-curb car_13) (behind-car car_01 car_09) (car-clear car_01) (car-clear car_13)
   + (at-curb car_09) (NOT:at-curb car_01)
(move-car-to-car car_01 car_09 car_14)
   (at-curb car_14) (behind-car car_01 car_09) (car-clear car_01) (car-clear car_14)
   + (at-curb car_09) (NOT:at-curb car_01)
(move-car-to-car car_01 car_09 car_15)
   (at-curb car_15) (behind-car car_01 car_09) (car-clear car_01) (car-clear car_15)
   + (at-curb car_09) (NOT:at-curb car_01)
