Require:
  - :equality
Predicate:
  + (equal object object)
Action:
  - process: ?in1 - data ?in2 - data ?out - data ?sc - script ?s - server ?size - numbers ?limit - numbers ?before - numbers ?after - numbers
      pre: (and (NOT-cached ?out ?s) (cached ?in1 ?s) (cached ?in2 ?s) (capacity ?s ?limit) (data-size ?out ?size) (less-equal ?after ?limit) (not (= ?in1 ?out)) (not (= ?in2 ?out)) (script-io ?sc ?in1 ?in2 ?out) (sum ?before ?size ?after) (usage ?s ?before))
      eff: (and (cached ?out ?s) (increase (total-cost) (process-cost ?sc ?s)) (not (NOT-cached ?out ?s)) (not (usage ?s ?before)) (usage ?s ?after))
  + process: ?in1 - data ?in2 - data ?out - data ?sc - script ?s - server ?size - numbers ?limit - numbers ?before - numbers ?after - numbers
      pre: (and (NOT-cached ?out ?s) (cached ?in1 ?s) (cached ?in2 ?s) (capacity ?s ?limit) (data-size ?out ?size) (less-equal ?after ?limit) (not (equal ?in1 ?out)) (not (equal ?in2 ?out)) (script-io ?sc ?in1 ?in2 ?out) (sum ?before ?size ?after) (usage ?s ?before))
      eff: (and (cached ?out ?s) (increase (total-cost) (process-cost ?sc ?s)) (not (NOT-cached ?out ?s)) (not (usage ?s ?before)) (usage ?s ?after))
  - send: ?d - data ?from - server ?to - server ?size - numbers ?limit - numbers ?before - numbers ?after - numbers
      pre: (and (NOT-cached ?d ?to) (cached ?d ?from) (capacity ?to ?limit) (connected ?from ?to) (data-size ?d ?size) (less-equal ?after ?limit) (not (= ?from ?to)) (sum ?before ?size ?after) (usage ?to ?before))
      eff: (and (cached ?d ?to) (increase (total-cost) (send-cost ?from ?to ?size)) (not (NOT-cached ?d ?to)) (not (usage ?to ?before)) (usage ?to ?after))
  + send: ?d - data ?from - server ?to - server ?size - numbers ?limit - numbers ?before - numbers ?after - numbers
      pre: (and (NOT-cached ?d ?to) (cached ?d ?from) (capacity ?to ?limit) (connected ?from ?to) (data-size ?d ?size) (less-equal ?after ?limit) (not (equal ?from ?to)) (sum ?before ?size ?after) (usage ?to ?before))
      eff: (and (cached ?d ?to) (increase (total-cost) (send-cost ?from ?to ?size)) (not (NOT-cached ?d ?to)) (not (usage ?to ?before)) (usage ?to ?after))
Init:
  + (equal data-0-1 data-0-1)
  + (equal data-0-10 data-0-10)
  + (equal data-0-4 data-0-4)
  + (equal data-0-9 data-0-9)
  + (equal data-1-2 data-1-2)
  + (equal data-1-3 data-1-3)
  + (equal data-1-8 data-1-8)
  + (equal data-2-5 data-2-5)
  + (equal data-2-6 data-2-6)
  + (equal data-2-7 data-2-7)
  + (equal server1 server1)
  + (equal server2 server2)
  + (equal server3 server3)
  + (equal server4 server4)
  + (equal server5 server5)
  + (equal server6 server6)
  + (equal server7 server7)
Pred prop:
  - (= object object): in_pre
  + (equal object object): in_init in_pre
