(=)
  in-init: 0
  in-pre: 0
  in-goal: 0
  in-eff: 0
(script-io)
  in-init: 1
  in-pre: 1
  in-goal: 0
  in-eff: 0
(connected)
  in-init: 1
  in-pre: 1
  in-goal: 0
  in-eff: 0
(data-size)
  in-init: 1
  in-pre: 1
  in-goal: 0
  in-eff: 0
(capacity)
  in-init: 1
  in-pre: 1
  in-goal: 0
  in-eff: 0
(sum)
  in-init: 1
  in-pre: 1
  in-goal: 0
  in-eff: 0
(less-equal)
  in-init: 1
  in-pre: 1
  in-goal: 0
  in-eff: 0
(saved)
  in-init: 1
  in-pre: 1
  in-goal: 1
  in-eff: 1
(cached)
  in-init: 0
  in-pre: 1
  in-goal: 0
  in-eff: 1
(usage)
  in-init: 1
  in-pre: 1
  in-goal: 0
  in-eff: 1
(NOT-cached)
  in-init: 1
  in-pre: 1
  in-goal: 0
  in-eff: 1
(total-cost)
  in-init: 1
  init-all-nonneg: 1
  init-all-nonpos: 1
  init-all-int: 1
  in-pre: 0
  in-goal: 0
  in-metric: 1
  is-metric-alone: 1
  on-num-op-rhs: 0
  in-eff: 1
  in-eff-by-assign-or-scale: 0
  in-eff-in-cond-eff: 0
  write-delta-nonneg: 1
  write-delta-nonneg-int: 1
  rhs-funcs: (process-cost) (send-cost) (io-cost)
(process-cost)
  in-init: 1
  init-all-nonneg: 1
  init-all-nonpos: 0
  init-all-int: 1
  in-pre: 0
  in-goal: 0
  in-metric: 0
  is-metric-alone: 0
  on-num-op-rhs: 1
  in-eff: 0
  in-eff-by-assign-or-scale: 0
  in-eff-in-cond-eff: 0
  write-delta-nonneg: 1
  write-delta-nonneg-int: 1
  rhs-funcs:
(send-cost)
  in-init: 1
  init-all-nonneg: 1
  init-all-nonpos: 0
  init-all-int: 1
  in-pre: 0
  in-goal: 0
  in-metric: 0
  is-metric-alone: 0
  on-num-op-rhs: 1
  in-eff: 0
  in-eff-by-assign-or-scale: 0
  in-eff-in-cond-eff: 0
  write-delta-nonneg: 1
  write-delta-nonneg-int: 1
  rhs-funcs:
(io-cost)
  in-init: 1
  init-all-nonneg: 1
  init-all-nonpos: 0
  init-all-int: 1
  in-pre: 0
  in-goal: 0
  in-metric: 0
  is-metric-alone: 0
  on-num-op-rhs: 1
  in-eff: 0
  in-eff-by-assign-or-scale: 0
  in-eff-in-cond-eff: 0
  write-delta-nonneg: 1
  write-delta-nonneg-int: 1
  rhs-funcs:
