Monotonicity invariants:
< {waiting V0:order}
, {waiting C0:order}
, {not-made V0:product}
, {not-made C0:product}
, {stacks-avail C0:count}
, {waiting V0:order, started V0:order}
, {waiting C0:order, started C1:order}
, {waiting C1:order, started V0:order}
, {made V0:product, not-made V0:product}
, {made V0:product, not-made C1:product}
, {made C0:product, not-made C1:product}
, {waiting V0:order, started V0:order, shipped V0:order}
, {waiting C0:order, started C1:order, shipped C2:order}
, {waiting C1:order, started V0:order, shipped V0:order}
, {waiting C1:order, started C2:order, shipped V0:order}
>
FD Mutex Groups:
< {waiting V0:order}
, {not-made V0:product}
, {stacks-avail C0:count}:=1
, {waiting V0:order, started V0:order}
, {made V0:product, not-made V0:product}:=1
, {waiting V0:order, started V0:order, shipped V0:order}:=1
>
FD Goal aware:
< {waiting o1, started o1, shipped o1}:=1
, {waiting o2, started o2, shipped o2}:=1
, {waiting o3, started o3, shipped o3}:=1
, {waiting o4, started o4, shipped o4}:=1
, {waiting o5, started o5, shipped o5}:=1
, {waiting o6, started o6, shipped o6}:=1
, {waiting o7, started o7, shipped o7}:=1
, {waiting o8, started o8, shipped o8}:=1
, {waiting o9, started o9, shipped o9}:=1
, {waiting o10, started o10, shipped o10}:=1
>
