Reduced 29 -> 19
Domain: rover
Problem: roverprob8271
Require: ff
Type[1]:
    [0]: object, parent: -1
Obj-by-Type:
    [0]: 0 1 2 3 4 5 6 7 8 9 10 11 12 13 14 15 16 17 18
Obj[19]:
    [0]: general, type: 0, is-constant: 0, is-private: 0, owner: -1, is-agent: 0
    [1]: colour, type: 0, is-constant: 0, is-private: 0, owner: -1, is-agent: 0
    [2]: low_res, type: 0, is-constant: 0, is-private: 0, owner: -1, is-agent: 0
    [3]: rover2, type: 0, is-constant: 0, is-private: 0, owner: -1, is-agent: 0
    [4]: rover3, type: 0, is-constant: 0, is-private: 0, owner: -1, is-agent: 0
    [5]: rover2store, type: 0, is-constant: 0, is-private: 0, owner: -1, is-agent: 0
    [6]: rover3store, type: 0, is-constant: 0, is-private: 0, owner: -1, is-agent: 0
    [7]: waypoint0, type: 0, is-constant: 0, is-private: 0, owner: -1, is-agent: 0
    [8]: waypoint1, type: 0, is-constant: 0, is-private: 0, owner: -1, is-agent: 0
    [9]: waypoint3, type: 0, is-constant: 0, is-private: 0, owner: -1, is-agent: 0
    [10]: waypoint4, type: 0, is-constant: 0, is-private: 0, owner: -1, is-agent: 0
    [11]: waypoint6, type: 0, is-constant: 0, is-private: 0, owner: -1, is-agent: 0
    [12]: camera2, type: 0, is-constant: 0, is-private: 0, owner: -1, is-agent: 0
    [13]: camera3, type: 0, is-constant: 0, is-private: 0, owner: -1, is-agent: 0
    [14]: camera4, type: 0, is-constant: 0, is-private: 0, owner: -1, is-agent: 0
    [15]: camera5, type: 0, is-constant: 0, is-private: 0, owner: -1, is-agent: 0
    [16]: objective1, type: 0, is-constant: 0, is-private: 0, owner: -1, is-agent: 0
    [17]: objective2, type: 0, is-constant: 0, is-private: 0, owner: -1, is-agent: 0
    [18]: objective3, type: 0, is-constant: 0, is-private: 0, owner: -1, is-agent: 0
Predicate[33]:
    =: 0 0 :: is-private: 0, owner-param: -1, read: 0, write: 0
    at: 0 0 :: is-private: 0, owner-param: -1, read: 1, write: 1
    at_lander: 0 0 :: is-private: 0, owner-param: -1, read: 1, write: 0
    can_traverse: 0 0 0 :: is-private: 0, owner-param: -1, read: 1, write: 0
    equipped_for_soil_analysis: 0 :: is-private: 0, owner-param: -1, read: 1, write: 0
    equipped_for_rock_analysis: 0 :: is-private: 0, owner-param: -1, read: 1, write: 0
    equipped_for_imaging: 0 :: is-private: 0, owner-param: -1, read: 1, write: 0
    empty: 0 :: is-private: 0, owner-param: -1, read: 1, write: 1
    have_rock_analysis: 0 0 :: is-private: 0, owner-param: -1, read: 1, write: 1
    have_soil_analysis: 0 0 :: is-private: 0, owner-param: -1, read: 1, write: 1
    full: 0 :: is-private: 0, owner-param: -1, read: 1, write: 1
    calibrated: 0 0 :: is-private: 0, owner-param: -1, read: 1, write: 1
    supports: 0 0 :: is-private: 0, owner-param: -1, read: 1, write: 0
    available: 0 :: is-private: 0, owner-param: -1, read: 1, write: 1
    visible: 0 0 :: is-private: 0, owner-param: -1, read: 1, write: 0
    have_image: 0 0 0 :: is-private: 0, owner-param: -1, read: 1, write: 1
    communicated_soil_data: 0 :: is-private: 0, owner-param: -1, read: 0, write: 1
    communicated_rock_data: 0 :: is-private: 0, owner-param: -1, read: 0, write: 1
    communicated_image_data: 0 0 :: is-private: 0, owner-param: -1, read: 0, write: 1
    at_soil_sample: 0 :: is-private: 0, owner-param: -1, read: 1, write: 1
    at_rock_sample: 0 :: is-private: 0, owner-param: -1, read: 1, write: 1
    visible_from: 0 0 :: is-private: 0, owner-param: -1, read: 1, write: 0
    store_of: 0 0 :: is-private: 0, owner-param: -1, read: 1, write: 0
    calibration_target: 0 0 :: is-private: 0, owner-param: -1, read: 1, write: 0
    on_board: 0 0 :: is-private: 0, owner-param: -1, read: 1, write: 0
    channel_free: 0 :: is-private: 0, owner-param: -1, read: 1, write: 1
    rover: 0 :: is-private: 0, owner-param: -1, read: 1, write: 0
    waypoint: 0 :: is-private: 0, owner-param: -1, read: 1, write: 0
    store: 0 :: is-private: 0, owner-param: -1, read: 1, write: 0
    camera: 0 :: is-private: 0, owner-param: -1, read: 1, write: 0
    mode: 0 :: is-private: 0, owner-param: -1, read: 1, write: 0
    lander: 0 :: is-private: 0, owner-param: -1, read: 1, write: 0
    objective: 0 :: is-private: 0, owner-param: -1, read: 1, write: 0
Function[0]:
Action[9]:
    navigate: ?x:0 ?y:0 ?z:0
        pre: (and (R:rover ?x) (R:waypoint ?y) (R:waypoint ?z) (R:can_traverse ?x ?y ?z) (RW:available ?x) (RW:at ?x ?y) (R:visible ?y ?z))
        eff: (and (RW:at ?x ?z))
    sample_soil: ?x:0 ?s:0 ?p:0
        pre: (and (R:rover ?x) (R:store ?s) (R:waypoint ?p) (RW:at ?x ?p) (RW:at_soil_sample ?p) (R:equipped_for_soil_analysis ?x) (R:store_of ?s ?x) (RW:empty ?s))
        eff: (and (RW:full ?s) (RW:have_soil_analysis ?x ?p))
    sample_rock: ?x:0 ?s:0 ?p:0
        pre: (and (R:rover ?x) (R:store ?s) (R:waypoint ?p) (RW:at ?x ?p) (RW:at_rock_sample ?p) (R:equipped_for_rock_analysis ?x) (R:store_of ?s ?x) (RW:empty ?s))
        eff: (and (RW:full ?s) (RW:have_rock_analysis ?x ?p))
    drop: ?x:0 ?y:0
        pre: (and (R:rover ?x) (R:store ?y) (R:store_of ?y ?x) (RW:full ?y))
        eff: (and (RW:empty ?y))
    calibrate: ?r:0 ?i:0 ?t:0 ?w:0
        pre: (and (R:rover ?r) (R:camera ?i) (R:objective ?t) (R:waypoint ?w) (R:equipped_for_imaging ?r) (R:calibration_target ?i ?t) (RW:at ?r ?w) (R:visible_from ?t ?w) (R:on_board ?i ?r))
        eff: (and (RW:calibrated ?i ?r))
    take_image: ?r:0 ?p:0 ?o:0 ?i:0 ?m:0
        pre: (and (R:rover ?r) (R:waypoint ?p) (R:objective ?o) (R:camera ?i) (R:mode ?m) (RW:calibrated ?i ?r) (R:on_board ?i ?r) (R:equipped_for_imaging ?r) (R:supports ?i ?m) (R:visible_from ?o ?p) (RW:at ?r ?p))
        eff: (and (RW:have_image ?r ?o ?m))
    communicate_soil_data: ?r:0 ?l:0 ?p:0 ?x:0 ?y:0
        pre: (and (R:rover ?r) (R:lander ?l) (R:waypoint ?p) (R:waypoint ?x) (R:waypoint ?y) (RW:at ?r ?x) (R:at_lander ?l ?y) (RW:have_soil_analysis ?r ?p) (R:visible ?x ?y) (RW:available ?r) (RW:channel_free ?l))
        eff: (and (RW:channel_free ?l) (W:communicated_soil_data ?p) (RW:available ?r))
    communicate_rock_data: ?r:0 ?l:0 ?p:0 ?x:0 ?y:0
        pre: (and (R:rover ?r) (R:lander ?l) (R:waypoint ?p) (R:waypoint ?x) (R:waypoint ?y) (RW:at ?r ?x) (R:at_lander ?l ?y) (RW:have_rock_analysis ?r ?p) (R:visible ?x ?y) (RW:available ?r) (RW:channel_free ?l))
        eff: (and (RW:channel_free ?l) (W:communicated_rock_data ?p) (RW:available ?r))
    communicate_image_data: ?r:0 ?l:0 ?o:0 ?m:0 ?x:0 ?y:0
        pre: (and (R:rover ?r) (R:lander ?l) (R:objective ?o) (R:mode ?m) (R:waypoint ?x) (R:waypoint ?y) (RW:at ?r ?x) (R:at_lander ?l ?y) (RW:have_image ?r ?o ?m) (R:visible ?x ?y) (RW:available ?r) (RW:channel_free ?l))
        eff: (and (RW:channel_free ?l) (W:communicated_image_data ?o ?m) (RW:available ?r))
Init[170]:
  S:(visible waypoint0 waypoint6)
  S:(visible waypoint6 waypoint0)
  S:(visible waypoint1 waypoint0)
  S:(visible waypoint0 waypoint1)
  S:(visible waypoint1 general)
  S:(visible general waypoint1)
  S:(visible waypoint1 colour)
  S:(visible colour waypoint1)
  S:(visible general waypoint0)
  S:(visible waypoint0 general)
  S:(visible general waypoint4)
  S:(visible waypoint4 general)
  S:(visible general waypoint6)
  S:(visible waypoint6 general)
  S:(visible waypoint3 colour)
  S:(visible colour waypoint3)
  S:(visible waypoint4 waypoint0)
  S:(visible waypoint0 waypoint4)
  S:(visible waypoint4 waypoint1)
  S:(visible waypoint1 waypoint4)
  S:(visible waypoint4 waypoint3)
  S:(visible waypoint3 waypoint4)
  S:(visible colour waypoint0)
  S:(visible waypoint0 colour)
  S:(visible colour waypoint6)
  S:(visible waypoint6 colour)
  S:(visible waypoint6 waypoint4)
  S:(visible waypoint4 waypoint6)
  S:(lander general)
  S:(mode colour)
  S:(mode general)
  S:(mode low_res)
  S:(waypoint waypoint0)
  (at_soil_sample waypoint0)
  (at_rock_sample waypoint0)
  S:(waypoint waypoint1)
  (at_rock_sample waypoint1)
  S:(waypoint general)
  S:(waypoint waypoint3)
  (at_soil_sample waypoint3)
  (at_rock_sample waypoint3)
  S:(waypoint waypoint4)
  (at_soil_sample waypoint4)
  (at_rock_sample waypoint4)
  S:(waypoint colour)
  S:(waypoint waypoint6)
  (at_soil_sample waypoint6)
  (at_rock_sample waypoint6)
  S:(at_lander general waypoint1)
  (channel_free general)
  S:(rover general)
  S:(store general)
  (at general waypoint4)
  (available general)
  S:(store_of general general)
  (empty general)
  S:(equipped_for_soil_analysis general)
  S:(equipped_for_rock_analysis general)
  S:(can_traverse general waypoint4 waypoint0)
  S:(can_traverse general waypoint0 waypoint4)
  S:(can_traverse general waypoint4 waypoint1)
  S:(can_traverse general waypoint1 waypoint4)
  S:(can_traverse general waypoint4 general)
  S:(can_traverse general general waypoint4)
  S:(can_traverse general waypoint4 waypoint3)
  S:(can_traverse general waypoint3 waypoint4)
  S:(can_traverse general waypoint4 waypoint6)
  S:(can_traverse general waypoint6 waypoint4)
  S:(can_traverse general waypoint1 colour)
  S:(can_traverse general colour waypoint1)
  S:(rover colour)
  S:(store colour)
  (at colour waypoint0)
  (available colour)
  S:(store_of colour colour)
  (empty colour)
  S:(equipped_for_soil_analysis colour)
  S:(equipped_for_imaging colour)
  S:(can_traverse colour waypoint0 waypoint1)
  S:(can_traverse colour waypoint1 waypoint0)
  S:(can_traverse colour waypoint0 general)
  S:(can_traverse colour general waypoint0)
  S:(can_traverse colour waypoint0 waypoint6)
  S:(can_traverse colour waypoint6 waypoint0)
  S:(rover rover2)
  S:(store rover2store)
  (at rover2 waypoint3)
  (available rover2)
  S:(store_of rover2store rover2)
  (empty rover2store)
  S:(equipped_for_rock_analysis rover2)
  S:(equipped_for_imaging rover2)
  S:(can_traverse rover2 waypoint3 waypoint4)
  S:(can_traverse rover2 waypoint4 waypoint3)
  S:(can_traverse rover2 waypoint3 colour)
  S:(can_traverse rover2 colour waypoint3)
  S:(can_traverse rover2 waypoint4 waypoint0)
  S:(can_traverse rover2 waypoint0 waypoint4)
  S:(can_traverse rover2 waypoint4 waypoint1)
  S:(can_traverse rover2 waypoint1 waypoint4)
  S:(can_traverse rover2 waypoint4 general)
  S:(can_traverse rover2 general waypoint4)
  S:(rover rover3)
  S:(store rover3store)
  (at rover3 waypoint1)
  (available rover3)
  S:(store_of rover3store rover3)
  (empty rover3store)
  S:(equipped_for_soil_analysis rover3)
  S:(equipped_for_rock_analysis rover3)
  S:(equipped_for_imaging rover3)
  S:(can_traverse rover3 waypoint1 waypoint0)
  S:(can_traverse rover3 waypoint0 waypoint1)
  S:(can_traverse rover3 waypoint0 general)
  S:(can_traverse rover3 general waypoint0)
  S:(can_traverse rover3 waypoint0 waypoint4)
  S:(can_traverse rover3 waypoint4 waypoint0)
  S:(can_traverse rover3 waypoint0 waypoint6)
  S:(can_traverse rover3 waypoint6 waypoint0)
  S:(can_traverse rover3 waypoint4 waypoint3)
  S:(can_traverse rover3 waypoint3 waypoint4)
  S:(can_traverse rover3 waypoint6 colour)
  S:(can_traverse rover3 colour waypoint6)
  S:(camera general)
  S:(on_board general colour)
  S:(calibration_target general objective2)
  S:(supports general low_res)
  S:(camera colour)
  S:(on_board colour colour)
  S:(calibration_target colour objective3)
  S:(supports colour colour)
  S:(camera camera2)
  S:(on_board camera2 colour)
  S:(calibration_target camera2 objective1)
  S:(supports camera2 colour)
  S:(supports camera2 low_res)
  S:(camera camera3)
  S:(on_board camera3 colour)
  S:(calibration_target camera3 objective2)
  S:(supports camera3 general)
  S:(supports camera3 low_res)
  S:(camera camera4)
  S:(on_board camera4 rover2)
  S:(calibration_target camera4 general)
  S:(supports camera4 colour)
  S:(camera camera5)
  S:(on_board camera5 rover3)
  S:(calibration_target camera5 general)
  S:(supports camera5 colour)
  S:(supports camera5 general)
  S:(supports camera5 low_res)
  S:(objective general)
  S:(visible_from general waypoint0)
  S:(objective objective1)
  S:(visible_from objective1 waypoint0)
  S:(visible_from objective1 waypoint1)
  S:(visible_from objective1 general)
  S:(visible_from objective1 waypoint3)
  S:(objective objective2)
  S:(visible_from objective2 waypoint0)
  S:(visible_from objective2 waypoint1)
  S:(visible_from objective2 general)
  S:(visible_from objective2 waypoint3)
  S:(objective objective3)
  S:(visible_from objective3 waypoint0)
  S:(visible_from objective3 waypoint1)
  S:(visible_from objective3 general)
  S:(visible_from objective3 waypoint3)
  S:(visible_from objective3 waypoint4)
  S:(visible_from objective3 colour)
Init[0]:
Goal: (and (W:communicated_soil_data waypoint6) (W:communicated_soil_data waypoint0) (W:communicated_soil_data waypoint3) (W:communicated_soil_data waypoint4) (W:communicated_rock_data waypoint4) (W:communicated_rock_data waypoint3) (W:communicated_rock_data waypoint0) (W:communicated_rock_data waypoint1) (W:communicated_image_data objective3 colour) (W:communicated_image_data objective2 colour) (W:communicated_image_data objective3 low_res))
Metric: 0
