step 0: state 35 applicable 70
    state: (tree_cell cell10) (tree_cell cell11) (tree_cell cell13) (tree_cell cell14) (tree_cell cell16) (tree_cell cell17) (tree_cell cell18) (tree_cell cell19) (tree_cell cell2) (tree_cell cell21) (tree_cell cell25) (tree_cell cell27) (tree_cell cell28) (tree_cell cell29) (tree_cell cell3) (tree_cell cell30) (tree_cell cell34) (tree_cell cell36) (tree_cell cell37) (tree_cell cell38) (tree_cell cell39) (tree_cell cell40) (tree_cell cell41) (tree_cell cell42) (tree_cell cell43) (tree_cell cell44) (tree_cell cell45) (tree_cell cell46) (tree_cell cell47) (tree_cell cell48) (tree_cell cell5) (tree_cell cell6) (tree_cell cell7) (tree_cell cell8) (tree_cell cell9)
    num: (toxicity) = 0 (count_log_in_inventory) = 0 (count_planks_in_inventory) = 0 (count_stick_in_inventory) = 0 (count_tree_tap_in_inventory) = 0 (count_sack_polyisoprene_pellets_in_inventory) = 0 (count_pogo_stick) = 0
break cell10 :: cost: 1
    add:
    del: (tree_cell cell10)
    num: (count_log_in_inventory) 0 -> 1
break cell11 :: cost: 1
    add:
    del: (tree_cell cell11)
    num: (count_log_in_inventory) 0 -> 1
break cell13 :: cost: 1
    add:
    del: (tree_cell cell13)
    num: (count_log_in_inventory) 0 -> 1
    successor: break cell2
step 1: state 34 applicable 70
    state: (tree_cell cell10) (tree_cell cell11) (tree_cell cell13) (tree_cell cell14) (tree_cell cell16) (tree_cell cell17) (tree_cell cell18) (tree_cell cell19) (tree_cell cell21) (tree_cell cell25) (tree_cell cell27) (tree_cell cell28) (tree_cell cell29) (tree_cell cell3) (tree_cell cell30) (tree_cell cell34) (tree_cell cell36) (tree_cell cell37) (tree_cell cell38) (tree_cell cell39) (tree_cell cell40) (tree_cell cell41) (tree_cell cell42) (tree_cell cell43) (tree_cell cell44) (tree_cell cell45) (tree_cell cell46) (tree_cell cell47) (tree_cell cell48) (tree_cell cell5) (tree_cell cell6) (tree_cell cell7) (tree_cell cell8) (tree_cell cell9)
    num: (toxicity) = 0 (count_log_in_inventory) = 1 (count_planks_in_inventory) = 0 (count_stick_in_inventory) = 0 (count_tree_tap_in_inventory) = 0 (count_sack_polyisoprene_pellets_in_inventory) = 0 (count_pogo_stick) = 0
break cell10 :: cost: 1
    add:
    del: (tree_cell cell10)
    num: (count_log_in_inventory) 1 -> 2
break cell11 :: cost: 1
    add:
    del: (tree_cell cell11)
    num: (count_log_in_inventory) 1 -> 2
break cell13 :: cost: 1
    add:
    del: (tree_cell cell13)
    num: (count_log_in_inventory) 1 -> 2
    successor: break cell5
step 2: state 33 applicable 69
    state: (tree_cell cell10) (tree_cell cell11) (tree_cell cell13) (tree_cell cell14) (tree_cell cell16) (tree_cell cell17) (tree_cell cell18) (tree_cell cell19) (tree_cell cell21) (tree_cell cell25) (tree_cell cell27) (tree_cell cell28) (tree_cell cell29) (tree_cell cell3) (tree_cell cell30) (tree_cell cell34) (tree_cell cell36) (tree_cell cell37) (tree_cell cell38) (tree_cell cell39) (tree_cell cell40) (tree_cell cell41) (tree_cell cell42) (tree_cell cell43) (tree_cell cell44) (tree_cell cell45) (tree_cell cell46) (tree_cell cell47) (tree_cell cell48) (tree_cell cell6) (tree_cell cell7) (tree_cell cell8) (tree_cell cell9)
    num: (toxicity) = 0 (count_log_in_inventory) = 2 (count_planks_in_inventory) = 0 (count_stick_in_inventory) = 0 (count_tree_tap_in_inventory) = 0 (count_sack_polyisoprene_pellets_in_inventory) = 0 (count_pogo_stick) = 0
break cell10 :: cost: 1
    add:
    del: (tree_cell cell10)
    num: (count_log_in_inventory) 2 -> 3
break cell11 :: cost: 1
    add:
    del: (tree_cell cell11)
    num: (count_log_in_inventory) 2 -> 3
break cell13 :: cost: 1
    add:
    del: (tree_cell cell13)
    num: (count_log_in_inventory) 2 -> 3
    successor: break cell7
step 3: state 32 applicable 67
    state: (tree_cell cell10) (tree_cell cell11) (tree_cell cell13) (tree_cell cell14) (tree_cell cell16) (tree_cell cell17) (tree_cell cell18) (tree_cell cell19) (tree_cell cell21) (tree_cell cell25) (tree_cell cell27) (tree_cell cell28) (tree_cell cell29) (tree_cell cell3) (tree_cell cell30) (tree_cell cell34) (tree_cell cell36) (tree_cell cell37) (tree_cell cell38) (tree_cell cell39) (tree_cell cell40) (tree_cell cell41) (tree_cell cell42) (tree_cell cell43) (tree_cell cell44) (tree_cell cell45) (tree_cell cell46) (tree_cell cell47) (tree_cell cell48) (tree_cell cell6) (tree_cell cell8) (tree_cell cell9)
    num: (toxicity) = 0 (count_log_in_inventory) = 3 (count_planks_in_inventory) = 0 (count_stick_in_inventory) = 0 (count_tree_tap_in_inventory) = 0 (count_sack_polyisoprene_pellets_in_inventory) = 0 (count_pogo_stick) = 0
break cell10 :: cost: 1
    add:
    del: (tree_cell cell10)
    num: (count_log_in_inventory) 3 -> 4
break cell11 :: cost: 1
    add:
    del: (tree_cell cell11)
    num: (count_log_in_inventory) 3 -> 4
break cell13 :: cost: 1
    add:
    del: (tree_cell cell13)
    num: (count_log_in_inventory) 3 -> 4
    successor: break cell9
step 4: state 31 applicable 65
    state: (tree_cell cell10) (tree_cell cell11) (tree_cell cell13) (tree_cell cell14) (tree_cell cell16) (tree_cell cell17) (tree_cell cell18) (tree_cell cell19) (tree_cell cell21) (tree_cell cell25) (tree_cell cell27) (tree_cell cell28) (tree_cell cell29) (tree_cell cell3) (tree_cell cell30) (tree_cell cell34) (tree_cell cell36) (tree_cell cell37) (tree_cell cell38) (tree_cell cell39) (tree_cell cell40) (tree_cell cell41) (tree_cell cell42) (tree_cell cell43) (tree_cell cell44) (tree_cell cell45) (tree_cell cell46) (tree_cell cell47) (tree_cell cell48) (tree_cell cell6) (tree_cell cell8)
    num: (toxicity) = 0 (count_log_in_inventory) = 4 (count_planks_in_inventory) = 0 (count_stick_in_inventory) = 0 (count_tree_tap_in_inventory) = 0 (count_sack_polyisoprene_pellets_in_inventory) = 0 (count_pogo_stick) = 0
break cell10 :: cost: 1
    add:
    del: (tree_cell cell10)
    num: (count_log_in_inventory) 4 -> 5
break cell11 :: cost: 1 [successor]
    add:
    del: (tree_cell cell11)
    num: (count_log_in_inventory) 4 -> 5
break cell13 :: cost: 1
    add:
    del: (tree_cell cell13)
    num: (count_log_in_inventory) 4 -> 5
ground atoms: 35 groundings: 73
