Reduced 41 -> 31
Domain: etipp
Problem: printjob
Require: 200ff
Type[8]:
    [0]: object, parent: -1
    [1]: size_t, parent: 0
    [2]: location_t, parent: 0
    [3]: side_t, parent: 0
    [4]: color_t, parent: 0
    [5]: image_t, parent: 0
    [6]: resource_t, parent: 0
    [7]: sheet_t, parent: 0
Obj-by-Type:
    [0]: 0 1 2 3 4 5 6 7 8 9 10 11 12 13 14 15 16 17 18 19 20 21 22 23 24 25 26 27 28 29 30
    [1]: 0
    [2]: 4 5 6 7 8 9 10 11 12 13 14 15 16 17
    [3]: 3
    [4]: 1 2
    [5]: 26 27 28 29 30
    [6]: 18 19 20 21 22 23 24
    [7]: 25
Obj[31]:
    [0]: letter, type: 1, is-constant: 1, is-private: 0, owner: -1, is-agent: 0
    [1]: black, type: 4, is-constant: 1, is-private: 0, owner: -1, is-agent: 0
    [2]: color, type: 4, is-constant: 1, is-private: 0, owner: -1, is-agent: 0
    [3]: front, type: 3, is-constant: 1, is-private: 0, owner: -1, is-agent: 0
    [4]: some_feeder_tray, type: 2, is-constant: 1, is-private: 0, owner: -1, is-agent: 0
    [5]: some_finisher_tray, type: 2, is-constant: 1, is-private: 0, owner: -1, is-agent: 0
    [6]: some_purge_tray, type: 2, is-constant: 1, is-private: 0, owner: -1, is-agent: 0
    [7]: fe1_exit-hw1_leftentry, type: 2, is-constant: 1, is-private: 0, owner: -1, is-agent: 0
    [8]: hw1_rightexit-sys_entry, type: 2, is-constant: 1, is-private: 0, owner: -1, is-agent: 0
    [9]: uc1_entry-hw1_topleftexit, type: 2, is-constant: 1, is-private: 0, owner: -1, is-agent: 0
    [10]: lc1_entry-hw1_bottomleftexit, type: 2, is-constant: 1, is-private: 0, owner: -1, is-agent: 0
    [11]: hw1_toprightentry-uc1_exit, type: 2, is-constant: 1, is-private: 0, owner: -1, is-agent: 0
    [12]: lc1_exit-hw1_bottomrightentry, type: 2, is-constant: 1, is-private: 0, owner: -1, is-agent: 0
    [13]: uc1_exittoime-uime_entry, type: 2, is-constant: 1, is-private: 0, owner: -1, is-agent: 0
    [14]: uime_exit-uc1_entryfromime, type: 2, is-constant: 1, is-private: 0, owner: -1, is-agent: 0
    [15]: lime_entry-lc1_exittoime, type: 2, is-constant: 1, is-private: 0, owner: -1, is-agent: 0
    [16]: lc1_entryfromime-lime_exit, type: 2, is-constant: 1, is-private: 0, owner: -1, is-agent: 0
    [17]: sys_outputtray, type: 2, is-constant: 1, is-private: 0, owner: -1, is-agent: 0
    [18]: fe1-rsrc, type: 6, is-constant: 1, is-private: 0, owner: -1, is-agent: 0
    [19]: hw1-rsrc, type: 6, is-constant: 1, is-private: 0, owner: -1, is-agent: 0
    [20]: uc1-rsrc, type: 6, is-constant: 1, is-private: 0, owner: -1, is-agent: 0
    [21]: uime-rsrc, type: 6, is-constant: 1, is-private: 0, owner: -1, is-agent: 0
    [22]: lc1-rsrc, type: 6, is-constant: 1, is-private: 0, owner: -1, is-agent: 0
    [23]: lime-rsrc, type: 6, is-constant: 1, is-private: 0, owner: -1, is-agent: 0
    [24]: sys-rsrc, type: 6, is-constant: 1, is-private: 0, owner: -1, is-agent: 0
    [25]: dummy-sheet, type: 7, is-constant: 0, is-private: 0, owner: -1, is-agent: 0
    [26]: image-1, type: 5, is-constant: 0, is-private: 0, owner: -1, is-agent: 0
    [27]: image-3, type: 5, is-constant: 0, is-private: 0, owner: -1, is-agent: 0
    [28]: image-4, type: 5, is-constant: 0, is-private: 0, owner: -1, is-agent: 0
    [29]: image-6, type: 5, is-constant: 0, is-private: 0, owner: -1, is-agent: 0
    [30]: image-7, type: 5, is-constant: 0, is-private: 0, owner: -1, is-agent: 0
Predicate[12]:
    =: 0 0 :: is-private: 0, owner-param: -1, read: 0, write: 0
    sheetsize: 7 1 :: is-private: 0, owner-param: -1, read: 1, write: 0
    location: 7 2 :: is-private: 0, owner-param: -1, read: 1, write: 1
    hasimage: 7 3 5 :: is-private: 0, owner-param: -1, read: 0, write: 1
    sideup: 7 3 :: is-private: 0, owner-param: -1, read: 1, write: 1
    stackedin: 7 2 :: is-private: 0, owner-param: -1, read: 0, write: 1
    imagecolor: 5 4 :: is-private: 0, owner-param: -1, read: 1, write: 0
    notprintedwith: 7 3 4 :: is-private: 0, owner-param: -1, read: 1, write: 1
    oppositeside: 3 3 :: is-private: 0, owner-param: -1, read: 1, write: 0
    available: 6 :: is-private: 0, owner-param: -1, read: 1, write: 1
    prevsheet: 7 7 :: is-private: 0, owner-param: -1, read: 1, write: 0
    uninitialized: :: is-private: 0, owner-param: -1, read: 1, write: 1
Function[1]:
    total-cost: :: is-private: 0, owner-param: -1, read: 0, write: 0
Action[23]:
    initialize: 
        pre: (and (RW:uninitialized))
        eff: (and (N:RW:uninitialized) (RW:available fe1-rsrc) (RW:available hw1-rsrc) (RW:available uc1-rsrc) (RW:available uime-rsrc) (RW:available lc1-rsrc) (RW:available lime-rsrc) (RW:available sys-rsrc))
    fe1-feedmsi-letter: ?sheet:7
        pre: (and (RW:available fe1-rsrc) (R:sheetsize ?sheet letter) (RW:location ?sheet some_feeder_tray))
        eff: (and (RW:location ?sheet fe1_exit-hw1_leftentry) (RW:sideup ?sheet front) (RW:available fe1-rsrc) (increase (total-cost) 125))
    fe1-feed-letter: ?sheet:7
        pre: (and (RW:available fe1-rsrc) (R:sheetsize ?sheet letter) (RW:location ?sheet some_feeder_tray))
        eff: (and (RW:location ?sheet fe1_exit-hw1_leftentry) (RW:sideup ?sheet front) (RW:available fe1-rsrc) (increase (total-cost) 224))
    hw1-leftentrytotopleftexit-letter: ?sheet:7
        pre: (and (RW:available hw1-rsrc) (R:sheetsize ?sheet letter) (RW:location ?sheet fe1_exit-hw1_leftentry))
        eff: (and (RW:location ?sheet uc1_entry-hw1_topleftexit) (RW:available hw1-rsrc) (increase (total-cost) 1499))
    hw1-leftentrytobottomleftexit-letter: ?sheet:7
        pre: (and (RW:available hw1-rsrc) (R:sheetsize ?sheet letter) (RW:location ?sheet fe1_exit-hw1_leftentry))
        eff: (and (RW:location ?sheet lc1_entry-hw1_bottomleftexit) (RW:available hw1-rsrc) (increase (total-cost) 1499))
    hw1-toprightentrytotopleftexit-letter: ?sheet:7
        pre: (and (RW:available hw1-rsrc) (R:sheetsize ?sheet letter) (RW:location ?sheet hw1_toprightentry-uc1_exit))
        eff: (and (RW:location ?sheet uc1_entry-hw1_topleftexit) (RW:available hw1-rsrc) (increase (total-cost) 8999))
    hw1-toprightentrytobottomleftexit-letter: ?sheet:7
        pre: (and (RW:available hw1-rsrc) (R:sheetsize ?sheet letter) (RW:location ?sheet hw1_toprightentry-uc1_exit))
        eff: (and (RW:location ?sheet lc1_entry-hw1_bottomleftexit) (RW:available hw1-rsrc) (increase (total-cost) 8999))
    hw1-bottomrightentrytotopleftexit-letter: ?sheet:7
        pre: (and (RW:available hw1-rsrc) (R:sheetsize ?sheet letter) (RW:location ?sheet lc1_exit-hw1_bottomrightentry))
        eff: (and (RW:location ?sheet uc1_entry-hw1_topleftexit) (RW:available hw1-rsrc) (increase (total-cost) 8999))
    hw1-bottomrightentrytobottomleftexit-letter: ?sheet:7
        pre: (and (RW:available hw1-rsrc) (R:sheetsize ?sheet letter) (RW:location ?sheet lc1_exit-hw1_bottomrightentry))
        eff: (and (RW:location ?sheet lc1_entry-hw1_bottomleftexit) (RW:available hw1-rsrc) (increase (total-cost) 8999))
    hw1-toprightentrytorightexit-letter: ?sheet:7
        pre: (and (RW:available hw1-rsrc) (R:sheetsize ?sheet letter) (RW:location ?sheet hw1_toprightentry-uc1_exit))
        eff: (and (RW:location ?sheet hw1_rightexit-sys_entry) (RW:available hw1-rsrc) (increase (total-cost) 1499))
    hw1-bottomrightentrytorightexit-letter: ?sheet:7
        pre: (and (RW:available hw1-rsrc) (R:sheetsize ?sheet letter) (RW:location ?sheet lc1_exit-hw1_bottomrightentry))
        eff: (and (RW:location ?sheet hw1_rightexit-sys_entry) (RW:available hw1-rsrc) (increase (total-cost) 1499))
    uc1-toime-letter: ?sheet:7
        pre: (and (RW:available uc1-rsrc) (R:sheetsize ?sheet letter) (RW:location ?sheet uc1_entry-hw1_topleftexit))
        eff: (and (RW:location ?sheet uc1_exittoime-uime_entry) (RW:available uc1-rsrc) (increase (total-cost) 2999))
    uc1-inverttoime-letter: ?sheet:7 ?face:3 ?otherface:3
        pre: (and (RW:available uc1-rsrc) (R:sheetsize ?sheet letter) (R:oppositeside ?face ?otherface) (RW:location ?sheet uc1_entry-hw1_topleftexit) (RW:sideup ?sheet ?face))
        eff: (and (RW:location ?sheet uc1_exittoime-uime_entry) (RW:sideup ?sheet ?otherface) (RW:available uc1-rsrc) (increase (total-cost) 8000))
    uc1-fromime-letter: ?sheet:7
        pre: (and (RW:available uc1-rsrc) (R:sheetsize ?sheet letter) (RW:location ?sheet uime_exit-uc1_entryfromime))
        eff: (and (RW:location ?sheet hw1_toprightentry-uc1_exit) (RW:available uc1-rsrc) (increase (total-cost) 2999))
    uc1-invertfromime-letter: ?sheet:7 ?face:3 ?otherface:3
        pre: (and (RW:available uc1-rsrc) (R:sheetsize ?sheet letter) (R:oppositeside ?face ?otherface) (RW:location ?sheet uime_exit-uc1_entryfromime) (RW:sideup ?sheet ?face))
        eff: (and (RW:location ?sheet hw1_toprightentry-uc1_exit) (RW:sideup ?sheet ?otherface) (RW:available uc1-rsrc) (increase (total-cost) 8000))
    uime-simplex-letter: ?sheet:7 ?face:3 ?image:5
        pre: (and (RW:available uime-rsrc) (R:sheetsize ?sheet letter) (RW:sideup ?sheet ?face) (R:imagecolor ?image black) (RW:location ?sheet uc1_exittoime-uime_entry) (RW:notprintedwith ?sheet ?face black))
        eff: (and (RW:location ?sheet uime_exit-uc1_entryfromime) (W:hasimage ?sheet ?face ?image) (RW:available uime-rsrc) (increase (total-cost) 127790))
    lc1-toime-letter: ?sheet:7
        pre: (and (RW:available lc1-rsrc) (R:sheetsize ?sheet letter) (RW:location ?sheet lc1_entry-hw1_bottomleftexit))
        eff: (and (RW:location ?sheet lime_entry-lc1_exittoime) (RW:available lc1-rsrc) (increase (total-cost) 4999))
    lc1-inverttoime-letter: ?sheet:7 ?face:3 ?otherface:3
        pre: (and (RW:available lc1-rsrc) (R:sheetsize ?sheet letter) (R:oppositeside ?face ?otherface) (RW:location ?sheet lc1_entry-hw1_bottomleftexit) (RW:sideup ?sheet ?face))
        eff: (and (RW:location ?sheet lime_entry-lc1_exittoime) (RW:sideup ?sheet ?otherface) (RW:available lc1-rsrc) (increase (total-cost) 9999))
    lc1-fromime-letter: ?sheet:7
        pre: (and (RW:available lc1-rsrc) (R:sheetsize ?sheet letter) (RW:location ?sheet lc1_entryfromime-lime_exit))
        eff: (and (RW:location ?sheet lc1_exit-hw1_bottomrightentry) (RW:available lc1-rsrc) (increase (total-cost) 4999))
    lc1-invertfromime-letter: ?sheet:7 ?face:3 ?otherface:3
        pre: (and (RW:available lc1-rsrc) (R:sheetsize ?sheet letter) (R:oppositeside ?face ?otherface) (RW:location ?sheet lc1_entryfromime-lime_exit) (RW:sideup ?sheet ?face))
        eff: (and (RW:location ?sheet lc1_exit-hw1_bottomrightentry) (RW:sideup ?sheet ?otherface) (RW:available lc1-rsrc) (increase (total-cost) 9999))
    lime-simplex-letter: ?sheet:7 ?face:3 ?image:5
        pre: (and (RW:available lime-rsrc) (R:sheetsize ?sheet letter) (RW:sideup ?sheet ?face) (R:imagecolor ?image color) (RW:location ?sheet lime_entry-lc1_exittoime) (RW:notprintedwith ?sheet ?face color))
        eff: (and (RW:location ?sheet lc1_entryfromime-lime_exit) (W:hasimage ?sheet ?face ?image) (RW:available lime-rsrc) (increase (total-cost) 212790))
    lime-simplexmono-letter: ?sheet:7 ?face:3 ?image:5
        pre: (and (RW:available lime-rsrc) (R:sheetsize ?sheet letter) (RW:sideup ?sheet ?face) (R:imagecolor ?image black) (RW:location ?sheet lime_entry-lc1_exittoime) (RW:notprintedwith ?sheet ?face black))
        eff: (and (RW:location ?sheet lc1_entryfromime-lime_exit) (W:hasimage ?sheet ?face ?image) (RW:available lime-rsrc) (increase (total-cost) 212790))
    sys-stack-letter: ?sheet:7 ?prevsheet:7
        pre: (and (RW:available sys-rsrc) (R:prevsheet ?sheet ?prevsheet) (RW:location ?prevsheet some_finisher_tray) (R:sheetsize ?sheet letter) (RW:location ?sheet hw1_rightexit-sys_entry))
        eff: (and (RW:location ?sheet some_finisher_tray) (W:stackedin ?sheet sys_outputtray) (RW:available sys-rsrc) (increase (total-cost) 1499))
Init[60]:
  (uninitialized)
  S:(oppositeside front front)
  S:(oppositeside front front)
  (location dummy-sheet some_finisher_tray)
  S:(prevsheet dummy-sheet dummy-sheet)
  S:(prevsheet dummy-sheet dummy-sheet)
  S:(prevsheet dummy-sheet dummy-sheet)
  S:(prevsheet dummy-sheet dummy-sheet)
  S:(prevsheet dummy-sheet dummy-sheet)
  S:(prevsheet dummy-sheet dummy-sheet)
  S:(prevsheet dummy-sheet dummy-sheet)
  S:(sheetsize dummy-sheet letter)
  S:(sheetsize dummy-sheet letter)
  S:(sheetsize dummy-sheet letter)
  S:(sheetsize dummy-sheet letter)
  S:(sheetsize dummy-sheet letter)
  S:(sheetsize dummy-sheet letter)
  S:(sheetsize dummy-sheet letter)
  (location dummy-sheet some_feeder_tray)
  (location dummy-sheet some_feeder_tray)
  (location dummy-sheet some_feeder_tray)
  (location dummy-sheet some_feeder_tray)
  (location dummy-sheet some_feeder_tray)
  (location dummy-sheet some_feeder_tray)
  (location dummy-sheet some_feeder_tray)
  S:(imagecolor image-1 black)
  S:(imagecolor image-1 black)
  S:(imagecolor image-3 color)
  S:(imagecolor image-4 color)
  S:(imagecolor image-1 black)
  S:(imagecolor image-6 black)
  S:(imagecolor image-7 color)
  (notprintedwith dummy-sheet front black)
  (notprintedwith dummy-sheet front black)
  (notprintedwith dummy-sheet front color)
  (notprintedwith dummy-sheet front color)
  (notprintedwith dummy-sheet front black)
  (notprintedwith dummy-sheet front black)
  (notprintedwith dummy-sheet front color)
  (notprintedwith dummy-sheet front color)
  (notprintedwith dummy-sheet front black)
  (notprintedwith dummy-sheet front black)
  (notprintedwith dummy-sheet front color)
  (notprintedwith dummy-sheet front color)
  (notprintedwith dummy-sheet front black)
  (notprintedwith dummy-sheet front black)
  (notprintedwith dummy-sheet front color)
  (notprintedwith dummy-sheet front color)
  (notprintedwith dummy-sheet front black)
  (notprintedwith dummy-sheet front black)
  (notprintedwith dummy-sheet front color)
  (notprintedwith dummy-sheet front color)
  (notprintedwith dummy-sheet front black)
  (notprintedwith dummy-sheet front black)
  (notprintedwith dummy-sheet front color)
  (notprintedwith dummy-sheet front color)
  (notprintedwith dummy-sheet front black)
  (notprintedwith dummy-sheet front black)
  (notprintedwith dummy-sheet front color)
  (notprintedwith dummy-sheet front color)
Init[1]:
  (= (total-cost) 0)
Goal: (and (W:hasimage dummy-sheet front image-1) (RW:notprintedwith dummy-sheet front color) (RW:notprintedwith dummy-sheet front black) (RW:notprintedwith dummy-sheet front color) (W:hasimage dummy-sheet front image-1) (RW:notprintedwith dummy-sheet front color) (RW:notprintedwith dummy-sheet front black) (RW:notprintedwith dummy-sheet front color) (W:hasimage dummy-sheet front image-3) (RW:notprintedwith dummy-sheet front black) (RW:notprintedwith dummy-sheet front black) (RW:notprintedwith dummy-sheet front color) (W:hasimage dummy-sheet front image-4) (RW:notprintedwith dummy-sheet front black) (RW:notprintedwith dummy-sheet front black) (RW:notprintedwith dummy-sheet front color) (W:hasimage dummy-sheet front image-1) (RW:notprintedwith dummy-sheet front color) (RW:notprintedwith dummy-sheet front black) (RW:notprintedwith dummy-sheet front color) (W:hasimage dummy-sheet front image-6) (RW:notprintedwith dummy-sheet front color) (RW:notprintedwith dummy-sheet front black) (RW:notprintedwith dummy-sheet front color) (W:hasimage dummy-sheet front image-7) (RW:notprintedwith dummy-sheet front black) (RW:notprintedwith dummy-sheet front black) (RW:notprintedwith dummy-sheet front color) (RW:sideup dummy-sheet front) (RW:sideup dummy-sheet front) (RW:sideup dummy-sheet front) (RW:sideup dummy-sheet front) (RW:sideup dummy-sheet front) (RW:sideup dummy-sheet front) (RW:sideup dummy-sheet front) (W:stackedin dummy-sheet sys_outputtray) (W:stackedin dummy-sheet sys_outputtray) (W:stackedin dummy-sheet sys_outputtray) (W:stackedin dummy-sheet sys_outputtray) (W:stackedin dummy-sheet sys_outputtray) (W:stackedin dummy-sheet sys_outputtray) (W:stackedin dummy-sheet sys_outputtray))
Metric: 1
