 (available b0) (in-highspeed-saw b0 highspeed-saw0):=1:fam
 (available b1) (in-highspeed-saw b1 highspeed-saw0):=1:fam
 (available b2) (in-highspeed-saw b2 highspeed-saw0):=1:fam
 (available p0) (unused p0):=1:fam:G
 (available p1) (unused p1):=1:fam:G
 (available p2) (unused p2):=1:fam:G
 (available p3) (unused p3):=1:fam:G
 (available p4) (unused p4):=1:fam:G
 (available p5) (unused p5):=1:fam:G
 (surface-condition p6 smooth) (surface-condition p6 verysmooth):=1:fam:G
 (unused p3) (wood p3 teak):fam:G
 (unused p5) (wood p5 teak):=1:fam:G
 (empty highspeed-saw0) (in-highspeed-saw b0 highspeed-saw0) (in-highspeed-saw b1 highspeed-saw0) (in-highspeed-saw b2 highspeed-saw0):=1:fam
 (surface-condition p0 rough) (surface-condition p0 smooth) (surface-condition p0 verysmooth) (unused p0):=1:fam
 (surface-condition p1 rough) (surface-condition p1 smooth) (surface-condition p1 verysmooth) (unused p1):=1:fam
 (surface-condition p2 rough) (surface-condition p2 smooth) (surface-condition p2 verysmooth) (unused p2):=1:fam:G
 (surface-condition p3 rough) (surface-condition p3 smooth) (surface-condition p3 verysmooth) (unused p3):=1:fam:G
 (surface-condition p4 rough) (surface-condition p4 smooth) (surface-condition p4 verysmooth) (unused p4):=1:fam:G
 (surface-condition p5 rough) (surface-condition p5 smooth) (surface-condition p5 verysmooth) (unused p5):=1:fam
 (treatment p6 colourfragments) (treatment p6 glazed) (treatment p6 untreated) (treatment p6 varnished):=1:fam:G
 (treatment p0 colourfragments) (treatment p0 glazed) (treatment p0 untreated) (treatment p0 varnished) (unused p0):=1:fam:G
 (treatment p1 colourfragments) (treatment p1 glazed) (treatment p1 untreated) (treatment p1 varnished) (unused p1):=1:fam:G
 (treatment p2 colourfragments) (treatment p2 glazed) (treatment p2 untreated) (treatment p2 varnished) (unused p2):=1:fam
 (treatment p3 colourfragments) (treatment p3 glazed) (treatment p3 untreated) (treatment p3 varnished) (unused p3):=1:fam:G
 (treatment p4 colourfragments) (treatment p4 glazed) (treatment p4 untreated) (treatment p4 varnished) (unused p4):=1:fam:G
 (treatment p5 colourfragments) (treatment p5 glazed) (treatment p5 untreated) (treatment p5 varnished) (unused p5):=1:fam:G

