begin_version
3
end_version
begin_metric
1
end_metric
67
begin_variable
var0
-1
5
treatment p0 colourfragments
treatment p0 glazed
treatment p0 untreated
treatment p0 varnished
unused p0
end_variable
begin_variable
var1
-1
5
treatment p1 colourfragments
treatment p1 glazed
treatment p1 untreated
treatment p1 varnished
unused p1
end_variable
begin_variable
var2
-1
5
treatment p2 colourfragments
treatment p2 glazed
treatment p2 untreated
treatment p2 varnished
unused p2
end_variable
begin_variable
var3
-1
5
treatment p3 colourfragments
treatment p3 glazed
treatment p3 untreated
treatment p3 varnished
unused p3
end_variable
begin_variable
var4
-1
5
treatment p4 colourfragments
treatment p4 glazed
treatment p4 untreated
treatment p4 varnished
unused p4
end_variable
begin_variable
var5
-1
5
treatment p5 colourfragments
treatment p5 glazed
treatment p5 untreated
treatment p5 varnished
unused p5
end_variable
begin_variable
var6
-1
4
empty highspeed-saw0
in-highspeed-saw b0 highspeed-saw0
in-highspeed-saw b1 highspeed-saw0
in-highspeed-saw b2 highspeed-saw0
end_variable
begin_variable
var7
-1
4
treatment p6 colourfragments
treatment p6 glazed
treatment p6 untreated
treatment p6 varnished
end_variable
begin_variable
var8
-1
4
surface-condition p0 rough
surface-condition p0 smooth
surface-condition p0 verysmooth
none-of-those
end_variable
begin_variable
var9
-1
4
surface-condition p1 rough
surface-condition p1 smooth
surface-condition p1 verysmooth
none-of-those
end_variable
begin_variable
var10
-1
4
surface-condition p2 rough
surface-condition p2 smooth
surface-condition p2 verysmooth
none-of-those
end_variable
begin_variable
var11
-1
4
surface-condition p3 rough
surface-condition p3 smooth
surface-condition p3 verysmooth
none-of-those
end_variable
begin_variable
var12
-1
4
surface-condition p4 rough
surface-condition p4 smooth
surface-condition p4 verysmooth
none-of-those
end_variable
begin_variable
var13
-1
4
surface-condition p5 rough
surface-condition p5 smooth
surface-condition p5 verysmooth
none-of-those
end_variable
begin_variable
var14
-1
2
surface-condition p6 smooth
surface-condition p6 verysmooth
end_variable
begin_variable
var15
-1
2
available b0
none-of-those
end_variable
begin_variable
var16
-1
2
available b1
none-of-those
end_variable
begin_variable
var17
-1
2
available b2
none-of-those
end_variable
begin_variable
var18
-1
2
available p0
none-of-those
end_variable
begin_variable
var19
-1
2
available p1
none-of-those
end_variable
begin_variable
var20
-1
2
available p2
none-of-those
end_variable
begin_variable
var21
-1
2
available p3
none-of-those
end_variable
begin_variable
var22
-1
2
available p4
none-of-those
end_variable
begin_variable
var23
-1
2
available p5
none-of-those
end_variable
begin_variable
var24
-1
2
wood p3 teak
none-of-those
end_variable
begin_variable
var25
-1
2
wood p5 teak
none-of-those
end_variable
begin_variable
var26
-1
2
boardsize b0 s1
none-of-those
end_variable
begin_variable
var27
-1
2
boardsize b0 s2
none-of-those
end_variable
begin_variable
var28
-1
2
boardsize b0 s3
none-of-those
end_variable
begin_variable
var29
-1
2
boardsize b0 s4
none-of-those
end_variable
begin_variable
var30
-1
2
boardsize b0 s5
none-of-those
end_variable
begin_variable
var31
-1
2
boardsize b0 s6
none-of-those
end_variable
begin_variable
var32
-1
2
boardsize b0 s7
none-of-those
end_variable
begin_variable
var33
-1
2
boardsize b0 s8
none-of-those
end_variable
begin_variable
var34
-1
2
boardsize b0 s9
none-of-those
end_variable
begin_variable
var35
-1
2
boardsize b1 s1
none-of-those
end_variable
begin_variable
var36
-1
2
boardsize b1 s2
none-of-those
end_variable
begin_variable
var37
-1
2
boardsize b1 s3
none-of-those
end_variable
begin_variable
var38
-1
2
boardsize b2 s1
none-of-those
end_variable
begin_variable
var39
-1
2
colour p0 blue
none-of-those
end_variable
begin_variable
var40
-1
2
colour p0 mauve
none-of-those
end_variable
begin_variable
var41
-1
2
colour p0 natural
none-of-those
end_variable
begin_variable
var42
-1
2
colour p0 red
none-of-those
end_variable
begin_variable
var43
-1
2
colour p1 blue
none-of-those
end_variable
begin_variable
var44
-1
2
colour p1 mauve
none-of-those
end_variable
begin_variable
var45
-1
2
colour p1 natural
none-of-those
end_variable
begin_variable
var46
-1
2
colour p1 red
none-of-those
end_variable
begin_variable
var47
-1
2
colour p2 blue
none-of-those
end_variable
begin_variable
var48
-1
2
colour p2 mauve
none-of-those
end_variable
begin_variable
var49
-1
2
colour p2 natural
none-of-those
end_variable
begin_variable
var50
-1
2
colour p2 red
none-of-those
end_variable
begin_variable
var51
-1
2
colour p3 blue
none-of-those
end_variable
begin_variable
var52
-1
2
colour p3 mauve
none-of-those
end_variable
begin_variable
var53
-1
2
colour p3 natural
none-of-those
end_variable
begin_variable
var54
-1
2
colour p3 red
none-of-those
end_variable
begin_variable
var55
-1
2
colour p4 blue
none-of-those
end_variable
begin_variable
var56
-1
2
colour p4 mauve
none-of-those
end_variable
begin_variable
var57
-1
2
colour p4 natural
none-of-those
end_variable
begin_variable
var58
-1
2
colour p4 red
none-of-those
end_variable
begin_variable
var59
-1
2
colour p5 blue
none-of-those
end_variable
begin_variable
var60
-1
2
colour p5 mauve
none-of-those
end_variable
begin_variable
var61
-1
2
colour p5 natural
none-of-those
end_variable
begin_variable
var62
-1
2
colour p5 red
none-of-those
end_variable
begin_variable
var63
-1
2
colour p6 blue
none-of-those
end_variable
begin_variable
var64
-1
2
colour p6 mauve
none-of-those
end_variable
begin_variable
var65
-1
2
colour p6 natural
none-of-those
end_variable
begin_variable
var66
-1
2
colour p6 red
none-of-those
end_variable
32
begin_mutex_group
1
0 4
end_mutex_group
begin_mutex_group
1
1 4
end_mutex_group
begin_mutex_group
1
2 4
end_mutex_group
begin_mutex_group
1
3 4
end_mutex_group
begin_mutex_group
1
4 4
end_mutex_group
begin_mutex_group
1
5 4
end_mutex_group
begin_mutex_group
2
15 0
6 1
end_mutex_group
begin_mutex_group
2
16 0
6 2
end_mutex_group
begin_mutex_group
2
17 0
6 3
end_mutex_group
begin_mutex_group
2
18 0
0 4
end_mutex_group
begin_mutex_group
2
19 0
1 4
end_mutex_group
begin_mutex_group
2
20 0
2 4
end_mutex_group
begin_mutex_group
2
21 0
3 4
end_mutex_group
begin_mutex_group
2
22 0
4 4
end_mutex_group
begin_mutex_group
2
23 0
5 4
end_mutex_group
begin_mutex_group
2
14 0
14 1
end_mutex_group
begin_mutex_group
2
3 4
24 0
end_mutex_group
begin_mutex_group
2
5 4
25 0
end_mutex_group
begin_mutex_group
4
6 0
6 1
6 2
6 3
end_mutex_group
begin_mutex_group
4
8 0
8 1
8 2
0 4
end_mutex_group
begin_mutex_group
4
9 0
9 1
9 2
1 4
end_mutex_group
begin_mutex_group
4
10 0
10 1
10 2
2 4
end_mutex_group
begin_mutex_group
4
11 0
11 1
11 2
3 4
end_mutex_group
begin_mutex_group
4
12 0
12 1
12 2
4 4
end_mutex_group
begin_mutex_group
4
13 0
13 1
13 2
5 4
end_mutex_group
begin_mutex_group
4
7 0
7 1
7 2
7 3
end_mutex_group
begin_mutex_group
5
0 0
0 1
0 2
0 3
0 4
end_mutex_group
begin_mutex_group
5
1 0
1 1
1 2
1 3
1 4
end_mutex_group
begin_mutex_group
5
2 0
2 1
2 2
2 3
2 4
end_mutex_group
begin_mutex_group
5
3 0
3 1
3 2
3 3
3 4
end_mutex_group
begin_mutex_group
5
4 0
4 1
4 2
4 3
4 4
end_mutex_group
begin_mutex_group
5
5 0
5 1
5 2
5 3
5 4
end_mutex_group
begin_state
4
4
4
4
4
4
0
3
3
3
3
3
3
3
0
0
0
0
1
1
1
1
1
1
1
1
1
1
1
1
1
1
1
1
1
1
1
1
1
1
1
1
1
1
1
1
1
1
1
1
1
1
1
1
1
1
1
1
1
1
1
1
1
1
0
1
1
end_state
begin_goal
23
0 1
1 1
3 1
4 1
5 1
7 1
10 2
11 1
12 2
14 1
18 0
19 0
20 0
21 0
22 0
23 0
24 0
25 0
42 0
43 0
48 0
53 0
57 0
end_goal
400
begin_operator
cut-board-large b0 p4 highspeed-saw0 teak smooth s10 s8 s9 s7
1
6 1
5
0 4 4 2
0 12 -1 1
0 22 -1 0
0 32 -1 0
0 57 -1 0
10
end_operator
begin_operator
cut-board-large b0 p4 highspeed-saw0 teak smooth s3 s1 s2 s0
2
6 1
28 0
4
0 4 4 2
0 12 -1 1
0 22 -1 0
0 57 -1 0
10
end_operator
begin_operator
cut-board-large b0 p4 highspeed-saw0 teak smooth s4 s2 s3 s1
2
6 1
29 0
5
0 4 4 2
0 12 -1 1
0 22 -1 0
0 26 -1 0
0 57 -1 0
10
end_operator
begin_operator
cut-board-large b0 p4 highspeed-saw0 teak smooth s5 s3 s4 s2
2
6 1
30 0
5
0 4 4 2
0 12 -1 1
0 22 -1 0
0 27 -1 0
0 57 -1 0
10
end_operator
begin_operator
cut-board-large b0 p4 highspeed-saw0 teak smooth s6 s4 s5 s3
2
6 1
31 0
5
0 4 4 2
0 12 -1 1
0 22 -1 0
0 28 -1 0
0 57 -1 0
10
end_operator
begin_operator
cut-board-large b0 p4 highspeed-saw0 teak smooth s7 s5 s6 s4
2
6 1
32 0
5
0 4 4 2
0 12 -1 1
0 22 -1 0
0 29 -1 0
0 57 -1 0
10
end_operator
begin_operator
cut-board-large b0 p4 highspeed-saw0 teak smooth s8 s6 s7 s5
2
6 1
33 0
5
0 4 4 2
0 12 -1 1
0 22 -1 0
0 30 -1 0
0 57 -1 0
10
end_operator
begin_operator
cut-board-large b0 p4 highspeed-saw0 teak smooth s9 s7 s8 s6
2
6 1
34 0
5
0 4 4 2
0 12 -1 1
0 22 -1 0
0 31 -1 0
0 57 -1 0
10
end_operator
begin_operator
cut-board-large b0 p5 highspeed-saw0 teak smooth s10 s8 s9 s7
1
6 1
6
0 5 4 2
0 13 -1 1
0 23 -1 0
0 25 -1 0
0 32 -1 0
0 61 -1 0
10
end_operator
begin_operator
cut-board-large b0 p5 highspeed-saw0 teak smooth s3 s1 s2 s0
2
6 1
28 0
5
0 5 4 2
0 13 -1 1
0 23 -1 0
0 25 -1 0
0 61 -1 0
10
end_operator
begin_operator
cut-board-large b0 p5 highspeed-saw0 teak smooth s4 s2 s3 s1
2
6 1
29 0
6
0 5 4 2
0 13 -1 1
0 23 -1 0
0 25 -1 0
0 26 -1 0
0 61 -1 0
10
end_operator
begin_operator
cut-board-large b0 p5 highspeed-saw0 teak smooth s5 s3 s4 s2
2
6 1
30 0
6
0 5 4 2
0 13 -1 1
0 23 -1 0
0 25 -1 0
0 27 -1 0
0 61 -1 0
10
end_operator
begin_operator
cut-board-large b0 p5 highspeed-saw0 teak smooth s6 s4 s5 s3
2
6 1
31 0
6
0 5 4 2
0 13 -1 1
0 23 -1 0
0 25 -1 0
0 28 -1 0
0 61 -1 0
10
end_operator
begin_operator
cut-board-large b0 p5 highspeed-saw0 teak smooth s7 s5 s6 s4
2
6 1
32 0
6
0 5 4 2
0 13 -1 1
0 23 -1 0
0 25 -1 0
0 29 -1 0
0 61 -1 0
10
end_operator
begin_operator
cut-board-large b0 p5 highspeed-saw0 teak smooth s8 s6 s7 s5
2
6 1
33 0
6
0 5 4 2
0 13 -1 1
0 23 -1 0
0 25 -1 0
0 30 -1 0
0 61 -1 0
10
end_operator
begin_operator
cut-board-large b0 p5 highspeed-saw0 teak smooth s9 s7 s8 s6
2
6 1
34 0
6
0 5 4 2
0 13 -1 1
0 23 -1 0
0 25 -1 0
0 31 -1 0
0 61 -1 0
10
end_operator
begin_operator
cut-board-large b1 p4 highspeed-saw0 teak rough s3 s1 s2 s0
2
6 2
37 0
4
0 4 4 2
0 12 -1 0
0 22 -1 0
0 57 -1 0
10
end_operator
begin_operator
cut-board-large b1 p4 highspeed-saw0 teak rough s4 s2 s3 s1
1
6 2
5
0 4 4 2
0 12 -1 0
0 22 -1 0
0 35 -1 0
0 57 -1 0
10
end_operator
begin_operator
cut-board-large b1 p5 highspeed-saw0 teak rough s3 s1 s2 s0
2
6 2
37 0
5
0 5 4 2
0 13 -1 0
0 23 -1 0
0 25 -1 0
0 61 -1 0
10
end_operator
begin_operator
cut-board-large b1 p5 highspeed-saw0 teak rough s4 s2 s3 s1
1
6 2
6
0 5 4 2
0 13 -1 0
0 23 -1 0
0 25 -1 0
0 35 -1 0
0 61 -1 0
10
end_operator
begin_operator
cut-board-medium b0 p1 highspeed-saw0 teak smooth s10 s9 s8
1
6 1
5
0 1 4 2
0 9 -1 1
0 19 -1 0
0 33 -1 0
0 45 -1 0
10
end_operator
begin_operator
cut-board-medium b0 p1 highspeed-saw0 teak smooth s2 s1 s0
2
6 1
27 0
4
0 1 4 2
0 9 -1 1
0 19 -1 0
0 45 -1 0
10
end_operator
begin_operator
cut-board-medium b0 p1 highspeed-saw0 teak smooth s3 s2 s1
2
6 1
28 0
5
0 1 4 2
0 9 -1 1
0 19 -1 0
0 26 -1 0
0 45 -1 0
10
end_operator
begin_operator
cut-board-medium b0 p1 highspeed-saw0 teak smooth s4 s3 s2
2
6 1
29 0
5
0 1 4 2
0 9 -1 1
0 19 -1 0
0 27 -1 0
0 45 -1 0
10
end_operator
begin_operator
cut-board-medium b0 p1 highspeed-saw0 teak smooth s5 s4 s3
2
6 1
30 0
5
0 1 4 2
0 9 -1 1
0 19 -1 0
0 28 -1 0
0 45 -1 0
10
end_operator
begin_operator
cut-board-medium b0 p1 highspeed-saw0 teak smooth s6 s5 s4
2
6 1
31 0
5
0 1 4 2
0 9 -1 1
0 19 -1 0
0 29 -1 0
0 45 -1 0
10
end_operator
begin_operator
cut-board-medium b0 p1 highspeed-saw0 teak smooth s7 s6 s5
2
6 1
32 0
5
0 1 4 2
0 9 -1 1
0 19 -1 0
0 30 -1 0
0 45 -1 0
10
end_operator
begin_operator
cut-board-medium b0 p1 highspeed-saw0 teak smooth s8 s7 s6
2
6 1
33 0
5
0 1 4 2
0 9 -1 1
0 19 -1 0
0 31 -1 0
0 45 -1 0
10
end_operator
begin_operator
cut-board-medium b0 p1 highspeed-saw0 teak smooth s9 s8 s7
2
6 1
34 0
5
0 1 4 2
0 9 -1 1
0 19 -1 0
0 32 -1 0
0 45 -1 0
10
end_operator
begin_operator
cut-board-medium b0 p3 highspeed-saw0 teak smooth s10 s9 s8
1
6 1
6
0 3 4 2
0 11 -1 1
0 21 -1 0
0 24 -1 0
0 33 -1 0
0 53 -1 0
10
end_operator
begin_operator
cut-board-medium b0 p3 highspeed-saw0 teak smooth s2 s1 s0
2
6 1
27 0
5
0 3 4 2
0 11 -1 1
0 21 -1 0
0 24 -1 0
0 53 -1 0
10
end_operator
begin_operator
cut-board-medium b0 p3 highspeed-saw0 teak smooth s3 s2 s1
2
6 1
28 0
6
0 3 4 2
0 11 -1 1
0 21 -1 0
0 24 -1 0
0 26 -1 0
0 53 -1 0
10
end_operator
begin_operator
cut-board-medium b0 p3 highspeed-saw0 teak smooth s4 s3 s2
2
6 1
29 0
6
0 3 4 2
0 11 -1 1
0 21 -1 0
0 24 -1 0
0 27 -1 0
0 53 -1 0
10
end_operator
begin_operator
cut-board-medium b0 p3 highspeed-saw0 teak smooth s5 s4 s3
2
6 1
30 0
6
0 3 4 2
0 11 -1 1
0 21 -1 0
0 24 -1 0
0 28 -1 0
0 53 -1 0
10
end_operator
begin_operator
cut-board-medium b0 p3 highspeed-saw0 teak smooth s6 s5 s4
2
6 1
31 0
6
0 3 4 2
0 11 -1 1
0 21 -1 0
0 24 -1 0
0 29 -1 0
0 53 -1 0
10
end_operator
begin_operator
cut-board-medium b0 p3 highspeed-saw0 teak smooth s7 s6 s5
2
6 1
32 0
6
0 3 4 2
0 11 -1 1
0 21 -1 0
0 24 -1 0
0 30 -1 0
0 53 -1 0
10
end_operator
begin_operator
cut-board-medium b0 p3 highspeed-saw0 teak smooth s8 s7 s6
2
6 1
33 0
6
0 3 4 2
0 11 -1 1
0 21 -1 0
0 24 -1 0
0 31 -1 0
0 53 -1 0
10
end_operator
begin_operator
cut-board-medium b0 p3 highspeed-saw0 teak smooth s9 s8 s7
2
6 1
34 0
6
0 3 4 2
0 11 -1 1
0 21 -1 0
0 24 -1 0
0 32 -1 0
0 53 -1 0
10
end_operator
begin_operator
cut-board-medium b1 p1 highspeed-saw0 teak rough s2 s1 s0
2
6 2
36 0
4
0 1 4 2
0 9 -1 0
0 19 -1 0
0 45 -1 0
10
end_operator
begin_operator
cut-board-medium b1 p1 highspeed-saw0 teak rough s3 s2 s1
2
6 2
37 0
5
0 1 4 2
0 9 -1 0
0 19 -1 0
0 35 -1 0
0 45 -1 0
10
end_operator
begin_operator
cut-board-medium b1 p1 highspeed-saw0 teak rough s4 s3 s2
1
6 2
5
0 1 4 2
0 9 -1 0
0 19 -1 0
0 36 -1 0
0 45 -1 0
10
end_operator
begin_operator
cut-board-medium b1 p3 highspeed-saw0 teak rough s2 s1 s0
2
6 2
36 0
5
0 3 4 2
0 11 -1 0
0 21 -1 0
0 24 -1 0
0 53 -1 0
10
end_operator
begin_operator
cut-board-medium b1 p3 highspeed-saw0 teak rough s3 s2 s1
2
6 2
37 0
6
0 3 4 2
0 11 -1 0
0 21 -1 0
0 24 -1 0
0 35 -1 0
0 53 -1 0
10
end_operator
begin_operator
cut-board-medium b1 p3 highspeed-saw0 teak rough s4 s3 s2
1
6 2
6
0 3 4 2
0 11 -1 0
0 21 -1 0
0 24 -1 0
0 36 -1 0
0 53 -1 0
10
end_operator
begin_operator
cut-board-medium b2 p1 highspeed-saw0 oak smooth s2 s1 s0
1
6 3
4
0 1 4 2
0 9 -1 1
0 19 -1 0
0 45 -1 0
10
end_operator
begin_operator
cut-board-small b0 p0 highspeed-saw0 teak smooth s1 s0
2
6 1
26 0
4
0 0 4 2
0 8 -1 1
0 18 -1 0
0 41 -1 0
10
end_operator
begin_operator
cut-board-small b0 p0 highspeed-saw0 teak smooth s10 s9
1
6 1
5
0 0 4 2
0 8 -1 1
0 18 -1 0
0 34 -1 0
0 41 -1 0
10
end_operator
begin_operator
cut-board-small b0 p0 highspeed-saw0 teak smooth s2 s1
2
6 1
27 0
5
0 0 4 2
0 8 -1 1
0 18 -1 0
0 26 -1 0
0 41 -1 0
10
end_operator
begin_operator
cut-board-small b0 p0 highspeed-saw0 teak smooth s3 s2
2
6 1
28 0
5
0 0 4 2
0 8 -1 1
0 18 -1 0
0 27 -1 0
0 41 -1 0
10
end_operator
begin_operator
cut-board-small b0 p0 highspeed-saw0 teak smooth s4 s3
2
6 1
29 0
5
0 0 4 2
0 8 -1 1
0 18 -1 0
0 28 -1 0
0 41 -1 0
10
end_operator
begin_operator
cut-board-small b0 p0 highspeed-saw0 teak smooth s5 s4
2
6 1
30 0
5
0 0 4 2
0 8 -1 1
0 18 -1 0
0 29 -1 0
0 41 -1 0
10
end_operator
begin_operator
cut-board-small b0 p0 highspeed-saw0 teak smooth s6 s5
2
6 1
31 0
5
0 0 4 2
0 8 -1 1
0 18 -1 0
0 30 -1 0
0 41 -1 0
10
end_operator
begin_operator
cut-board-small b0 p0 highspeed-saw0 teak smooth s7 s6
2
6 1
32 0
5
0 0 4 2
0 8 -1 1
0 18 -1 0
0 31 -1 0
0 41 -1 0
10
end_operator
begin_operator
cut-board-small b0 p0 highspeed-saw0 teak smooth s8 s7
2
6 1
33 0
5
0 0 4 2
0 8 -1 1
0 18 -1 0
0 32 -1 0
0 41 -1 0
10
end_operator
begin_operator
cut-board-small b0 p0 highspeed-saw0 teak smooth s9 s8
2
6 1
34 0
5
0 0 4 2
0 8 -1 1
0 18 -1 0
0 33 -1 0
0 41 -1 0
10
end_operator
begin_operator
cut-board-small b0 p2 highspeed-saw0 teak smooth s1 s0
2
6 1
26 0
4
0 2 4 2
0 10 -1 1
0 20 -1 0
0 49 -1 0
10
end_operator
begin_operator
cut-board-small b0 p2 highspeed-saw0 teak smooth s10 s9
1
6 1
5
0 2 4 2
0 10 -1 1
0 20 -1 0
0 34 -1 0
0 49 -1 0
10
end_operator
begin_operator
cut-board-small b0 p2 highspeed-saw0 teak smooth s2 s1
2
6 1
27 0
5
0 2 4 2
0 10 -1 1
0 20 -1 0
0 26 -1 0
0 49 -1 0
10
end_operator
begin_operator
cut-board-small b0 p2 highspeed-saw0 teak smooth s3 s2
2
6 1
28 0
5
0 2 4 2
0 10 -1 1
0 20 -1 0
0 27 -1 0
0 49 -1 0
10
end_operator
begin_operator
cut-board-small b0 p2 highspeed-saw0 teak smooth s4 s3
2
6 1
29 0
5
0 2 4 2
0 10 -1 1
0 20 -1 0
0 28 -1 0
0 49 -1 0
10
end_operator
begin_operator
cut-board-small b0 p2 highspeed-saw0 teak smooth s5 s4
2
6 1
30 0
5
0 2 4 2
0 10 -1 1
0 20 -1 0
0 29 -1 0
0 49 -1 0
10
end_operator
begin_operator
cut-board-small b0 p2 highspeed-saw0 teak smooth s6 s5
2
6 1
31 0
5
0 2 4 2
0 10 -1 1
0 20 -1 0
0 30 -1 0
0 49 -1 0
10
end_operator
begin_operator
cut-board-small b0 p2 highspeed-saw0 teak smooth s7 s6
2
6 1
32 0
5
0 2 4 2
0 10 -1 1
0 20 -1 0
0 31 -1 0
0 49 -1 0
10
end_operator
begin_operator
cut-board-small b0 p2 highspeed-saw0 teak smooth s8 s7
2
6 1
33 0
5
0 2 4 2
0 10 -1 1
0 20 -1 0
0 32 -1 0
0 49 -1 0
10
end_operator
begin_operator
cut-board-small b0 p2 highspeed-saw0 teak smooth s9 s8
2
6 1
34 0
5
0 2 4 2
0 10 -1 1
0 20 -1 0
0 33 -1 0
0 49 -1 0
10
end_operator
begin_operator
cut-board-small b1 p0 highspeed-saw0 teak rough s1 s0
2
6 2
35 0
4
0 0 4 2
0 8 -1 0
0 18 -1 0
0 41 -1 0
10
end_operator
begin_operator
cut-board-small b1 p0 highspeed-saw0 teak rough s2 s1
2
6 2
36 0
5
0 0 4 2
0 8 -1 0
0 18 -1 0
0 35 -1 0
0 41 -1 0
10
end_operator
begin_operator
cut-board-small b1 p0 highspeed-saw0 teak rough s3 s2
2
6 2
37 0
5
0 0 4 2
0 8 -1 0
0 18 -1 0
0 36 -1 0
0 41 -1 0
10
end_operator
begin_operator
cut-board-small b1 p0 highspeed-saw0 teak rough s4 s3
1
6 2
5
0 0 4 2
0 8 -1 0
0 18 -1 0
0 37 -1 0
0 41 -1 0
10
end_operator
begin_operator
cut-board-small b1 p2 highspeed-saw0 teak rough s1 s0
2
6 2
35 0
4
0 2 4 2
0 10 -1 0
0 20 -1 0
0 49 -1 0
10
end_operator
begin_operator
cut-board-small b1 p2 highspeed-saw0 teak rough s2 s1
2
6 2
36 0
5
0 2 4 2
0 10 -1 0
0 20 -1 0
0 35 -1 0
0 49 -1 0
10
end_operator
begin_operator
cut-board-small b1 p2 highspeed-saw0 teak rough s3 s2
2
6 2
37 0
5
0 2 4 2
0 10 -1 0
0 20 -1 0
0 36 -1 0
0 49 -1 0
10
end_operator
begin_operator
cut-board-small b1 p2 highspeed-saw0 teak rough s4 s3
1
6 2
5
0 2 4 2
0 10 -1 0
0 20 -1 0
0 37 -1 0
0 49 -1 0
10
end_operator
begin_operator
cut-board-small b2 p0 highspeed-saw0 oak smooth s1 s0
2
6 3
38 0
4
0 0 4 2
0 8 -1 1
0 18 -1 0
0 41 -1 0
10
end_operator
begin_operator
cut-board-small b2 p0 highspeed-saw0 oak smooth s2 s1
1
6 3
5
0 0 4 2
0 8 -1 1
0 18 -1 0
0 38 -1 0
0 41 -1 0
10
end_operator
begin_operator
cut-board-small b2 p2 highspeed-saw0 oak smooth s1 s0
2
6 3
38 0
4
0 2 4 2
0 10 -1 1
0 20 -1 0
0 49 -1 0
10
end_operator
begin_operator
cut-board-small b2 p2 highspeed-saw0 oak smooth s2 s1
1
6 3
5
0 2 4 2
0 10 -1 1
0 20 -1 0
0 38 -1 0
0 49 -1 0
10
end_operator
begin_operator
do-glaze p0 glazer0 blue
1
18 0
3
0 0 2 1
0 39 -1 0
0 41 -1 1
10
end_operator
begin_operator
do-glaze p0 glazer0 mauve
1
18 0
3
0 0 2 1
0 40 -1 0
0 41 -1 1
10
end_operator
begin_operator
do-glaze p0 glazer0 natural
1
18 0
2
0 0 2 1
0 41 -1 0
10
end_operator
begin_operator
do-glaze p0 glazer0 red
1
18 0
3
0 0 2 1
0 41 -1 1
0 42 -1 0
10
end_operator
begin_operator
do-glaze p1 glazer0 blue
1
19 0
3
0 1 2 1
0 43 -1 0
0 45 -1 1
15
end_operator
begin_operator
do-glaze p1 glazer0 mauve
1
19 0
3
0 1 2 1
0 44 -1 0
0 45 -1 1
15
end_operator
begin_operator
do-glaze p1 glazer0 natural
1
19 0
2
0 1 2 1
0 45 -1 0
15
end_operator
begin_operator
do-glaze p1 glazer0 red
1
19 0
3
0 1 2 1
0 45 -1 1
0 46 -1 0
15
end_operator
begin_operator
do-glaze p2 glazer0 blue
1
20 0
3
0 2 2 1
0 47 -1 0
0 49 -1 1
10
end_operator
begin_operator
do-glaze p2 glazer0 mauve
1
20 0
3
0 2 2 1
0 48 -1 0
0 49 -1 1
10
end_operator
begin_operator
do-glaze p2 glazer0 natural
1
20 0
2
0 2 2 1
0 49 -1 0
10
end_operator
begin_operator
do-glaze p2 glazer0 red
1
20 0
3
0 2 2 1
0 49 -1 1
0 50 -1 0
10
end_operator
begin_operator
do-glaze p3 glazer0 blue
1
21 0
3
0 3 2 1
0 51 -1 0
0 53 -1 1
15
end_operator
begin_operator
do-glaze p3 glazer0 mauve
1
21 0
3
0 3 2 1
0 52 -1 0
0 53 -1 1
15
end_operator
begin_operator
do-glaze p3 glazer0 natural
1
21 0
2
0 3 2 1
0 53 -1 0
15
end_operator
begin_operator
do-glaze p3 glazer0 red
1
21 0
3
0 3 2 1
0 53 -1 1
0 54 -1 0
15
end_operator
begin_operator
do-glaze p4 glazer0 blue
1
22 0
3
0 4 2 1
0 55 -1 0
0 57 -1 1
20
end_operator
begin_operator
do-glaze p4 glazer0 mauve
1
22 0
3
0 4 2 1
0 56 -1 0
0 57 -1 1
20
end_operator
begin_operator
do-glaze p4 glazer0 natural
1
22 0
2
0 4 2 1
0 57 -1 0
20
end_operator
begin_operator
do-glaze p4 glazer0 red
1
22 0
3
0 4 2 1
0 57 -1 1
0 58 -1 0
20
end_operator
begin_operator
do-glaze p5 glazer0 blue
1
23 0
3
0 5 2 1
0 59 -1 0
0 61 -1 1
20
end_operator
begin_operator
do-glaze p5 glazer0 mauve
1
23 0
3
0 5 2 1
0 60 -1 0
0 61 -1 1
20
end_operator
begin_operator
do-glaze p5 glazer0 natural
1
23 0
2
0 5 2 1
0 61 -1 0
20
end_operator
begin_operator
do-glaze p5 glazer0 red
1
23 0
3
0 5 2 1
0 61 -1 1
0 62 -1 0
20
end_operator
begin_operator
do-glaze p6 glazer0 blue
0
3
0 7 2 1
0 63 -1 0
0 65 -1 1
10
end_operator
begin_operator
do-glaze p6 glazer0 mauve
0
3
0 7 2 1
0 64 -1 0
0 65 -1 1
10
end_operator
begin_operator
do-glaze p6 glazer0 natural
0
2
0 7 2 1
0 65 -1 0
10
end_operator
begin_operator
do-glaze p6 glazer0 red
0
3
0 7 2 1
0 65 -1 1
0 66 -1 0
10
end_operator
begin_operator
do-grind p0 grinder0 smooth blue glazed untreated
1
18 0
4
0 0 1 2
0 8 1 2
0 39 0 1
0 41 -1 0
15
end_operator
begin_operator
do-grind p0 grinder0 smooth mauve glazed untreated
1
18 0
4
0 0 1 2
0 8 1 2
0 40 0 1
0 41 -1 0
15
end_operator
begin_operator
do-grind p0 grinder0 smooth mauve varnished colourfragments
1
18 0
4
0 0 3 0
0 8 1 2
0 40 0 1
0 41 -1 0
15
end_operator
begin_operator
do-grind p0 grinder0 smooth natural glazed untreated
2
18 0
41 0
2
0 0 1 2
0 8 1 2
15
end_operator
begin_operator
do-grind p0 grinder0 smooth natural untreated untreated
3
0 2
18 0
41 0
1
0 8 1 2
15
end_operator
begin_operator
do-grind p0 grinder0 smooth red glazed untreated
1
18 0
4
0 0 1 2
0 8 1 2
0 41 -1 0
0 42 0 1
15
end_operator
begin_operator
do-grind p0 grinder0 verysmooth blue glazed untreated
2
8 2
18 0
3
0 0 1 2
0 39 0 1
0 41 -1 0
15
end_operator
begin_operator
do-grind p0 grinder0 verysmooth mauve glazed untreated
2
8 2
18 0
3
0 0 1 2
0 40 0 1
0 41 -1 0
15
end_operator
begin_operator
do-grind p0 grinder0 verysmooth mauve varnished colourfragments
2
8 2
18 0
3
0 0 3 0
0 40 0 1
0 41 -1 0
15
end_operator
begin_operator
do-grind p0 grinder0 verysmooth natural colourfragments untreated
3
8 2
18 0
41 0
1
0 0 0 2
15
end_operator
begin_operator
do-grind p0 grinder0 verysmooth natural glazed untreated
3
8 2
18 0
41 0
1
0 0 1 2
15
end_operator
begin_operator
do-grind p0 grinder0 verysmooth red glazed untreated
2
8 2
18 0
3
0 0 1 2
0 41 -1 0
0 42 0 1
15
end_operator
begin_operator
do-grind p1 grinder0 smooth blue glazed untreated
1
19 0
4
0 1 1 2
0 9 1 2
0 43 0 1
0 45 -1 0
30
end_operator
begin_operator
do-grind p1 grinder0 smooth mauve glazed untreated
1
19 0
4
0 1 1 2
0 9 1 2
0 44 0 1
0 45 -1 0
30
end_operator
begin_operator
do-grind p1 grinder0 smooth mauve varnished colourfragments
1
19 0
4
0 1 3 0
0 9 1 2
0 44 0 1
0 45 -1 0
30
end_operator
begin_operator
do-grind p1 grinder0 smooth natural glazed untreated
2
19 0
45 0
2
0 1 1 2
0 9 1 2
30
end_operator
begin_operator
do-grind p1 grinder0 smooth natural untreated untreated
3
1 2
19 0
45 0
1
0 9 1 2
30
end_operator
begin_operator
do-grind p1 grinder0 smooth red glazed untreated
1
19 0
4
0 1 1 2
0 9 1 2
0 45 -1 0
0 46 0 1
30
end_operator
begin_operator
do-grind p1 grinder0 verysmooth blue glazed untreated
2
9 2
19 0
3
0 1 1 2
0 43 0 1
0 45 -1 0
30
end_operator
begin_operator
do-grind p1 grinder0 verysmooth mauve glazed untreated
2
9 2
19 0
3
0 1 1 2
0 44 0 1
0 45 -1 0
30
end_operator
begin_operator
do-grind p1 grinder0 verysmooth mauve varnished colourfragments
2
9 2
19 0
3
0 1 3 0
0 44 0 1
0 45 -1 0
30
end_operator
begin_operator
do-grind p1 grinder0 verysmooth natural colourfragments untreated
3
9 2
19 0
45 0
1
0 1 0 2
30
end_operator
begin_operator
do-grind p1 grinder0 verysmooth natural glazed untreated
3
9 2
19 0
45 0
1
0 1 1 2
30
end_operator
begin_operator
do-grind p1 grinder0 verysmooth red glazed untreated
2
9 2
19 0
3
0 1 1 2
0 45 -1 0
0 46 0 1
30
end_operator
begin_operator
do-grind p2 grinder0 smooth blue glazed untreated
1
20 0
4
0 2 1 2
0 10 1 2
0 47 0 1
0 49 -1 0
15
end_operator
begin_operator
do-grind p2 grinder0 smooth mauve glazed untreated
1
20 0
4
0 2 1 2
0 10 1 2
0 48 0 1
0 49 -1 0
15
end_operator
begin_operator
do-grind p2 grinder0 smooth mauve varnished colourfragments
1
20 0
4
0 2 3 0
0 10 1 2
0 48 0 1
0 49 -1 0
15
end_operator
begin_operator
do-grind p2 grinder0 smooth natural glazed untreated
2
20 0
49 0
2
0 2 1 2
0 10 1 2
15
end_operator
begin_operator
do-grind p2 grinder0 smooth natural untreated untreated
3
2 2
20 0
49 0
1
0 10 1 2
15
end_operator
begin_operator
do-grind p2 grinder0 smooth red glazed untreated
1
20 0
4
0 2 1 2
0 10 1 2
0 49 -1 0
0 50 0 1
15
end_operator
begin_operator
do-grind p2 grinder0 verysmooth blue glazed untreated
2
10 2
20 0
3
0 2 1 2
0 47 0 1
0 49 -1 0
15
end_operator
begin_operator
do-grind p2 grinder0 verysmooth mauve glazed untreated
2
10 2
20 0
3
0 2 1 2
0 48 0 1
0 49 -1 0
15
end_operator
begin_operator
do-grind p2 grinder0 verysmooth mauve varnished colourfragments
2
10 2
20 0
3
0 2 3 0
0 48 0 1
0 49 -1 0
15
end_operator
begin_operator
do-grind p2 grinder0 verysmooth natural colourfragments untreated
3
10 2
20 0
49 0
1
0 2 0 2
15
end_operator
begin_operator
do-grind p2 grinder0 verysmooth natural glazed untreated
3
10 2
20 0
49 0
1
0 2 1 2
15
end_operator
begin_operator
do-grind p2 grinder0 verysmooth red glazed untreated
2
10 2
20 0
3
0 2 1 2
0 49 -1 0
0 50 0 1
15
end_operator
begin_operator
do-grind p3 grinder0 smooth blue glazed untreated
1
21 0
4
0 3 1 2
0 11 1 2
0 51 0 1
0 53 -1 0
30
end_operator
begin_operator
do-grind p3 grinder0 smooth mauve glazed untreated
1
21 0
4
0 3 1 2
0 11 1 2
0 52 0 1
0 53 -1 0
30
end_operator
begin_operator
do-grind p3 grinder0 smooth mauve varnished colourfragments
1
21 0
4
0 3 3 0
0 11 1 2
0 52 0 1
0 53 -1 0
30
end_operator
begin_operator
do-grind p3 grinder0 smooth natural glazed untreated
2
21 0
53 0
2
0 3 1 2
0 11 1 2
30
end_operator
begin_operator
do-grind p3 grinder0 smooth natural untreated untreated
3
3 2
21 0
53 0
1
0 11 1 2
30
end_operator
begin_operator
do-grind p3 grinder0 smooth red glazed untreated
1
21 0
4
0 3 1 2
0 11 1 2
0 53 -1 0
0 54 0 1
30
end_operator
begin_operator
do-grind p3 grinder0 verysmooth blue glazed untreated
2
11 2
21 0
3
0 3 1 2
0 51 0 1
0 53 -1 0
30
end_operator
begin_operator
do-grind p3 grinder0 verysmooth mauve glazed untreated
2
11 2
21 0
3
0 3 1 2
0 52 0 1
0 53 -1 0
30
end_operator
begin_operator
do-grind p3 grinder0 verysmooth mauve varnished colourfragments
2
11 2
21 0
3
0 3 3 0
0 52 0 1
0 53 -1 0
30
end_operator
begin_operator
do-grind p3 grinder0 verysmooth natural colourfragments untreated
3
11 2
21 0
53 0
1
0 3 0 2
30
end_operator
begin_operator
do-grind p3 grinder0 verysmooth natural glazed untreated
3
11 2
21 0
53 0
1
0 3 1 2
30
end_operator
begin_operator
do-grind p3 grinder0 verysmooth red glazed untreated
2
11 2
21 0
3
0 3 1 2
0 53 -1 0
0 54 0 1
30
end_operator
begin_operator
do-grind p4 grinder0 smooth blue glazed untreated
1
22 0
4
0 4 1 2
0 12 1 2
0 55 0 1
0 57 -1 0
45
end_operator
begin_operator
do-grind p4 grinder0 smooth mauve glazed untreated
1
22 0
4
0 4 1 2
0 12 1 2
0 56 0 1
0 57 -1 0
45
end_operator
begin_operator
do-grind p4 grinder0 smooth mauve varnished colourfragments
1
22 0
4
0 4 3 0
0 12 1 2
0 56 0 1
0 57 -1 0
45
end_operator
begin_operator
do-grind p4 grinder0 smooth natural glazed untreated
2
22 0
57 0
2
0 4 1 2
0 12 1 2
45
end_operator
begin_operator
do-grind p4 grinder0 smooth natural untreated untreated
3
4 2
22 0
57 0
1
0 12 1 2
45
end_operator
begin_operator
do-grind p4 grinder0 smooth red glazed untreated
1
22 0
4
0 4 1 2
0 12 1 2
0 57 -1 0
0 58 0 1
45
end_operator
begin_operator
do-grind p4 grinder0 verysmooth blue glazed untreated
2
12 2
22 0
3
0 4 1 2
0 55 0 1
0 57 -1 0
45
end_operator
begin_operator
do-grind p4 grinder0 verysmooth mauve glazed untreated
2
12 2
22 0
3
0 4 1 2
0 56 0 1
0 57 -1 0
45
end_operator
begin_operator
do-grind p4 grinder0 verysmooth mauve varnished colourfragments
2
12 2
22 0
3
0 4 3 0
0 56 0 1
0 57 -1 0
45
end_operator
begin_operator
do-grind p4 grinder0 verysmooth natural colourfragments untreated
3
12 2
22 0
57 0
1
0 4 0 2
45
end_operator
begin_operator
do-grind p4 grinder0 verysmooth natural glazed untreated
3
12 2
22 0
57 0
1
0 4 1 2
45
end_operator
begin_operator
do-grind p4 grinder0 verysmooth red glazed untreated
2
12 2
22 0
3
0 4 1 2
0 57 -1 0
0 58 0 1
45
end_operator
begin_operator
do-grind p5 grinder0 smooth blue glazed untreated
1
23 0
4
0 5 1 2
0 13 1 2
0 59 0 1
0 61 -1 0
45
end_operator
begin_operator
do-grind p5 grinder0 smooth mauve glazed untreated
1
23 0
4
0 5 1 2
0 13 1 2
0 60 0 1
0 61 -1 0
45
end_operator
begin_operator
do-grind p5 grinder0 smooth mauve varnished colourfragments
1
23 0
4
0 5 3 0
0 13 1 2
0 60 0 1
0 61 -1 0
45
end_operator
begin_operator
do-grind p5 grinder0 smooth natural glazed untreated
2
23 0
61 0
2
0 5 1 2
0 13 1 2
45
end_operator
begin_operator
do-grind p5 grinder0 smooth natural untreated untreated
3
5 2
23 0
61 0
1
0 13 1 2
45
end_operator
begin_operator
do-grind p5 grinder0 smooth red glazed untreated
1
23 0
4
0 5 1 2
0 13 1 2
0 61 -1 0
0 62 0 1
45
end_operator
begin_operator
do-grind p5 grinder0 verysmooth blue glazed untreated
2
13 2
23 0
3
0 5 1 2
0 59 0 1
0 61 -1 0
45
end_operator
begin_operator
do-grind p5 grinder0 verysmooth mauve glazed untreated
2
13 2
23 0
3
0 5 1 2
0 60 0 1
0 61 -1 0
45
end_operator
begin_operator
do-grind p5 grinder0 verysmooth mauve varnished colourfragments
2
13 2
23 0
3
0 5 3 0
0 60 0 1
0 61 -1 0
45
end_operator
begin_operator
do-grind p5 grinder0 verysmooth natural colourfragments untreated
3
13 2
23 0
61 0
1
0 5 0 2
45
end_operator
begin_operator
do-grind p5 grinder0 verysmooth natural glazed untreated
3
13 2
23 0
61 0
1
0 5 1 2
45
end_operator
begin_operator
do-grind p5 grinder0 verysmooth red glazed untreated
2
13 2
23 0
3
0 5 1 2
0 61 -1 0
0 62 0 1
45
end_operator
begin_operator
do-grind p6 grinder0 smooth blue glazed untreated
0
4
0 7 1 2
0 14 0 1
0 63 0 1
0 65 -1 0
15
end_operator
begin_operator
do-grind p6 grinder0 smooth mauve glazed untreated
0
4
0 7 1 2
0 14 0 1
0 64 0 1
0 65 -1 0
15
end_operator
begin_operator
do-grind p6 grinder0 smooth mauve varnished colourfragments
0
4
0 7 3 0
0 14 0 1
0 64 0 1
0 65 -1 0
15
end_operator
begin_operator
do-grind p6 grinder0 smooth natural glazed untreated
1
65 0
2
0 7 1 2
0 14 0 1
15
end_operator
begin_operator
do-grind p6 grinder0 smooth natural untreated untreated
2
7 2
65 0
1
0 14 0 1
15
end_operator
begin_operator
do-grind p6 grinder0 smooth red glazed untreated
0
4
0 7 1 2
0 14 0 1
0 65 -1 0
0 66 0 1
15
end_operator
begin_operator
do-grind p6 grinder0 verysmooth blue glazed untreated
1
14 1
3
0 7 1 2
0 63 0 1
0 65 -1 0
15
end_operator
begin_operator
do-grind p6 grinder0 verysmooth mauve glazed untreated
1
14 1
3
0 7 1 2
0 64 0 1
0 65 -1 0
15
end_operator
begin_operator
do-grind p6 grinder0 verysmooth mauve varnished colourfragments
1
14 1
3
0 7 3 0
0 64 0 1
0 65 -1 0
15
end_operator
begin_operator
do-grind p6 grinder0 verysmooth natural colourfragments untreated
2
14 1
65 0
1
0 7 0 2
15
end_operator
begin_operator
do-grind p6 grinder0 verysmooth natural glazed untreated
2
14 1
65 0
1
0 7 1 2
15
end_operator
begin_operator
do-grind p6 grinder0 verysmooth red glazed untreated
1
14 1
3
0 7 1 2
0 65 -1 0
0 66 0 1
15
end_operator
begin_operator
do-immersion-varnish p1 immersion-varnisher0 mauve smooth
2
9 1
19 0
3
0 1 2 3
0 44 -1 0
0 45 -1 1
10
end_operator
begin_operator
do-immersion-varnish p1 immersion-varnisher0 mauve verysmooth
2
9 2
19 0
3
0 1 2 3
0 44 -1 0
0 45 -1 1
10
end_operator
begin_operator
do-immersion-varnish p3 immersion-varnisher0 mauve smooth
2
11 1
21 0
3
0 3 2 3
0 52 -1 0
0 53 -1 1
10
end_operator
begin_operator
do-immersion-varnish p3 immersion-varnisher0 mauve verysmooth
2
11 2
21 0
3
0 3 2 3
0 52 -1 0
0 53 -1 1
10
end_operator
begin_operator
do-immersion-varnish p4 immersion-varnisher0 mauve smooth
2
12 1
22 0
3
0 4 2 3
0 56 -1 0
0 57 -1 1
10
end_operator
begin_operator
do-immersion-varnish p4 immersion-varnisher0 mauve verysmooth
2
12 2
22 0
3
0 4 2 3
0 56 -1 0
0 57 -1 1
10
end_operator
begin_operator
do-immersion-varnish p5 immersion-varnisher0 mauve smooth
2
13 1
23 0
3
0 5 2 3
0 60 -1 0
0 61 -1 1
10
end_operator
begin_operator
do-immersion-varnish p5 immersion-varnisher0 mauve verysmooth
2
13 2
23 0
3
0 5 2 3
0 60 -1 0
0 61 -1 1
10
end_operator
begin_operator
do-plane p0 planer0 rough blue glazed
1
18 0
4
0 0 1 2
0 8 0 1
0 39 0 1
0 41 -1 0
10
end_operator
begin_operator
do-plane p0 planer0 rough mauve glazed
1
18 0
4
0 0 1 2
0 8 0 1
0 40 0 1
0 41 -1 0
10
end_operator
begin_operator
do-plane p0 planer0 rough natural glazed
2
18 0
41 0
2
0 0 1 2
0 8 0 1
10
end_operator
begin_operator
do-plane p0 planer0 rough natural untreated
3
0 2
18 0
41 0
1
0 8 0 1
10
end_operator
begin_operator
do-plane p0 planer0 rough red glazed
1
18 0
4
0 0 1 2
0 8 0 1
0 41 -1 0
0 42 0 1
10
end_operator
begin_operator
do-plane p0 planer0 smooth blue glazed
2
8 1
18 0
3
0 0 1 2
0 39 0 1
0 41 -1 0
10
end_operator
begin_operator
do-plane p0 planer0 smooth mauve glazed
2
8 1
18 0
3
0 0 1 2
0 40 0 1
0 41 -1 0
10
end_operator
begin_operator
do-plane p0 planer0 smooth mauve varnished
2
8 1
18 0
3
0 0 3 2
0 40 0 1
0 41 -1 0
10
end_operator
begin_operator
do-plane p0 planer0 smooth natural glazed
3
8 1
18 0
41 0
1
0 0 1 2
10
end_operator
begin_operator
do-plane p0 planer0 smooth red glazed
2
8 1
18 0
3
0 0 1 2
0 41 -1 0
0 42 0 1
10
end_operator
begin_operator
do-plane p0 planer0 verysmooth blue glazed
1
18 0
4
0 0 1 2
0 8 2 1
0 39 0 1
0 41 -1 0
10
end_operator
begin_operator
do-plane p0 planer0 verysmooth mauve glazed
1
18 0
4
0 0 1 2
0 8 2 1
0 40 0 1
0 41 -1 0
10
end_operator
begin_operator
do-plane p0 planer0 verysmooth mauve varnished
1
18 0
4
0 0 3 2
0 8 2 1
0 40 0 1
0 41 -1 0
10
end_operator
begin_operator
do-plane p0 planer0 verysmooth natural colourfragments
2
18 0
41 0
2
0 0 0 2
0 8 2 1
10
end_operator
begin_operator
do-plane p0 planer0 verysmooth natural glazed
2
18 0
41 0
2
0 0 1 2
0 8 2 1
10
end_operator
begin_operator
do-plane p0 planer0 verysmooth natural untreated
3
0 2
18 0
41 0
1
0 8 2 1
10
end_operator
begin_operator
do-plane p0 planer0 verysmooth red glazed
1
18 0
4
0 0 1 2
0 8 2 1
0 41 -1 0
0 42 0 1
10
end_operator
begin_operator
do-plane p1 planer0 rough blue glazed
1
19 0
4
0 1 1 2
0 9 0 1
0 43 0 1
0 45 -1 0
20
end_operator
begin_operator
do-plane p1 planer0 rough mauve glazed
1
19 0
4
0 1 1 2
0 9 0 1
0 44 0 1
0 45 -1 0
20
end_operator
begin_operator
do-plane p1 planer0 rough natural glazed
2
19 0
45 0
2
0 1 1 2
0 9 0 1
20
end_operator
begin_operator
do-plane p1 planer0 rough natural untreated
3
1 2
19 0
45 0
1
0 9 0 1
20
end_operator
begin_operator
do-plane p1 planer0 rough red glazed
1
19 0
4
0 1 1 2
0 9 0 1
0 45 -1 0
0 46 0 1
20
end_operator
begin_operator
do-plane p1 planer0 smooth blue glazed
2
9 1
19 0
3
0 1 1 2
0 43 0 1
0 45 -1 0
20
end_operator
begin_operator
do-plane p1 planer0 smooth mauve glazed
2
9 1
19 0
3
0 1 1 2
0 44 0 1
0 45 -1 0
20
end_operator
begin_operator
do-plane p1 planer0 smooth mauve varnished
2
9 1
19 0
3
0 1 3 2
0 44 0 1
0 45 -1 0
20
end_operator
begin_operator
do-plane p1 planer0 smooth natural glazed
3
9 1
19 0
45 0
1
0 1 1 2
20
end_operator
begin_operator
do-plane p1 planer0 smooth red glazed
2
9 1
19 0
3
0 1 1 2
0 45 -1 0
0 46 0 1
20
end_operator
begin_operator
do-plane p1 planer0 verysmooth blue glazed
1
19 0
4
0 1 1 2
0 9 2 1
0 43 0 1
0 45 -1 0
20
end_operator
begin_operator
do-plane p1 planer0 verysmooth mauve glazed
1
19 0
4
0 1 1 2
0 9 2 1
0 44 0 1
0 45 -1 0
20
end_operator
begin_operator
do-plane p1 planer0 verysmooth mauve varnished
1
19 0
4
0 1 3 2
0 9 2 1
0 44 0 1
0 45 -1 0
20
end_operator
begin_operator
do-plane p1 planer0 verysmooth natural colourfragments
2
19 0
45 0
2
0 1 0 2
0 9 2 1
20
end_operator
begin_operator
do-plane p1 planer0 verysmooth natural glazed
2
19 0
45 0
2
0 1 1 2
0 9 2 1
20
end_operator
begin_operator
do-plane p1 planer0 verysmooth natural untreated
3
1 2
19 0
45 0
1
0 9 2 1
20
end_operator
begin_operator
do-plane p1 planer0 verysmooth red glazed
1
19 0
4
0 1 1 2
0 9 2 1
0 45 -1 0
0 46 0 1
20
end_operator
begin_operator
do-plane p2 planer0 rough blue glazed
1
20 0
4
0 2 1 2
0 10 0 1
0 47 0 1
0 49 -1 0
10
end_operator
begin_operator
do-plane p2 planer0 rough mauve glazed
1
20 0
4
0 2 1 2
0 10 0 1
0 48 0 1
0 49 -1 0
10
end_operator
begin_operator
do-plane p2 planer0 rough natural glazed
2
20 0
49 0
2
0 2 1 2
0 10 0 1
10
end_operator
begin_operator
do-plane p2 planer0 rough natural untreated
3
2 2
20 0
49 0
1
0 10 0 1
10
end_operator
begin_operator
do-plane p2 planer0 rough red glazed
1
20 0
4
0 2 1 2
0 10 0 1
0 49 -1 0
0 50 0 1
10
end_operator
begin_operator
do-plane p2 planer0 smooth blue glazed
2
10 1
20 0
3
0 2 1 2
0 47 0 1
0 49 -1 0
10
end_operator
begin_operator
do-plane p2 planer0 smooth mauve glazed
2
10 1
20 0
3
0 2 1 2
0 48 0 1
0 49 -1 0
10
end_operator
begin_operator
do-plane p2 planer0 smooth mauve varnished
2
10 1
20 0
3
0 2 3 2
0 48 0 1
0 49 -1 0
10
end_operator
begin_operator
do-plane p2 planer0 smooth natural glazed
3
10 1
20 0
49 0
1
0 2 1 2
10
end_operator
begin_operator
do-plane p2 planer0 smooth red glazed
2
10 1
20 0
3
0 2 1 2
0 49 -1 0
0 50 0 1
10
end_operator
begin_operator
do-plane p2 planer0 verysmooth blue glazed
1
20 0
4
0 2 1 2
0 10 2 1
0 47 0 1
0 49 -1 0
10
end_operator
begin_operator
do-plane p2 planer0 verysmooth mauve glazed
1
20 0
4
0 2 1 2
0 10 2 1
0 48 0 1
0 49 -1 0
10
end_operator
begin_operator
do-plane p2 planer0 verysmooth mauve varnished
1
20 0
4
0 2 3 2
0 10 2 1
0 48 0 1
0 49 -1 0
10
end_operator
begin_operator
do-plane p2 planer0 verysmooth natural colourfragments
2
20 0
49 0
2
0 2 0 2
0 10 2 1
10
end_operator
begin_operator
do-plane p2 planer0 verysmooth natural glazed
2
20 0
49 0
2
0 2 1 2
0 10 2 1
10
end_operator
begin_operator
do-plane p2 planer0 verysmooth natural untreated
3
2 2
20 0
49 0
1
0 10 2 1
10
end_operator
begin_operator
do-plane p2 planer0 verysmooth red glazed
1
20 0
4
0 2 1 2
0 10 2 1
0 49 -1 0
0 50 0 1
10
end_operator
begin_operator
do-plane p3 planer0 rough blue glazed
1
21 0
4
0 3 1 2
0 11 0 1
0 51 0 1
0 53 -1 0
20
end_operator
begin_operator
do-plane p3 planer0 rough mauve glazed
1
21 0
4
0 3 1 2
0 11 0 1
0 52 0 1
0 53 -1 0
20
end_operator
begin_operator
do-plane p3 planer0 rough natural glazed
2
21 0
53 0
2
0 3 1 2
0 11 0 1
20
end_operator
begin_operator
do-plane p3 planer0 rough natural untreated
3
3 2
21 0
53 0
1
0 11 0 1
20
end_operator
begin_operator
do-plane p3 planer0 rough red glazed
1
21 0
4
0 3 1 2
0 11 0 1
0 53 -1 0
0 54 0 1
20
end_operator
begin_operator
do-plane p3 planer0 smooth blue glazed
2
11 1
21 0
3
0 3 1 2
0 51 0 1
0 53 -1 0
20
end_operator
begin_operator
do-plane p3 planer0 smooth mauve glazed
2
11 1
21 0
3
0 3 1 2
0 52 0 1
0 53 -1 0
20
end_operator
begin_operator
do-plane p3 planer0 smooth mauve varnished
2
11 1
21 0
3
0 3 3 2
0 52 0 1
0 53 -1 0
20
end_operator
begin_operator
do-plane p3 planer0 smooth natural glazed
3
11 1
21 0
53 0
1
0 3 1 2
20
end_operator
begin_operator
do-plane p3 planer0 smooth red glazed
2
11 1
21 0
3
0 3 1 2
0 53 -1 0
0 54 0 1
20
end_operator
begin_operator
do-plane p3 planer0 verysmooth blue glazed
1
21 0
4
0 3 1 2
0 11 2 1
0 51 0 1
0 53 -1 0
20
end_operator
begin_operator
do-plane p3 planer0 verysmooth mauve glazed
1
21 0
4
0 3 1 2
0 11 2 1
0 52 0 1
0 53 -1 0
20
end_operator
begin_operator
do-plane p3 planer0 verysmooth mauve varnished
1
21 0
4
0 3 3 2
0 11 2 1
0 52 0 1
0 53 -1 0
20
end_operator
begin_operator
do-plane p3 planer0 verysmooth natural colourfragments
2
21 0
53 0
2
0 3 0 2
0 11 2 1
20
end_operator
begin_operator
do-plane p3 planer0 verysmooth natural glazed
2
21 0
53 0
2
0 3 1 2
0 11 2 1
20
end_operator
begin_operator
do-plane p3 planer0 verysmooth natural untreated
3
3 2
21 0
53 0
1
0 11 2 1
20
end_operator
begin_operator
do-plane p3 planer0 verysmooth red glazed
1
21 0
4
0 3 1 2
0 11 2 1
0 53 -1 0
0 54 0 1
20
end_operator
begin_operator
do-plane p4 planer0 rough blue glazed
1
22 0
4
0 4 1 2
0 12 0 1
0 55 0 1
0 57 -1 0
30
end_operator
begin_operator
do-plane p4 planer0 rough mauve glazed
1
22 0
4
0 4 1 2
0 12 0 1
0 56 0 1
0 57 -1 0
30
end_operator
begin_operator
do-plane p4 planer0 rough natural glazed
2
22 0
57 0
2
0 4 1 2
0 12 0 1
30
end_operator
begin_operator
do-plane p4 planer0 rough natural untreated
3
4 2
22 0
57 0
1
0 12 0 1
30
end_operator
begin_operator
do-plane p4 planer0 rough red glazed
1
22 0
4
0 4 1 2
0 12 0 1
0 57 -1 0
0 58 0 1
30
end_operator
begin_operator
do-plane p4 planer0 smooth blue glazed
2
12 1
22 0
3
0 4 1 2
0 55 0 1
0 57 -1 0
30
end_operator
begin_operator
do-plane p4 planer0 smooth mauve glazed
2
12 1
22 0
3
0 4 1 2
0 56 0 1
0 57 -1 0
30
end_operator
begin_operator
do-plane p4 planer0 smooth mauve varnished
2
12 1
22 0
3
0 4 3 2
0 56 0 1
0 57 -1 0
30
end_operator
begin_operator
do-plane p4 planer0 smooth natural glazed
3
12 1
22 0
57 0
1
0 4 1 2
30
end_operator
begin_operator
do-plane p4 planer0 smooth red glazed
2
12 1
22 0
3
0 4 1 2
0 57 -1 0
0 58 0 1
30
end_operator
begin_operator
do-plane p4 planer0 verysmooth blue glazed
1
22 0
4
0 4 1 2
0 12 2 1
0 55 0 1
0 57 -1 0
30
end_operator
begin_operator
do-plane p4 planer0 verysmooth mauve glazed
1
22 0
4
0 4 1 2
0 12 2 1
0 56 0 1
0 57 -1 0
30
end_operator
begin_operator
do-plane p4 planer0 verysmooth mauve varnished
1
22 0
4
0 4 3 2
0 12 2 1
0 56 0 1
0 57 -1 0
30
end_operator
begin_operator
do-plane p4 planer0 verysmooth natural colourfragments
2
22 0
57 0
2
0 4 0 2
0 12 2 1
30
end_operator
begin_operator
do-plane p4 planer0 verysmooth natural glazed
2
22 0
57 0
2
0 4 1 2
0 12 2 1
30
end_operator
begin_operator
do-plane p4 planer0 verysmooth natural untreated
3
4 2
22 0
57 0
1
0 12 2 1
30
end_operator
begin_operator
do-plane p4 planer0 verysmooth red glazed
1
22 0
4
0 4 1 2
0 12 2 1
0 57 -1 0
0 58 0 1
30
end_operator
begin_operator
do-plane p5 planer0 rough blue glazed
1
23 0
4
0 5 1 2
0 13 0 1
0 59 0 1
0 61 -1 0
30
end_operator
begin_operator
do-plane p5 planer0 rough mauve glazed
1
23 0
4
0 5 1 2
0 13 0 1
0 60 0 1
0 61 -1 0
30
end_operator
begin_operator
do-plane p5 planer0 rough natural glazed
2
23 0
61 0
2
0 5 1 2
0 13 0 1
30
end_operator
begin_operator
do-plane p5 planer0 rough natural untreated
3
5 2
23 0
61 0
1
0 13 0 1
30
end_operator
begin_operator
do-plane p5 planer0 rough red glazed
1
23 0
4
0 5 1 2
0 13 0 1
0 61 -1 0
0 62 0 1
30
end_operator
begin_operator
do-plane p5 planer0 smooth blue glazed
2
13 1
23 0
3
0 5 1 2
0 59 0 1
0 61 -1 0
30
end_operator
begin_operator
do-plane p5 planer0 smooth mauve glazed
2
13 1
23 0
3
0 5 1 2
0 60 0 1
0 61 -1 0
30
end_operator
begin_operator
do-plane p5 planer0 smooth mauve varnished
2
13 1
23 0
3
0 5 3 2
0 60 0 1
0 61 -1 0
30
end_operator
begin_operator
do-plane p5 planer0 smooth natural glazed
3
13 1
23 0
61 0
1
0 5 1 2
30
end_operator
begin_operator
do-plane p5 planer0 smooth red glazed
2
13 1
23 0
3
0 5 1 2
0 61 -1 0
0 62 0 1
30
end_operator
begin_operator
do-plane p5 planer0 verysmooth blue glazed
1
23 0
4
0 5 1 2
0 13 2 1
0 59 0 1
0 61 -1 0
30
end_operator
begin_operator
do-plane p5 planer0 verysmooth mauve glazed
1
23 0
4
0 5 1 2
0 13 2 1
0 60 0 1
0 61 -1 0
30
end_operator
begin_operator
do-plane p5 planer0 verysmooth mauve varnished
1
23 0
4
0 5 3 2
0 13 2 1
0 60 0 1
0 61 -1 0
30
end_operator
begin_operator
do-plane p5 planer0 verysmooth natural colourfragments
2
23 0
61 0
2
0 5 0 2
0 13 2 1
30
end_operator
begin_operator
do-plane p5 planer0 verysmooth natural glazed
2
23 0
61 0
2
0 5 1 2
0 13 2 1
30
end_operator
begin_operator
do-plane p5 planer0 verysmooth natural untreated
3
5 2
23 0
61 0
1
0 13 2 1
30
end_operator
begin_operator
do-plane p5 planer0 verysmooth red glazed
1
23 0
4
0 5 1 2
0 13 2 1
0 61 -1 0
0 62 0 1
30
end_operator
begin_operator
do-plane p6 planer0 smooth blue glazed
1
14 0
3
0 7 1 2
0 63 0 1
0 65 -1 0
10
end_operator
begin_operator
do-plane p6 planer0 smooth mauve glazed
1
14 0
3
0 7 1 2
0 64 0 1
0 65 -1 0
10
end_operator
begin_operator
do-plane p6 planer0 smooth mauve varnished
1
14 0
3
0 7 3 2
0 64 0 1
0 65 -1 0
10
end_operator
begin_operator
do-plane p6 planer0 smooth natural glazed
2
14 0
65 0
1
0 7 1 2
10
end_operator
begin_operator
do-plane p6 planer0 smooth red glazed
1
14 0
3
0 7 1 2
0 65 -1 0
0 66 0 1
10
end_operator
begin_operator
do-plane p6 planer0 verysmooth blue glazed
0
4
0 7 1 2
0 14 1 0
0 63 0 1
0 65 -1 0
10
end_operator
begin_operator
do-plane p6 planer0 verysmooth mauve glazed
0
4
0 7 1 2
0 14 1 0
0 64 0 1
0 65 -1 0
10
end_operator
begin_operator
do-plane p6 planer0 verysmooth mauve varnished
0
4
0 7 3 2
0 14 1 0
0 64 0 1
0 65 -1 0
10
end_operator
begin_operator
do-plane p6 planer0 verysmooth natural colourfragments
1
65 0
2
0 7 0 2
0 14 1 0
10
end_operator
begin_operator
do-plane p6 planer0 verysmooth natural glazed
1
65 0
2
0 7 1 2
0 14 1 0
10
end_operator
begin_operator
do-plane p6 planer0 verysmooth natural untreated
2
7 2
65 0
1
0 14 1 0
10
end_operator
begin_operator
do-plane p6 planer0 verysmooth red glazed
0
4
0 7 1 2
0 14 1 0
0 65 -1 0
0 66 0 1
10
end_operator
begin_operator
do-saw-large b0 p4 saw0 teak smooth s10 s8 s9 s7
1
15 0
5
0 4 4 2
0 12 -1 1
0 22 -1 0
0 32 -1 0
0 57 -1 0
30
end_operator
begin_operator
do-saw-large b0 p4 saw0 teak smooth s3 s1 s2 s0
2
15 0
28 0
4
0 4 4 2
0 12 -1 1
0 22 -1 0
0 57 -1 0
30
end_operator
begin_operator
do-saw-large b0 p4 saw0 teak smooth s4 s2 s3 s1
2
15 0
29 0
5
0 4 4 2
0 12 -1 1
0 22 -1 0
0 26 -1 0
0 57 -1 0
30
end_operator
begin_operator
do-saw-large b0 p4 saw0 teak smooth s5 s3 s4 s2
2
15 0
30 0
5
0 4 4 2
0 12 -1 1
0 22 -1 0
0 27 -1 0
0 57 -1 0
30
end_operator
begin_operator
do-saw-large b0 p4 saw0 teak smooth s6 s4 s5 s3
2
15 0
31 0
5
0 4 4 2
0 12 -1 1
0 22 -1 0
0 28 -1 0
0 57 -1 0
30
end_operator
begin_operator
do-saw-large b0 p4 saw0 teak smooth s7 s5 s6 s4
2
15 0
32 0
5
0 4 4 2
0 12 -1 1
0 22 -1 0
0 29 -1 0
0 57 -1 0
30
end_operator
begin_operator
do-saw-large b0 p4 saw0 teak smooth s8 s6 s7 s5
2
15 0
33 0
5
0 4 4 2
0 12 -1 1
0 22 -1 0
0 30 -1 0
0 57 -1 0
30
end_operator
begin_operator
do-saw-large b0 p4 saw0 teak smooth s9 s7 s8 s6
2
15 0
34 0
5
0 4 4 2
0 12 -1 1
0 22 -1 0
0 31 -1 0
0 57 -1 0
30
end_operator
begin_operator
do-saw-large b0 p5 saw0 teak smooth s10 s8 s9 s7
1
15 0
6
0 5 4 2
0 13 -1 1
0 23 -1 0
0 25 -1 0
0 32 -1 0
0 61 -1 0
30
end_operator
begin_operator
do-saw-large b0 p5 saw0 teak smooth s3 s1 s2 s0
2
15 0
28 0
5
0 5 4 2
0 13 -1 1
0 23 -1 0
0 25 -1 0
0 61 -1 0
30
end_operator
begin_operator
do-saw-large b0 p5 saw0 teak smooth s4 s2 s3 s1
2
15 0
29 0
6
0 5 4 2
0 13 -1 1
0 23 -1 0
0 25 -1 0
0 26 -1 0
0 61 -1 0
30
end_operator
begin_operator
do-saw-large b0 p5 saw0 teak smooth s5 s3 s4 s2
2
15 0
30 0
6
0 5 4 2
0 13 -1 1
0 23 -1 0
0 25 -1 0
0 27 -1 0
0 61 -1 0
30
end_operator
begin_operator
do-saw-large b0 p5 saw0 teak smooth s6 s4 s5 s3
2
15 0
31 0
6
0 5 4 2
0 13 -1 1
0 23 -1 0
0 25 -1 0
0 28 -1 0
0 61 -1 0
30
end_operator
begin_operator
do-saw-large b0 p5 saw0 teak smooth s7 s5 s6 s4
2
15 0
32 0
6
0 5 4 2
0 13 -1 1
0 23 -1 0
0 25 -1 0
0 29 -1 0
0 61 -1 0
30
end_operator
begin_operator
do-saw-large b0 p5 saw0 teak smooth s8 s6 s7 s5
2
15 0
33 0
6
0 5 4 2
0 13 -1 1
0 23 -1 0
0 25 -1 0
0 30 -1 0
0 61 -1 0
30
end_operator
begin_operator
do-saw-large b0 p5 saw0 teak smooth s9 s7 s8 s6
2
15 0
34 0
6
0 5 4 2
0 13 -1 1
0 23 -1 0
0 25 -1 0
0 31 -1 0
0 61 -1 0
30
end_operator
begin_operator
do-saw-large b1 p4 saw0 teak rough s3 s1 s2 s0
2
16 0
37 0
4
0 4 4 2
0 12 -1 0
0 22 -1 0
0 57 -1 0
30
end_operator
begin_operator
do-saw-large b1 p4 saw0 teak rough s4 s2 s3 s1
1
16 0
5
0 4 4 2
0 12 -1 0
0 22 -1 0
0 35 -1 0
0 57 -1 0
30
end_operator
begin_operator
do-saw-large b1 p5 saw0 teak rough s3 s1 s2 s0
2
16 0
37 0
5
0 5 4 2
0 13 -1 0
0 23 -1 0
0 25 -1 0
0 61 -1 0
30
end_operator
begin_operator
do-saw-large b1 p5 saw0 teak rough s4 s2 s3 s1
1
16 0
6
0 5 4 2
0 13 -1 0
0 23 -1 0
0 25 -1 0
0 35 -1 0
0 61 -1 0
30
end_operator
begin_operator
do-saw-medium b0 p1 saw0 teak smooth s10 s9 s8
1
15 0
5
0 1 4 2
0 9 -1 1
0 19 -1 0
0 33 -1 0
0 45 -1 0
30
end_operator
begin_operator
do-saw-medium b0 p1 saw0 teak smooth s2 s1 s0
2
15 0
27 0
4
0 1 4 2
0 9 -1 1
0 19 -1 0
0 45 -1 0
30
end_operator
begin_operator
do-saw-medium b0 p1 saw0 teak smooth s3 s2 s1
2
15 0
28 0
5
0 1 4 2
0 9 -1 1
0 19 -1 0
0 26 -1 0
0 45 -1 0
30
end_operator
begin_operator
do-saw-medium b0 p1 saw0 teak smooth s4 s3 s2
2
15 0
29 0
5
0 1 4 2
0 9 -1 1
0 19 -1 0
0 27 -1 0
0 45 -1 0
30
end_operator
begin_operator
do-saw-medium b0 p1 saw0 teak smooth s5 s4 s3
2
15 0
30 0
5
0 1 4 2
0 9 -1 1
0 19 -1 0
0 28 -1 0
0 45 -1 0
30
end_operator
begin_operator
do-saw-medium b0 p1 saw0 teak smooth s6 s5 s4
2
15 0
31 0
5
0 1 4 2
0 9 -1 1
0 19 -1 0
0 29 -1 0
0 45 -1 0
30
end_operator
begin_operator
do-saw-medium b0 p1 saw0 teak smooth s7 s6 s5
2
15 0
32 0
5
0 1 4 2
0 9 -1 1
0 19 -1 0
0 30 -1 0
0 45 -1 0
30
end_operator
begin_operator
do-saw-medium b0 p1 saw0 teak smooth s8 s7 s6
2
15 0
33 0
5
0 1 4 2
0 9 -1 1
0 19 -1 0
0 31 -1 0
0 45 -1 0
30
end_operator
begin_operator
do-saw-medium b0 p1 saw0 teak smooth s9 s8 s7
2
15 0
34 0
5
0 1 4 2
0 9 -1 1
0 19 -1 0
0 32 -1 0
0 45 -1 0
30
end_operator
begin_operator
do-saw-medium b0 p3 saw0 teak smooth s10 s9 s8
1
15 0
6
0 3 4 2
0 11 -1 1
0 21 -1 0
0 24 -1 0
0 33 -1 0
0 53 -1 0
30
end_operator
begin_operator
do-saw-medium b0 p3 saw0 teak smooth s2 s1 s0
2
15 0
27 0
5
0 3 4 2
0 11 -1 1
0 21 -1 0
0 24 -1 0
0 53 -1 0
30
end_operator
begin_operator
do-saw-medium b0 p3 saw0 teak smooth s3 s2 s1
2
15 0
28 0
6
0 3 4 2
0 11 -1 1
0 21 -1 0
0 24 -1 0
0 26 -1 0
0 53 -1 0
30
end_operator
begin_operator
do-saw-medium b0 p3 saw0 teak smooth s4 s3 s2
2
15 0
29 0
6
0 3 4 2
0 11 -1 1
0 21 -1 0
0 24 -1 0
0 27 -1 0
0 53 -1 0
30
end_operator
begin_operator
do-saw-medium b0 p3 saw0 teak smooth s5 s4 s3
2
15 0
30 0
6
0 3 4 2
0 11 -1 1
0 21 -1 0
0 24 -1 0
0 28 -1 0
0 53 -1 0
30
end_operator
begin_operator
do-saw-medium b0 p3 saw0 teak smooth s6 s5 s4
2
15 0
31 0
6
0 3 4 2
0 11 -1 1
0 21 -1 0
0 24 -1 0
0 29 -1 0
0 53 -1 0
30
end_operator
begin_operator
do-saw-medium b0 p3 saw0 teak smooth s7 s6 s5
2
15 0
32 0
6
0 3 4 2
0 11 -1 1
0 21 -1 0
0 24 -1 0
0 30 -1 0
0 53 -1 0
30
end_operator
begin_operator
do-saw-medium b0 p3 saw0 teak smooth s8 s7 s6
2
15 0
33 0
6
0 3 4 2
0 11 -1 1
0 21 -1 0
0 24 -1 0
0 31 -1 0
0 53 -1 0
30
end_operator
begin_operator
do-saw-medium b0 p3 saw0 teak smooth s9 s8 s7
2
15 0
34 0
6
0 3 4 2
0 11 -1 1
0 21 -1 0
0 24 -1 0
0 32 -1 0
0 53 -1 0
30
end_operator
begin_operator
do-saw-medium b1 p1 saw0 teak rough s2 s1 s0
2
16 0
36 0
4
0 1 4 2
0 9 -1 0
0 19 -1 0
0 45 -1 0
30
end_operator
begin_operator
do-saw-medium b1 p1 saw0 teak rough s3 s2 s1
2
16 0
37 0
5
0 1 4 2
0 9 -1 0
0 19 -1 0
0 35 -1 0
0 45 -1 0
30
end_operator
begin_operator
do-saw-medium b1 p1 saw0 teak rough s4 s3 s2
1
16 0
5
0 1 4 2
0 9 -1 0
0 19 -1 0
0 36 -1 0
0 45 -1 0
30
end_operator
begin_operator
do-saw-medium b1 p3 saw0 teak rough s2 s1 s0
2
16 0
36 0
5
0 3 4 2
0 11 -1 0
0 21 -1 0
0 24 -1 0
0 53 -1 0
30
end_operator
begin_operator
do-saw-medium b1 p3 saw0 teak rough s3 s2 s1
2
16 0
37 0
6
0 3 4 2
0 11 -1 0
0 21 -1 0
0 24 -1 0
0 35 -1 0
0 53 -1 0
30
end_operator
begin_operator
do-saw-medium b1 p3 saw0 teak rough s4 s3 s2
1
16 0
6
0 3 4 2
0 11 -1 0
0 21 -1 0
0 24 -1 0
0 36 -1 0
0 53 -1 0
30
end_operator
begin_operator
do-saw-medium b2 p1 saw0 oak smooth s2 s1 s0
1
17 0
4
0 1 4 2
0 9 -1 1
0 19 -1 0
0 45 -1 0
30
end_operator
begin_operator
do-saw-small b0 p0 saw0 teak smooth s1 s0
2
15 0
26 0
4
0 0 4 2
0 8 -1 1
0 18 -1 0
0 41 -1 0
30
end_operator
begin_operator
do-saw-small b0 p0 saw0 teak smooth s10 s9
1
15 0
5
0 0 4 2
0 8 -1 1
0 18 -1 0
0 34 -1 0
0 41 -1 0
30
end_operator
begin_operator
do-saw-small b0 p0 saw0 teak smooth s2 s1
2
15 0
27 0
5
0 0 4 2
0 8 -1 1
0 18 -1 0
0 26 -1 0
0 41 -1 0
30
end_operator
begin_operator
do-saw-small b0 p0 saw0 teak smooth s3 s2
2
15 0
28 0
5
0 0 4 2
0 8 -1 1
0 18 -1 0
0 27 -1 0
0 41 -1 0
30
end_operator
begin_operator
do-saw-small b0 p0 saw0 teak smooth s4 s3
2
15 0
29 0
5
0 0 4 2
0 8 -1 1
0 18 -1 0
0 28 -1 0
0 41 -1 0
30
end_operator
begin_operator
do-saw-small b0 p0 saw0 teak smooth s5 s4
2
15 0
30 0
5
0 0 4 2
0 8 -1 1
0 18 -1 0
0 29 -1 0
0 41 -1 0
30
end_operator
begin_operator
do-saw-small b0 p0 saw0 teak smooth s6 s5
2
15 0
31 0
5
0 0 4 2
0 8 -1 1
0 18 -1 0
0 30 -1 0
0 41 -1 0
30
end_operator
begin_operator
do-saw-small b0 p0 saw0 teak smooth s7 s6
2
15 0
32 0
5
0 0 4 2
0 8 -1 1
0 18 -1 0
0 31 -1 0
0 41 -1 0
30
end_operator
begin_operator
do-saw-small b0 p0 saw0 teak smooth s8 s7
2
15 0
33 0
5
0 0 4 2
0 8 -1 1
0 18 -1 0
0 32 -1 0
0 41 -1 0
30
end_operator
begin_operator
do-saw-small b0 p0 saw0 teak smooth s9 s8
2
15 0
34 0
5
0 0 4 2
0 8 -1 1
0 18 -1 0
0 33 -1 0
0 41 -1 0
30
end_operator
begin_operator
do-saw-small b0 p2 saw0 teak smooth s1 s0
2
15 0
26 0
4
0 2 4 2
0 10 -1 1
0 20 -1 0
0 49 -1 0
30
end_operator
begin_operator
do-saw-small b0 p2 saw0 teak smooth s10 s9
1
15 0
5
0 2 4 2
0 10 -1 1
0 20 -1 0
0 34 -1 0
0 49 -1 0
30
end_operator
begin_operator
do-saw-small b0 p2 saw0 teak smooth s2 s1
2
15 0
27 0
5
0 2 4 2
0 10 -1 1
0 20 -1 0
0 26 -1 0
0 49 -1 0
30
end_operator
begin_operator
do-saw-small b0 p2 saw0 teak smooth s3 s2
2
15 0
28 0
5
0 2 4 2
0 10 -1 1
0 20 -1 0
0 27 -1 0
0 49 -1 0
30
end_operator
begin_operator
do-saw-small b0 p2 saw0 teak smooth s4 s3
2
15 0
29 0
5
0 2 4 2
0 10 -1 1
0 20 -1 0
0 28 -1 0
0 49 -1 0
30
end_operator
begin_operator
do-saw-small b0 p2 saw0 teak smooth s5 s4
2
15 0
30 0
5
0 2 4 2
0 10 -1 1
0 20 -1 0
0 29 -1 0
0 49 -1 0
30
end_operator
begin_operator
do-saw-small b0 p2 saw0 teak smooth s6 s5
2
15 0
31 0
5
0 2 4 2
0 10 -1 1
0 20 -1 0
0 30 -1 0
0 49 -1 0
30
end_operator
begin_operator
do-saw-small b0 p2 saw0 teak smooth s7 s6
2
15 0
32 0
5
0 2 4 2
0 10 -1 1
0 20 -1 0
0 31 -1 0
0 49 -1 0
30
end_operator
begin_operator
do-saw-small b0 p2 saw0 teak smooth s8 s7
2
15 0
33 0
5
0 2 4 2
0 10 -1 1
0 20 -1 0
0 32 -1 0
0 49 -1 0
30
end_operator
begin_operator
do-saw-small b0 p2 saw0 teak smooth s9 s8
2
15 0
34 0
5
0 2 4 2
0 10 -1 1
0 20 -1 0
0 33 -1 0
0 49 -1 0
30
end_operator
begin_operator
do-saw-small b1 p0 saw0 teak rough s1 s0
2
16 0
35 0
4
0 0 4 2
0 8 -1 0
0 18 -1 0
0 41 -1 0
30
end_operator
begin_operator
do-saw-small b1 p0 saw0 teak rough s2 s1
2
16 0
36 0
5
0 0 4 2
0 8 -1 0
0 18 -1 0
0 35 -1 0
0 41 -1 0
30
end_operator
begin_operator
do-saw-small b1 p0 saw0 teak rough s3 s2
2
16 0
37 0
5
0 0 4 2
0 8 -1 0
0 18 -1 0
0 36 -1 0
0 41 -1 0
30
end_operator
begin_operator
do-saw-small b1 p0 saw0 teak rough s4 s3
1
16 0
5
0 0 4 2
0 8 -1 0
0 18 -1 0
0 37 -1 0
0 41 -1 0
30
end_operator
begin_operator
do-saw-small b1 p2 saw0 teak rough s1 s0
2
16 0
35 0
4
0 2 4 2
0 10 -1 0
0 20 -1 0
0 49 -1 0
30
end_operator
begin_operator
do-saw-small b1 p2 saw0 teak rough s2 s1
2
16 0
36 0
5
0 2 4 2
0 10 -1 0
0 20 -1 0
0 35 -1 0
0 49 -1 0
30
end_operator
begin_operator
do-saw-small b1 p2 saw0 teak rough s3 s2
2
16 0
37 0
5
0 2 4 2
0 10 -1 0
0 20 -1 0
0 36 -1 0
0 49 -1 0
30
end_operator
begin_operator
do-saw-small b1 p2 saw0 teak rough s4 s3
1
16 0
5
0 2 4 2
0 10 -1 0
0 20 -1 0
0 37 -1 0
0 49 -1 0
30
end_operator
begin_operator
do-saw-small b2 p0 saw0 oak smooth s1 s0
2
17 0
38 0
4
0 0 4 2
0 8 -1 1
0 18 -1 0
0 41 -1 0
30
end_operator
begin_operator
do-saw-small b2 p0 saw0 oak smooth s2 s1
1
17 0
5
0 0 4 2
0 8 -1 1
0 18 -1 0
0 38 -1 0
0 41 -1 0
30
end_operator
begin_operator
do-saw-small b2 p2 saw0 oak smooth s1 s0
2
17 0
38 0
4
0 2 4 2
0 10 -1 1
0 20 -1 0
0 49 -1 0
30
end_operator
begin_operator
do-saw-small b2 p2 saw0 oak smooth s2 s1
1
17 0
5
0 2 4 2
0 10 -1 1
0 20 -1 0
0 38 -1 0
0 49 -1 0
30
end_operator
begin_operator
do-spray-varnish p0 spray-varnisher0 mauve smooth
2
8 1
18 0
3
0 0 2 3
0 40 -1 0
0 41 -1 1
5
end_operator
begin_operator
do-spray-varnish p0 spray-varnisher0 mauve verysmooth
2
8 2
18 0
3
0 0 2 3
0 40 -1 0
0 41 -1 1
5
end_operator
begin_operator
do-spray-varnish p2 spray-varnisher0 mauve smooth
2
10 1
20 0
3
0 2 2 3
0 48 -1 0
0 49 -1 1
5
end_operator
begin_operator
do-spray-varnish p2 spray-varnisher0 mauve verysmooth
2
10 2
20 0
3
0 2 2 3
0 48 -1 0
0 49 -1 1
5
end_operator
begin_operator
do-spray-varnish p6 spray-varnisher0 mauve smooth
1
14 0
3
0 7 2 3
0 64 -1 0
0 65 -1 1
5
end_operator
begin_operator
do-spray-varnish p6 spray-varnisher0 mauve verysmooth
1
14 1
3
0 7 2 3
0 64 -1 0
0 65 -1 1
5
end_operator
begin_operator
load-highspeed-saw b0 highspeed-saw0
0
2
0 6 0 1
0 15 0 1
30
end_operator
begin_operator
load-highspeed-saw b1 highspeed-saw0
0
2
0 6 0 2
0 16 0 1
30
end_operator
begin_operator
load-highspeed-saw b2 highspeed-saw0
0
2
0 6 0 3
0 17 0 1
30
end_operator
begin_operator
unload-highspeed-saw b0 highspeed-saw0
0
2
0 6 1 0
0 15 -1 0
10
end_operator
begin_operator
unload-highspeed-saw b1 highspeed-saw0
0
2
0 6 2 0
0 16 -1 0
10
end_operator
begin_operator
unload-highspeed-saw b2 highspeed-saw0
0
2
0 6 3 0
0 17 -1 0
10
end_operator
0
