Predicate:
  + (equal object object)
Action:
  - cut-board-large: ?b - board ?p - part ?m - highspeed-saw ?w - awood ?surface - surface ?size_before - aboardsize ?s1 - aboardsize ?s2 - aboardsize ?size_after - aboardsize
      pre: (and (= ?w oak) (boardsize ?b ?size_before) (boardsize-successor ?s1 ?s2) (boardsize-successor ?s2 ?size_before) (boardsize-successor ?size_after ?s1) (goalsize ?p large) (in-highspeed-saw ?b ?m) (not (= ?p p3)) (not (= ?p p5)) (surface-condition ?b ?surface) (unused ?p) (wood ?b oak))
      eff: (and (available ?p) (boardsize ?b ?size_after) (colour ?p natural) (increase (total-cost) 10) (not (unused ?p)) (surface-condition ?p ?surface) (treatment ?p untreated) (wood ?p oak))
  - cut-board-large: ?b - board ?p - part ?m - highspeed-saw ?w - awood ?surface - surface ?size_before - aboardsize ?s1 - aboardsize ?s2 - aboardsize ?size_after - aboardsize
      pre: (and (= ?w teak) (boardsize ?b ?size_before) (boardsize-successor ?s1 ?s2) (boardsize-successor ?s2 ?size_before) (boardsize-successor ?size_after ?s1) (goalsize ?p large) (in-highspeed-saw ?b ?m) (not (= ?p p6)) (surface-condition ?b ?surface) (unused ?p) (wood ?b teak))
      eff: (and (available ?p) (boardsize ?b ?size_after) (colour ?p natural) (increase (total-cost) 10) (not (unused ?p)) (surface-condition ?p ?surface) (treatment ?p untreated) (wood ?p teak))
  - cut-board-large: ?b - board ?p - part ?m - highspeed-saw ?w - awood ?surface - surface ?size_before - aboardsize ?s1 - aboardsize ?s2 - aboardsize ?size_after - aboardsize
      pre: (and (boardsize ?b ?size_before) (boardsize-successor ?s1 ?s2) (boardsize-successor ?s2 ?size_before) (boardsize-successor ?size_after ?s1) (goalsize ?p large) (in-highspeed-saw ?b ?m) (not (= ?p p3)) (not (= ?p p5)) (not (= ?p p6)) (surface-condition ?b ?surface) (unused ?p) (wood ?b ?w))
      eff: (and (available ?p) (boardsize ?b ?size_after) (colour ?p natural) (increase (total-cost) 10) (not (unused ?p)) (surface-condition ?p ?surface) (treatment ?p untreated) (wood ?p ?w))
  + cut-board-large: ?b - board ?p - part ?m - highspeed-saw ?w - awood ?surface - surface ?size_before - aboardsize ?s1 - aboardsize ?s2 - aboardsize ?size_after - aboardsize
      pre: (and (boardsize ?b ?size_before) (boardsize-successor ?s1 ?s2) (boardsize-successor ?s2 ?size_before) (boardsize-successor ?size_after ?s1) (equal ?w oak) (goalsize ?p large) (in-highspeed-saw ?b ?m) (not (equal ?p p3)) (not (equal ?p p5)) (surface-condition ?b ?surface) (unused ?p) (wood ?b oak))
      eff: (and (available ?p) (boardsize ?b ?size_after) (colour ?p natural) (increase (total-cost) 10) (not (unused ?p)) (surface-condition ?p ?surface) (treatment ?p untreated) (wood ?p oak))
  + cut-board-large: ?b - board ?p - part ?m - highspeed-saw ?w - awood ?surface - surface ?size_before - aboardsize ?s1 - aboardsize ?s2 - aboardsize ?size_after - aboardsize
      pre: (and (boardsize ?b ?size_before) (boardsize-successor ?s1 ?s2) (boardsize-successor ?s2 ?size_before) (boardsize-successor ?size_after ?s1) (equal ?w teak) (goalsize ?p large) (in-highspeed-saw ?b ?m) (not (equal ?p p6)) (surface-condition ?b ?surface) (unused ?p) (wood ?b teak))
      eff: (and (available ?p) (boardsize ?b ?size_after) (colour ?p natural) (increase (total-cost) 10) (not (unused ?p)) (surface-condition ?p ?surface) (treatment ?p untreated) (wood ?p teak))
  + cut-board-large: ?b - board ?p - part ?m - highspeed-saw ?w - awood ?surface - surface ?size_before - aboardsize ?s1 - aboardsize ?s2 - aboardsize ?size_after - aboardsize
      pre: (and (boardsize ?b ?size_before) (boardsize-successor ?s1 ?s2) (boardsize-successor ?s2 ?size_before) (boardsize-successor ?size_after ?s1) (goalsize ?p large) (in-highspeed-saw ?b ?m) (not (equal ?p p3)) (not (equal ?p p5)) (not (equal ?p p6)) (surface-condition ?b ?surface) (unused ?p) (wood ?b ?w))
      eff: (and (available ?p) (boardsize ?b ?size_after) (colour ?p natural) (increase (total-cost) 10) (not (unused ?p)) (surface-condition ?p ?surface) (treatment ?p untreated) (wood ?p ?w))
  - cut-board-medium: ?b - board ?p - part ?m - highspeed-saw ?w - awood ?surface - surface ?size_before - aboardsize ?s1 - aboardsize ?size_after - aboardsize
      pre: (and (= ?w oak) (boardsize ?b ?size_before) (boardsize-successor ?s1 ?size_before) (boardsize-successor ?size_after ?s1) (goalsize ?p medium) (in-highspeed-saw ?b ?m) (not (= ?p p3)) (not (= ?p p5)) (surface-condition ?b ?surface) (unused ?p) (wood ?b oak))
      eff: (and (available ?p) (boardsize ?b ?size_after) (colour ?p natural) (increase (total-cost) 10) (not (unused ?p)) (surface-condition ?p ?surface) (treatment ?p untreated) (wood ?p oak))
  - cut-board-medium: ?b - board ?p - part ?m - highspeed-saw ?w - awood ?surface - surface ?size_before - aboardsize ?s1 - aboardsize ?size_after - aboardsize
      pre: (and (= ?w teak) (boardsize ?b ?size_before) (boardsize-successor ?s1 ?size_before) (boardsize-successor ?size_after ?s1) (goalsize ?p medium) (in-highspeed-saw ?b ?m) (not (= ?p p6)) (surface-condition ?b ?surface) (unused ?p) (wood ?b teak))
      eff: (and (available ?p) (boardsize ?b ?size_after) (colour ?p natural) (increase (total-cost) 10) (not (unused ?p)) (surface-condition ?p ?surface) (treatment ?p untreated) (wood ?p teak))
  - cut-board-medium: ?b - board ?p - part ?m - highspeed-saw ?w - awood ?surface - surface ?size_before - aboardsize ?s1 - aboardsize ?size_after - aboardsize
      pre: (and (boardsize ?b ?size_before) (boardsize-successor ?s1 ?size_before) (boardsize-successor ?size_after ?s1) (goalsize ?p medium) (in-highspeed-saw ?b ?m) (not (= ?p p3)) (not (= ?p p5)) (not (= ?p p6)) (surface-condition ?b ?surface) (unused ?p) (wood ?b ?w))
      eff: (and (available ?p) (boardsize ?b ?size_after) (colour ?p natural) (increase (total-cost) 10) (not (unused ?p)) (surface-condition ?p ?surface) (treatment ?p untreated) (wood ?p ?w))
  + cut-board-medium: ?b - board ?p - part ?m - highspeed-saw ?w - awood ?surface - surface ?size_before - aboardsize ?s1 - aboardsize ?size_after - aboardsize
      pre: (and (boardsize ?b ?size_before) (boardsize-successor ?s1 ?size_before) (boardsize-successor ?size_after ?s1) (equal ?w oak) (goalsize ?p medium) (in-highspeed-saw ?b ?m) (not (equal ?p p3)) (not (equal ?p p5)) (surface-condition ?b ?surface) (unused ?p) (wood ?b oak))
      eff: (and (available ?p) (boardsize ?b ?size_after) (colour ?p natural) (increase (total-cost) 10) (not (unused ?p)) (surface-condition ?p ?surface) (treatment ?p untreated) (wood ?p oak))
  + cut-board-medium: ?b - board ?p - part ?m - highspeed-saw ?w - awood ?surface - surface ?size_before - aboardsize ?s1 - aboardsize ?size_after - aboardsize
      pre: (and (boardsize ?b ?size_before) (boardsize-successor ?s1 ?size_before) (boardsize-successor ?size_after ?s1) (equal ?w teak) (goalsize ?p medium) (in-highspeed-saw ?b ?m) (not (equal ?p p6)) (surface-condition ?b ?surface) (unused ?p) (wood ?b teak))
      eff: (and (available ?p) (boardsize ?b ?size_after) (colour ?p natural) (increase (total-cost) 10) (not (unused ?p)) (surface-condition ?p ?surface) (treatment ?p untreated) (wood ?p teak))
  + cut-board-medium: ?b - board ?p - part ?m - highspeed-saw ?w - awood ?surface - surface ?size_before - aboardsize ?s1 - aboardsize ?size_after - aboardsize
      pre: (and (boardsize ?b ?size_before) (boardsize-successor ?s1 ?size_before) (boardsize-successor ?size_after ?s1) (goalsize ?p medium) (in-highspeed-saw ?b ?m) (not (equal ?p p3)) (not (equal ?p p5)) (not (equal ?p p6)) (surface-condition ?b ?surface) (unused ?p) (wood ?b ?w))
      eff: (and (available ?p) (boardsize ?b ?size_after) (colour ?p natural) (increase (total-cost) 10) (not (unused ?p)) (surface-condition ?p ?surface) (treatment ?p untreated) (wood ?p ?w))
  - cut-board-small: ?b - board ?p - part ?m - highspeed-saw ?w - awood ?surface - surface ?size_before - aboardsize ?size_after - aboardsize
      pre: (and (= ?w oak) (boardsize ?b ?size_before) (boardsize-successor ?size_after ?size_before) (goalsize ?p small) (in-highspeed-saw ?b ?m) (not (= ?p p3)) (not (= ?p p5)) (surface-condition ?b ?surface) (unused ?p) (wood ?b oak))
      eff: (and (available ?p) (boardsize ?b ?size_after) (colour ?p natural) (increase (total-cost) 10) (not (unused ?p)) (surface-condition ?p ?surface) (treatment ?p untreated) (wood ?p oak))
  - cut-board-small: ?b - board ?p - part ?m - highspeed-saw ?w - awood ?surface - surface ?size_before - aboardsize ?size_after - aboardsize
      pre: (and (= ?w teak) (boardsize ?b ?size_before) (boardsize-successor ?size_after ?size_before) (goalsize ?p small) (in-highspeed-saw ?b ?m) (not (= ?p p6)) (surface-condition ?b ?surface) (unused ?p) (wood ?b teak))
      eff: (and (available ?p) (boardsize ?b ?size_after) (colour ?p natural) (increase (total-cost) 10) (not (unused ?p)) (surface-condition ?p ?surface) (treatment ?p untreated) (wood ?p teak))
  - cut-board-small: ?b - board ?p - part ?m - highspeed-saw ?w - awood ?surface - surface ?size_before - aboardsize ?size_after - aboardsize
      pre: (and (boardsize ?b ?size_before) (boardsize-successor ?size_after ?size_before) (goalsize ?p small) (in-highspeed-saw ?b ?m) (not (= ?p p3)) (not (= ?p p5)) (not (= ?p p6)) (surface-condition ?b ?surface) (unused ?p) (wood ?b ?w))
      eff: (and (available ?p) (boardsize ?b ?size_after) (colour ?p natural) (increase (total-cost) 10) (not (unused ?p)) (surface-condition ?p ?surface) (treatment ?p untreated) (wood ?p ?w))
  + cut-board-small: ?b - board ?p - part ?m - highspeed-saw ?w - awood ?surface - surface ?size_before - aboardsize ?size_after - aboardsize
      pre: (and (boardsize ?b ?size_before) (boardsize-successor ?size_after ?size_before) (equal ?w oak) (goalsize ?p small) (in-highspeed-saw ?b ?m) (not (equal ?p p3)) (not (equal ?p p5)) (surface-condition ?b ?surface) (unused ?p) (wood ?b oak))
      eff: (and (available ?p) (boardsize ?b ?size_after) (colour ?p natural) (increase (total-cost) 10) (not (unused ?p)) (surface-condition ?p ?surface) (treatment ?p untreated) (wood ?p oak))
  + cut-board-small: ?b - board ?p - part ?m - highspeed-saw ?w - awood ?surface - surface ?size_before - aboardsize ?size_after - aboardsize
      pre: (and (boardsize ?b ?size_before) (boardsize-successor ?size_after ?size_before) (equal ?w teak) (goalsize ?p small) (in-highspeed-saw ?b ?m) (not (equal ?p p6)) (surface-condition ?b ?surface) (unused ?p) (wood ?b teak))
      eff: (and (available ?p) (boardsize ?b ?size_after) (colour ?p natural) (increase (total-cost) 10) (not (unused ?p)) (surface-condition ?p ?surface) (treatment ?p untreated) (wood ?p teak))
  + cut-board-small: ?b - board ?p - part ?m - highspeed-saw ?w - awood ?surface - surface ?size_before - aboardsize ?size_after - aboardsize
      pre: (and (boardsize ?b ?size_before) (boardsize-successor ?size_after ?size_before) (goalsize ?p small) (in-highspeed-saw ?b ?m) (not (equal ?p p3)) (not (equal ?p p5)) (not (equal ?p p6)) (surface-condition ?b ?surface) (unused ?p) (wood ?b ?w))
      eff: (and (available ?p) (boardsize ?b ?size_after) (colour ?p natural) (increase (total-cost) 10) (not (unused ?p)) (surface-condition ?p ?surface) (treatment ?p untreated) (wood ?p ?w))
  - do-saw-large: ?b - board ?p - part ?m - saw ?w - awood ?surface - surface ?size_before - aboardsize ?s1 - aboardsize ?s2 - aboardsize ?size_after - aboardsize
      pre: (and (= ?w oak) (available ?b) (boardsize ?b ?size_before) (boardsize-successor ?s1 ?s2) (boardsize-successor ?s2 ?size_before) (boardsize-successor ?size_after ?s1) (goalsize ?p large) (not (= ?p p3)) (not (= ?p p5)) (surface-condition ?b ?surface) (unused ?p) (wood ?b oak))
      eff: (and (available ?p) (boardsize ?b ?size_after) (colour ?p natural) (increase (total-cost) 30) (not (unused ?p)) (surface-condition ?p ?surface) (treatment ?p untreated) (wood ?p oak))
  - do-saw-large: ?b - board ?p - part ?m - saw ?w - awood ?surface - surface ?size_before - aboardsize ?s1 - aboardsize ?s2 - aboardsize ?size_after - aboardsize
      pre: (and (= ?w teak) (available ?b) (boardsize ?b ?size_before) (boardsize-successor ?s1 ?s2) (boardsize-successor ?s2 ?size_before) (boardsize-successor ?size_after ?s1) (goalsize ?p large) (not (= ?p p6)) (surface-condition ?b ?surface) (unused ?p) (wood ?b teak))
      eff: (and (available ?p) (boardsize ?b ?size_after) (colour ?p natural) (increase (total-cost) 30) (not (unused ?p)) (surface-condition ?p ?surface) (treatment ?p untreated) (wood ?p teak))
  - do-saw-large: ?b - board ?p - part ?m - saw ?w - awood ?surface - surface ?size_before - aboardsize ?s1 - aboardsize ?s2 - aboardsize ?size_after - aboardsize
      pre: (and (available ?b) (boardsize ?b ?size_before) (boardsize-successor ?s1 ?s2) (boardsize-successor ?s2 ?size_before) (boardsize-successor ?size_after ?s1) (goalsize ?p large) (not (= ?p p3)) (not (= ?p p5)) (not (= ?p p6)) (surface-condition ?b ?surface) (unused ?p) (wood ?b ?w))
      eff: (and (available ?p) (boardsize ?b ?size_after) (colour ?p natural) (increase (total-cost) 30) (not (unused ?p)) (surface-condition ?p ?surface) (treatment ?p untreated) (wood ?p ?w))
  + do-saw-large: ?b - board ?p - part ?m - saw ?w - awood ?surface - surface ?size_before - aboardsize ?s1 - aboardsize ?s2 - aboardsize ?size_after - aboardsize
      pre: (and (available ?b) (boardsize ?b ?size_before) (boardsize-successor ?s1 ?s2) (boardsize-successor ?s2 ?size_before) (boardsize-successor ?size_after ?s1) (equal ?w oak) (goalsize ?p large) (not (equal ?p p3)) (not (equal ?p p5)) (surface-condition ?b ?surface) (unused ?p) (wood ?b oak))
      eff: (and (available ?p) (boardsize ?b ?size_after) (colour ?p natural) (increase (total-cost) 30) (not (unused ?p)) (surface-condition ?p ?surface) (treatment ?p untreated) (wood ?p oak))
  + do-saw-large: ?b - board ?p - part ?m - saw ?w - awood ?surface - surface ?size_before - aboardsize ?s1 - aboardsize ?s2 - aboardsize ?size_after - aboardsize
      pre: (and (available ?b) (boardsize ?b ?size_before) (boardsize-successor ?s1 ?s2) (boardsize-successor ?s2 ?size_before) (boardsize-successor ?size_after ?s1) (equal ?w teak) (goalsize ?p large) (not (equal ?p p6)) (surface-condition ?b ?surface) (unused ?p) (wood ?b teak))
      eff: (and (available ?p) (boardsize ?b ?size_after) (colour ?p natural) (increase (total-cost) 30) (not (unused ?p)) (surface-condition ?p ?surface) (treatment ?p untreated) (wood ?p teak))
  + do-saw-large: ?b - board ?p - part ?m - saw ?w - awood ?surface - surface ?size_before - aboardsize ?s1 - aboardsize ?s2 - aboardsize ?size_after - aboardsize
      pre: (and (available ?b) (boardsize ?b ?size_before) (boardsize-successor ?s1 ?s2) (boardsize-successor ?s2 ?size_before) (boardsize-successor ?size_after ?s1) (goalsize ?p large) (not (equal ?p p3)) (not (equal ?p p5)) (not (equal ?p p6)) (surface-condition ?b ?surface) (unused ?p) (wood ?b ?w))
      eff: (and (available ?p) (boardsize ?b ?size_after) (colour ?p natural) (increase (total-cost) 30) (not (unused ?p)) (surface-condition ?p ?surface) (treatment ?p untreated) (wood ?p ?w))
  - do-saw-medium: ?b - board ?p - part ?m - saw ?w - awood ?surface - surface ?size_before - aboardsize ?s1 - aboardsize ?size_after - aboardsize
      pre: (and (= ?w oak) (available ?b) (boardsize ?b ?size_before) (boardsize-successor ?s1 ?size_before) (boardsize-successor ?size_after ?s1) (goalsize ?p medium) (not (= ?p p3)) (not (= ?p p5)) (surface-condition ?b ?surface) (unused ?p) (wood ?b oak))
      eff: (and (available ?p) (boardsize ?b ?size_after) (colour ?p natural) (increase (total-cost) 30) (not (unused ?p)) (surface-condition ?p ?surface) (treatment ?p untreated) (wood ?p oak))
  - do-saw-medium: ?b - board ?p - part ?m - saw ?w - awood ?surface - surface ?size_before - aboardsize ?s1 - aboardsize ?size_after - aboardsize
      pre: (and (= ?w teak) (available ?b) (boardsize ?b ?size_before) (boardsize-successor ?s1 ?size_before) (boardsize-successor ?size_after ?s1) (goalsize ?p medium) (not (= ?p p6)) (surface-condition ?b ?surface) (unused ?p) (wood ?b teak))
      eff: (and (available ?p) (boardsize ?b ?size_after) (colour ?p natural) (increase (total-cost) 30) (not (unused ?p)) (surface-condition ?p ?surface) (treatment ?p untreated) (wood ?p teak))
  - do-saw-medium: ?b - board ?p - part ?m - saw ?w - awood ?surface - surface ?size_before - aboardsize ?s1 - aboardsize ?size_after - aboardsize
      pre: (and (available ?b) (boardsize ?b ?size_before) (boardsize-successor ?s1 ?size_before) (boardsize-successor ?size_after ?s1) (goalsize ?p medium) (not (= ?p p3)) (not (= ?p p5)) (not (= ?p p6)) (surface-condition ?b ?surface) (unused ?p) (wood ?b ?w))
      eff: (and (available ?p) (boardsize ?b ?size_after) (colour ?p natural) (increase (total-cost) 30) (not (unused ?p)) (surface-condition ?p ?surface) (treatment ?p untreated) (wood ?p ?w))
  + do-saw-medium: ?b - board ?p - part ?m - saw ?w - awood ?surface - surface ?size_before - aboardsize ?s1 - aboardsize ?size_after - aboardsize
      pre: (and (available ?b) (boardsize ?b ?size_before) (boardsize-successor ?s1 ?size_before) (boardsize-successor ?size_after ?s1) (equal ?w oak) (goalsize ?p medium) (not (equal ?p p3)) (not (equal ?p p5)) (surface-condition ?b ?surface) (unused ?p) (wood ?b oak))
      eff: (and (available ?p) (boardsize ?b ?size_after) (colour ?p natural) (increase (total-cost) 30) (not (unused ?p)) (surface-condition ?p ?surface) (treatment ?p untreated) (wood ?p oak))
  + do-saw-medium: ?b - board ?p - part ?m - saw ?w - awood ?surface - surface ?size_before - aboardsize ?s1 - aboardsize ?size_after - aboardsize
      pre: (and (available ?b) (boardsize ?b ?size_before) (boardsize-successor ?s1 ?size_before) (boardsize-successor ?size_after ?s1) (equal ?w teak) (goalsize ?p medium) (not (equal ?p p6)) (surface-condition ?b ?surface) (unused ?p) (wood ?b teak))
      eff: (and (available ?p) (boardsize ?b ?size_after) (colour ?p natural) (increase (total-cost) 30) (not (unused ?p)) (surface-condition ?p ?surface) (treatment ?p untreated) (wood ?p teak))
  + do-saw-medium: ?b - board ?p - part ?m - saw ?w - awood ?surface - surface ?size_before - aboardsize ?s1 - aboardsize ?size_after - aboardsize
      pre: (and (available ?b) (boardsize ?b ?size_before) (boardsize-successor ?s1 ?size_before) (boardsize-successor ?size_after ?s1) (goalsize ?p medium) (not (equal ?p p3)) (not (equal ?p p5)) (not (equal ?p p6)) (surface-condition ?b ?surface) (unused ?p) (wood ?b ?w))
      eff: (and (available ?p) (boardsize ?b ?size_after) (colour ?p natural) (increase (total-cost) 30) (not (unused ?p)) (surface-condition ?p ?surface) (treatment ?p untreated) (wood ?p ?w))
  - do-saw-small: ?b - board ?p - part ?m - saw ?w - awood ?surface - surface ?size_before - aboardsize ?size_after - aboardsize
      pre: (and (= ?w oak) (available ?b) (boardsize ?b ?size_before) (boardsize-successor ?size_after ?size_before) (goalsize ?p small) (not (= ?p p3)) (not (= ?p p5)) (surface-condition ?b ?surface) (unused ?p) (wood ?b oak))
      eff: (and (available ?p) (boardsize ?b ?size_after) (colour ?p natural) (increase (total-cost) 30) (not (unused ?p)) (surface-condition ?p ?surface) (treatment ?p untreated) (wood ?p oak))
  - do-saw-small: ?b - board ?p - part ?m - saw ?w - awood ?surface - surface ?size_before - aboardsize ?size_after - aboardsize
      pre: (and (= ?w teak) (available ?b) (boardsize ?b ?size_before) (boardsize-successor ?size_after ?size_before) (goalsize ?p small) (not (= ?p p6)) (surface-condition ?b ?surface) (unused ?p) (wood ?b teak))
      eff: (and (available ?p) (boardsize ?b ?size_after) (colour ?p natural) (increase (total-cost) 30) (not (unused ?p)) (surface-condition ?p ?surface) (treatment ?p untreated) (wood ?p teak))
  - do-saw-small: ?b - board ?p - part ?m - saw ?w - awood ?surface - surface ?size_before - aboardsize ?size_after - aboardsize
      pre: (and (available ?b) (boardsize ?b ?size_before) (boardsize-successor ?size_after ?size_before) (goalsize ?p small) (not (= ?p p3)) (not (= ?p p5)) (not (= ?p p6)) (surface-condition ?b ?surface) (unused ?p) (wood ?b ?w))
      eff: (and (available ?p) (boardsize ?b ?size_after) (colour ?p natural) (increase (total-cost) 30) (not (unused ?p)) (surface-condition ?p ?surface) (treatment ?p untreated) (wood ?p ?w))
  + do-saw-small: ?b - board ?p - part ?m - saw ?w - awood ?surface - surface ?size_before - aboardsize ?size_after - aboardsize
      pre: (and (available ?b) (boardsize ?b ?size_before) (boardsize-successor ?size_after ?size_before) (equal ?w oak) (goalsize ?p small) (not (equal ?p p3)) (not (equal ?p p5)) (surface-condition ?b ?surface) (unused ?p) (wood ?b oak))
      eff: (and (available ?p) (boardsize ?b ?size_after) (colour ?p natural) (increase (total-cost) 30) (not (unused ?p)) (surface-condition ?p ?surface) (treatment ?p untreated) (wood ?p oak))
  + do-saw-small: ?b - board ?p - part ?m - saw ?w - awood ?surface - surface ?size_before - aboardsize ?size_after - aboardsize
      pre: (and (available ?b) (boardsize ?b ?size_before) (boardsize-successor ?size_after ?size_before) (equal ?w teak) (goalsize ?p small) (not (equal ?p p6)) (surface-condition ?b ?surface) (unused ?p) (wood ?b teak))
      eff: (and (available ?p) (boardsize ?b ?size_after) (colour ?p natural) (increase (total-cost) 30) (not (unused ?p)) (surface-condition ?p ?surface) (treatment ?p untreated) (wood ?p teak))
  + do-saw-small: ?b - board ?p - part ?m - saw ?w - awood ?surface - surface ?size_before - aboardsize ?size_after - aboardsize
      pre: (and (available ?b) (boardsize ?b ?size_before) (boardsize-successor ?size_after ?size_before) (goalsize ?p small) (not (equal ?p p3)) (not (equal ?p p5)) (not (equal ?p p6)) (surface-condition ?b ?surface) (unused ?p) (wood ?b ?w))
      eff: (and (available ?p) (boardsize ?b ?size_after) (colour ?p natural) (increase (total-cost) 30) (not (unused ?p)) (surface-condition ?p ?surface) (treatment ?p untreated) (wood ?p ?w))
Init:
  + (equal oak oak)
  + (equal p0 p0)
  + (equal p1 p1)
  + (equal p2 p2)
  + (equal p3 p3)
  + (equal p4 p4)
  + (equal p5 p5)
  + (equal p6 p6)
  + (equal teak teak)
Pred prop:
  - (= object object): in_pre
  + (equal object object): in_init in_pre
