Domain: woodworking
Problem: wood-prob
Require:
  :strips
  :typing
Type:
  aboardsize - object
  acolour - object
  apartsize - object
  awood - object
  board - woodobj
  glazer - machine
  grinder - machine
  highspeed-saw - machine
  immersion-varnisher - machine
  machine - object
  object
  part - woodobj
  planer - machine
  saw - machine
  spray-varnisher - machine
  surface - object
  treatmentstatus - object
  woodobj - object
Obj:
  b0 - board
  b1 - board
  b2 - board
  black - acolour
  blue - acolour
  colourfragments - treatmentstatus :constant
  glazed - treatmentstatus :constant
  glazer0 - glazer
  green - acolour
  grinder0 - grinder
  highspeed-saw0 - highspeed-saw
  immersion-varnisher0 - immersion-varnisher
  large - apartsize :constant
  mauve - acolour
  medium - apartsize :constant
  natural - acolour :constant
  oak - awood
  p0 - part
  p1 - part
  p2 - part
  p3 - part
  p4 - part
  p5 - part
  p6 - part
  planer0 - planer
  red - acolour
  rough - surface :constant
  s0 - aboardsize
  s1 - aboardsize
  s10 - aboardsize
  s2 - aboardsize
  s3 - aboardsize
  s4 - aboardsize
  s5 - aboardsize
  s6 - aboardsize
  s7 - aboardsize
  s8 - aboardsize
  s9 - aboardsize
  saw0 - saw
  small - apartsize :constant
  smooth - surface :constant
  spray-varnisher0 - spray-varnisher
  teak - awood
  untreated - treatmentstatus :constant
  varnished - treatmentstatus :constant
  verysmooth - surface :constant
Predicate:
  (= object object) :eq
  (available woodobj)
  (boardsize board aboardsize)
  (boardsize-successor aboardsize aboardsize)
  (colour part acolour)
  (empty highspeed-saw)
  (goalsize part apartsize)
  (grind-treatment-change treatmentstatus treatmentstatus)
  (has-colour machine acolour)
  (in-highspeed-saw board highspeed-saw)
  (is-smooth surface)
  (surface-condition woodobj surface)
  (treatment part treatmentstatus)
  (unused part)
  (wood woodobj awood)
Function:
Action:
  cut-board-large: ?b - board ?p - part ?m - highspeed-saw ?w - awood ?surface - surface ?size_before - aboardsize ?s1 - aboardsize ?s2 - aboardsize ?size_after - aboardsize
      pre: (and (boardsize ?b ?size_before) (boardsize-successor ?s1 ?s2) (boardsize-successor ?s2 ?size_before) (boardsize-successor ?size_after ?s1) (goalsize ?p large) (in-highspeed-saw ?b ?m) (surface-condition ?b ?surface) (unused ?p) (wood ?b ?w))
      eff: (and (available ?p) (boardsize ?b ?size_after) (colour ?p natural) (not (unused ?p)) (surface-condition ?p ?surface) (treatment ?p untreated) (wood ?p ?w))
  cut-board-medium: ?b - board ?p - part ?m - highspeed-saw ?w - awood ?surface - surface ?size_before - aboardsize ?s1 - aboardsize ?size_after - aboardsize
      pre: (and (boardsize ?b ?size_before) (boardsize-successor ?s1 ?size_before) (boardsize-successor ?size_after ?s1) (goalsize ?p medium) (in-highspeed-saw ?b ?m) (surface-condition ?b ?surface) (unused ?p) (wood ?b ?w))
      eff: (and (available ?p) (boardsize ?b ?size_after) (colour ?p natural) (not (unused ?p)) (surface-condition ?p ?surface) (treatment ?p untreated) (wood ?p ?w))
  cut-board-small: ?b - board ?p - part ?m - highspeed-saw ?w - awood ?surface - surface ?size_before - aboardsize ?size_after - aboardsize
      pre: (and (boardsize ?b ?size_before) (boardsize-successor ?size_after ?size_before) (goalsize ?p small) (in-highspeed-saw ?b ?m) (surface-condition ?b ?surface) (unused ?p) (wood ?b ?w))
      eff: (and (available ?p) (boardsize ?b ?size_after) (colour ?p natural) (not (unused ?p)) (surface-condition ?p ?surface) (treatment ?p untreated) (wood ?p ?w))
  do-glaze: ?x - part ?m - glazer ?newcolour - acolour
      pre: (and (available ?x) (has-colour ?m ?newcolour) (treatment ?x untreated))
      eff: (and (colour ?x ?newcolour) (not (colour ?x natural)) (not (treatment ?x untreated)) (treatment ?x glazed))
  do-grind: ?x - part ?m - grinder ?oldsurface - surface ?oldcolour - acolour ?oldtreatment - treatmentstatus ?newtreatment - treatmentstatus
      pre: (and (available ?x) (colour ?x ?oldcolour) (grind-treatment-change ?oldtreatment ?newtreatment) (is-smooth ?oldsurface) (surface-condition ?x ?oldsurface) (treatment ?x ?oldtreatment))
      eff: (and (colour ?x natural) (not (colour ?x ?oldcolour)) (not (surface-condition ?x ?oldsurface)) (not (treatment ?x ?oldtreatment)) (surface-condition ?x verysmooth) (treatment ?x ?newtreatment))
  do-immersion-varnish: ?x - part ?m - immersion-varnisher ?newcolour - acolour ?surface - surface
      pre: (and (available ?x) (has-colour ?m ?newcolour) (is-smooth ?surface) (surface-condition ?x ?surface) (treatment ?x untreated))
      eff: (and (colour ?x ?newcolour) (not (colour ?x natural)) (not (treatment ?x untreated)) (treatment ?x varnished))
  do-plane: ?x - part ?m - planer ?oldsurface - surface ?oldcolour - acolour ?oldtreatment - treatmentstatus
      pre: (and (available ?x) (colour ?x ?oldcolour) (surface-condition ?x ?oldsurface) (treatment ?x ?oldtreatment))
      eff: (and (colour ?x natural) (not (colour ?x ?oldcolour)) (not (surface-condition ?x ?oldsurface)) (not (treatment ?x ?oldtreatment)) (surface-condition ?x smooth) (treatment ?x untreated))
  do-saw-large: ?b - board ?p - part ?m - saw ?w - awood ?surface - surface ?size_before - aboardsize ?s1 - aboardsize ?s2 - aboardsize ?size_after - aboardsize
      pre: (and (available ?b) (boardsize ?b ?size_before) (boardsize-successor ?s1 ?s2) (boardsize-successor ?s2 ?size_before) (boardsize-successor ?size_after ?s1) (goalsize ?p large) (surface-condition ?b ?surface) (unused ?p) (wood ?b ?w))
      eff: (and (available ?p) (boardsize ?b ?size_after) (colour ?p natural) (not (unused ?p)) (surface-condition ?p ?surface) (treatment ?p untreated) (wood ?p ?w))
  do-saw-medium: ?b - board ?p - part ?m - saw ?w - awood ?surface - surface ?size_before - aboardsize ?s1 - aboardsize ?size_after - aboardsize
      pre: (and (available ?b) (boardsize ?b ?size_before) (boardsize-successor ?s1 ?size_before) (boardsize-successor ?size_after ?s1) (goalsize ?p medium) (surface-condition ?b ?surface) (unused ?p) (wood ?b ?w))
      eff: (and (available ?p) (boardsize ?b ?size_after) (colour ?p natural) (not (unused ?p)) (surface-condition ?p ?surface) (treatment ?p untreated) (wood ?p ?w))
  do-saw-small: ?b - board ?p - part ?m - saw ?w - awood ?surface - surface ?size_before - aboardsize ?size_after - aboardsize
      pre: (and (available ?b) (boardsize ?b ?size_before) (boardsize-successor ?size_after ?size_before) (goalsize ?p small) (surface-condition ?b ?surface) (unused ?p) (wood ?b ?w))
      eff: (and (available ?p) (boardsize ?b ?size_after) (colour ?p natural) (not (unused ?p)) (surface-condition ?p ?surface) (treatment ?p untreated) (wood ?p ?w))
  do-spray-varnish: ?x - part ?m - spray-varnisher ?newcolour - acolour ?surface - surface
      pre: (and (available ?x) (has-colour ?m ?newcolour) (is-smooth ?surface) (surface-condition ?x ?surface) (treatment ?x untreated))
      eff: (and (colour ?x ?newcolour) (not (colour ?x natural)) (not (treatment ?x untreated)) (treatment ?x varnished))
  load-highspeed-saw: ?b - board ?m - highspeed-saw
      pre: (and (available ?b) (empty ?m))
      eff: (and (in-highspeed-saw ?b ?m) (not (available ?b)) (not (empty ?m)))
  unload-highspeed-saw: ?b - board ?m - highspeed-saw
      pre: (and (in-highspeed-saw ?b ?m))
      eff: (and (available ?b) (empty ?m) (not (in-highspeed-saw ?b ?m)))
Init:
  (available b0)
  (available b1)
  (available b2)
  (available p6)
  (boardsize b0 s10)
  (boardsize b1 s4)
  (boardsize b2 s2)
  (boardsize-successor s0 s1)
  (boardsize-successor s1 s2)
  (boardsize-successor s2 s3)
  (boardsize-successor s3 s4)
  (boardsize-successor s4 s5)
  (boardsize-successor s5 s6)
  (boardsize-successor s6 s7)
  (boardsize-successor s7 s8)
  (boardsize-successor s8 s9)
  (boardsize-successor s9 s10)
  (colour p6 mauve)
  (empty highspeed-saw0)
  (goalsize p0 small)
  (goalsize p1 medium)
  (goalsize p2 small)
  (goalsize p3 medium)
  (goalsize p4 large)
  (goalsize p5 large)
  (goalsize p6 small)
  (grind-treatment-change colourfragments untreated)
  (grind-treatment-change glazed untreated)
  (grind-treatment-change untreated untreated)
  (grind-treatment-change varnished colourfragments)
  (has-colour glazer0 blue)
  (has-colour glazer0 mauve)
  (has-colour glazer0 natural)
  (has-colour glazer0 red)
  (has-colour immersion-varnisher0 mauve)
  (has-colour spray-varnisher0 mauve)
  (is-smooth smooth)
  (is-smooth verysmooth)
  (surface-condition b0 smooth)
  (surface-condition b1 rough)
  (surface-condition b2 smooth)
  (surface-condition p6 smooth)
  (treatment p6 varnished)
  (unused p0)
  (unused p1)
  (unused p2)
  (unused p3)
  (unused p4)
  (unused p5)
  (wood b0 teak)
  (wood b1 teak)
  (wood b2 oak)
  (wood p6 oak)
Goal:
  (and (available p0) (available p1) (available p2) (available p3) (available p4) (available p5) (available p6) (colour p0 red) (colour p1 blue) (colour p2 mauve) (colour p3 natural) (colour p4 natural) (surface-condition p2 verysmooth) (surface-condition p3 smooth) (surface-condition p4 verysmooth) (surface-condition p6 verysmooth) (treatment p0 glazed) (treatment p1 glazed) (treatment p3 glazed) (treatment p4 glazed) (treatment p5 glazed) (treatment p6 glazed) (wood p3 teak) (wood p5 teak) (wood p6 oak))
Metric:
Pred prop:
  (available woodobj): in_init in_pre in_goal in_eff
  (boardsize board aboardsize): in_init in_pre in_eff
  (boardsize-successor aboardsize aboardsize): in_init in_pre
  (colour part acolour): in_init in_pre in_goal in_eff
  (empty highspeed-saw): in_init in_pre in_eff
  (goalsize part apartsize): in_init in_pre
  (grind-treatment-change treatmentstatus treatmentstatus): in_init in_pre
  (has-colour machine acolour): in_init in_pre
  (in-highspeed-saw board highspeed-saw): in_pre in_eff
  (is-smooth surface): in_init in_pre
  (surface-condition woodobj surface): in_init in_pre in_goal in_eff
  (treatment part treatmentstatus): in_init in_pre in_goal in_eff
  (unused part): in_init in_pre in_eff
  (wood woodobj awood): in_init in_pre in_goal in_eff
Func prop:
Global prop:
  is_unit_cost
