Reduced 35 -> 17
Domain: data-network
Problem: p5-3-10-tiny-network-0
Require: 200ff
Type[5]:
    [0]: object, parent: -1
    [1]: data, parent: 0
    [2]: script, parent: 0
    [3]: server, parent: 0
    [4]: numbers, parent: 0
Obj-by-Type:
    [0]: 0 1 2 3 4 5 6 7 8 9 10 11 12 13 14 15 16
    [1]: 0 1 2 3 4
    [2]: 5 6 7 8
    [3]: 9 10
    [4]: 11 12 13 14 15 16
Obj[17]:
    [0]: data-0-3, type: 1, is-constant: 0, is-private: 0, owner: -1, is-agent: 0
    [1]: data-0-5, type: 1, is-constant: 0, is-private: 0, owner: -1, is-agent: 0
    [2]: data-1-2, type: 1, is-constant: 0, is-private: 0, owner: -1, is-agent: 0
    [3]: data-1-4, type: 1, is-constant: 0, is-private: 0, owner: -1, is-agent: 0
    [4]: data-2-1, type: 1, is-constant: 0, is-private: 0, owner: -1, is-agent: 0
    [5]: script3, type: 2, is-constant: 0, is-private: 0, owner: -1, is-agent: 0
    [6]: script6, type: 2, is-constant: 0, is-private: 0, owner: -1, is-agent: 0
    [7]: script2, type: 2, is-constant: 0, is-private: 0, owner: -1, is-agent: 0
    [8]: script8, type: 2, is-constant: 0, is-private: 0, owner: -1, is-agent: 0
    [9]: server1, type: 3, is-constant: 0, is-private: 0, owner: -1, is-agent: 0
    [10]: server2, type: 3, is-constant: 0, is-private: 0, owner: -1, is-agent: 0
    [11]: number0, type: 4, is-constant: 0, is-private: 0, owner: -1, is-agent: 0
    [12]: number1, type: 4, is-constant: 0, is-private: 0, owner: -1, is-agent: 0
    [13]: number4, type: 4, is-constant: 0, is-private: 0, owner: -1, is-agent: 0
    [14]: number5, type: 4, is-constant: 0, is-private: 0, owner: -1, is-agent: 0
    [15]: number7, type: 4, is-constant: 0, is-private: 0, owner: -1, is-agent: 0
    [16]: number8, type: 4, is-constant: 0, is-private: 0, owner: -1, is-agent: 0
Predicate[11]:
    =: 0 0 :: is-private: 0, owner-param: -1, read: 0, write: 0
    script-io: 2 1 1 1 :: is-private: 0, owner-param: -1, read: 1, write: 0
    connected: 3 3 :: is-private: 0, owner-param: -1, read: 1, write: 0
    data-size: 1 4 :: is-private: 0, owner-param: -1, read: 1, write: 0
    capacity: 3 4 :: is-private: 0, owner-param: -1, read: 1, write: 0
    sum: 4 4 4 :: is-private: 0, owner-param: -1, read: 1, write: 0
    less-equal: 4 4 :: is-private: 0, owner-param: -1, read: 1, write: 0
    saved: 1 3 :: is-private: 0, owner-param: -1, read: 1, write: 1
    cached: 1 3 :: is-private: 0, owner-param: -1, read: 1, write: 1, neg-of: 10
    usage: 3 4 :: is-private: 0, owner-param: -1, read: 1, write: 1
    NOT-cached: 1 3 :: is-private: 0, owner-param: -1, read: 1, write: 1, neg-of: 8
Function[4]:
    total-cost: :: is-private: 0, owner-param: -1, read: 0, write: 0
    process-cost: 2 3 :: is-private: 0, owner-param: -1, read: 0, write: 0
    send-cost: 3 3 4 :: is-private: 0, owner-param: -1, read: 0, write: 0
    io-cost: 3 4 :: is-private: 0, owner-param: -1, read: 0, write: 0
Action[5]:
    release: ?d:1 ?s:3 ?size:4 ?before:4 ?after:4
        pre: (and (R:data-size ?d ?size) (R:sum ?after ?size ?before) (RW:cached ?d ?s) (RW:usage ?s ?before))
        eff: (and (RW:usage ?s ?after) (increase (total-cost) 0) (RW:NOT-cached ?d ?s))
    save: ?d:1 ?size:4 ?s:3
        pre: (and (R:data-size ?d ?size) (RW:cached ?d ?s))
        eff: (and (RW:saved ?d ?s) (increase (total-cost) (io-cost ?s ?size)))
    load: ?d:1 ?s:3 ?size:4 ?limit:4 ?before:4 ?after:4
        pre: (and (R:data-size ?d ?size) (R:capacity ?s ?limit) (R:sum ?before ?size ?after) (R:less-equal ?after ?limit) (RW:saved ?d ?s) (RW:NOT-cached ?d ?s) (RW:usage ?s ?before))
        eff: (and (RW:usage ?s ?after) (increase (total-cost) (io-cost ?s ?size)) (RW:cached ?d ?s))
    send: ?d:1 ?from:3 ?to:3 ?size:4 ?limit:4 ?before:4 ?after:4
        pre: (and (R:connected ?from ?to) (R:data-size ?d ?size) (R:capacity ?to ?limit) (R:sum ?before ?size ?after) (R:less-equal ?after ?limit) (RW:cached ?d ?from) (RW:NOT-cached ?d ?to) (RW:usage ?to ?before))
        eff: (and (RW:usage ?to ?after) (increase (total-cost) (send-cost ?from ?to ?size)) (RW:cached ?d ?to))
    process: ?in1:1 ?in2:1 ?out:1 ?sc:2 ?s:3 ?size:4 ?limit:4 ?before:4 ?after:4
        pre: (and (R:script-io ?sc ?in1 ?in2 ?out) (R:data-size ?out ?size) (R:capacity ?s ?limit) (R:sum ?before ?size ?after) (R:less-equal ?after ?limit) (RW:cached ?in1 ?s) (RW:cached ?in2 ?s) (RW:NOT-cached ?out ?s) (RW:usage ?s ?before))
        eff: (and (RW:usage ?s ?after) (increase (total-cost) (process-cost ?sc ?s)) (RW:cached ?out ?s))
Init[97]:
  S:(script-io script3 data-0-3 data-0-5 data-1-4)
  S:(script-io script2 data-0-5 data-0-3 data-1-2)
  S:(script-io script3 data-1-4 data-0-5 data-2-1)
  S:(script-io script3 data-1-2 data-0-5 data-2-1)
  S:(script-io script6 data-1-2 data-0-3 data-2-1)
  S:(script-io script8 data-1-4 data-1-2 data-2-1)
  S:(script-io script3 data-1-2 data-1-4 data-2-1)
  S:(connected server1 server2)
  S:(connected server2 server1)
  S:(connected server1 server1)
  S:(data-size data-0-3 number4)
  S:(data-size data-0-5 number5)
  S:(data-size data-1-2 number4)
  S:(data-size data-1-4 number1)
  S:(data-size data-2-1 number4)
  S:(capacity server1 number7)
  S:(capacity server2 number8)
  S:(capacity server1 number8)
  S:(sum number0 number1 number1)
  S:(sum number0 number4 number4)
  S:(sum number0 number5 number5)
  S:(sum number1 number1 number0)
  S:(sum number1 number4 number5)
  S:(sum number1 number5 number0)
  S:(sum number0 number1 number0)
  S:(sum number0 number4 number0)
  S:(sum number0 number5 number7)
  S:(sum number0 number1 number4)
  S:(sum number0 number4 number7)
  S:(sum number0 number5 number8)
  S:(sum number4 number1 number5)
  S:(sum number4 number4 number8)
  S:(sum number4 number5 number0)
  S:(sum number5 number1 number0)
  S:(sum number5 number4 number0)
  S:(sum number5 number5 number0)
  S:(sum number0 number1 number7)
  S:(sum number0 number4 number0)
  S:(sum number0 number5 number7)
  S:(sum number7 number1 number8)
  S:(sum number7 number4 number7)
  S:(sum number7 number5 number8)
  S:(sum number8 number1 number0)
  S:(sum number8 number4 number8)
  S:(sum number8 number5 number0)
  S:(sum number0 number1 number0)
  S:(sum number0 number4 number0)
  S:(sum number0 number5 number0)
  S:(sum number0 number1 number7)
  S:(sum number0 number4 number0)
  S:(sum number0 number5 number0)
  S:(sum number7 number1 number8)
  S:(sum number7 number4 number0)
  S:(sum number7 number5 number7)
  S:(sum number8 number1 number0)
  S:(sum number8 number4 number7)
  S:(sum number0 number1 number0)
  S:(sum number0 number1 number0)
  S:(sum number0 number1 number7)
  S:(less-equal number1 number8)
  S:(less-equal number1 number7)
  S:(less-equal number0 number8)
  S:(less-equal number0 number7)
  S:(less-equal number0 number8)
  S:(less-equal number0 number7)
  S:(less-equal number4 number8)
  S:(less-equal number4 number7)
  S:(less-equal number5 number8)
  S:(less-equal number5 number7)
  S:(less-equal number0 number8)
  S:(less-equal number0 number7)
  S:(less-equal number7 number8)
  S:(less-equal number7 number7)
  S:(less-equal number8 number8)
  S:(less-equal number8 number7)
  S:(less-equal number0 number7)
  S:(less-equal number0 number7)
  S:(less-equal number7 number7)
  S:(less-equal number8 number7)
  S:(less-equal number0 number7)
  S:(less-equal number0 number7)
  S:(less-equal number0 number7)
  S:(less-equal number7 number7)
  (saved data-0-3 server1)
  (saved data-0-5 server1)
  (usage server1 number0)
  (usage server2 number0)
  (NOT-cached data-0-3 server1)
  (NOT-cached data-0-3 server2)
  (NOT-cached data-0-5 server1)
  (NOT-cached data-0-5 server2)
  (NOT-cached data-1-2 server1)
  (NOT-cached data-1-2 server2)
  (NOT-cached data-1-4 server1)
  (NOT-cached data-1-4 server2)
  (NOT-cached data-2-1 server1)
  (NOT-cached data-2-1 server2)
Init[52]:
  (= (total-cost) 0)
  (= (process-cost script3 server1) 16)
  (= (process-cost script3 server2) 11)
  (= (process-cost script3 server1) 9)
  (= (process-cost script2 server1) 22)
  (= (process-cost script2 server2) 11)
  (= (process-cost script2 server1) 10)
  (= (process-cost script3 server1) 16)
  (= (process-cost script3 server2) 10)
  (= (process-cost script3 server1) 10)
  (= (process-cost script3 server1) 26)
  (= (process-cost script3 server2) 9)
  (= (process-cost script3 server1) 8)
  (= (process-cost script3 server1) 26)
  (= (process-cost script3 server2) 8)
  (= (process-cost script3 server1) 6)
  (= (process-cost script6 server1) 20)
  (= (process-cost script6 server2) 7)
  (= (process-cost script6 server1) 11)
  (= (process-cost script2 server1) 19)
  (= (process-cost script2 server2) 9)
  (= (process-cost script2 server1) 10)
  (= (process-cost script8 server1) 18)
  (= (process-cost script8 server2) 7)
  (= (process-cost script8 server1) 6)
  (= (process-cost script3 server1) 18)
  (= (process-cost script3 server2) 10)
  (= (process-cost script3 server1) 13)
  (= (process-cost script3 server1) 22)
  (= (process-cost script3 server2) 8)
  (= (process-cost script3 server1) 12)
  (= (send-cost server1 server2 number1) 4)
  (= (send-cost server2 server1 number1) 4)
  (= (send-cost server1 server2 number4) 16)
  (= (send-cost server2 server1 number4) 16)
  (= (send-cost server1 server2 number5) 20)
  (= (send-cost server2 server1 number5) 20)
  (= (send-cost server1 server1 number1) 6)
  (= (send-cost server1 server1 number1) 6)
  (= (send-cost server1 server1 number4) 24)
  (= (send-cost server1 server1 number4) 24)
  (= (send-cost server1 server1 number5) 30)
  (= (send-cost server1 server1 number5) 30)
  (= (io-cost server1 number1) 5)
  (= (io-cost server1 number4) 20)
  (= (io-cost server1 number5) 25)
  (= (io-cost server2 number1) 1)
  (= (io-cost server2 number4) 4)
  (= (io-cost server2 number5) 5)
  (= (io-cost server1 number1) 1)
  (= (io-cost server1 number4) 4)
  (= (io-cost server1 number5) 5)
Goal: (RW:saved data-2-1 server2)
Metric: 1
