Domain: data-network
Problem: p5-3-10-tiny-network-0
Require:
  :strips
  :typing
Type:
  data - object
  numbers - object
  object
  script - object
  server - object
Obj:
  data-0-3 - data
  data-0-5 - data
  data-1-2 - data
  data-1-4 - data
  data-2-1 - data
  number0 - numbers
  number1 - numbers
  number10 - numbers
  number11 - numbers
  number12 - numbers
  number13 - numbers
  number14 - numbers
  number15 - numbers
  number16 - numbers
  number2 - numbers
  number3 - numbers
  number4 - numbers
  number5 - numbers
  number6 - numbers
  number7 - numbers
  number8 - numbers
  number9 - numbers
  script1 - script
  script10 - script
  script2 - script
  script3 - script
  script4 - script
  script5 - script
  script6 - script
  script7 - script
  script8 - script
  script9 - script
  server1 - server
  server2 - server
  server3 - server
Predicate:
  (= object object) :eq
  (NOT-cached data server) neg-of (cached)
  (cached data server) neg-of (NOT-cached)
  (capacity server numbers)
  (connected server server)
  (data-size data numbers)
  (less-equal numbers numbers)
  (saved data server)
  (script-io script data data data)
  (sum numbers numbers numbers)
  (usage server numbers)
Function:
Action:
  load: ?d - data ?s - server ?size - numbers ?limit - numbers ?before - numbers ?after - numbers
      pre: (and (NOT-cached ?d ?s) (capacity ?s ?limit) (data-size ?d ?size) (less-equal ?after ?limit) (saved ?d ?s) (sum ?before ?size ?after) (usage ?s ?before))
      eff: (and (cached ?d ?s) (not (NOT-cached ?d ?s)) (not (usage ?s ?before)) (usage ?s ?after))
  process: ?in1 - data ?in2 - data ?out - data ?sc - script ?s - server ?size - numbers ?limit - numbers ?before - numbers ?after - numbers
      pre: (and (NOT-cached ?out ?s) (cached ?in1 ?s) (cached ?in2 ?s) (capacity ?s ?limit) (data-size ?out ?size) (less-equal ?after ?limit) (script-io ?sc ?in1 ?in2 ?out) (sum ?before ?size ?after) (usage ?s ?before))
      eff: (and (cached ?out ?s) (not (NOT-cached ?out ?s)) (not (usage ?s ?before)) (usage ?s ?after))
  release: ?d - data ?s - server ?size - numbers ?before - numbers ?after - numbers
      pre: (and (cached ?d ?s) (data-size ?d ?size) (sum ?after ?size ?before) (usage ?s ?before))
      eff: (and (NOT-cached ?d ?s) (not (cached ?d ?s)) (not (usage ?s ?before)) (usage ?s ?after))
  save: ?d - data ?size - numbers ?s - server
      pre: (and (cached ?d ?s) (data-size ?d ?size))
      eff: (and (saved ?d ?s))
  send: ?d - data ?from - server ?to - server ?size - numbers ?limit - numbers ?before - numbers ?after - numbers
      pre: (and (NOT-cached ?d ?to) (cached ?d ?from) (capacity ?to ?limit) (connected ?from ?to) (data-size ?d ?size) (less-equal ?after ?limit) (sum ?before ?size ?after) (usage ?to ?before))
      eff: (and (cached ?d ?to) (not (NOT-cached ?d ?to)) (not (usage ?to ?before)) (usage ?to ?after))
Init:
  (NOT-cached data-0-3 server1)
  (NOT-cached data-0-3 server2)
  (NOT-cached data-0-3 server3)
  (NOT-cached data-0-5 server1)
  (NOT-cached data-0-5 server2)
  (NOT-cached data-0-5 server3)
  (NOT-cached data-1-2 server1)
  (NOT-cached data-1-2 server2)
  (NOT-cached data-1-2 server3)
  (NOT-cached data-1-4 server1)
  (NOT-cached data-1-4 server2)
  (NOT-cached data-1-4 server3)
  (NOT-cached data-2-1 server1)
  (NOT-cached data-2-1 server2)
  (NOT-cached data-2-1 server3)
  (capacity server1 number16)
  (capacity server2 number8)
  (capacity server3 number8)
  (connected server1 server2)
  (connected server1 server3)
  (connected server2 server1)
  (connected server3 server1)
  (data-size data-0-3 number4)
  (data-size data-0-5 number5)
  (data-size data-1-2 number4)
  (data-size data-1-4 number1)
  (data-size data-2-1 number4)
  (less-equal number1 number16)
  (less-equal number1 number8)
  (less-equal number10 number16)
  (less-equal number11 number16)
  (less-equal number12 number16)
  (less-equal number13 number16)
  (less-equal number14 number16)
  (less-equal number15 number16)
  (less-equal number16 number16)
  (less-equal number2 number16)
  (less-equal number2 number8)
  (less-equal number3 number16)
  (less-equal number3 number8)
  (less-equal number4 number16)
  (less-equal number4 number8)
  (less-equal number5 number16)
  (less-equal number5 number8)
  (less-equal number6 number16)
  (less-equal number6 number8)
  (less-equal number7 number16)
  (less-equal number7 number8)
  (less-equal number8 number16)
  (less-equal number8 number8)
  (less-equal number9 number16)
  (saved data-0-3 server3)
  (saved data-0-5 server1)
  (script-io script1 data-0-3 data-0-5 data-1-4)
  (script-io script10 data-1-2 data-1-4 data-2-1)
  (script-io script2 data-0-5 data-0-3 data-1-2)
  (script-io script3 data-1-4 data-0-5 data-2-1)
  (script-io script4 data-0-3 data-0-5 data-1-4)
  (script-io script5 data-1-2 data-0-5 data-2-1)
  (script-io script6 data-1-2 data-0-3 data-2-1)
  (script-io script7 data-0-5 data-0-3 data-1-2)
  (script-io script8 data-1-4 data-1-2 data-2-1)
  (script-io script9 data-0-3 data-0-5 data-1-4)
  (sum number0 number1 number1)
  (sum number0 number4 number4)
  (sum number0 number5 number5)
  (sum number1 number1 number2)
  (sum number1 number4 number5)
  (sum number1 number5 number6)
  (sum number10 number1 number11)
  (sum number10 number4 number14)
  (sum number10 number5 number15)
  (sum number11 number1 number12)
  (sum number11 number4 number15)
  (sum number11 number5 number16)
  (sum number12 number1 number13)
  (sum number12 number4 number16)
  (sum number13 number1 number14)
  (sum number14 number1 number15)
  (sum number15 number1 number16)
  (sum number2 number1 number3)
  (sum number2 number4 number6)
  (sum number2 number5 number7)
  (sum number3 number1 number4)
  (sum number3 number4 number7)
  (sum number3 number5 number8)
  (sum number4 number1 number5)
  (sum number4 number4 number8)
  (sum number4 number5 number9)
  (sum number5 number1 number6)
  (sum number5 number4 number9)
  (sum number5 number5 number10)
  (sum number6 number1 number7)
  (sum number6 number4 number10)
  (sum number6 number5 number11)
  (sum number7 number1 number8)
  (sum number7 number4 number11)
  (sum number7 number5 number12)
  (sum number8 number1 number9)
  (sum number8 number4 number12)
  (sum number8 number5 number13)
  (sum number9 number1 number10)
  (sum number9 number4 number13)
  (sum number9 number5 number14)
  (usage server1 number0)
  (usage server2 number0)
  (usage server3 number0)
Goal:
  (saved data-2-1 server2)
Metric:
Pred prop:
  (NOT-cached data server): in_init in_pre in_eff
  (cached data server): in_pre in_eff
  (capacity server numbers): in_init in_pre
  (connected server server): in_init in_pre
  (data-size data numbers): in_init in_pre
  (less-equal numbers numbers): in_init in_pre
  (saved data server): in_init in_pre in_goal in_eff
  (script-io script data data data): in_init in_pre
  (sum numbers numbers numbers): in_init in_pre
  (usage server numbers): in_init in_pre in_eff
Func prop:
Global prop:
  is_unit_cost
