Reduced 17 -> 7
Domain: resources
Problem: grid-prob-4-1
Require: ff
Type[1]:
    [0]: object, parent: -1
Obj-by-Type:
    [0]: 0 1 2 3 4 5 6
Obj[7]:
    [0]: p0, type: 0, is-constant: 0, is-private: 0, owner: -1, is-agent: 0
    [1]: p1, type: 0, is-constant: 0, is-private: 0, owner: -1, is-agent: 0
    [2]: p2, type: 0, is-constant: 0, is-private: 0, owner: -1, is-agent: 0
    [3]: p3, type: 0, is-constant: 0, is-private: 0, owner: -1, is-agent: 0
    [4]: loc-0-0, type: 0, is-constant: 0, is-private: 0, owner: -1, is-agent: 0
    [5]: loc-1-0, type: 0, is-constant: 0, is-private: 0, owner: -1, is-agent: 0
    [6]: loc-2-0, type: 0, is-constant: 0, is-private: 0, owner: -1, is-agent: 0
Predicate[6]:
    =: 0 0 :: is-private: 0, owner-param: -1, read: 0, write: 0
    location: 0 :: is-private: 0, owner-param: -1, read: 1, write: 0
    person: 0 :: is-private: 0, owner-param: -1, read: 1, write: 0
    person-at: 0 0 :: is-private: 0, owner-param: -1, read: 1, write: 1
    connected: 0 0 :: is-private: 0, owner-param: -1, read: 1, write: 0
    active: 0 :: is-private: 0, owner-param: -1, read: 1, write: 1
Function[0]:
Action[1]:
    move: ?p:0 ?l1:0 ?l2:0
        pre: (and (R:person ?p) (RW:person-at ?p ?l1) (R:location ?l1) (R:location ?l2) (R:connected ?l1 ?l2) (RW:active ?l2))
        eff: (and (RW:person-at ?p ?l2))
Init[60]:
  S:(person p0)
  S:(person p1)
  S:(person p2)
  S:(person p3)
  S:(location loc-0-0)
  S:(location loc-0-0)
  S:(location loc-0-0)
  S:(location loc-0-0)
  S:(location loc-1-0)
  S:(location loc-0-0)
  S:(location loc-0-0)
  S:(location loc-0-0)
  S:(location loc-2-0)
  S:(location loc-2-0)
  S:(location loc-2-0)
  S:(location loc-2-0)
  S:(location loc-2-0)
  (active loc-1-0)
  (active loc-0-0)
  (active loc-0-0)
  (active loc-0-0)
  (active loc-2-0)
  (active loc-2-0)
  (active loc-2-0)
  (active loc-2-0)
  (active loc-2-0)
  S:(connected loc-0-0 loc-1-0)
  S:(connected loc-0-0 loc-0-0)
  S:(connected loc-0-0 loc-0-0)
  S:(connected loc-0-0 loc-0-0)
  S:(connected loc-1-0 loc-2-0)
  S:(connected loc-2-0 loc-2-0)
  S:(connected loc-1-0 loc-0-0)
  S:(connected loc-0-0 loc-0-0)
  S:(connected loc-0-0 loc-0-0)
  S:(connected loc-0-0 loc-0-0)
  S:(connected loc-2-0 loc-1-0)
  S:(connected loc-2-0 loc-2-0)
  S:(connected loc-0-0 loc-0-0)
  S:(connected loc-0-0 loc-0-0)
  S:(connected loc-0-0 loc-0-0)
  S:(connected loc-1-0 loc-0-0)
  S:(connected loc-0-0 loc-0-0)
  S:(connected loc-0-0 loc-0-0)
  S:(connected loc-2-0 loc-2-0)
  S:(connected loc-2-0 loc-2-0)
  S:(connected loc-2-0 loc-2-0)
  S:(connected loc-0-0 loc-0-0)
  S:(connected loc-0-0 loc-0-0)
  S:(connected loc-0-0 loc-0-0)
  S:(connected loc-0-0 loc-1-0)
  S:(connected loc-0-0 loc-0-0)
  S:(connected loc-0-0 loc-0-0)
  S:(connected loc-2-0 loc-2-0)
  S:(connected loc-2-0 loc-2-0)
  S:(connected loc-2-0 loc-2-0)
  (person-at p0 loc-0-0)
  (person-at p1 loc-0-0)
  (person-at p2 loc-0-0)
  (person-at p3 loc-0-0)
Init[0]:
Goal: (and (RW:person-at p0 loc-2-0) (RW:person-at p1 loc-2-0) (RW:person-at p2 loc-2-0) (RW:person-at p3 loc-2-0))
Metric: 0
