Step 0 (active loc-1-0) (active loc-1-1) (active loc-1-2) (active loc-1-3) (active loc-2-0) (active loc-3-0) (active loc-3-1) (active loc-3-2) (active loc-3-3) (person-at p0 loc-0-0) (person-at p1 loc-0-1) (person-at p2 loc-0-2) (person-at p3 loc-0-3)
size: 4
move p0 loc-0-0 loc-1-0 :: cost: 1
    add: (person-at p0 loc-1-0)
    del: (active loc-1-0) (person-at p0 loc-0-0)
move p1 loc-0-1 loc-1-1 :: cost: 1
    add: (person-at p1 loc-1-1)
    del: (active loc-1-1) (person-at p1 loc-0-1)
move p2 loc-0-2 loc-1-2 :: cost: 1
    add: (person-at p2 loc-1-2)
    del: (active loc-1-2) (person-at p2 loc-0-2)
move p3 loc-0-3 loc-1-3 :: cost: 1
    add: (person-at p3 loc-1-3)
    del: (active loc-1-3) (person-at p3 loc-0-3)
Step 1 (active loc-1-1) (active loc-1-2) (active loc-1-3) (active loc-2-0) (active loc-3-0) (active loc-3-1) (active loc-3-2) (active loc-3-3) (person-at p1 loc-0-1) (person-at p2 loc-0-2) (person-at p3 loc-0-3) (person-at p0 loc-1-0)
size: 5
move p0 loc-1-0 loc-1-1 :: cost: 1
    add: (person-at p0 loc-1-1)
    del: (active loc-1-1) (person-at p0 loc-1-0)
move p0 loc-1-0 loc-2-0 :: cost: 1
    add: (person-at p0 loc-2-0)
    del: (active loc-2-0) (person-at p0 loc-1-0)
move p1 loc-0-1 loc-1-1 :: cost: 1
    add: (person-at p1 loc-1-1)
    del: (active loc-1-1) (person-at p1 loc-0-1)
move p2 loc-0-2 loc-1-2 :: cost: 1
    add: (person-at p2 loc-1-2)
    del: (active loc-1-2) (person-at p2 loc-0-2)
move p3 loc-0-3 loc-1-3 :: cost: 1
    add: (person-at p3 loc-1-3)
    del: (active loc-1-3) (person-at p3 loc-0-3)
Step 2 (active loc-1-1) (active loc-1-2) (active loc-1-3) (active loc-3-0) (active loc-3-1) (active loc-3-2) (active loc-3-3) (person-at p1 loc-0-1) (person-at p2 loc-0-2) (person-at p3 loc-0-3) (person-at p0 loc-2-0)
size: 4
move p0 loc-2-0 loc-3-0 :: cost: 1
    add: (person-at p0 loc-3-0)
    del: (active loc-3-0) (person-at p0 loc-2-0)
move p1 loc-0-1 loc-1-1 :: cost: 1
    add: (person-at p1 loc-1-1)
    del: (active loc-1-1) (person-at p1 loc-0-1)
move p2 loc-0-2 loc-1-2 :: cost: 1
    add: (person-at p2 loc-1-2)
    del: (active loc-1-2) (person-at p2 loc-0-2)
move p3 loc-0-3 loc-1-3 :: cost: 1
    add: (person-at p3 loc-1-3)
    del: (active loc-1-3) (person-at p3 loc-0-3)
Step 3 (active loc-1-1) (active loc-1-3) (active loc-3-0) (active loc-3-1) (active loc-3-2) (active loc-3-3) (person-at p1 loc-0-1) (person-at p3 loc-0-3) (person-at p2 loc-1-2) (person-at p0 loc-2-0)
size: 5
move p0 loc-2-0 loc-3-0 :: cost: 1
    add: (person-at p0 loc-3-0)
    del: (active loc-3-0) (person-at p0 loc-2-0)
move p1 loc-0-1 loc-1-1 :: cost: 1
    add: (person-at p1 loc-1-1)
    del: (active loc-1-1) (person-at p1 loc-0-1)
move p2 loc-1-2 loc-1-1 :: cost: 1
    add: (person-at p2 loc-1-1)
    del: (active loc-1-1) (person-at p2 loc-1-2)
move p2 loc-1-2 loc-1-3 :: cost: 1
    add: (person-at p2 loc-1-3)
    del: (active loc-1-3) (person-at p2 loc-1-2)
move p3 loc-0-3 loc-1-3 :: cost: 1
    add: (person-at p3 loc-1-3)
    del: (active loc-1-3) (person-at p3 loc-0-3)
Step 4 (active loc-1-1) (active loc-3-0) (active loc-3-1) (active loc-3-2) (active loc-3-3) (person-at p1 loc-0-1) (person-at p3 loc-0-3) (person-at p0 loc-2-0) (person-at p2 loc-1-3)
size: 2
move p0 loc-2-0 loc-3-0 :: cost: 1
    add: (person-at p0 loc-3-0)
    del: (active loc-3-0) (person-at p0 loc-2-0)
move p1 loc-0-1 loc-1-1 :: cost: 1
    add: (person-at p1 loc-1-1)
    del: (active loc-1-1) (person-at p1 loc-0-1)
Step 5 (active loc-1-1) (active loc-3-1) (active loc-3-2) (active loc-3-3) (person-at p1 loc-0-1) (person-at p3 loc-0-3) (person-at p0 loc-3-0) (person-at p2 loc-1-3)
size: 2
move p0 loc-3-0 loc-3-1 :: cost: 1
    add: (person-at p0 loc-3-1)
    del: (active loc-3-1) (person-at p0 loc-3-0)
move p1 loc-0-1 loc-1-1 :: cost: 1
    add: (person-at p1 loc-1-1)
    del: (active loc-1-1) (person-at p1 loc-0-1)
Step 6 (active loc-3-1) (active loc-3-2) (active loc-3-3) (person-at p3 loc-0-3) (person-at p1 loc-1-1) (person-at p0 loc-3-0) (person-at p2 loc-1-3)
size: 1
move p0 loc-3-0 loc-3-1 :: cost: 1
    add: (person-at p0 loc-3-1)
    del: (active loc-3-1) (person-at p0 loc-3-0)
Step 7 (active loc-3-2) (active loc-3-3) (person-at p3 loc-0-3) (person-at p1 loc-1-1) (person-at p2 loc-1-3) (person-at p0 loc-3-1)
size: 1
move p0 loc-3-1 loc-3-2 :: cost: 1
    add: (person-at p0 loc-3-2)
    del: (active loc-3-2) (person-at p0 loc-3-1)
Step 8 (active loc-3-3) (person-at p3 loc-0-3) (person-at p1 loc-1-1) (person-at p2 loc-1-3) (person-at p0 loc-3-2)
size: 1
move p0 loc-3-2 loc-3-3 :: cost: 1
    add: (person-at p0 loc-3-3)
    del: (active loc-3-3) (person-at p0 loc-3-2)
Step 9 (person-at p3 loc-0-3) (person-at p1 loc-1-1) (person-at p2 loc-1-3) (person-at p0 loc-3-3)
size: 0
