step 0: state 13 applicable 4
    state: (active loc-1-0) (active loc-1-1) (active loc-1-2) (active loc-1-3) (active loc-2-0) (active loc-3-0) (active loc-3-1) (active loc-3-2) (active loc-3-3) (person-at p0 loc-0-0) (person-at p1 loc-0-1) (person-at p2 loc-0-2) (person-at p3 loc-0-3)
move p0 loc-0-0 loc-1-0 :: cost: 1 [successor]
    add: (person-at p0 loc-1-0)
    del: (active loc-1-0) (person-at p0 loc-0-0)
move p1 loc-0-1 loc-1-1 :: cost: 1
    add: (person-at p1 loc-1-1)
    del: (active loc-1-1) (person-at p1 loc-0-1)
move p2 loc-0-2 loc-1-2 :: cost: 1
    add: (person-at p2 loc-1-2)
    del: (active loc-1-2) (person-at p2 loc-0-2)
step 1: state 12 applicable 5
    state: (active loc-1-1) (active loc-1-2) (active loc-1-3) (active loc-2-0) (active loc-3-0) (active loc-3-1) (active loc-3-2) (active loc-3-3) (person-at p0 loc-1-0) (person-at p1 loc-0-1) (person-at p2 loc-0-2) (person-at p3 loc-0-3)
move p0 loc-1-0 loc-1-1 :: cost: 1
    add: (person-at p0 loc-1-1)
    del: (active loc-1-1) (person-at p0 loc-1-0)
move p0 loc-1-0 loc-2-0 :: cost: 1 [successor]
    add: (person-at p0 loc-2-0)
    del: (active loc-2-0) (person-at p0 loc-1-0)
move p1 loc-0-1 loc-1-1 :: cost: 1
    add: (person-at p1 loc-1-1)
    del: (active loc-1-1) (person-at p1 loc-0-1)
step 2: state 11 applicable 4
    state: (active loc-1-1) (active loc-1-2) (active loc-1-3) (active loc-3-0) (active loc-3-1) (active loc-3-2) (active loc-3-3) (person-at p0 loc-2-0) (person-at p1 loc-0-1) (person-at p2 loc-0-2) (person-at p3 loc-0-3)
move p0 loc-2-0 loc-3-0 :: cost: 1
    add: (person-at p0 loc-3-0)
    del: (active loc-3-0) (person-at p0 loc-2-0)
move p1 loc-0-1 loc-1-1 :: cost: 1
    add: (person-at p1 loc-1-1)
    del: (active loc-1-1) (person-at p1 loc-0-1)
move p2 loc-0-2 loc-1-2 :: cost: 1 [successor]
    add: (person-at p2 loc-1-2)
    del: (active loc-1-2) (person-at p2 loc-0-2)
step 3: state 10 applicable 5
    state: (active loc-1-1) (active loc-1-3) (active loc-3-0) (active loc-3-1) (active loc-3-2) (active loc-3-3) (person-at p0 loc-2-0) (person-at p1 loc-0-1) (person-at p2 loc-1-2) (person-at p3 loc-0-3)
move p0 loc-2-0 loc-3-0 :: cost: 1
    add: (person-at p0 loc-3-0)
    del: (active loc-3-0) (person-at p0 loc-2-0)
move p1 loc-0-1 loc-1-1 :: cost: 1
    add: (person-at p1 loc-1-1)
    del: (active loc-1-1) (person-at p1 loc-0-1)
move p2 loc-1-2 loc-1-1 :: cost: 1
    add: (person-at p2 loc-1-1)
    del: (active loc-1-1) (person-at p2 loc-1-2)
    successor: move p2 loc-1-2 loc-1-3
step 4: state 9 applicable 2
    state: (active loc-1-1) (active loc-3-0) (active loc-3-1) (active loc-3-2) (active loc-3-3) (person-at p0 loc-2-0) (person-at p1 loc-0-1) (person-at p2 loc-1-3) (person-at p3 loc-0-3)
move p0 loc-2-0 loc-3-0 :: cost: 1 [successor]
    add: (person-at p0 loc-3-0)
    del: (active loc-3-0) (person-at p0 loc-2-0)
move p1 loc-0-1 loc-1-1 :: cost: 1
    add: (person-at p1 loc-1-1)
    del: (active loc-1-1) (person-at p1 loc-0-1)
ground atoms: 22 groundings: 9
