(not-authenticated-bob_uid-yeti), layer: 0
(not-authenticated-adam_uid-bigfoot), layer: 0
(not-authenticated-greg_uid-sherpa), layer: 0
(not-has_process-yeti-proc_0), layer: 0
(not-has_process-yeti-proc_1), layer: 0
(not-has_process-yeti-proc_2), layer: 0
(not-has_process-yeti-proc_3), layer: 0
(not-has_process-bigfoot-proc_0), layer: 0
(not-has_process-bigfoot-proc_1), layer: 0
(not-has_process-bigfoot-proc_2), layer: 0
(not-has_process-bigfoot-proc_3), layer: 0
(not-has_process-sherpa-proc_0), layer: 0
(not-has_process-sherpa-proc_1), layer: 0
(not-has_process-sherpa-proc_2), layer: 0
(not-has_process-sherpa-proc_3), layer: 0
(not-mandatory_step-nobody), layer: 0
(not-mandatory_step-bob), layer: 0
(not-mandatory_step-adam), layer: 0
(not-mandatory_step-greg), layer: 0
(not-connecting-dmss1), layer: 0
(not-connecting-dmss2), layer: 0
(not-connected-dmss1), layer: 0
(not-connected-dmss2), layer: 0
(not-dms_established-dmss1), layer: 0
(not-dms_established-dmss2), layer: 0
(not-host_locked-yeti), layer: 0
(not-host_locked-bigfoot), layer: 0
(not-host_locked-sherpa), layer: 0
(not-at_host-bob-yeti), layer: 0
(not-at_host-adam-bigfoot), layer: 0
(not-at_host-adam-everest), layer: 0
(not-at_host-greg-sherpa), layer: 0
(at_host-nobody-everest), layer: 0
(console_user-nobody-nouid-sherpa), layer: 0
(at_host-nobody-sherpa), layer: 0
(inst_by-greg_inst-nobody), layer: 0
(console_user-nobody-nouid-bigfoot), layer: 0
(at_host-nobody-bigfoot), layer: 0
(console_user-nobody-nouid-yeti), layer: 0
(at_host-nobody-yeti), layer: 0
(inst_by-mandatory_update-nobody), layer: 0
(pmode-m_free), layer: 0
(in_room-key_0-adams_office), layer: 0
(not-at_host-nobody-everest), layer: 1
(not-at_host-nobody-sherpa), layer: 1
(not-at_host-nobody-bigfoot), layer: 1
(not-at_host-nobody-yeti), layer: 1
(at_host-greg-sherpa), layer: 1
(at_host-adam-everest), layer: 1
(at_host-adam-bigfoot), layer: 1
(at_host-bob-yeti), layer: 1
(has_key-adam-key_0), layer: 1
(not-in_room-key_0-adams_office), layer: 1
(pmode-m_dms_sess), layer: 1
(connecting-dmss2), layer: 1
(connecting-dmss1), layer: 1
(mandatory_step-greg), layer: 1
(mandatory_step-adam), layer: 1
(mandatory_step-bob), layer: 1
(mandatory_step-nobody), layer: 1
(knows_instruction-bob-greg_inst), layer: 1
(inst_by-greg_inst-greg), layer: 1
(inst_update_file-greg_inst-everest-e_secret_doc), layer: 1
(knows_instruction-bob-mandatory_update), layer: 1
(inst_by-mandatory_update-greg), layer: 1
(inst_update_file-mandatory_update-everest-e_secret_doc), layer: 1
(inst_update_file-greg_inst-everest-s_iemalupdate), layer: 1
(inst_update_file-mandatory_update-everest-s_iemalupdate), layer: 1
(inst_update_file-greg_inst-everest-s_iexplore), layer: 1
(inst_update_file-mandatory_update-everest-s_iexplore), layer: 1
(inst_update_file-greg_inst-everest-s_wexplore), layer: 1
(inst_update_file-mandatory_update-everest-s_wexplore), layer: 1
(inst_update_file-greg_inst-everest-s_etc_shadow), layer: 1
(inst_update_file-mandatory_update-everest-s_etc_shadow), layer: 1
(inst_update_file-greg_inst-everest-s_outlook), layer: 1
(inst_update_file-mandatory_update-everest-s_outlook), layer: 1
(inst_update_file-greg_inst-everest-b_iexplore), layer: 1
(inst_update_file-mandatory_update-everest-b_iexplore), layer: 1
(inst_update_file-greg_inst-everest-b_wexplore), layer: 1
(inst_update_file-mandatory_update-everest-b_wexplore), layer: 1
(inst_update_file-greg_inst-everest-b_outlook), layer: 1
(inst_update_file-mandatory_update-everest-b_outlook), layer: 1
(inst_update_file-greg_inst-everest-y_ethereal), layer: 1
(inst_update_file-mandatory_update-everest-y_ethereal), layer: 1
(inst_update_file-greg_inst-everest-y_iexplore), layer: 1
(inst_update_file-mandatory_update-everest-y_iexplore), layer: 1
(inst_update_file-greg_inst-everest-y_wexplore), layer: 1
(inst_update_file-mandatory_update-everest-y_wexplore), layer: 1
(inst_update_file-greg_inst-everest-y_outlook), layer: 1
(inst_update_file-mandatory_update-everest-y_outlook), layer: 1
(inst_update_file-greg_inst-everest-new_file), layer: 1
(inst_update_file-mandatory_update-everest-new_file), layer: 1
(inst_update_file-greg_inst-everest-y_ievirus), layer: 1
(inst_update_file-mandatory_update-everest-y_ievirus), layer: 1
(inst_update_file-greg_inst-everest-y_tmaster), layer: 1
(inst_update_file-mandatory_update-everest-y_tmaster), layer: 1
(inst_update_file-greg_inst-everest-y_winbork), layer: 1
(inst_update_file-mandatory_update-everest-y_winbork), layer: 1
(inst_update_file-greg_inst-sherpa-e_secret_doc), layer: 1
(inst_update_file-mandatory_update-sherpa-e_secret_doc), layer: 1
(inst_update_file-greg_inst-sherpa-s_iemalupdate), layer: 1
(inst_update_file-mandatory_update-sherpa-s_iemalupdate), layer: 1
(inst_update_file-greg_inst-sherpa-s_iexplore), layer: 1
(inst_update_file-mandatory_update-sherpa-s_iexplore), layer: 1
(inst_update_file-greg_inst-sherpa-s_wexplore), layer: 1
(inst_update_file-mandatory_update-sherpa-s_wexplore), layer: 1
(inst_update_file-greg_inst-sherpa-s_etc_shadow), layer: 1
(inst_update_file-mandatory_update-sherpa-s_etc_shadow), layer: 1
(inst_update_file-greg_inst-sherpa-s_outlook), layer: 1
(inst_update_file-mandatory_update-sherpa-s_outlook), layer: 1
(inst_update_file-greg_inst-sherpa-b_iexplore), layer: 1
(inst_update_file-mandatory_update-sherpa-b_iexplore), layer: 1
(inst_update_file-greg_inst-sherpa-b_wexplore), layer: 1
(inst_update_file-mandatory_update-sherpa-b_wexplore), layer: 1
(inst_update_file-greg_inst-sherpa-b_outlook), layer: 1
(inst_update_file-mandatory_update-sherpa-b_outlook), layer: 1
(inst_update_file-greg_inst-sherpa-y_ethereal), layer: 1
(inst_update_file-mandatory_update-sherpa-y_ethereal), layer: 1
(inst_update_file-greg_inst-sherpa-y_iexplore), layer: 1
(inst_update_file-mandatory_update-sherpa-y_iexplore), layer: 1
(inst_update_file-greg_inst-sherpa-y_wexplore), layer: 1
(inst_update_file-mandatory_update-sherpa-y_wexplore), layer: 1
(inst_update_file-greg_inst-sherpa-y_outlook), layer: 1
(inst_update_file-mandatory_update-sherpa-y_outlook), layer: 1
(inst_update_file-greg_inst-sherpa-new_file), layer: 1
(inst_update_file-mandatory_update-sherpa-new_file), layer: 1
(inst_update_file-greg_inst-sherpa-y_ievirus), layer: 1
(inst_update_file-mandatory_update-sherpa-y_ievirus), layer: 1
(inst_update_file-greg_inst-sherpa-y_tmaster), layer: 1
(inst_update_file-mandatory_update-sherpa-y_tmaster), layer: 1
(inst_update_file-greg_inst-sherpa-y_winbork), layer: 1
(inst_update_file-mandatory_update-sherpa-y_winbork), layer: 1
(inst_update_file-greg_inst-bigfoot-e_secret_doc), layer: 1
(inst_update_file-mandatory_update-bigfoot-e_secret_doc), layer: 1
(inst_update_file-greg_inst-bigfoot-s_iemalupdate), layer: 1
(inst_update_file-mandatory_update-bigfoot-s_iemalupdate), layer: 1
(inst_update_file-greg_inst-bigfoot-s_iexplore), layer: 1
(inst_update_file-mandatory_update-bigfoot-s_iexplore), layer: 1
(inst_update_file-greg_inst-bigfoot-s_wexplore), layer: 1
(inst_update_file-mandatory_update-bigfoot-s_wexplore), layer: 1
(inst_update_file-greg_inst-bigfoot-s_etc_shadow), layer: 1
(inst_update_file-mandatory_update-bigfoot-s_etc_shadow), layer: 1
(inst_update_file-greg_inst-bigfoot-s_outlook), layer: 1
(inst_update_file-mandatory_update-bigfoot-s_outlook), layer: 1
(inst_update_file-greg_inst-bigfoot-b_iexplore), layer: 1
(inst_update_file-mandatory_update-bigfoot-b_iexplore), layer: 1
(inst_update_file-greg_inst-bigfoot-b_wexplore), layer: 1
(inst_update_file-mandatory_update-bigfoot-b_wexplore), layer: 1
(inst_update_file-greg_inst-bigfoot-b_outlook), layer: 1
(inst_update_file-mandatory_update-bigfoot-b_outlook), layer: 1
(inst_update_file-greg_inst-bigfoot-y_ethereal), layer: 1
(inst_update_file-mandatory_update-bigfoot-y_ethereal), layer: 1
(inst_update_file-greg_inst-bigfoot-y_iexplore), layer: 1
(inst_update_file-mandatory_update-bigfoot-y_iexplore), layer: 1
(inst_update_file-greg_inst-bigfoot-y_wexplore), layer: 1
(inst_update_file-mandatory_update-bigfoot-y_wexplore), layer: 1
(inst_update_file-greg_inst-bigfoot-y_outlook), layer: 1
(inst_update_file-mandatory_update-bigfoot-y_outlook), layer: 1
(inst_update_file-greg_inst-bigfoot-new_file), layer: 1
(inst_update_file-mandatory_update-bigfoot-new_file), layer: 1
(inst_update_file-greg_inst-bigfoot-y_ievirus), layer: 1
(inst_update_file-mandatory_update-bigfoot-y_ievirus), layer: 1
(inst_update_file-greg_inst-bigfoot-y_tmaster), layer: 1
(inst_update_file-mandatory_update-bigfoot-y_tmaster), layer: 1
(inst_update_file-greg_inst-bigfoot-y_winbork), layer: 1
(inst_update_file-mandatory_update-bigfoot-y_winbork), layer: 1
(inst_update_file-greg_inst-yeti-e_secret_doc), layer: 1
(inst_update_file-mandatory_update-yeti-e_secret_doc), layer: 1
(inst_update_file-greg_inst-yeti-s_iemalupdate), layer: 1
(inst_update_file-mandatory_update-yeti-s_iemalupdate), layer: 1
(inst_update_file-greg_inst-yeti-s_iexplore), layer: 1
(inst_update_file-mandatory_update-yeti-s_iexplore), layer: 1
(inst_update_file-greg_inst-yeti-s_wexplore), layer: 1
(inst_update_file-mandatory_update-yeti-s_wexplore), layer: 1
(inst_update_file-greg_inst-yeti-s_etc_shadow), layer: 1
(inst_update_file-mandatory_update-yeti-s_etc_shadow), layer: 1
(inst_update_file-greg_inst-yeti-s_outlook), layer: 1
(inst_update_file-mandatory_update-yeti-s_outlook), layer: 1
(inst_update_file-greg_inst-yeti-b_iexplore), layer: 1
(inst_update_file-mandatory_update-yeti-b_iexplore), layer: 1
(inst_update_file-greg_inst-yeti-b_wexplore), layer: 1
(inst_update_file-mandatory_update-yeti-b_wexplore), layer: 1
(inst_update_file-greg_inst-yeti-b_outlook), layer: 1
(inst_update_file-mandatory_update-yeti-b_outlook), layer: 1
(inst_update_file-greg_inst-yeti-y_ethereal), layer: 1
(inst_update_file-mandatory_update-yeti-y_ethereal), layer: 1
(inst_update_file-greg_inst-yeti-y_iexplore), layer: 1
(inst_update_file-mandatory_update-yeti-y_iexplore), layer: 1
(inst_update_file-greg_inst-yeti-y_wexplore), layer: 1
(inst_update_file-mandatory_update-yeti-y_wexplore), layer: 1
(inst_update_file-greg_inst-yeti-y_outlook), layer: 1
(inst_update_file-mandatory_update-yeti-y_outlook), layer: 1
(inst_update_file-greg_inst-yeti-new_file), layer: 1
(inst_update_file-mandatory_update-yeti-new_file), layer: 1
(inst_update_file-greg_inst-yeti-y_ievirus), layer: 1
(inst_update_file-mandatory_update-yeti-y_ievirus), layer: 1
(inst_update_file-greg_inst-yeti-y_tmaster), layer: 1
(inst_update_file-mandatory_update-yeti-y_tmaster), layer: 1
(inst_update_file-greg_inst-yeti-y_winbork), layer: 1
(inst_update_file-mandatory_update-yeti-y_winbork), layer: 1
(inst_by-greg_inst-adam), layer: 1
(inst_by-mandatory_update-adam), layer: 1
(inst_by-greg_inst-bob), layer: 1
(inst_by-mandatory_update-bob), layer: 1
(pmode-m_wait_pass), layer: 2
(console_user-greg-dms_uid-sherpa), layer: 2
(console_user-greg-sys_uid-sherpa), layer: 2
(console_user-greg-greg_uid-sherpa), layer: 2
(console_user-greg-adam_uid-sherpa), layer: 2
(console_user-greg-bob_uid-sherpa), layer: 2
(console_user-greg-nouid-sherpa), layer: 2
(console_user-adam-dms_uid-bigfoot), layer: 2
(console_user-adam-sys_uid-bigfoot), layer: 2
(console_user-adam-greg_uid-bigfoot), layer: 2
(console_user-adam-adam_uid-bigfoot), layer: 2
(console_user-adam-bob_uid-bigfoot), layer: 2
(console_user-adam-nouid-bigfoot), layer: 2
(console_user-bob-dms_uid-yeti), layer: 2
(console_user-bob-sys_uid-yeti), layer: 2
(console_user-bob-greg_uid-yeti), layer: 2
(console_user-bob-adam_uid-yeti), layer: 2
(console_user-bob-bob_uid-yeti), layer: 2
(console_user-bob-nouid-yeti), layer: 2
