< {not-has_process-sherpa-proc_3}
, {not-has_process-sherpa-proc_2}
, {not-has_process-sherpa-proc_1}
, {not-has_process-sherpa-proc_0}
, {not-has_process-bigfoot-proc_3}
, {not-has_process-bigfoot-proc_2}
, {not-has_process-bigfoot-proc_1}
, {not-has_process-bigfoot-proc_0}
, {not-has_process-yeti-proc_3}
, {not-has_process-yeti-proc_2}
, {not-has_process-yeti-proc_1}
, {not-has_process-yeti-proc_0}
, {not-dms_established-dmss1}
, {not-dms_established-dmss2}
, {not-connected-dmss1}
, {not-connected-dmss2}
, {not-host_locked-sherpa}
, {not-host_locked-bigfoot}
, {not-host_locked-yeti}
, {not-authenticated-bob_uid-yeti}
, {not-authenticated-adam_uid-bigfoot}
, {not-authenticated-greg_uid-sherpa}
, {console_user-nobody-nouid-sherpa}
, {console_user-nobody-nouid-bigfoot}
, {console_user-nobody-nouid-yeti}
, {not-connecting-dmss2}
, {not-connecting-dmss1}
, {not-mandatory_step-greg}
, {not-mandatory_step-adam}
, {not-mandatory_step-bob}
, {not-mandatory_step-nobody}
, {inst_by-greg_inst-nobody}
, {inst_by-mandatory_update-nobody}
, {mandatory_step-bob, not-mandatory_step-bob}:=1
, {connecting-dmss1, not-connecting-dmss1}:=1
, {connecting-dmss2, not-connecting-dmss2}:=1
, {has_key-adam-key_0, in_room-key_0-adams_office}:=1
, {console_user-bob-bob_uid-yeti, console_user-nobody-nouid-yeti}
, {console_user-adam-adam_uid-bigfoot, console_user-nobody-nouid-bigfoot}
, {console_user-greg-greg_uid-sherpa, console_user-nobody-nouid-sherpa}
, {authenticated-greg_uid-sherpa, not-authenticated-greg_uid-sherpa}:=1
, {authenticated-adam_uid-bigfoot, not-authenticated-adam_uid-bigfoot}:=1
, {authenticated-bob_uid-yeti, not-authenticated-bob_uid-yeti}:=1
, {running_prog-sherpa-proc_0-iexplorer, not-has_process-sherpa-proc_0}
, {running_prog-sherpa-proc_0-wexplorer, not-has_process-sherpa-proc_0}
, {has_process-sherpa-proc_0, not-has_process-sherpa-proc_0}:=1
, {euid-sherpa-proc_0-greg_uid, not-has_process-sherpa-proc_0}:=1
, {running_prog-sherpa-proc_1-iexplorer, not-has_process-sherpa-proc_1}
, {running_prog-sherpa-proc_1-wexplorer, not-has_process-sherpa-proc_1}
, {has_process-sherpa-proc_1, not-has_process-sherpa-proc_1}:=1
, {euid-sherpa-proc_1-greg_uid, not-has_process-sherpa-proc_1}:=1
, {running_prog-sherpa-proc_2-iexplorer, not-has_process-sherpa-proc_2}
, {running_prog-sherpa-proc_2-wexplorer, not-has_process-sherpa-proc_2}
, {has_process-sherpa-proc_2, not-has_process-sherpa-proc_2}:=1
, {euid-sherpa-proc_2-greg_uid, not-has_process-sherpa-proc_2}:=1
, {running_prog-sherpa-proc_3-iexplorer, not-has_process-sherpa-proc_3}
, {running_prog-sherpa-proc_3-wexplorer, not-has_process-sherpa-proc_3}
, {has_process-sherpa-proc_3, not-has_process-sherpa-proc_3}:=1
, {euid-sherpa-proc_3-greg_uid, not-has_process-sherpa-proc_3}:=1
, {running_prog-bigfoot-proc_0-wexplorer, not-has_process-bigfoot-proc_0}
, {has_process-bigfoot-proc_0, not-has_process-bigfoot-proc_0}:=1
, {euid-bigfoot-proc_0-adam_uid, not-has_process-bigfoot-proc_0}:=1
, {running_prog-bigfoot-proc_1-wexplorer, not-has_process-bigfoot-proc_1}
, {has_process-bigfoot-proc_1, not-has_process-bigfoot-proc_1}:=1
, {euid-bigfoot-proc_1-adam_uid, not-has_process-bigfoot-proc_1}:=1
, {running_prog-bigfoot-proc_2-wexplorer, not-has_process-bigfoot-proc_2}
, {has_process-bigfoot-proc_2, not-has_process-bigfoot-proc_2}:=1
, {euid-bigfoot-proc_2-adam_uid, not-has_process-bigfoot-proc_2}:=1
, {running_prog-bigfoot-proc_3-wexplorer, not-has_process-bigfoot-proc_3}
, {has_process-bigfoot-proc_3, not-has_process-bigfoot-proc_3}:=1
, {euid-bigfoot-proc_3-adam_uid, not-has_process-bigfoot-proc_3}:=1
, {running_prog-yeti-proc_0-winbork, not-has_process-yeti-proc_0}
, {running_prog-yeti-proc_0-troj_master, not-has_process-yeti-proc_0}
, {running_prog-yeti-proc_0-iexplorer, not-has_process-yeti-proc_0}
, {running_prog-yeti-proc_0-wexplorer, not-has_process-yeti-proc_0}
, {has_process-yeti-proc_0, not-has_process-yeti-proc_0}:=1
, {euid-yeti-proc_0-bob_uid, not-has_process-yeti-proc_0}:=1
, {running_prog-yeti-proc_1-winbork, not-has_process-yeti-proc_1}
, {running_prog-yeti-proc_1-troj_master, not-has_process-yeti-proc_1}
, {running_prog-yeti-proc_1-iexplorer, not-has_process-yeti-proc_1}
, {running_prog-yeti-proc_1-wexplorer, not-has_process-yeti-proc_1}
, {has_process-yeti-proc_1, not-has_process-yeti-proc_1}:=1
, {euid-yeti-proc_1-bob_uid, not-has_process-yeti-proc_1}:=1
, {running_prog-yeti-proc_2-winbork, not-has_process-yeti-proc_2}
, {running_prog-yeti-proc_2-troj_master, not-has_process-yeti-proc_2}
, {running_prog-yeti-proc_2-iexplorer, not-has_process-yeti-proc_2}
, {running_prog-yeti-proc_2-wexplorer, not-has_process-yeti-proc_2}
, {has_process-yeti-proc_2, not-has_process-yeti-proc_2}:=1
, {euid-yeti-proc_2-bob_uid, not-has_process-yeti-proc_2}:=1
, {running_prog-yeti-proc_3-winbork, not-has_process-yeti-proc_3}
, {running_prog-yeti-proc_3-troj_master, not-has_process-yeti-proc_3}
, {running_prog-yeti-proc_3-iexplorer, not-has_process-yeti-proc_3}
, {running_prog-yeti-proc_3-wexplorer, not-has_process-yeti-proc_3}
, {has_process-yeti-proc_3, not-has_process-yeti-proc_3}:=1
, {euid-yeti-proc_3-bob_uid, not-has_process-yeti-proc_3}:=1
, {connected-dmss2, not-connected-dmss2}:=1
, {connected-dmss1, not-connected-dmss1}:=1
, {dms_authenticated-dmss2-greg_uid, not-dms_established-dmss2}:=1
, {dms_established-dmss2, not-dms_established-dmss2}:=1
, {dms_established-dmss1, not-dms_established-dmss1}:=1
, {running_prog-sherpa-proc_0-iexplorer, running_prog-sherpa-proc_0-wexplorer, not-has_process-sherpa-proc_0}
, {running_prog-sherpa-proc_1-iexplorer, running_prog-sherpa-proc_1-wexplorer, not-has_process-sherpa-proc_1}
, {running_prog-sherpa-proc_2-iexplorer, running_prog-sherpa-proc_2-wexplorer, not-has_process-sherpa-proc_2}
, {running_prog-sherpa-proc_3-iexplorer, running_prog-sherpa-proc_3-wexplorer, not-has_process-sherpa-proc_3}
, {running_prog-yeti-proc_0-winbork, running_prog-yeti-proc_0-troj_master, not-has_process-yeti-proc_0}
, {running_prog-yeti-proc_0-winbork, running_prog-yeti-proc_0-iexplorer, not-has_process-yeti-proc_0}
, {running_prog-yeti-proc_0-winbork, running_prog-yeti-proc_0-wexplorer, not-has_process-yeti-proc_0}
, {running_prog-yeti-proc_0-troj_master, running_prog-yeti-proc_0-iexplorer, not-has_process-yeti-proc_0}
, {running_prog-yeti-proc_0-troj_master, running_prog-yeti-proc_0-wexplorer, not-has_process-yeti-proc_0}
, {running_prog-yeti-proc_0-iexplorer, running_prog-yeti-proc_0-wexplorer, not-has_process-yeti-proc_0}
, {running_prog-yeti-proc_1-winbork, running_prog-yeti-proc_1-troj_master, not-has_process-yeti-proc_1}
, {running_prog-yeti-proc_1-winbork, running_prog-yeti-proc_1-iexplorer, not-has_process-yeti-proc_1}
, {running_prog-yeti-proc_1-winbork, running_prog-yeti-proc_1-wexplorer, not-has_process-yeti-proc_1}
, {running_prog-yeti-proc_1-troj_master, running_prog-yeti-proc_1-iexplorer, not-has_process-yeti-proc_1}
, {running_prog-yeti-proc_1-troj_master, running_prog-yeti-proc_1-wexplorer, not-has_process-yeti-proc_1}
, {running_prog-yeti-proc_1-iexplorer, running_prog-yeti-proc_1-wexplorer, not-has_process-yeti-proc_1}
, {running_prog-yeti-proc_2-winbork, running_prog-yeti-proc_2-troj_master, not-has_process-yeti-proc_2}
, {running_prog-yeti-proc_2-winbork, running_prog-yeti-proc_2-iexplorer, not-has_process-yeti-proc_2}
, {running_prog-yeti-proc_2-winbork, running_prog-yeti-proc_2-wexplorer, not-has_process-yeti-proc_2}
, {running_prog-yeti-proc_2-troj_master, running_prog-yeti-proc_2-iexplorer, not-has_process-yeti-proc_2}
, {running_prog-yeti-proc_2-troj_master, running_prog-yeti-proc_2-wexplorer, not-has_process-yeti-proc_2}
, {running_prog-yeti-proc_2-iexplorer, running_prog-yeti-proc_2-wexplorer, not-has_process-yeti-proc_2}
, {running_prog-yeti-proc_3-winbork, running_prog-yeti-proc_3-troj_master, not-has_process-yeti-proc_3}
, {running_prog-yeti-proc_3-winbork, running_prog-yeti-proc_3-iexplorer, not-has_process-yeti-proc_3}
, {running_prog-yeti-proc_3-winbork, running_prog-yeti-proc_3-wexplorer, not-has_process-yeti-proc_3}
, {running_prog-yeti-proc_3-troj_master, running_prog-yeti-proc_3-iexplorer, not-has_process-yeti-proc_3}
, {running_prog-yeti-proc_3-troj_master, running_prog-yeti-proc_3-wexplorer, not-has_process-yeti-proc_3}
, {running_prog-yeti-proc_3-iexplorer, running_prog-yeti-proc_3-wexplorer, not-has_process-yeti-proc_3}
, {running_prog-yeti-proc_0-winbork, running_prog-yeti-proc_0-troj_master, running_prog-yeti-proc_0-iexplorer, not-has_process-yeti-proc_0}
, {running_prog-yeti-proc_0-winbork, running_prog-yeti-proc_0-troj_master, running_prog-yeti-proc_0-wexplorer, not-has_process-yeti-proc_0}
, {running_prog-yeti-proc_0-winbork, running_prog-yeti-proc_0-iexplorer, running_prog-yeti-proc_0-wexplorer, not-has_process-yeti-proc_0}
, {running_prog-yeti-proc_0-troj_master, running_prog-yeti-proc_0-iexplorer, running_prog-yeti-proc_0-wexplorer, not-has_process-yeti-proc_0}
, {running_prog-yeti-proc_1-winbork, running_prog-yeti-proc_1-troj_master, running_prog-yeti-proc_1-iexplorer, not-has_process-yeti-proc_1}
, {running_prog-yeti-proc_1-winbork, running_prog-yeti-proc_1-troj_master, running_prog-yeti-proc_1-wexplorer, not-has_process-yeti-proc_1}
, {running_prog-yeti-proc_1-winbork, running_prog-yeti-proc_1-iexplorer, running_prog-yeti-proc_1-wexplorer, not-has_process-yeti-proc_1}
, {running_prog-yeti-proc_1-troj_master, running_prog-yeti-proc_1-iexplorer, running_prog-yeti-proc_1-wexplorer, not-has_process-yeti-proc_1}
, {running_prog-yeti-proc_2-winbork, running_prog-yeti-proc_2-troj_master, running_prog-yeti-proc_2-iexplorer, not-has_process-yeti-proc_2}
, {running_prog-yeti-proc_2-winbork, running_prog-yeti-proc_2-troj_master, running_prog-yeti-proc_2-wexplorer, not-has_process-yeti-proc_2}
, {running_prog-yeti-proc_2-winbork, running_prog-yeti-proc_2-iexplorer, running_prog-yeti-proc_2-wexplorer, not-has_process-yeti-proc_2}
, {running_prog-yeti-proc_2-troj_master, running_prog-yeti-proc_2-iexplorer, running_prog-yeti-proc_2-wexplorer, not-has_process-yeti-proc_2}
, {running_prog-yeti-proc_3-winbork, running_prog-yeti-proc_3-troj_master, running_prog-yeti-proc_3-iexplorer, not-has_process-yeti-proc_3}
, {running_prog-yeti-proc_3-winbork, running_prog-yeti-proc_3-troj_master, running_prog-yeti-proc_3-wexplorer, not-has_process-yeti-proc_3}
, {running_prog-yeti-proc_3-winbork, running_prog-yeti-proc_3-iexplorer, running_prog-yeti-proc_3-wexplorer, not-has_process-yeti-proc_3}
, {running_prog-yeti-proc_3-troj_master, running_prog-yeti-proc_3-iexplorer, running_prog-yeti-proc_3-wexplorer, not-has_process-yeti-proc_3}
, {running_prog-yeti-proc_0-winbork, running_prog-yeti-proc_0-troj_master, running_prog-yeti-proc_0-iexplorer, running_prog-yeti-proc_0-wexplorer, not-has_process-yeti-proc_0}
, {running_prog-yeti-proc_1-winbork, running_prog-yeti-proc_1-troj_master, running_prog-yeti-proc_1-iexplorer, running_prog-yeti-proc_1-wexplorer, not-has_process-yeti-proc_1}
, {running_prog-yeti-proc_2-winbork, running_prog-yeti-proc_2-troj_master, running_prog-yeti-proc_2-iexplorer, running_prog-yeti-proc_2-wexplorer, not-has_process-yeti-proc_2}
, {running_prog-yeti-proc_3-winbork, running_prog-yeti-proc_3-troj_master, running_prog-yeti-proc_3-iexplorer, running_prog-yeti-proc_3-wexplorer, not-has_process-yeti-proc_3}
, {pmode-m_dms_sess, pmode-m_wait_pass, pmode-m_wait_shell, pmode-m_wait_fork, pmode-m_dms_access, pmode-m_dms_connect, pmode-m_dms_know, pmode-m_dms_auth, dms_request_in_progress-dmss2, pmode-m_free}
, {pmode-m_dms_sess, pmode-m_wait_pass, pmode-m_wait_shell, pmode-m_wait_fork, pmode-m_dms_access, pmode-m_dms_connect, pmode-m_dms_know, pmode-m_dms_auth, pmode-m_dms_request, dms_requesting-dmss2-e_secret_doc, pmode-m_free}:=1
, {pmode-m_dms_sess, pmode-m_wait_pass, pmode-m_wait_shell, pmode-m_wait_fork, pmode-m_dms_access, pmode-m_dms_connect, pmode-m_dms_know, pmode-m_dms_auth, pmode-m_dms_request, pmode-m_dms_send, pmode-m_free}:=1
, {pmode-m_dms_sess, pmode-m_wait_pass, pmode-m_wait_shell, forking-yeti-bob_uid, forking-bigfoot-adam_uid, forking-sherpa-greg_uid, pmode-m_dms_access, pmode-m_dms_connect, pmode-m_dms_know, pmode-m_dms_auth, dms_request_in_progress-dmss2, pmode-m_free}
, {pmode-m_dms_sess, pmode-m_wait_pass, pmode-m_wait_shell, forking-yeti-bob_uid, forking-bigfoot-adam_uid, forking-sherpa-greg_uid, pmode-m_dms_access, pmode-m_dms_connect, pmode-m_dms_know, pmode-m_dms_auth, pmode-m_dms_request, dms_requesting-dmss2-e_secret_doc, pmode-m_free}:=1
, {pmode-m_dms_sess, pmode-m_wait_pass, pmode-m_wait_shell, forking-yeti-bob_uid, forking-bigfoot-adam_uid, forking-sherpa-greg_uid, pmode-m_dms_access, pmode-m_dms_connect, pmode-m_dms_know, pmode-m_dms_auth, pmode-m_dms_request, pmode-m_dms_send, pmode-m_free}:=1
>
Goal aware:
< {mandatory_step-bob, not-mandatory_step-bob}:=1
>
