(=)
  in-init: 0
  in-pre: 0
  in-goal: 0
  in-eff: 0
(cube1)
  in-init: 1
  in-pre: 1
  in-goal: 1
  in-eff: 1
(cube2)
  in-init: 1
  in-pre: 1
  in-goal: 1
  in-eff: 1
(cube3)
  in-init: 1
  in-pre: 1
  in-goal: 1
  in-eff: 1
(cube4)
  in-init: 1
  in-pre: 1
  in-goal: 1
  in-eff: 1
(cube5)
  in-init: 1
  in-pre: 1
  in-goal: 1
  in-eff: 1
(cube6)
  in-init: 1
  in-pre: 1
  in-goal: 1
  in-eff: 1
(cube7)
  in-init: 1
  in-pre: 1
  in-goal: 1
  in-eff: 1
(cube8)
  in-init: 1
  in-pre: 1
  in-goal: 1
  in-eff: 1
(edge12)
  in-init: 1
  in-pre: 1
  in-goal: 1
  in-eff: 1
(edge13)
  in-init: 1
  in-pre: 1
  in-goal: 1
  in-eff: 1
(edge15)
  in-init: 1
  in-pre: 1
  in-goal: 1
  in-eff: 1
(edge26)
  in-init: 1
  in-pre: 1
  in-goal: 1
  in-eff: 1
(edge24)
  in-init: 1
  in-pre: 1
  in-goal: 1
  in-eff: 1
(edge48)
  in-init: 1
  in-pre: 1
  in-goal: 1
  in-eff: 1
(edge34)
  in-init: 1
  in-pre: 1
  in-goal: 1
  in-eff: 1
(edge37)
  in-init: 1
  in-pre: 1
  in-goal: 1
  in-eff: 1
(edge56)
  in-init: 1
  in-pre: 1
  in-goal: 1
  in-eff: 1
(edge57)
  in-init: 1
  in-pre: 1
  in-goal: 1
  in-eff: 1
(edge68)
  in-init: 1
  in-pre: 1
  in-goal: 1
  in-eff: 1
(edge78)
  in-init: 1
  in-pre: 1
  in-goal: 1
  in-eff: 1
