Compile-in LMG: BEGIN
Compile-in LMG: Cfg: prune_mutex = true
Compile-in LMG: Cfg: prune_dead_end = true
Compile-in LMG: actions: 4, lifted mgroups: 3
Compile-in LMG: Found mutex condition for action 'move-curb-to-curb' and mgroup {at-curb-num C1:car V0:curb, curb-clear V0:curb, at-curb-num C2:car V0:curb}:=1: (= ?curbsrc ?curbdest)
Compile-in LMG: Precondition of action 'move-curb-to-curb' extended with (not (= ?curbsrc ?curbdest))
Compile-in LMG: Found mutex condition for action 'move-car-to-curb' and mgroup {behind-car C1:car V0:car, car-clear V0:car, behind-car C2:car V0:car}:=1: (= ?car ?carsrc)
Compile-in LMG: Precondition of action 'move-car-to-curb' extended with (not (= ?car ?carsrc))
Compile-in LMG: Found mutex condition for action 'move-car-to-car' and mgroup {behind-car C1:car V0:car, car-clear V0:car, behind-car C2:car V0:car}:=1: (= ?car ?carsrc)
Compile-in LMG: Found mutex condition for action 'move-car-to-car' and mgroup {behind-car C1:car V0:car, car-clear V0:car, behind-car C2:car V0:car}:=1: (= ?carsrc ?cardest)
Compile-in LMG: Precondition of action 'move-car-to-car' extended with (and (not (= ?car ?carsrc)) (not (= ?carsrc ?cardest)))
Compile-in LMG: PDDL-Norm: BEGIN
Compile-in LMG: PDDL-Norm: Before normalization: types: 3, objects: 28, predicates: 6, functions: 1, actions: 4, action-pre-size: [min: 4, max: 6, avg: 4.50, med: 4.00]
Compile-in LMG: PDDL-Norm: Neg-Cond: BEGIN
Compile-in LMG: PDDL-Norm: Neg-Cond: Cfg: only_dymanic: true
Compile-in LMG: PDDL-Norm: Neg-Cond: Cfg: only_goal: false
Compile-in LMG: PDDL-Norm: Neg-Cond: Cfg: only_relevant_facts_in_init: true
Compile-in LMG: PDDL-Norm: Neg-Cond: Extending initial state...
Compile-in LMG: PDDL-Norm: Neg-Cond: Looking for datalog rules in action move-curb-to-curb
Compile-in LMG: PDDL-Norm: Neg-Cond: Looking for datalog rules in action move-curb-to-car
Compile-in LMG: PDDL-Norm: Neg-Cond: Looking for datalog rules in action move-car-to-curb
Compile-in LMG: PDDL-Norm: Neg-Cond: Looking for datalog rules in action move-car-to-car
Compile-in LMG: PDDL-Norm: Neg-Cond: DL Normal form: BEGIN
Compile-in LMG: PDDL-Norm: Neg-Cond: DL Normal form: Normal form of the datalog program start (consts: 28, vars: 3, predicates: 9, rules: 84)
Compile-in LMG: PDDL-Norm: Neg-Cond: DL Normal form: reduce-rule-set: Nothing to reduce
Compile-in LMG: PDDL-Norm: Neg-Cond: DL Normal form: Normal form of the datalog program DONE (consts: 28, vars: 3, predicates: 9, rules: 84)
Compile-in LMG: PDDL-Norm: Neg-Cond: DL Normal form: END
Compile-in LMG: PDDL-Norm: Neg-Cond: DL Canonical Model: BEGIN
Compile-in LMG: PDDL-Norm: Neg-Cond: DL Canonical Model: start (consts: 28, vars: 3, predicates: 9, rules: 84)
Compile-in LMG: PDDL-Norm: Neg-Cond: DL Canonical Model: Added initial facts: 84
Compile-in LMG: PDDL-Norm: Neg-Cond: DL Canonical Model: DONE (facts: 84, db-mem: 0MB)
Compile-in LMG: PDDL-Norm: Neg-Cond: DL Canonical Model: END
Compile-in LMG: PDDL-Norm: Neg-Cond: Number of added NOT- predicates: 0
Compile-in LMG: PDDL-Norm: Neg-Cond: Initial state extended.
Compile-in LMG: PDDL-Norm: Neg-Cond: Compiled away negative conditions of 0 predicates
Compile-in LMG: PDDL-Norm: Neg-Cond: END
Compile-in LMG: PDDL-Norm: PDDL task normalized. types: 3, objects: 28, predicates: 6, functions: 1, actions: 4, action-pre-size: [min: 4, max: 6, avg: 4.50, med: 4.00]
Compile-in LMG: PDDL-Norm: END
Compile-in LMG: DONE. actions: 4
Compile-in LMG: END
Domain: parking
Problem: parking
Require: 200ff
Type[3]:
    [0]: object, parent: -1
    [1]: car, parent: 0
    [2]: curb, parent: 0
Obj-by-Type:
    [0]: 0 1 2 3 4 5 6 7 8 9 10 11 12 13 14 15 16 17 18 19 20 21 22 23 24 25 26 27
    [1]: 0 1 2 3 4 5 6 7 8 9 10 11 12 13 14 15 16 17
    [2]: 18 19 20 21 22 23 24 25 26 27
Obj[28]:
    [0]: car_00, type: 1, is-constant: 0, is-private: 0, owner: -1, is-agent: 0
    [1]: car_01, type: 1, is-constant: 0, is-private: 0, owner: -1, is-agent: 0
    [2]: car_02, type: 1, is-constant: 0, is-private: 0, owner: -1, is-agent: 0
    [3]: car_03, type: 1, is-constant: 0, is-private: 0, owner: -1, is-agent: 0
    [4]: car_04, type: 1, is-constant: 0, is-private: 0, owner: -1, is-agent: 0
    [5]: car_05, type: 1, is-constant: 0, is-private: 0, owner: -1, is-agent: 0
    [6]: car_06, type: 1, is-constant: 0, is-private: 0, owner: -1, is-agent: 0
    [7]: car_07, type: 1, is-constant: 0, is-private: 0, owner: -1, is-agent: 0
    [8]: car_08, type: 1, is-constant: 0, is-private: 0, owner: -1, is-agent: 0
    [9]: car_09, type: 1, is-constant: 0, is-private: 0, owner: -1, is-agent: 0
    [10]: car_10, type: 1, is-constant: 0, is-private: 0, owner: -1, is-agent: 0
    [11]: car_11, type: 1, is-constant: 0, is-private: 0, owner: -1, is-agent: 0
    [12]: car_12, type: 1, is-constant: 0, is-private: 0, owner: -1, is-agent: 0
    [13]: car_13, type: 1, is-constant: 0, is-private: 0, owner: -1, is-agent: 0
    [14]: car_14, type: 1, is-constant: 0, is-private: 0, owner: -1, is-agent: 0
    [15]: car_15, type: 1, is-constant: 0, is-private: 0, owner: -1, is-agent: 0
    [16]: car_16, type: 1, is-constant: 0, is-private: 0, owner: -1, is-agent: 0
    [17]: car_17, type: 1, is-constant: 0, is-private: 0, owner: -1, is-agent: 0
    [18]: curb_0, type: 2, is-constant: 0, is-private: 0, owner: -1, is-agent: 0
    [19]: curb_1, type: 2, is-constant: 0, is-private: 0, owner: -1, is-agent: 0
    [20]: curb_2, type: 2, is-constant: 0, is-private: 0, owner: -1, is-agent: 0
    [21]: curb_3, type: 2, is-constant: 0, is-private: 0, owner: -1, is-agent: 0
    [22]: curb_4, type: 2, is-constant: 0, is-private: 0, owner: -1, is-agent: 0
    [23]: curb_5, type: 2, is-constant: 0, is-private: 0, owner: -1, is-agent: 0
    [24]: curb_6, type: 2, is-constant: 0, is-private: 0, owner: -1, is-agent: 0
    [25]: curb_7, type: 2, is-constant: 0, is-private: 0, owner: -1, is-agent: 0
    [26]: curb_8, type: 2, is-constant: 0, is-private: 0, owner: -1, is-agent: 0
    [27]: curb_9, type: 2, is-constant: 0, is-private: 0, owner: -1, is-agent: 0
Predicate[6]:
    =: 0 0 :: is-private: 0, owner-param: -1, read: 1, write: 0
    at-curb: 1 :: is-private: 0, owner-param: -1, read: 1, write: 1
    at-curb-num: 1 2 :: is-private: 0, owner-param: -1, read: 1, write: 1
    behind-car: 1 1 :: is-private: 0, owner-param: -1, read: 1, write: 1
    car-clear: 1 :: is-private: 0, owner-param: -1, read: 1, write: 1
    curb-clear: 2 :: is-private: 0, owner-param: -1, read: 1, write: 1
Function[1]:
    total-cost: :: is-private: 0, owner-param: -1, read: 0, write: 1
Action[4]:
    move-curb-to-curb: ?car:1 ?curbsrc:2 ?curbdest:2
        pre: (and (N:R:= ?curbsrc ?curbdest) (RW:at-curb-num ?car ?curbsrc) (RW:car-clear ?car) (RW:curb-clear ?curbdest))
        eff: (and (N:RW:at-curb-num ?car ?curbsrc) (RW:at-curb-num ?car ?curbdest) (RW:curb-clear ?curbsrc) (N:RW:curb-clear ?curbdest) (increase (total-cost) 1))
    move-curb-to-car: ?car:1 ?curbsrc:2 ?cardest:1
        pre: (and (RW:at-curb ?cardest) (RW:at-curb-num ?car ?curbsrc) (RW:car-clear ?car) (RW:car-clear ?cardest))
        eff: (and (N:RW:at-curb ?car) (N:RW:at-curb-num ?car ?curbsrc) (RW:behind-car ?car ?cardest) (N:RW:car-clear ?cardest) (RW:curb-clear ?curbsrc) (increase (total-cost) 1))
    move-car-to-curb: ?car:1 ?carsrc:1 ?curbdest:2
        pre: (and (N:R:= ?car ?carsrc) (RW:behind-car ?car ?carsrc) (RW:car-clear ?car) (RW:curb-clear ?curbdest))
        eff: (and (RW:at-curb ?car) (RW:at-curb-num ?car ?curbdest) (N:RW:behind-car ?car ?carsrc) (RW:car-clear ?carsrc) (N:RW:curb-clear ?curbdest) (increase (total-cost) 1))
    move-car-to-car: ?car:1 ?carsrc:1 ?cardest:1
        pre: (and (N:R:= ?car ?carsrc) (N:R:= ?carsrc ?cardest) (RW:at-curb ?cardest) (RW:behind-car ?car ?carsrc) (RW:car-clear ?car) (RW:car-clear ?cardest))
        eff: (and (N:RW:behind-car ?car ?carsrc) (RW:behind-car ?car ?cardest) (RW:car-clear ?carsrc) (N:RW:car-clear ?cardest) (increase (total-cost) 1))
Init[38]:
  (at-curb car_01)
  (at-curb car_02)
  (at-curb car_03)
  (at-curb car_04)
  (at-curb car_05)
  (at-curb car_07)
  (at-curb car_10)
  (at-curb car_15)
  (at-curb car_16)
  (at-curb car_17)
  (at-curb-num car_01 curb_9)
  (at-curb-num car_02 curb_1)
  (at-curb-num car_03 curb_2)
  (at-curb-num car_04 curb_0)
  (at-curb-num car_05 curb_5)
  (at-curb-num car_07 curb_8)
  (at-curb-num car_10 curb_4)
  (at-curb-num car_15 curb_7)
  (at-curb-num car_16 curb_6)
  (at-curb-num car_17 curb_3)
  (behind-car car_00 car_03)
  (behind-car car_06 car_16)
  (behind-car car_08 car_05)
  (behind-car car_09 car_02)
  (behind-car car_11 car_17)
  (behind-car car_12 car_15)
  (behind-car car_13 car_04)
  (behind-car car_14 car_10)
  (car-clear car_00)
  (car-clear car_01)
  (car-clear car_06)
  (car-clear car_07)
  (car-clear car_08)
  (car-clear car_09)
  (car-clear car_11)
  (car-clear car_12)
  (car-clear car_13)
  (car-clear car_14)
Init[1]:
  (= (total-cost) 0)
Goal: (and (RW:at-curb-num car_00 curb_0) (RW:at-curb-num car_01 curb_1) (RW:at-curb-num car_02 curb_2) (RW:at-curb-num car_03 curb_3) (RW:at-curb-num car_04 curb_4) (RW:at-curb-num car_05 curb_5) (RW:at-curb-num car_06 curb_6) (RW:at-curb-num car_07 curb_7) (RW:at-curb-num car_08 curb_8) (RW:at-curb-num car_09 curb_9) (RW:behind-car car_10 car_00) (RW:behind-car car_11 car_01) (RW:behind-car car_12 car_02) (RW:behind-car car_13 car_03) (RW:behind-car car_14 car_04) (RW:behind-car car_15 car_05) (RW:behind-car car_16 car_06) (RW:behind-car car_17 car_07))
Metric: 1
