Reduced 33 -> 16
Domain: transport
Problem: transport-city-sequential-18nodes-1000size-4degree-100mindistance-3trucks-7packages-2008seed
Require: 200ff
Type[6]:
    [0]: object, parent: -1
    [1]: location, parent: 0
    [2]: locatable, parent: 0
    [3]: vehicle, parent: 2
    [4]: package, parent: 2
    [5]: capacity-number, parent: 0
Obj-by-Type:
    [0]: 0 1 2 3 4 5 6 7 8 9 10 11 12 13 14 15
    [1]: 0 1 2 3 4 5 6
    [2]: 7 8 9 10 11 12 13 14
    [3]: 7
    [4]: 8 9 10 11 12 13 14
    [5]: 15
Obj[16]:
    [0]: city-loc-1, type: 1, is-constant: 0, is-private: 0, owner: -1, is-agent: 0
    [1]: city-loc-2, type: 1, is-constant: 0, is-private: 0, owner: -1, is-agent: 0
    [2]: city-loc-3, type: 1, is-constant: 0, is-private: 0, owner: -1, is-agent: 0
    [3]: city-loc-4, type: 1, is-constant: 0, is-private: 0, owner: -1, is-agent: 0
    [4]: city-loc-6, type: 1, is-constant: 0, is-private: 0, owner: -1, is-agent: 0
    [5]: city-loc-7, type: 1, is-constant: 0, is-private: 0, owner: -1, is-agent: 0
    [6]: city-loc-16, type: 1, is-constant: 0, is-private: 0, owner: -1, is-agent: 0
    [7]: truck-1, type: 3, is-constant: 0, is-private: 0, owner: -1, is-agent: 0
    [8]: package-1, type: 4, is-constant: 0, is-private: 0, owner: -1, is-agent: 0
    [9]: package-2, type: 4, is-constant: 0, is-private: 0, owner: -1, is-agent: 0
    [10]: package-3, type: 4, is-constant: 0, is-private: 0, owner: -1, is-agent: 0
    [11]: package-4, type: 4, is-constant: 0, is-private: 0, owner: -1, is-agent: 0
    [12]: package-5, type: 4, is-constant: 0, is-private: 0, owner: -1, is-agent: 0
    [13]: package-6, type: 4, is-constant: 0, is-private: 0, owner: -1, is-agent: 0
    [14]: package-7, type: 4, is-constant: 0, is-private: 0, owner: -1, is-agent: 0
    [15]: capacity-0, type: 5, is-constant: 0, is-private: 0, owner: -1, is-agent: 0
Predicate[6]:
    =: 0 0 :: is-private: 0, owner-param: -1, read: 0, write: 0
    road: 1 1 :: is-private: 0, owner-param: -1, read: 1, write: 0
    at: 2 1 :: is-private: 0, owner-param: -1, read: 1, write: 1
    in: 4 3 :: is-private: 0, owner-param: -1, read: 1, write: 1
    capacity: 3 5 :: is-private: 0, owner-param: -1, read: 1, write: 1
    capacity-predecessor: 5 5 :: is-private: 0, owner-param: -1, read: 1, write: 0
Function[2]:
    road-length: 1 1 :: is-private: 0, owner-param: -1, read: 0, write: 0
    total-cost: :: is-private: 0, owner-param: -1, read: 0, write: 0
Action[3]:
    drive: ?v:3 ?l1:1 ?l2:1
        pre: (and (RW:at ?v ?l1) (R:road ?l1 ?l2))
        eff: (and (RW:at ?v ?l2) (increase (total-cost) (road-length ?l1 ?l2)))
    pick-up: ?v:3 ?l:1 ?p:4 ?s1:5 ?s2:5
        pre: (and (RW:at ?v ?l) (RW:at ?p ?l) (R:capacity-predecessor ?s1 ?s2) (RW:capacity ?v ?s2))
        eff: (and (RW:in ?p ?v) (RW:capacity ?v ?s1) (increase (total-cost) 1))
    drop: ?v:3 ?l:1 ?p:4 ?s1:5 ?s2:5
        pre: (and (RW:at ?v ?l) (RW:in ?p ?v) (R:capacity-predecessor ?s1 ?s2) (RW:capacity ?v ?s1))
        eff: (and (RW:at ?p ?l) (RW:capacity ?v ?s2) (increase (total-cost) 1))
Init[85]:
  S:(capacity-predecessor capacity-0 capacity-0)
  S:(capacity-predecessor capacity-0 capacity-0)
  S:(capacity-predecessor capacity-0 capacity-0)
  S:(capacity-predecessor capacity-0 capacity-0)
  S:(road city-loc-3 city-loc-1)
  S:(road city-loc-1 city-loc-3)
  S:(road city-loc-4 city-loc-1)
  S:(road city-loc-1 city-loc-4)
  S:(road city-loc-4 city-loc-4)
  S:(road city-loc-4 city-loc-4)
  S:(road city-loc-6 city-loc-2)
  S:(road city-loc-2 city-loc-6)
  S:(road city-loc-7 city-loc-1)
  S:(road city-loc-1 city-loc-7)
  S:(road city-loc-7 city-loc-3)
  S:(road city-loc-3 city-loc-7)
  S:(road city-loc-7 city-loc-4)
  S:(road city-loc-4 city-loc-7)
  S:(road city-loc-3 city-loc-7)
  S:(road city-loc-7 city-loc-3)
  S:(road city-loc-7 city-loc-6)
  S:(road city-loc-6 city-loc-7)
  S:(road city-loc-3 city-loc-3)
  S:(road city-loc-3 city-loc-3)
  S:(road city-loc-3 city-loc-7)
  S:(road city-loc-7 city-loc-3)
  S:(road city-loc-3 city-loc-3)
  S:(road city-loc-3 city-loc-3)
  S:(road city-loc-3 city-loc-7)
  S:(road city-loc-7 city-loc-3)
  S:(road city-loc-3 city-loc-7)
  S:(road city-loc-7 city-loc-3)
  S:(road city-loc-3 city-loc-3)
  S:(road city-loc-3 city-loc-3)
  S:(road city-loc-4 city-loc-4)
  S:(road city-loc-4 city-loc-4)
  S:(road city-loc-4 city-loc-4)
  S:(road city-loc-4 city-loc-4)
  S:(road city-loc-4 city-loc-3)
  S:(road city-loc-3 city-loc-4)
  S:(road city-loc-3 city-loc-7)
  S:(road city-loc-7 city-loc-3)
  S:(road city-loc-3 city-loc-3)
  S:(road city-loc-3 city-loc-3)
  S:(road city-loc-3 city-loc-3)
  S:(road city-loc-3 city-loc-3)
  S:(road city-loc-3 city-loc-3)
  S:(road city-loc-3 city-loc-3)
  S:(road city-loc-16 city-loc-3)
  S:(road city-loc-3 city-loc-16)
  S:(road city-loc-16 city-loc-3)
  S:(road city-loc-3 city-loc-16)
  S:(road city-loc-16 city-loc-3)
  S:(road city-loc-3 city-loc-16)
  S:(road city-loc-16 city-loc-3)
  S:(road city-loc-3 city-loc-16)
  S:(road city-loc-16 city-loc-3)
  S:(road city-loc-3 city-loc-16)
  S:(road city-loc-16 city-loc-3)
  S:(road city-loc-3 city-loc-16)
  S:(road city-loc-16 city-loc-3)
  S:(road city-loc-3 city-loc-16)
  S:(road city-loc-16 city-loc-16)
  S:(road city-loc-16 city-loc-16)
  S:(road city-loc-16 city-loc-7)
  S:(road city-loc-7 city-loc-16)
  S:(road city-loc-16 city-loc-3)
  S:(road city-loc-3 city-loc-16)
  S:(road city-loc-16 city-loc-3)
  S:(road city-loc-3 city-loc-16)
  S:(road city-loc-16 city-loc-3)
  S:(road city-loc-3 city-loc-16)
  (at package-1 city-loc-3)
  (at package-2 city-loc-1)
  (at package-3 city-loc-3)
  (at package-4 city-loc-2)
  (at package-5 city-loc-3)
  (at package-6 city-loc-3)
  (at package-7 city-loc-16)
  (at truck-1 city-loc-4)
  (capacity truck-1 capacity-0)
  (at truck-1 city-loc-6)
  (capacity truck-1 capacity-0)
  (at truck-1 city-loc-1)
  (capacity truck-1 capacity-0)
Init[75]:
  (= (total-cost) 0)
  (= (road-length city-loc-3 city-loc-1) 22)
  (= (road-length city-loc-1 city-loc-3) 22)
  (= (road-length city-loc-4 city-loc-1) 26)
  (= (road-length city-loc-1 city-loc-4) 26)
  (= (road-length city-loc-4 city-loc-4) 12)
  (= (road-length city-loc-4 city-loc-4) 12)
  (= (road-length city-loc-6 city-loc-2) 19)
  (= (road-length city-loc-2 city-loc-6) 19)
  (= (road-length city-loc-7 city-loc-1) 15)
  (= (road-length city-loc-1 city-loc-7) 15)
  (= (road-length city-loc-7 city-loc-3) 16)
  (= (road-length city-loc-3 city-loc-7) 16)
  (= (road-length city-loc-7 city-loc-4) 31)
  (= (road-length city-loc-4 city-loc-7) 31)
  (= (road-length city-loc-3 city-loc-7) 30)
  (= (road-length city-loc-7 city-loc-3) 30)
  (= (road-length city-loc-7 city-loc-6) 28)
  (= (road-length city-loc-6 city-loc-7) 28)
  (= (road-length city-loc-3 city-loc-3) 25)
  (= (road-length city-loc-3 city-loc-3) 25)
  (= (road-length city-loc-3 city-loc-7) 18)
  (= (road-length city-loc-7 city-loc-3) 18)
  (= (road-length city-loc-3 city-loc-3) 24)
  (= (road-length city-loc-3 city-loc-3) 24)
  (= (road-length city-loc-3 city-loc-7) 32)
  (= (road-length city-loc-7 city-loc-3) 32)
  (= (road-length city-loc-3 city-loc-7) 24)
  (= (road-length city-loc-7 city-loc-3) 24)
  (= (road-length city-loc-7 city-loc-1) 29)
  (= (road-length city-loc-1 city-loc-7) 29)
  (= (road-length city-loc-7 city-loc-3) 23)
  (= (road-length city-loc-3 city-loc-7) 23)
  (= (road-length city-loc-3 city-loc-7) 29)
  (= (road-length city-loc-7 city-loc-3) 29)
  (= (road-length city-loc-3 city-loc-3) 13)
  (= (road-length city-loc-3 city-loc-3) 13)
  (= (road-length city-loc-4 city-loc-4) 13)
  (= (road-length city-loc-4 city-loc-4) 13)
  (= (road-length city-loc-4 city-loc-4) 18)
  (= (road-length city-loc-4 city-loc-4) 18)
  (= (road-length city-loc-4 city-loc-3) 25)
  (= (road-length city-loc-3 city-loc-4) 25)
  (= (road-length city-loc-3 city-loc-7) 15)
  (= (road-length city-loc-7 city-loc-3) 15)
  (= (road-length city-loc-3 city-loc-3) 31)
  (= (road-length city-loc-3 city-loc-3) 31)
  (= (road-length city-loc-3 city-loc-3) 12)
  (= (road-length city-loc-3 city-loc-3) 12)
  (= (road-length city-loc-3 city-loc-3) 22)
  (= (road-length city-loc-3 city-loc-3) 22)
  (= (road-length city-loc-16 city-loc-3) 16)
  (= (road-length city-loc-3 city-loc-16) 16)
  (= (road-length city-loc-16 city-loc-3) 20)
  (= (road-length city-loc-3 city-loc-16) 20)
  (= (road-length city-loc-16 city-loc-3) 27)
  (= (road-length city-loc-3 city-loc-16) 27)
  (= (road-length city-loc-16 city-loc-3) 16)
  (= (road-length city-loc-3 city-loc-16) 16)
  (= (road-length city-loc-16 city-loc-3) 21)
  (= (road-length city-loc-3 city-loc-16) 21)
  (= (road-length city-loc-16 city-loc-3) 26)
  (= (road-length city-loc-3 city-loc-16) 26)
  (= (road-length city-loc-16 city-loc-3) 22)
  (= (road-length city-loc-3 city-loc-16) 22)
  (= (road-length city-loc-16 city-loc-16) 31)
  (= (road-length city-loc-16 city-loc-16) 31)
  (= (road-length city-loc-16 city-loc-7) 25)
  (= (road-length city-loc-7 city-loc-16) 25)
  (= (road-length city-loc-16 city-loc-3) 31)
  (= (road-length city-loc-3 city-loc-16) 31)
  (= (road-length city-loc-16 city-loc-3) 24)
  (= (road-length city-loc-3 city-loc-16) 24)
  (= (road-length city-loc-16 city-loc-3) 31)
  (= (road-length city-loc-3 city-loc-16) 31)
Goal: (and (RW:at package-1 city-loc-6) (RW:at package-2 city-loc-3) (RW:at package-3 city-loc-1) (RW:at package-4 city-loc-16) (RW:at package-5 city-loc-7) (RW:at package-6 city-loc-2) (RW:at package-7 city-loc-4))
Metric: 1
