step 0: state 13 applicable 9
drive truck-1 city-loc-5 city-loc-14 :: cost: 18
    add: (at truck-1 city-loc-14)
    del: (at truck-1 city-loc-5)
drive truck-1 city-loc-5 city-loc-4 :: cost: 12
    add: (at truck-1 city-loc-4)
    del: (at truck-1 city-loc-5)
drive truck-2 city-loc-6 city-loc-2 :: cost: 19
    add: (at truck-2 city-loc-2)
    del: (at truck-2 city-loc-6)
step 1: state 13 applicable 11
drive truck-1 city-loc-4 city-loc-1 :: cost: 26
    add: (at truck-1 city-loc-1)
    del: (at truck-1 city-loc-4)
drive truck-1 city-loc-4 city-loc-14 :: cost: 13
    add: (at truck-1 city-loc-14)
    del: (at truck-1 city-loc-4)
drive truck-1 city-loc-4 city-loc-5 :: cost: 12
    add: (at truck-1 city-loc-5)
    del: (at truck-1 city-loc-4)
step 2: state 13 applicable 9
drive truck-1 city-loc-5 city-loc-14 :: cost: 18
    add: (at truck-1 city-loc-14)
    del: (at truck-1 city-loc-5)
drive truck-1 city-loc-5 city-loc-4 :: cost: 12
    add: (at truck-1 city-loc-4)
    del: (at truck-1 city-loc-5)
drive truck-2 city-loc-6 city-loc-2 :: cost: 19
    add: (at truck-2 city-loc-2)
    del: (at truck-2 city-loc-6)
step 3: state 13 applicable 9
drive truck-1 city-loc-5 city-loc-14 :: cost: 18
    add: (at truck-1 city-loc-14)
    del: (at truck-1 city-loc-5)
drive truck-1 city-loc-5 city-loc-4 :: cost: 12
    add: (at truck-1 city-loc-4)
    del: (at truck-1 city-loc-5)
drive truck-2 city-loc-2 city-loc-6 :: cost: 19
    add: (at truck-2 city-loc-6)
    del: (at truck-2 city-loc-2)
step 4: state 13 applicable 9
drive truck-1 city-loc-5 city-loc-14 :: cost: 18
    add: (at truck-1 city-loc-14)
    del: (at truck-1 city-loc-5)
drive truck-1 city-loc-5 city-loc-4 :: cost: 12
    add: (at truck-1 city-loc-4)
    del: (at truck-1 city-loc-5)
drive truck-2 city-loc-2 city-loc-6 :: cost: 19
    add: (at truck-2 city-loc-6)
    del: (at truck-2 city-loc-2)
ground atoms: 29 groundings: 20
