h2fwbw: facts: 12, ops: 12, goal-unreachable: 0
removed facts [4]:
  (alive agent-1)
  (at agent-1 s-1-2)
  (have agent-1 agent-1)
  (have agent-1 wumpus-1)
removed ops [16]:
  (move agent-1 s-1-1 s-1-2)
  (move agent-1 s-1-2 s-1-1)
  (move agent-1 s-1-2 s-1-3)
  (move agent-1 s-1-2 s-2-2)
  (move agent-1 s-1-3 s-1-2)
  (move agent-1 s-1-3 s-2-3)
  (move agent-1 s-2-2 s-1-2)
  (move agent-1 s-2-2 s-2-3)
  (shoot agent-1 s-1-3 arrow-1 wumpus-1 s-2-3)
  (take agent-1 s-1-1 agent-1)
  (take agent-1 s-1-2 agent-1)
  (take agent-1 s-1-3 agent-1)
  (take agent-1 s-2-1 agent-1)
  (take agent-1 s-2-2 agent-1)
  (take agent-1 s-2-3 agent-1)
  (take agent-1 s-2-3 wumpus-1)
num mutex pairs: 26
