Fact[36]:
  (NOT-alive wumpus-1)
  (NOT-at wumpus-1 s-2-3)
  (alive agent-1)
  (alive wumpus-1)
  (at agent-1 s-1-1)
  (at agent-1 s-1-2)
  (at agent-1 s-1-3)
  (at agent-1 s-2-1)
  (at agent-1 s-2-2)
  (at agent-1 s-2-3)
  (at gold-1 s-1-3)
  (at wumpus-1 s-2-3)
  (have agent-1 arrow-1)
  (have agent-1 gold-1)
  (nebel-add alive agent-1)
  (nebel-add at agent-1 s-1-3)
  (nebel-add at agent-1 s-2-2)
  (nebel-add at agent-1 s-2-3)
  (nebel-ce move agent-1 s-1-3 s-2-3 ce-0)
  (nebel-ce move agent-1 s-2-2 s-2-3 ce-0)
  (nebel-copy)
  (nebel-del alive agent-1)
  (nebel-del at agent-1 s-1-3)
  (nebel-del at agent-1 s-2-2)
  (nebel-del at agent-1 s-2-3)
  (nebel-free)
  (nebel-nopending alive agent-1)
  (nebel-nopending at agent-1 s-1-3)
  (nebel-nopending at agent-1 s-2-2)
  (nebel-nopending at agent-1 s-2-3)
  (nebel-op move agent-1 s-1-3 s-2-3)
  (nebel-op move agent-1 s-2-2 s-2-3)
  (nebel-pending alive agent-1)
  (nebel-pending at agent-1 s-1-3)
  (nebel-pending at agent-1 s-2-2)
  (nebel-pending at agent-1 s-2-3)
Op[41]:
  (move agent-1 s-1-1 s-1-2), cost: 1
    pre: (alive agent-1) (at agent-1 s-1-1) (nebel-free)
    add: (at agent-1 s-1-2)
    del: (alive agent-1) (at agent-1 s-1-1)
  (move agent-1 s-1-1 s-2-1), cost: 1
    pre: (alive agent-1) (at agent-1 s-1-1) (nebel-free)
    add: (at agent-1 s-2-1)
    del: (at agent-1 s-1-1)
  (move agent-1 s-1-2 s-1-1), cost: 1
    pre: (alive agent-1) (at agent-1 s-1-2) (nebel-free)
    add: (at agent-1 s-1-1)
    del: (at agent-1 s-1-2)
  (move agent-1 s-1-2 s-1-3), cost: 1
    pre: (alive agent-1) (at agent-1 s-1-2) (nebel-free)
    add: (at agent-1 s-1-3)
    del: (at agent-1 s-1-2)
  (move agent-1 s-1-2 s-2-2), cost: 1
    pre: (alive agent-1) (at agent-1 s-1-2) (nebel-free)
    add: (at agent-1 s-2-2)
    del: (at agent-1 s-1-2)
  (move agent-1 s-1-3 s-1-2), cost: 1
    pre: (alive agent-1) (at agent-1 s-1-3) (nebel-free)
    add: (at agent-1 s-1-2)
    del: (alive agent-1) (at agent-1 s-1-3)
  (move agent-1 s-1-3 s-2-3), cost: 1
    pre: (alive agent-1) (at agent-1 s-1-3) (nebel-free)
    add: (nebel-add at agent-1 s-2-3) (nebel-del at agent-1 s-1-3) (nebel-op move agent-1 s-1-3 s-2-3) (nebel-pending at agent-1 s-1-3) (nebel-pending at agent-1 s-2-3)
    del: (nebel-free) (nebel-nopending at agent-1 s-1-3) (nebel-nopending at agent-1 s-2-3)
  (move agent-1 s-1-3 s-2-3 nebel-ce0-act), cost: 0
    pre: (alive wumpus-1) (at wumpus-1 s-2-3) (nebel-op move agent-1 s-1-3 s-2-3)
    add: (nebel-ce move agent-1 s-1-3 s-2-3 ce-0) (nebel-del alive agent-1) (nebel-pending alive agent-1)
    del: (nebel-nopending alive agent-1)
  (move agent-1 s-1-3 s-2-3 nebel-ce0-blk11), cost: 0
    pre: (NOT-at wumpus-1 s-2-3) (nebel-op move agent-1 s-1-3 s-2-3)
    add: (nebel-ce move agent-1 s-1-3 s-2-3 ce-0)
    del:
  (move agent-1 s-1-3 s-2-3 nebel-ce0-blk3), cost: 0
    pre: (NOT-alive wumpus-1) (nebel-op move agent-1 s-1-3 s-2-3)
    add: (nebel-ce move agent-1 s-1-3 s-2-3 ce-0)
    del:
  (move agent-1 s-1-3 s-2-3 nebel-end), cost: 0
    pre: (nebel-ce move agent-1 s-1-3 s-2-3 ce-0) (nebel-op move agent-1 s-1-3 s-2-3)
    add: (nebel-copy)
    del: (nebel-ce move agent-1 s-1-3 s-2-3 ce-0) (nebel-op move agent-1 s-1-3 s-2-3)
  (move agent-1 s-2-1 s-1-1), cost: 1
    pre: (alive agent-1) (at agent-1 s-2-1) (nebel-free)
    add: (at agent-1 s-1-1)
    del: (at agent-1 s-2-1)
  (move agent-1 s-2-1 s-2-2), cost: 1
    pre: (alive agent-1) (at agent-1 s-2-1) (nebel-free)
    add: (at agent-1 s-2-2)
    del: (at agent-1 s-2-1)
  (move agent-1 s-2-2 s-1-2), cost: 1
    pre: (alive agent-1) (at agent-1 s-2-2) (nebel-free)
    add: (at agent-1 s-1-2)
    del: (alive agent-1) (at agent-1 s-2-2)
  (move agent-1 s-2-2 s-2-1), cost: 1
    pre: (alive agent-1) (at agent-1 s-2-2) (nebel-free)
    add: (at agent-1 s-2-1)
    del: (at agent-1 s-2-2)
  (move agent-1 s-2-2 s-2-3), cost: 1
    pre: (alive agent-1) (at agent-1 s-2-2) (nebel-free)
    add: (nebel-add at agent-1 s-2-3) (nebel-del at agent-1 s-2-2) (nebel-op move agent-1 s-2-2 s-2-3) (nebel-pending at agent-1 s-2-2) (nebel-pending at agent-1 s-2-3)
    del: (nebel-free) (nebel-nopending at agent-1 s-2-2) (nebel-nopending at agent-1 s-2-3)
  (move agent-1 s-2-2 s-2-3 nebel-ce0-act), cost: 0
    pre: (alive wumpus-1) (at wumpus-1 s-2-3) (nebel-op move agent-1 s-2-2 s-2-3)
    add: (nebel-ce move agent-1 s-2-2 s-2-3 ce-0) (nebel-del alive agent-1) (nebel-pending alive agent-1)
    del: (nebel-nopending alive agent-1)
  (move agent-1 s-2-2 s-2-3 nebel-ce0-blk11), cost: 0
    pre: (NOT-at wumpus-1 s-2-3) (nebel-op move agent-1 s-2-2 s-2-3)
    add: (nebel-ce move agent-1 s-2-2 s-2-3 ce-0)
    del:
  (move agent-1 s-2-2 s-2-3 nebel-ce0-blk3), cost: 0
    pre: (NOT-alive wumpus-1) (nebel-op move agent-1 s-2-2 s-2-3)
    add: (nebel-ce move agent-1 s-2-2 s-2-3 ce-0)
    del:
  (move agent-1 s-2-2 s-2-3 nebel-end), cost: 0
    pre: (nebel-ce move agent-1 s-2-2 s-2-3 ce-0) (nebel-op move agent-1 s-2-2 s-2-3)
    add: (nebel-copy)
    del: (nebel-ce move agent-1 s-2-2 s-2-3 ce-0) (nebel-op move agent-1 s-2-2 s-2-3)
  (move agent-1 s-2-3 s-1-3), cost: 1
    pre: (alive agent-1) (at agent-1 s-2-3) (nebel-free)
    add: (at agent-1 s-1-3)
    del: (at agent-1 s-2-3)
  (move agent-1 s-2-3 s-2-2), cost: 1
    pre: (alive agent-1) (at agent-1 s-2-3) (nebel-free)
    add: (at agent-1 s-2-2)
    del: (at agent-1 s-2-3)
  (nebel-close), cost: 0
    pre: (nebel-copy) (nebel-nopending alive agent-1) (nebel-nopending at agent-1 s-1-3) (nebel-nopending at agent-1 s-2-2) (nebel-nopending at agent-1 s-2-3)
    add: (nebel-free)
    del: (nebel-copy)
  (nebel-copy-add alive agent-1), cost: 0
    pre: (nebel-add alive agent-1) (nebel-copy) (nebel-pending alive agent-1)
    add: (alive agent-1) (nebel-nopending alive agent-1)
    del: (nebel-add alive agent-1) (nebel-pending alive agent-1)
  (nebel-copy-add at agent-1 s-1-3), cost: 0
    pre: (nebel-add at agent-1 s-1-3) (nebel-copy) (nebel-pending at agent-1 s-1-3)
    add: (at agent-1 s-1-3) (nebel-nopending at agent-1 s-1-3)
    del: (nebel-add at agent-1 s-1-3) (nebel-pending at agent-1 s-1-3)
  (nebel-copy-add at agent-1 s-2-2), cost: 0
    pre: (nebel-add at agent-1 s-2-2) (nebel-copy) (nebel-pending at agent-1 s-2-2)
    add: (at agent-1 s-2-2) (nebel-nopending at agent-1 s-2-2)
    del: (nebel-add at agent-1 s-2-2) (nebel-pending at agent-1 s-2-2)
  (nebel-copy-add at agent-1 s-2-3), cost: 0
    pre: (nebel-add at agent-1 s-2-3) (nebel-copy) (nebel-pending at agent-1 s-2-3)
    add: (at agent-1 s-2-3) (nebel-nopending at agent-1 s-2-3)
    del: (nebel-add at agent-1 s-2-3) (nebel-pending at agent-1 s-2-3)
  (nebel-copy-del alive agent-1), cost: 0
    pre: (nebel-copy) (nebel-del alive agent-1) (nebel-pending alive agent-1)
    add: (nebel-nopending alive agent-1)
    del: (alive agent-1) (nebel-del alive agent-1) (nebel-pending alive agent-1)
  (nebel-copy-del at agent-1 s-1-3), cost: 0
    pre: (nebel-copy) (nebel-del at agent-1 s-1-3) (nebel-pending at agent-1 s-1-3)
    add: (nebel-nopending at agent-1 s-1-3)
    del: (at agent-1 s-1-3) (nebel-del at agent-1 s-1-3) (nebel-pending at agent-1 s-1-3)
  (nebel-copy-del at agent-1 s-2-2), cost: 0
    pre: (nebel-copy) (nebel-del at agent-1 s-2-2) (nebel-pending at agent-1 s-2-2)
    add: (nebel-nopending at agent-1 s-2-2)
    del: (at agent-1 s-2-2) (nebel-del at agent-1 s-2-2) (nebel-pending at agent-1 s-2-2)
  (nebel-copy-del at agent-1 s-2-3), cost: 0
    pre: (nebel-copy) (nebel-del at agent-1 s-2-3) (nebel-pending at agent-1 s-2-3)
    add: (nebel-nopending at agent-1 s-2-3)
    del: (at agent-1 s-2-3) (nebel-del at agent-1 s-2-3) (nebel-pending at agent-1 s-2-3)
  (shoot agent-1 s-1-3 arrow-1 wumpus-1 s-2-3), cost: 1
    pre: (alive agent-1) (alive wumpus-1) (at agent-1 s-1-3) (at wumpus-1 s-2-3) (have agent-1 arrow-1) (nebel-free)
    add: (NOT-alive wumpus-1) (NOT-at wumpus-1 s-2-3)
    del: (alive wumpus-1) (at wumpus-1 s-2-3) (have agent-1 arrow-1)
  (shoot agent-1 s-2-2 arrow-1 wumpus-1 s-2-3), cost: 1
    pre: (alive agent-1) (alive wumpus-1) (at agent-1 s-2-2) (at wumpus-1 s-2-3) (have agent-1 arrow-1) (nebel-free)
    add: (NOT-alive wumpus-1) (NOT-at wumpus-1 s-2-3)
    del: (alive wumpus-1) (at wumpus-1 s-2-3) (have agent-1 arrow-1)
  (take agent-1 s-1-1 agent-1), cost: 1
    pre: (alive agent-1) (at agent-1 s-1-1) (nebel-free)
    add:
    del: (at agent-1 s-1-1)
  (take agent-1 s-1-2 agent-1), cost: 1
    pre: (alive agent-1) (at agent-1 s-1-2) (nebel-free)
    add:
    del: (at agent-1 s-1-2)
  (take agent-1 s-1-3 agent-1), cost: 1
    pre: (alive agent-1) (at agent-1 s-1-3) (nebel-free)
    add:
    del: (at agent-1 s-1-3)
  (take agent-1 s-1-3 gold-1), cost: 1
    pre: (alive agent-1) (at agent-1 s-1-3) (at gold-1 s-1-3) (nebel-free)
    add: (have agent-1 gold-1)
    del: (at gold-1 s-1-3)
  (take agent-1 s-2-1 agent-1), cost: 1
    pre: (alive agent-1) (at agent-1 s-2-1) (nebel-free)
    add:
    del: (at agent-1 s-2-1)
  (take agent-1 s-2-2 agent-1), cost: 1
    pre: (alive agent-1) (at agent-1 s-2-2) (nebel-free)
    add:
    del: (at agent-1 s-2-2)
  (take agent-1 s-2-3 agent-1), cost: 1
    pre: (alive agent-1) (at agent-1 s-2-3) (nebel-free)
    add:
    del: (at agent-1 s-2-3)
  (take agent-1 s-2-3 wumpus-1), cost: 1
    pre: (alive agent-1) (at agent-1 s-2-3) (at wumpus-1 s-2-3) (nebel-free)
    add: (NOT-at wumpus-1 s-2-3)
    del: (at wumpus-1 s-2-3)
Init State: (alive agent-1) (alive wumpus-1) (at agent-1 s-1-1) (at gold-1 s-1-3) (at wumpus-1 s-2-3) (have agent-1 arrow-1) (nebel-free) (nebel-nopending alive agent-1) (nebel-nopending at agent-1 s-1-3) (nebel-nopending at agent-1 s-2-2) (nebel-nopending at agent-1 s-2-3)
Goal: (alive agent-1) (at agent-1 s-1-1) (have agent-1 gold-1) (nebel-free)
