Domain: nurikabe
Problem: random-7x7-81
Require: 83
Type[4]:
    [0]: object, parent: -1
    [1]: cell, parent: 0
    [2]: num, parent: 0
    [3]: group, parent: 0
Obj-by-Type:
    [0]: 0 1 2 3 4 5 6 7 8 9 10 11 12 13 14 15 16 17 18 19 20 21 22 23 24 25 26 27 28 29 30 31 32 33 34 35 36 37 38 39 40 41 42 43 44 45 46 47 48 49 50 51 52 53 54 55 56 57 58 59 60 61
    [1]: 1 2 3 4 5 6 7 8 9 10 11 12 13 14 15 16 17 18 19 20 21 22 23 24 25 26 27 28 29 30 31 32 33 34 35 36 37 38 39 40 41 42 43 44 45 46 47 48 49
    [2]: 0 50 51 52 53
    [3]: 54 55 56 57 58 59 60 61
Obj[62]:
    [0]: n0, type: 2, is-constant: 1, is-private: 0, owner: -1, is-agent: 0
    [1]: pos-0-0, type: 1, is-constant: 0, is-private: 0, owner: -1, is-agent: 0
    [2]: pos-0-1, type: 1, is-constant: 0, is-private: 0, owner: -1, is-agent: 0
    [3]: pos-0-2, type: 1, is-constant: 0, is-private: 0, owner: -1, is-agent: 0
    [4]: pos-0-3, type: 1, is-constant: 0, is-private: 0, owner: -1, is-agent: 0
    [5]: pos-0-4, type: 1, is-constant: 0, is-private: 0, owner: -1, is-agent: 0
    [6]: pos-0-5, type: 1, is-constant: 0, is-private: 0, owner: -1, is-agent: 0
    [7]: pos-0-6, type: 1, is-constant: 0, is-private: 0, owner: -1, is-agent: 0
    [8]: pos-1-0, type: 1, is-constant: 0, is-private: 0, owner: -1, is-agent: 0
    [9]: pos-1-1, type: 1, is-constant: 0, is-private: 0, owner: -1, is-agent: 0
    [10]: pos-1-2, type: 1, is-constant: 0, is-private: 0, owner: -1, is-agent: 0
    [11]: pos-1-3, type: 1, is-constant: 0, is-private: 0, owner: -1, is-agent: 0
    [12]: pos-1-4, type: 1, is-constant: 0, is-private: 0, owner: -1, is-agent: 0
    [13]: pos-1-5, type: 1, is-constant: 0, is-private: 0, owner: -1, is-agent: 0
    [14]: pos-1-6, type: 1, is-constant: 0, is-private: 0, owner: -1, is-agent: 0
    [15]: pos-2-0, type: 1, is-constant: 0, is-private: 0, owner: -1, is-agent: 0
    [16]: pos-2-1, type: 1, is-constant: 0, is-private: 0, owner: -1, is-agent: 0
    [17]: pos-2-2, type: 1, is-constant: 0, is-private: 0, owner: -1, is-agent: 0
    [18]: pos-2-3, type: 1, is-constant: 0, is-private: 0, owner: -1, is-agent: 0
    [19]: pos-2-4, type: 1, is-constant: 0, is-private: 0, owner: -1, is-agent: 0
    [20]: pos-2-5, type: 1, is-constant: 0, is-private: 0, owner: -1, is-agent: 0
    [21]: pos-2-6, type: 1, is-constant: 0, is-private: 0, owner: -1, is-agent: 0
    [22]: pos-3-0, type: 1, is-constant: 0, is-private: 0, owner: -1, is-agent: 0
    [23]: pos-3-1, type: 1, is-constant: 0, is-private: 0, owner: -1, is-agent: 0
    [24]: pos-3-2, type: 1, is-constant: 0, is-private: 0, owner: -1, is-agent: 0
    [25]: pos-3-3, type: 1, is-constant: 0, is-private: 0, owner: -1, is-agent: 0
    [26]: pos-3-4, type: 1, is-constant: 0, is-private: 0, owner: -1, is-agent: 0
    [27]: pos-3-5, type: 1, is-constant: 0, is-private: 0, owner: -1, is-agent: 0
    [28]: pos-3-6, type: 1, is-constant: 0, is-private: 0, owner: -1, is-agent: 0
    [29]: pos-4-0, type: 1, is-constant: 0, is-private: 0, owner: -1, is-agent: 0
    [30]: pos-4-1, type: 1, is-constant: 0, is-private: 0, owner: -1, is-agent: 0
    [31]: pos-4-2, type: 1, is-constant: 0, is-private: 0, owner: -1, is-agent: 0
    [32]: pos-4-3, type: 1, is-constant: 0, is-private: 0, owner: -1, is-agent: 0
    [33]: pos-4-4, type: 1, is-constant: 0, is-private: 0, owner: -1, is-agent: 0
    [34]: pos-4-5, type: 1, is-constant: 0, is-private: 0, owner: -1, is-agent: 0
    [35]: pos-4-6, type: 1, is-constant: 0, is-private: 0, owner: -1, is-agent: 0
    [36]: pos-5-0, type: 1, is-constant: 0, is-private: 0, owner: -1, is-agent: 0
    [37]: pos-5-1, type: 1, is-constant: 0, is-private: 0, owner: -1, is-agent: 0
    [38]: pos-5-2, type: 1, is-constant: 0, is-private: 0, owner: -1, is-agent: 0
    [39]: pos-5-3, type: 1, is-constant: 0, is-private: 0, owner: -1, is-agent: 0
    [40]: pos-5-4, type: 1, is-constant: 0, is-private: 0, owner: -1, is-agent: 0
    [41]: pos-5-5, type: 1, is-constant: 0, is-private: 0, owner: -1, is-agent: 0
    [42]: pos-5-6, type: 1, is-constant: 0, is-private: 0, owner: -1, is-agent: 0
    [43]: pos-6-0, type: 1, is-constant: 0, is-private: 0, owner: -1, is-agent: 0
    [44]: pos-6-1, type: 1, is-constant: 0, is-private: 0, owner: -1, is-agent: 0
    [45]: pos-6-2, type: 1, is-constant: 0, is-private: 0, owner: -1, is-agent: 0
    [46]: pos-6-3, type: 1, is-constant: 0, is-private: 0, owner: -1, is-agent: 0
    [47]: pos-6-4, type: 1, is-constant: 0, is-private: 0, owner: -1, is-agent: 0
    [48]: pos-6-5, type: 1, is-constant: 0, is-private: 0, owner: -1, is-agent: 0
    [49]: pos-6-6, type: 1, is-constant: 0, is-private: 0, owner: -1, is-agent: 0
    [50]: n1, type: 2, is-constant: 0, is-private: 0, owner: -1, is-agent: 0
    [51]: n2, type: 2, is-constant: 0, is-private: 0, owner: -1, is-agent: 0
    [52]: n3, type: 2, is-constant: 0, is-private: 0, owner: -1, is-agent: 0
    [53]: n4, type: 2, is-constant: 0, is-private: 0, owner: -1, is-agent: 0
    [54]: g0, type: 3, is-constant: 0, is-private: 0, owner: -1, is-agent: 0
    [55]: g1, type: 3, is-constant: 0, is-private: 0, owner: -1, is-agent: 0
    [56]: g2, type: 3, is-constant: 0, is-private: 0, owner: -1, is-agent: 0
    [57]: g3, type: 3, is-constant: 0, is-private: 0, owner: -1, is-agent: 0
    [58]: g4, type: 3, is-constant: 0, is-private: 0, owner: -1, is-agent: 0
    [59]: g5, type: 3, is-constant: 0, is-private: 0, owner: -1, is-agent: 0
    [60]: g6, type: 3, is-constant: 0, is-private: 0, owner: -1, is-agent: 0
    [61]: g7, type: 3, is-constant: 0, is-private: 0, owner: -1, is-agent: 0
Predicate[14]:
    =: 0 0 :: read: 0, write: 0, in-init: 0
    next: 2 2 :: read: 1, write: 0, in-init: 1
    connected: 1 1 :: read: 1, write: 0, in-init: 1
    source: 1 3 :: read: 1, write: 0, in-init: 1
    available: 1 :: read: 1, write: 1, in-init: 1, neg-of: NOT-available
    remaining-cells: 3 2 :: read: 1, write: 1, in-init: 1
    robot-pos: 1 :: read: 1, write: 1, in-init: 1
    moving: :: read: 1, write: 1, in-init: 1
    painting: 3 :: read: 1, write: 1, in-init: 0
    group-painted: 3 :: read: 1, write: 1, in-init: 0
    NOT-painted: 1 :: read: 1, write: 1, in-init: 1
    NOT-available: 1 :: read: 1, write: 1, in-init: 1, neg-of: available
    NOT-part-of: 1 3 :: read: 1, write: 1, in-init: 1
    NOT-blocked: 1 :: read: 1, write: 1, in-init: 1
Function[0]:
Action[4]:
    move: ?from:1 ?to:1
        pre: (and (R:connected ?from ?to) (RW:robot-pos ?from) (RW:moving) (RW:NOT-painted ?to))
        eff: (and (N:RW:robot-pos ?from) (RW:robot-pos ?to))
    start-painting: ?c:1 ?g:3 ?n1:2 ?n2:2
        pre: (and (R:next ?n2 ?n1) (R:source ?c ?g) (RW:remaining-cells ?g ?n1) (RW:robot-pos ?c) (RW:moving))
        eff: (and (N:RW:remaining-cells ?g ?n1) (RW:remaining-cells ?g ?n2) (N:RW:moving) (RW:painting ?g) (N:RW:NOT-painted ?c))
    move-painting: ?from:1 ?to:1 ?g:3 ?n1:2 ?n2:2
        pre: (and (R:next ?n2 ?n1) (R:connected ?from ?to) (RW:remaining-cells ?g ?n1) (RW:robot-pos ?from) (RW:painting ?g) (RW:NOT-painted ?to) (RW:NOT-blocked ?to))
        eff: (and (N:RW:remaining-cells ?g ?n1) (RW:remaining-cells ?g ?n2) (N:RW:robot-pos ?from) (RW:robot-pos ?to) (N:RW:NOT-painted ?to) (when (and (R:connected ?to pos-0-0) (RW:available pos-0-0)) (and (N:RW:available pos-0-0) (N:RW:NOT-part-of pos-0-0 ?g) (RW:NOT-available pos-0-0))) (when (and (R:connected ?to pos-0-1) (RW:available pos-0-1)) (and (N:RW:available pos-0-1) (N:RW:NOT-part-of pos-0-1 ?g) (RW:NOT-available pos-0-1))) (when (and (R:connected ?to pos-0-2) (RW:available pos-0-2)) (and (N:RW:available pos-0-2) (N:RW:NOT-part-of pos-0-2 ?g) (RW:NOT-available pos-0-2))) (when (and (R:connected ?to pos-0-3) (RW:available pos-0-3)) (and (N:RW:available pos-0-3) (N:RW:NOT-part-of pos-0-3 ?g) (RW:NOT-available pos-0-3))) (when (and (R:connected ?to pos-0-4) (RW:available pos-0-4)) (and (N:RW:available pos-0-4) (N:RW:NOT-part-of pos-0-4 ?g) (RW:NOT-available pos-0-4))) (when (and (R:connected ?to pos-0-5) (RW:available pos-0-5)) (and (N:RW:available pos-0-5) (N:RW:NOT-part-of pos-0-5 ?g) (RW:NOT-available pos-0-5))) (when (and (R:connected ?to pos-0-6) (RW:available pos-0-6)) (and (N:RW:available pos-0-6) (N:RW:NOT-part-of pos-0-6 ?g) (RW:NOT-available pos-0-6))) (when (and (R:connected ?to pos-1-0) (RW:available pos-1-0)) (and (N:RW:available pos-1-0) (N:RW:NOT-part-of pos-1-0 ?g) (RW:NOT-available pos-1-0))) (when (and (R:connected ?to pos-1-1) (RW:available pos-1-1)) (and (N:RW:available pos-1-1) (N:RW:NOT-part-of pos-1-1 ?g) (RW:NOT-available pos-1-1))) (when (and (R:connected ?to pos-1-2) (RW:available pos-1-2)) (and (N:RW:available pos-1-2) (N:RW:NOT-part-of pos-1-2 ?g) (RW:NOT-available pos-1-2))) (when (and (R:connected ?to pos-1-3) (RW:available pos-1-3)) (and (N:RW:available pos-1-3) (N:RW:NOT-part-of pos-1-3 ?g) (RW:NOT-available pos-1-3))) (when (and (R:connected ?to pos-1-4) (RW:available pos-1-4)) (and (N:RW:available pos-1-4) (N:RW:NOT-part-of pos-1-4 ?g) (RW:NOT-available pos-1-4))) (when (and (R:connected ?to pos-1-5) (RW:available pos-1-5)) (and (N:RW:available pos-1-5) (N:RW:NOT-part-of pos-1-5 ?g) (RW:NOT-available pos-1-5))) (when (and (R:connected ?to pos-1-6) (RW:available pos-1-6)) (and (N:RW:available pos-1-6) (N:RW:NOT-part-of pos-1-6 ?g) (RW:NOT-available pos-1-6))) (when (and (R:connected ?to pos-2-0) (RW:available pos-2-0)) (and (N:RW:available pos-2-0) (N:RW:NOT-part-of pos-2-0 ?g) (RW:NOT-available pos-2-0))) (when (and (R:connected ?to pos-2-1) (RW:available pos-2-1)) (and (N:RW:available pos-2-1) (N:RW:NOT-part-of pos-2-1 ?g) (RW:NOT-available pos-2-1))) (when (and (R:connected ?to pos-2-2) (RW:available pos-2-2)) (and (N:RW:available pos-2-2) (N:RW:NOT-part-of pos-2-2 ?g) (RW:NOT-available pos-2-2))) (when (and (R:connected ?to pos-2-3) (RW:available pos-2-3)) (and (N:RW:available pos-2-3) (N:RW:NOT-part-of pos-2-3 ?g) (RW:NOT-available pos-2-3))) (when (and (R:connected ?to pos-2-4) (RW:available pos-2-4)) (and (N:RW:available pos-2-4) (N:RW:NOT-part-of pos-2-4 ?g) (RW:NOT-available pos-2-4))) (when (and (R:connected ?to pos-2-5) (RW:available pos-2-5)) (and (N:RW:available pos-2-5) (N:RW:NOT-part-of pos-2-5 ?g) (RW:NOT-available pos-2-5))) (when (and (R:connected ?to pos-2-6) (RW:available pos-2-6)) (and (N:RW:available pos-2-6) (N:RW:NOT-part-of pos-2-6 ?g) (RW:NOT-available pos-2-6))) (when (and (R:connected ?to pos-3-0) (RW:available pos-3-0)) (and (N:RW:available pos-3-0) (N:RW:NOT-part-of pos-3-0 ?g) (RW:NOT-available pos-3-0))) (when (and (R:connected ?to pos-3-1) (RW:available pos-3-1)) (and (N:RW:available pos-3-1) (N:RW:NOT-part-of pos-3-1 ?g) (RW:NOT-available pos-3-1))) (when (and (R:connected ?to pos-3-2) (RW:available pos-3-2)) (and (N:RW:available pos-3-2) (N:RW:NOT-part-of pos-3-2 ?g) (RW:NOT-available pos-3-2))) (when (and (R:connected ?to pos-3-3) (RW:available pos-3-3)) (and (N:RW:available pos-3-3) (N:RW:NOT-part-of pos-3-3 ?g) (RW:NOT-available pos-3-3))) (when (and (R:connected ?to pos-3-4) (RW:available pos-3-4)) (and (N:RW:available pos-3-4) (N:RW:NOT-part-of pos-3-4 ?g) (RW:NOT-available pos-3-4))) (when (and (R:connected ?to pos-3-5) (RW:available pos-3-5)) (and (N:RW:available pos-3-5) (N:RW:NOT-part-of pos-3-5 ?g) (RW:NOT-available pos-3-5))) (when (and (R:connected ?to pos-3-6) (RW:available pos-3-6)) (and (N:RW:available pos-3-6) (N:RW:NOT-part-of pos-3-6 ?g) (RW:NOT-available pos-3-6))) (when (and (R:connected ?to pos-4-0) (RW:available pos-4-0)) (and (N:RW:available pos-4-0) (N:RW:NOT-part-of pos-4-0 ?g) (RW:NOT-available pos-4-0))) (when (and (R:connected ?to pos-4-1) (RW:available pos-4-1)) (and (N:RW:available pos-4-1) (N:RW:NOT-part-of pos-4-1 ?g) (RW:NOT-available pos-4-1))) (when (and (R:connected ?to pos-4-2) (RW:available pos-4-2)) (and (N:RW:available pos-4-2) (N:RW:NOT-part-of pos-4-2 ?g) (RW:NOT-available pos-4-2))) (when (and (R:connected ?to pos-4-3) (RW:available pos-4-3)) (and (N:RW:available pos-4-3) (N:RW:NOT-part-of pos-4-3 ?g) (RW:NOT-available pos-4-3))) (when (and (R:connected ?to pos-4-4) (RW:available pos-4-4)) (and (N:RW:available pos-4-4) (N:RW:NOT-part-of pos-4-4 ?g) (RW:NOT-available pos-4-4))) (when (and (R:connected ?to pos-4-5) (RW:available pos-4-5)) (and (N:RW:available pos-4-5) (N:RW:NOT-part-of pos-4-5 ?g) (RW:NOT-available pos-4-5))) (when (and (R:connected ?to pos-4-6) (RW:available pos-4-6)) (and (N:RW:available pos-4-6) (N:RW:NOT-part-of pos-4-6 ?g) (RW:NOT-available pos-4-6))) (when (and (R:connected ?to pos-5-0) (RW:available pos-5-0)) (and (N:RW:available pos-5-0) (N:RW:NOT-part-of pos-5-0 ?g) (RW:NOT-available pos-5-0))) (when (and (R:connected ?to pos-5-1) (RW:available pos-5-1)) (and (N:RW:available pos-5-1) (N:RW:NOT-part-of pos-5-1 ?g) (RW:NOT-available pos-5-1))) (when (and (R:connected ?to pos-5-2) (RW:available pos-5-2)) (and (N:RW:available pos-5-2) (N:RW:NOT-part-of pos-5-2 ?g) (RW:NOT-available pos-5-2))) (when (and (R:connected ?to pos-5-3) (RW:available pos-5-3)) (and (N:RW:available pos-5-3) (N:RW:NOT-part-of pos-5-3 ?g) (RW:NOT-available pos-5-3))) (when (and (R:connected ?to pos-5-4) (RW:available pos-5-4)) (and (N:RW:available pos-5-4) (N:RW:NOT-part-of pos-5-4 ?g) (RW:NOT-available pos-5-4))) (when (and (R:connected ?to pos-5-5) (RW:available pos-5-5)) (and (N:RW:available pos-5-5) (N:RW:NOT-part-of pos-5-5 ?g) (RW:NOT-available pos-5-5))) (when (and (R:connected ?to pos-5-6) (RW:available pos-5-6)) (and (N:RW:available pos-5-6) (N:RW:NOT-part-of pos-5-6 ?g) (RW:NOT-available pos-5-6))) (when (and (R:connected ?to pos-6-0) (RW:available pos-6-0)) (and (N:RW:available pos-6-0) (N:RW:NOT-part-of pos-6-0 ?g) (RW:NOT-available pos-6-0))) (when (and (R:connected ?to pos-6-1) (RW:available pos-6-1)) (and (N:RW:available pos-6-1) (N:RW:NOT-part-of pos-6-1 ?g) (RW:NOT-available pos-6-1))) (when (and (R:connected ?to pos-6-2) (RW:available pos-6-2)) (and (N:RW:available pos-6-2) (N:RW:NOT-part-of pos-6-2 ?g) (RW:NOT-available pos-6-2))) (when (and (R:connected ?to pos-6-3) (RW:available pos-6-3)) (and (N:RW:available pos-6-3) (N:RW:NOT-part-of pos-6-3 ?g) (RW:NOT-available pos-6-3))) (when (and (R:connected ?to pos-6-4) (RW:available pos-6-4)) (and (N:RW:available pos-6-4) (N:RW:NOT-part-of pos-6-4 ?g) (RW:NOT-available pos-6-4))) (when (and (R:connected ?to pos-6-5) (RW:available pos-6-5)) (and (N:RW:available pos-6-5) (N:RW:NOT-part-of pos-6-5 ?g) (RW:NOT-available pos-6-5))) (when (and (R:connected ?to pos-6-6) (RW:available pos-6-6)) (and (N:RW:available pos-6-6) (N:RW:NOT-part-of pos-6-6 ?g) (RW:NOT-available pos-6-6))) (when (and (R:connected ?to pos-0-0) (RW:NOT-available pos-0-0) (RW:NOT-part-of pos-0-0 ?g)) (N:RW:NOT-blocked pos-0-0)) (when (and (R:connected ?to pos-0-1) (RW:NOT-available pos-0-1) (RW:NOT-part-of pos-0-1 ?g)) (N:RW:NOT-blocked pos-0-1)) (when (and (R:connected ?to pos-0-2) (RW:NOT-available pos-0-2) (RW:NOT-part-of pos-0-2 ?g)) (N:RW:NOT-blocked pos-0-2)) (when (and (R:connected ?to pos-0-3) (RW:NOT-available pos-0-3) (RW:NOT-part-of pos-0-3 ?g)) (N:RW:NOT-blocked pos-0-3)) (when (and (R:connected ?to pos-0-4) (RW:NOT-available pos-0-4) (RW:NOT-part-of pos-0-4 ?g)) (N:RW:NOT-blocked pos-0-4)) (when (and (R:connected ?to pos-0-5) (RW:NOT-available pos-0-5) (RW:NOT-part-of pos-0-5 ?g)) (N:RW:NOT-blocked pos-0-5)) (when (and (R:connected ?to pos-0-6) (RW:NOT-available pos-0-6) (RW:NOT-part-of pos-0-6 ?g)) (N:RW:NOT-blocked pos-0-6)) (when (and (R:connected ?to pos-1-0) (RW:NOT-available pos-1-0) (RW:NOT-part-of pos-1-0 ?g)) (N:RW:NOT-blocked pos-1-0)) (when (and (R:connected ?to pos-1-1) (RW:NOT-available pos-1-1) (RW:NOT-part-of pos-1-1 ?g)) (N:RW:NOT-blocked pos-1-1)) (when (and (R:connected ?to pos-1-2) (RW:NOT-available pos-1-2) (RW:NOT-part-of pos-1-2 ?g)) (N:RW:NOT-blocked pos-1-2)) (when (and (R:connected ?to pos-1-3) (RW:NOT-available pos-1-3) (RW:NOT-part-of pos-1-3 ?g)) (N:RW:NOT-blocked pos-1-3)) (when (and (R:connected ?to pos-1-4) (RW:NOT-available pos-1-4) (RW:NOT-part-of pos-1-4 ?g)) (N:RW:NOT-blocked pos-1-4)) (when (and (R:connected ?to pos-1-5) (RW:NOT-available pos-1-5) (RW:NOT-part-of pos-1-5 ?g)) (N:RW:NOT-blocked pos-1-5)) (when (and (R:connected ?to pos-1-6) (RW:NOT-available pos-1-6) (RW:NOT-part-of pos-1-6 ?g)) (N:RW:NOT-blocked pos-1-6)) (when (and (R:connected ?to pos-2-0) (RW:NOT-available pos-2-0) (RW:NOT-part-of pos-2-0 ?g)) (N:RW:NOT-blocked pos-2-0)) (when (and (R:connected ?to pos-2-1) (RW:NOT-available pos-2-1) (RW:NOT-part-of pos-2-1 ?g)) (N:RW:NOT-blocked pos-2-1)) (when (and (R:connected ?to pos-2-2) (RW:NOT-available pos-2-2) (RW:NOT-part-of pos-2-2 ?g)) (N:RW:NOT-blocked pos-2-2)) (when (and (R:connected ?to pos-2-3) (RW:NOT-available pos-2-3) (RW:NOT-part-of pos-2-3 ?g)) (N:RW:NOT-blocked pos-2-3)) (when (and (R:connected ?to pos-2-4) (RW:NOT-available pos-2-4) (RW:NOT-part-of pos-2-4 ?g)) (N:RW:NOT-blocked pos-2-4)) (when (and (R:connected ?to pos-2-5) (RW:NOT-available pos-2-5) (RW:NOT-part-of pos-2-5 ?g)) (N:RW:NOT-blocked pos-2-5)) (when (and (R:connected ?to pos-2-6) (RW:NOT-available pos-2-6) (RW:NOT-part-of pos-2-6 ?g)) (N:RW:NOT-blocked pos-2-6)) (when (and (R:connected ?to pos-3-0) (RW:NOT-available pos-3-0) (RW:NOT-part-of pos-3-0 ?g)) (N:RW:NOT-blocked pos-3-0)) (when (and (R:connected ?to pos-3-1) (RW:NOT-available pos-3-1) (RW:NOT-part-of pos-3-1 ?g)) (N:RW:NOT-blocked pos-3-1)) (when (and (R:connected ?to pos-3-2) (RW:NOT-available pos-3-2) (RW:NOT-part-of pos-3-2 ?g)) (N:RW:NOT-blocked pos-3-2)) (when (and (R:connected ?to pos-3-3) (RW:NOT-available pos-3-3) (RW:NOT-part-of pos-3-3 ?g)) (N:RW:NOT-blocked pos-3-3)) (when (and (R:connected ?to pos-3-4) (RW:NOT-available pos-3-4) (RW:NOT-part-of pos-3-4 ?g)) (N:RW:NOT-blocked pos-3-4)) (when (and (R:connected ?to pos-3-5) (RW:NOT-available pos-3-5) (RW:NOT-part-of pos-3-5 ?g)) (N:RW:NOT-blocked pos-3-5)) (when (and (R:connected ?to pos-3-6) (RW:NOT-available pos-3-6) (RW:NOT-part-of pos-3-6 ?g)) (N:RW:NOT-blocked pos-3-6)) (when (and (R:connected ?to pos-4-0) (RW:NOT-available pos-4-0) (RW:NOT-part-of pos-4-0 ?g)) (N:RW:NOT-blocked pos-4-0)) (when (and (R:connected ?to pos-4-1) (RW:NOT-available pos-4-1) (RW:NOT-part-of pos-4-1 ?g)) (N:RW:NOT-blocked pos-4-1)) (when (and (R:connected ?to pos-4-2) (RW:NOT-available pos-4-2) (RW:NOT-part-of pos-4-2 ?g)) (N:RW:NOT-blocked pos-4-2)) (when (and (R:connected ?to pos-4-3) (RW:NOT-available pos-4-3) (RW:NOT-part-of pos-4-3 ?g)) (N:RW:NOT-blocked pos-4-3)) (when (and (R:connected ?to pos-4-4) (RW:NOT-available pos-4-4) (RW:NOT-part-of pos-4-4 ?g)) (N:RW:NOT-blocked pos-4-4)) (when (and (R:connected ?to pos-4-5) (RW:NOT-available pos-4-5) (RW:NOT-part-of pos-4-5 ?g)) (N:RW:NOT-blocked pos-4-5)) (when (and (R:connected ?to pos-4-6) (RW:NOT-available pos-4-6) (RW:NOT-part-of pos-4-6 ?g)) (N:RW:NOT-blocked pos-4-6)) (when (and (R:connected ?to pos-5-0) (RW:NOT-available pos-5-0) (RW:NOT-part-of pos-5-0 ?g)) (N:RW:NOT-blocked pos-5-0)) (when (and (R:connected ?to pos-5-1) (RW:NOT-available pos-5-1) (RW:NOT-part-of pos-5-1 ?g)) (N:RW:NOT-blocked pos-5-1)) (when (and (R:connected ?to pos-5-2) (RW:NOT-available pos-5-2) (RW:NOT-part-of pos-5-2 ?g)) (N:RW:NOT-blocked pos-5-2)) (when (and (R:connected ?to pos-5-3) (RW:NOT-available pos-5-3) (RW:NOT-part-of pos-5-3 ?g)) (N:RW:NOT-blocked pos-5-3)) (when (and (R:connected ?to pos-5-4) (RW:NOT-available pos-5-4) (RW:NOT-part-of pos-5-4 ?g)) (N:RW:NOT-blocked pos-5-4)) (when (and (R:connected ?to pos-5-5) (RW:NOT-available pos-5-5) (RW:NOT-part-of pos-5-5 ?g)) (N:RW:NOT-blocked pos-5-5)) (when (and (R:connected ?to pos-5-6) (RW:NOT-available pos-5-6) (RW:NOT-part-of pos-5-6 ?g)) (N:RW:NOT-blocked pos-5-6)) (when (and (R:connected ?to pos-6-0) (RW:NOT-available pos-6-0) (RW:NOT-part-of pos-6-0 ?g)) (N:RW:NOT-blocked pos-6-0)) (when (and (R:connected ?to pos-6-1) (RW:NOT-available pos-6-1) (RW:NOT-part-of pos-6-1 ?g)) (N:RW:NOT-blocked pos-6-1)) (when (and (R:connected ?to pos-6-2) (RW:NOT-available pos-6-2) (RW:NOT-part-of pos-6-2 ?g)) (N:RW:NOT-blocked pos-6-2)) (when (and (R:connected ?to pos-6-3) (RW:NOT-available pos-6-3) (RW:NOT-part-of pos-6-3 ?g)) (N:RW:NOT-blocked pos-6-3)) (when (and (R:connected ?to pos-6-4) (RW:NOT-available pos-6-4) (RW:NOT-part-of pos-6-4 ?g)) (N:RW:NOT-blocked pos-6-4)) (when (and (R:connected ?to pos-6-5) (RW:NOT-available pos-6-5) (RW:NOT-part-of pos-6-5 ?g)) (N:RW:NOT-blocked pos-6-5)) (when (and (R:connected ?to pos-6-6) (RW:NOT-available pos-6-6) (RW:NOT-part-of pos-6-6 ?g)) (N:RW:NOT-blocked pos-6-6)))
    end-painting: ?g:3
        pre: (and (RW:remaining-cells ?g n0) (RW:painting ?g))
        eff: (and (RW:moving) (N:RW:painting ?g) (RW:group-painted ?g))
Init[703]:
  S:(next n0 n1)
  S:(next n1 n2)
  S:(next n2 n3)
  S:(next n3 n4)
  S:(connected pos-0-0 pos-0-1)
  S:(connected pos-0-0 pos-1-0)
  S:(connected pos-0-1 pos-0-0)
  S:(connected pos-0-1 pos-0-2)
  S:(connected pos-0-1 pos-1-1)
  S:(connected pos-0-2 pos-0-1)
  S:(connected pos-0-2 pos-0-3)
  S:(connected pos-0-2 pos-1-2)
  S:(connected pos-0-3 pos-0-2)
  S:(connected pos-0-3 pos-0-4)
  S:(connected pos-0-3 pos-1-3)
  S:(connected pos-0-4 pos-0-3)
  S:(connected pos-0-4 pos-0-5)
  S:(connected pos-0-4 pos-1-4)
  S:(connected pos-0-5 pos-0-4)
  S:(connected pos-0-5 pos-0-6)
  S:(connected pos-0-5 pos-1-5)
  S:(connected pos-0-6 pos-0-5)
  S:(connected pos-0-6 pos-1-6)
  S:(connected pos-1-0 pos-0-0)
  S:(connected pos-1-0 pos-1-1)
  S:(connected pos-1-0 pos-2-0)
  S:(connected pos-1-1 pos-0-1)
  S:(connected pos-1-1 pos-1-0)
  S:(connected pos-1-1 pos-1-2)
  S:(connected pos-1-1 pos-2-1)
  S:(connected pos-1-2 pos-0-2)
  S:(connected pos-1-2 pos-1-1)
  S:(connected pos-1-2 pos-1-3)
  S:(connected pos-1-2 pos-2-2)
  S:(connected pos-1-3 pos-0-3)
  S:(connected pos-1-3 pos-1-2)
  S:(connected pos-1-3 pos-1-4)
  S:(connected pos-1-3 pos-2-3)
  S:(connected pos-1-4 pos-0-4)
  S:(connected pos-1-4 pos-1-3)
  S:(connected pos-1-4 pos-1-5)
  S:(connected pos-1-4 pos-2-4)
  S:(connected pos-1-5 pos-0-5)
  S:(connected pos-1-5 pos-1-4)
  S:(connected pos-1-5 pos-1-6)
  S:(connected pos-1-5 pos-2-5)
  S:(connected pos-1-6 pos-0-6)
  S:(connected pos-1-6 pos-1-5)
  S:(connected pos-1-6 pos-2-6)
  S:(connected pos-2-0 pos-1-0)
  S:(connected pos-2-0 pos-2-1)
  S:(connected pos-2-0 pos-3-0)
  S:(connected pos-2-1 pos-1-1)
  S:(connected pos-2-1 pos-2-0)
  S:(connected pos-2-1 pos-2-2)
  S:(connected pos-2-1 pos-3-1)
  S:(connected pos-2-2 pos-1-2)
  S:(connected pos-2-2 pos-2-1)
  S:(connected pos-2-2 pos-2-3)
  S:(connected pos-2-2 pos-3-2)
  S:(connected pos-2-3 pos-1-3)
  S:(connected pos-2-3 pos-2-2)
  S:(connected pos-2-3 pos-2-4)
  S:(connected pos-2-3 pos-3-3)
  S:(connected pos-2-4 pos-1-4)
  S:(connected pos-2-4 pos-2-3)
  S:(connected pos-2-4 pos-2-5)
  S:(connected pos-2-4 pos-3-4)
  S:(connected pos-2-5 pos-1-5)
  S:(connected pos-2-5 pos-2-4)
  S:(connected pos-2-5 pos-2-6)
  S:(connected pos-2-5 pos-3-5)
  S:(connected pos-2-6 pos-1-6)
  S:(connected pos-2-6 pos-2-5)
  S:(connected pos-2-6 pos-3-6)
  S:(connected pos-3-0 pos-2-0)
  S:(connected pos-3-0 pos-3-1)
  S:(connected pos-3-0 pos-4-0)
  S:(connected pos-3-1 pos-2-1)
  S:(connected pos-3-1 pos-3-0)
  S:(connected pos-3-1 pos-3-2)
  S:(connected pos-3-1 pos-4-1)
  S:(connected pos-3-2 pos-2-2)
  S:(connected pos-3-2 pos-3-1)
  S:(connected pos-3-2 pos-3-3)
  S:(connected pos-3-2 pos-4-2)
  S:(connected pos-3-3 pos-2-3)
  S:(connected pos-3-3 pos-3-2)
  S:(connected pos-3-3 pos-3-4)
  S:(connected pos-3-3 pos-4-3)
  S:(connected pos-3-4 pos-2-4)
  S:(connected pos-3-4 pos-3-3)
  S:(connected pos-3-4 pos-3-5)
  S:(connected pos-3-4 pos-4-4)
  S:(connected pos-3-5 pos-2-5)
  S:(connected pos-3-5 pos-3-4)
  S:(connected pos-3-5 pos-3-6)
  S:(connected pos-3-5 pos-4-5)
  S:(connected pos-3-6 pos-2-6)
  S:(connected pos-3-6 pos-3-5)
  S:(connected pos-3-6 pos-4-6)
  S:(connected pos-4-0 pos-3-0)
  S:(connected pos-4-0 pos-4-1)
  S:(connected pos-4-0 pos-5-0)
  S:(connected pos-4-1 pos-3-1)
  S:(connected pos-4-1 pos-4-0)
  S:(connected pos-4-1 pos-4-2)
  S:(connected pos-4-1 pos-5-1)
  S:(connected pos-4-2 pos-3-2)
  S:(connected pos-4-2 pos-4-1)
  S:(connected pos-4-2 pos-4-3)
  S:(connected pos-4-2 pos-5-2)
  S:(connected pos-4-3 pos-3-3)
  S:(connected pos-4-3 pos-4-2)
  S:(connected pos-4-3 pos-4-4)
  S:(connected pos-4-3 pos-5-3)
  S:(connected pos-4-4 pos-3-4)
  S:(connected pos-4-4 pos-4-3)
  S:(connected pos-4-4 pos-4-5)
  S:(connected pos-4-4 pos-5-4)
  S:(connected pos-4-5 pos-3-5)
  S:(connected pos-4-5 pos-4-4)
  S:(connected pos-4-5 pos-4-6)
  S:(connected pos-4-5 pos-5-5)
  S:(connected pos-4-6 pos-3-6)
  S:(connected pos-4-6 pos-4-5)
  S:(connected pos-4-6 pos-5-6)
  S:(connected pos-5-0 pos-4-0)
  S:(connected pos-5-0 pos-5-1)
  S:(connected pos-5-0 pos-6-0)
  S:(connected pos-5-1 pos-4-1)
  S:(connected pos-5-1 pos-5-0)
  S:(connected pos-5-1 pos-5-2)
  S:(connected pos-5-1 pos-6-1)
  S:(connected pos-5-2 pos-4-2)
  S:(connected pos-5-2 pos-5-1)
  S:(connected pos-5-2 pos-5-3)
  S:(connected pos-5-2 pos-6-2)
  S:(connected pos-5-3 pos-4-3)
  S:(connected pos-5-3 pos-5-2)
  S:(connected pos-5-3 pos-5-4)
  S:(connected pos-5-3 pos-6-3)
  S:(connected pos-5-4 pos-4-4)
  S:(connected pos-5-4 pos-5-3)
  S:(connected pos-5-4 pos-5-5)
  S:(connected pos-5-4 pos-6-4)
  S:(connected pos-5-5 pos-4-5)
  S:(connected pos-5-5 pos-5-4)
  S:(connected pos-5-5 pos-5-6)
  S:(connected pos-5-5 pos-6-5)
  S:(connected pos-5-6 pos-4-6)
  S:(connected pos-5-6 pos-5-5)
  S:(connected pos-5-6 pos-6-6)
  S:(connected pos-6-0 pos-5-0)
  S:(connected pos-6-0 pos-6-1)
  S:(connected pos-6-1 pos-5-1)
  S:(connected pos-6-1 pos-6-0)
  S:(connected pos-6-1 pos-6-2)
  S:(connected pos-6-2 pos-5-2)
  S:(connected pos-6-2 pos-6-1)
  S:(connected pos-6-2 pos-6-3)
  S:(connected pos-6-3 pos-5-3)
  S:(connected pos-6-3 pos-6-2)
  S:(connected pos-6-3 pos-6-4)
  S:(connected pos-6-4 pos-5-4)
  S:(connected pos-6-4 pos-6-3)
  S:(connected pos-6-4 pos-6-5)
  S:(connected pos-6-5 pos-5-5)
  S:(connected pos-6-5 pos-6-4)
  S:(connected pos-6-5 pos-6-6)
  S:(connected pos-6-6 pos-5-6)
  S:(connected pos-6-6 pos-6-5)
  S:(source pos-0-1 g0)
  S:(source pos-0-6 g7)
  S:(source pos-1-3 g3)
  S:(source pos-2-1 g1)
  S:(source pos-2-5 g5)
  S:(source pos-4-4 g4)
  S:(source pos-6-1 g2)
  S:(source pos-6-5 g6)
  (available pos-0-4)
  (available pos-1-0)
  (available pos-3-0)
  (available pos-3-2)
  (available pos-3-3)
  (available pos-3-6)
  (available pos-4-0)
  (available pos-4-1)
  (available pos-4-2)
  (available pos-4-6)
  (available pos-5-0)
  (available pos-5-2)
  (available pos-5-3)
  (available pos-5-6)
  (available pos-6-3)
  (remaining-cells g0 n1)
  (remaining-cells g1 n3)
  (remaining-cells g2 n4)
  (remaining-cells g3 n4)
  (remaining-cells g4 n2)
  (remaining-cells g5 n1)
  (remaining-cells g6 n2)
  (remaining-cells g7 n2)
  (robot-pos pos-0-0)
  (moving)
  (NOT-painted pos-0-0)
  (NOT-painted pos-0-1)
  (NOT-painted pos-0-2)
  (NOT-painted pos-0-3)
  (NOT-painted pos-0-4)
  (NOT-painted pos-0-5)
  (NOT-painted pos-0-6)
  (NOT-painted pos-1-0)
  (NOT-painted pos-1-1)
  (NOT-painted pos-1-2)
  (NOT-painted pos-1-3)
  (NOT-painted pos-1-4)
  (NOT-painted pos-1-5)
  (NOT-painted pos-1-6)
  (NOT-painted pos-2-0)
  (NOT-painted pos-2-1)
  (NOT-painted pos-2-2)
  (NOT-painted pos-2-3)
  (NOT-painted pos-2-4)
  (NOT-painted pos-2-5)
  (NOT-painted pos-2-6)
  (NOT-painted pos-3-0)
  (NOT-painted pos-3-1)
  (NOT-painted pos-3-2)
  (NOT-painted pos-3-3)
  (NOT-painted pos-3-4)
  (NOT-painted pos-3-5)
  (NOT-painted pos-3-6)
  (NOT-painted pos-4-0)
  (NOT-painted pos-4-1)
  (NOT-painted pos-4-2)
  (NOT-painted pos-4-3)
  (NOT-painted pos-4-4)
  (NOT-painted pos-4-5)
  (NOT-painted pos-4-6)
  (NOT-painted pos-5-0)
  (NOT-painted pos-5-1)
  (NOT-painted pos-5-2)
  (NOT-painted pos-5-3)
  (NOT-painted pos-5-4)
  (NOT-painted pos-5-5)
  (NOT-painted pos-5-6)
  (NOT-painted pos-6-0)
  (NOT-painted pos-6-1)
  (NOT-painted pos-6-2)
  (NOT-painted pos-6-3)
  (NOT-painted pos-6-4)
  (NOT-painted pos-6-5)
  (NOT-painted pos-6-6)
  (NOT-available pos-0-0)
  (NOT-available pos-0-1)
  (NOT-available pos-0-2)
  (NOT-available pos-0-3)
  (NOT-available pos-0-5)
  (NOT-available pos-0-6)
  (NOT-available pos-1-1)
  (NOT-available pos-1-2)
  (NOT-available pos-1-3)
  (NOT-available pos-1-4)
  (NOT-available pos-1-5)
  (NOT-available pos-1-6)
  (NOT-available pos-2-0)
  (NOT-available pos-2-1)
  (NOT-available pos-2-2)
  (NOT-available pos-2-3)
  (NOT-available pos-2-4)
  (NOT-available pos-2-5)
  (NOT-available pos-2-6)
  (NOT-available pos-3-1)
  (NOT-available pos-3-4)
  (NOT-available pos-3-5)
  (NOT-available pos-4-3)
  (NOT-available pos-4-4)
  (NOT-available pos-4-5)
  (NOT-available pos-5-1)
  (NOT-available pos-5-4)
  (NOT-available pos-5-5)
  (NOT-available pos-6-0)
  (NOT-available pos-6-1)
  (NOT-available pos-6-2)
  (NOT-available pos-6-4)
  (NOT-available pos-6-5)
  (NOT-available pos-6-6)
  (NOT-part-of pos-0-0 g1)
  (NOT-part-of pos-0-0 g2)
  (NOT-part-of pos-0-0 g3)
  (NOT-part-of pos-0-0 g4)
  (NOT-part-of pos-0-0 g5)
  (NOT-part-of pos-0-0 g6)
  (NOT-part-of pos-0-0 g7)
  (NOT-part-of pos-0-1 g0)
  (NOT-part-of pos-0-1 g1)
  (NOT-part-of pos-0-1 g2)
  (NOT-part-of pos-0-1 g3)
  (NOT-part-of pos-0-1 g4)
  (NOT-part-of pos-0-1 g5)
  (NOT-part-of pos-0-1 g6)
  (NOT-part-of pos-0-1 g7)
  (NOT-part-of pos-0-2 g1)
  (NOT-part-of pos-0-2 g2)
  (NOT-part-of pos-0-2 g3)
  (NOT-part-of pos-0-2 g4)
  (NOT-part-of pos-0-2 g5)
  (NOT-part-of pos-0-2 g6)
  (NOT-part-of pos-0-2 g7)
  (NOT-part-of pos-0-3 g0)
  (NOT-part-of pos-0-3 g1)
  (NOT-part-of pos-0-3 g2)
  (NOT-part-of pos-0-3 g4)
  (NOT-part-of pos-0-3 g5)
  (NOT-part-of pos-0-3 g6)
  (NOT-part-of pos-0-3 g7)
  (NOT-part-of pos-0-4 g0)
  (NOT-part-of pos-0-4 g1)
  (NOT-part-of pos-0-4 g2)
  (NOT-part-of pos-0-4 g3)
  (NOT-part-of pos-0-4 g4)
  (NOT-part-of pos-0-4 g5)
  (NOT-part-of pos-0-4 g6)
  (NOT-part-of pos-0-4 g7)
  (NOT-part-of pos-0-5 g0)
  (NOT-part-of pos-0-5 g1)
  (NOT-part-of pos-0-5 g2)
  (NOT-part-of pos-0-5 g3)
  (NOT-part-of pos-0-5 g4)
  (NOT-part-of pos-0-5 g5)
  (NOT-part-of pos-0-5 g6)
  (NOT-part-of pos-0-6 g0)
  (NOT-part-of pos-0-6 g1)
  (NOT-part-of pos-0-6 g2)
  (NOT-part-of pos-0-6 g3)
  (NOT-part-of pos-0-6 g4)
  (NOT-part-of pos-0-6 g5)
  (NOT-part-of pos-0-6 g6)
  (NOT-part-of pos-0-6 g7)
  (NOT-part-of pos-1-0 g0)
  (NOT-part-of pos-1-0 g1)
  (NOT-part-of pos-1-0 g2)
  (NOT-part-of pos-1-0 g3)
  (NOT-part-of pos-1-0 g4)
  (NOT-part-of pos-1-0 g5)
  (NOT-part-of pos-1-0 g6)
  (NOT-part-of pos-1-0 g7)
  (NOT-part-of pos-1-1 g0)
  (NOT-part-of pos-1-1 g1)
  (NOT-part-of pos-1-1 g2)
  (NOT-part-of pos-1-1 g3)
  (NOT-part-of pos-1-1 g4)
  (NOT-part-of pos-1-1 g5)
  (NOT-part-of pos-1-1 g6)
  (NOT-part-of pos-1-1 g7)
  (NOT-part-of pos-1-2 g0)
  (NOT-part-of pos-1-2 g1)
  (NOT-part-of pos-1-2 g2)
  (NOT-part-of pos-1-2 g4)
  (NOT-part-of pos-1-2 g5)
  (NOT-part-of pos-1-2 g6)
  (NOT-part-of pos-1-2 g7)
  (NOT-part-of pos-1-3 g0)
  (NOT-part-of pos-1-3 g1)
  (NOT-part-of pos-1-3 g2)
  (NOT-part-of pos-1-3 g3)
  (NOT-part-of pos-1-3 g4)
  (NOT-part-of pos-1-3 g5)
  (NOT-part-of pos-1-3 g6)
  (NOT-part-of pos-1-3 g7)
  (NOT-part-of pos-1-4 g0)
  (NOT-part-of pos-1-4 g1)
  (NOT-part-of pos-1-4 g2)
  (NOT-part-of pos-1-4 g4)
  (NOT-part-of pos-1-4 g5)
  (NOT-part-of pos-1-4 g6)
  (NOT-part-of pos-1-4 g7)
  (NOT-part-of pos-1-5 g0)
  (NOT-part-of pos-1-5 g1)
  (NOT-part-of pos-1-5 g2)
  (NOT-part-of pos-1-5 g3)
  (NOT-part-of pos-1-5 g4)
  (NOT-part-of pos-1-5 g6)
  (NOT-part-of pos-1-5 g7)
  (NOT-part-of pos-1-6 g0)
  (NOT-part-of pos-1-6 g1)
  (NOT-part-of pos-1-6 g2)
  (NOT-part-of pos-1-6 g3)
  (NOT-part-of pos-1-6 g4)
  (NOT-part-of pos-1-6 g5)
  (NOT-part-of pos-1-6 g6)
  (NOT-part-of pos-2-0 g0)
  (NOT-part-of pos-2-0 g2)
  (NOT-part-of pos-2-0 g3)
  (NOT-part-of pos-2-0 g4)
  (NOT-part-of pos-2-0 g5)
  (NOT-part-of pos-2-0 g6)
  (NOT-part-of pos-2-0 g7)
  (NOT-part-of pos-2-1 g0)
  (NOT-part-of pos-2-1 g1)
  (NOT-part-of pos-2-1 g2)
  (NOT-part-of pos-2-1 g3)
  (NOT-part-of pos-2-1 g4)
  (NOT-part-of pos-2-1 g5)
  (NOT-part-of pos-2-1 g6)
  (NOT-part-of pos-2-1 g7)
  (NOT-part-of pos-2-2 g0)
  (NOT-part-of pos-2-2 g2)
  (NOT-part-of pos-2-2 g3)
  (NOT-part-of pos-2-2 g4)
  (NOT-part-of pos-2-2 g5)
  (NOT-part-of pos-2-2 g6)
  (NOT-part-of pos-2-2 g7)
  (NOT-part-of pos-2-3 g0)
  (NOT-part-of pos-2-3 g1)
  (NOT-part-of pos-2-3 g2)
  (NOT-part-of pos-2-3 g4)
  (NOT-part-of pos-2-3 g5)
  (NOT-part-of pos-2-3 g6)
  (NOT-part-of pos-2-3 g7)
  (NOT-part-of pos-2-4 g0)
  (NOT-part-of pos-2-4 g1)
  (NOT-part-of pos-2-4 g2)
  (NOT-part-of pos-2-4 g3)
  (NOT-part-of pos-2-4 g4)
  (NOT-part-of pos-2-4 g6)
  (NOT-part-of pos-2-4 g7)
  (NOT-part-of pos-2-5 g0)
  (NOT-part-of pos-2-5 g1)
  (NOT-part-of pos-2-5 g2)
  (NOT-part-of pos-2-5 g3)
  (NOT-part-of pos-2-5 g4)
  (NOT-part-of pos-2-5 g5)
  (NOT-part-of pos-2-5 g6)
  (NOT-part-of pos-2-5 g7)
  (NOT-part-of pos-2-6 g0)
  (NOT-part-of pos-2-6 g1)
  (NOT-part-of pos-2-6 g2)
  (NOT-part-of pos-2-6 g3)
  (NOT-part-of pos-2-6 g4)
  (NOT-part-of pos-2-6 g6)
  (NOT-part-of pos-2-6 g7)
  (NOT-part-of pos-3-0 g0)
  (NOT-part-of pos-3-0 g1)
  (NOT-part-of pos-3-0 g2)
  (NOT-part-of pos-3-0 g3)
  (NOT-part-of pos-3-0 g4)
  (NOT-part-of pos-3-0 g5)
  (NOT-part-of pos-3-0 g6)
  (NOT-part-of pos-3-0 g7)
  (NOT-part-of pos-3-1 g0)
  (NOT-part-of pos-3-1 g2)
  (NOT-part-of pos-3-1 g3)
  (NOT-part-of pos-3-1 g4)
  (NOT-part-of pos-3-1 g5)
  (NOT-part-of pos-3-1 g6)
  (NOT-part-of pos-3-1 g7)
  (NOT-part-of pos-3-2 g0)
  (NOT-part-of pos-3-2 g1)
  (NOT-part-of pos-3-2 g2)
  (NOT-part-of pos-3-2 g3)
  (NOT-part-of pos-3-2 g4)
  (NOT-part-of pos-3-2 g5)
  (NOT-part-of pos-3-2 g6)
  (NOT-part-of pos-3-2 g7)
  (NOT-part-of pos-3-3 g0)
  (NOT-part-of pos-3-3 g1)
  (NOT-part-of pos-3-3 g2)
  (NOT-part-of pos-3-3 g3)
  (NOT-part-of pos-3-3 g4)
  (NOT-part-of pos-3-3 g5)
  (NOT-part-of pos-3-3 g6)
  (NOT-part-of pos-3-3 g7)
  (NOT-part-of pos-3-4 g0)
  (NOT-part-of pos-3-4 g1)
  (NOT-part-of pos-3-4 g2)
  (NOT-part-of pos-3-4 g3)
  (NOT-part-of pos-3-4 g5)
  (NOT-part-of pos-3-4 g6)
  (NOT-part-of pos-3-4 g7)
  (NOT-part-of pos-3-5 g0)
  (NOT-part-of pos-3-5 g1)
  (NOT-part-of pos-3-5 g2)
  (NOT-part-of pos-3-5 g3)
  (NOT-part-of pos-3-5 g4)
  (NOT-part-of pos-3-5 g6)
  (NOT-part-of pos-3-5 g7)
  (NOT-part-of pos-3-6 g0)
  (NOT-part-of pos-3-6 g1)
  (NOT-part-of pos-3-6 g2)
  (NOT-part-of pos-3-6 g3)
  (NOT-part-of pos-3-6 g4)
  (NOT-part-of pos-3-6 g5)
  (NOT-part-of pos-3-6 g6)
  (NOT-part-of pos-3-6 g7)
  (NOT-part-of pos-4-0 g0)
  (NOT-part-of pos-4-0 g1)
  (NOT-part-of pos-4-0 g2)
  (NOT-part-of pos-4-0 g3)
  (NOT-part-of pos-4-0 g4)
  (NOT-part-of pos-4-0 g5)
  (NOT-part-of pos-4-0 g6)
  (NOT-part-of pos-4-0 g7)
  (NOT-part-of pos-4-1 g0)
  (NOT-part-of pos-4-1 g1)
  (NOT-part-of pos-4-1 g2)
  (NOT-part-of pos-4-1 g3)
  (NOT-part-of pos-4-1 g4)
  (NOT-part-of pos-4-1 g5)
  (NOT-part-of pos-4-1 g6)
  (NOT-part-of pos-4-1 g7)
  (NOT-part-of pos-4-2 g0)
  (NOT-part-of pos-4-2 g1)
  (NOT-part-of pos-4-2 g2)
  (NOT-part-of pos-4-2 g3)
  (NOT-part-of pos-4-2 g4)
  (NOT-part-of pos-4-2 g5)
  (NOT-part-of pos-4-2 g6)
  (NOT-part-of pos-4-2 g7)
  (NOT-part-of pos-4-3 g0)
  (NOT-part-of pos-4-3 g1)
  (NOT-part-of pos-4-3 g2)
  (NOT-part-of pos-4-3 g3)
  (NOT-part-of pos-4-3 g5)
  (NOT-part-of pos-4-3 g6)
  (NOT-part-of pos-4-3 g7)
  (NOT-part-of pos-4-4 g0)
  (NOT-part-of pos-4-4 g1)
  (NOT-part-of pos-4-4 g2)
  (NOT-part-of pos-4-4 g3)
  (NOT-part-of pos-4-4 g4)
  (NOT-part-of pos-4-4 g5)
  (NOT-part-of pos-4-4 g6)
  (NOT-part-of pos-4-4 g7)
  (NOT-part-of pos-4-5 g0)
  (NOT-part-of pos-4-5 g1)
  (NOT-part-of pos-4-5 g2)
  (NOT-part-of pos-4-5 g3)
  (NOT-part-of pos-4-5 g5)
  (NOT-part-of pos-4-5 g6)
  (NOT-part-of pos-4-5 g7)
  (NOT-part-of pos-4-6 g0)
  (NOT-part-of pos-4-6 g1)
  (NOT-part-of pos-4-6 g2)
  (NOT-part-of pos-4-6 g3)
  (NOT-part-of pos-4-6 g4)
  (NOT-part-of pos-4-6 g5)
  (NOT-part-of pos-4-6 g6)
  (NOT-part-of pos-4-6 g7)
  (NOT-part-of pos-5-0 g0)
  (NOT-part-of pos-5-0 g1)
  (NOT-part-of pos-5-0 g2)
  (NOT-part-of pos-5-0 g3)
  (NOT-part-of pos-5-0 g4)
  (NOT-part-of pos-5-0 g5)
  (NOT-part-of pos-5-0 g6)
  (NOT-part-of pos-5-0 g7)
  (NOT-part-of pos-5-1 g0)
  (NOT-part-of pos-5-1 g1)
  (NOT-part-of pos-5-1 g3)
  (NOT-part-of pos-5-1 g4)
  (NOT-part-of pos-5-1 g5)
  (NOT-part-of pos-5-1 g6)
  (NOT-part-of pos-5-1 g7)
  (NOT-part-of pos-5-2 g0)
  (NOT-part-of pos-5-2 g1)
  (NOT-part-of pos-5-2 g2)
  (NOT-part-of pos-5-2 g3)
  (NOT-part-of pos-5-2 g4)
  (NOT-part-of pos-5-2 g5)
  (NOT-part-of pos-5-2 g6)
  (NOT-part-of pos-5-2 g7)
  (NOT-part-of pos-5-3 g0)
  (NOT-part-of pos-5-3 g1)
  (NOT-part-of pos-5-3 g2)
  (NOT-part-of pos-5-3 g3)
  (NOT-part-of pos-5-3 g4)
  (NOT-part-of pos-5-3 g5)
  (NOT-part-of pos-5-3 g6)
  (NOT-part-of pos-5-3 g7)
  (NOT-part-of pos-5-4 g0)
  (NOT-part-of pos-5-4 g1)
  (NOT-part-of pos-5-4 g2)
  (NOT-part-of pos-5-4 g3)
  (NOT-part-of pos-5-4 g5)
  (NOT-part-of pos-5-4 g6)
  (NOT-part-of pos-5-4 g7)
  (NOT-part-of pos-5-5 g0)
  (NOT-part-of pos-5-5 g1)
  (NOT-part-of pos-5-5 g2)
  (NOT-part-of pos-5-5 g3)
  (NOT-part-of pos-5-5 g4)
  (NOT-part-of pos-5-5 g5)
  (NOT-part-of pos-5-5 g7)
  (NOT-part-of pos-5-6 g0)
  (NOT-part-of pos-5-6 g1)
  (NOT-part-of pos-5-6 g2)
  (NOT-part-of pos-5-6 g3)
  (NOT-part-of pos-5-6 g4)
  (NOT-part-of pos-5-6 g5)
  (NOT-part-of pos-5-6 g6)
  (NOT-part-of pos-5-6 g7)
  (NOT-part-of pos-6-0 g0)
  (NOT-part-of pos-6-0 g1)
  (NOT-part-of pos-6-0 g3)
  (NOT-part-of pos-6-0 g4)
  (NOT-part-of pos-6-0 g5)
  (NOT-part-of pos-6-0 g6)
  (NOT-part-of pos-6-0 g7)
  (NOT-part-of pos-6-1 g0)
  (NOT-part-of pos-6-1 g1)
  (NOT-part-of pos-6-1 g2)
  (NOT-part-of pos-6-1 g3)
  (NOT-part-of pos-6-1 g4)
  (NOT-part-of pos-6-1 g5)
  (NOT-part-of pos-6-1 g6)
  (NOT-part-of pos-6-1 g7)
  (NOT-part-of pos-6-2 g0)
  (NOT-part-of pos-6-2 g1)
  (NOT-part-of pos-6-2 g3)
  (NOT-part-of pos-6-2 g4)
  (NOT-part-of pos-6-2 g5)
  (NOT-part-of pos-6-2 g6)
  (NOT-part-of pos-6-2 g7)
  (NOT-part-of pos-6-3 g0)
  (NOT-part-of pos-6-3 g1)
  (NOT-part-of pos-6-3 g2)
  (NOT-part-of pos-6-3 g3)
  (NOT-part-of pos-6-3 g4)
  (NOT-part-of pos-6-3 g5)
  (NOT-part-of pos-6-3 g6)
  (NOT-part-of pos-6-3 g7)
  (NOT-part-of pos-6-4 g0)
  (NOT-part-of pos-6-4 g1)
  (NOT-part-of pos-6-4 g2)
  (NOT-part-of pos-6-4 g3)
  (NOT-part-of pos-6-4 g4)
  (NOT-part-of pos-6-4 g5)
  (NOT-part-of pos-6-4 g7)
  (NOT-part-of pos-6-5 g0)
  (NOT-part-of pos-6-5 g1)
  (NOT-part-of pos-6-5 g2)
  (NOT-part-of pos-6-5 g3)
  (NOT-part-of pos-6-5 g4)
  (NOT-part-of pos-6-5 g5)
  (NOT-part-of pos-6-5 g6)
  (NOT-part-of pos-6-5 g7)
  (NOT-part-of pos-6-6 g0)
  (NOT-part-of pos-6-6 g1)
  (NOT-part-of pos-6-6 g2)
  (NOT-part-of pos-6-6 g3)
  (NOT-part-of pos-6-6 g4)
  (NOT-part-of pos-6-6 g5)
  (NOT-part-of pos-6-6 g7)
  (NOT-blocked pos-0-0)
  (NOT-blocked pos-0-1)
  (NOT-blocked pos-0-2)
  (NOT-blocked pos-0-3)
  (NOT-blocked pos-0-4)
  (NOT-blocked pos-0-5)
  (NOT-blocked pos-0-6)
  (NOT-blocked pos-1-0)
  (NOT-blocked pos-1-2)
  (NOT-blocked pos-1-3)
  (NOT-blocked pos-1-4)
  (NOT-blocked pos-1-5)
  (NOT-blocked pos-1-6)
  (NOT-blocked pos-2-0)
  (NOT-blocked pos-2-1)
  (NOT-blocked pos-2-2)
  (NOT-blocked pos-2-3)
  (NOT-blocked pos-2-4)
  (NOT-blocked pos-2-5)
  (NOT-blocked pos-2-6)
  (NOT-blocked pos-3-0)
  (NOT-blocked pos-3-1)
  (NOT-blocked pos-3-2)
  (NOT-blocked pos-3-3)
  (NOT-blocked pos-3-4)
  (NOT-blocked pos-3-5)
  (NOT-blocked pos-3-6)
  (NOT-blocked pos-4-0)
  (NOT-blocked pos-4-1)
  (NOT-blocked pos-4-2)
  (NOT-blocked pos-4-3)
  (NOT-blocked pos-4-4)
  (NOT-blocked pos-4-5)
  (NOT-blocked pos-4-6)
  (NOT-blocked pos-5-0)
  (NOT-blocked pos-5-1)
  (NOT-blocked pos-5-2)
  (NOT-blocked pos-5-3)
  (NOT-blocked pos-5-4)
  (NOT-blocked pos-5-5)
  (NOT-blocked pos-5-6)
  (NOT-blocked pos-6-0)
  (NOT-blocked pos-6-1)
  (NOT-blocked pos-6-2)
  (NOT-blocked pos-6-3)
  (NOT-blocked pos-6-4)
  (NOT-blocked pos-6-5)
  (NOT-blocked pos-6-6)
Init[0]:
Goal: (and (RW:group-painted g0) (RW:group-painted g1) (RW:group-painted g2) (RW:group-painted g3) (RW:group-painted g4) (RW:group-painted g5) (RW:group-painted g6) (RW:group-painted g7))
Metric: no-metric
