Step 0
size: 2
move f0 f1 :: cost: 1
    add:
    del:
    num: 1.5 5
move f1 f0 :: cost: 1
    add:
    del:
    num: 5.5 4
Step 1
size: 2
move f0 f1 :: cost: 1
    add:
    del:
    num: 0.5 9
move f1 f0 :: cost: 1
    add:
    del:
    num: 5.5 4
Step 2
size: 2
move f0 f1 :: cost: 1
    add:
    del:
    num: 4.5 8
move f1 f0 :: cost: 1
    add:
    del:
    num: 8.5 7
Step 3
size: 2
move f0 f1 :: cost: 1
    add:
    del:
    num: 3.5 12
move f1 f0 :: cost: 1
    add:
    del:
    num: 8.5 7
Step 4
size: 2
move f0 f1 :: cost: 1
    add:
    del:
    num: 7.5 11
move f1 f0 :: cost: 1
    add:
    del:
    num: 11.5 10
Step 5
size: 2
move f0 f1 :: cost: 1
    add:
    del:
    num: 6.5 15
move f1 f0 :: cost: 1
    add:
    del:
    num: 11.5 10
Step 6
size: 2
move f0 f1 :: cost: 1
    add:
    del:
    num: 10.5 14
move f1 f0 :: cost: 1
    add:
    del:
    num: 14.5 13
Step 7
size: 2
move f0 f1 :: cost: 1
    add:
    del:
    num: 9.5 18
move f1 f0 :: cost: 1
    add:
    del:
    num: 14.5 13
Step 8
size: 2
move f0 f1 :: cost: 1
    add:
    del:
    num: 13.5 17
move f1 f0 :: cost: 1
    add:
    del:
    num: 17.5 16
Step 9
size: 2
move f0 f1 :: cost: 1
    add:
    del:
    num: 12.5 21
move f1 f0 :: cost: 1
    add:
    del:
    num: 17.5 16
