irr: facts: 54, ops: 294, goal-unreachable: 0
removed facts [12]:
  (communicated_image_data objective0 high_res)
  (communicated_image_data objective0 low_res)
  (communicated_image_data objective2 high_res)
  (communicated_image_data objective2 low_res)
  (energy rover0 level0)
  (energy rover0 level1)
  (energy rover0 level2)
  (energy rover0 level3)
  (have_image rover0 objective0 high_res)
  (have_image rover0 objective0 low_res)
  (have_image rover0 objective2 high_res)
  (have_image rover0 objective2 low_res)
removed ops [16]:
  (communicate_image_data rover0 general objective0 high_res waypoint0 waypoint1)
  (communicate_image_data rover0 general objective0 high_res waypoint2 waypoint1)
  (communicate_image_data rover0 general objective0 high_res waypoint3 waypoint1)
  (communicate_image_data rover0 general objective0 high_res waypoint4 waypoint1)
  (communicate_image_data rover0 general objective0 low_res waypoint0 waypoint1)
  (communicate_image_data rover0 general objective0 low_res waypoint2 waypoint1)
  (communicate_image_data rover0 general objective0 low_res waypoint3 waypoint1)
  (communicate_image_data rover0 general objective0 low_res waypoint4 waypoint1)
  (communicate_image_data rover0 general objective2 high_res waypoint0 waypoint1)
  (communicate_image_data rover0 general objective2 high_res waypoint2 waypoint1)
  (communicate_image_data rover0 general objective2 high_res waypoint3 waypoint1)
  (communicate_image_data rover0 general objective2 high_res waypoint4 waypoint1)
  (communicate_image_data rover0 general objective2 low_res waypoint0 waypoint1)
  (communicate_image_data rover0 general objective2 low_res waypoint2 waypoint1)
  (communicate_image_data rover0 general objective2 low_res waypoint3 waypoint1)
  (communicate_image_data rover0 general objective2 low_res waypoint4 waypoint1)
