step 0: state 10 applicable 3
    state: (at p0 l6) (at p1 l5) (at p2 l3) (at p3 l1) (at p4 l1) (at p5 l6) (at p6 l5) (at p7 l0) (at t0 l2) (fuel t0 level42)
drive t0 l2 l0 level39 level3 level42 :: cost: 1 [successor]
    add: (at t0 l0) (fuel t0 level39)
    del: (at t0 l2) (fuel t0 level42)
drive t0 l2 l5 level34 level8 level42 :: cost: 1
    add: (at t0 l5) (fuel t0 level34)
    del: (at t0 l2) (fuel t0 level42)
drive t0 l2 l6 level36 level6 level42 :: cost: 1
    add: (at t0 l6) (fuel t0 level36)
    del: (at t0 l2) (fuel t0 level42)
step 1: state 10 applicable 4
    state: (at p0 l6) (at p1 l5) (at p2 l3) (at p3 l1) (at p4 l1) (at p5 l6) (at p6 l5) (at p7 l0) (at t0 l0) (fuel t0 level39)
drive t0 l0 l1 level20 level19 level39 :: cost: 1 [successor]
    add: (at t0 l1) (fuel t0 level20)
    del: (at t0 l0) (fuel t0 level39)
drive t0 l0 l2 level36 level3 level39 :: cost: 1
    add: (at t0 l2) (fuel t0 level36)
    del: (at t0 l0) (fuel t0 level39)
drive t0 l0 l7 level26 level13 level39 :: cost: 1
    add: (at t0 l7) (fuel t0 level26)
    del: (at t0 l0) (fuel t0 level39)
step 2: state 10 applicable 6
    state: (at p0 l6) (at p1 l5) (at p2 l3) (at p3 l1) (at p4 l1) (at p5 l6) (at p6 l5) (at p7 l0) (at t0 l1) (fuel t0 level20)
drive t0 l1 l0 level1 level19 level20 :: cost: 1 [successor]
    add: (at t0 l0) (fuel t0 level1)
    del: (at t0 l1) (fuel t0 level20)
drive t0 l1 l5 level7 level13 level20 :: cost: 1
    add: (at t0 l5) (fuel t0 level7)
    del: (at t0 l1) (fuel t0 level20)
drive t0 l1 l6 level8 level12 level20 :: cost: 1
    add: (at t0 l6) (fuel t0 level8)
    del: (at t0 l1) (fuel t0 level20)
step 3: state 10 applicable 1
    state: (at p0 l6) (at p1 l5) (at p2 l3) (at p3 l1) (at p4 l1) (at p5 l6) (at p6 l5) (at p7 l0) (at t0 l0) (fuel t0 level1)
load p7 t0 l0 :: cost: 1 [successor]
    add: (in p7 t0)
    del: (at p7 l0)
step 4: state 10 applicable 1
    state: (at p0 l6) (at p1 l5) (at p2 l3) (at p3 l1) (at p4 l1) (at p5 l6) (at p6 l5) (at t0 l0) (fuel t0 level1) (in p7 t0)
unload p7 t0 l0 :: cost: 1 [successor]
    add: (at p7 l0)
    del: (in p7 t0)
ground atoms: 27 groundings: 14
