Step 0 (lift-at fast0 n2) (passengers fast0 n0) (lift-at fast1 n4) (passengers fast1 n0) (lift-at slow0-0 n4) (passengers slow0-0 n0) (lift-at slow1-0 n7) (passengers slow1-0 n0) (passenger-at p0 n0) (passenger-at p1 n0) (passenger-at p2 n7) (passenger-at p3 n5) (passenger-at p4 n0) (passenger-at p5 n5) (passenger-at p6 n3) (passenger-at p7 n3) (passenger-at p8 n0) (passenger-at p9 n1) (passenger-at p10 n3) (passenger-at p11 n7) (passenger-at p12 n5)
size: 18
move-up-slow slow1-0 n7 n8 :: cost: 6
    add: (lift-at slow1-0 n8)
    del: (lift-at slow1-0 n7)
move-down-slow slow0-0 n4 n0 :: cost: 9
    add: (lift-at slow0-0 n0)
    del: (lift-at slow0-0 n4)
move-down-slow slow0-0 n4 n1 :: cost: 8
    add: (lift-at slow0-0 n1)
    del: (lift-at slow0-0 n4)
move-down-slow slow0-0 n4 n2 :: cost: 7
    add: (lift-at slow0-0 n2)
    del: (lift-at slow0-0 n4)
move-down-slow slow0-0 n4 n3 :: cost: 6
    add: (lift-at slow0-0 n3)
    del: (lift-at slow0-0 n4)
move-down-slow slow1-0 n7 n4 :: cost: 8
    add: (lift-at slow1-0 n4)
    del: (lift-at slow1-0 n7)
move-down-slow slow1-0 n7 n5 :: cost: 7
    add: (lift-at slow1-0 n5)
    del: (lift-at slow1-0 n7)
move-down-slow slow1-0 n7 n6 :: cost: 6
    add: (lift-at slow1-0 n6)
    del: (lift-at slow1-0 n7)
move-up-fast fast0 n2 n4 :: cost: 7
    add: (lift-at fast0 n4)
    del: (lift-at fast0 n2)
move-up-fast fast0 n2 n6 :: cost: 13
    add: (lift-at fast0 n6)
    del: (lift-at fast0 n2)
move-up-fast fast0 n2 n8 :: cost: 19
    add: (lift-at fast0 n8)
    del: (lift-at fast0 n2)
move-up-fast fast1 n4 n6 :: cost: 7
    add: (lift-at fast1 n6)
    del: (lift-at fast1 n4)
move-up-fast fast1 n4 n8 :: cost: 13
    add: (lift-at fast1 n8)
    del: (lift-at fast1 n4)
move-down-fast fast0 n2 n0 :: cost: 7
    add: (lift-at fast0 n0)
    del: (lift-at fast0 n2)
move-down-fast fast1 n4 n0 :: cost: 13
    add: (lift-at fast1 n0)
    del: (lift-at fast1 n4)
move-down-fast fast1 n4 n2 :: cost: 7
    add: (lift-at fast1 n2)
    del: (lift-at fast1 n4)
board p2 slow1-0 n7 n0 n1 :: cost: 0
    add: (boarded p2 slow1-0) (passengers slow1-0 n1)
    del: (passengers slow1-0 n0) (passenger-at p2 n7)
board p11 slow1-0 n7 n0 n1 :: cost: 0
    add: (passengers slow1-0 n1) (boarded p11 slow1-0)
    del: (passengers slow1-0 n0) (passenger-at p11 n7)
Step 1 (lift-at fast0 n2) (passengers fast0 n0) (lift-at fast1 n4) (passengers fast1 n0) (lift-at slow0-0 n4) (passengers slow0-0 n0) (passengers slow1-0 n0) (passenger-at p0 n0) (passenger-at p1 n0) (passenger-at p2 n7) (passenger-at p3 n5) (passenger-at p4 n0) (passenger-at p5 n5) (passenger-at p6 n3) (passenger-at p7 n3) (passenger-at p8 n0) (passenger-at p9 n1) (passenger-at p10 n3) (passenger-at p11 n7) (passenger-at p12 n5) (lift-at slow1-0 n8)
size: 16
move-down-slow slow0-0 n4 n0 :: cost: 9
    add: (lift-at slow0-0 n0)
    del: (lift-at slow0-0 n4)
move-down-slow slow0-0 n4 n1 :: cost: 8
    add: (lift-at slow0-0 n1)
    del: (lift-at slow0-0 n4)
move-down-slow slow0-0 n4 n2 :: cost: 7
    add: (lift-at slow0-0 n2)
    del: (lift-at slow0-0 n4)
move-down-slow slow0-0 n4 n3 :: cost: 6
    add: (lift-at slow0-0 n3)
    del: (lift-at slow0-0 n4)
move-down-slow slow1-0 n8 n4 :: cost: 9
    add: (lift-at slow1-0 n4)
    del: (lift-at slow1-0 n8)
move-down-slow slow1-0 n8 n5 :: cost: 8
    add: (lift-at slow1-0 n5)
    del: (lift-at slow1-0 n8)
move-down-slow slow1-0 n8 n6 :: cost: 7
    add: (lift-at slow1-0 n6)
    del: (lift-at slow1-0 n8)
move-down-slow slow1-0 n8 n7 :: cost: 6
    add: (lift-at slow1-0 n7)
    del: (lift-at slow1-0 n8)
move-up-fast fast0 n2 n4 :: cost: 7
    add: (lift-at fast0 n4)
    del: (lift-at fast0 n2)
move-up-fast fast0 n2 n6 :: cost: 13
    add: (lift-at fast0 n6)
    del: (lift-at fast0 n2)
move-up-fast fast0 n2 n8 :: cost: 19
    add: (lift-at fast0 n8)
    del: (lift-at fast0 n2)
move-up-fast fast1 n4 n6 :: cost: 7
    add: (lift-at fast1 n6)
    del: (lift-at fast1 n4)
move-up-fast fast1 n4 n8 :: cost: 13
    add: (lift-at fast1 n8)
    del: (lift-at fast1 n4)
move-down-fast fast0 n2 n0 :: cost: 7
    add: (lift-at fast0 n0)
    del: (lift-at fast0 n2)
move-down-fast fast1 n4 n0 :: cost: 13
    add: (lift-at fast1 n0)
    del: (lift-at fast1 n4)
move-down-fast fast1 n4 n2 :: cost: 7
    add: (lift-at fast1 n2)
    del: (lift-at fast1 n4)
Step 2 (lift-at fast0 n2) (passengers fast0 n0) (lift-at fast1 n4) (passengers fast1 n0) (passengers slow0-0 n0) (passengers slow1-0 n0) (passenger-at p0 n0) (passenger-at p1 n0) (passenger-at p2 n7) (passenger-at p3 n5) (passenger-at p4 n0) (passenger-at p5 n5) (passenger-at p6 n3) (passenger-at p7 n3) (passenger-at p8 n0) (passenger-at p9 n1) (passenger-at p10 n3) (passenger-at p11 n7) (passenger-at p12 n5) (lift-at slow1-0 n8) (lift-at slow0-0 n1)
size: 17
move-up-slow slow0-0 n1 n2 :: cost: 6
    add: (lift-at slow0-0 n2)
    del: (lift-at slow0-0 n1)
move-up-slow slow0-0 n1 n3 :: cost: 7
    add: (lift-at slow0-0 n3)
    del: (lift-at slow0-0 n1)
move-up-slow slow0-0 n1 n4 :: cost: 8
    add: (lift-at slow0-0 n4)
    del: (lift-at slow0-0 n1)
move-down-slow slow0-0 n1 n0 :: cost: 6
    add: (lift-at slow0-0 n0)
    del: (lift-at slow0-0 n1)
move-down-slow slow1-0 n8 n4 :: cost: 9
    add: (lift-at slow1-0 n4)
    del: (lift-at slow1-0 n8)
move-down-slow slow1-0 n8 n5 :: cost: 8
    add: (lift-at slow1-0 n5)
    del: (lift-at slow1-0 n8)
move-down-slow slow1-0 n8 n6 :: cost: 7
    add: (lift-at slow1-0 n6)
    del: (lift-at slow1-0 n8)
move-down-slow slow1-0 n8 n7 :: cost: 6
    add: (lift-at slow1-0 n7)
    del: (lift-at slow1-0 n8)
move-up-fast fast0 n2 n4 :: cost: 7
    add: (lift-at fast0 n4)
    del: (lift-at fast0 n2)
move-up-fast fast0 n2 n6 :: cost: 13
    add: (lift-at fast0 n6)
    del: (lift-at fast0 n2)
move-up-fast fast0 n2 n8 :: cost: 19
    add: (lift-at fast0 n8)
    del: (lift-at fast0 n2)
move-up-fast fast1 n4 n6 :: cost: 7
    add: (lift-at fast1 n6)
    del: (lift-at fast1 n4)
move-up-fast fast1 n4 n8 :: cost: 13
    add: (lift-at fast1 n8)
    del: (lift-at fast1 n4)
move-down-fast fast0 n2 n0 :: cost: 7
    add: (lift-at fast0 n0)
    del: (lift-at fast0 n2)
move-down-fast fast1 n4 n0 :: cost: 13
    add: (lift-at fast1 n0)
    del: (lift-at fast1 n4)
move-down-fast fast1 n4 n2 :: cost: 7
    add: (lift-at fast1 n2)
    del: (lift-at fast1 n4)
board p9 slow0-0 n1 n0 n1 :: cost: 0
    add: (boarded p9 slow0-0) (passengers slow0-0 n1)
    del: (passengers slow0-0 n0) (passenger-at p9 n1)
Step 3 (lift-at fast0 n2) (passengers fast0 n0) (lift-at fast1 n4) (passengers fast1 n0) (lift-at slow0-0 n4) (passengers slow0-0 n0) (passengers slow1-0 n0) (passenger-at p0 n0) (passenger-at p1 n0) (passenger-at p2 n7) (passenger-at p3 n5) (passenger-at p4 n0) (passenger-at p5 n5) (passenger-at p6 n3) (passenger-at p7 n3) (passenger-at p8 n0) (passenger-at p9 n1) (passenger-at p10 n3) (passenger-at p11 n7) (passenger-at p12 n5) (lift-at slow1-0 n8)
size: 16
move-down-slow slow0-0 n4 n0 :: cost: 9
    add: (lift-at slow0-0 n0)
    del: (lift-at slow0-0 n4)
move-down-slow slow0-0 n4 n1 :: cost: 8
    add: (lift-at slow0-0 n1)
    del: (lift-at slow0-0 n4)
move-down-slow slow0-0 n4 n2 :: cost: 7
    add: (lift-at slow0-0 n2)
    del: (lift-at slow0-0 n4)
move-down-slow slow0-0 n4 n3 :: cost: 6
    add: (lift-at slow0-0 n3)
    del: (lift-at slow0-0 n4)
move-down-slow slow1-0 n8 n4 :: cost: 9
    add: (lift-at slow1-0 n4)
    del: (lift-at slow1-0 n8)
move-down-slow slow1-0 n8 n5 :: cost: 8
    add: (lift-at slow1-0 n5)
    del: (lift-at slow1-0 n8)
move-down-slow slow1-0 n8 n6 :: cost: 7
    add: (lift-at slow1-0 n6)
    del: (lift-at slow1-0 n8)
move-down-slow slow1-0 n8 n7 :: cost: 6
    add: (lift-at slow1-0 n7)
    del: (lift-at slow1-0 n8)
move-up-fast fast0 n2 n4 :: cost: 7
    add: (lift-at fast0 n4)
    del: (lift-at fast0 n2)
move-up-fast fast0 n2 n6 :: cost: 13
    add: (lift-at fast0 n6)
    del: (lift-at fast0 n2)
move-up-fast fast0 n2 n8 :: cost: 19
    add: (lift-at fast0 n8)
    del: (lift-at fast0 n2)
move-up-fast fast1 n4 n6 :: cost: 7
    add: (lift-at fast1 n6)
    del: (lift-at fast1 n4)
move-up-fast fast1 n4 n8 :: cost: 13
    add: (lift-at fast1 n8)
    del: (lift-at fast1 n4)
move-down-fast fast0 n2 n0 :: cost: 7
    add: (lift-at fast0 n0)
    del: (lift-at fast0 n2)
move-down-fast fast1 n4 n0 :: cost: 13
    add: (lift-at fast1 n0)
    del: (lift-at fast1 n4)
move-down-fast fast1 n4 n2 :: cost: 7
    add: (lift-at fast1 n2)
    del: (lift-at fast1 n4)
Step 4 (lift-at fast0 n2) (passengers fast0 n0) (lift-at fast1 n4) (passengers fast1 n0) (passengers slow0-0 n0) (passengers slow1-0 n0) (passenger-at p0 n0) (passenger-at p1 n0) (passenger-at p2 n7) (passenger-at p3 n5) (passenger-at p4 n0) (passenger-at p5 n5) (passenger-at p6 n3) (passenger-at p7 n3) (passenger-at p8 n0) (passenger-at p9 n1) (passenger-at p10 n3) (passenger-at p11 n7) (passenger-at p12 n5) (lift-at slow1-0 n8) (lift-at slow0-0 n3)
size: 19
move-up-slow slow0-0 n3 n4 :: cost: 6
    add: (lift-at slow0-0 n4)
    del: (lift-at slow0-0 n3)
move-down-slow slow0-0 n3 n0 :: cost: 8
    add: (lift-at slow0-0 n0)
    del: (lift-at slow0-0 n3)
move-down-slow slow0-0 n3 n1 :: cost: 7
    add: (lift-at slow0-0 n1)
    del: (lift-at slow0-0 n3)
move-down-slow slow0-0 n3 n2 :: cost: 6
    add: (lift-at slow0-0 n2)
    del: (lift-at slow0-0 n3)
move-down-slow slow1-0 n8 n4 :: cost: 9
    add: (lift-at slow1-0 n4)
    del: (lift-at slow1-0 n8)
move-down-slow slow1-0 n8 n5 :: cost: 8
    add: (lift-at slow1-0 n5)
    del: (lift-at slow1-0 n8)
move-down-slow slow1-0 n8 n6 :: cost: 7
    add: (lift-at slow1-0 n6)
    del: (lift-at slow1-0 n8)
move-down-slow slow1-0 n8 n7 :: cost: 6
    add: (lift-at slow1-0 n7)
    del: (lift-at slow1-0 n8)
move-up-fast fast0 n2 n4 :: cost: 7
    add: (lift-at fast0 n4)
    del: (lift-at fast0 n2)
move-up-fast fast0 n2 n6 :: cost: 13
    add: (lift-at fast0 n6)
    del: (lift-at fast0 n2)
move-up-fast fast0 n2 n8 :: cost: 19
    add: (lift-at fast0 n8)
    del: (lift-at fast0 n2)
move-up-fast fast1 n4 n6 :: cost: 7
    add: (lift-at fast1 n6)
    del: (lift-at fast1 n4)
move-up-fast fast1 n4 n8 :: cost: 13
    add: (lift-at fast1 n8)
    del: (lift-at fast1 n4)
move-down-fast fast0 n2 n0 :: cost: 7
    add: (lift-at fast0 n0)
    del: (lift-at fast0 n2)
move-down-fast fast1 n4 n0 :: cost: 13
    add: (lift-at fast1 n0)
    del: (lift-at fast1 n4)
move-down-fast fast1 n4 n2 :: cost: 7
    add: (lift-at fast1 n2)
    del: (lift-at fast1 n4)
board p6 slow0-0 n3 n0 n1 :: cost: 0
    add: (passengers slow0-0 n1) (boarded p6 slow0-0)
    del: (passengers slow0-0 n0) (passenger-at p6 n3)
board p7 slow0-0 n3 n0 n1 :: cost: 0
    add: (passengers slow0-0 n1) (boarded p7 slow0-0)
    del: (passengers slow0-0 n0) (passenger-at p7 n3)
board p10 slow0-0 n3 n0 n1 :: cost: 0
    add: (passengers slow0-0 n1) (boarded p10 slow0-0)
    del: (passengers slow0-0 n0) (passenger-at p10 n3)
Step 5 (lift-at fast0 n2) (passengers fast0 n0) (lift-at fast1 n4) (passengers fast1 n0) (passengers slow0-0 n0) (passengers slow1-0 n0) (passenger-at p0 n0) (passenger-at p1 n0) (passenger-at p2 n7) (passenger-at p3 n5) (passenger-at p4 n0) (passenger-at p5 n5) (passenger-at p6 n3) (passenger-at p7 n3) (passenger-at p8 n0) (passenger-at p9 n1) (passenger-at p10 n3) (passenger-at p11 n7) (passenger-at p12 n5) (lift-at slow0-0 n3) (lift-at slow1-0 n4)
size: 19
move-up-slow slow0-0 n3 n4 :: cost: 6
    add: (lift-at slow0-0 n4)
    del: (lift-at slow0-0 n3)
move-up-slow slow1-0 n4 n5 :: cost: 6
    add: (lift-at slow1-0 n5)
    del: (lift-at slow1-0 n4)
move-up-slow slow1-0 n4 n6 :: cost: 7
    add: (lift-at slow1-0 n6)
    del: (lift-at slow1-0 n4)
move-up-slow slow1-0 n4 n7 :: cost: 8
    add: (lift-at slow1-0 n7)
    del: (lift-at slow1-0 n4)
move-up-slow slow1-0 n4 n8 :: cost: 9
    add: (lift-at slow1-0 n8)
    del: (lift-at slow1-0 n4)
move-down-slow slow0-0 n3 n0 :: cost: 8
    add: (lift-at slow0-0 n0)
    del: (lift-at slow0-0 n3)
move-down-slow slow0-0 n3 n1 :: cost: 7
    add: (lift-at slow0-0 n1)
    del: (lift-at slow0-0 n3)
move-down-slow slow0-0 n3 n2 :: cost: 6
    add: (lift-at slow0-0 n2)
    del: (lift-at slow0-0 n3)
move-up-fast fast0 n2 n4 :: cost: 7
    add: (lift-at fast0 n4)
    del: (lift-at fast0 n2)
move-up-fast fast0 n2 n6 :: cost: 13
    add: (lift-at fast0 n6)
    del: (lift-at fast0 n2)
move-up-fast fast0 n2 n8 :: cost: 19
    add: (lift-at fast0 n8)
    del: (lift-at fast0 n2)
move-up-fast fast1 n4 n6 :: cost: 7
    add: (lift-at fast1 n6)
    del: (lift-at fast1 n4)
move-up-fast fast1 n4 n8 :: cost: 13
    add: (lift-at fast1 n8)
    del: (lift-at fast1 n4)
move-down-fast fast0 n2 n0 :: cost: 7
    add: (lift-at fast0 n0)
    del: (lift-at fast0 n2)
move-down-fast fast1 n4 n0 :: cost: 13
    add: (lift-at fast1 n0)
    del: (lift-at fast1 n4)
move-down-fast fast1 n4 n2 :: cost: 7
    add: (lift-at fast1 n2)
    del: (lift-at fast1 n4)
board p6 slow0-0 n3 n0 n1 :: cost: 0
    add: (passengers slow0-0 n1) (boarded p6 slow0-0)
    del: (passengers slow0-0 n0) (passenger-at p6 n3)
board p7 slow0-0 n3 n0 n1 :: cost: 0
    add: (passengers slow0-0 n1) (boarded p7 slow0-0)
    del: (passengers slow0-0 n0) (passenger-at p7 n3)
board p10 slow0-0 n3 n0 n1 :: cost: 0
    add: (passengers slow0-0 n1) (boarded p10 slow0-0)
    del: (passengers slow0-0 n0) (passenger-at p10 n3)
Step 6 (lift-at fast0 n2) (passengers fast0 n0) (lift-at fast1 n4) (passengers fast1 n0) (passengers slow0-0 n0) (passengers slow1-0 n0) (passenger-at p0 n0) (passenger-at p1 n0) (passenger-at p2 n7) (passenger-at p3 n5) (passenger-at p4 n0) (passenger-at p5 n5) (passenger-at p6 n3) (passenger-at p7 n3) (passenger-at p8 n0) (passenger-at p9 n1) (passenger-at p10 n3) (passenger-at p11 n7) (passenger-at p12 n5) (lift-at slow0-0 n0) (lift-at slow1-0 n4)
size: 20
move-up-slow slow0-0 n0 n1 :: cost: 6
    add: (lift-at slow0-0 n1)
    del: (lift-at slow0-0 n0)
move-up-slow slow0-0 n0 n2 :: cost: 7
    add: (lift-at slow0-0 n2)
    del: (lift-at slow0-0 n0)
move-up-slow slow0-0 n0 n3 :: cost: 8
    add: (lift-at slow0-0 n3)
    del: (lift-at slow0-0 n0)
move-up-slow slow0-0 n0 n4 :: cost: 9
    add: (lift-at slow0-0 n4)
    del: (lift-at slow0-0 n0)
move-up-slow slow1-0 n4 n5 :: cost: 6
    add: (lift-at slow1-0 n5)
    del: (lift-at slow1-0 n4)
move-up-slow slow1-0 n4 n6 :: cost: 7
    add: (lift-at slow1-0 n6)
    del: (lift-at slow1-0 n4)
move-up-slow slow1-0 n4 n7 :: cost: 8
    add: (lift-at slow1-0 n7)
    del: (lift-at slow1-0 n4)
move-up-slow slow1-0 n4 n8 :: cost: 9
    add: (lift-at slow1-0 n8)
    del: (lift-at slow1-0 n4)
move-up-fast fast0 n2 n4 :: cost: 7
    add: (lift-at fast0 n4)
    del: (lift-at fast0 n2)
move-up-fast fast0 n2 n6 :: cost: 13
    add: (lift-at fast0 n6)
    del: (lift-at fast0 n2)
move-up-fast fast0 n2 n8 :: cost: 19
    add: (lift-at fast0 n8)
    del: (lift-at fast0 n2)
move-up-fast fast1 n4 n6 :: cost: 7
    add: (lift-at fast1 n6)
    del: (lift-at fast1 n4)
move-up-fast fast1 n4 n8 :: cost: 13
    add: (lift-at fast1 n8)
    del: (lift-at fast1 n4)
move-down-fast fast0 n2 n0 :: cost: 7
    add: (lift-at fast0 n0)
    del: (lift-at fast0 n2)
move-down-fast fast1 n4 n0 :: cost: 13
    add: (lift-at fast1 n0)
    del: (lift-at fast1 n4)
move-down-fast fast1 n4 n2 :: cost: 7
    add: (lift-at fast1 n2)
    del: (lift-at fast1 n4)
board p0 slow0-0 n0 n0 n1 :: cost: 0
    add: (passengers slow0-0 n1) (boarded p0 slow0-0)
    del: (passengers slow0-0 n0) (passenger-at p0 n0)
board p1 slow0-0 n0 n0 n1 :: cost: 0
    add: (passengers slow0-0 n1) (boarded p1 slow0-0)
    del: (passengers slow0-0 n0) (passenger-at p1 n0)
board p4 slow0-0 n0 n0 n1 :: cost: 0
    add: (passengers slow0-0 n1) (boarded p4 slow0-0)
    del: (passengers slow0-0 n0) (passenger-at p4 n0)
board p8 slow0-0 n0 n0 n1 :: cost: 0
    add: (passengers slow0-0 n1) (boarded p8 slow0-0)
    del: (passengers slow0-0 n0) (passenger-at p8 n0)
Step 7 (lift-at fast0 n2) (passengers fast0 n0) (lift-at fast1 n4) (passengers fast1 n0) (passengers slow0-0 n0) (lift-at slow1-0 n7) (passengers slow1-0 n0) (passenger-at p0 n0) (passenger-at p1 n0) (passenger-at p2 n7) (passenger-at p3 n5) (passenger-at p4 n0) (passenger-at p5 n5) (passenger-at p6 n3) (passenger-at p7 n3) (passenger-at p8 n0) (passenger-at p9 n1) (passenger-at p10 n3) (passenger-at p11 n7) (passenger-at p12 n5) (lift-at slow0-0 n0)
size: 22
move-up-slow slow0-0 n0 n1 :: cost: 6
    add: (lift-at slow0-0 n1)
    del: (lift-at slow0-0 n0)
move-up-slow slow0-0 n0 n2 :: cost: 7
    add: (lift-at slow0-0 n2)
    del: (lift-at slow0-0 n0)
move-up-slow slow0-0 n0 n3 :: cost: 8
    add: (lift-at slow0-0 n3)
    del: (lift-at slow0-0 n0)
move-up-slow slow0-0 n0 n4 :: cost: 9
    add: (lift-at slow0-0 n4)
    del: (lift-at slow0-0 n0)
move-up-slow slow1-0 n7 n8 :: cost: 6
    add: (lift-at slow1-0 n8)
    del: (lift-at slow1-0 n7)
move-down-slow slow1-0 n7 n4 :: cost: 8
    add: (lift-at slow1-0 n4)
    del: (lift-at slow1-0 n7)
move-down-slow slow1-0 n7 n5 :: cost: 7
    add: (lift-at slow1-0 n5)
    del: (lift-at slow1-0 n7)
move-down-slow slow1-0 n7 n6 :: cost: 6
    add: (lift-at slow1-0 n6)
    del: (lift-at slow1-0 n7)
move-up-fast fast0 n2 n4 :: cost: 7
    add: (lift-at fast0 n4)
    del: (lift-at fast0 n2)
move-up-fast fast0 n2 n6 :: cost: 13
    add: (lift-at fast0 n6)
    del: (lift-at fast0 n2)
move-up-fast fast0 n2 n8 :: cost: 19
    add: (lift-at fast0 n8)
    del: (lift-at fast0 n2)
move-up-fast fast1 n4 n6 :: cost: 7
    add: (lift-at fast1 n6)
    del: (lift-at fast1 n4)
move-up-fast fast1 n4 n8 :: cost: 13
    add: (lift-at fast1 n8)
    del: (lift-at fast1 n4)
move-down-fast fast0 n2 n0 :: cost: 7
    add: (lift-at fast0 n0)
    del: (lift-at fast0 n2)
move-down-fast fast1 n4 n0 :: cost: 13
    add: (lift-at fast1 n0)
    del: (lift-at fast1 n4)
move-down-fast fast1 n4 n2 :: cost: 7
    add: (lift-at fast1 n2)
    del: (lift-at fast1 n4)
board p0 slow0-0 n0 n0 n1 :: cost: 0
    add: (passengers slow0-0 n1) (boarded p0 slow0-0)
    del: (passengers slow0-0 n0) (passenger-at p0 n0)
board p1 slow0-0 n0 n0 n1 :: cost: 0
    add: (passengers slow0-0 n1) (boarded p1 slow0-0)
    del: (passengers slow0-0 n0) (passenger-at p1 n0)
board p2 slow1-0 n7 n0 n1 :: cost: 0
    add: (boarded p2 slow1-0) (passengers slow1-0 n1)
    del: (passengers slow1-0 n0) (passenger-at p2 n7)
board p4 slow0-0 n0 n0 n1 :: cost: 0
    add: (passengers slow0-0 n1) (boarded p4 slow0-0)
    del: (passengers slow0-0 n0) (passenger-at p4 n0)
board p8 slow0-0 n0 n0 n1 :: cost: 0
    add: (passengers slow0-0 n1) (boarded p8 slow0-0)
    del: (passengers slow0-0 n0) (passenger-at p8 n0)
board p11 slow1-0 n7 n0 n1 :: cost: 0
    add: (passengers slow1-0 n1) (boarded p11 slow1-0)
    del: (passengers slow1-0 n0) (passenger-at p11 n7)
Step 8 (lift-at fast0 n2) (passengers fast0 n0) (lift-at fast1 n4) (passengers fast1 n0) (passengers slow0-0 n0) (passengers slow1-0 n0) (passenger-at p0 n0) (passenger-at p1 n0) (passenger-at p2 n7) (passenger-at p3 n5) (passenger-at p4 n0) (passenger-at p5 n5) (passenger-at p6 n3) (passenger-at p7 n3) (passenger-at p8 n0) (passenger-at p9 n1) (passenger-at p10 n3) (passenger-at p11 n7) (passenger-at p12 n5) (lift-at slow0-0 n0) (lift-at slow1-0 n6)
size: 20
move-up-slow slow0-0 n0 n1 :: cost: 6
    add: (lift-at slow0-0 n1)
    del: (lift-at slow0-0 n0)
move-up-slow slow0-0 n0 n2 :: cost: 7
    add: (lift-at slow0-0 n2)
    del: (lift-at slow0-0 n0)
move-up-slow slow0-0 n0 n3 :: cost: 8
    add: (lift-at slow0-0 n3)
    del: (lift-at slow0-0 n0)
move-up-slow slow0-0 n0 n4 :: cost: 9
    add: (lift-at slow0-0 n4)
    del: (lift-at slow0-0 n0)
move-up-slow slow1-0 n6 n7 :: cost: 6
    add: (lift-at slow1-0 n7)
    del: (lift-at slow1-0 n6)
move-up-slow slow1-0 n6 n8 :: cost: 7
    add: (lift-at slow1-0 n8)
    del: (lift-at slow1-0 n6)
move-down-slow slow1-0 n6 n4 :: cost: 7
    add: (lift-at slow1-0 n4)
    del: (lift-at slow1-0 n6)
move-down-slow slow1-0 n6 n5 :: cost: 6
    add: (lift-at slow1-0 n5)
    del: (lift-at slow1-0 n6)
move-up-fast fast0 n2 n4 :: cost: 7
    add: (lift-at fast0 n4)
    del: (lift-at fast0 n2)
move-up-fast fast0 n2 n6 :: cost: 13
    add: (lift-at fast0 n6)
    del: (lift-at fast0 n2)
move-up-fast fast0 n2 n8 :: cost: 19
    add: (lift-at fast0 n8)
    del: (lift-at fast0 n2)
move-up-fast fast1 n4 n6 :: cost: 7
    add: (lift-at fast1 n6)
    del: (lift-at fast1 n4)
move-up-fast fast1 n4 n8 :: cost: 13
    add: (lift-at fast1 n8)
    del: (lift-at fast1 n4)
move-down-fast fast0 n2 n0 :: cost: 7
    add: (lift-at fast0 n0)
    del: (lift-at fast0 n2)
move-down-fast fast1 n4 n0 :: cost: 13
    add: (lift-at fast1 n0)
    del: (lift-at fast1 n4)
move-down-fast fast1 n4 n2 :: cost: 7
    add: (lift-at fast1 n2)
    del: (lift-at fast1 n4)
board p0 slow0-0 n0 n0 n1 :: cost: 0
    add: (passengers slow0-0 n1) (boarded p0 slow0-0)
    del: (passengers slow0-0 n0) (passenger-at p0 n0)
board p1 slow0-0 n0 n0 n1 :: cost: 0
    add: (passengers slow0-0 n1) (boarded p1 slow0-0)
    del: (passengers slow0-0 n0) (passenger-at p1 n0)
board p4 slow0-0 n0 n0 n1 :: cost: 0
    add: (passengers slow0-0 n1) (boarded p4 slow0-0)
    del: (passengers slow0-0 n0) (passenger-at p4 n0)
board p8 slow0-0 n0 n0 n1 :: cost: 0
    add: (passengers slow0-0 n1) (boarded p8 slow0-0)
    del: (passengers slow0-0 n0) (passenger-at p8 n0)
Step 9 (passengers fast0 n0) (lift-at fast1 n4) (passengers fast1 n0) (passengers slow0-0 n0) (passengers slow1-0 n0) (passenger-at p0 n0) (passenger-at p1 n0) (passenger-at p2 n7) (passenger-at p3 n5) (passenger-at p4 n0) (passenger-at p5 n5) (passenger-at p6 n3) (passenger-at p7 n3) (passenger-at p8 n0) (passenger-at p9 n1) (passenger-at p10 n3) (passenger-at p11 n7) (passenger-at p12 n5) (lift-at slow0-0 n0) (lift-at slow1-0 n6) (lift-at fast0 n4)
size: 20
move-up-slow slow0-0 n0 n1 :: cost: 6
    add: (lift-at slow0-0 n1)
    del: (lift-at slow0-0 n0)
move-up-slow slow0-0 n0 n2 :: cost: 7
    add: (lift-at slow0-0 n2)
    del: (lift-at slow0-0 n0)
move-up-slow slow0-0 n0 n3 :: cost: 8
    add: (lift-at slow0-0 n3)
    del: (lift-at slow0-0 n0)
move-up-slow slow0-0 n0 n4 :: cost: 9
    add: (lift-at slow0-0 n4)
    del: (lift-at slow0-0 n0)
move-up-slow slow1-0 n6 n7 :: cost: 6
    add: (lift-at slow1-0 n7)
    del: (lift-at slow1-0 n6)
move-up-slow slow1-0 n6 n8 :: cost: 7
    add: (lift-at slow1-0 n8)
    del: (lift-at slow1-0 n6)
move-down-slow slow1-0 n6 n4 :: cost: 7
    add: (lift-at slow1-0 n4)
    del: (lift-at slow1-0 n6)
move-down-slow slow1-0 n6 n5 :: cost: 6
    add: (lift-at slow1-0 n5)
    del: (lift-at slow1-0 n6)
move-up-fast fast0 n4 n6 :: cost: 7
    add: (lift-at fast0 n6)
    del: (lift-at fast0 n4)
move-up-fast fast0 n4 n8 :: cost: 13
    add: (lift-at fast0 n8)
    del: (lift-at fast0 n4)
move-up-fast fast1 n4 n6 :: cost: 7
    add: (lift-at fast1 n6)
    del: (lift-at fast1 n4)
move-up-fast fast1 n4 n8 :: cost: 13
    add: (lift-at fast1 n8)
    del: (lift-at fast1 n4)
move-down-fast fast0 n4 n0 :: cost: 13
    add: (lift-at fast0 n0)
    del: (lift-at fast0 n4)
move-down-fast fast0 n4 n2 :: cost: 7
    add: (lift-at fast0 n2)
    del: (lift-at fast0 n4)
move-down-fast fast1 n4 n0 :: cost: 13
    add: (lift-at fast1 n0)
    del: (lift-at fast1 n4)
move-down-fast fast1 n4 n2 :: cost: 7
    add: (lift-at fast1 n2)
    del: (lift-at fast1 n4)
board p0 slow0-0 n0 n0 n1 :: cost: 0
    add: (passengers slow0-0 n1) (boarded p0 slow0-0)
    del: (passengers slow0-0 n0) (passenger-at p0 n0)
board p1 slow0-0 n0 n0 n1 :: cost: 0
    add: (passengers slow0-0 n1) (boarded p1 slow0-0)
    del: (passengers slow0-0 n0) (passenger-at p1 n0)
board p4 slow0-0 n0 n0 n1 :: cost: 0
    add: (passengers slow0-0 n1) (boarded p4 slow0-0)
    del: (passengers slow0-0 n0) (passenger-at p4 n0)
board p8 slow0-0 n0 n0 n1 :: cost: 0
    add: (passengers slow0-0 n1) (boarded p8 slow0-0)
    del: (passengers slow0-0 n0) (passenger-at p8 n0)
