Domain: elevators-sequencedstrips
Problem: elevators-sequencedstrips-p8_13_1
Require:
  :action-costs
  :strips
  :typing
Type:
  count - object
  elevator - object
  fast-elevator - elevator
  object
  passenger - object
  slow-elevator - elevator
Obj:
  fast0 - fast-elevator
  fast1 - fast-elevator
  n0 - count
  n1 - count
  n2 - count
  n3 - count
  n4 - count
  n5 - count
  n6 - count
  n7 - count
  n8 - count
  p0 - passenger
  p1 - passenger
  p10 - passenger
  p11 - passenger
  p12 - passenger
  p2 - passenger
  p3 - passenger
  p4 - passenger
  p5 - passenger
  p6 - passenger
  p7 - passenger
  p8 - passenger
  p9 - passenger
  slow0-0 - slow-elevator
  slow1-0 - slow-elevator
Predicate:
  (= object object) :eq
  (above count count)
  (boarded passenger elevator)
  (can-hold elevator count)
  (lift-at elevator count)
  (next count count)
  (passenger-at passenger count)
  (passengers elevator count)
  (reachable-floor elevator count)
Function:
  (total-cost) :total-cost
  (travel-fast count count)
  (travel-slow count count)
Action:
  board: ?p - passenger ?lift - elevator ?f - count ?n1 - count ?n2 - count
      pre: (and (can-hold ?lift ?n2) (lift-at ?lift ?f) (next ?n1 ?n2) (passenger-at ?p ?f) (passengers ?lift ?n1))
      eff: (and (boarded ?p ?lift) (not (passenger-at ?p ?f)) (not (passengers ?lift ?n1)) (passengers ?lift ?n2))
  leave: ?p - passenger ?lift - elevator ?f - count ?n1 - count ?n2 - count
      pre: (and (boarded ?p ?lift) (lift-at ?lift ?f) (next ?n2 ?n1) (passengers ?lift ?n1))
      eff: (and (not (boarded ?p ?lift)) (not (passengers ?lift ?n1)) (passenger-at ?p ?f) (passengers ?lift ?n2))
  move-down-fast: ?lift - fast-elevator ?f1 - count ?f2 - count
      pre: (and (above ?f2 ?f1) (lift-at ?lift ?f1) (reachable-floor ?lift ?f2))
      eff: (and (increase (total-cost) (travel-fast ?f2 ?f1)) (lift-at ?lift ?f2) (not (lift-at ?lift ?f1)))
  move-down-slow: ?lift - slow-elevator ?f1 - count ?f2 - count
      pre: (and (above ?f2 ?f1) (lift-at ?lift ?f1) (reachable-floor ?lift ?f2))
      eff: (and (increase (total-cost) (travel-slow ?f2 ?f1)) (lift-at ?lift ?f2) (not (lift-at ?lift ?f1)))
  move-up-fast: ?lift - fast-elevator ?f1 - count ?f2 - count
      pre: (and (above ?f1 ?f2) (lift-at ?lift ?f1) (reachable-floor ?lift ?f2))
      eff: (and (increase (total-cost) (travel-fast ?f1 ?f2)) (lift-at ?lift ?f2) (not (lift-at ?lift ?f1)))
  move-up-slow: ?lift - slow-elevator ?f1 - count ?f2 - count
      pre: (and (above ?f1 ?f2) (lift-at ?lift ?f1) (reachable-floor ?lift ?f2))
      eff: (and (increase (total-cost) (travel-slow ?f1 ?f2)) (lift-at ?lift ?f2) (not (lift-at ?lift ?f1)))
Init:
  (= (total-cost) 0)
  (= (travel-fast n0 n2) 7)
  (= (travel-fast n0 n4) 13)
  (= (travel-fast n0 n6) 19)
  (= (travel-fast n0 n8) 25)
  (= (travel-fast n2 n4) 7)
  (= (travel-fast n2 n6) 13)
  (= (travel-fast n2 n8) 19)
  (= (travel-fast n4 n6) 7)
  (= (travel-fast n4 n8) 13)
  (= (travel-fast n6 n8) 7)
  (= (travel-slow n0 n1) 6)
  (= (travel-slow n0 n2) 7)
  (= (travel-slow n0 n3) 8)
  (= (travel-slow n0 n4) 9)
  (= (travel-slow n1 n2) 6)
  (= (travel-slow n1 n3) 7)
  (= (travel-slow n1 n4) 8)
  (= (travel-slow n2 n3) 6)
  (= (travel-slow n2 n4) 7)
  (= (travel-slow n3 n4) 6)
  (= (travel-slow n4 n5) 6)
  (= (travel-slow n4 n6) 7)
  (= (travel-slow n4 n7) 8)
  (= (travel-slow n4 n8) 9)
  (= (travel-slow n5 n6) 6)
  (= (travel-slow n5 n7) 7)
  (= (travel-slow n5 n8) 8)
  (= (travel-slow n6 n7) 6)
  (= (travel-slow n6 n8) 7)
  (= (travel-slow n7 n8) 6)
  (above n0 n1)
  (above n0 n2)
  (above n0 n3)
  (above n0 n4)
  (above n0 n5)
  (above n0 n6)
  (above n0 n7)
  (above n0 n8)
  (above n1 n2)
  (above n1 n3)
  (above n1 n4)
  (above n1 n5)
  (above n1 n6)
  (above n1 n7)
  (above n1 n8)
  (above n2 n3)
  (above n2 n4)
  (above n2 n5)
  (above n2 n6)
  (above n2 n7)
  (above n2 n8)
  (above n3 n4)
  (above n3 n5)
  (above n3 n6)
  (above n3 n7)
  (above n3 n8)
  (above n4 n5)
  (above n4 n6)
  (above n4 n7)
  (above n4 n8)
  (above n5 n6)
  (above n5 n7)
  (above n5 n8)
  (above n6 n7)
  (above n6 n8)
  (above n7 n8)
  (can-hold fast0 n1)
  (can-hold fast0 n2)
  (can-hold fast0 n3)
  (can-hold fast1 n1)
  (can-hold fast1 n2)
  (can-hold fast1 n3)
  (can-hold slow0-0 n1)
  (can-hold slow0-0 n2)
  (can-hold slow1-0 n1)
  (can-hold slow1-0 n2)
  (lift-at fast0 n2)
  (lift-at fast1 n4)
  (lift-at slow0-0 n4)
  (lift-at slow1-0 n7)
  (next n0 n1)
  (next n1 n2)
  (next n2 n3)
  (next n3 n4)
  (next n4 n5)
  (next n5 n6)
  (next n6 n7)
  (next n7 n8)
  (passenger-at p0 n0)
  (passenger-at p1 n0)
  (passenger-at p10 n3)
  (passenger-at p11 n7)
  (passenger-at p12 n5)
  (passenger-at p2 n7)
  (passenger-at p3 n5)
  (passenger-at p4 n0)
  (passenger-at p5 n5)
  (passenger-at p6 n3)
  (passenger-at p7 n3)
  (passenger-at p8 n0)
  (passenger-at p9 n1)
  (passengers fast0 n0)
  (passengers fast1 n0)
  (passengers slow0-0 n0)
  (passengers slow1-0 n0)
  (reachable-floor fast0 n0)
  (reachable-floor fast0 n2)
  (reachable-floor fast0 n4)
  (reachable-floor fast0 n6)
  (reachable-floor fast0 n8)
  (reachable-floor fast1 n0)
  (reachable-floor fast1 n2)
  (reachable-floor fast1 n4)
  (reachable-floor fast1 n6)
  (reachable-floor fast1 n8)
  (reachable-floor slow0-0 n0)
  (reachable-floor slow0-0 n1)
  (reachable-floor slow0-0 n2)
  (reachable-floor slow0-0 n3)
  (reachable-floor slow0-0 n4)
  (reachable-floor slow1-0 n4)
  (reachable-floor slow1-0 n5)
  (reachable-floor slow1-0 n6)
  (reachable-floor slow1-0 n7)
  (reachable-floor slow1-0 n8)
Goal:
  (and (passenger-at p0 n7) (passenger-at p1 n8) (passenger-at p10 n8) (passenger-at p11 n1) (passenger-at p12 n1) (passenger-at p2 n1) (passenger-at p3 n1) (passenger-at p4 n8) (passenger-at p5 n0) (passenger-at p6 n5) (passenger-at p7 n8) (passenger-at p8 n6) (passenger-at p9 n0))
Metric:
  (total-cost)
Pred prop:
  (above count count): in_init in_pre
  (boarded passenger elevator): in_pre in_eff
  (can-hold elevator count): in_init in_pre
  (lift-at elevator count): in_init in_pre in_eff
  (next count count): in_init in_pre
  (passenger-at passenger count): in_init in_pre in_goal in_eff
  (passengers elevator count): in_init in_pre in_eff
  (reachable-floor elevator count): in_init in_pre
Func prop:
  (total-cost): in_init init_all_nonneg init_all_nonpos init_all_int in_metric is_metric_alone in_eff rhs_funcs:(travel-fast travel-slow) write_delta_nonneg write_delta_nonneg_int
  (travel-fast count count): in_init init_all_nonneg init_all_int on_num_op_rhs write_delta_nonneg write_delta_nonneg_int
  (travel-slow count count): in_init init_all_nonneg init_all_int on_num_op_rhs write_delta_nonneg write_delta_nonneg_int
Global prop:
  action_cost_func:(total-cost)
  has_int_action_cost_func
