(=)
  in-init: 0
  in-pre: 0
  in-pre-neg: 0
  in-goal: 0
  in-goal-neg: 0
  in-eff: 0
(movie-rewound)
  in-init: 0
  in-pre: 0
  in-pre-neg: 0
  in-goal: 1
  in-goal-neg: 0
  in-eff: 1
(counter-at-zero)
  in-init: 0
  in-pre: 0
  in-pre-neg: 0
  in-goal: 1
  in-goal-neg: 0
  in-eff: 1
(have-chips)
  in-init: 0
  in-pre: 0
  in-pre-neg: 0
  in-goal: 1
  in-goal-neg: 0
  in-eff: 1
(have-dip)
  in-init: 0
  in-pre: 0
  in-pre-neg: 0
  in-goal: 1
  in-goal-neg: 0
  in-eff: 1
(have-pop)
  in-init: 0
  in-pre: 0
  in-pre-neg: 0
  in-goal: 1
  in-goal-neg: 0
  in-eff: 1
(have-cheese)
  in-init: 0
  in-pre: 0
  in-pre-neg: 0
  in-goal: 1
  in-goal-neg: 0
  in-eff: 1
(have-crackers)
  in-init: 0
  in-pre: 0
  in-pre-neg: 0
  in-goal: 1
  in-goal-neg: 0
  in-eff: 1
(chips)
  in-init: 1
  in-pre: 1
  in-pre-neg: 0
  in-goal: 0
  in-goal-neg: 0
  in-eff: 0
(dip)
  in-init: 1
  in-pre: 1
  in-pre-neg: 0
  in-goal: 0
  in-goal-neg: 0
  in-eff: 0
(pop)
  in-init: 1
  in-pre: 1
  in-pre-neg: 0
  in-goal: 0
  in-goal-neg: 0
  in-eff: 0
(cheese)
  in-init: 1
  in-pre: 1
  in-pre-neg: 0
  in-goal: 0
  in-goal-neg: 0
  in-eff: 0
(crackers)
  in-init: 1
  in-pre: 1
  in-pre-neg: 0
  in-goal: 0
  in-goal-neg: 0
  in-eff: 0
global
  has-cond-eff: 0
  has-num-cmp: 0
  has-eq-pred: 0
  has-non-static-neg-cond: 0
  action-cost-func: -1
  has-int-action-cost-func: 0
  is-unit-cost: 1
  is-numeric: 0
