Diameter for move_seg_pp_0_60_seg_ppdoor_0_40_north_north_medium: inf
Diameter for move_seg_ppdoor_0_40_seg_tww1_0_200_north_south_medium: inf
Diameter for move_seg_tww1_0_200_seg_twe1_0_200_north_south_medium: inf
Diameter for move_seg_twe1_0_200_seg_twe2_0_50_south_south_medium: inf
Diameter for move_seg_twe2_0_50_seg_twe3_0_50_south_south_medium: inf
Diameter for move_seg_twe3_0_50_seg_twe4_0_50_south_south_medium: inf
Diameter for move_seg_twe4_0_50_seg_rwe_0_50_south_south_medium: inf
Diameter for move_seg_rwe_0_50_seg_rw_0_400_south_south_medium: inf
Diameter for move_seg_rw_0_400_seg_rww_0_50_south_south_medium: inf
Diameter for move_seg_rww_0_50_seg_tww4_0_50_south_north_medium: inf
Diameter for move_seg_tww4_0_50_seg_tww3_0_50_north_north_medium: inf
Diameter for move_seg_tww3_0_50_seg_tww2_0_50_north_north_medium: inf
Diameter for move_seg_tww2_0_50_seg_tww1_0_200_north_north_medium: inf
Diameter for move_seg_tww1_0_200_seg_ppdoor_0_40_north_south_medium: inf
Diameter for move_seg_ppdoor_0_40_seg_pp_0_60_south_south_medium: inf
Diameter for takeoff_seg_rww_0_50_north: 2
Diameter for takeoff_seg_rwe_0_50_south: 2
Diameter for park_seg_pp_0_60_north: 2
Diameter for park_seg_pp_0_60_south: 2
Diameter for startup_seg_pp_0_60_north_medium: 1
Diameter for startup_seg_pp_0_60_south_medium: inf
Diameter for startup_seg_ppdoor_0_40_north_medium: inf
Diameter for startup_seg_ppdoor_0_40_south_medium: inf
Diameter for startup_seg_tww1_0_200_north_medium: inf
Diameter for startup_seg_tww1_0_200_south_medium: inf
Diameter for startup_seg_twe1_0_200_north_medium: inf
Diameter for startup_seg_twe1_0_200_south_medium: inf
Diameter for startup_seg_tww2_0_50_north_medium: inf
Diameter for startup_seg_tww2_0_50_south_medium: inf
Diameter for startup_seg_tww3_0_50_north_medium: inf
Diameter for startup_seg_tww3_0_50_south_medium: inf
Diameter for startup_seg_tww4_0_50_north_medium: inf
Diameter for startup_seg_tww4_0_50_south_medium: inf
Diameter for startup_seg_twe4_0_50_north_medium: inf
Diameter for startup_seg_twe4_0_50_south_medium: inf
Diameter for startup_seg_twe3_0_50_north_medium: inf
Diameter for startup_seg_twe3_0_50_south_medium: inf
Diameter for startup_seg_twe2_0_50_north_medium: inf
Diameter for startup_seg_twe2_0_50_south_medium: inf
Init-to-goal-distance seg_pp_0_60 - airplane_cfbeg: 0
