Fact[71]:
  (at-segment airplane_cfbeg seg_pp_0_60 0-0-0)
  (at-segment airplane_cfbeg seg_ppdoor_0_40 0-1-1)
  (at-segment airplane_cfbeg seg_rw_0_400 0-2-2)
  (at-segment airplane_cfbeg seg_rwe_0_50 0-3-3)
  (at-segment airplane_cfbeg seg_rww_0_50 0-4-4)
  (at-segment airplane_cfbeg seg_twe1_0_200 0-5-5)
  (at-segment airplane_cfbeg seg_twe2_0_50 0-6-6)
  (at-segment airplane_cfbeg seg_twe3_0_50 0-7-7)
  (at-segment airplane_cfbeg seg_twe4_0_50 0-8-8)
  (at-segment airplane_cfbeg seg_tww1_0_200 0-9-9)
  (at-segment airplane_cfbeg seg_tww2_0_50 0-10-10)
  (at-segment airplane_cfbeg seg_tww3_0_50 0-11-11)
  (at-segment airplane_cfbeg seg_tww4_0_50 0-12-12)
  (none-of-those 0-13-13)
  (facing airplane_cfbeg north 1-0-14)
  (facing airplane_cfbeg south 1-1-15)
  (is-moving airplane_cfbeg 2-0-16)
  (is-parked airplane_cfbeg seg_pp_0_60 2-1-17)
  (none-of-those 2-2-18)
  (not_occupied seg_pp_0_60 3-0-19)
  (none-of-those 3-1-20)
  (not_occupied seg_ppdoor_0_40 4-0-21)
  (none-of-those 4-1-22)
  (not_occupied seg_rw_0_400 5-0-23)
  (none-of-those 5-1-24)
  (not_occupied seg_rwe_0_50 6-0-25)
  (none-of-those 6-1-26)
  (not_occupied seg_rww_0_50 7-0-27)
  (none-of-those 7-1-28)
  (not_occupied seg_twe1_0_200 8-0-29)
  (none-of-those 8-1-30)
  (not_occupied seg_twe2_0_50 9-0-31)
  (none-of-those 9-1-32)
  (not_occupied seg_twe3_0_50 10-0-33)
  (none-of-those 10-1-34)
  (not_occupied seg_twe4_0_50 11-0-35)
  (none-of-those 11-1-36)
  (not_occupied seg_tww1_0_200 12-0-37)
  (none-of-those 12-1-38)
  (not_occupied seg_tww2_0_50 13-0-39)
  (none-of-those 13-1-40)
  (not_occupied seg_tww3_0_50 14-0-41)
  (none-of-those 14-1-42)
  (not_occupied seg_tww4_0_50 15-0-43)
  (none-of-those 15-1-44)
  (not_blocked seg_pp_0_60 airplane_cfbeg 16-0-45)
  (none-of-those 16-1-46)
  (not_blocked seg_ppdoor_0_40 airplane_cfbeg 17-0-47)
  (none-of-those 17-1-48)
  (not_blocked seg_rw_0_400 airplane_cfbeg 18-0-49)
  (none-of-those 18-1-50)
  (not_blocked seg_rwe_0_50 airplane_cfbeg 19-0-51)
  (none-of-those 19-1-52)
  (not_blocked seg_rww_0_50 airplane_cfbeg 20-0-53)
  (none-of-those 20-1-54)
  (not_blocked seg_twe1_0_200 airplane_cfbeg 21-0-55)
  (none-of-those 21-1-56)
  (not_blocked seg_twe2_0_50 airplane_cfbeg 22-0-57)
  (none-of-those 22-1-58)
  (not_blocked seg_twe3_0_50 airplane_cfbeg 23-0-59)
  (none-of-those 23-1-60)
  (not_blocked seg_twe4_0_50 airplane_cfbeg 24-0-61)
  (none-of-those 24-1-62)
  (not_blocked seg_tww1_0_200 airplane_cfbeg 25-0-63)
  (none-of-those 25-1-64)
  (not_blocked seg_tww2_0_50 airplane_cfbeg 26-0-65)
  (none-of-those 26-1-66)
  (not_blocked seg_tww3_0_50 airplane_cfbeg 27-0-67)
  (none-of-those 27-1-68)
  (not_blocked seg_tww4_0_50 airplane_cfbeg 28-0-69)
  (none-of-those 28-1-70)
Op[15]:
  (move_seg_ppdoor_0_40_seg_pp_0_60_south_south_medium airplane_cfbeg), cost: 1
    pre: (at-segment airplane_cfbeg seg_ppdoor_0_40 0-1-1) (facing airplane_cfbeg south 1-1-15) (is-moving airplane_cfbeg 2-0-16) (not_occupied seg_pp_0_60 3-0-19) (not_blocked seg_pp_0_60 airplane_cfbeg 16-0-45)
    add: (at-segment airplane_cfbeg seg_pp_0_60 0-0-0) (none-of-those 3-1-20) (not_occupied seg_ppdoor_0_40 4-0-21) (none-of-those 16-1-46) (not_blocked seg_twe1_0_200 airplane_cfbeg 21-0-55) (not_blocked seg_tww1_0_200 airplane_cfbeg 25-0-63)
    del: (at-segment airplane_cfbeg seg_ppdoor_0_40 0-1-1) (not_occupied seg_pp_0_60 3-0-19) (none-of-those 4-1-22) (not_blocked seg_pp_0_60 airplane_cfbeg 16-0-45) (none-of-those 21-1-56) (none-of-those 25-1-64)
  (move_seg_rw_0_400_seg_rww_0_50_south_south_medium airplane_cfbeg), cost: 1
    pre: (at-segment airplane_cfbeg seg_rw_0_400 0-2-2) (facing airplane_cfbeg south 1-1-15) (is-moving airplane_cfbeg 2-0-16) (not_occupied seg_rwe_0_50 6-0-25) (not_occupied seg_rww_0_50 7-0-27) (not_blocked seg_rww_0_50 airplane_cfbeg 20-0-53)
    add: (at-segment airplane_cfbeg seg_rww_0_50 0-4-4) (not_occupied seg_rw_0_400 5-0-23) (none-of-those 7-1-28) (none-of-those 20-1-54)
    del: (at-segment airplane_cfbeg seg_rw_0_400 0-2-2) (none-of-those 5-1-24) (not_occupied seg_rww_0_50 7-0-27) (not_blocked seg_rww_0_50 airplane_cfbeg 20-0-53)
  (move_seg_rwe_0_50_seg_rw_0_400_south_south_medium airplane_cfbeg), cost: 1
    pre: (at-segment airplane_cfbeg seg_rwe_0_50 0-3-3) (facing airplane_cfbeg south 1-1-15) (is-moving airplane_cfbeg 2-0-16) (not_occupied seg_rw_0_400 5-0-23) (not_blocked seg_rw_0_400 airplane_cfbeg 18-0-49)
    add: (at-segment airplane_cfbeg seg_rw_0_400 0-2-2) (none-of-those 5-1-24) (not_occupied seg_rwe_0_50 6-0-25) (none-of-those 18-1-50) (not_blocked seg_twe4_0_50 airplane_cfbeg 24-0-61)
    del: (at-segment airplane_cfbeg seg_rwe_0_50 0-3-3) (not_occupied seg_rw_0_400 5-0-23) (none-of-those 6-1-26) (not_blocked seg_rw_0_400 airplane_cfbeg 18-0-49) (none-of-those 24-1-62)
  (move_seg_rww_0_50_seg_tww4_0_50_south_north_medium airplane_cfbeg), cost: 1
    pre: (at-segment airplane_cfbeg seg_rww_0_50 0-4-4) (facing airplane_cfbeg south 1-1-15) (is-moving airplane_cfbeg 2-0-16) (not_occupied seg_tww4_0_50 15-0-43) (not_blocked seg_tww4_0_50 airplane_cfbeg 28-0-69)
    add: (at-segment airplane_cfbeg seg_tww4_0_50 0-12-12) (facing airplane_cfbeg north 1-0-14) (not_occupied seg_rww_0_50 7-0-27) (none-of-those 15-1-44) (not_blocked seg_rw_0_400 airplane_cfbeg 18-0-49) (not_blocked seg_rwe_0_50 airplane_cfbeg 19-0-51) (none-of-those 28-1-70)
    del: (at-segment airplane_cfbeg seg_rww_0_50 0-4-4) (facing airplane_cfbeg south 1-1-15) (none-of-those 7-1-28) (not_occupied seg_tww4_0_50 15-0-43) (none-of-those 18-1-50) (none-of-those 19-1-52) (not_blocked seg_tww4_0_50 airplane_cfbeg 28-0-69)
  (move_seg_twe1_0_200_seg_twe2_0_50_south_south_medium airplane_cfbeg), cost: 1
    pre: (at-segment airplane_cfbeg seg_twe1_0_200 0-5-5) (facing airplane_cfbeg south 1-1-15) (is-moving airplane_cfbeg 2-0-16) (not_occupied seg_twe2_0_50 9-0-31) (not_blocked seg_twe2_0_50 airplane_cfbeg 22-0-57)
    add: (at-segment airplane_cfbeg seg_twe2_0_50 0-6-6) (not_occupied seg_twe1_0_200 8-0-29) (none-of-those 9-1-32) (not_blocked seg_ppdoor_0_40 airplane_cfbeg 17-0-47) (none-of-those 22-1-58) (not_blocked seg_tww1_0_200 airplane_cfbeg 25-0-63)
    del: (at-segment airplane_cfbeg seg_twe1_0_200 0-5-5) (none-of-those 8-1-30) (not_occupied seg_twe2_0_50 9-0-31) (none-of-those 17-1-48) (not_blocked seg_twe2_0_50 airplane_cfbeg 22-0-57) (none-of-those 25-1-64)
  (move_seg_twe2_0_50_seg_twe3_0_50_south_south_medium airplane_cfbeg), cost: 1
    pre: (at-segment airplane_cfbeg seg_twe2_0_50 0-6-6) (facing airplane_cfbeg south 1-1-15) (is-moving airplane_cfbeg 2-0-16) (not_occupied seg_twe3_0_50 10-0-33) (not_blocked seg_twe3_0_50 airplane_cfbeg 23-0-59)
    add: (at-segment airplane_cfbeg seg_twe3_0_50 0-7-7) (not_occupied seg_twe2_0_50 9-0-31) (none-of-those 10-1-34) (not_blocked seg_twe1_0_200 airplane_cfbeg 21-0-55) (none-of-those 23-1-60)
    del: (at-segment airplane_cfbeg seg_twe2_0_50 0-6-6) (none-of-those 9-1-32) (not_occupied seg_twe3_0_50 10-0-33) (none-of-those 21-1-56) (not_blocked seg_twe3_0_50 airplane_cfbeg 23-0-59)
  (move_seg_twe3_0_50_seg_twe4_0_50_south_south_medium airplane_cfbeg), cost: 1
    pre: (at-segment airplane_cfbeg seg_twe3_0_50 0-7-7) (facing airplane_cfbeg south 1-1-15) (is-moving airplane_cfbeg 2-0-16) (not_occupied seg_twe4_0_50 11-0-35) (not_blocked seg_twe4_0_50 airplane_cfbeg 24-0-61)
    add: (at-segment airplane_cfbeg seg_twe4_0_50 0-8-8) (not_occupied seg_twe3_0_50 10-0-33) (none-of-those 11-1-36) (not_blocked seg_twe2_0_50 airplane_cfbeg 22-0-57) (none-of-those 24-1-62)
    del: (at-segment airplane_cfbeg seg_twe3_0_50 0-7-7) (none-of-those 10-1-34) (not_occupied seg_twe4_0_50 11-0-35) (none-of-those 22-1-58) (not_blocked seg_twe4_0_50 airplane_cfbeg 24-0-61)
  (move_seg_twe4_0_50_seg_rwe_0_50_south_south_medium airplane_cfbeg), cost: 1
    pre: (at-segment airplane_cfbeg seg_twe4_0_50 0-8-8) (facing airplane_cfbeg south 1-1-15) (is-moving airplane_cfbeg 2-0-16) (not_occupied seg_rwe_0_50 6-0-25) (not_blocked seg_rwe_0_50 airplane_cfbeg 19-0-51)
    add: (at-segment airplane_cfbeg seg_rwe_0_50 0-3-3) (none-of-those 6-1-26) (not_occupied seg_twe4_0_50 11-0-35) (none-of-those 19-1-52) (not_blocked seg_twe3_0_50 airplane_cfbeg 23-0-59)
    del: (at-segment airplane_cfbeg seg_twe4_0_50 0-8-8) (not_occupied seg_rwe_0_50 6-0-25) (none-of-those 11-1-36) (not_blocked seg_rwe_0_50 airplane_cfbeg 19-0-51) (none-of-those 23-1-60)
  (move_seg_tww1_0_200_seg_ppdoor_0_40_north_south_medium airplane_cfbeg), cost: 1
    pre: (at-segment airplane_cfbeg seg_tww1_0_200 0-9-9) (facing airplane_cfbeg north 1-0-14) (is-moving airplane_cfbeg 2-0-16) (not_occupied seg_ppdoor_0_40 4-0-21) (not_occupied seg_twe1_0_200 8-0-29) (not_blocked seg_ppdoor_0_40 airplane_cfbeg 17-0-47)
    add: (at-segment airplane_cfbeg seg_ppdoor_0_40 0-1-1) (facing airplane_cfbeg south 1-1-15) (none-of-those 4-1-22) (not_occupied seg_tww1_0_200 12-0-37) (none-of-those 17-1-48) (none-of-those 21-1-56) (not_blocked seg_tww2_0_50 airplane_cfbeg 26-0-65)
    del: (at-segment airplane_cfbeg seg_tww1_0_200 0-9-9) (facing airplane_cfbeg north 1-0-14) (not_occupied seg_ppdoor_0_40 4-0-21) (none-of-those 12-1-38) (not_blocked seg_ppdoor_0_40 airplane_cfbeg 17-0-47) (not_blocked seg_twe1_0_200 airplane_cfbeg 21-0-55) (none-of-those 26-1-66)
  (move_seg_tww1_0_200_seg_twe1_0_200_north_south_medium airplane_cfbeg), cost: 1
    pre: (at-segment airplane_cfbeg seg_tww1_0_200 0-9-9) (facing airplane_cfbeg north 1-0-14) (is-moving airplane_cfbeg 2-0-16) (not_occupied seg_ppdoor_0_40 4-0-21) (not_occupied seg_twe1_0_200 8-0-29) (not_blocked seg_twe1_0_200 airplane_cfbeg 21-0-55)
    add: (at-segment airplane_cfbeg seg_twe1_0_200 0-5-5) (facing airplane_cfbeg south 1-1-15) (none-of-those 8-1-30) (not_occupied seg_tww1_0_200 12-0-37) (none-of-those 17-1-48) (none-of-those 21-1-56) (not_blocked seg_tww2_0_50 airplane_cfbeg 26-0-65)
    del: (at-segment airplane_cfbeg seg_tww1_0_200 0-9-9) (facing airplane_cfbeg north 1-0-14) (not_occupied seg_twe1_0_200 8-0-29) (none-of-those 12-1-38) (not_blocked seg_ppdoor_0_40 airplane_cfbeg 17-0-47) (not_blocked seg_twe1_0_200 airplane_cfbeg 21-0-55) (none-of-those 26-1-66)
  (move_seg_tww2_0_50_seg_tww1_0_200_north_north_medium airplane_cfbeg), cost: 1
    pre: (at-segment airplane_cfbeg seg_tww2_0_50 0-10-10) (facing airplane_cfbeg north 1-0-14) (is-moving airplane_cfbeg 2-0-16) (not_occupied seg_tww1_0_200 12-0-37) (not_blocked seg_tww1_0_200 airplane_cfbeg 25-0-63)
    add: (at-segment airplane_cfbeg seg_tww1_0_200 0-9-9) (none-of-those 12-1-38) (not_occupied seg_tww2_0_50 13-0-39) (none-of-those 25-1-64) (not_blocked seg_tww3_0_50 airplane_cfbeg 27-0-67)
    del: (at-segment airplane_cfbeg seg_tww2_0_50 0-10-10) (not_occupied seg_tww1_0_200 12-0-37) (none-of-those 13-1-40) (not_blocked seg_tww1_0_200 airplane_cfbeg 25-0-63) (none-of-those 27-1-68)
  (move_seg_tww3_0_50_seg_tww2_0_50_north_north_medium airplane_cfbeg), cost: 1
    pre: (at-segment airplane_cfbeg seg_tww3_0_50 0-11-11) (facing airplane_cfbeg north 1-0-14) (is-moving airplane_cfbeg 2-0-16) (not_occupied seg_tww2_0_50 13-0-39) (not_blocked seg_tww2_0_50 airplane_cfbeg 26-0-65)
    add: (at-segment airplane_cfbeg seg_tww2_0_50 0-10-10) (none-of-those 13-1-40) (not_occupied seg_tww3_0_50 14-0-41) (none-of-those 26-1-66) (not_blocked seg_tww4_0_50 airplane_cfbeg 28-0-69)
    del: (at-segment airplane_cfbeg seg_tww3_0_50 0-11-11) (not_occupied seg_tww2_0_50 13-0-39) (none-of-those 14-1-42) (not_blocked seg_tww2_0_50 airplane_cfbeg 26-0-65) (none-of-those 28-1-70)
  (move_seg_tww4_0_50_seg_tww3_0_50_north_north_medium airplane_cfbeg), cost: 1
    pre: (at-segment airplane_cfbeg seg_tww4_0_50 0-12-12) (facing airplane_cfbeg north 1-0-14) (is-moving airplane_cfbeg 2-0-16) (not_occupied seg_tww3_0_50 14-0-41) (not_blocked seg_tww3_0_50 airplane_cfbeg 27-0-67)
    add: (at-segment airplane_cfbeg seg_tww3_0_50 0-11-11) (none-of-those 14-1-42) (not_occupied seg_tww4_0_50 15-0-43) (not_blocked seg_rww_0_50 airplane_cfbeg 20-0-53) (none-of-those 27-1-68)
    del: (at-segment airplane_cfbeg seg_tww4_0_50 0-12-12) (not_occupied seg_tww3_0_50 14-0-41) (none-of-those 15-1-44) (none-of-those 20-1-54) (not_blocked seg_tww3_0_50 airplane_cfbeg 27-0-67)
  (park_seg_pp_0_60_south airplane_cfbeg), cost: 1
    pre: (at-segment airplane_cfbeg seg_pp_0_60 0-0-0) (facing airplane_cfbeg south 1-1-15) (is-moving airplane_cfbeg 2-0-16)
    add: (is-parked airplane_cfbeg seg_pp_0_60 2-1-17) (not_blocked seg_ppdoor_0_40 airplane_cfbeg 17-0-47)
    del: (is-moving airplane_cfbeg 2-0-16) (none-of-those 17-1-48)
  (takeoff_seg_rwe_0_50_south airplane_cfbeg), cost: 1
    pre: (at-segment airplane_cfbeg seg_rwe_0_50 0-3-3) (facing airplane_cfbeg south 1-1-15) (is-moving airplane_cfbeg 2-0-16)
    add: (none-of-those 0-13-13) (none-of-those 2-2-18) (not_occupied seg_rwe_0_50 6-0-25) (not_blocked seg_rwe_0_50 airplane_cfbeg 19-0-51) (not_blocked seg_twe4_0_50 airplane_cfbeg 24-0-61)
    del: (at-segment airplane_cfbeg seg_rwe_0_50 0-3-3) (is-moving airplane_cfbeg 2-0-16) (none-of-those 6-1-26) (none-of-those 19-1-52) (none-of-those 24-1-62)
Init State: (at-segment airplane_cfbeg seg_rw_0_400 0-2-2) (facing airplane_cfbeg south 1-1-15) (is-moving airplane_cfbeg 2-0-16) (not_occupied seg_pp_0_60 3-0-19) (not_occupied seg_ppdoor_0_40 4-0-21) (none-of-those 5-1-24) (not_occupied seg_rwe_0_50 6-0-25) (not_occupied seg_rww_0_50 7-0-27) (not_occupied seg_twe1_0_200 8-0-29) (not_occupied seg_twe2_0_50 9-0-31) (not_occupied seg_twe3_0_50 10-0-33) (not_occupied seg_twe4_0_50 11-0-35) (not_occupied seg_tww1_0_200 12-0-37) (not_occupied seg_tww2_0_50 13-0-39) (not_occupied seg_tww3_0_50 14-0-41) (not_occupied seg_tww4_0_50 15-0-43) (not_blocked seg_pp_0_60 airplane_cfbeg 16-0-45) (not_blocked seg_ppdoor_0_40 airplane_cfbeg 17-0-47) (none-of-those 18-1-50) (none-of-those 19-1-52) (not_blocked seg_rww_0_50 airplane_cfbeg 20-0-53) (not_blocked seg_twe1_0_200 airplane_cfbeg 21-0-55) (not_blocked seg_twe2_0_50 airplane_cfbeg 22-0-57) (not_blocked seg_twe3_0_50 airplane_cfbeg 23-0-59) (not_blocked seg_twe4_0_50 airplane_cfbeg 24-0-61) (not_blocked seg_tww1_0_200 airplane_cfbeg 25-0-63) (not_blocked seg_tww2_0_50 airplane_cfbeg 26-0-65) (not_blocked seg_tww3_0_50 airplane_cfbeg 27-0-67) (not_blocked seg_tww4_0_50 airplane_cfbeg 28-0-69)
Goal: (is-parked airplane_cfbeg seg_pp_0_60 2-1-17)
Value: 1
