h2fwbw mg_strips mutex pairs: 2451
h2fwbw mg_strips extra unreachable ops [70]:
  (empty-shot left shot1 cocktail1)
  (empty-shot left shot2 cocktail5)
  (empty-shot left shot3 cocktail4)
  (empty-shot left shot4 cocktail2)
  (empty-shot left shot5 cocktail3)
  (empty-shot right shot1 cocktail1)
  (empty-shot right shot2 cocktail5)
  (empty-shot right shot3 cocktail4)
  (empty-shot right shot4 cocktail2)
  (empty-shot right shot5 cocktail3)
  (pour-shaker-to-shot ingredient1 shot1 left shaker1 l1 l0)
  (pour-shaker-to-shot ingredient1 shot1 left shaker1 l2 l1)
  (pour-shaker-to-shot ingredient1 shot1 right shaker1 l1 l0)
  (pour-shaker-to-shot ingredient1 shot1 right shaker1 l2 l1)
  (pour-shaker-to-shot ingredient1 shot2 left shaker1 l1 l0)
  (pour-shaker-to-shot ingredient1 shot2 left shaker1 l2 l1)
  (pour-shaker-to-shot ingredient1 shot2 right shaker1 l1 l0)
  (pour-shaker-to-shot ingredient1 shot2 right shaker1 l2 l1)
  (pour-shaker-to-shot ingredient1 shot3 left shaker1 l1 l0)
  (pour-shaker-to-shot ingredient1 shot3 left shaker1 l2 l1)
  (pour-shaker-to-shot ingredient1 shot3 right shaker1 l1 l0)
  (pour-shaker-to-shot ingredient1 shot3 right shaker1 l2 l1)
  (pour-shaker-to-shot ingredient1 shot4 left shaker1 l1 l0)
  (pour-shaker-to-shot ingredient1 shot4 left shaker1 l2 l1)
  (pour-shaker-to-shot ingredient1 shot4 right shaker1 l1 l0)
  (pour-shaker-to-shot ingredient1 shot4 right shaker1 l2 l1)
  (pour-shaker-to-shot ingredient1 shot5 left shaker1 l1 l0)
  (pour-shaker-to-shot ingredient1 shot5 left shaker1 l2 l1)
  (pour-shaker-to-shot ingredient1 shot5 right shaker1 l1 l0)
  (pour-shaker-to-shot ingredient1 shot5 right shaker1 l2 l1)
  (pour-shaker-to-shot ingredient2 shot1 left shaker1 l1 l0)
  (pour-shaker-to-shot ingredient2 shot1 left shaker1 l2 l1)
  (pour-shaker-to-shot ingredient2 shot1 right shaker1 l1 l0)
  (pour-shaker-to-shot ingredient2 shot1 right shaker1 l2 l1)
  (pour-shaker-to-shot ingredient2 shot2 left shaker1 l1 l0)
  (pour-shaker-to-shot ingredient2 shot2 left shaker1 l2 l1)
  (pour-shaker-to-shot ingredient2 shot2 right shaker1 l1 l0)
  (pour-shaker-to-shot ingredient2 shot2 right shaker1 l2 l1)
  (pour-shaker-to-shot ingredient2 shot3 left shaker1 l1 l0)
  (pour-shaker-to-shot ingredient2 shot3 left shaker1 l2 l1)
  (pour-shaker-to-shot ingredient2 shot3 right shaker1 l1 l0)
  (pour-shaker-to-shot ingredient2 shot3 right shaker1 l2 l1)
  (pour-shaker-to-shot ingredient2 shot4 left shaker1 l1 l0)
  (pour-shaker-to-shot ingredient2 shot4 left shaker1 l2 l1)
  (pour-shaker-to-shot ingredient2 shot4 right shaker1 l1 l0)
  (pour-shaker-to-shot ingredient2 shot4 right shaker1 l2 l1)
  (pour-shaker-to-shot ingredient2 shot5 left shaker1 l1 l0)
  (pour-shaker-to-shot ingredient2 shot5 left shaker1 l2 l1)
  (pour-shaker-to-shot ingredient2 shot5 right shaker1 l1 l0)
  (pour-shaker-to-shot ingredient2 shot5 right shaker1 l2 l1)
  (pour-shaker-to-shot ingredient3 shot1 left shaker1 l1 l0)
  (pour-shaker-to-shot ingredient3 shot1 left shaker1 l2 l1)
  (pour-shaker-to-shot ingredient3 shot1 right shaker1 l1 l0)
  (pour-shaker-to-shot ingredient3 shot1 right shaker1 l2 l1)
  (pour-shaker-to-shot ingredient3 shot2 left shaker1 l1 l0)
  (pour-shaker-to-shot ingredient3 shot2 left shaker1 l2 l1)
  (pour-shaker-to-shot ingredient3 shot2 right shaker1 l1 l0)
  (pour-shaker-to-shot ingredient3 shot2 right shaker1 l2 l1)
  (pour-shaker-to-shot ingredient3 shot3 left shaker1 l1 l0)
  (pour-shaker-to-shot ingredient3 shot3 left shaker1 l2 l1)
  (pour-shaker-to-shot ingredient3 shot3 right shaker1 l1 l0)
  (pour-shaker-to-shot ingredient3 shot3 right shaker1 l2 l1)
  (pour-shaker-to-shot ingredient3 shot4 left shaker1 l1 l0)
  (pour-shaker-to-shot ingredient3 shot4 left shaker1 l2 l1)
  (pour-shaker-to-shot ingredient3 shot4 right shaker1 l1 l0)
  (pour-shaker-to-shot ingredient3 shot4 right shaker1 l2 l1)
  (pour-shaker-to-shot ingredient3 shot5 left shaker1 l1 l0)
  (pour-shaker-to-shot ingredient3 shot5 left shaker1 l2 l1)
  (pour-shaker-to-shot ingredient3 shot5 right shaker1 l1 l0)
  (pour-shaker-to-shot ingredient3 shot5 right shaker1 l2 l1)
