Collapsing type 1:hand with 2 objects
Reduced 23 -> 22
Domain: barman
Problem: prob
Require: 200ff
Type[10]:
    [0]: object, parent: -1
    [1]: hand, parent: 0
    [2]: level, parent: 0
    [3]: beverage, parent: 0
    [4]: dispenser, parent: 0
    [5]: container, parent: 0
    [6]: ingredient, parent: 3
    [7]: cocktail, parent: 3
    [8]: shot, parent: 5
    [9]: shaker, parent: 5
Obj-by-Type:
    [0]: 0 1 2 3 4 5 6 7 8 9 10 11 12 13 14 15 16 17 18 19 20 21
    [1]: 1
    [2]: 19 20 21
    [3]: 8 9 10 11 12 13 14 15
    [4]: 16 17 18
    [5]: 0 2 3 4 5 6 7
    [6]: 8 9 10
    [7]: 11 12 13 14 15
    [8]: 2 3 4 5 6 7
    [9]: 0
Obj[22]:
    [0]: shaker1, type: 9, is-constant: 0, is-private: 0, owner: -1, is-agent: 0
    [1]: left, type: 1, is-constant: 0, is-private: 0, owner: -1, is-agent: 0
    [2]: shot1, type: 8, is-constant: 0, is-private: 0, owner: -1, is-agent: 0
    [3]: shot2, type: 8, is-constant: 0, is-private: 0, owner: -1, is-agent: 0
    [4]: shot3, type: 8, is-constant: 0, is-private: 0, owner: -1, is-agent: 0
    [5]: shot4, type: 8, is-constant: 0, is-private: 0, owner: -1, is-agent: 0
    [6]: shot5, type: 8, is-constant: 0, is-private: 0, owner: -1, is-agent: 0
    [7]: shot6, type: 8, is-constant: 0, is-private: 0, owner: -1, is-agent: 0
    [8]: ingredient1, type: 6, is-constant: 0, is-private: 0, owner: -1, is-agent: 0
    [9]: ingredient2, type: 6, is-constant: 0, is-private: 0, owner: -1, is-agent: 0
    [10]: ingredient3, type: 6, is-constant: 0, is-private: 0, owner: -1, is-agent: 0
    [11]: cocktail1, type: 7, is-constant: 0, is-private: 0, owner: -1, is-agent: 0
    [12]: cocktail2, type: 7, is-constant: 0, is-private: 0, owner: -1, is-agent: 0
    [13]: cocktail3, type: 7, is-constant: 0, is-private: 0, owner: -1, is-agent: 0
    [14]: cocktail4, type: 7, is-constant: 0, is-private: 0, owner: -1, is-agent: 0
    [15]: cocktail5, type: 7, is-constant: 0, is-private: 0, owner: -1, is-agent: 0
    [16]: dispenser1, type: 4, is-constant: 0, is-private: 0, owner: -1, is-agent: 0
    [17]: dispenser2, type: 4, is-constant: 0, is-private: 0, owner: -1, is-agent: 0
    [18]: dispenser3, type: 4, is-constant: 0, is-private: 0, owner: -1, is-agent: 0
    [19]: l0, type: 2, is-constant: 0, is-private: 0, owner: -1, is-agent: 0
    [20]: l1, type: 2, is-constant: 0, is-private: 0, owner: -1, is-agent: 0
    [21]: l2, type: 2, is-constant: 0, is-private: 0, owner: -1, is-agent: 0
Predicate[16]:
    =: 0 0 :: is-private: 0, owner-param: -1, read: 0, write: 0
    ontable: 5 :: is-private: 0, owner-param: -1, read: 1, write: 1
    holding: 1 5 :: is-private: 0, owner-param: -1, read: 1, write: 1
    handempty: 1 :: is-private: 0, owner-param: -1, read: 1, write: 1
    empty: 5 :: is-private: 0, owner-param: -1, read: 1, write: 1
    contains: 5 3 :: is-private: 0, owner-param: -1, read: 1, write: 1
    clean: 5 :: is-private: 0, owner-param: -1, read: 1, write: 1
    used: 5 3 :: is-private: 0, owner-param: -1, read: 1, write: 1
    dispenses: 4 6 :: is-private: 0, owner-param: -1, read: 1, write: 0
    shaker-empty-level: 9 2 :: is-private: 0, owner-param: -1, read: 1, write: 0
    shaker-level: 9 2 :: is-private: 0, owner-param: -1, read: 1, write: 1
    next: 2 2 :: is-private: 0, owner-param: -1, read: 1, write: 0
    unshaked: 9 :: is-private: 0, owner-param: -1, read: 1, write: 1
    shaked: 9 :: is-private: 0, owner-param: -1, read: 1, write: 1
    cocktail-part1: 7 6 :: is-private: 0, owner-param: -1, read: 1, write: 0
    cocktail-part2: 7 6 :: is-private: 0, owner-param: -1, read: 1, write: 0
Function[1]:
    total-cost: :: is-private: 0, owner-param: -1, read: 0, write: 0
Action[12]:
    grasp: ?h:1 ?c:5
        pre: (and (RW:ontable ?c) (RW:handempty ?h))
        eff: (and (N:RW:ontable ?c) (RW:holding ?h ?c) (increase (total-cost) 1))
    leave: ?h:1 ?c:5
        pre: (and (RW:holding ?h ?c))
        eff: (and (RW:handempty ?h) (RW:ontable ?c) (increase (total-cost) 1))
    fill-shot: ?s:8 ?i:6 ?h1:1 ?h2:1 ?d:4
        pre: (and (RW:holding ?h1 ?s) (RW:handempty ?h2) (R:dispenses ?d ?i) (RW:empty ?s) (RW:clean ?s))
        eff: (and (N:RW:empty ?s) (RW:contains ?s ?i) (N:RW:clean ?s) (RW:used ?s ?i) (increase (total-cost) 10))
    refill-shot: ?s:8 ?i:6 ?h1:1 ?h2:1 ?d:4
        pre: (and (RW:holding ?h1 ?s) (RW:handempty ?h2) (R:dispenses ?d ?i) (RW:empty ?s) (RW:used ?s ?i))
        eff: (and (N:RW:empty ?s) (RW:contains ?s ?i) (increase (total-cost) 10))
    empty-shot: ?h:1 ?p:8 ?b:3
        pre: (and (RW:holding ?h ?p) (RW:contains ?p ?b))
        eff: (and (N:RW:contains ?p ?b) (RW:empty ?p) (increase (total-cost) 1))
    clean-shot: ?s:8 ?b:3 ?h1:1 ?h2:1
        pre: (and (RW:holding ?h1 ?s) (RW:handempty ?h2) (RW:empty ?s) (RW:used ?s ?b))
        eff: (and (N:RW:used ?s ?b) (RW:clean ?s) (increase (total-cost) 1))
    pour-shot-to-clean-shaker: ?s:8 ?i:6 ?d:9 ?h1:1 ?l:2 ?l1:2
        pre: (and (RW:holding ?h1 ?s) (RW:contains ?s ?i) (RW:empty ?d) (RW:clean ?d) (RW:shaker-level ?d ?l) (R:next ?l ?l1))
        eff: (and (N:RW:contains ?s ?i) (RW:empty ?s) (RW:contains ?d ?i) (N:RW:empty ?d) (N:RW:clean ?d) (RW:unshaked ?d) (N:RW:shaker-level ?d ?l) (RW:shaker-level ?d ?l1) (increase (total-cost) 1))
    pour-shot-to-used-shaker: ?s:8 ?i:6 ?d:9 ?h1:1 ?l:2 ?l1:2
        pre: (and (RW:holding ?h1 ?s) (RW:contains ?s ?i) (RW:unshaked ?d) (RW:shaker-level ?d ?l) (R:next ?l ?l1))
        eff: (and (N:RW:contains ?s ?i) (RW:contains ?d ?i) (RW:empty ?s) (N:RW:shaker-level ?d ?l) (RW:shaker-level ?d ?l1) (increase (total-cost) 1))
    empty-shaker: ?h:1 ?s:9 ?b:7 ?l:2 ?l1:2
        pre: (and (RW:holding ?h ?s) (RW:contains ?s ?b) (RW:shaked ?s) (RW:shaker-level ?s ?l) (R:shaker-empty-level ?s ?l1))
        eff: (and (N:RW:shaked ?s) (N:RW:shaker-level ?s ?l) (RW:shaker-level ?s ?l1) (N:RW:contains ?s ?b) (RW:empty ?s) (increase (total-cost) 1))
    clean-shaker: ?h1:1 ?h2:1 ?s:9
        pre: (and (RW:holding ?h1 ?s) (RW:handempty ?h2) (RW:empty ?s))
        eff: (and (RW:clean ?s) (increase (total-cost) 1))
    shake: ?b:7 ?d1:6 ?d2:6 ?s:9 ?h1:1 ?h2:1
        pre: (and (RW:holding ?h1 ?s) (RW:handempty ?h2) (RW:contains ?s ?d1) (RW:contains ?s ?d2) (R:cocktail-part1 ?b ?d1) (R:cocktail-part2 ?b ?d2) (RW:unshaked ?s))
        eff: (and (N:RW:unshaked ?s) (N:RW:contains ?s ?d1) (N:RW:contains ?s ?d2) (RW:shaked ?s) (RW:contains ?s ?b) (increase (total-cost) 1))
    pour-shaker-to-shot: ?b:3 ?d:8 ?h:1 ?s:9 ?l:2 ?l1:2
        pre: (and (RW:holding ?h ?s) (RW:shaked ?s) (RW:empty ?d) (RW:clean ?d) (RW:contains ?s ?b) (RW:shaker-level ?s ?l) (R:next ?l1 ?l))
        eff: (and (N:RW:clean ?d) (N:RW:empty ?d) (RW:contains ?d ?b) (RW:shaker-level ?s ?l1) (N:RW:shaker-level ?s ?l) (increase (total-cost) 1))
Init[40]:
  (ontable shaker1)
  (ontable shot1)
  (ontable shot2)
  (ontable shot3)
  (ontable shot4)
  (ontable shot5)
  (ontable shot6)
  S:(dispenses dispenser1 ingredient1)
  S:(dispenses dispenser2 ingredient2)
  S:(dispenses dispenser3 ingredient3)
  (clean shaker1)
  (clean shot1)
  (clean shot2)
  (clean shot3)
  (clean shot4)
  (clean shot5)
  (clean shot6)
  (empty shaker1)
  (empty shot1)
  (empty shot2)
  (empty shot3)
  (empty shot4)
  (empty shot5)
  (empty shot6)
  (handempty left)
  (handempty left)
  S:(shaker-empty-level shaker1 l0)
  (shaker-level shaker1 l0)
  S:(next l0 l1)
  S:(next l1 l2)
  S:(cocktail-part1 cocktail1 ingredient2)
  S:(cocktail-part2 cocktail1 ingredient3)
  S:(cocktail-part1 cocktail2 ingredient3)
  S:(cocktail-part2 cocktail2 ingredient2)
  S:(cocktail-part1 cocktail3 ingredient3)
  S:(cocktail-part2 cocktail3 ingredient1)
  S:(cocktail-part1 cocktail4 ingredient1)
  S:(cocktail-part2 cocktail4 ingredient3)
  S:(cocktail-part1 cocktail5 ingredient1)
  S:(cocktail-part2 cocktail5 ingredient2)
Init[1]:
  (= (total-cost) 0)
Goal: (and (RW:contains shot1 cocktail1) (RW:contains shot2 cocktail5) (RW:contains shot3 cocktail4) (RW:contains shot4 cocktail2) (RW:contains shot5 cocktail3))
Metric: 1
