step 0: state 24 applicable 14
    state: (clean shaker1) (clean shot1) (clean shot2) (clean shot3) (clean shot4) (clean shot5) (clean shot6) (empty shaker1) (empty shot1) (empty shot2) (empty shot3) (empty shot4) (empty shot5) (empty shot6) (handempty left) (handempty right) (ontable shaker1) (ontable shot1) (ontable shot2) (ontable shot3) (ontable shot4) (ontable shot5) (ontable shot6) (shaker-level shaker1 l0)
grasp left shaker1 :: cost: 1 [successor]
    add: (holding left shaker1)
    del: (handempty left) (ontable shaker1)
grasp left shot1 :: cost: 1
    add: (holding left shot1)
    del: (handempty left) (ontable shot1)
grasp left shot2 :: cost: 1
    add: (holding left shot2)
    del: (handempty left) (ontable shot2)
step 1: state 23 applicable 8
    state: (clean shaker1) (clean shot1) (clean shot2) (clean shot3) (clean shot4) (clean shot5) (clean shot6) (empty shaker1) (empty shot1) (empty shot2) (empty shot3) (empty shot4) (empty shot5) (empty shot6) (handempty right) (holding left shaker1) (ontable shot1) (ontable shot2) (ontable shot3) (ontable shot4) (ontable shot5) (ontable shot6) (shaker-level shaker1 l0)
clean-shaker left right shaker1 :: cost: 1
    add:
    del:
grasp right shot1 :: cost: 1
    add: (holding right shot1)
    del: (handempty right) (ontable shot1)
grasp right shot2 :: cost: 1 [successor]
    add: (holding right shot2)
    del: (handempty right) (ontable shot2)
step 2: state 22 applicable 2
    state: (clean shaker1) (clean shot1) (clean shot2) (clean shot3) (clean shot4) (clean shot5) (clean shot6) (empty shaker1) (empty shot1) (empty shot2) (empty shot3) (empty shot4) (empty shot5) (empty shot6) (holding left shaker1) (holding right shot2) (ontable shot1) (ontable shot3) (ontable shot4) (ontable shot5) (ontable shot6) (shaker-level shaker1 l0)
leave left shaker1 :: cost: 1 [successor]
    add: (handempty left) (ontable shaker1)
    del: (holding left shaker1)
leave right shot2 :: cost: 1
    add: (handempty right) (ontable shot2)
    del: (holding right shot2)
step 3: state 23 applicable 10
    state: (clean shaker1) (clean shot1) (clean shot2) (clean shot3) (clean shot4) (clean shot5) (clean shot6) (empty shaker1) (empty shot1) (empty shot2) (empty shot3) (empty shot4) (empty shot5) (empty shot6) (handempty left) (holding right shot2) (ontable shaker1) (ontable shot1) (ontable shot3) (ontable shot4) (ontable shot5) (ontable shot6) (shaker-level shaker1 l0)
fill-shot shot2 ingredient1 right left dispenser1 :: cost: 10
    add: (contains shot2 ingredient1) (used shot2 ingredient1)
    del: (clean shot2) (empty shot2)
fill-shot shot2 ingredient2 right left dispenser2 :: cost: 10
    add: (contains shot2 ingredient2) (used shot2 ingredient2)
    del: (clean shot2) (empty shot2)
fill-shot shot2 ingredient3 right left dispenser3 :: cost: 10
    add: (contains shot2 ingredient3) (used shot2 ingredient3)
    del: (clean shot2) (empty shot2)
    successor: grasp left shot4
step 4: state 22 applicable 2
    state: (clean shaker1) (clean shot1) (clean shot2) (clean shot3) (clean shot4) (clean shot5) (clean shot6) (empty shaker1) (empty shot1) (empty shot2) (empty shot3) (empty shot4) (empty shot5) (empty shot6) (holding left shot4) (holding right shot2) (ontable shaker1) (ontable shot1) (ontable shot3) (ontable shot5) (ontable shot6) (shaker-level shaker1 l0)
leave left shot4 :: cost: 1 [successor]
    add: (handempty left) (ontable shot4)
    del: (holding left shot4)
leave right shot2 :: cost: 1
    add: (handempty right) (ontable shot2)
    del: (holding right shot2)
ground atoms: 44 groundings: 21
