Diameter for ag__harvest_collect_end: inf
Diameter for ag__harvest_collecting_veg: inf
Diameter for ag__harvest_collecting_fromoven: inf
Diameter for ag__harvest_feed: inf
Diameter for ag__harvest_breeding_animal: inf
Diameter for ag__harvest_breed_end: inf
Diameter for ag__finish_round_backhome: inf
Diameter for ag__finish_round_backhome_withchild: inf
Diameter for ag__finish_round_renew: inf
Diameter for ag__advance_round_normal: inf
Diameter for ag__finish_stage: inf
Diameter for take_food: inf
Diameter for plow_field: inf
Diameter for take_grain: inf
Diameter for build_fences: inf
Diameter for collect_animal: inf
Diameter for collect_cook_animal: inf
Diameter for collect_resource: inf
Diameter for build_room: inf
Diameter for improve_home: inf
Diameter for family_growth: inf
Diameter for sow: inf
Init-to-goal-distance harvest_end - stage3: inf
