Fact[40]:
  (NOT-chosen ap2)
  (NOT-chosen cdc25c)
  (NOT-chosen cdk46p3-cycd)
  (NOT-chosen cdk46p3-cycdp1)
  (NOT-chosen cdk7)
  (NOT-chosen chk1)
  (NOT-chosen dmp1)
  (NOT-chosen e2f13)
  (NOT-chosen p130-e2f5p1-dp12)
  (NOT-chosen p16)
  (NOT-chosen p300)
  (NOT-chosen pcaf)
  (NOT-chosen prb-e2f4p1-dp12)
  (NOT-chosen prbp2)
  (NOT-chosen raf1)
  (NOT-chosen sp1)
  (available ap2)
  (available cdk46p3-cycd)
  (available cdk46p3-cycdp1)
  (available p300)
  (available pcaf)
  (available pcaf-p300)
  (available prbp1p2)
  (available prbp1p2-ap2)
  (available prbp2)
  (chosen ap2)
  (chosen cdk46p3-cycd)
  (chosen cdk46p3-cycdp1)
  (chosen p300)
  (chosen pcaf)
  (chosen prbp2)
  (goal1)
  (num-subs l0)
  (num-subs l1)
  (num-subs l2)
  (NOT-chosen ap2+NOT-chosen cdc25c)
  (NOT-chosen ap2+num-subs l2)
  (NOT-chosen ap2+NOT-chosen cdc25c+num-subs l2)
  (NOT-chosen cdc25c+NOT-chosen cdk46p3-cycd)
  (NOT-chosen ap2+NOT-chosen cdc25c+NOT-chosen cdk46p3-cycd+num-subs l2)
Op[103]:
  (associate pcaf p300 pcaf-p300), cost: 1
    pre: (available p300) (available pcaf)
    add: (available pcaf-p300)
    del: (available p300) (available pcaf)
  (associate prbp1p2 ap2 prbp1p2-ap2), cost: 1
    pre: (available ap2) (available prbp1p2)
    add: (available prbp1p2-ap2)
    del: (available ap2) (available prbp1p2)
  (associate prbp2 ap2 prbp2-ap2), cost: 1
    pre: (available ap2) (available prbp2)
    add:
    del: (available ap2) (available prbp2)
  (associate-with-catalyze prbp2 cdk46p3-cycd prbp1p2), cost: 1
    pre: (available cdk46p3-cycd) (available prbp2)
    add: (available prbp1p2)
    del: (available prbp2)
  (associate-with-catalyze prbp2 cdk46p3-cycdp1 prbp1p2), cost: 1
    pre: (available cdk46p3-cycdp1) (available prbp2)
    add: (available prbp1p2)
    del: (available prbp2)
  (choose ap2 l1 l0), cost: 1
    pre: (NOT-chosen ap2) (num-subs l0)
    add: (chosen ap2) (num-subs l1)
    del: (NOT-chosen ap2) (num-subs l0) (NOT-chosen ap2+NOT-chosen cdc25c) (NOT-chosen ap2+num-subs l2) (NOT-chosen ap2+NOT-chosen cdc25c+num-subs l2) (NOT-chosen ap2+NOT-chosen cdc25c+NOT-chosen cdk46p3-cycd+num-subs l2)
  (choose ap2 l2 l1), cost: 1
    pre: (NOT-chosen ap2) (num-subs l1)
    add: (chosen ap2) (num-subs l2)
    del: (NOT-chosen ap2) (num-subs l1) (NOT-chosen ap2+NOT-chosen cdc25c) (NOT-chosen ap2+num-subs l2) (NOT-chosen ap2+NOT-chosen cdc25c+num-subs l2) (NOT-chosen ap2+NOT-chosen cdc25c+NOT-chosen cdk46p3-cycd+num-subs l2)
  (choose ap2 l3 l2), cost: 1
    pre: (NOT-chosen ap2) (num-subs l2) (NOT-chosen ap2+num-subs l2)
    add: (chosen ap2)
    del: (NOT-chosen ap2) (num-subs l2) (NOT-chosen ap2+NOT-chosen cdc25c) (NOT-chosen ap2+num-subs l2) (NOT-chosen ap2+NOT-chosen cdc25c+num-subs l2) (NOT-chosen ap2+NOT-chosen cdc25c+NOT-chosen cdk46p3-cycd+num-subs l2)
  (choose cdc25c l1 l0), cost: 1
    pre: (NOT-chosen cdc25c) (num-subs l0)
    add: (num-subs l1)
    del: (NOT-chosen cdc25c) (num-subs l0) (NOT-chosen ap2+NOT-chosen cdc25c) (NOT-chosen ap2+NOT-chosen cdc25c+num-subs l2) (NOT-chosen cdc25c+NOT-chosen cdk46p3-cycd) (NOT-chosen ap2+NOT-chosen cdc25c+NOT-chosen cdk46p3-cycd+num-subs l2)
  (choose cdc25c l2 l1), cost: 1
    pre: (NOT-chosen cdc25c) (num-subs l1)
    add: (num-subs l2)
    del: (NOT-chosen cdc25c) (num-subs l1) (NOT-chosen ap2+NOT-chosen cdc25c) (NOT-chosen ap2+NOT-chosen cdc25c+num-subs l2) (NOT-chosen cdc25c+NOT-chosen cdk46p3-cycd) (NOT-chosen ap2+NOT-chosen cdc25c+NOT-chosen cdk46p3-cycd+num-subs l2)
  (choose cdc25c l2 l1), cost: 1
    pre: (NOT-chosen ap2) (NOT-chosen cdc25c) (num-subs l1) (NOT-chosen ap2+NOT-chosen cdc25c)
    add: (num-subs l2) (NOT-chosen ap2+num-subs l2)
    del: (NOT-chosen cdc25c) (num-subs l1) (NOT-chosen ap2+NOT-chosen cdc25c) (NOT-chosen ap2+NOT-chosen cdc25c+num-subs l2) (NOT-chosen cdc25c+NOT-chosen cdk46p3-cycd) (NOT-chosen ap2+NOT-chosen cdc25c+NOT-chosen cdk46p3-cycd+num-subs l2)
  (choose cdc25c l3 l2), cost: 1
    pre: (NOT-chosen cdc25c) (num-subs l2)
    add:
    del: (NOT-chosen cdc25c) (num-subs l2) (NOT-chosen ap2+NOT-chosen cdc25c) (NOT-chosen ap2+num-subs l2) (NOT-chosen ap2+NOT-chosen cdc25c+num-subs l2) (NOT-chosen cdc25c+NOT-chosen cdk46p3-cycd) (NOT-chosen ap2+NOT-chosen cdc25c+NOT-chosen cdk46p3-cycd+num-subs l2)
  (choose cdk46p3-cycd l1 l0), cost: 1
    pre: (NOT-chosen cdk46p3-cycd) (num-subs l0)
    add: (chosen cdk46p3-cycd) (num-subs l1)
    del: (NOT-chosen cdk46p3-cycd) (num-subs l0) (NOT-chosen cdc25c+NOT-chosen cdk46p3-cycd) (NOT-chosen ap2+NOT-chosen cdc25c+NOT-chosen cdk46p3-cycd+num-subs l2)
  (choose cdk46p3-cycd l2 l1), cost: 1
    pre: (NOT-chosen cdk46p3-cycd) (num-subs l1)
    add: (chosen cdk46p3-cycd) (num-subs l2)
    del: (NOT-chosen cdk46p3-cycd) (num-subs l1) (NOT-chosen cdc25c+NOT-chosen cdk46p3-cycd) (NOT-chosen ap2+NOT-chosen cdc25c+NOT-chosen cdk46p3-cycd+num-subs l2)
  (choose cdk46p3-cycd l2 l1), cost: 1
    pre: (NOT-chosen ap2) (NOT-chosen cdc25c) (NOT-chosen cdk46p3-cycd) (num-subs l1) (NOT-chosen ap2+NOT-chosen cdc25c) (NOT-chosen cdc25c+NOT-chosen cdk46p3-cycd)
    add: (chosen cdk46p3-cycd) (num-subs l2) (NOT-chosen ap2+num-subs l2) (NOT-chosen ap2+NOT-chosen cdc25c+num-subs l2)
    del: (NOT-chosen cdk46p3-cycd) (num-subs l1) (NOT-chosen cdc25c+NOT-chosen cdk46p3-cycd) (NOT-chosen ap2+NOT-chosen cdc25c+NOT-chosen cdk46p3-cycd+num-subs l2)
  (choose cdk46p3-cycd l2 l1), cost: 1
    pre: (NOT-chosen ap2) (NOT-chosen cdk46p3-cycd) (num-subs l1)
    add: (chosen cdk46p3-cycd) (num-subs l2) (NOT-chosen ap2+num-subs l2)
    del: (NOT-chosen cdk46p3-cycd) (num-subs l1) (NOT-chosen cdc25c+NOT-chosen cdk46p3-cycd) (NOT-chosen ap2+NOT-chosen cdc25c+NOT-chosen cdk46p3-cycd+num-subs l2)
  (choose cdk46p3-cycd l3 l2), cost: 1
    pre: (NOT-chosen cdk46p3-cycd) (num-subs l2)
    add: (chosen cdk46p3-cycd)
    del: (NOT-chosen cdk46p3-cycd) (num-subs l2) (NOT-chosen ap2+num-subs l2) (NOT-chosen ap2+NOT-chosen cdc25c+num-subs l2) (NOT-chosen cdc25c+NOT-chosen cdk46p3-cycd) (NOT-chosen ap2+NOT-chosen cdc25c+NOT-chosen cdk46p3-cycd+num-subs l2)
  (choose cdk46p3-cycdp1 l1 l0), cost: 1
    pre: (NOT-chosen cdk46p3-cycdp1) (num-subs l0)
    add: (chosen cdk46p3-cycdp1) (num-subs l1)
    del: (NOT-chosen cdk46p3-cycdp1) (num-subs l0)
  (choose cdk46p3-cycdp1 l2 l1), cost: 1
    pre: (NOT-chosen cdk46p3-cycdp1) (num-subs l1)
    add: (chosen cdk46p3-cycdp1) (num-subs l2)
    del: (NOT-chosen cdk46p3-cycdp1) (num-subs l1)
  (choose cdk46p3-cycdp1 l2 l1), cost: 1
    pre: (NOT-chosen ap2) (NOT-chosen cdc25c) (NOT-chosen cdk46p3-cycd) (NOT-chosen cdk46p3-cycdp1) (num-subs l1) (NOT-chosen ap2+NOT-chosen cdc25c) (NOT-chosen cdc25c+NOT-chosen cdk46p3-cycd)
    add: (chosen cdk46p3-cycdp1) (num-subs l2) (NOT-chosen ap2+num-subs l2) (NOT-chosen ap2+NOT-chosen cdc25c+num-subs l2) (NOT-chosen ap2+NOT-chosen cdc25c+NOT-chosen cdk46p3-cycd+num-subs l2)
    del: (NOT-chosen cdk46p3-cycdp1) (num-subs l1)
  (choose cdk46p3-cycdp1 l2 l1), cost: 1
    pre: (NOT-chosen ap2) (NOT-chosen cdk46p3-cycdp1) (num-subs l1)
    add: (chosen cdk46p3-cycdp1) (num-subs l2) (NOT-chosen ap2+num-subs l2)
    del: (NOT-chosen cdk46p3-cycdp1) (num-subs l1)
  (choose cdk46p3-cycdp1 l2 l1), cost: 1
    pre: (NOT-chosen ap2) (NOT-chosen cdc25c) (NOT-chosen cdk46p3-cycdp1) (num-subs l1) (NOT-chosen ap2+NOT-chosen cdc25c)
    add: (chosen cdk46p3-cycdp1) (num-subs l2) (NOT-chosen ap2+num-subs l2) (NOT-chosen ap2+NOT-chosen cdc25c+num-subs l2)
    del: (NOT-chosen cdk46p3-cycdp1) (num-subs l1)
  (choose cdk46p3-cycdp1 l3 l2), cost: 1
    pre: (NOT-chosen cdk46p3-cycdp1) (num-subs l2)
    add: (chosen cdk46p3-cycdp1)
    del: (NOT-chosen cdk46p3-cycdp1) (num-subs l2) (NOT-chosen ap2+num-subs l2) (NOT-chosen ap2+NOT-chosen cdc25c+num-subs l2) (NOT-chosen ap2+NOT-chosen cdc25c+NOT-chosen cdk46p3-cycd+num-subs l2)
  (choose cdk7 l1 l0), cost: 1
    pre: (NOT-chosen cdk7) (num-subs l0)
    add: (num-subs l1)
    del: (NOT-chosen cdk7) (num-subs l0)
  (choose cdk7 l2 l1), cost: 1
    pre: (NOT-chosen cdk7) (num-subs l1)
    add: (num-subs l2)
    del: (NOT-chosen cdk7) (num-subs l1)
  (choose cdk7 l2 l1), cost: 1
    pre: (NOT-chosen ap2) (NOT-chosen cdc25c) (NOT-chosen cdk46p3-cycd) (NOT-chosen cdk7) (num-subs l1) (NOT-chosen ap2+NOT-chosen cdc25c) (NOT-chosen cdc25c+NOT-chosen cdk46p3-cycd)
    add: (num-subs l2) (NOT-chosen ap2+num-subs l2) (NOT-chosen ap2+NOT-chosen cdc25c+num-subs l2) (NOT-chosen ap2+NOT-chosen cdc25c+NOT-chosen cdk46p3-cycd+num-subs l2)
    del: (NOT-chosen cdk7) (num-subs l1)
  (choose cdk7 l2 l1), cost: 1
    pre: (NOT-chosen ap2) (NOT-chosen cdk7) (num-subs l1)
    add: (num-subs l2) (NOT-chosen ap2+num-subs l2)
    del: (NOT-chosen cdk7) (num-subs l1)
  (choose cdk7 l2 l1), cost: 1
    pre: (NOT-chosen ap2) (NOT-chosen cdc25c) (NOT-chosen cdk7) (num-subs l1) (NOT-chosen ap2+NOT-chosen cdc25c)
    add: (num-subs l2) (NOT-chosen ap2+num-subs l2) (NOT-chosen ap2+NOT-chosen cdc25c+num-subs l2)
    del: (NOT-chosen cdk7) (num-subs l1)
  (choose cdk7 l3 l2), cost: 1
    pre: (NOT-chosen cdk7) (num-subs l2)
    add:
    del: (NOT-chosen cdk7) (num-subs l2) (NOT-chosen ap2+num-subs l2) (NOT-chosen ap2+NOT-chosen cdc25c+num-subs l2) (NOT-chosen ap2+NOT-chosen cdc25c+NOT-chosen cdk46p3-cycd+num-subs l2)
  (choose chk1 l1 l0), cost: 1
    pre: (NOT-chosen chk1) (num-subs l0)
    add: (num-subs l1)
    del: (NOT-chosen chk1) (num-subs l0)
  (choose chk1 l2 l1), cost: 1
    pre: (NOT-chosen chk1) (num-subs l1)
    add: (num-subs l2)
    del: (NOT-chosen chk1) (num-subs l1)
  (choose chk1 l2 l1), cost: 1
    pre: (NOT-chosen ap2) (NOT-chosen cdc25c) (NOT-chosen cdk46p3-cycd) (NOT-chosen chk1) (num-subs l1) (NOT-chosen ap2+NOT-chosen cdc25c) (NOT-chosen cdc25c+NOT-chosen cdk46p3-cycd)
    add: (num-subs l2) (NOT-chosen ap2+num-subs l2) (NOT-chosen ap2+NOT-chosen cdc25c+num-subs l2) (NOT-chosen ap2+NOT-chosen cdc25c+NOT-chosen cdk46p3-cycd+num-subs l2)
    del: (NOT-chosen chk1) (num-subs l1)
  (choose chk1 l2 l1), cost: 1
    pre: (NOT-chosen ap2) (NOT-chosen chk1) (num-subs l1)
    add: (num-subs l2) (NOT-chosen ap2+num-subs l2)
    del: (NOT-chosen chk1) (num-subs l1)
  (choose chk1 l2 l1), cost: 1
    pre: (NOT-chosen ap2) (NOT-chosen cdc25c) (NOT-chosen chk1) (num-subs l1) (NOT-chosen ap2+NOT-chosen cdc25c)
    add: (num-subs l2) (NOT-chosen ap2+num-subs l2) (NOT-chosen ap2+NOT-chosen cdc25c+num-subs l2)
    del: (NOT-chosen chk1) (num-subs l1)
  (choose chk1 l3 l2), cost: 1
    pre: (NOT-chosen chk1) (num-subs l2)
    add:
    del: (NOT-chosen chk1) (num-subs l2) (NOT-chosen ap2+num-subs l2) (NOT-chosen ap2+NOT-chosen cdc25c+num-subs l2) (NOT-chosen ap2+NOT-chosen cdc25c+NOT-chosen cdk46p3-cycd+num-subs l2)
  (choose dmp1 l1 l0), cost: 1
    pre: (NOT-chosen dmp1) (num-subs l0)
    add: (num-subs l1)
    del: (NOT-chosen dmp1) (num-subs l0)
  (choose dmp1 l2 l1), cost: 1
    pre: (NOT-chosen dmp1) (num-subs l1)
    add: (num-subs l2)
    del: (NOT-chosen dmp1) (num-subs l1)
  (choose dmp1 l2 l1), cost: 1
    pre: (NOT-chosen ap2) (NOT-chosen cdc25c) (NOT-chosen cdk46p3-cycd) (NOT-chosen dmp1) (num-subs l1) (NOT-chosen ap2+NOT-chosen cdc25c) (NOT-chosen cdc25c+NOT-chosen cdk46p3-cycd)
    add: (num-subs l2) (NOT-chosen ap2+num-subs l2) (NOT-chosen ap2+NOT-chosen cdc25c+num-subs l2) (NOT-chosen ap2+NOT-chosen cdc25c+NOT-chosen cdk46p3-cycd+num-subs l2)
    del: (NOT-chosen dmp1) (num-subs l1)
  (choose dmp1 l2 l1), cost: 1
    pre: (NOT-chosen ap2) (NOT-chosen dmp1) (num-subs l1)
    add: (num-subs l2) (NOT-chosen ap2+num-subs l2)
    del: (NOT-chosen dmp1) (num-subs l1)
  (choose dmp1 l2 l1), cost: 1
    pre: (NOT-chosen ap2) (NOT-chosen cdc25c) (NOT-chosen dmp1) (num-subs l1) (NOT-chosen ap2+NOT-chosen cdc25c)
    add: (num-subs l2) (NOT-chosen ap2+num-subs l2) (NOT-chosen ap2+NOT-chosen cdc25c+num-subs l2)
    del: (NOT-chosen dmp1) (num-subs l1)
  (choose dmp1 l3 l2), cost: 1
    pre: (NOT-chosen dmp1) (num-subs l2)
    add:
    del: (NOT-chosen dmp1) (num-subs l2) (NOT-chosen ap2+num-subs l2) (NOT-chosen ap2+NOT-chosen cdc25c+num-subs l2) (NOT-chosen ap2+NOT-chosen cdc25c+NOT-chosen cdk46p3-cycd+num-subs l2)
  (choose e2f13 l1 l0), cost: 1
    pre: (NOT-chosen e2f13) (num-subs l0)
    add: (num-subs l1)
    del: (NOT-chosen e2f13) (num-subs l0)
  (choose e2f13 l2 l1), cost: 1
    pre: (NOT-chosen e2f13) (num-subs l1)
    add: (num-subs l2)
    del: (NOT-chosen e2f13) (num-subs l1)
  (choose e2f13 l2 l1), cost: 1
    pre: (NOT-chosen ap2) (NOT-chosen cdc25c) (NOT-chosen cdk46p3-cycd) (NOT-chosen e2f13) (num-subs l1) (NOT-chosen ap2+NOT-chosen cdc25c) (NOT-chosen cdc25c+NOT-chosen cdk46p3-cycd)
    add: (num-subs l2) (NOT-chosen ap2+num-subs l2) (NOT-chosen ap2+NOT-chosen cdc25c+num-subs l2) (NOT-chosen ap2+NOT-chosen cdc25c+NOT-chosen cdk46p3-cycd+num-subs l2)
    del: (NOT-chosen e2f13) (num-subs l1)
  (choose e2f13 l2 l1), cost: 1
    pre: (NOT-chosen ap2) (NOT-chosen e2f13) (num-subs l1)
    add: (num-subs l2) (NOT-chosen ap2+num-subs l2)
    del: (NOT-chosen e2f13) (num-subs l1)
  (choose e2f13 l2 l1), cost: 1
    pre: (NOT-chosen ap2) (NOT-chosen cdc25c) (NOT-chosen e2f13) (num-subs l1) (NOT-chosen ap2+NOT-chosen cdc25c)
    add: (num-subs l2) (NOT-chosen ap2+num-subs l2) (NOT-chosen ap2+NOT-chosen cdc25c+num-subs l2)
    del: (NOT-chosen e2f13) (num-subs l1)
  (choose e2f13 l3 l2), cost: 1
    pre: (NOT-chosen e2f13) (num-subs l2)
    add:
    del: (NOT-chosen e2f13) (num-subs l2) (NOT-chosen ap2+num-subs l2) (NOT-chosen ap2+NOT-chosen cdc25c+num-subs l2) (NOT-chosen ap2+NOT-chosen cdc25c+NOT-chosen cdk46p3-cycd+num-subs l2)
  (choose p130-e2f5p1-dp12 l1 l0), cost: 1
    pre: (NOT-chosen p130-e2f5p1-dp12) (num-subs l0)
    add: (num-subs l1)
    del: (NOT-chosen p130-e2f5p1-dp12) (num-subs l0)
  (choose p130-e2f5p1-dp12 l2 l1), cost: 1
    pre: (NOT-chosen p130-e2f5p1-dp12) (num-subs l1)
    add: (num-subs l2)
    del: (NOT-chosen p130-e2f5p1-dp12) (num-subs l1)
  (choose p130-e2f5p1-dp12 l2 l1), cost: 1
    pre: (NOT-chosen ap2) (NOT-chosen cdc25c) (NOT-chosen cdk46p3-cycd) (NOT-chosen p130-e2f5p1-dp12) (num-subs l1) (NOT-chosen ap2+NOT-chosen cdc25c) (NOT-chosen cdc25c+NOT-chosen cdk46p3-cycd)
    add: (num-subs l2) (NOT-chosen ap2+num-subs l2) (NOT-chosen ap2+NOT-chosen cdc25c+num-subs l2) (NOT-chosen ap2+NOT-chosen cdc25c+NOT-chosen cdk46p3-cycd+num-subs l2)
    del: (NOT-chosen p130-e2f5p1-dp12) (num-subs l1)
  (choose p130-e2f5p1-dp12 l2 l1), cost: 1
    pre: (NOT-chosen ap2) (NOT-chosen p130-e2f5p1-dp12) (num-subs l1)
    add: (num-subs l2) (NOT-chosen ap2+num-subs l2)
    del: (NOT-chosen p130-e2f5p1-dp12) (num-subs l1)
  (choose p130-e2f5p1-dp12 l2 l1), cost: 1
    pre: (NOT-chosen ap2) (NOT-chosen cdc25c) (NOT-chosen p130-e2f5p1-dp12) (num-subs l1) (NOT-chosen ap2+NOT-chosen cdc25c)
    add: (num-subs l2) (NOT-chosen ap2+num-subs l2) (NOT-chosen ap2+NOT-chosen cdc25c+num-subs l2)
    del: (NOT-chosen p130-e2f5p1-dp12) (num-subs l1)
  (choose p130-e2f5p1-dp12 l3 l2), cost: 1
    pre: (NOT-chosen p130-e2f5p1-dp12) (num-subs l2)
    add:
    del: (NOT-chosen p130-e2f5p1-dp12) (num-subs l2) (NOT-chosen ap2+num-subs l2) (NOT-chosen ap2+NOT-chosen cdc25c+num-subs l2) (NOT-chosen ap2+NOT-chosen cdc25c+NOT-chosen cdk46p3-cycd+num-subs l2)
  (choose p16 l1 l0), cost: 1
    pre: (NOT-chosen p16) (num-subs l0)
    add: (num-subs l1)
    del: (NOT-chosen p16) (num-subs l0)
  (choose p16 l2 l1), cost: 1
    pre: (NOT-chosen p16) (num-subs l1)
    add: (num-subs l2)
    del: (NOT-chosen p16) (num-subs l1)
  (choose p16 l2 l1), cost: 1
    pre: (NOT-chosen ap2) (NOT-chosen cdc25c) (NOT-chosen cdk46p3-cycd) (NOT-chosen p16) (num-subs l1) (NOT-chosen ap2+NOT-chosen cdc25c) (NOT-chosen cdc25c+NOT-chosen cdk46p3-cycd)
    add: (num-subs l2) (NOT-chosen ap2+num-subs l2) (NOT-chosen ap2+NOT-chosen cdc25c+num-subs l2) (NOT-chosen ap2+NOT-chosen cdc25c+NOT-chosen cdk46p3-cycd+num-subs l2)
    del: (NOT-chosen p16) (num-subs l1)
  (choose p16 l2 l1), cost: 1
    pre: (NOT-chosen ap2) (NOT-chosen p16) (num-subs l1)
    add: (num-subs l2) (NOT-chosen ap2+num-subs l2)
    del: (NOT-chosen p16) (num-subs l1)
  (choose p16 l2 l1), cost: 1
    pre: (NOT-chosen ap2) (NOT-chosen cdc25c) (NOT-chosen p16) (num-subs l1) (NOT-chosen ap2+NOT-chosen cdc25c)
    add: (num-subs l2) (NOT-chosen ap2+num-subs l2) (NOT-chosen ap2+NOT-chosen cdc25c+num-subs l2)
    del: (NOT-chosen p16) (num-subs l1)
  (choose p16 l3 l2), cost: 1
    pre: (NOT-chosen p16) (num-subs l2)
    add:
    del: (NOT-chosen p16) (num-subs l2) (NOT-chosen ap2+num-subs l2) (NOT-chosen ap2+NOT-chosen cdc25c+num-subs l2) (NOT-chosen ap2+NOT-chosen cdc25c+NOT-chosen cdk46p3-cycd+num-subs l2)
  (choose p300 l1 l0), cost: 1
    pre: (NOT-chosen p300) (num-subs l0)
    add: (chosen p300) (num-subs l1)
    del: (NOT-chosen p300) (num-subs l0)
  (choose p300 l2 l1), cost: 1
    pre: (NOT-chosen p300) (num-subs l1)
    add: (chosen p300) (num-subs l2)
    del: (NOT-chosen p300) (num-subs l1)
  (choose p300 l2 l1), cost: 1
    pre: (NOT-chosen ap2) (NOT-chosen cdc25c) (NOT-chosen cdk46p3-cycd) (NOT-chosen p300) (num-subs l1) (NOT-chosen ap2+NOT-chosen cdc25c) (NOT-chosen cdc25c+NOT-chosen cdk46p3-cycd)
    add: (chosen p300) (num-subs l2) (NOT-chosen ap2+num-subs l2) (NOT-chosen ap2+NOT-chosen cdc25c+num-subs l2) (NOT-chosen ap2+NOT-chosen cdc25c+NOT-chosen cdk46p3-cycd+num-subs l2)
    del: (NOT-chosen p300) (num-subs l1)
  (choose p300 l2 l1), cost: 1
    pre: (NOT-chosen ap2) (NOT-chosen p300) (num-subs l1)
    add: (chosen p300) (num-subs l2) (NOT-chosen ap2+num-subs l2)
    del: (NOT-chosen p300) (num-subs l1)
  (choose p300 l2 l1), cost: 1
    pre: (NOT-chosen ap2) (NOT-chosen cdc25c) (NOT-chosen p300) (num-subs l1) (NOT-chosen ap2+NOT-chosen cdc25c)
    add: (chosen p300) (num-subs l2) (NOT-chosen ap2+num-subs l2) (NOT-chosen ap2+NOT-chosen cdc25c+num-subs l2)
    del: (NOT-chosen p300) (num-subs l1)
  (choose p300 l3 l2), cost: 1
    pre: (NOT-chosen p300) (num-subs l2)
    add: (chosen p300)
    del: (NOT-chosen p300) (num-subs l2) (NOT-chosen ap2+num-subs l2) (NOT-chosen ap2+NOT-chosen cdc25c+num-subs l2) (NOT-chosen ap2+NOT-chosen cdc25c+NOT-chosen cdk46p3-cycd+num-subs l2)
  (choose pcaf l1 l0), cost: 1
    pre: (NOT-chosen pcaf) (num-subs l0)
    add: (chosen pcaf) (num-subs l1)
    del: (NOT-chosen pcaf) (num-subs l0)
  (choose pcaf l2 l1), cost: 1
    pre: (NOT-chosen pcaf) (num-subs l1)
    add: (chosen pcaf) (num-subs l2)
    del: (NOT-chosen pcaf) (num-subs l1)
  (choose pcaf l2 l1), cost: 1
    pre: (NOT-chosen ap2) (NOT-chosen cdc25c) (NOT-chosen cdk46p3-cycd) (NOT-chosen pcaf) (num-subs l1) (NOT-chosen ap2+NOT-chosen cdc25c) (NOT-chosen cdc25c+NOT-chosen cdk46p3-cycd)
    add: (chosen pcaf) (num-subs l2) (NOT-chosen ap2+num-subs l2) (NOT-chosen ap2+NOT-chosen cdc25c+num-subs l2) (NOT-chosen ap2+NOT-chosen cdc25c+NOT-chosen cdk46p3-cycd+num-subs l2)
    del: (NOT-chosen pcaf) (num-subs l1)
  (choose pcaf l2 l1), cost: 1
    pre: (NOT-chosen ap2) (NOT-chosen pcaf) (num-subs l1)
    add: (chosen pcaf) (num-subs l2) (NOT-chosen ap2+num-subs l2)
    del: (NOT-chosen pcaf) (num-subs l1)
  (choose pcaf l2 l1), cost: 1
    pre: (NOT-chosen ap2) (NOT-chosen cdc25c) (NOT-chosen pcaf) (num-subs l1) (NOT-chosen ap2+NOT-chosen cdc25c)
    add: (chosen pcaf) (num-subs l2) (NOT-chosen ap2+num-subs l2) (NOT-chosen ap2+NOT-chosen cdc25c+num-subs l2)
    del: (NOT-chosen pcaf) (num-subs l1)
  (choose pcaf l3 l2), cost: 1
    pre: (NOT-chosen pcaf) (num-subs l2)
    add: (chosen pcaf)
    del: (NOT-chosen pcaf) (num-subs l2) (NOT-chosen ap2+num-subs l2) (NOT-chosen ap2+NOT-chosen cdc25c+num-subs l2) (NOT-chosen ap2+NOT-chosen cdc25c+NOT-chosen cdk46p3-cycd+num-subs l2)
  (choose prb-e2f4p1-dp12 l1 l0), cost: 1
    pre: (NOT-chosen prb-e2f4p1-dp12) (num-subs l0)
    add: (num-subs l1)
    del: (NOT-chosen prb-e2f4p1-dp12) (num-subs l0)
  (choose prb-e2f4p1-dp12 l2 l1), cost: 1
    pre: (NOT-chosen prb-e2f4p1-dp12) (num-subs l1)
    add: (num-subs l2)
    del: (NOT-chosen prb-e2f4p1-dp12) (num-subs l1)
  (choose prb-e2f4p1-dp12 l2 l1), cost: 1
    pre: (NOT-chosen ap2) (NOT-chosen cdc25c) (NOT-chosen cdk46p3-cycd) (NOT-chosen prb-e2f4p1-dp12) (num-subs l1) (NOT-chosen ap2+NOT-chosen cdc25c) (NOT-chosen cdc25c+NOT-chosen cdk46p3-cycd)
    add: (num-subs l2) (NOT-chosen ap2+num-subs l2) (NOT-chosen ap2+NOT-chosen cdc25c+num-subs l2) (NOT-chosen ap2+NOT-chosen cdc25c+NOT-chosen cdk46p3-cycd+num-subs l2)
    del: (NOT-chosen prb-e2f4p1-dp12) (num-subs l1)
  (choose prb-e2f4p1-dp12 l2 l1), cost: 1
    pre: (NOT-chosen ap2) (NOT-chosen prb-e2f4p1-dp12) (num-subs l1)
    add: (num-subs l2) (NOT-chosen ap2+num-subs l2)
    del: (NOT-chosen prb-e2f4p1-dp12) (num-subs l1)
  (choose prb-e2f4p1-dp12 l2 l1), cost: 1
    pre: (NOT-chosen ap2) (NOT-chosen cdc25c) (NOT-chosen prb-e2f4p1-dp12) (num-subs l1) (NOT-chosen ap2+NOT-chosen cdc25c)
    add: (num-subs l2) (NOT-chosen ap2+num-subs l2) (NOT-chosen ap2+NOT-chosen cdc25c+num-subs l2)
    del: (NOT-chosen prb-e2f4p1-dp12) (num-subs l1)
  (choose prb-e2f4p1-dp12 l3 l2), cost: 1
    pre: (NOT-chosen prb-e2f4p1-dp12) (num-subs l2)
    add:
    del: (NOT-chosen prb-e2f4p1-dp12) (num-subs l2) (NOT-chosen ap2+num-subs l2) (NOT-chosen ap2+NOT-chosen cdc25c+num-subs l2) (NOT-chosen ap2+NOT-chosen cdc25c+NOT-chosen cdk46p3-cycd+num-subs l2)
  (choose prbp2 l1 l0), cost: 1
    pre: (NOT-chosen prbp2) (num-subs l0)
    add: (chosen prbp2) (num-subs l1)
    del: (NOT-chosen prbp2) (num-subs l0)
  (choose prbp2 l2 l1), cost: 1
    pre: (NOT-chosen prbp2) (num-subs l1)
    add: (chosen prbp2) (num-subs l2)
    del: (NOT-chosen prbp2) (num-subs l1)
  (choose prbp2 l2 l1), cost: 1
    pre: (NOT-chosen ap2) (NOT-chosen cdc25c) (NOT-chosen cdk46p3-cycd) (NOT-chosen prbp2) (num-subs l1) (NOT-chosen ap2+NOT-chosen cdc25c) (NOT-chosen cdc25c+NOT-chosen cdk46p3-cycd)
    add: (chosen prbp2) (num-subs l2) (NOT-chosen ap2+num-subs l2) (NOT-chosen ap2+NOT-chosen cdc25c+num-subs l2) (NOT-chosen ap2+NOT-chosen cdc25c+NOT-chosen cdk46p3-cycd+num-subs l2)
    del: (NOT-chosen prbp2) (num-subs l1)
  (choose prbp2 l2 l1), cost: 1
    pre: (NOT-chosen ap2) (NOT-chosen prbp2) (num-subs l1)
    add: (chosen prbp2) (num-subs l2) (NOT-chosen ap2+num-subs l2)
    del: (NOT-chosen prbp2) (num-subs l1)
  (choose prbp2 l2 l1), cost: 1
    pre: (NOT-chosen ap2) (NOT-chosen cdc25c) (NOT-chosen prbp2) (num-subs l1) (NOT-chosen ap2+NOT-chosen cdc25c)
    add: (chosen prbp2) (num-subs l2) (NOT-chosen ap2+num-subs l2) (NOT-chosen ap2+NOT-chosen cdc25c+num-subs l2)
    del: (NOT-chosen prbp2) (num-subs l1)
  (choose prbp2 l3 l2), cost: 1
    pre: (NOT-chosen prbp2) (num-subs l2)
    add: (chosen prbp2)
    del: (NOT-chosen prbp2) (num-subs l2) (NOT-chosen ap2+num-subs l2) (NOT-chosen ap2+NOT-chosen cdc25c+num-subs l2) (NOT-chosen ap2+NOT-chosen cdc25c+NOT-chosen cdk46p3-cycd+num-subs l2)
  (choose raf1 l1 l0), cost: 1
    pre: (NOT-chosen raf1) (num-subs l0)
    add: (num-subs l1)
    del: (NOT-chosen raf1) (num-subs l0)
  (choose raf1 l2 l1), cost: 1
    pre: (NOT-chosen raf1) (num-subs l1)
    add: (num-subs l2)
    del: (NOT-chosen raf1) (num-subs l1)
  (choose raf1 l2 l1), cost: 1
    pre: (NOT-chosen ap2) (NOT-chosen cdc25c) (NOT-chosen cdk46p3-cycd) (NOT-chosen raf1) (num-subs l1) (NOT-chosen ap2+NOT-chosen cdc25c) (NOT-chosen cdc25c+NOT-chosen cdk46p3-cycd)
    add: (num-subs l2) (NOT-chosen ap2+num-subs l2) (NOT-chosen ap2+NOT-chosen cdc25c+num-subs l2) (NOT-chosen ap2+NOT-chosen cdc25c+NOT-chosen cdk46p3-cycd+num-subs l2)
    del: (NOT-chosen raf1) (num-subs l1)
  (choose raf1 l2 l1), cost: 1
    pre: (NOT-chosen ap2) (NOT-chosen raf1) (num-subs l1)
    add: (num-subs l2) (NOT-chosen ap2+num-subs l2)
    del: (NOT-chosen raf1) (num-subs l1)
  (choose raf1 l2 l1), cost: 1
    pre: (NOT-chosen ap2) (NOT-chosen cdc25c) (NOT-chosen raf1) (num-subs l1) (NOT-chosen ap2+NOT-chosen cdc25c)
    add: (num-subs l2) (NOT-chosen ap2+num-subs l2) (NOT-chosen ap2+NOT-chosen cdc25c+num-subs l2)
    del: (NOT-chosen raf1) (num-subs l1)
  (choose raf1 l3 l2), cost: 1
    pre: (NOT-chosen raf1) (num-subs l2)
    add:
    del: (NOT-chosen raf1) (num-subs l2) (NOT-chosen ap2+num-subs l2) (NOT-chosen ap2+NOT-chosen cdc25c+num-subs l2) (NOT-chosen ap2+NOT-chosen cdc25c+NOT-chosen cdk46p3-cycd+num-subs l2)
  (choose sp1 l1 l0), cost: 1
    pre: (NOT-chosen sp1) (num-subs l0)
    add: (num-subs l1)
    del: (NOT-chosen sp1) (num-subs l0)
  (choose sp1 l2 l1), cost: 1
    pre: (NOT-chosen sp1) (num-subs l1)
    add: (num-subs l2)
    del: (NOT-chosen sp1) (num-subs l1)
  (choose sp1 l2 l1), cost: 1
    pre: (NOT-chosen ap2) (NOT-chosen cdc25c) (NOT-chosen cdk46p3-cycd) (NOT-chosen sp1) (num-subs l1) (NOT-chosen ap2+NOT-chosen cdc25c) (NOT-chosen cdc25c+NOT-chosen cdk46p3-cycd)
    add: (num-subs l2) (NOT-chosen ap2+num-subs l2) (NOT-chosen ap2+NOT-chosen cdc25c+num-subs l2) (NOT-chosen ap2+NOT-chosen cdc25c+NOT-chosen cdk46p3-cycd+num-subs l2)
    del: (NOT-chosen sp1) (num-subs l1)
  (choose sp1 l2 l1), cost: 1
    pre: (NOT-chosen ap2) (NOT-chosen sp1) (num-subs l1)
    add: (num-subs l2) (NOT-chosen ap2+num-subs l2)
    del: (NOT-chosen sp1) (num-subs l1)
  (choose sp1 l2 l1), cost: 1
    pre: (NOT-chosen ap2) (NOT-chosen cdc25c) (NOT-chosen sp1) (num-subs l1) (NOT-chosen ap2+NOT-chosen cdc25c)
    add: (num-subs l2) (NOT-chosen ap2+num-subs l2) (NOT-chosen ap2+NOT-chosen cdc25c+num-subs l2)
    del: (NOT-chosen sp1) (num-subs l1)
  (choose sp1 l3 l2), cost: 1
    pre: (NOT-chosen sp1) (num-subs l2)
    add:
    del: (NOT-chosen sp1) (num-subs l2) (NOT-chosen ap2+num-subs l2) (NOT-chosen ap2+NOT-chosen cdc25c+num-subs l2) (NOT-chosen ap2+NOT-chosen cdc25c+NOT-chosen cdk46p3-cycd+num-subs l2)
  (dummy-action-1), cost: 1
    pre: (available pcaf-p300)
    add: (goal1)
    del:
  (dummy-action-1), cost: 1
    pre: (available prbp1p2-ap2)
    add: (goal1)
    del:
  (initialize ap2), cost: 1
    pre: (chosen ap2)
    add: (available ap2)
    del:
  (initialize cdk46p3-cycd), cost: 1
    pre: (chosen cdk46p3-cycd)
    add: (available cdk46p3-cycd)
    del:
  (initialize cdk46p3-cycdp1), cost: 1
    pre: (chosen cdk46p3-cycdp1)
    add: (available cdk46p3-cycdp1)
    del:
  (initialize p300), cost: 1
    pre: (chosen p300)
    add: (available p300)
    del:
  (initialize pcaf), cost: 1
    pre: (chosen pcaf)
    add: (available pcaf)
    del:
  (initialize prbp2), cost: 1
    pre: (chosen prbp2)
    add: (available prbp2)
    del:
Init State: (NOT-chosen ap2) (NOT-chosen cdc25c) (NOT-chosen cdk46p3-cycd) (NOT-chosen cdk46p3-cycdp1) (NOT-chosen cdk7) (NOT-chosen chk1) (NOT-chosen dmp1) (NOT-chosen e2f13) (NOT-chosen p130-e2f5p1-dp12) (NOT-chosen p16) (NOT-chosen p300) (NOT-chosen pcaf) (NOT-chosen prb-e2f4p1-dp12) (NOT-chosen prbp2) (NOT-chosen raf1) (NOT-chosen sp1) (num-subs l0) (NOT-chosen ap2+NOT-chosen cdc25c) (NOT-chosen cdc25c+NOT-chosen cdk46p3-cycd)
Goal: (goal1)
