(num-subs l0), layer: 0
(NOT-chosen wee1), layer: 0
(NOT-chosen sp1), layer: 0
(NOT-chosen skp2), layer: 0
(NOT-chosen skp1), layer: 0
(NOT-chosen rpa), layer: 0
(NOT-chosen prbp2), layer: 0
(NOT-chosen prbp1-e2f4p1-dp12), layer: 0
(NOT-chosen prb-e2f4p1-dp12), layer: 0
(NOT-chosen prb), layer: 0
(NOT-chosen plk1), layer: 0
(NOT-chosen pcaf), layer: 0
(NOT-chosen p57p1), layer: 0
(NOT-chosen p57), layer: 0
(NOT-chosen p53p1), layer: 0
(NOT-chosen p53), layer: 0
(NOT-chosen p300), layer: 0
(NOT-chosen p27), layer: 0
(NOT-chosen p16), layer: 0
(NOT-chosen p130), layer: 0
(NOT-chosen m1433), layer: 0
(NOT-chosen hdac1-prbp1-e2f4-dp12), layer: 0
(NOT-chosen hdac1-prbp1-e2f13p1-dp12), layer: 0
(NOT-chosen hdac1-p130-e2f4p1-dp12), layer: 0
(NOT-chosen hdac1-p107-e2f4p1-dp12), layer: 0
(NOT-chosen hbp1), layer: 0
(NOT-chosen ge-c), layer: 0
(NOT-chosen ge2), layer: 0
(NOT-chosen e2f6), layer: 0
(NOT-chosen e2f4-dp12p1), layer: 0
(NOT-chosen e2f4), layer: 0
(NOT-chosen e2f3), layer: 0
(NOT-chosen e2f13p1-dp12p1), layer: 0
(NOT-chosen e2f13-dp12), layer: 0
(NOT-chosen e2f13), layer: 0
(NOT-chosen e2f1), layer: 0
(NOT-chosen dp12), layer: 0
(NOT-chosen cych), layer: 0
(NOT-chosen cycb), layer: 0
(NOT-chosen c-tak1), layer: 0
(NOT-chosen cks1), layer: 0
(NOT-chosen chk1), layer: 0
(NOT-chosen cebp), layer: 0
(NOT-chosen cdk7), layer: 0
(NOT-chosen cdk46p3-cycdp1), layer: 0
(NOT-chosen cdk46p1), layer: 0
(NOT-chosen cdk2p1), layer: 0
(NOT-chosen cdk2-cycb), layer: 0
(NOT-chosen cdk2), layer: 0
(NOT-chosen cdk1p1p2), layer: 0
(NOT-chosen cdc25c), layer: 0
(NOT-chosen c-abl), layer: 0
(NOT-chosen ap2), layer: 0
(chosen wee1), layer: 1
(num-subs l1), layer: 1
(chosen sp1), layer: 1
(chosen skp2), layer: 1
(chosen skp1), layer: 1
(chosen rpa), layer: 1
(chosen prbp2), layer: 1
(chosen prbp1-e2f4p1-dp12), layer: 1
(chosen prb-e2f4p1-dp12), layer: 1
(chosen prb), layer: 1
(chosen plk1), layer: 1
(chosen pcaf), layer: 1
(chosen p57p1), layer: 1
(chosen p57), layer: 1
(chosen p53p1), layer: 1
(chosen p53), layer: 1
(chosen p300), layer: 1
(chosen p27), layer: 1
(chosen p16), layer: 1
(chosen p130), layer: 1
(chosen m1433), layer: 1
(chosen hdac1-prbp1-e2f4-dp12), layer: 1
(chosen hdac1-prbp1-e2f13p1-dp12), layer: 1
(chosen hdac1-p130-e2f4p1-dp12), layer: 1
(chosen hdac1-p107-e2f4p1-dp12), layer: 1
(chosen hbp1), layer: 1
(chosen ge-c), layer: 1
(chosen ge2), layer: 1
(chosen e2f6), layer: 1
(chosen e2f4-dp12p1), layer: 1
(chosen e2f4), layer: 1
(chosen e2f3), layer: 1
(chosen e2f13p1-dp12p1), layer: 1
(chosen e2f13-dp12), layer: 1
(chosen e2f13), layer: 1
(chosen e2f1), layer: 1
(chosen dp12), layer: 1
(chosen cych), layer: 1
(chosen cycb), layer: 1
(chosen c-tak1), layer: 1
(chosen cks1), layer: 1
(chosen chk1), layer: 1
(chosen cebp), layer: 1
(chosen cdk7), layer: 1
(chosen cdk46p3-cycdp1), layer: 1
(chosen cdk46p1), layer: 1
(chosen cdk2p1), layer: 1
(chosen cdk2-cycb), layer: 1
(chosen cdk2), layer: 1
(chosen cdk1p1p2), layer: 1
(chosen cdc25c), layer: 1
(chosen c-abl), layer: 1
(chosen ap2), layer: 1
(num-subs l2), layer: 2
(available wee1), layer: 2
(available sp1), layer: 2
(available skp2), layer: 2
(available skp1), layer: 2
(available rpa), layer: 2
(available prbp2), layer: 2
(available prbp1-e2f4p1-dp12), layer: 2
(available prb-e2f4p1-dp12), layer: 2
(available prb), layer: 2
(available plk1), layer: 2
(available pcaf), layer: 2
(available p57p1), layer: 2
(available p57), layer: 2
(available p53p1), layer: 2
(available p53), layer: 2
(available p300), layer: 2
(available p27), layer: 2
(available p16), layer: 2
(available p130), layer: 2
(available m1433), layer: 2
(available hdac1-prbp1-e2f4-dp12), layer: 2
(available hdac1-prbp1-e2f13p1-dp12), layer: 2
(available hdac1-p130-e2f4p1-dp12), layer: 2
(available hdac1-p107-e2f4p1-dp12), layer: 2
(available hbp1), layer: 2
(available ge-c), layer: 2
(available ge2), layer: 2
(available e2f6), layer: 2
(available e2f4-dp12p1), layer: 2
(available e2f4), layer: 2
(available e2f3), layer: 2
(available e2f13p1-dp12p1), layer: 2
(available e2f13-dp12), layer: 2
(available e2f13), layer: 2
(available e2f1), layer: 2
(available dp12), layer: 2
(available cych), layer: 2
(available cycb), layer: 2
(available c-tak1), layer: 2
(available cks1), layer: 2
(available chk1), layer: 2
(available cebp), layer: 2
(available cdk7), layer: 2
(available cdk46p3-cycdp1), layer: 2
(available cdk46p1), layer: 2
(available cdk2p1), layer: 2
(available cdk2-cycb), layer: 2
(available cdk2), layer: 2
(available cdk1p1p2), layer: 2
(available cdc25c), layer: 2
(available c-abl), layer: 2
(available ap2), layer: 2
(possible wee1), layer: 0
(possible sp1), layer: 0
(possible skp2), layer: 0
(possible skp1), layer: 0
(possible rpa), layer: 0
(possible prbp2), layer: 0
(possible prbp1-e2f4p1-dp12), layer: 0
(possible prb-e2f4p1-dp12), layer: 0
(possible prb), layer: 0
(possible plk1), layer: 0
(possible pcaf), layer: 0
(possible p57p1), layer: 0
(possible p57), layer: 0
(possible p53p1), layer: 0
(possible p53), layer: 0
(possible p300), layer: 0
(possible p27), layer: 0
(possible p16), layer: 0
(possible p130), layer: 0
(possible m1433), layer: 0
(possible hdac1-prbp1-e2f4-dp12), layer: 0
(possible hdac1-prbp1-e2f13p1-dp12), layer: 0
(possible hdac1-p130-e2f4p1-dp12), layer: 0
(possible hdac1-p107-e2f4p1-dp12), layer: 0
(possible hbp1), layer: 0
(possible ge-c), layer: 0
(possible ge2), layer: 0
(possible e2f6), layer: 0
(possible e2f4-dp12p1), layer: 0
(possible e2f4), layer: 0
(possible e2f3), layer: 0
(possible e2f13p1-dp12p1), layer: 0
(possible e2f13-dp12), layer: 0
(possible e2f13), layer: 0
(possible e2f1), layer: 0
(possible dp12), layer: 0
(possible cych), layer: 0
(possible cycb), layer: 0
(possible c-tak1), layer: 0
(possible cks1), layer: 0
(possible chk1), layer: 0
(possible cebp), layer: 0
(possible cdk7), layer: 0
(possible cdk46p3-cycdp1), layer: 0
(possible cdk46p1), layer: 0
(possible cdk2p1), layer: 0
(possible cdk2-cycb), layer: 0
(possible cdk2), layer: 0
(possible cdk1p1p2), layer: 0
(possible cdc25c), layer: 0
(possible c-abl), layer: 0
(possible ap2), layer: 0
(association-reaction ap2 ge-c ap2-ge-c), layer: 0
(synthesis-reaction ap2-ge-c ecadherin), layer: 0
(association-reaction c-abl prb c-abl-prb), layer: 0
(association-reaction c-abl prbp1 c-abl-prbp1), layer: 0
(association-reaction c-abl prbp1p2 c-abl-prbp1p2), layer: 0
(association-reaction c-abl prbp2 c-abl-prbp2), layer: 0
(catalyzed-association-reaction cdc25c cdk1p3-cyca cdc25cp1), layer: 0
(catalyzed-association-reaction cdc25c cdk1p3-cycb cdc25cp1), layer: 0
(catalyzed-association-reaction cdc25c chk1 cdc25cp2), layer: 0
(catalyzed-association-reaction cdc25c c-tak1 cdc25cp2), layer: 0
(catalyzed-association-reaction cdc25cp1 chk1 cdc25cp1p2), layer: 0
(catalyzed-association-reaction cdc25cp1 c-tak1 cdc25cp1p2), layer: 0
(catalyzed-association-reaction cdc25cp2 cdk1p3-cyca cdc25cp1p2), layer: 0
(catalyzed-association-reaction cdc25cp2 cdk1p3-cycb cdc25cp1p2), layer: 0
(catalyzed-association-reaction cdc25cp2 plk1 cdc25cp1p2), layer: 0
(catalyzed-association-reaction cdc25c plk1 cdc25cp1), layer: 0
(catalyzed-association-reaction cdk1 cdk7-cych cdk1p3), layer: 0
(association-reaction cdk1 cks1 cdk1-cks1), layer: 0
(association-reaction cdk1 gadd45 cdk1-gadd45), layer: 0
(catalyzed-association-reaction cdk1p1 cdc25cp1 cdk1), layer: 0
(catalyzed-association-reaction cdk1p1 cdc25cp1p2 cdk1), layer: 0
(catalyzed-association-reaction cdk1p1 cdk7-cych cdk1p1p3), layer: 0
(association-reaction cdk1p1 cks1 cdk1p1-cks1), layer: 0
(association-reaction cdk1p1 gadd45 cdk1p1-gadd45), layer: 0
(catalyzed-association-reaction cdk1p1p2 cdc25cp1 cdk1p1), layer: 0
(catalyzed-association-reaction cdk1p1p2 cdc25cp1 cdk1p2), layer: 0
(catalyzed-association-reaction cdk1p1p2 cdc25cp1p2 cdk1p1), layer: 0
(catalyzed-association-reaction cdk1p1p2 cdc25cp1p2 cdk1p2), layer: 0
(catalyzed-association-reaction cdk1p1p2 cdk7-cych cdk1p1p2p3), layer: 0
(association-reaction cdk1p1p2 cks1 cdk1p1p2-cks1), layer: 0
(association-reaction cdk1p1p2 gadd45 cdk1p1p2-gadd45), layer: 0
(catalyzed-association-reaction cdk1p1p2p3 cdc25cp1 cdk1p1p3), layer: 0
(catalyzed-association-reaction cdk1p1p2p3 cdc25cp1 cdk1p2p3), layer: 0
(catalyzed-association-reaction cdk1p1p2p3 cdc25cp1p2 cdk1p1p3), layer: 0
(catalyzed-association-reaction cdk1p1p2p3 cdc25cp1p2 cdk1p2p3), layer: 0
(association-reaction cdk1p1p2p3 cks1 cdk1p1p2p3-cks1), layer: 0
(catalyzed-association-reaction cdk1p1p2p3-cyca cdc25cp1 cdk1p1p3-cyca), layer: 0
(catalyzed-association-reaction cdk1p1p2p3-cyca cdc25cp1 cdk1p2p3-cyca), layer: 0
(catalyzed-association-reaction cdk1p1p2p3-cyca cdc25cp1p2 cdk1p1p3-cyca), layer: 0
(catalyzed-association-reaction cdk1p1p2p3-cyca cdc25cp1p2 cdk1p2p3-cyca), layer: 0
(association-reaction cdk1p1p2p3 cyca cdk1p1p2p3-cyca), layer: 0
(catalyzed-association-reaction cdk1p1p2p3-cycb cdc25cp1 cdk1p1p3-cycb), layer: 0
(catalyzed-association-reaction cdk1p1p2p3-cycb cdc25cp1 cdk1p2p3-cycb), layer: 0
(catalyzed-association-reaction cdk1p1p2p3-cycb cdc25cp1p2 cdk1p1p3-cycb), layer: 0
(catalyzed-association-reaction cdk1p1p2p3-cycb cdc25cp1p2 cdk1p2p3-cycb), layer: 0
(association-reaction cdk1p1p2p3 cycb cdk1p1p2p3-cycb), layer: 0
(association-reaction cdk1p1p2p3 gadd45 cdk1p1p2p3-gadd45), layer: 0
(catalyzed-association-reaction cdk1p1p3 cdc25cp1 cdk1p3), layer: 0
(catalyzed-association-reaction cdk1p1p3 cdc25cp1p2 cdk1p3), layer: 0
(association-reaction cdk1p1p3 cks1 cdk1p1p3-cks1), layer: 0
(catalyzed-association-reaction cdk1p1p3-cyca cdc25cp1 cdk1p3-cyca), layer: 0
(catalyzed-association-reaction cdk1p1p3-cyca cdc25cp1p2 cdk1p3-cyca), layer: 0
(association-reaction cdk1p1p3 cyca cdk1p1p3-cyca), layer: 0
(catalyzed-association-reaction cdk1p1p3-cyca wee1 cdk1p1p2p3-cyca), layer: 0
(catalyzed-association-reaction cdk1p1p3-cycb cdc25cp1 cdk1p3-cycb), layer: 0
(catalyzed-association-reaction cdk1p1p3-cycb cdc25cp1p2 cdk1p3-cycb), layer: 0
(association-reaction cdk1p1p3 cycb cdk1p1p3-cycb), layer: 0
(catalyzed-association-reaction cdk1p1p3-cycb wee1 cdk1p1p2p3-cycb), layer: 0
(association-reaction cdk1p1p3 gadd45 cdk1p1p3-gadd45), layer: 0
(catalyzed-association-reaction cdk1p2 cdc25cp1 cdk1), layer: 0
(catalyzed-association-reaction cdk1p2 cdc25cp1p2 cdk1), layer: 0
(catalyzed-association-reaction cdk1p2 cdk7-cych cdk1p2p3), layer: 0
(association-reaction cdk1p2 cks1 cdk1p2-cks1), layer: 0
(association-reaction cdk1p2 gadd45 cdk1p2-gadd45), layer: 0
(catalyzed-association-reaction cdk1p2p3 cdc25cp1 cdk1p3), layer: 0
(catalyzed-association-reaction cdk1p2p3 cdc25cp1p2 cdk1p3), layer: 0
(association-reaction cdk1p2p3 cks1 cdk1p2p3-cks1), layer: 0
(catalyzed-association-reaction cdk1p2p3-cyca cdc25cp1 cdk1p3-cyca), layer: 0
(catalyzed-association-reaction cdk1p2p3-cyca cdc25cp1p2 cdk1p3-cyca), layer: 0
(association-reaction cdk1p2p3 cyca cdk1p2p3-cyca), layer: 0
(catalyzed-association-reaction cdk1p2p3-cycb cdc25cp1 cdk1p3-cycb), layer: 0
(catalyzed-association-reaction cdk1p2p3-cycb cdc25cp1p2 cdk1p3-cycb), layer: 0
(association-reaction cdk1p2p3 cycb cdk1p2p3-cycb), layer: 0
(association-reaction cdk1p2p3 gadd45 cdk1p2p3-gadd45), layer: 0
(association-reaction cdk1p3 cks1 cdk1p3-cks1), layer: 0
(association-reaction cdk1p3 cyca cdk1p3-cyca), layer: 0
(catalyzed-association-reaction cdk1p3-cyca wee1 cdk1p2p3-cyca), layer: 0
(association-reaction cdk1p3 cycb cdk1p3-cycb), layer: 0
(catalyzed-association-reaction cdk1p3-cycb wee1 cdk1p2p3-cycb), layer: 0
(association-reaction cdk1p3 gadd45 cdk1p3-gadd45), layer: 0
(catalyzed-association-reaction cdk2 cdk7-cych cdk2p2), layer: 0
(association-reaction cdk2 cks1 cdk2-cks1), layer: 0
(association-reaction cdk2 cyca cdk2-cyca), layer: 0
(catalyzed-association-reaction cdk2-cyca cdk7-cych cdk2p2-cyca), layer: 0
(association-reaction cdk2-cyca e2f13 cdk2-cyca-e2f13), layer: 0
(association-reaction cdk2-cyca e2f13p1 cdk2-cyca-e2f13p1), layer: 0
(catalyzed-association-reaction cdk2-cyca wee1 cdk2p1-cyca), layer: 0
(catalyzed-association-reaction cdk2-cycb wee1 cdk2p1-cycb), layer: 0
(association-reaction cdk2 cyce cdk2-cyce), layer: 0
(catalyzed-association-reaction cdk2-cyce cdk7-cych cdk2p2-cyce), layer: 0
(association-reaction cdk2 cycep1 cdk2-cycep1), layer: 0
(catalyzed-association-reaction cdk2-cycep1 cdk7-cych cdk2p2-cycep1), layer: 0
(catalyzed-association-reaction cdk2p1 cdk7-cych cdk2p1p2), layer: 0
(association-reaction cdk2p1 cks1 cdk2p1-cks1), layer: 0
(association-reaction cdk2p1 cyca cdk2p1-cyca), layer: 0
(catalyzed-association-reaction cdk2p1-cyca cdk7-cych cdk2p1p2-cyca), layer: 0
(association-reaction cdk2p1-cyca e2f13 cdk2p1-cyca-e2f13), layer: 0
(association-reaction cdk2p1-cyca e2f13p1 cdk2p1-cyca-e2f13p1), layer: 0
(association-reaction cdk2p1 cyce cdk2p1-cyce), layer: 0
(catalyzed-association-reaction cdk2p1-cyce cdk7-cych cdk2p1p2-cyce), layer: 0
(association-reaction cdk2p1 cycep1 cdk2p1-cycep1), layer: 0
(catalyzed-association-reaction cdk2p1-cycep1 cdk7-cych cdk2p1p2-cycep1), layer: 0
(association-reaction cdk2p1p2 cks1 cdk2p1p2-cks1), layer: 0
(association-reaction cdk2p1p2 cyca cdk2p1p2-cyca), layer: 0
(association-reaction cdk2p1p2-cyca e2f13 cdk2p1p2-cyca-e2f13), layer: 0
(association-reaction cdk2p1p2-cyca e2f13p1 cdk2p1p2-cyca-e2f13p1), layer: 0
(association-reaction cdk2p1p2 cyce cdk2p1p2-cyce), layer: 0
(association-reaction cdk2p1p2 cycep1 cdk2p1p2-cycep1), layer: 0
(association-reaction cdk2p2 cks1 cdk2p2-cks1), layer: 0
(association-reaction cdk2p2 cyca cdk2p2-cyca), layer: 0
(association-reaction cdk2p2-cyca e2f13 cdk2p2-cyca-e2f13), layer: 0
(association-reaction cdk2p2-cyca e2f13p1 cdk2p2-cyca-e2f13p1), layer: 0
(catalyzed-association-reaction cdk2p2-cyca wee1 cdk2p1p2-cyca), layer: 0
(association-reaction cdk2p2 cyce cdk2p2-cyce), layer: 0
(association-reaction cdk2p2 cycep1 cdk2p2-cycep1), layer: 0
(catalyzed-association-reaction cdk46p1 cdk7-cych cdk46p1p2), layer: 0
(association-reaction cdk46p1 cycd cdk46p1-cycd), layer: 0
(catalyzed-association-reaction cdk46p1-cycd cdk7-cych cdk46p1p2-cycd), layer: 0
(association-reaction cdk46p1 cycdp1 cdk46p1-cycdp1), layer: 0
(catalyzed-association-reaction cdk46p1-cycdp1 cdk7-cych cdk46p1p2-cycdp1), layer: 0
(association-reaction cdk46p1p2 cycd cdk46p1p2-cycd), layer: 0
(association-reaction cdk46p1p2 cycdp1 cdk46p1p2-cycdp1), layer: 0
(catalyzed-association-reaction cdk7 cdk7-cych cdk7p1), layer: 0
(association-reaction cdk7 cych cdk7-cych), layer: 0
(catalyzed-association-reaction cdk7-cych cdk7-cych cdk7p1-cych), layer: 0
(association-reaction cdk7p1 cych cdk7p1-cych), layer: 0
(association-reaction cebp prb cebp-prb), layer: 0
(association-reaction cebp prbp1 cebp-prbp1), layer: 0
(association-reaction cebp prbp1p2 cebp-prbp1p2), layer: 0
(association-reaction cebp prbp2 cebp-prbp2), layer: 0
(association-reaction c-myc ap2 c-myc-ap2), layer: 0
(catalyzed-association-reaction cyca skp2p1-skp1 skp2p1-skp1), layer: 0
(catalyzed-association-reaction cyca skp2p1-skp1p1 skp2p1-skp1p1), layer: 0
(catalyzed-association-reaction cyca skp2-skp1 skp2-skp1), layer: 0
(catalyzed-association-reaction cyca skp2-skp1p1 skp2-skp1p1), layer: 0
(catalyzed-association-reaction cyce cdk2p2-cyce cycep1), layer: 0
(catalyzed-association-reaction cyce cdk2p2-cycep1 cycep1), layer: 0
(catalyzed-association-reaction dp12 cdk2p2-cyca dp12p1), layer: 0
(catalyzed-association-reaction e2f13 cdk2p2-cyca e2f13p1), layer: 0
(synthesis-reaction e2f13-dp12-ge2 c-myc), layer: 0
(synthesis-reaction e2f13-dp12-ge2 cyca), layer: 0
(synthesis-reaction e2f13-dp12-ge2 cycd), layer: 0
(synthesis-reaction e2f13-dp12-ge2 cycdp1), layer: 0
(synthesis-reaction e2f13-dp12-ge2 cyce), layer: 0
(synthesis-reaction e2f13-dp12-ge2 cycep1), layer: 0
(association-reaction e2f13-dp12 ge2 e2f13-dp12-ge2), layer: 0
(synthesis-reaction e2f13-dp12-ge2 p107), layer: 0
(synthesis-reaction e2f13-dp12-ge2 p107p1), layer: 0
(synthesis-reaction e2f13-dp12-ge2 p19arf), layer: 0
(synthesis-reaction e2f13-dp12-ge2 pol), layer: 0
(association-reaction e2f1 dp12 e2f1-dp12), layer: 0
(association-reaction e2f3 dp12 e2f3-dp12), layer: 0
(association-reaction e2f4 dp12 e2f4-dp12), layer: 0
(synthesis-reaction e2f4-dp12-ge2 c-myc), layer: 0
(synthesis-reaction e2f4-dp12-ge2 cyca), layer: 0
(synthesis-reaction e2f4-dp12-ge2 cycd), layer: 0
(synthesis-reaction e2f4-dp12-ge2 cycdp1), layer: 0
(synthesis-reaction e2f4-dp12-ge2 cyce), layer: 0
(synthesis-reaction e2f4-dp12-ge2 cycep1), layer: 0
(association-reaction e2f4-dp12 ge2 e2f4-dp12-ge2), layer: 0
(synthesis-reaction e2f4-dp12-ge2 p107), layer: 0
(synthesis-reaction e2f4-dp12-ge2 p107p1), layer: 0
(synthesis-reaction e2f4-dp12-ge2 p19arf), layer: 0
(synthesis-reaction e2f4-dp12-ge2 pol), layer: 0
(association-reaction e2f6 dp12 e2f6-dp12), layer: 0
(association-reaction e2f6-dp12 ge2 e2f6-dp12-ge2), layer: 0
(association-reaction hbp1 p130 hbp1-p130), layer: 0
(association-reaction hdac1-p107-e2f4p1-dp12 ge2 hdac1-p107-e2f4p1-dp12-ge2), layer: 0
(association-reaction hdac1-p130-e2f4p1-dp12 ge2 hdac1-p130-e2f4p1-dp12-ge2), layer: 0
(association-reaction hdac1-prbp1-e2f13p1-dp12 ge2 hdac1-prbp1-e2f13p1-dp12-ge2), layer: 0
(association-reaction hdac1-prbp1-e2f4-dp12 ge2 hdac1-prbp1-e2f4-dp12-ge2), layer: 0
(association-reaction m1433 cdc25cp1p2 m1433-cdc25cp1p2), layer: 0
(association-reaction m1433 cdc25cp2 m1433-cdc25cp2), layer: 0
(association-reaction mdm2 e2f13-dp12 mdm2-e2f13-dp12), layer: 0
(association-reaction mdm2 e2f13p1-dp12p1 mdm2-e2f13p1-dp12p1), layer: 0
(association-reaction mdm2 prb mdm2-prb), layer: 0
(association-reaction mdm2 prbp1 mdm2-prbp1), layer: 0
(association-reaction mdm2 prbp1p2 mdm2-prbp1p2), layer: 0
(association-reaction mdm2 prbp2 mdm2-prbp2), layer: 0
(association-reaction p107-e2f4-dp12 ge2 p107-e2f4-dp12-ge2), layer: 0
(association-reaction p107 e2f4-dp12 p107-e2f4-dp12), layer: 0
(association-reaction p107-e2f4-dp12p1 ge2 p107-e2f4-dp12p1-ge2), layer: 0
(association-reaction p107 e2f4-dp12p1 p107-e2f4-dp12p1), layer: 0
(association-reaction p130-e2f4-dp12 ge2 p130-e2f4-dp12-ge2), layer: 0
(association-reaction p130 e2f4-dp12 p130-e2f4-dp12), layer: 0
(association-reaction p130-e2f4-dp12p1 ge2 p130-e2f4-dp12p1-ge2), layer: 0
(association-reaction p130 e2f4-dp12p1 p130-e2f4-dp12p1), layer: 0
(association-reaction p16 cdk46p1 p16-cdk46p1), layer: 0
(association-reaction p16 cdk46p1p2 p16-cdk46p1p2), layer: 0
(association-reaction p16 cdk7 p16-cdk7), layer: 0
(association-reaction p16 cdk7p1 p16-cdk7p1), layer: 0
(association-reaction p21 cdk2-cyca p21-cdk2-cyca), layer: 0
(association-reaction p21 cdk2-cycep1 p21-cdk2-cycep1), layer: 0
(association-reaction p21 cdk2-cyce p21-cdk2-cyce), layer: 0
(association-reaction p21 cdk2p1-cyca p21-cdk2p1-cyca), layer: 0
(association-reaction p21 cdk2p1-cycep1 p21-cdk2p1-cycep1), layer: 0
(association-reaction p21 cdk2p1-cyce p21-cdk2p1-cyce), layer: 0
(association-reaction p21 cdk2p1p2-cyca p21-cdk2p1p2-cyca), layer: 0
(association-reaction p21 cdk2p1p2-cycep1 p21-cdk2p1p2-cycep1), layer: 0
(association-reaction p21 cdk2p1p2-cyce p21-cdk2p1p2-cyce), layer: 0
(association-reaction p21 cdk2p2-cyca p21-cdk2p2-cyca), layer: 0
(association-reaction p21 cdk2p2-cycep1 p21-cdk2p2-cycep1), layer: 0
(association-reaction p21 cdk2p2-cyce p21-cdk2p2-cyce), layer: 0
(association-reaction p21 cdk46p1-cycdp1 p21-cdk46p1-cycdp1), layer: 0
(association-reaction p21 cdk46p1-cycd p21-cdk46p1-cycd), layer: 0
(association-reaction p21 cdk46p1p2-cycdp1 p21-cdk46p1p2-cycdp1), layer: 0
(association-reaction p21 cdk46p1p2-cycd p21-cdk46p1p2-cycd), layer: 0
(association-reaction p21 gadd45 p21-gadd45), layer: 0
(association-reaction p27 cdk2-cyca p27-cdk2-cyca), layer: 0
(association-reaction p27 cdk2-cycep1 p27-cdk2-cycep1), layer: 0
(association-reaction p27 cdk2-cyce p27-cdk2-cyce), layer: 0
(association-reaction p27 cdk2p1-cyca p27-cdk2p1-cyca), layer: 0
(association-reaction p27 cdk2p1-cycep1 p27-cdk2p1-cycep1), layer: 0
(association-reaction p27 cdk2p1-cyce p27-cdk2p1-cyce), layer: 0
(association-reaction p27 cdk2p1p2-cyca p27-cdk2p1p2-cyca), layer: 0
(association-reaction p27 cdk2p1p2-cycep1 p27-cdk2p1p2-cycep1), layer: 0
(association-reaction p27 cdk2p1p2-cyce p27-cdk2p1p2-cyce), layer: 0
(association-reaction p27 cdk2p2-cyca p27-cdk2p2-cyca), layer: 0
(association-reaction p27 cdk2p2-cycep1 p27-cdk2p2-cycep1), layer: 0
(catalyzed-association-reaction p27 cdk2p2-cycep1 p27p1), layer: 0
(association-reaction p27 cdk2p2-cyce p27-cdk2p2-cyce), layer: 0
(catalyzed-association-reaction p27 cdk2p2-cyce p27p1), layer: 0
(association-reaction p27 cdk46p1-cycdp1 p27-cdk46p1-cycdp1), layer: 0
(association-reaction p27 cdk46p1-cycd p27-cdk46p1-cycd), layer: 0
(association-reaction p27 cdk46p1p2-cycdp1 p27-cdk46p1p2-cycdp1), layer: 0
(association-reaction p27 cdk46p1p2-cycd p27-cdk46p1p2-cycd), layer: 0
(association-reaction p27p1 cdk2-cyca p27p1-cdk2-cyca), layer: 0
(association-reaction p27p1 cdk2-cycep1 p27p1-cdk2-cycep1), layer: 0
(association-reaction p27p1 cdk2-cyce p27p1-cdk2-cyce), layer: 0
(association-reaction p27p1 cdk2p1-cyca p27p1-cdk2p1-cyca), layer: 0
(association-reaction p27p1 cdk2p1-cycep1 p27p1-cdk2p1-cycep1), layer: 0
(association-reaction p27p1 cdk2p1-cyce p27p1-cdk2p1-cyce), layer: 0
(association-reaction p27p1 cdk2p1p2-cyca p27p1-cdk2p1p2-cyca), layer: 0
(association-reaction p27p1 cdk2p1p2-cycep1 p27p1-cdk2p1p2-cycep1), layer: 0
(association-reaction p27p1 cdk2p1p2-cyce p27p1-cdk2p1p2-cyce), layer: 0
(association-reaction p27p1 cdk2p2-cyca p27p1-cdk2p2-cyca), layer: 0
(association-reaction p27p1 cdk2p2-cycep1 p27p1-cdk2p2-cycep1), layer: 0
(association-reaction p27p1 cdk2p2-cyce p27p1-cdk2p2-cyce), layer: 0
(association-reaction p27p1 cdk46p1-cycdp1 p27p1-cdk46p1-cycdp1), layer: 0
(association-reaction p27p1 cdk46p1-cycd p27p1-cdk46p1-cycd), layer: 0
(association-reaction p27p1 cdk46p1p2-cycdp1 p27p1-cdk46p1p2-cycdp1), layer: 0
(association-reaction p27p1 cdk46p1p2-cycd p27p1-cdk46p1p2-cycd), layer: 0
(synthesis-reaction p53 c-fos), layer: 0
(association-reaction p53 dp12p1 p53-dp12p1), layer: 0
(association-reaction p53 dp12 p53-dp12), layer: 0
(synthesis-reaction p53 gadd45), layer: 0
(synthesis-reaction p53 mdm2), layer: 0
(synthesis-reaction p53p1 c-fos), layer: 0
(association-reaction p53p1 dp12p1 p53p1-dp12p1), layer: 0
(association-reaction p53p1 dp12 p53p1-dp12), layer: 0
(synthesis-reaction p53p1 gadd45), layer: 0
(synthesis-reaction p53p1 mdm2), layer: 0
(synthesis-reaction p53p1 p21), layer: 0
(synthesis-reaction p53 p21), layer: 0
(association-reaction p57 cdk2-cyca p57-cdk2-cyca), layer: 0
(association-reaction p57 cdk2-cycep1 p57-cdk2-cycep1), layer: 0
(association-reaction p57 cdk2-cyce p57-cdk2-cyce), layer: 0
(association-reaction p57 cdk2p1-cyca p57-cdk2p1-cyca), layer: 0
(association-reaction p57 cdk2p1-cycep1 p57-cdk2p1-cycep1), layer: 0
(association-reaction p57 cdk2p1-cyce p57-cdk2p1-cyce), layer: 0
(association-reaction p57 cdk2p1p2-cyca p57-cdk2p1p2-cyca), layer: 0
(association-reaction p57 cdk2p1p2-cycep1 p57-cdk2p1p2-cycep1), layer: 0
(association-reaction p57 cdk2p1p2-cyce p57-cdk2p1p2-cyce), layer: 0
(association-reaction p57 cdk2p2-cyca p57-cdk2p2-cyca), layer: 0
(association-reaction p57 cdk2p2-cycep1 p57-cdk2p2-cycep1), layer: 0
(association-reaction p57 cdk2p2-cyce p57-cdk2p2-cyce), layer: 0
(association-reaction p57 cdk46p1-cycdp1 p57-cdk46p1-cycdp1), layer: 0
(association-reaction p57 cdk46p1-cycd p57-cdk46p1-cycd), layer: 0
(association-reaction p57 cdk46p1p2-cycdp1 p57-cdk46p1p2-cycdp1), layer: 0
(association-reaction p57 cdk46p1p2-cycd p57-cdk46p1p2-cycd), layer: 0
(association-reaction p57p1 cdk46p1-cycdp1 p57p1-cdk46p1-cycdp1), layer: 0
(association-reaction p57p1 cdk46p1-cycd p57p1-cdk46p1-cycd), layer: 0
(association-reaction p57p1 cdk46p1p2-cycdp1 p57p1-cdk46p1p2-cycdp1), layer: 0
(association-reaction p57p1 cdk46p1p2-cycd p57p1-cdk46p1p2-cycd), layer: 0
(association-reaction pcaf p300 pcaf-p300), layer: 0
(synthesis-reaction prb-ap2-ge-c ecadherin), layer: 0
(association-reaction prb-ap2 ge-c prb-ap2-ge-c), layer: 0
(association-reaction prb ap2 prb-ap2), layer: 0
(catalyzed-association-reaction prb cdk46p3-cycdp1 prbp1), layer: 0
(association-reaction prb-e2f13-dp12 ge2 prb-e2f13-dp12-ge2), layer: 0
(association-reaction prb e2f13-dp12 prb-e2f13-dp12), layer: 0
(association-reaction prb-e2f13p1-dp12p1 ge2 prb-e2f13p1-dp12p1-ge2), layer: 0
(association-reaction prb e2f13p1-dp12p1 prb-e2f13p1-dp12p1), layer: 0
(association-reaction prb-e2f4-dp12 ge2 prb-e2f4-dp12-ge2), layer: 0
(association-reaction prb e2f4-dp12p1 prb-e2f4-dp12p1), layer: 0
(association-reaction prb e2f4-dp12 prb-e2f4-dp12), layer: 0
(association-reaction prb-e2f4p1-dp12 ge2 prb-e2f4p1-dp12-ge2), layer: 0
(synthesis-reaction prbp1-ap2-ge-c ecadherin), layer: 0
(association-reaction prbp1-ap2 ge-c prbp1-ap2-ge-c), layer: 0
(association-reaction prbp1 ap2 prbp1-ap2), layer: 0
(catalyzed-association-reaction prbp1 cdk2p2-cycep1 prbp1p2), layer: 0
(catalyzed-association-reaction prbp1 cdk2p2-cyce prbp1p2), layer: 0
(association-reaction prbp1-e2f13-dp12 ge2 prbp1-e2f13-dp12-ge2), layer: 0
(association-reaction prbp1 e2f13-dp12 prbp1-e2f13-dp12), layer: 0
(association-reaction prbp1-e2f13p1-dp12p1 ge2 prbp1-e2f13p1-dp12p1-ge2), layer: 0
(association-reaction prbp1 e2f13p1-dp12p1 prbp1-e2f13p1-dp12p1), layer: 0
(association-reaction prbp1-e2f4-dp12 ge2 prbp1-e2f4-dp12-ge2), layer: 0
(association-reaction prbp1 e2f4-dp12p1 prbp1-e2f4-dp12p1), layer: 0
(association-reaction prbp1 e2f4-dp12 prbp1-e2f4-dp12), layer: 0
(association-reaction prbp1-e2f4p1-dp12 ge2 prbp1-e2f4p1-dp12-ge2), layer: 0
(synthesis-reaction prbp1p2-ap2-ge-c ecadherin), layer: 0
(association-reaction prbp1p2-ap2 ge-c prbp1p2-ap2-ge-c), layer: 0
(association-reaction prbp1p2 ap2 prbp1p2-ap2), layer: 0
(synthesis-reaction prbp2-ap2-ge-c ecadherin), layer: 0
(association-reaction prbp2-ap2 ge-c prbp2-ap2-ge-c), layer: 0
(association-reaction prbp2 ap2 prbp2-ap2), layer: 0
(catalyzed-association-reaction prbp2 cdk46p3-cycdp1 prbp1p2), layer: 0
(association-reaction rpa cyca rpa-cyca), layer: 0
(catalyzed-association-reaction skp1 cdk2p2-cyca skp1p1), layer: 0
(association-reaction skp2 cdk2-cyca skp2-cdk2-cyca), layer: 0
(association-reaction skp2 cdk2p1-cyca skp2-cdk2p1-cyca), layer: 0
(association-reaction skp2 cdk2p1p2-cyca skp2-cdk2p1p2-cyca), layer: 0
(association-reaction skp2 cdk2p2-cyca skp2-cdk2p2-cyca), layer: 0
(catalyzed-association-reaction skp2 cdk2p2-cyca skp2p1), layer: 0
(association-reaction skp2p1 skp1p1 skp2p1-skp1p1), layer: 0
(association-reaction skp2p1 skp1 skp2p1-skp1), layer: 0
(association-reaction skp2-skp1 cdk2-cyca skp2-skp1-cdk2-cyca), layer: 0
(association-reaction skp2-skp1 cdk2p1-cyca skp2-skp1-cdk2p1-cyca), layer: 0
(association-reaction skp2-skp1 cdk2p1p2-cyca skp2-skp1-cdk2p1p2-cyca), layer: 0
(association-reaction skp2-skp1 cdk2p2-cyca skp2-skp1-cdk2p2-cyca), layer: 0
(association-reaction skp2-skp1p1 cdk2-cyca skp2-skp1p1-cdk2-cyca), layer: 0
(association-reaction skp2-skp1p1 cdk2p1-cyca skp2-skp1p1-cdk2p1-cyca), layer: 0
(association-reaction skp2-skp1p1 cdk2p1p2-cyca skp2-skp1p1-cdk2p1p2-cyca), layer: 0
(association-reaction skp2-skp1p1 cdk2p2-cyca skp2-skp1p1-cdk2p2-cyca), layer: 0
(association-reaction skp2 skp1p1 skp2-skp1p1), layer: 0
(association-reaction skp2 skp1 skp2-skp1), layer: 0
(association-reaction sp1 e2f13p1 sp1-e2f13p1), layer: 0
(association-reaction sp1 e2f13 sp1-e2f13), layer: 0
(association-reaction sp1 p107p1 sp1-p107p1), layer: 0
(association-reaction sp1 p107 sp1-p107), layer: 0
(catalyzed-association-reaction wee1 cdk1p3-cyca wee1p1), layer: 0
(catalyzed-association-reaction wee1 cdk1p3-cycb wee1p1), layer: 0
(next l1 l0), layer: 0
(next l2 l1), layer: 0
(next l3 l2), layer: 0
(next l4 l3), layer: 0
(next l5 l4), layer: 0
(next l6 l5), layer: 0
(next l7 l6), layer: 0
(next l8 l7), layer: 0
(next l9 l8), layer: 0
(next l10 l9), layer: 0
(next l11 l10), layer: 0
(next l12 l11), layer: 0
(next l13 l12), layer: 0
(next l14 l13), layer: 0
(next l15 l14), layer: 0
(next l16 l15), layer: 0
(next l17 l16), layer: 0
(next l18 l17), layer: 0
(next l19 l18), layer: 0
(next l20 l19), layer: 0
(next l21 l20), layer: 0
