Irrelevant vars [130/385]:
  var54: (available ap2-ge-c) (none-of-those)
  var56: (available c-abl-prb) (none-of-those)
  var57: (available c-abl-prbp1) (none-of-those)
  var58: (available c-abl-prbp1p2) (none-of-those)
  var59: (available c-abl-prbp2) (none-of-those)
  var60: (available c-fos) (none-of-those)
  var62: (available c-myc-ap2) (none-of-those)
  var69: (available cdk1-cks1) (none-of-those)
  var70: (available cdk1-gadd45) (none-of-those)
  var72: (available cdk1p1-cks1) (none-of-those)
  var73: (available cdk1p1-gadd45) (none-of-those)
  var75: (available cdk1p1p2-cks1) (none-of-those)
  var76: (available cdk1p1p2-gadd45) (none-of-those)
  var78: (available cdk1p1p2p3-cks1) (none-of-those)
  var81: (available cdk1p1p2p3-gadd45) (none-of-those)
  var83: (available cdk1p1p3-cks1) (none-of-those)
  var86: (available cdk1p1p3-gadd45) (none-of-those)
  var88: (available cdk1p2-cks1) (none-of-those)
  var89: (available cdk1p2-gadd45) (none-of-those)
  var94: (available cdk1p2p3-gadd45) (none-of-those)
  var101: (available cdk2-cks1) (none-of-those)
  var103: (available cdk2-cyca-e2f13) (none-of-those)
  var105: (available cdk2-cycb) (none-of-those)
  var109: (available cdk2p1-cks1) (none-of-those)
  var111: (available cdk2p1-cyca-e2f13) (none-of-those)
  var113: (available cdk2p1-cycb) (none-of-those)
  var117: (available cdk2p1p2-cks1) (none-of-those)
  var124: (available cdk2p2-cks1) (none-of-those)
  var126: (available cdk2p2-cyca-e2f13) (none-of-those)
  var140: (available cdk7p1-cych) (none-of-those)
  var142: (available cebp-prb) (none-of-those)
  var143: (available cebp-prbp1) (none-of-those)
  var144: (available cebp-prbp1p2) (none-of-those)
  var145: (available cebp-prbp2) (none-of-those)
  var158: (available e2f1-dp12) (none-of-those)
  var165: (available e2f3-dp12) (none-of-those)
  var172: (available e2f6-dp12-ge2) (none-of-those)
  var173: (available ecadherin) (none-of-those)
  var178: (available hbp1-p130) (none-of-those)
  var180: (available hdac1-p107-e2f4p1-dp12-ge2) (none-of-those)
  var182: (available hdac1-p130-e2f4p1-dp12-ge2) (none-of-those)
  var184: (available hdac1-prbp1-e2f13p1-dp12-ge2) (none-of-those)
  var186: (available hdac1-prbp1-e2f4-dp12-ge2) (none-of-those)
  var188: (available m1433-cdc25cp1p2) (none-of-those)
  var189: (available m1433-cdc25cp2) (none-of-those)
  var191: (available mdm2-e2f13-dp12) (none-of-those)
  var192: (available mdm2-e2f13p1-dp12p1) (none-of-those)
  var193: (available mdm2-prb) (none-of-those)
  var195: (available mdm2-prbp1p2) (none-of-those)
  var196: (available mdm2-prbp2) (none-of-those)
  var199: (available p107-e2f4-dp12-ge2) (none-of-those)
  var201: (available p107-e2f4-dp12p1-ge2) (none-of-those)
  var205: (available p130-e2f4-dp12-ge2) (none-of-those)
  var207: (available p130-e2f4-dp12p1-ge2) (none-of-those)
  var209: (available p16-cdk46p1) (none-of-those)
  var210: (available p16-cdk46p1p2) (none-of-those)
  var211: (available p16-cdk7) (none-of-those)
  var213: (available p19arf) (none-of-those)
  var215: (available p21-cdk2-cyca) (none-of-those)
  var216: (available p21-cdk2-cyce) (none-of-those)
  var218: (available p21-cdk2p1-cyca) (none-of-those)
  var220: (available p21-cdk2p1-cycep1) (none-of-those)
  var222: (available p21-cdk2p1p2-cyce) (none-of-those)
  var223: (available p21-cdk2p1p2-cycep1) (none-of-those)
  var225: (available p21-cdk2p2-cyce) (none-of-those)
  var226: (available p21-cdk2p2-cycep1) (none-of-those)
  var227: (available p21-cdk46p1-cycd) (none-of-those)
  var228: (available p21-cdk46p1-cycdp1) (none-of-those)
  var229: (available p21-cdk46p1p2-cycd) (none-of-those)
  var230: (available p21-cdk46p1p2-cycdp1) (none-of-those)
  var231: (available p21-gadd45) (none-of-those)
  var233: (available p27-cdk2-cyca) (none-of-those)
  var234: (available p27-cdk2-cyce) (none-of-those)
  var235: (available p27-cdk2-cycep1) (none-of-those)
  var236: (available p27-cdk2p1-cyca) (none-of-those)
  var237: (available p27-cdk2p1-cyce) (none-of-those)
  var239: (available p27-cdk2p1p2-cyca) (none-of-those)
  var240: (available p27-cdk2p1p2-cyce) (none-of-those)
  var241: (available p27-cdk2p1p2-cycep1) (none-of-those)
  var243: (available p27-cdk2p2-cyce) (none-of-those)
  var244: (available p27-cdk2p2-cycep1) (none-of-those)
  var245: (available p27-cdk46p1-cycd) (none-of-those)
  var247: (available p27-cdk46p1p2-cycd) (none-of-those)
  var248: (available p27-cdk46p1p2-cycdp1) (none-of-those)
  var266: (available p300) (none-of-those)
  var268: (available p53-dp12) (none-of-those)
  var269: (available p53-dp12p1) (none-of-those)
  var271: (available p53p1-dp12) (none-of-those)
  var274: (available p57-cdk2-cyca) (none-of-those)
  var275: (available p57-cdk2-cyce) (none-of-those)
  var276: (available p57-cdk2-cycep1) (none-of-those)
  var277: (available p57-cdk2p1-cyca) (none-of-those)
  var278: (available p57-cdk2p1-cyce) (none-of-those)
  var279: (available p57-cdk2p1-cycep1) (none-of-those)
  var280: (available p57-cdk2p1p2-cyca) (none-of-those)
  var281: (available p57-cdk2p1p2-cyce) (none-of-those)
  var282: (available p57-cdk2p1p2-cycep1) (none-of-those)
  var283: (available p57-cdk2p2-cyca) (none-of-those)
  var284: (available p57-cdk2p2-cyce) (none-of-those)
  var285: (available p57-cdk2p2-cycep1) (none-of-those)
  var286: (available p57-cdk46p1-cycd) (none-of-those)
  var287: (available p57-cdk46p1-cycdp1) (none-of-those)
  var288: (available p57-cdk46p1p2-cycd) (none-of-those)
  var289: (available p57-cdk46p1p2-cycdp1) (none-of-those)
  var291: (available p57p1-cdk46p1-cycd) (none-of-those)
  var292: (available p57p1-cdk46p1-cycdp1) (none-of-those)
  var293: (available p57p1-cdk46p1p2-cycd) (none-of-those)
  var295: (available pcaf) (none-of-those)
  var296: (available pcaf-p300) (none-of-those)
  var298: (available pol) (none-of-those)
  var301: (available prb-ap2-ge-c) (none-of-those)
  var303: (available prb-e2f13-dp12-ge2) (none-of-those)
  var305: (available prb-e2f13p1-dp12p1-ge2) (none-of-those)
  var307: (available prb-e2f4-dp12-ge2) (none-of-those)
  var308: (available prb-e2f4-dp12p1) (none-of-those)
  var310: (available prb-e2f4p1-dp12-ge2) (none-of-those)
  var315: (available prbp1-e2f13-dp12-ge2) (none-of-those)
  var319: (available prbp1-e2f4-dp12-ge2) (none-of-those)
  var320: (available prbp1-e2f4-dp12p1) (none-of-those)
  var322: (available prbp1-e2f4p1-dp12-ge2) (none-of-those)
  var325: (available prbp1p2-ap2-ge-c) (none-of-those)
  var328: (available prbp2-ap2-ge-c) (none-of-those)
  var330: (available rpa-cyca) (none-of-those)
  var334: (available skp2-cdk2-cyca) (none-of-those)
  var335: (available skp2-cdk2p1-cyca) (none-of-those)
  var340: (available skp2-skp1-cdk2p1-cyca) (none-of-those)
  var341: (available skp2-skp1-cdk2p1p2-cyca) (none-of-those)
  var342: (available skp2-skp1-cdk2p2-cyca) (none-of-those)
  var352: (available sp1-e2f13) (none-of-those)
  var355: (available sp1-p107p1) (none-of-those)
Irrelevant ops [16/1530]:
  (associate pcaf p300 pcaf-p300)
  (associate-with-catalyze cdk2-cycb wee1 cdk2p1-cycb)
  (initialize cdk2-cycb)
  (initialize p300)
  (initialize pcaf)
  (synthesize ap2-ge-c ecadherin)
  (synthesize e2f13-dp12-ge2 p19arf)
  (synthesize e2f13-dp12-ge2 pol)
  (synthesize e2f4-dp12-ge2 p19arf)
  (synthesize e2f4-dp12-ge2 pol)
  (synthesize p53 c-fos)
  (synthesize p53p1 c-fos)
  (synthesize prb-ap2-ge-c ecadherin)
  (synthesize prbp1-ap2-ge-c ecadherin)
  (synthesize prbp1p2-ap2-ge-c ecadherin)
  (synthesize prbp2-ap2-ge-c ecadherin)
